
 binary compare test, test bit stream is Adobe_PDF_sample_a_1024x768_50Frms.264

bit stream is Adobe_PDF_sample_a_1024x768_50Frms.264

TestYUVName is  Adobe_PDF_sample_a_1024x768_50Frms.264_x.yuv
StreamName  is  Adobe_PDF_sample_a_1024x768_50Frms.264
SHA1Table   is  Adobe_PDF_sample_a_1024x768_50Frms.264_AllCases_SHA1_Table.csv

[31m    Failed! Adobe_PDF_sample_a_1024x768_50Frms.264_x.yuv Case Index 0:SHA-1(Current--Benchmark): NULL-----897cd39507acb835d5dbbac7d43f4973f8c960ff  [0m
[31m            ----YUVSHA1:  NULL,  9aa9a4d9598eb3e1093311826844f37c43e4c521  [0m
[31m           Aborted(Cannot enlarge memory arrays to size 19111936 bytes (OOM). Either (1) compile with -sINITIAL_MEMORY=X with X higher than the current value 16777216, (2) compile with -sALLOW_MEMORY_GROWTH which allows increasing the size at runtime, or (3) if you want malloc to return NULL (0) instead of this abort, compile with -sABORTING_MALLOC=0)
/home/test/workspace/openh264/test/encoder_binary_comparison/AllTestData/Adobe_PDF_sample_a_1024x768_50Frms.264/h264enc.js:167
      throw ex;
      ^

RuntimeError: Aborted(Cannot enlarge memory arrays to size 19111936 bytes (OOM). Either (1) compile with -sINITIAL_MEMORY=X with X higher than the current value 16777216, (2) compile with -sALLOW_MEMORY_GROWTH which allows increasing the size at runtime, or (3) if you want malloc to return NULL (0) instead of this abort, compile with -sABORTING_MALLOC=0)
    at abort (/home/test/workspace/openh264/test/encoder_binary_comparison/AllTestData/Adobe_PDF_sample_a_1024x768_50Frms.264/h264enc.js:1031:11)
    at abortOnCannotGrowMemory (/home/test/workspace/openh264/test/encoder_binary_comparison/AllTestData/Adobe_PDF_sample_a_1024x768_50Frms.264/h264enc.js:4914:7)
    at _emscripten_resize_heap (/home/test/workspace/openh264/test/encoder_binary_comparison/AllTestData/Adobe_PDF_sample_a_1024x768_50Frms.264/h264enc.js:4919:7)
    at wasm://wasm/00265406:wasm-function[1133]:0x705f0
    at wasm://wasm/00265406:wasm-function[1121]:0x6e28d
    at wasm://wasm/00265406:wasm-function[775]:0x60eb2
    at wasm://wasm/00265406:wasm-function[357]:0x2e8f3
    at wasm://wasm/00265406:wasm-function[363]:0x2f261
    at wasm://wasm/00265406:wasm-function[555]:0x407f3
    at wasm://wasm/00265406:wasm-function[554]:0x405bd   [0m
[31m    Failed! Adobe_PDF_sample_a_1024x768_50Frms.264_x.yuv Case Index 1:SHA-1(Current--Benchmark): NULL-----897cd39507acb835d5dbbac7d43f4973f8c960ff  [0m
[31m            ----YUVSHA1:  NULL,  9aa9a4d9598eb3e1093311826844f37c43e4c521  [0m
[31m           Aborted(Cannot enlarge memory arrays to size 19111936 bytes (OOM). Either (1) compile with -sINITIAL_MEMORY=X with X higher than the current value 16777216, (2) compile with -sALLOW_MEMORY_GROWTH which allows increasing the size at runtime, or (3) if you want malloc to return NULL (0) instead of this abort, compile with -sABORTING_MALLOC=0)
/home/test/workspace/openh264/test/encoder_binary_comparison/AllTestData/Adobe_PDF_sample_a_1024x768_50Frms.264/h264enc.js:167
      throw ex;
      ^

RuntimeError: Aborted(Cannot enlarge memory arrays to size 19111936 bytes (OOM). Either (1) compile with -sINITIAL_MEMORY=X with X higher than the current value 16777216, (2) compile with -sALLOW_MEMORY_GROWTH which allows increasing the size at runtime, or (3) if you want malloc to return NULL (0) instead of this abort, compile with -sABORTING_MALLOC=0)
    at abort (/home/test/workspace/openh264/test/encoder_binary_comparison/AllTestData/Adobe_PDF_sample_a_1024x768_50Frms.264/h264enc.js:1031:11)
    at abortOnCannotGrowMemory (/home/test/workspace/openh264/test/encoder_binary_comparison/AllTestData/Adobe_PDF_sample_a_1024x768_50Frms.264/h264enc.js:4914:7)
    at _emscripten_resize_heap (/home/test/workspace/openh264/test/encoder_binary_comparison/AllTestData/Adobe_PDF_sample_a_1024x768_50Frms.264/h264enc.js:4919:7)
    at wasm://wasm/00265406:wasm-function[1133]:0x705f0
    at wasm://wasm/00265406:wasm-function[1121]:0x6e28d
    at wasm://wasm/00265406:wasm-function[775]:0x60eb2
    at wasm://wasm/00265406:wasm-function[357]:0x2e8f3
    at wasm://wasm/00265406:wasm-function[363]:0x2f261
    at wasm://wasm/00265406:wasm-function[555]:0x407f3
    at wasm://wasm/00265406:wasm-function[554]:0x405bd   [0m
[31m    Failed! Adobe_PDF_sample_a_1024x768_50Frms.264_x.yuv Case Index 2:SHA-1(Current--Benchmark): NULL-----897cd39507acb835d5dbbac7d43f4973f8c960ff  [0m
[31m            ----YUVSHA1:  NULL,  9aa9a4d9598eb3e1093311826844f37c43e4c521  [0m
[31m           Aborted(Cannot enlarge memory arrays to size 19111936 bytes (OOM). Either (1) compile with -sINITIAL_MEMORY=X with X higher than the current value 16777216, (2) compile with -sALLOW_MEMORY_GROWTH which allows increasing the size at runtime, or (3) if you want malloc to return NULL (0) instead of this abort, compile with -sABORTING_MALLOC=0)
/home/test/workspace/openh264/test/encoder_binary_comparison/AllTestData/Adobe_PDF_sample_a_1024x768_50Frms.264/h264enc.js:167
      throw ex;
      ^

RuntimeError: Aborted(Cannot enlarge memory arrays to size 19111936 bytes (OOM). Either (1) compile with -sINITIAL_MEMORY=X with X higher than the current value 16777216, (2) compile with -sALLOW_MEMORY_GROWTH which allows increasing the size at runtime, or (3) if you want malloc to return NULL (0) instead of this abort, compile with -sABORTING_MALLOC=0)
    at abort (/home/test/workspace/openh264/test/encoder_binary_comparison/AllTestData/Adobe_PDF_sample_a_1024x768_50Frms.264/h264enc.js:1031:11)
    at abortOnCannotGrowMemory (/home/test/workspace/openh264/test/encoder_binary_comparison/AllTestData/Adobe_PDF_sample_a_1024x768_50Frms.264/h264enc.js:4914:7)
    at _emscripten_resize_heap (/home/test/workspace/openh264/test/encoder_binary_comparison/AllTestData/Adobe_PDF_sample_a_1024x768_50Frms.264/h264enc.js:4919:7)
    at wasm://wasm/00265406:wasm-function[1133]:0x705f0
    at wasm://wasm/00265406:wasm-function[1121]:0x6e28d
    at wasm://wasm/00265406:wasm-function[775]:0x60eb2
    at wasm://wasm/00265406:wasm-function[357]:0x2e8f3
    at wasm://wasm/00265406:wasm-function[363]:0x2f261
    at wasm://wasm/00265406:wasm-function[555]:0x407f3
    at wasm://wasm/00265406:wasm-function[554]:0x405bd   [0m
[31m    Failed! Adobe_PDF_sample_a_1024x768_50Frms.264_x.yuv Case Index 3:SHA-1(Current--Benchmark): NULL-----897cd39507acb835d5dbbac7d43f4973f8c960ff  [0m
[31m            ----YUVSHA1:  NULL,  9aa9a4d9598eb3e1093311826844f37c43e4c521  [0m
[31m           Aborted(Cannot enlarge memory arrays to size 19111936 bytes (OOM). Either (1) compile with -sINITIAL_MEMORY=X with X higher than the current value 16777216, (2) compile with -sALLOW_MEMORY_GROWTH which allows increasing the size at runtime, or (3) if you want malloc to return NULL (0) instead of this abort, compile with -sABORTING_MALLOC=0)
/home/test/workspace/openh264/test/encoder_binary_comparison/AllTestData/Adobe_PDF_sample_a_1024x768_50Frms.264/h264enc.js:167
      throw ex;
      ^

RuntimeError: Aborted(Cannot enlarge memory arrays to size 19111936 bytes (OOM). Either (1) compile with -sINITIAL_MEMORY=X with X higher than the current value 16777216, (2) compile with -sALLOW_MEMORY_GROWTH which allows increasing the size at runtime, or (3) if you want malloc to return NULL (0) instead of this abort, compile with -sABORTING_MALLOC=0)
    at abort (/home/test/workspace/openh264/test/encoder_binary_comparison/AllTestData/Adobe_PDF_sample_a_1024x768_50Frms.264/h264enc.js:1031:11)
    at abortOnCannotGrowMemory (/home/test/workspace/openh264/test/encoder_binary_comparison/AllTestData/Adobe_PDF_sample_a_1024x768_50Frms.264/h264enc.js:4914:7)
    at _emscripten_resize_heap (/home/test/workspace/openh264/test/encoder_binary_comparison/AllTestData/Adobe_PDF_sample_a_1024x768_50Frms.264/h264enc.js:4919:7)
    at wasm://wasm/00265406:wasm-function[1133]:0x705f0
    at wasm://wasm/00265406:wasm-function[1121]:0x6e28d
    at wasm://wasm/00265406:wasm-function[775]:0x60eb2
    at wasm://wasm/00265406:wasm-function[357]:0x2e8f3
    at wasm://wasm/00265406:wasm-function[363]:0x2f261
    at wasm://wasm/00265406:wasm-function[555]:0x407f3
    at wasm://wasm/00265406:wasm-function[554]:0x405bd   [0m
[31m    Failed! Adobe_PDF_sample_a_1024x768_50Frms.264_x.yuv Case Index 4:SHA-1(Current--Benchmark): NULL-----897cd39507acb835d5dbbac7d43f4973f8c960ff  [0m
[31m            ----YUVSHA1:  NULL,  9aa9a4d9598eb3e1093311826844f37c43e4c521  [0m
[31m           Aborted(Cannot enlarge memory arrays to size 19111936 bytes (OOM). Either (1) compile with -sINITIAL_MEMORY=X with X higher than the current value 16777216, (2) compile with -sALLOW_MEMORY_GROWTH which allows increasing the size at runtime, or (3) if you want malloc to return NULL (0) instead of this abort, compile with -sABORTING_MALLOC=0)
/home/test/workspace/openh264/test/encoder_binary_comparison/AllTestData/Adobe_PDF_sample_a_1024x768_50Frms.264/h264enc.js:167
      throw ex;
      ^

RuntimeError: Aborted(Cannot enlarge memory arrays to size 19111936 bytes (OOM). Either (1) compile with -sINITIAL_MEMORY=X with X higher than the current value 16777216, (2) compile with -sALLOW_MEMORY_GROWTH which allows increasing the size at runtime, or (3) if you want malloc to return NULL (0) instead of this abort, compile with -sABORTING_MALLOC=0)
    at abort (/home/test/workspace/openh264/test/encoder_binary_comparison/AllTestData/Adobe_PDF_sample_a_1024x768_50Frms.264/h264enc.js:1031:11)
    at abortOnCannotGrowMemory (/home/test/workspace/openh264/test/encoder_binary_comparison/AllTestData/Adobe_PDF_sample_a_1024x768_50Frms.264/h264enc.js:4914:7)
    at _emscripten_resize_heap (/home/test/workspace/openh264/test/encoder_binary_comparison/AllTestData/Adobe_PDF_sample_a_1024x768_50Frms.264/h264enc.js:4919:7)
    at wasm://wasm/00265406:wasm-function[1133]:0x705f0
    at wasm://wasm/00265406:wasm-function[1121]:0x6e28d
    at wasm://wasm/00265406:wasm-function[775]:0x60eb2
    at wasm://wasm/00265406:wasm-function[357]:0x2e8f3
    at wasm://wasm/00265406:wasm-function[363]:0x2f261
    at wasm://wasm/00265406:wasm-function[555]:0x407f3
    at wasm://wasm/00265406:wasm-function[554]:0x405bd   [0m
[31m    Failed! Adobe_PDF_sample_a_1024x768_50Frms.264_x.yuv Case Index 5:SHA-1(Current--Benchmark): NULL-----897cd39507acb835d5dbbac7d43f4973f8c960ff  [0m
[31m            ----YUVSHA1:  NULL,  9aa9a4d9598eb3e1093311826844f37c43e4c521  [0m
[31m           Aborted(Cannot enlarge memory arrays to size 19111936 bytes (OOM). Either (1) compile with -sINITIAL_MEMORY=X with X higher than the current value 16777216, (2) compile with -sALLOW_MEMORY_GROWTH which allows increasing the size at runtime, or (3) if you want malloc to return NULL (0) instead of this abort, compile with -sABORTING_MALLOC=0)
/home/test/workspace/openh264/test/encoder_binary_comparison/AllTestData/Adobe_PDF_sample_a_1024x768_50Frms.264/h264enc.js:167
      throw ex;
      ^

RuntimeError: Aborted(Cannot enlarge memory arrays to size 19111936 bytes (OOM). Either (1) compile with -sINITIAL_MEMORY=X with X higher than the current value 16777216, (2) compile with -sALLOW_MEMORY_GROWTH which allows increasing the size at runtime, or (3) if you want malloc to return NULL (0) instead of this abort, compile with -sABORTING_MALLOC=0)
    at abort (/home/test/workspace/openh264/test/encoder_binary_comparison/AllTestData/Adobe_PDF_sample_a_1024x768_50Frms.264/h264enc.js:1031:11)
    at abortOnCannotGrowMemory (/home/test/workspace/openh264/test/encoder_binary_comparison/AllTestData/Adobe_PDF_sample_a_1024x768_50Frms.264/h264enc.js:4914:7)
    at _emscripten_resize_heap (/home/test/workspace/openh264/test/encoder_binary_comparison/AllTestData/Adobe_PDF_sample_a_1024x768_50Frms.264/h264enc.js:4919:7)
    at wasm://wasm/00265406:wasm-function[1133]:0x705f0
    at wasm://wasm/00265406:wasm-function[1121]:0x6e28d
    at wasm://wasm/00265406:wasm-function[775]:0x60eb2
    at wasm://wasm/00265406:wasm-function[357]:0x2e8f3
    at wasm://wasm/00265406:wasm-function[363]:0x2f261
    at wasm://wasm/00265406:wasm-function[555]:0x407f3
    at wasm://wasm/00265406:wasm-function[554]:0x405bd   [0m
[31m    Failed! Adobe_PDF_sample_a_1024x768_50Frms.264_x.yuv Case Index 6:SHA-1(Current--Benchmark): NULL-----897cd39507acb835d5dbbac7d43f4973f8c960ff  [0m
[31m            ----YUVSHA1:  NULL,  9aa9a4d9598eb3e1093311826844f37c43e4c521  [0m
[31m           Aborted(Cannot enlarge memory arrays to size 19111936 bytes (OOM). Either (1) compile with -sINITIAL_MEMORY=X with X higher than the current value 16777216, (2) compile with -sALLOW_MEMORY_GROWTH which allows increasing the size at runtime, or (3) if you want malloc to return NULL (0) instead of this abort, compile with -sABORTING_MALLOC=0)
/home/test/workspace/openh264/test/encoder_binary_comparison/AllTestData/Adobe_PDF_sample_a_1024x768_50Frms.264/h264enc.js:167
      throw ex;
      ^

RuntimeError: Aborted(Cannot enlarge memory arrays to size 19111936 bytes (OOM). Either (1) compile with -sINITIAL_MEMORY=X with X higher than the current value 16777216, (2) compile with -sALLOW_MEMORY_GROWTH which allows increasing the size at runtime, or (3) if you want malloc to return NULL (0) instead of this abort, compile with -sABORTING_MALLOC=0)
    at abort (/home/test/workspace/openh264/test/encoder_binary_comparison/AllTestData/Adobe_PDF_sample_a_1024x768_50Frms.264/h264enc.js:1031:11)
    at abortOnCannotGrowMemory (/home/test/workspace/openh264/test/encoder_binary_comparison/AllTestData/Adobe_PDF_sample_a_1024x768_50Frms.264/h264enc.js:4914:7)
    at _emscripten_resize_heap (/home/test/workspace/openh264/test/encoder_binary_comparison/AllTestData/Adobe_PDF_sample_a_1024x768_50Frms.264/h264enc.js:4919:7)
    at wasm://wasm/00265406:wasm-function[1133]:0x705f0
    at wasm://wasm/00265406:wasm-function[1121]:0x6e28d
    at wasm://wasm/00265406:wasm-function[775]:0x60eb2
    at wasm://wasm/00265406:wasm-function[357]:0x2e8f3
    at wasm://wasm/00265406:wasm-function[363]:0x2f261
    at wasm://wasm/00265406:wasm-function[555]:0x407f3
    at wasm://wasm/00265406:wasm-function[554]:0x405bd   [0m
[31m    Failed! Adobe_PDF_sample_a_1024x768_50Frms.264_x.yuv Case Index 7:SHA-1(Current--Benchmark): NULL-----897cd39507acb835d5dbbac7d43f4973f8c960ff  [0m
[31m            ----YUVSHA1:  NULL,  9aa9a4d9598eb3e1093311826844f37c43e4c521  [0m
[31m           Aborted(Cannot enlarge memory arrays to size 19111936 bytes (OOM). Either (1) compile with -sINITIAL_MEMORY=X with X higher than the current value 16777216, (2) compile with -sALLOW_MEMORY_GROWTH which allows increasing the size at runtime, or (3) if you want malloc to return NULL (0) instead of this abort, compile with -sABORTING_MALLOC=0)
/home/test/workspace/openh264/test/encoder_binary_comparison/AllTestData/Adobe_PDF_sample_a_1024x768_50Frms.264/h264enc.js:167
      throw ex;
      ^

RuntimeError: Aborted(Cannot enlarge memory arrays to size 19111936 bytes (OOM). Either (1) compile with -sINITIAL_MEMORY=X with X higher than the current value 16777216, (2) compile with -sALLOW_MEMORY_GROWTH which allows increasing the size at runtime, or (3) if you want malloc to return NULL (0) instead of this abort, compile with -sABORTING_MALLOC=0)
    at abort (/home/test/workspace/openh264/test/encoder_binary_comparison/AllTestData/Adobe_PDF_sample_a_1024x768_50Frms.264/h264enc.js:1031:11)
    at abortOnCannotGrowMemory (/home/test/workspace/openh264/test/encoder_binary_comparison/AllTestData/Adobe_PDF_sample_a_1024x768_50Frms.264/h264enc.js:4914:7)
    at _emscripten_resize_heap (/home/test/workspace/openh264/test/encoder_binary_comparison/AllTestData/Adobe_PDF_sample_a_1024x768_50Frms.264/h264enc.js:4919:7)
    at wasm://wasm/00265406:wasm-function[1133]:0x705f0
    at wasm://wasm/00265406:wasm-function[1121]:0x6e28d
    at wasm://wasm/00265406:wasm-function[775]:0x60eb2
    at wasm://wasm/00265406:wasm-function[357]:0x2e8f3
    at wasm://wasm/00265406:wasm-function[363]:0x2f261
    at wasm://wasm/00265406:wasm-function[555]:0x407f3
    at wasm://wasm/00265406:wasm-function[554]:0x405bd   [0m
[31m    Failed! Adobe_PDF_sample_a_1024x768_50Frms.264_x.yuv Case Index 8:SHA-1(Current--Benchmark): NULL-----897cd39507acb835d5dbbac7d43f4973f8c960ff  [0m
[31m            ----YUVSHA1:  NULL,  9aa9a4d9598eb3e1093311826844f37c43e4c521  [0m
[31m           Aborted(Cannot enlarge memory arrays to size 19111936 bytes (OOM). Either (1) compile with -sINITIAL_MEMORY=X with X higher than the current value 16777216, (2) compile with -sALLOW_MEMORY_GROWTH which allows increasing the size at runtime, or (3) if you want malloc to return NULL (0) instead of this abort, compile with -sABORTING_MALLOC=0)
/home/test/workspace/openh264/test/encoder_binary_comparison/AllTestData/Adobe_PDF_sample_a_1024x768_50Frms.264/h264enc.js:167
      throw ex;
      ^

RuntimeError: Aborted(Cannot enlarge memory arrays to size 19111936 bytes (OOM). Either (1) compile with -sINITIAL_MEMORY=X with X higher than the current value 16777216, (2) compile with -sALLOW_MEMORY_GROWTH which allows increasing the size at runtime, or (3) if you want malloc to return NULL (0) instead of this abort, compile with -sABORTING_MALLOC=0)
    at abort (/home/test/workspace/openh264/test/encoder_binary_comparison/AllTestData/Adobe_PDF_sample_a_1024x768_50Frms.264/h264enc.js:1031:11)
    at abortOnCannotGrowMemory (/home/test/workspace/openh264/test/encoder_binary_comparison/AllTestData/Adobe_PDF_sample_a_1024x768_50Frms.264/h264enc.js:4914:7)
    at _emscripten_resize_heap (/home/test/workspace/openh264/test/encoder_binary_comparison/AllTestData/Adobe_PDF_sample_a_1024x768_50Frms.264/h264enc.js:4919:7)
    at wasm://wasm/00265406:wasm-function[1133]:0x705f0
    at wasm://wasm/00265406:wasm-function[1121]:0x6e28d
    at wasm://wasm/00265406:wasm-function[775]:0x60eb2
    at wasm://wasm/00265406:wasm-function[357]:0x2e8f3
    at wasm://wasm/00265406:wasm-function[363]:0x2f261
    at wasm://wasm/00265406:wasm-function[555]:0x407f3
    at wasm://wasm/00265406:wasm-function[554]:0x405bd   [0m
[31m    Failed! Adobe_PDF_sample_a_1024x768_50Frms.264_x.yuv Case Index 9:SHA-1(Current--Benchmark): NULL-----897cd39507acb835d5dbbac7d43f4973f8c960ff  [0m
[31m            ----YUVSHA1:  NULL,  9aa9a4d9598eb3e1093311826844f37c43e4c521  [0m
[31m           Aborted(Cannot enlarge memory arrays to size 19111936 bytes (OOM). Either (1) compile with -sINITIAL_MEMORY=X with X higher than the current value 16777216, (2) compile with -sALLOW_MEMORY_GROWTH which allows increasing the size at runtime, or (3) if you want malloc to return NULL (0) instead of this abort, compile with -sABORTING_MALLOC=0)
/home/test/workspace/openh264/test/encoder_binary_comparison/AllTestData/Adobe_PDF_sample_a_1024x768_50Frms.264/h264enc.js:167
      throw ex;
      ^

RuntimeError: Aborted(Cannot enlarge memory arrays to size 19111936 bytes (OOM). Either (1) compile with -sINITIAL_MEMORY=X with X higher than the current value 16777216, (2) compile with -sALLOW_MEMORY_GROWTH which allows increasing the size at runtime, or (3) if you want malloc to return NULL (0) instead of this abort, compile with -sABORTING_MALLOC=0)
    at abort (/home/test/workspace/openh264/test/encoder_binary_comparison/AllTestData/Adobe_PDF_sample_a_1024x768_50Frms.264/h264enc.js:1031:11)
    at abortOnCannotGrowMemory (/home/test/workspace/openh264/test/encoder_binary_comparison/AllTestData/Adobe_PDF_sample_a_1024x768_50Frms.264/h264enc.js:4914:7)
    at _emscripten_resize_heap (/home/test/workspace/openh264/test/encoder_binary_comparison/AllTestData/Adobe_PDF_sample_a_1024x768_50Frms.264/h264enc.js:4919:7)
    at wasm://wasm/00265406:wasm-function[1133]:0x705f0
    at wasm://wasm/00265406:wasm-function[1121]:0x6e28d
    at wasm://wasm/00265406:wasm-function[775]:0x60eb2
    at wasm://wasm/00265406:wasm-function[357]:0x2e8f3
    at wasm://wasm/00265406:wasm-function[363]:0x2f261
    at wasm://wasm/00265406:wasm-function[555]:0x407f3
    at wasm://wasm/00265406:wasm-function[554]:0x405bd   [0m
[31m    Failed! Adobe_PDF_sample_a_1024x768_50Frms.264_x.yuv Case Index 10:SHA-1(Current--Benchmark): NULL-----897cd39507acb835d5dbbac7d43f4973f8c960ff  [0m
[31m            ----YUVSHA1:  NULL,  9aa9a4d9598eb3e1093311826844f37c43e4c521  [0m
[31m           Aborted(Cannot enlarge memory arrays to size 19111936 bytes (OOM). Either (1) compile with -sINITIAL_MEMORY=X with X higher than the current value 16777216, (2) compile with -sALLOW_MEMORY_GROWTH which allows increasing the size at runtime, or (3) if you want malloc to return NULL (0) instead of this abort, compile with -sABORTING_MALLOC=0)
/home/test/workspace/openh264/test/encoder_binary_comparison/AllTestData/Adobe_PDF_sample_a_1024x768_50Frms.264/h264enc.js:167
      throw ex;
      ^

RuntimeError: Aborted(Cannot enlarge memory arrays to size 19111936 bytes (OOM). Either (1) compile with -sINITIAL_MEMORY=X with X higher than the current value 16777216, (2) compile with -sALLOW_MEMORY_GROWTH which allows increasing the size at runtime, or (3) if you want malloc to return NULL (0) instead of this abort, compile with -sABORTING_MALLOC=0)
    at abort (/home/test/workspace/openh264/test/encoder_binary_comparison/AllTestData/Adobe_PDF_sample_a_1024x768_50Frms.264/h264enc.js:1031:11)
    at abortOnCannotGrowMemory (/home/test/workspace/openh264/test/encoder_binary_comparison/AllTestData/Adobe_PDF_sample_a_1024x768_50Frms.264/h264enc.js:4914:7)
    at _emscripten_resize_heap (/home/test/workspace/openh264/test/encoder_binary_comparison/AllTestData/Adobe_PDF_sample_a_1024x768_50Frms.264/h264enc.js:4919:7)
    at wasm://wasm/00265406:wasm-function[1133]:0x705f0
    at wasm://wasm/00265406:wasm-function[1121]:0x6e28d
    at wasm://wasm/00265406:wasm-function[775]:0x60eb2
    at wasm://wasm/00265406:wasm-function[357]:0x2e8f3
    at wasm://wasm/00265406:wasm-function[363]:0x2f261
    at wasm://wasm/00265406:wasm-function[555]:0x407f3
    at wasm://wasm/00265406:wasm-function[554]:0x405bd   [0m
[31m    Failed! Adobe_PDF_sample_a_1024x768_50Frms.264_x.yuv Case Index 11:SHA-1(Current--Benchmark): NULL-----897cd39507acb835d5dbbac7d43f4973f8c960ff  [0m
[31m            ----YUVSHA1:  NULL,  9aa9a4d9598eb3e1093311826844f37c43e4c521  [0m
[31m           Aborted(Cannot enlarge memory arrays to size 19111936 bytes (OOM). Either (1) compile with -sINITIAL_MEMORY=X with X higher than the current value 16777216, (2) compile with -sALLOW_MEMORY_GROWTH which allows increasing the size at runtime, or (3) if you want malloc to return NULL (0) instead of this abort, compile with -sABORTING_MALLOC=0)
/home/test/workspace/openh264/test/encoder_binary_comparison/AllTestData/Adobe_PDF_sample_a_1024x768_50Frms.264/h264enc.js:167
      throw ex;
      ^

RuntimeError: Aborted(Cannot enlarge memory arrays to size 19111936 bytes (OOM). Either (1) compile with -sINITIAL_MEMORY=X with X higher than the current value 16777216, (2) compile with -sALLOW_MEMORY_GROWTH which allows increasing the size at runtime, or (3) if you want malloc to return NULL (0) instead of this abort, compile with -sABORTING_MALLOC=0)
    at abort (/home/test/workspace/openh264/test/encoder_binary_comparison/AllTestData/Adobe_PDF_sample_a_1024x768_50Frms.264/h264enc.js:1031:11)
    at abortOnCannotGrowMemory (/home/test/workspace/openh264/test/encoder_binary_comparison/AllTestData/Adobe_PDF_sample_a_1024x768_50Frms.264/h264enc.js:4914:7)
    at _emscripten_resize_heap (/home/test/workspace/openh264/test/encoder_binary_comparison/AllTestData/Adobe_PDF_sample_a_1024x768_50Frms.264/h264enc.js:4919:7)
    at wasm://wasm/00265406:wasm-function[1133]:0x705f0
    at wasm://wasm/00265406:wasm-function[1121]:0x6e28d
    at wasm://wasm/00265406:wasm-function[775]:0x60eb2
    at wasm://wasm/00265406:wasm-function[357]:0x2e8f3
    at wasm://wasm/00265406:wasm-function[363]:0x2f261
    at wasm://wasm/00265406:wasm-function[555]:0x407f3
    at wasm://wasm/00265406:wasm-function[554]:0x405bd   [0m
[31m    Failed! Adobe_PDF_sample_a_1024x768_50Frms.264_x.yuv Case Index 12:SHA-1(Current--Benchmark): NULL-----897cd39507acb835d5dbbac7d43f4973f8c960ff  [0m
[31m            ----YUVSHA1:  NULL,  9aa9a4d9598eb3e1093311826844f37c43e4c521  [0m
[31m           Aborted(Cannot enlarge memory arrays to size 19111936 bytes (OOM). Either (1) compile with -sINITIAL_MEMORY=X with X higher than the current value 16777216, (2) compile with -sALLOW_MEMORY_GROWTH which allows increasing the size at runtime, or (3) if you want malloc to return NULL (0) instead of this abort, compile with -sABORTING_MALLOC=0)
/home/test/workspace/openh264/test/encoder_binary_comparison/AllTestData/Adobe_PDF_sample_a_1024x768_50Frms.264/h264enc.js:167
      throw ex;
      ^

RuntimeError: Aborted(Cannot enlarge memory arrays to size 19111936 bytes (OOM). Either (1) compile with -sINITIAL_MEMORY=X with X higher than the current value 16777216, (2) compile with -sALLOW_MEMORY_GROWTH which allows increasing the size at runtime, or (3) if you want malloc to return NULL (0) instead of this abort, compile with -sABORTING_MALLOC=0)
    at abort (/home/test/workspace/openh264/test/encoder_binary_comparison/AllTestData/Adobe_PDF_sample_a_1024x768_50Frms.264/h264enc.js:1031:11)
    at abortOnCannotGrowMemory (/home/test/workspace/openh264/test/encoder_binary_comparison/AllTestData/Adobe_PDF_sample_a_1024x768_50Frms.264/h264enc.js:4914:7)
    at _emscripten_resize_heap (/home/test/workspace/openh264/test/encoder_binary_comparison/AllTestData/Adobe_PDF_sample_a_1024x768_50Frms.264/h264enc.js:4919:7)
    at wasm://wasm/00265406:wasm-function[1133]:0x705f0
    at wasm://wasm/00265406:wasm-function[1121]:0x6e28d
    at wasm://wasm/00265406:wasm-function[775]:0x60eb2
    at wasm://wasm/00265406:wasm-function[357]:0x2e8f3
    at wasm://wasm/00265406:wasm-function[363]:0x2f261
    at wasm://wasm/00265406:wasm-function[555]:0x407f3
    at wasm://wasm/00265406:wasm-function[554]:0x405bd   [0m
[31m    Failed! Adobe_PDF_sample_a_1024x768_50Frms.264_x.yuv Case Index 13:SHA-1(Current--Benchmark): NULL-----897cd39507acb835d5dbbac7d43f4973f8c960ff  [0m
[31m            ----YUVSHA1:  NULL,  9aa9a4d9598eb3e1093311826844f37c43e4c521  [0m
[31m           Aborted(Cannot enlarge memory arrays to size 19111936 bytes (OOM). Either (1) compile with -sINITIAL_MEMORY=X with X higher than the current value 16777216, (2) compile with -sALLOW_MEMORY_GROWTH which allows increasing the size at runtime, or (3) if you want malloc to return NULL (0) instead of this abort, compile with -sABORTING_MALLOC=0)
/home/test/workspace/openh264/test/encoder_binary_comparison/AllTestData/Adobe_PDF_sample_a_1024x768_50Frms.264/h264enc.js:167
      throw ex;
      ^

RuntimeError: Aborted(Cannot enlarge memory arrays to size 19111936 bytes (OOM). Either (1) compile with -sINITIAL_MEMORY=X with X higher than the current value 16777216, (2) compile with -sALLOW_MEMORY_GROWTH which allows increasing the size at runtime, or (3) if you want malloc to return NULL (0) instead of this abort, compile with -sABORTING_MALLOC=0)
    at abort (/home/test/workspace/openh264/test/encoder_binary_comparison/AllTestData/Adobe_PDF_sample_a_1024x768_50Frms.264/h264enc.js:1031:11)
    at abortOnCannotGrowMemory (/home/test/workspace/openh264/test/encoder_binary_comparison/AllTestData/Adobe_PDF_sample_a_1024x768_50Frms.264/h264enc.js:4914:7)
    at _emscripten_resize_heap (/home/test/workspace/openh264/test/encoder_binary_comparison/AllTestData/Adobe_PDF_sample_a_1024x768_50Frms.264/h264enc.js:4919:7)
    at wasm://wasm/00265406:wasm-function[1133]:0x705f0
    at wasm://wasm/00265406:wasm-function[1121]:0x6e28d
    at wasm://wasm/00265406:wasm-function[775]:0x60eb2
    at wasm://wasm/00265406:wasm-function[357]:0x2e8f3
    at wasm://wasm/00265406:wasm-function[363]:0x2f261
    at wasm://wasm/00265406:wasm-function[555]:0x407f3
    at wasm://wasm/00265406:wasm-function[554]:0x405bd   [0m
[31m    Failed! Adobe_PDF_sample_a_1024x768_50Frms.264_x.yuv Case Index 14:SHA-1(Current--Benchmark): NULL-----897cd39507acb835d5dbbac7d43f4973f8c960ff  [0m
[31m            ----YUVSHA1:  NULL,  9aa9a4d9598eb3e1093311826844f37c43e4c521  [0m
[31m           Aborted(Cannot enlarge memory arrays to size 19111936 bytes (OOM). Either (1) compile with -sINITIAL_MEMORY=X with X higher than the current value 16777216, (2) compile with -sALLOW_MEMORY_GROWTH which allows increasing the size at runtime, or (3) if you want malloc to return NULL (0) instead of this abort, compile with -sABORTING_MALLOC=0)
/home/test/workspace/openh264/test/encoder_binary_comparison/AllTestData/Adobe_PDF_sample_a_1024x768_50Frms.264/h264enc.js:167
      throw ex;
      ^

RuntimeError: Aborted(Cannot enlarge memory arrays to size 19111936 bytes (OOM). Either (1) compile with -sINITIAL_MEMORY=X with X higher than the current value 16777216, (2) compile with -sALLOW_MEMORY_GROWTH which allows increasing the size at runtime, or (3) if you want malloc to return NULL (0) instead of this abort, compile with -sABORTING_MALLOC=0)
    at abort (/home/test/workspace/openh264/test/encoder_binary_comparison/AllTestData/Adobe_PDF_sample_a_1024x768_50Frms.264/h264enc.js:1031:11)
    at abortOnCannotGrowMemory (/home/test/workspace/openh264/test/encoder_binary_comparison/AllTestData/Adobe_PDF_sample_a_1024x768_50Frms.264/h264enc.js:4914:7)
    at _emscripten_resize_heap (/home/test/workspace/openh264/test/encoder_binary_comparison/AllTestData/Adobe_PDF_sample_a_1024x768_50Frms.264/h264enc.js:4919:7)
    at wasm://wasm/00265406:wasm-function[1133]:0x705f0
    at wasm://wasm/00265406:wasm-function[1121]:0x6e28d
    at wasm://wasm/00265406:wasm-function[775]:0x60eb2
    at wasm://wasm/00265406:wasm-function[357]:0x2e8f3
    at wasm://wasm/00265406:wasm-function[363]:0x2f261
    at wasm://wasm/00265406:wasm-function[555]:0x407f3
    at wasm://wasm/00265406:wasm-function[554]:0x405bd   [0m
[31m    Failed! Adobe_PDF_sample_a_1024x768_50Frms.264_x.yuv Case Index 15:SHA-1(Current--Benchmark): NULL-----897cd39507acb835d5dbbac7d43f4973f8c960ff  [0m
[31m            ----YUVSHA1:  NULL,  9aa9a4d9598eb3e1093311826844f37c43e4c521  [0m
[31m           Aborted(Cannot enlarge memory arrays to size 19111936 bytes (OOM). Either (1) compile with -sINITIAL_MEMORY=X with X higher than the current value 16777216, (2) compile with -sALLOW_MEMORY_GROWTH which allows increasing the size at runtime, or (3) if you want malloc to return NULL (0) instead of this abort, compile with -sABORTING_MALLOC=0)
/home/test/workspace/openh264/test/encoder_binary_comparison/AllTestData/Adobe_PDF_sample_a_1024x768_50Frms.264/h264enc.js:167
      throw ex;
      ^

RuntimeError: Aborted(Cannot enlarge memory arrays to size 19111936 bytes (OOM). Either (1) compile with -sINITIAL_MEMORY=X with X higher than the current value 16777216, (2) compile with -sALLOW_MEMORY_GROWTH which allows increasing the size at runtime, or (3) if you want malloc to return NULL (0) instead of this abort, compile with -sABORTING_MALLOC=0)
    at abort (/home/test/workspace/openh264/test/encoder_binary_comparison/AllTestData/Adobe_PDF_sample_a_1024x768_50Frms.264/h264enc.js:1031:11)
    at abortOnCannotGrowMemory (/home/test/workspace/openh264/test/encoder_binary_comparison/AllTestData/Adobe_PDF_sample_a_1024x768_50Frms.264/h264enc.js:4914:7)
    at _emscripten_resize_heap (/home/test/workspace/openh264/test/encoder_binary_comparison/AllTestData/Adobe_PDF_sample_a_1024x768_50Frms.264/h264enc.js:4919:7)
    at wasm://wasm/00265406:wasm-function[1133]:0x705f0
    at wasm://wasm/00265406:wasm-function[1121]:0x6e28d
    at wasm://wasm/00265406:wasm-function[775]:0x60eb2
    at wasm://wasm/00265406:wasm-function[357]:0x2e8f3
    at wasm://wasm/00265406:wasm-function[363]:0x2f261
    at wasm://wasm/00265406:wasm-function[555]:0x407f3
    at wasm://wasm/00265406:wasm-function[554]:0x405bd   [0m
[31m    Failed! Adobe_PDF_sample_a_1024x768_50Frms.264_x.yuv Case Index 16:SHA-1(Current--Benchmark): NULL-----1ee15760f207bec814ec69f7f0a423054885e138  [0m
[31m            ----YUVSHA1:  NULL,  9aa9a4d9598eb3e1093311826844f37c43e4c521  [0m
[31m           Aborted(Cannot enlarge memory arrays to size 19111936 bytes (OOM). Either (1) compile with -sINITIAL_MEMORY=X with X higher than the current value 16777216, (2) compile with -sALLOW_MEMORY_GROWTH which allows increasing the size at runtime, or (3) if you want malloc to return NULL (0) instead of this abort, compile with -sABORTING_MALLOC=0)
/home/test/workspace/openh264/test/encoder_binary_comparison/AllTestData/Adobe_PDF_sample_a_1024x768_50Frms.264/h264enc.js:167
      throw ex;
      ^

RuntimeError: Aborted(Cannot enlarge memory arrays to size 19111936 bytes (OOM). Either (1) compile with -sINITIAL_MEMORY=X with X higher than the current value 16777216, (2) compile with -sALLOW_MEMORY_GROWTH which allows increasing the size at runtime, or (3) if you want malloc to return NULL (0) instead of this abort, compile with -sABORTING_MALLOC=0)
    at abort (/home/test/workspace/openh264/test/encoder_binary_comparison/AllTestData/Adobe_PDF_sample_a_1024x768_50Frms.264/h264enc.js:1031:11)
    at abortOnCannotGrowMemory (/home/test/workspace/openh264/test/encoder_binary_comparison/AllTestData/Adobe_PDF_sample_a_1024x768_50Frms.264/h264enc.js:4914:7)
    at _emscripten_resize_heap (/home/test/workspace/openh264/test/encoder_binary_comparison/AllTestData/Adobe_PDF_sample_a_1024x768_50Frms.264/h264enc.js:4919:7)
    at wasm://wasm/00265406:wasm-function[1133]:0x705f0
    at wasm://wasm/00265406:wasm-function[1121]:0x6e28d
    at wasm://wasm/00265406:wasm-function[775]:0x60eb2
    at wasm://wasm/00265406:wasm-function[357]:0x2e8f3
    at wasm://wasm/00265406:wasm-function[363]:0x2f261
    at wasm://wasm/00265406:wasm-function[555]:0x407f3
    at wasm://wasm/00265406:wasm-function[554]:0x405bd   [0m
[31m    Failed! Adobe_PDF_sample_a_1024x768_50Frms.264_x.yuv Case Index 17:SHA-1(Current--Benchmark): NULL-----1ee15760f207bec814ec69f7f0a423054885e138  [0m
[31m            ----YUVSHA1:  NULL,  9aa9a4d9598eb3e1093311826844f37c43e4c521  [0m
[31m           Aborted(Cannot enlarge memory arrays to size 19111936 bytes (OOM). Either (1) compile with -sINITIAL_MEMORY=X with X higher than the current value 16777216, (2) compile with -sALLOW_MEMORY_GROWTH which allows increasing the size at runtime, or (3) if you want malloc to return NULL (0) instead of this abort, compile with -sABORTING_MALLOC=0)
/home/test/workspace/openh264/test/encoder_binary_comparison/AllTestData/Adobe_PDF_sample_a_1024x768_50Frms.264/h264enc.js:167
      throw ex;
      ^

RuntimeError: Aborted(Cannot enlarge memory arrays to size 19111936 bytes (OOM). Either (1) compile with -sINITIAL_MEMORY=X with X higher than the current value 16777216, (2) compile with -sALLOW_MEMORY_GROWTH which allows increasing the size at runtime, or (3) if you want malloc to return NULL (0) instead of this abort, compile with -sABORTING_MALLOC=0)
    at abort (/home/test/workspace/openh264/test/encoder_binary_comparison/AllTestData/Adobe_PDF_sample_a_1024x768_50Frms.264/h264enc.js:1031:11)
    at abortOnCannotGrowMemory (/home/test/workspace/openh264/test/encoder_binary_comparison/AllTestData/Adobe_PDF_sample_a_1024x768_50Frms.264/h264enc.js:4914:7)
    at _emscripten_resize_heap (/home/test/workspace/openh264/test/encoder_binary_comparison/AllTestData/Adobe_PDF_sample_a_1024x768_50Frms.264/h264enc.js:4919:7)
    at wasm://wasm/00265406:wasm-function[1133]:0x705f0
    at wasm://wasm/00265406:wasm-function[1121]:0x6e28d
    at wasm://wasm/00265406:wasm-function[775]:0x60eb2
    at wasm://wasm/00265406:wasm-function[357]:0x2e8f3
    at wasm://wasm/00265406:wasm-function[363]:0x2f261
    at wasm://wasm/00265406:wasm-function[555]:0x407f3
    at wasm://wasm/00265406:wasm-function[554]:0x405bd   [0m
[31m    Failed! Adobe_PDF_sample_a_1024x768_50Frms.264_x.yuv Case Index 18:SHA-1(Current--Benchmark): NULL-----1ee15760f207bec814ec69f7f0a423054885e138  [0m
[31m            ----YUVSHA1:  NULL,  9aa9a4d9598eb3e1093311826844f37c43e4c521  [0m
[31m           Aborted(Cannot enlarge memory arrays to size 19111936 bytes (OOM). Either (1) compile with -sINITIAL_MEMORY=X with X higher than the current value 16777216, (2) compile with -sALLOW_MEMORY_GROWTH which allows increasing the size at runtime, or (3) if you want malloc to return NULL (0) instead of this abort, compile with -sABORTING_MALLOC=0)
/home/test/workspace/openh264/test/encoder_binary_comparison/AllTestData/Adobe_PDF_sample_a_1024x768_50Frms.264/h264enc.js:167
      throw ex;
      ^

RuntimeError: Aborted(Cannot enlarge memory arrays to size 19111936 bytes (OOM). Either (1) compile with -sINITIAL_MEMORY=X with X higher than the current value 16777216, (2) compile with -sALLOW_MEMORY_GROWTH which allows increasing the size at runtime, or (3) if you want malloc to return NULL (0) instead of this abort, compile with -sABORTING_MALLOC=0)
    at abort (/home/test/workspace/openh264/test/encoder_binary_comparison/AllTestData/Adobe_PDF_sample_a_1024x768_50Frms.264/h264enc.js:1031:11)
    at abortOnCannotGrowMemory (/home/test/workspace/openh264/test/encoder_binary_comparison/AllTestData/Adobe_PDF_sample_a_1024x768_50Frms.264/h264enc.js:4914:7)
    at _emscripten_resize_heap (/home/test/workspace/openh264/test/encoder_binary_comparison/AllTestData/Adobe_PDF_sample_a_1024x768_50Frms.264/h264enc.js:4919:7)
    at wasm://wasm/00265406:wasm-function[1133]:0x705f0
    at wasm://wasm/00265406:wasm-function[1121]:0x6e28d
    at wasm://wasm/00265406:wasm-function[775]:0x60eb2
    at wasm://wasm/00265406:wasm-function[357]:0x2e8f3
    at wasm://wasm/00265406:wasm-function[363]:0x2f261
    at wasm://wasm/00265406:wasm-function[555]:0x407f3
    at wasm://wasm/00265406:wasm-function[554]:0x405bd   [0m
[31m    Failed! Adobe_PDF_sample_a_1024x768_50Frms.264_x.yuv Case Index 19:SHA-1(Current--Benchmark): NULL-----1ee15760f207bec814ec69f7f0a423054885e138  [0m
[31m            ----YUVSHA1:  NULL,  9aa9a4d9598eb3e1093311826844f37c43e4c521  [0m
[31m           Aborted(Cannot enlarge memory arrays to size 19111936 bytes (OOM). Either (1) compile with -sINITIAL_MEMORY=X with X higher than the current value 16777216, (2) compile with -sALLOW_MEMORY_GROWTH which allows increasing the size at runtime, or (3) if you want malloc to return NULL (0) instead of this abort, compile with -sABORTING_MALLOC=0)
/home/test/workspace/openh264/test/encoder_binary_comparison/AllTestData/Adobe_PDF_sample_a_1024x768_50Frms.264/h264enc.js:167
      throw ex;
      ^

RuntimeError: Aborted(Cannot enlarge memory arrays to size 19111936 bytes (OOM). Either (1) compile with -sINITIAL_MEMORY=X with X higher than the current value 16777216, (2) compile with -sALLOW_MEMORY_GROWTH which allows increasing the size at runtime, or (3) if you want malloc to return NULL (0) instead of this abort, compile with -sABORTING_MALLOC=0)
    at abort (/home/test/workspace/openh264/test/encoder_binary_comparison/AllTestData/Adobe_PDF_sample_a_1024x768_50Frms.264/h264enc.js:1031:11)
    at abortOnCannotGrowMemory (/home/test/workspace/openh264/test/encoder_binary_comparison/AllTestData/Adobe_PDF_sample_a_1024x768_50Frms.264/h264enc.js:4914:7)
    at _emscripten_resize_heap (/home/test/workspace/openh264/test/encoder_binary_comparison/AllTestData/Adobe_PDF_sample_a_1024x768_50Frms.264/h264enc.js:4919:7)
    at wasm://wasm/00265406:wasm-function[1133]:0x705f0
    at wasm://wasm/00265406:wasm-function[1121]:0x6e28d
    at wasm://wasm/00265406:wasm-function[775]:0x60eb2
    at wasm://wasm/00265406:wasm-function[357]:0x2e8f3
    at wasm://wasm/00265406:wasm-function[363]:0x2f261
    at wasm://wasm/00265406:wasm-function[555]:0x407f3
    at wasm://wasm/00265406:wasm-function[554]:0x405bd   [0m
[31m    Failed! Adobe_PDF_sample_a_1024x768_50Frms.264_x.yuv Case Index 20:SHA-1(Current--Benchmark): NULL-----1ee15760f207bec814ec69f7f0a423054885e138  [0m
[31m            ----YUVSHA1:  NULL,  9aa9a4d9598eb3e1093311826844f37c43e4c521  [0m
[31m           Aborted(Cannot enlarge memory arrays to size 19111936 bytes (OOM). Either (1) compile with -sINITIAL_MEMORY=X with X higher than the current value 16777216, (2) compile with -sALLOW_MEMORY_GROWTH which allows increasing the size at runtime, or (3) if you want malloc to return NULL (0) instead of this abort, compile with -sABORTING_MALLOC=0)
/home/test/workspace/openh264/test/encoder_binary_comparison/AllTestData/Adobe_PDF_sample_a_1024x768_50Frms.264/h264enc.js:167
      throw ex;
      ^

RuntimeError: Aborted(Cannot enlarge memory arrays to size 19111936 bytes (OOM). Either (1) compile with -sINITIAL_MEMORY=X with X higher than the current value 16777216, (2) compile with -sALLOW_MEMORY_GROWTH which allows increasing the size at runtime, or (3) if you want malloc to return NULL (0) instead of this abort, compile with -sABORTING_MALLOC=0)
    at abort (/home/test/workspace/openh264/test/encoder_binary_comparison/AllTestData/Adobe_PDF_sample_a_1024x768_50Frms.264/h264enc.js:1031:11)
    at abortOnCannotGrowMemory (/home/test/workspace/openh264/test/encoder_binary_comparison/AllTestData/Adobe_PDF_sample_a_1024x768_50Frms.264/h264enc.js:4914:7)
    at _emscripten_resize_heap (/home/test/workspace/openh264/test/encoder_binary_comparison/AllTestData/Adobe_PDF_sample_a_1024x768_50Frms.264/h264enc.js:4919:7)
    at wasm://wasm/00265406:wasm-function[1133]:0x705f0
    at wasm://wasm/00265406:wasm-function[1121]:0x6e28d
    at wasm://wasm/00265406:wasm-function[775]:0x60eb2
    at wasm://wasm/00265406:wasm-function[357]:0x2e8f3
    at wasm://wasm/00265406:wasm-function[363]:0x2f261
    at wasm://wasm/00265406:wasm-function[555]:0x407f3
    at wasm://wasm/00265406:wasm-function[554]:0x405bd   [0m
[31m    Failed! Adobe_PDF_sample_a_1024x768_50Frms.264_x.yuv Case Index 21:SHA-1(Current--Benchmark): NULL-----1ee15760f207bec814ec69f7f0a423054885e138  [0m
[31m            ----YUVSHA1:  NULL,  9aa9a4d9598eb3e1093311826844f37c43e4c521  [0m
[31m           Aborted(Cannot enlarge memory arrays to size 19111936 bytes (OOM). Either (1) compile with -sINITIAL_MEMORY=X with X higher than the current value 16777216, (2) compile with -sALLOW_MEMORY_GROWTH which allows increasing the size at runtime, or (3) if you want malloc to return NULL (0) instead of this abort, compile with -sABORTING_MALLOC=0)
/home/test/workspace/openh264/test/encoder_binary_comparison/AllTestData/Adobe_PDF_sample_a_1024x768_50Frms.264/h264enc.js:167
      throw ex;
      ^

RuntimeError: Aborted(Cannot enlarge memory arrays to size 19111936 bytes (OOM). Either (1) compile with -sINITIAL_MEMORY=X with X higher than the current value 16777216, (2) compile with -sALLOW_MEMORY_GROWTH which allows increasing the size at runtime, or (3) if you want malloc to return NULL (0) instead of this abort, compile with -sABORTING_MALLOC=0)
    at abort (/home/test/workspace/openh264/test/encoder_binary_comparison/AllTestData/Adobe_PDF_sample_a_1024x768_50Frms.264/h264enc.js:1031:11)
    at abortOnCannotGrowMemory (/home/test/workspace/openh264/test/encoder_binary_comparison/AllTestData/Adobe_PDF_sample_a_1024x768_50Frms.264/h264enc.js:4914:7)
    at _emscripten_resize_heap (/home/test/workspace/openh264/test/encoder_binary_comparison/AllTestData/Adobe_PDF_sample_a_1024x768_50Frms.264/h264enc.js:4919:7)
    at wasm://wasm/00265406:wasm-function[1133]:0x705f0
    at wasm://wasm/00265406:wasm-function[1121]:0x6e28d
    at wasm://wasm/00265406:wasm-function[775]:0x60eb2
    at wasm://wasm/00265406:wasm-function[357]:0x2e8f3
    at wasm://wasm/00265406:wasm-function[363]:0x2f261
    at wasm://wasm/00265406:wasm-function[555]:0x407f3
    at wasm://wasm/00265406:wasm-function[554]:0x405bd   [0m
[31m    Failed! Adobe_PDF_sample_a_1024x768_50Frms.264_x.yuv Case Index 22:SHA-1(Current--Benchmark): NULL-----1ee15760f207bec814ec69f7f0a423054885e138  [0m
[31m            ----YUVSHA1:  NULL,  9aa9a4d9598eb3e1093311826844f37c43e4c521  [0m
[31m           Aborted(Cannot enlarge memory arrays to size 19111936 bytes (OOM). Either (1) compile with -sINITIAL_MEMORY=X with X higher than the current value 16777216, (2) compile with -sALLOW_MEMORY_GROWTH which allows increasing the size at runtime, or (3) if you want malloc to return NULL (0) instead of this abort, compile with -sABORTING_MALLOC=0)
/home/test/workspace/openh264/test/encoder_binary_comparison/AllTestData/Adobe_PDF_sample_a_1024x768_50Frms.264/h264enc.js:167
      throw ex;
      ^

RuntimeError: Aborted(Cannot enlarge memory arrays to size 19111936 bytes (OOM). Either (1) compile with -sINITIAL_MEMORY=X with X higher than the current value 16777216, (2) compile with -sALLOW_MEMORY_GROWTH which allows increasing the size at runtime, or (3) if you want malloc to return NULL (0) instead of this abort, compile with -sABORTING_MALLOC=0)
    at abort (/home/test/workspace/openh264/test/encoder_binary_comparison/AllTestData/Adobe_PDF_sample_a_1024x768_50Frms.264/h264enc.js:1031:11)
    at abortOnCannotGrowMemory (/home/test/workspace/openh264/test/encoder_binary_comparison/AllTestData/Adobe_PDF_sample_a_1024x768_50Frms.264/h264enc.js:4914:7)
    at _emscripten_resize_heap (/home/test/workspace/openh264/test/encoder_binary_comparison/AllTestData/Adobe_PDF_sample_a_1024x768_50Frms.264/h264enc.js:4919:7)
    at wasm://wasm/00265406:wasm-function[1133]:0x705f0
    at wasm://wasm/00265406:wasm-function[1121]:0x6e28d
    at wasm://wasm/00265406:wasm-function[775]:0x60eb2
    at wasm://wasm/00265406:wasm-function[357]:0x2e8f3
    at wasm://wasm/00265406:wasm-function[363]:0x2f261
    at wasm://wasm/00265406:wasm-function[555]:0x407f3
    at wasm://wasm/00265406:wasm-function[554]:0x405bd   [0m
[31m    Failed! Adobe_PDF_sample_a_1024x768_50Frms.264_x.yuv Case Index 23:SHA-1(Current--Benchmark): NULL-----1ee15760f207bec814ec69f7f0a423054885e138  [0m
[31m            ----YUVSHA1:  NULL,  9aa9a4d9598eb3e1093311826844f37c43e4c521  [0m
[31m           Aborted(Cannot enlarge memory arrays to size 19111936 bytes (OOM). Either (1) compile with -sINITIAL_MEMORY=X with X higher than the current value 16777216, (2) compile with -sALLOW_MEMORY_GROWTH which allows increasing the size at runtime, or (3) if you want malloc to return NULL (0) instead of this abort, compile with -sABORTING_MALLOC=0)
/home/test/workspace/openh264/test/encoder_binary_comparison/AllTestData/Adobe_PDF_sample_a_1024x768_50Frms.264/h264enc.js:167
      throw ex;
      ^

RuntimeError: Aborted(Cannot enlarge memory arrays to size 19111936 bytes (OOM). Either (1) compile with -sINITIAL_MEMORY=X with X higher than the current value 16777216, (2) compile with -sALLOW_MEMORY_GROWTH which allows increasing the size at runtime, or (3) if you want malloc to return NULL (0) instead of this abort, compile with -sABORTING_MALLOC=0)
    at abort (/home/test/workspace/openh264/test/encoder_binary_comparison/AllTestData/Adobe_PDF_sample_a_1024x768_50Frms.264/h264enc.js:1031:11)
    at abortOnCannotGrowMemory (/home/test/workspace/openh264/test/encoder_binary_comparison/AllTestData/Adobe_PDF_sample_a_1024x768_50Frms.264/h264enc.js:4914:7)
    at _emscripten_resize_heap (/home/test/workspace/openh264/test/encoder_binary_comparison/AllTestData/Adobe_PDF_sample_a_1024x768_50Frms.264/h264enc.js:4919:7)
    at wasm://wasm/00265406:wasm-function[1133]:0x705f0
    at wasm://wasm/00265406:wasm-function[1121]:0x6e28d
    at wasm://wasm/00265406:wasm-function[775]:0x60eb2
    at wasm://wasm/00265406:wasm-function[357]:0x2e8f3
    at wasm://wasm/00265406:wasm-function[363]:0x2f261
    at wasm://wasm/00265406:wasm-function[555]:0x407f3
    at wasm://wasm/00265406:wasm-function[554]:0x405bd   [0m
[31m    Failed! Adobe_PDF_sample_a_1024x768_50Frms.264_x.yuv Case Index 24:SHA-1(Current--Benchmark): NULL-----1ee15760f207bec814ec69f7f0a423054885e138  [0m
[31m            ----YUVSHA1:  NULL,  9aa9a4d9598eb3e1093311826844f37c43e4c521  [0m
[31m           Aborted(Cannot enlarge memory arrays to size 19111936 bytes (OOM). Either (1) compile with -sINITIAL_MEMORY=X with X higher than the current value 16777216, (2) compile with -sALLOW_MEMORY_GROWTH which allows increasing the size at runtime, or (3) if you want malloc to return NULL (0) instead of this abort, compile with -sABORTING_MALLOC=0)
/home/test/workspace/openh264/test/encoder_binary_comparison/AllTestData/Adobe_PDF_sample_a_1024x768_50Frms.264/h264enc.js:167
      throw ex;
      ^

RuntimeError: Aborted(Cannot enlarge memory arrays to size 19111936 bytes (OOM). Either (1) compile with -sINITIAL_MEMORY=X with X higher than the current value 16777216, (2) compile with -sALLOW_MEMORY_GROWTH which allows increasing the size at runtime, or (3) if you want malloc to return NULL (0) instead of this abort, compile with -sABORTING_MALLOC=0)
    at abort (/home/test/workspace/openh264/test/encoder_binary_comparison/AllTestData/Adobe_PDF_sample_a_1024x768_50Frms.264/h264enc.js:1031:11)
    at abortOnCannotGrowMemory (/home/test/workspace/openh264/test/encoder_binary_comparison/AllTestData/Adobe_PDF_sample_a_1024x768_50Frms.264/h264enc.js:4914:7)
    at _emscripten_resize_heap (/home/test/workspace/openh264/test/encoder_binary_comparison/AllTestData/Adobe_PDF_sample_a_1024x768_50Frms.264/h264enc.js:4919:7)
    at wasm://wasm/00265406:wasm-function[1133]:0x705f0
    at wasm://wasm/00265406:wasm-function[1121]:0x6e28d
    at wasm://wasm/00265406:wasm-function[775]:0x60eb2
    at wasm://wasm/00265406:wasm-function[357]:0x2e8f3
    at wasm://wasm/00265406:wasm-function[363]:0x2f261
    at wasm://wasm/00265406:wasm-function[555]:0x407f3
    at wasm://wasm/00265406:wasm-function[554]:0x405bd   [0m
[31m    Failed! Adobe_PDF_sample_a_1024x768_50Frms.264_x.yuv Case Index 25:SHA-1(Current--Benchmark): NULL-----1ee15760f207bec814ec69f7f0a423054885e138  [0m
[31m            ----YUVSHA1:  NULL,  9aa9a4d9598eb3e1093311826844f37c43e4c521  [0m
[31m           Aborted(Cannot enlarge memory arrays to size 19111936 bytes (OOM). Either (1) compile with -sINITIAL_MEMORY=X with X higher than the current value 16777216, (2) compile with -sALLOW_MEMORY_GROWTH which allows increasing the size at runtime, or (3) if you want malloc to return NULL (0) instead of this abort, compile with -sABORTING_MALLOC=0)
/home/test/workspace/openh264/test/encoder_binary_comparison/AllTestData/Adobe_PDF_sample_a_1024x768_50Frms.264/h264enc.js:167
      throw ex;
      ^

RuntimeError: Aborted(Cannot enlarge memory arrays to size 19111936 bytes (OOM). Either (1) compile with -sINITIAL_MEMORY=X with X higher than the current value 16777216, (2) compile with -sALLOW_MEMORY_GROWTH which allows increasing the size at runtime, or (3) if you want malloc to return NULL (0) instead of this abort, compile with -sABORTING_MALLOC=0)
    at abort (/home/test/workspace/openh264/test/encoder_binary_comparison/AllTestData/Adobe_PDF_sample_a_1024x768_50Frms.264/h264enc.js:1031:11)
    at abortOnCannotGrowMemory (/home/test/workspace/openh264/test/encoder_binary_comparison/AllTestData/Adobe_PDF_sample_a_1024x768_50Frms.264/h264enc.js:4914:7)
    at _emscripten_resize_heap (/home/test/workspace/openh264/test/encoder_binary_comparison/AllTestData/Adobe_PDF_sample_a_1024x768_50Frms.264/h264enc.js:4919:7)
    at wasm://wasm/00265406:wasm-function[1133]:0x705f0
    at wasm://wasm/00265406:wasm-function[1121]:0x6e28d
    at wasm://wasm/00265406:wasm-function[775]:0x60eb2
    at wasm://wasm/00265406:wasm-function[357]:0x2e8f3
    at wasm://wasm/00265406:wasm-function[363]:0x2f261
    at wasm://wasm/00265406:wasm-function[555]:0x407f3
    at wasm://wasm/00265406:wasm-function[554]:0x405bd   [0m
[31m    Failed! Adobe_PDF_sample_a_1024x768_50Frms.264_x.yuv Case Index 26:SHA-1(Current--Benchmark): NULL-----1ee15760f207bec814ec69f7f0a423054885e138  [0m
[31m            ----YUVSHA1:  NULL,  9aa9a4d9598eb3e1093311826844f37c43e4c521  [0m
[31m           Aborted(Cannot enlarge memory arrays to size 19111936 bytes (OOM). Either (1) compile with -sINITIAL_MEMORY=X with X higher than the current value 16777216, (2) compile with -sALLOW_MEMORY_GROWTH which allows increasing the size at runtime, or (3) if you want malloc to return NULL (0) instead of this abort, compile with -sABORTING_MALLOC=0)
/home/test/workspace/openh264/test/encoder_binary_comparison/AllTestData/Adobe_PDF_sample_a_1024x768_50Frms.264/h264enc.js:167
      throw ex;
      ^

RuntimeError: Aborted(Cannot enlarge memory arrays to size 19111936 bytes (OOM). Either (1) compile with -sINITIAL_MEMORY=X with X higher than the current value 16777216, (2) compile with -sALLOW_MEMORY_GROWTH which allows increasing the size at runtime, or (3) if you want malloc to return NULL (0) instead of this abort, compile with -sABORTING_MALLOC=0)
    at abort (/home/test/workspace/openh264/test/encoder_binary_comparison/AllTestData/Adobe_PDF_sample_a_1024x768_50Frms.264/h264enc.js:1031:11)
    at abortOnCannotGrowMemory (/home/test/workspace/openh264/test/encoder_binary_comparison/AllTestData/Adobe_PDF_sample_a_1024x768_50Frms.264/h264enc.js:4914:7)
    at _emscripten_resize_heap (/home/test/workspace/openh264/test/encoder_binary_comparison/AllTestData/Adobe_PDF_sample_a_1024x768_50Frms.264/h264enc.js:4919:7)
    at wasm://wasm/00265406:wasm-function[1133]:0x705f0
    at wasm://wasm/00265406:wasm-function[1121]:0x6e28d
    at wasm://wasm/00265406:wasm-function[775]:0x60eb2
    at wasm://wasm/00265406:wasm-function[357]:0x2e8f3
    at wasm://wasm/00265406:wasm-function[363]:0x2f261
    at wasm://wasm/00265406:wasm-function[555]:0x407f3
    at wasm://wasm/00265406:wasm-function[554]:0x405bd   [0m
[31m    Failed! Adobe_PDF_sample_a_1024x768_50Frms.264_x.yuv Case Index 27:SHA-1(Current--Benchmark): NULL-----1ee15760f207bec814ec69f7f0a423054885e138  [0m
[31m            ----YUVSHA1:  NULL,  9aa9a4d9598eb3e1093311826844f37c43e4c521  [0m
[31m           Aborted(Cannot enlarge memory arrays to size 19111936 bytes (OOM). Either (1) compile with -sINITIAL_MEMORY=X with X higher than the current value 16777216, (2) compile with -sALLOW_MEMORY_GROWTH which allows increasing the size at runtime, or (3) if you want malloc to return NULL (0) instead of this abort, compile with -sABORTING_MALLOC=0)
/home/test/workspace/openh264/test/encoder_binary_comparison/AllTestData/Adobe_PDF_sample_a_1024x768_50Frms.264/h264enc.js:167
      throw ex;
      ^

RuntimeError: Aborted(Cannot enlarge memory arrays to size 19111936 bytes (OOM). Either (1) compile with -sINITIAL_MEMORY=X with X higher than the current value 16777216, (2) compile with -sALLOW_MEMORY_GROWTH which allows increasing the size at runtime, or (3) if you want malloc to return NULL (0) instead of this abort, compile with -sABORTING_MALLOC=0)
    at abort (/home/test/workspace/openh264/test/encoder_binary_comparison/AllTestData/Adobe_PDF_sample_a_1024x768_50Frms.264/h264enc.js:1031:11)
    at abortOnCannotGrowMemory (/home/test/workspace/openh264/test/encoder_binary_comparison/AllTestData/Adobe_PDF_sample_a_1024x768_50Frms.264/h264enc.js:4914:7)
    at _emscripten_resize_heap (/home/test/workspace/openh264/test/encoder_binary_comparison/AllTestData/Adobe_PDF_sample_a_1024x768_50Frms.264/h264enc.js:4919:7)
    at wasm://wasm/00265406:wasm-function[1133]:0x705f0
    at wasm://wasm/00265406:wasm-function[1121]:0x6e28d
    at wasm://wasm/00265406:wasm-function[775]:0x60eb2
    at wasm://wasm/00265406:wasm-function[357]:0x2e8f3
    at wasm://wasm/00265406:wasm-function[363]:0x2f261
    at wasm://wasm/00265406:wasm-function[555]:0x407f3
    at wasm://wasm/00265406:wasm-function[554]:0x405bd   [0m
[31m    Failed! Adobe_PDF_sample_a_1024x768_50Frms.264_x.yuv Case Index 28:SHA-1(Current--Benchmark): NULL-----1ee15760f207bec814ec69f7f0a423054885e138  [0m
[31m            ----YUVSHA1:  NULL,  9aa9a4d9598eb3e1093311826844f37c43e4c521  [0m
[31m           Aborted(Cannot enlarge memory arrays to size 19111936 bytes (OOM). Either (1) compile with -sINITIAL_MEMORY=X with X higher than the current value 16777216, (2) compile with -sALLOW_MEMORY_GROWTH which allows increasing the size at runtime, or (3) if you want malloc to return NULL (0) instead of this abort, compile with -sABORTING_MALLOC=0)
/home/test/workspace/openh264/test/encoder_binary_comparison/AllTestData/Adobe_PDF_sample_a_1024x768_50Frms.264/h264enc.js:167
      throw ex;
      ^

RuntimeError: Aborted(Cannot enlarge memory arrays to size 19111936 bytes (OOM). Either (1) compile with -sINITIAL_MEMORY=X with X higher than the current value 16777216, (2) compile with -sALLOW_MEMORY_GROWTH which allows increasing the size at runtime, or (3) if you want malloc to return NULL (0) instead of this abort, compile with -sABORTING_MALLOC=0)
    at abort (/home/test/workspace/openh264/test/encoder_binary_comparison/AllTestData/Adobe_PDF_sample_a_1024x768_50Frms.264/h264enc.js:1031:11)
    at abortOnCannotGrowMemory (/home/test/workspace/openh264/test/encoder_binary_comparison/AllTestData/Adobe_PDF_sample_a_1024x768_50Frms.264/h264enc.js:4914:7)
    at _emscripten_resize_heap (/home/test/workspace/openh264/test/encoder_binary_comparison/AllTestData/Adobe_PDF_sample_a_1024x768_50Frms.264/h264enc.js:4919:7)
    at wasm://wasm/00265406:wasm-function[1133]:0x705f0
    at wasm://wasm/00265406:wasm-function[1121]:0x6e28d
    at wasm://wasm/00265406:wasm-function[775]:0x60eb2
    at wasm://wasm/00265406:wasm-function[357]:0x2e8f3
    at wasm://wasm/00265406:wasm-function[363]:0x2f261
    at wasm://wasm/00265406:wasm-function[555]:0x407f3
    at wasm://wasm/00265406:wasm-function[554]:0x405bd   [0m
[31m    Failed! Adobe_PDF_sample_a_1024x768_50Frms.264_x.yuv Case Index 29:SHA-1(Current--Benchmark): NULL-----1ee15760f207bec814ec69f7f0a423054885e138  [0m
[31m            ----YUVSHA1:  NULL,  9aa9a4d9598eb3e1093311826844f37c43e4c521  [0m
[31m           Aborted(Cannot enlarge memory arrays to size 19111936 bytes (OOM). Either (1) compile with -sINITIAL_MEMORY=X with X higher than the current value 16777216, (2) compile with -sALLOW_MEMORY_GROWTH which allows increasing the size at runtime, or (3) if you want malloc to return NULL (0) instead of this abort, compile with -sABORTING_MALLOC=0)
/home/test/workspace/openh264/test/encoder_binary_comparison/AllTestData/Adobe_PDF_sample_a_1024x768_50Frms.264/h264enc.js:167
      throw ex;
      ^

RuntimeError: Aborted(Cannot enlarge memory arrays to size 19111936 bytes (OOM). Either (1) compile with -sINITIAL_MEMORY=X with X higher than the current value 16777216, (2) compile with -sALLOW_MEMORY_GROWTH which allows increasing the size at runtime, or (3) if you want malloc to return NULL (0) instead of this abort, compile with -sABORTING_MALLOC=0)
    at abort (/home/test/workspace/openh264/test/encoder_binary_comparison/AllTestData/Adobe_PDF_sample_a_1024x768_50Frms.264/h264enc.js:1031:11)
    at abortOnCannotGrowMemory (/home/test/workspace/openh264/test/encoder_binary_comparison/AllTestData/Adobe_PDF_sample_a_1024x768_50Frms.264/h264enc.js:4914:7)
    at _emscripten_resize_heap (/home/test/workspace/openh264/test/encoder_binary_comparison/AllTestData/Adobe_PDF_sample_a_1024x768_50Frms.264/h264enc.js:4919:7)
    at wasm://wasm/00265406:wasm-function[1133]:0x705f0
    at wasm://wasm/00265406:wasm-function[1121]:0x6e28d
    at wasm://wasm/00265406:wasm-function[775]:0x60eb2
    at wasm://wasm/00265406:wasm-function[357]:0x2e8f3
    at wasm://wasm/00265406:wasm-function[363]:0x2f261
    at wasm://wasm/00265406:wasm-function[555]:0x407f3
    at wasm://wasm/00265406:wasm-function[554]:0x405bd   [0m
[31m    Failed! Adobe_PDF_sample_a_1024x768_50Frms.264_x.yuv Case Index 30:SHA-1(Current--Benchmark): NULL-----1ee15760f207bec814ec69f7f0a423054885e138  [0m
[31m            ----YUVSHA1:  NULL,  9aa9a4d9598eb3e1093311826844f37c43e4c521  [0m
[31m           Aborted(Cannot enlarge memory arrays to size 19111936 bytes (OOM). Either (1) compile with -sINITIAL_MEMORY=X with X higher than the current value 16777216, (2) compile with -sALLOW_MEMORY_GROWTH which allows increasing the size at runtime, or (3) if you want malloc to return NULL (0) instead of this abort, compile with -sABORTING_MALLOC=0)
/home/test/workspace/openh264/test/encoder_binary_comparison/AllTestData/Adobe_PDF_sample_a_1024x768_50Frms.264/h264enc.js:167
      throw ex;
      ^

RuntimeError: Aborted(Cannot enlarge memory arrays to size 19111936 bytes (OOM). Either (1) compile with -sINITIAL_MEMORY=X with X higher than the current value 16777216, (2) compile with -sALLOW_MEMORY_GROWTH which allows increasing the size at runtime, or (3) if you want malloc to return NULL (0) instead of this abort, compile with -sABORTING_MALLOC=0)
    at abort (/home/test/workspace/openh264/test/encoder_binary_comparison/AllTestData/Adobe_PDF_sample_a_1024x768_50Frms.264/h264enc.js:1031:11)
    at abortOnCannotGrowMemory (/home/test/workspace/openh264/test/encoder_binary_comparison/AllTestData/Adobe_PDF_sample_a_1024x768_50Frms.264/h264enc.js:4914:7)
    at _emscripten_resize_heap (/home/test/workspace/openh264/test/encoder_binary_comparison/AllTestData/Adobe_PDF_sample_a_1024x768_50Frms.264/h264enc.js:4919:7)
    at wasm://wasm/00265406:wasm-function[1133]:0x705f0
    at wasm://wasm/00265406:wasm-function[1121]:0x6e28d
    at wasm://wasm/00265406:wasm-function[775]:0x60eb2
    at wasm://wasm/00265406:wasm-function[357]:0x2e8f3
    at wasm://wasm/00265406:wasm-function[363]:0x2f261
    at wasm://wasm/00265406:wasm-function[555]:0x407f3
    at wasm://wasm/00265406:wasm-function[554]:0x405bd   [0m
[31m    Failed! Adobe_PDF_sample_a_1024x768_50Frms.264_x.yuv Case Index 31:SHA-1(Current--Benchmark): NULL-----1ee15760f207bec814ec69f7f0a423054885e138  [0m
[31m            ----YUVSHA1:  NULL,  9aa9a4d9598eb3e1093311826844f37c43e4c521  [0m
[31m           Aborted(Cannot enlarge memory arrays to size 19111936 bytes (OOM). Either (1) compile with -sINITIAL_MEMORY=X with X higher than the current value 16777216, (2) compile with -sALLOW_MEMORY_GROWTH which allows increasing the size at runtime, or (3) if you want malloc to return NULL (0) instead of this abort, compile with -sABORTING_MALLOC=0)
/home/test/workspace/openh264/test/encoder_binary_comparison/AllTestData/Adobe_PDF_sample_a_1024x768_50Frms.264/h264enc.js:167
      throw ex;
      ^

RuntimeError: Aborted(Cannot enlarge memory arrays to size 19111936 bytes (OOM). Either (1) compile with -sINITIAL_MEMORY=X with X higher than the current value 16777216, (2) compile with -sALLOW_MEMORY_GROWTH which allows increasing the size at runtime, or (3) if you want malloc to return NULL (0) instead of this abort, compile with -sABORTING_MALLOC=0)
    at abort (/home/test/workspace/openh264/test/encoder_binary_comparison/AllTestData/Adobe_PDF_sample_a_1024x768_50Frms.264/h264enc.js:1031:11)
    at abortOnCannotGrowMemory (/home/test/workspace/openh264/test/encoder_binary_comparison/AllTestData/Adobe_PDF_sample_a_1024x768_50Frms.264/h264enc.js:4914:7)
    at _emscripten_resize_heap (/home/test/workspace/openh264/test/encoder_binary_comparison/AllTestData/Adobe_PDF_sample_a_1024x768_50Frms.264/h264enc.js:4919:7)
    at wasm://wasm/00265406:wasm-function[1133]:0x705f0
    at wasm://wasm/00265406:wasm-function[1121]:0x6e28d
    at wasm://wasm/00265406:wasm-function[775]:0x60eb2
    at wasm://wasm/00265406:wasm-function[357]:0x2e8f3
    at wasm://wasm/00265406:wasm-function[363]:0x2f261
    at wasm://wasm/00265406:wasm-function[555]:0x407f3
    at wasm://wasm/00265406:wasm-function[554]:0x405bd   [0m
[31m    Failed! Adobe_PDF_sample_a_1024x768_50Frms.264_x.yuv Case Index 32:SHA-1(Current--Benchmark): NULL-----1ee15760f207bec814ec69f7f0a423054885e138  [0m
[31m            ----YUVSHA1:  NULL,  9aa9a4d9598eb3e1093311826844f37c43e4c521  [0m
[31m           Aborted(Cannot enlarge memory arrays to size 19111936 bytes (OOM). Either (1) compile with -sINITIAL_MEMORY=X with X higher than the current value 16777216, (2) compile with -sALLOW_MEMORY_GROWTH which allows increasing the size at runtime, or (3) if you want malloc to return NULL (0) instead of this abort, compile with -sABORTING_MALLOC=0)
/home/test/workspace/openh264/test/encoder_binary_comparison/AllTestData/Adobe_PDF_sample_a_1024x768_50Frms.264/h264enc.js:167
      throw ex;
      ^

RuntimeError: Aborted(Cannot enlarge memory arrays to size 19111936 bytes (OOM). Either (1) compile with -sINITIAL_MEMORY=X with X higher than the current value 16777216, (2) compile with -sALLOW_MEMORY_GROWTH which allows increasing the size at runtime, or (3) if you want malloc to return NULL (0) instead of this abort, compile with -sABORTING_MALLOC=0)
    at abort (/home/test/workspace/openh264/test/encoder_binary_comparison/AllTestData/Adobe_PDF_sample_a_1024x768_50Frms.264/h264enc.js:1031:11)
    at abortOnCannotGrowMemory (/home/test/workspace/openh264/test/encoder_binary_comparison/AllTestData/Adobe_PDF_sample_a_1024x768_50Frms.264/h264enc.js:4914:7)
    at _emscripten_resize_heap (/home/test/workspace/openh264/test/encoder_binary_comparison/AllTestData/Adobe_PDF_sample_a_1024x768_50Frms.264/h264enc.js:4919:7)
    at wasm://wasm/00265406:wasm-function[1133]:0x705f0
    at wasm://wasm/00265406:wasm-function[1121]:0x6e28d
    at wasm://wasm/00265406:wasm-function[775]:0x60eb2
    at wasm://wasm/00265406:wasm-function[357]:0x2e8f3
    at wasm://wasm/00265406:wasm-function[363]:0x2f261
    at wasm://wasm/00265406:wasm-function[555]:0x407f3
    at wasm://wasm/00265406:wasm-function[554]:0x405bd   [0m
[31m    Failed! Adobe_PDF_sample_a_1024x768_50Frms.264_x.yuv Case Index 33:SHA-1(Current--Benchmark): NULL-----1ee15760f207bec814ec69f7f0a423054885e138  [0m
[31m            ----YUVSHA1:  NULL,  9aa9a4d9598eb3e1093311826844f37c43e4c521  [0m
[31m           Aborted(Cannot enlarge memory arrays to size 19111936 bytes (OOM). Either (1) compile with -sINITIAL_MEMORY=X with X higher than the current value 16777216, (2) compile with -sALLOW_MEMORY_GROWTH which allows increasing the size at runtime, or (3) if you want malloc to return NULL (0) instead of this abort, compile with -sABORTING_MALLOC=0)
/home/test/workspace/openh264/test/encoder_binary_comparison/AllTestData/Adobe_PDF_sample_a_1024x768_50Frms.264/h264enc.js:167
      throw ex;
      ^

RuntimeError: Aborted(Cannot enlarge memory arrays to size 19111936 bytes (OOM). Either (1) compile with -sINITIAL_MEMORY=X with X higher than the current value 16777216, (2) compile with -sALLOW_MEMORY_GROWTH which allows increasing the size at runtime, or (3) if you want malloc to return NULL (0) instead of this abort, compile with -sABORTING_MALLOC=0)
    at abort (/home/test/workspace/openh264/test/encoder_binary_comparison/AllTestData/Adobe_PDF_sample_a_1024x768_50Frms.264/h264enc.js:1031:11)
    at abortOnCannotGrowMemory (/home/test/workspace/openh264/test/encoder_binary_comparison/AllTestData/Adobe_PDF_sample_a_1024x768_50Frms.264/h264enc.js:4914:7)
    at _emscripten_resize_heap (/home/test/workspace/openh264/test/encoder_binary_comparison/AllTestData/Adobe_PDF_sample_a_1024x768_50Frms.264/h264enc.js:4919:7)
    at wasm://wasm/00265406:wasm-function[1133]:0x705f0
    at wasm://wasm/00265406:wasm-function[1121]:0x6e28d
    at wasm://wasm/00265406:wasm-function[775]:0x60eb2
    at wasm://wasm/00265406:wasm-function[357]:0x2e8f3
    at wasm://wasm/00265406:wasm-function[363]:0x2f261
    at wasm://wasm/00265406:wasm-function[555]:0x407f3
    at wasm://wasm/00265406:wasm-function[554]:0x405bd   [0m
[31m    Failed! Adobe_PDF_sample_a_1024x768_50Frms.264_x.yuv Case Index 34:SHA-1(Current--Benchmark): NULL-----1ee15760f207bec814ec69f7f0a423054885e138  [0m
[31m            ----YUVSHA1:  NULL,  9aa9a4d9598eb3e1093311826844f37c43e4c521  [0m
[31m           Aborted(Cannot enlarge memory arrays to size 19111936 bytes (OOM). Either (1) compile with -sINITIAL_MEMORY=X with X higher than the current value 16777216, (2) compile with -sALLOW_MEMORY_GROWTH which allows increasing the size at runtime, or (3) if you want malloc to return NULL (0) instead of this abort, compile with -sABORTING_MALLOC=0)
/home/test/workspace/openh264/test/encoder_binary_comparison/AllTestData/Adobe_PDF_sample_a_1024x768_50Frms.264/h264enc.js:167
      throw ex;
      ^

RuntimeError: Aborted(Cannot enlarge memory arrays to size 19111936 bytes (OOM). Either (1) compile with -sINITIAL_MEMORY=X with X higher than the current value 16777216, (2) compile with -sALLOW_MEMORY_GROWTH which allows increasing the size at runtime, or (3) if you want malloc to return NULL (0) instead of this abort, compile with -sABORTING_MALLOC=0)
    at abort (/home/test/workspace/openh264/test/encoder_binary_comparison/AllTestData/Adobe_PDF_sample_a_1024x768_50Frms.264/h264enc.js:1031:11)
    at abortOnCannotGrowMemory (/home/test/workspace/openh264/test/encoder_binary_comparison/AllTestData/Adobe_PDF_sample_a_1024x768_50Frms.264/h264enc.js:4914:7)
    at _emscripten_resize_heap (/home/test/workspace/openh264/test/encoder_binary_comparison/AllTestData/Adobe_PDF_sample_a_1024x768_50Frms.264/h264enc.js:4919:7)
    at wasm://wasm/00265406:wasm-function[1133]:0x705f0
    at wasm://wasm/00265406:wasm-function[1121]:0x6e28d
    at wasm://wasm/00265406:wasm-function[775]:0x60eb2
    at wasm://wasm/00265406:wasm-function[357]:0x2e8f3
    at wasm://wasm/00265406:wasm-function[363]:0x2f261
    at wasm://wasm/00265406:wasm-function[555]:0x407f3
    at wasm://wasm/00265406:wasm-function[554]:0x405bd   [0m
[31m    Failed! Adobe_PDF_sample_a_1024x768_50Frms.264_x.yuv Case Index 35:SHA-1(Current--Benchmark): NULL-----1ee15760f207bec814ec69f7f0a423054885e138  [0m
[31m            ----YUVSHA1:  NULL,  9aa9a4d9598eb3e1093311826844f37c43e4c521  [0m
[31m           Aborted(Cannot enlarge memory arrays to size 19111936 bytes (OOM). Either (1) compile with -sINITIAL_MEMORY=X with X higher than the current value 16777216, (2) compile with -sALLOW_MEMORY_GROWTH which allows increasing the size at runtime, or (3) if you want malloc to return NULL (0) instead of this abort, compile with -sABORTING_MALLOC=0)
/home/test/workspace/openh264/test/encoder_binary_comparison/AllTestData/Adobe_PDF_sample_a_1024x768_50Frms.264/h264enc.js:167
      throw ex;
      ^

RuntimeError: Aborted(Cannot enlarge memory arrays to size 19111936 bytes (OOM). Either (1) compile with -sINITIAL_MEMORY=X with X higher than the current value 16777216, (2) compile with -sALLOW_MEMORY_GROWTH which allows increasing the size at runtime, or (3) if you want malloc to return NULL (0) instead of this abort, compile with -sABORTING_MALLOC=0)
    at abort (/home/test/workspace/openh264/test/encoder_binary_comparison/AllTestData/Adobe_PDF_sample_a_1024x768_50Frms.264/h264enc.js:1031:11)
    at abortOnCannotGrowMemory (/home/test/workspace/openh264/test/encoder_binary_comparison/AllTestData/Adobe_PDF_sample_a_1024x768_50Frms.264/h264enc.js:4914:7)
    at _emscripten_resize_heap (/home/test/workspace/openh264/test/encoder_binary_comparison/AllTestData/Adobe_PDF_sample_a_1024x768_50Frms.264/h264enc.js:4919:7)
    at wasm://wasm/00265406:wasm-function[1133]:0x705f0
    at wasm://wasm/00265406:wasm-function[1121]:0x6e28d
    at wasm://wasm/00265406:wasm-function[775]:0x60eb2
    at wasm://wasm/00265406:wasm-function[357]:0x2e8f3
    at wasm://wasm/00265406:wasm-function[363]:0x2f261
    at wasm://wasm/00265406:wasm-function[555]:0x407f3
    at wasm://wasm/00265406:wasm-function[554]:0x405bd   [0m
[31m    Failed! Adobe_PDF_sample_a_1024x768_50Frms.264_x.yuv Case Index 36:SHA-1(Current--Benchmark): NULL-----1ee15760f207bec814ec69f7f0a423054885e138  [0m
[31m            ----YUVSHA1:  NULL,  9aa9a4d9598eb3e1093311826844f37c43e4c521  [0m
[31m           Aborted(Cannot enlarge memory arrays to size 19111936 bytes (OOM). Either (1) compile with -sINITIAL_MEMORY=X with X higher than the current value 16777216, (2) compile with -sALLOW_MEMORY_GROWTH which allows increasing the size at runtime, or (3) if you want malloc to return NULL (0) instead of this abort, compile with -sABORTING_MALLOC=0)
/home/test/workspace/openh264/test/encoder_binary_comparison/AllTestData/Adobe_PDF_sample_a_1024x768_50Frms.264/h264enc.js:167
      throw ex;
      ^

RuntimeError: Aborted(Cannot enlarge memory arrays to size 19111936 bytes (OOM). Either (1) compile with -sINITIAL_MEMORY=X with X higher than the current value 16777216, (2) compile with -sALLOW_MEMORY_GROWTH which allows increasing the size at runtime, or (3) if you want malloc to return NULL (0) instead of this abort, compile with -sABORTING_MALLOC=0)
    at abort (/home/test/workspace/openh264/test/encoder_binary_comparison/AllTestData/Adobe_PDF_sample_a_1024x768_50Frms.264/h264enc.js:1031:11)
    at abortOnCannotGrowMemory (/home/test/workspace/openh264/test/encoder_binary_comparison/AllTestData/Adobe_PDF_sample_a_1024x768_50Frms.264/h264enc.js:4914:7)
    at _emscripten_resize_heap (/home/test/workspace/openh264/test/encoder_binary_comparison/AllTestData/Adobe_PDF_sample_a_1024x768_50Frms.264/h264enc.js:4919:7)
    at wasm://wasm/00265406:wasm-function[1133]:0x705f0
    at wasm://wasm/00265406:wasm-function[1121]:0x6e28d
    at wasm://wasm/00265406:wasm-function[775]:0x60eb2
    at wasm://wasm/00265406:wasm-function[357]:0x2e8f3
    at wasm://wasm/00265406:wasm-function[363]:0x2f261
    at wasm://wasm/00265406:wasm-function[555]:0x407f3
    at wasm://wasm/00265406:wasm-function[554]:0x405bd   [0m
[31m    Failed! Adobe_PDF_sample_a_1024x768_50Frms.264_x.yuv Case Index 37:SHA-1(Current--Benchmark): NULL-----1ee15760f207bec814ec69f7f0a423054885e138  [0m
[31m            ----YUVSHA1:  NULL,  9aa9a4d9598eb3e1093311826844f37c43e4c521  [0m
[31m           Aborted(Cannot enlarge memory arrays to size 19111936 bytes (OOM). Either (1) compile with -sINITIAL_MEMORY=X with X higher than the current value 16777216, (2) compile with -sALLOW_MEMORY_GROWTH which allows increasing the size at runtime, or (3) if you want malloc to return NULL (0) instead of this abort, compile with -sABORTING_MALLOC=0)
/home/test/workspace/openh264/test/encoder_binary_comparison/AllTestData/Adobe_PDF_sample_a_1024x768_50Frms.264/h264enc.js:167
      throw ex;
      ^

RuntimeError: Aborted(Cannot enlarge memory arrays to size 19111936 bytes (OOM). Either (1) compile with -sINITIAL_MEMORY=X with X higher than the current value 16777216, (2) compile with -sALLOW_MEMORY_GROWTH which allows increasing the size at runtime, or (3) if you want malloc to return NULL (0) instead of this abort, compile with -sABORTING_MALLOC=0)
    at abort (/home/test/workspace/openh264/test/encoder_binary_comparison/AllTestData/Adobe_PDF_sample_a_1024x768_50Frms.264/h264enc.js:1031:11)
    at abortOnCannotGrowMemory (/home/test/workspace/openh264/test/encoder_binary_comparison/AllTestData/Adobe_PDF_sample_a_1024x768_50Frms.264/h264enc.js:4914:7)
    at _emscripten_resize_heap (/home/test/workspace/openh264/test/encoder_binary_comparison/AllTestData/Adobe_PDF_sample_a_1024x768_50Frms.264/h264enc.js:4919:7)
    at wasm://wasm/00265406:wasm-function[1133]:0x705f0
    at wasm://wasm/00265406:wasm-function[1121]:0x6e28d
    at wasm://wasm/00265406:wasm-function[775]:0x60eb2
    at wasm://wasm/00265406:wasm-function[357]:0x2e8f3
    at wasm://wasm/00265406:wasm-function[363]:0x2f261
    at wasm://wasm/00265406:wasm-function[555]:0x407f3
    at wasm://wasm/00265406:wasm-function[554]:0x405bd   [0m
[31m    Failed! Adobe_PDF_sample_a_1024x768_50Frms.264_x.yuv Case Index 38:SHA-1(Current--Benchmark): NULL-----1ee15760f207bec814ec69f7f0a423054885e138  [0m
[31m            ----YUVSHA1:  NULL,  9aa9a4d9598eb3e1093311826844f37c43e4c521  [0m
[31m           Aborted(Cannot enlarge memory arrays to size 19111936 bytes (OOM). Either (1) compile with -sINITIAL_MEMORY=X with X higher than the current value 16777216, (2) compile with -sALLOW_MEMORY_GROWTH which allows increasing the size at runtime, or (3) if you want malloc to return NULL (0) instead of this abort, compile with -sABORTING_MALLOC=0)
/home/test/workspace/openh264/test/encoder_binary_comparison/AllTestData/Adobe_PDF_sample_a_1024x768_50Frms.264/h264enc.js:167
      throw ex;
      ^

RuntimeError: Aborted(Cannot enlarge memory arrays to size 19111936 bytes (OOM). Either (1) compile with -sINITIAL_MEMORY=X with X higher than the current value 16777216, (2) compile with -sALLOW_MEMORY_GROWTH which allows increasing the size at runtime, or (3) if you want malloc to return NULL (0) instead of this abort, compile with -sABORTING_MALLOC=0)
    at abort (/home/test/workspace/openh264/test/encoder_binary_comparison/AllTestData/Adobe_PDF_sample_a_1024x768_50Frms.264/h264enc.js:1031:11)
    at abortOnCannotGrowMemory (/home/test/workspace/openh264/test/encoder_binary_comparison/AllTestData/Adobe_PDF_sample_a_1024x768_50Frms.264/h264enc.js:4914:7)
    at _emscripten_resize_heap (/home/test/workspace/openh264/test/encoder_binary_comparison/AllTestData/Adobe_PDF_sample_a_1024x768_50Frms.264/h264enc.js:4919:7)
    at wasm://wasm/00265406:wasm-function[1133]:0x705f0
    at wasm://wasm/00265406:wasm-function[1121]:0x6e28d
    at wasm://wasm/00265406:wasm-function[775]:0x60eb2
    at wasm://wasm/00265406:wasm-function[357]:0x2e8f3
    at wasm://wasm/00265406:wasm-function[363]:0x2f261
    at wasm://wasm/00265406:wasm-function[555]:0x407f3
    at wasm://wasm/00265406:wasm-function[554]:0x405bd   [0m
[31m    Failed! Adobe_PDF_sample_a_1024x768_50Frms.264_x.yuv Case Index 39:SHA-1(Current--Benchmark): NULL-----1ee15760f207bec814ec69f7f0a423054885e138  [0m
[31m            ----YUVSHA1:  NULL,  9aa9a4d9598eb3e1093311826844f37c43e4c521  [0m
[31m           Aborted(Cannot enlarge memory arrays to size 19111936 bytes (OOM). Either (1) compile with -sINITIAL_MEMORY=X with X higher than the current value 16777216, (2) compile with -sALLOW_MEMORY_GROWTH which allows increasing the size at runtime, or (3) if you want malloc to return NULL (0) instead of this abort, compile with -sABORTING_MALLOC=0)
/home/test/workspace/openh264/test/encoder_binary_comparison/AllTestData/Adobe_PDF_sample_a_1024x768_50Frms.264/h264enc.js:167
      throw ex;
      ^

RuntimeError: Aborted(Cannot enlarge memory arrays to size 19111936 bytes (OOM). Either (1) compile with -sINITIAL_MEMORY=X with X higher than the current value 16777216, (2) compile with -sALLOW_MEMORY_GROWTH which allows increasing the size at runtime, or (3) if you want malloc to return NULL (0) instead of this abort, compile with -sABORTING_MALLOC=0)
    at abort (/home/test/workspace/openh264/test/encoder_binary_comparison/AllTestData/Adobe_PDF_sample_a_1024x768_50Frms.264/h264enc.js:1031:11)
    at abortOnCannotGrowMemory (/home/test/workspace/openh264/test/encoder_binary_comparison/AllTestData/Adobe_PDF_sample_a_1024x768_50Frms.264/h264enc.js:4914:7)
    at _emscripten_resize_heap (/home/test/workspace/openh264/test/encoder_binary_comparison/AllTestData/Adobe_PDF_sample_a_1024x768_50Frms.264/h264enc.js:4919:7)
    at wasm://wasm/00265406:wasm-function[1133]:0x705f0
    at wasm://wasm/00265406:wasm-function[1121]:0x6e28d
    at wasm://wasm/00265406:wasm-function[775]:0x60eb2
    at wasm://wasm/00265406:wasm-function[357]:0x2e8f3
    at wasm://wasm/00265406:wasm-function[363]:0x2f261
    at wasm://wasm/00265406:wasm-function[555]:0x407f3
    at wasm://wasm/00265406:wasm-function[554]:0x405bd   [0m
[31m    Failed! Adobe_PDF_sample_a_1024x768_50Frms.264_x.yuv Case Index 40:SHA-1(Current--Benchmark): NULL-----1ee15760f207bec814ec69f7f0a423054885e138  [0m
[31m            ----YUVSHA1:  NULL,  9aa9a4d9598eb3e1093311826844f37c43e4c521  [0m
[31m           Aborted(Cannot enlarge memory arrays to size 19111936 bytes (OOM). Either (1) compile with -sINITIAL_MEMORY=X with X higher than the current value 16777216, (2) compile with -sALLOW_MEMORY_GROWTH which allows increasing the size at runtime, or (3) if you want malloc to return NULL (0) instead of this abort, compile with -sABORTING_MALLOC=0)
/home/test/workspace/openh264/test/encoder_binary_comparison/AllTestData/Adobe_PDF_sample_a_1024x768_50Frms.264/h264enc.js:167
      throw ex;
      ^

RuntimeError: Aborted(Cannot enlarge memory arrays to size 19111936 bytes (OOM). Either (1) compile with -sINITIAL_MEMORY=X with X higher than the current value 16777216, (2) compile with -sALLOW_MEMORY_GROWTH which allows increasing the size at runtime, or (3) if you want malloc to return NULL (0) instead of this abort, compile with -sABORTING_MALLOC=0)
    at abort (/home/test/workspace/openh264/test/encoder_binary_comparison/AllTestData/Adobe_PDF_sample_a_1024x768_50Frms.264/h264enc.js:1031:11)
    at abortOnCannotGrowMemory (/home/test/workspace/openh264/test/encoder_binary_comparison/AllTestData/Adobe_PDF_sample_a_1024x768_50Frms.264/h264enc.js:4914:7)
    at _emscripten_resize_heap (/home/test/workspace/openh264/test/encoder_binary_comparison/AllTestData/Adobe_PDF_sample_a_1024x768_50Frms.264/h264enc.js:4919:7)
    at wasm://wasm/00265406:wasm-function[1133]:0x705f0
    at wasm://wasm/00265406:wasm-function[1121]:0x6e28d
    at wasm://wasm/00265406:wasm-function[775]:0x60eb2
    at wasm://wasm/00265406:wasm-function[357]:0x2e8f3
    at wasm://wasm/00265406:wasm-function[363]:0x2f261
    at wasm://wasm/00265406:wasm-function[555]:0x407f3
    at wasm://wasm/00265406:wasm-function[554]:0x405bd   [0m
[31m    Failed! Adobe_PDF_sample_a_1024x768_50Frms.264_x.yuv Case Index 41:SHA-1(Current--Benchmark): NULL-----1ee15760f207bec814ec69f7f0a423054885e138  [0m
[31m            ----YUVSHA1:  NULL,  9aa9a4d9598eb3e1093311826844f37c43e4c521  [0m
[31m           Aborted(Cannot enlarge memory arrays to size 19111936 bytes (OOM). Either (1) compile with -sINITIAL_MEMORY=X with X higher than the current value 16777216, (2) compile with -sALLOW_MEMORY_GROWTH which allows increasing the size at runtime, or (3) if you want malloc to return NULL (0) instead of this abort, compile with -sABORTING_MALLOC=0)
/home/test/workspace/openh264/test/encoder_binary_comparison/AllTestData/Adobe_PDF_sample_a_1024x768_50Frms.264/h264enc.js:167
      throw ex;
      ^

RuntimeError: Aborted(Cannot enlarge memory arrays to size 19111936 bytes (OOM). Either (1) compile with -sINITIAL_MEMORY=X with X higher than the current value 16777216, (2) compile with -sALLOW_MEMORY_GROWTH which allows increasing the size at runtime, or (3) if you want malloc to return NULL (0) instead of this abort, compile with -sABORTING_MALLOC=0)
    at abort (/home/test/workspace/openh264/test/encoder_binary_comparison/AllTestData/Adobe_PDF_sample_a_1024x768_50Frms.264/h264enc.js:1031:11)
    at abortOnCannotGrowMemory (/home/test/workspace/openh264/test/encoder_binary_comparison/AllTestData/Adobe_PDF_sample_a_1024x768_50Frms.264/h264enc.js:4914:7)
    at _emscripten_resize_heap (/home/test/workspace/openh264/test/encoder_binary_comparison/AllTestData/Adobe_PDF_sample_a_1024x768_50Frms.264/h264enc.js:4919:7)
    at wasm://wasm/00265406:wasm-function[1133]:0x705f0
    at wasm://wasm/00265406:wasm-function[1121]:0x6e28d
    at wasm://wasm/00265406:wasm-function[775]:0x60eb2
    at wasm://wasm/00265406:wasm-function[357]:0x2e8f3
    at wasm://wasm/00265406:wasm-function[363]:0x2f261
    at wasm://wasm/00265406:wasm-function[555]:0x407f3
    at wasm://wasm/00265406:wasm-function[554]:0x405bd   [0m
[31m    Failed! Adobe_PDF_sample_a_1024x768_50Frms.264_x.yuv Case Index 42:SHA-1(Current--Benchmark): NULL-----1ee15760f207bec814ec69f7f0a423054885e138  [0m
[31m            ----YUVSHA1:  NULL,  9aa9a4d9598eb3e1093311826844f37c43e4c521  [0m
[31m           Aborted(Cannot enlarge memory arrays to size 19111936 bytes (OOM). Either (1) compile with -sINITIAL_MEMORY=X with X higher than the current value 16777216, (2) compile with -sALLOW_MEMORY_GROWTH which allows increasing the size at runtime, or (3) if you want malloc to return NULL (0) instead of this abort, compile with -sABORTING_MALLOC=0)
/home/test/workspace/openh264/test/encoder_binary_comparison/AllTestData/Adobe_PDF_sample_a_1024x768_50Frms.264/h264enc.js:167
      throw ex;
      ^

RuntimeError: Aborted(Cannot enlarge memory arrays to size 19111936 bytes (OOM). Either (1) compile with -sINITIAL_MEMORY=X with X higher than the current value 16777216, (2) compile with -sALLOW_MEMORY_GROWTH which allows increasing the size at runtime, or (3) if you want malloc to return NULL (0) instead of this abort, compile with -sABORTING_MALLOC=0)
    at abort (/home/test/workspace/openh264/test/encoder_binary_comparison/AllTestData/Adobe_PDF_sample_a_1024x768_50Frms.264/h264enc.js:1031:11)
    at abortOnCannotGrowMemory (/home/test/workspace/openh264/test/encoder_binary_comparison/AllTestData/Adobe_PDF_sample_a_1024x768_50Frms.264/h264enc.js:4914:7)
    at _emscripten_resize_heap (/home/test/workspace/openh264/test/encoder_binary_comparison/AllTestData/Adobe_PDF_sample_a_1024x768_50Frms.264/h264enc.js:4919:7)
    at wasm://wasm/00265406:wasm-function[1133]:0x705f0
    at wasm://wasm/00265406:wasm-function[1121]:0x6e28d
    at wasm://wasm/00265406:wasm-function[775]:0x60eb2
    at wasm://wasm/00265406:wasm-function[357]:0x2e8f3
    at wasm://wasm/00265406:wasm-function[363]:0x2f261
    at wasm://wasm/00265406:wasm-function[555]:0x407f3
    at wasm://wasm/00265406:wasm-function[554]:0x405bd   [0m
[31m    Failed! Adobe_PDF_sample_a_1024x768_50Frms.264_x.yuv Case Index 43:SHA-1(Current--Benchmark): NULL-----1ee15760f207bec814ec69f7f0a423054885e138  [0m
[31m            ----YUVSHA1:  NULL,  9aa9a4d9598eb3e1093311826844f37c43e4c521  [0m
[31m           Aborted(Cannot enlarge memory arrays to size 19111936 bytes (OOM). Either (1) compile with -sINITIAL_MEMORY=X with X higher than the current value 16777216, (2) compile with -sALLOW_MEMORY_GROWTH which allows increasing the size at runtime, or (3) if you want malloc to return NULL (0) instead of this abort, compile with -sABORTING_MALLOC=0)
/home/test/workspace/openh264/test/encoder_binary_comparison/AllTestData/Adobe_PDF_sample_a_1024x768_50Frms.264/h264enc.js:167
      throw ex;
      ^

RuntimeError: Aborted(Cannot enlarge memory arrays to size 19111936 bytes (OOM). Either (1) compile with -sINITIAL_MEMORY=X with X higher than the current value 16777216, (2) compile with -sALLOW_MEMORY_GROWTH which allows increasing the size at runtime, or (3) if you want malloc to return NULL (0) instead of this abort, compile with -sABORTING_MALLOC=0)
    at abort (/home/test/workspace/openh264/test/encoder_binary_comparison/AllTestData/Adobe_PDF_sample_a_1024x768_50Frms.264/h264enc.js:1031:11)
    at abortOnCannotGrowMemory (/home/test/workspace/openh264/test/encoder_binary_comparison/AllTestData/Adobe_PDF_sample_a_1024x768_50Frms.264/h264enc.js:4914:7)
    at _emscripten_resize_heap (/home/test/workspace/openh264/test/encoder_binary_comparison/AllTestData/Adobe_PDF_sample_a_1024x768_50Frms.264/h264enc.js:4919:7)
    at wasm://wasm/00265406:wasm-function[1133]:0x705f0
    at wasm://wasm/00265406:wasm-function[1121]:0x6e28d
    at wasm://wasm/00265406:wasm-function[775]:0x60eb2
    at wasm://wasm/00265406:wasm-function[357]:0x2e8f3
    at wasm://wasm/00265406:wasm-function[363]:0x2f261
    at wasm://wasm/00265406:wasm-function[555]:0x407f3
    at wasm://wasm/00265406:wasm-function[554]:0x405bd   [0m
[31m    Failed! Adobe_PDF_sample_a_1024x768_50Frms.264_x.yuv Case Index 44:SHA-1(Current--Benchmark): NULL-----1ee15760f207bec814ec69f7f0a423054885e138  [0m
[31m            ----YUVSHA1:  NULL,  9aa9a4d9598eb3e1093311826844f37c43e4c521  [0m
[31m           Aborted(Cannot enlarge memory arrays to size 19111936 bytes (OOM). Either (1) compile with -sINITIAL_MEMORY=X with X higher than the current value 16777216, (2) compile with -sALLOW_MEMORY_GROWTH which allows increasing the size at runtime, or (3) if you want malloc to return NULL (0) instead of this abort, compile with -sABORTING_MALLOC=0)
/home/test/workspace/openh264/test/encoder_binary_comparison/AllTestData/Adobe_PDF_sample_a_1024x768_50Frms.264/h264enc.js:167
      throw ex;
      ^

RuntimeError: Aborted(Cannot enlarge memory arrays to size 19111936 bytes (OOM). Either (1) compile with -sINITIAL_MEMORY=X with X higher than the current value 16777216, (2) compile with -sALLOW_MEMORY_GROWTH which allows increasing the size at runtime, or (3) if you want malloc to return NULL (0) instead of this abort, compile with -sABORTING_MALLOC=0)
    at abort (/home/test/workspace/openh264/test/encoder_binary_comparison/AllTestData/Adobe_PDF_sample_a_1024x768_50Frms.264/h264enc.js:1031:11)
    at abortOnCannotGrowMemory (/home/test/workspace/openh264/test/encoder_binary_comparison/AllTestData/Adobe_PDF_sample_a_1024x768_50Frms.264/h264enc.js:4914:7)
    at _emscripten_resize_heap (/home/test/workspace/openh264/test/encoder_binary_comparison/AllTestData/Adobe_PDF_sample_a_1024x768_50Frms.264/h264enc.js:4919:7)
    at wasm://wasm/00265406:wasm-function[1133]:0x705f0
    at wasm://wasm/00265406:wasm-function[1121]:0x6e28d
    at wasm://wasm/00265406:wasm-function[775]:0x60eb2
    at wasm://wasm/00265406:wasm-function[357]:0x2e8f3
    at wasm://wasm/00265406:wasm-function[363]:0x2f261
    at wasm://wasm/00265406:wasm-function[555]:0x407f3
    at wasm://wasm/00265406:wasm-function[554]:0x405bd   [0m
[31m    Failed! Adobe_PDF_sample_a_1024x768_50Frms.264_x.yuv Case Index 45:SHA-1(Current--Benchmark): NULL-----1ee15760f207bec814ec69f7f0a423054885e138  [0m
[31m            ----YUVSHA1:  NULL,  9aa9a4d9598eb3e1093311826844f37c43e4c521  [0m
[31m           Aborted(Cannot enlarge memory arrays to size 19111936 bytes (OOM). Either (1) compile with -sINITIAL_MEMORY=X with X higher than the current value 16777216, (2) compile with -sALLOW_MEMORY_GROWTH which allows increasing the size at runtime, or (3) if you want malloc to return NULL (0) instead of this abort, compile with -sABORTING_MALLOC=0)
/home/test/workspace/openh264/test/encoder_binary_comparison/AllTestData/Adobe_PDF_sample_a_1024x768_50Frms.264/h264enc.js:167
      throw ex;
      ^

RuntimeError: Aborted(Cannot enlarge memory arrays to size 19111936 bytes (OOM). Either (1) compile with -sINITIAL_MEMORY=X with X higher than the current value 16777216, (2) compile with -sALLOW_MEMORY_GROWTH which allows increasing the size at runtime, or (3) if you want malloc to return NULL (0) instead of this abort, compile with -sABORTING_MALLOC=0)
    at abort (/home/test/workspace/openh264/test/encoder_binary_comparison/AllTestData/Adobe_PDF_sample_a_1024x768_50Frms.264/h264enc.js:1031:11)
    at abortOnCannotGrowMemory (/home/test/workspace/openh264/test/encoder_binary_comparison/AllTestData/Adobe_PDF_sample_a_1024x768_50Frms.264/h264enc.js:4914:7)
    at _emscripten_resize_heap (/home/test/workspace/openh264/test/encoder_binary_comparison/AllTestData/Adobe_PDF_sample_a_1024x768_50Frms.264/h264enc.js:4919:7)
    at wasm://wasm/00265406:wasm-function[1133]:0x705f0
    at wasm://wasm/00265406:wasm-function[1121]:0x6e28d
    at wasm://wasm/00265406:wasm-function[775]:0x60eb2
    at wasm://wasm/00265406:wasm-function[357]:0x2e8f3
    at wasm://wasm/00265406:wasm-function[363]:0x2f261
    at wasm://wasm/00265406:wasm-function[555]:0x407f3
    at wasm://wasm/00265406:wasm-function[554]:0x405bd   [0m
[31m    Failed! Adobe_PDF_sample_a_1024x768_50Frms.264_x.yuv Case Index 46:SHA-1(Current--Benchmark): NULL-----1ee15760f207bec814ec69f7f0a423054885e138  [0m
[31m            ----YUVSHA1:  NULL,  9aa9a4d9598eb3e1093311826844f37c43e4c521  [0m
[31m           Aborted(Cannot enlarge memory arrays to size 19111936 bytes (OOM). Either (1) compile with -sINITIAL_MEMORY=X with X higher than the current value 16777216, (2) compile with -sALLOW_MEMORY_GROWTH which allows increasing the size at runtime, or (3) if you want malloc to return NULL (0) instead of this abort, compile with -sABORTING_MALLOC=0)
/home/test/workspace/openh264/test/encoder_binary_comparison/AllTestData/Adobe_PDF_sample_a_1024x768_50Frms.264/h264enc.js:167
      throw ex;
      ^

RuntimeError: Aborted(Cannot enlarge memory arrays to size 19111936 bytes (OOM). Either (1) compile with -sINITIAL_MEMORY=X with X higher than the current value 16777216, (2) compile with -sALLOW_MEMORY_GROWTH which allows increasing the size at runtime, or (3) if you want malloc to return NULL (0) instead of this abort, compile with -sABORTING_MALLOC=0)
    at abort (/home/test/workspace/openh264/test/encoder_binary_comparison/AllTestData/Adobe_PDF_sample_a_1024x768_50Frms.264/h264enc.js:1031:11)
    at abortOnCannotGrowMemory (/home/test/workspace/openh264/test/encoder_binary_comparison/AllTestData/Adobe_PDF_sample_a_1024x768_50Frms.264/h264enc.js:4914:7)
    at _emscripten_resize_heap (/home/test/workspace/openh264/test/encoder_binary_comparison/AllTestData/Adobe_PDF_sample_a_1024x768_50Frms.264/h264enc.js:4919:7)
    at wasm://wasm/00265406:wasm-function[1133]:0x705f0
    at wasm://wasm/00265406:wasm-function[1121]:0x6e28d
    at wasm://wasm/00265406:wasm-function[775]:0x60eb2
    at wasm://wasm/00265406:wasm-function[357]:0x2e8f3
    at wasm://wasm/00265406:wasm-function[363]:0x2f261
    at wasm://wasm/00265406:wasm-function[555]:0x407f3
    at wasm://wasm/00265406:wasm-function[554]:0x405bd   [0m
[31m    Failed! Adobe_PDF_sample_a_1024x768_50Frms.264_x.yuv Case Index 47:SHA-1(Current--Benchmark): NULL-----1ee15760f207bec814ec69f7f0a423054885e138  [0m
[31m            ----YUVSHA1:  NULL,  9aa9a4d9598eb3e1093311826844f37c43e4c521  [0m
[31m           Aborted(Cannot enlarge memory arrays to size 19111936 bytes (OOM). Either (1) compile with -sINITIAL_MEMORY=X with X higher than the current value 16777216, (2) compile with -sALLOW_MEMORY_GROWTH which allows increasing the size at runtime, or (3) if you want malloc to return NULL (0) instead of this abort, compile with -sABORTING_MALLOC=0)
/home/test/workspace/openh264/test/encoder_binary_comparison/AllTestData/Adobe_PDF_sample_a_1024x768_50Frms.264/h264enc.js:167
      throw ex;
      ^

RuntimeError: Aborted(Cannot enlarge memory arrays to size 19111936 bytes (OOM). Either (1) compile with -sINITIAL_MEMORY=X with X higher than the current value 16777216, (2) compile with -sALLOW_MEMORY_GROWTH which allows increasing the size at runtime, or (3) if you want malloc to return NULL (0) instead of this abort, compile with -sABORTING_MALLOC=0)
    at abort (/home/test/workspace/openh264/test/encoder_binary_comparison/AllTestData/Adobe_PDF_sample_a_1024x768_50Frms.264/h264enc.js:1031:11)
    at abortOnCannotGrowMemory (/home/test/workspace/openh264/test/encoder_binary_comparison/AllTestData/Adobe_PDF_sample_a_1024x768_50Frms.264/h264enc.js:4914:7)
    at _emscripten_resize_heap (/home/test/workspace/openh264/test/encoder_binary_comparison/AllTestData/Adobe_PDF_sample_a_1024x768_50Frms.264/h264enc.js:4919:7)
    at wasm://wasm/00265406:wasm-function[1133]:0x705f0
    at wasm://wasm/00265406:wasm-function[1121]:0x6e28d
    at wasm://wasm/00265406:wasm-function[775]:0x60eb2
    at wasm://wasm/00265406:wasm-function[357]:0x2e8f3
    at wasm://wasm/00265406:wasm-function[363]:0x2f261
    at wasm://wasm/00265406:wasm-function[555]:0x407f3
    at wasm://wasm/00265406:wasm-function[554]:0x405bd   [0m
[31m    Failed! Adobe_PDF_sample_a_1024x768_50Frms.264_x.yuv Case Index 48:SHA-1(Current--Benchmark): NULL-----293abd94040a983d6520a205240281bab759248d  [0m
[31m            ----YUVSHA1:  NULL,  9aa9a4d9598eb3e1093311826844f37c43e4c521  [0m
[31m           Aborted(Cannot enlarge memory arrays to size 19111936 bytes (OOM). Either (1) compile with -sINITIAL_MEMORY=X with X higher than the current value 16777216, (2) compile with -sALLOW_MEMORY_GROWTH which allows increasing the size at runtime, or (3) if you want malloc to return NULL (0) instead of this abort, compile with -sABORTING_MALLOC=0)
/home/test/workspace/openh264/test/encoder_binary_comparison/AllTestData/Adobe_PDF_sample_a_1024x768_50Frms.264/h264enc.js:167
      throw ex;
      ^

RuntimeError: Aborted(Cannot enlarge memory arrays to size 19111936 bytes (OOM). Either (1) compile with -sINITIAL_MEMORY=X with X higher than the current value 16777216, (2) compile with -sALLOW_MEMORY_GROWTH which allows increasing the size at runtime, or (3) if you want malloc to return NULL (0) instead of this abort, compile with -sABORTING_MALLOC=0)
    at abort (/home/test/workspace/openh264/test/encoder_binary_comparison/AllTestData/Adobe_PDF_sample_a_1024x768_50Frms.264/h264enc.js:1031:11)
    at abortOnCannotGrowMemory (/home/test/workspace/openh264/test/encoder_binary_comparison/AllTestData/Adobe_PDF_sample_a_1024x768_50Frms.264/h264enc.js:4914:7)
    at _emscripten_resize_heap (/home/test/workspace/openh264/test/encoder_binary_comparison/AllTestData/Adobe_PDF_sample_a_1024x768_50Frms.264/h264enc.js:4919:7)
    at wasm://wasm/00265406:wasm-function[1133]:0x705f0
    at wasm://wasm/00265406:wasm-function[1121]:0x6e28d
    at wasm://wasm/00265406:wasm-function[775]:0x60eb2
    at wasm://wasm/00265406:wasm-function[357]:0x2e8f3
    at wasm://wasm/00265406:wasm-function[363]:0x2f261
    at wasm://wasm/00265406:wasm-function[555]:0x407f3
    at wasm://wasm/00265406:wasm-function[554]:0x405bd   [0m
[31m    Failed! Adobe_PDF_sample_a_1024x768_50Frms.264_x.yuv Case Index 49:SHA-1(Current--Benchmark): NULL-----293abd94040a983d6520a205240281bab759248d  [0m
[31m            ----YUVSHA1:  NULL,  9aa9a4d9598eb3e1093311826844f37c43e4c521  [0m
[31m           Aborted(Cannot enlarge memory arrays to size 19111936 bytes (OOM). Either (1) compile with -sINITIAL_MEMORY=X with X higher than the current value 16777216, (2) compile with -sALLOW_MEMORY_GROWTH which allows increasing the size at runtime, or (3) if you want malloc to return NULL (0) instead of this abort, compile with -sABORTING_MALLOC=0)
/home/test/workspace/openh264/test/encoder_binary_comparison/AllTestData/Adobe_PDF_sample_a_1024x768_50Frms.264/h264enc.js:167
      throw ex;
      ^

RuntimeError: Aborted(Cannot enlarge memory arrays to size 19111936 bytes (OOM). Either (1) compile with -sINITIAL_MEMORY=X with X higher than the current value 16777216, (2) compile with -sALLOW_MEMORY_GROWTH which allows increasing the size at runtime, or (3) if you want malloc to return NULL (0) instead of this abort, compile with -sABORTING_MALLOC=0)
    at abort (/home/test/workspace/openh264/test/encoder_binary_comparison/AllTestData/Adobe_PDF_sample_a_1024x768_50Frms.264/h264enc.js:1031:11)
    at abortOnCannotGrowMemory (/home/test/workspace/openh264/test/encoder_binary_comparison/AllTestData/Adobe_PDF_sample_a_1024x768_50Frms.264/h264enc.js:4914:7)
    at _emscripten_resize_heap (/home/test/workspace/openh264/test/encoder_binary_comparison/AllTestData/Adobe_PDF_sample_a_1024x768_50Frms.264/h264enc.js:4919:7)
    at wasm://wasm/00265406:wasm-function[1133]:0x705f0
    at wasm://wasm/00265406:wasm-function[1121]:0x6e28d
    at wasm://wasm/00265406:wasm-function[775]:0x60eb2
    at wasm://wasm/00265406:wasm-function[357]:0x2e8f3
    at wasm://wasm/00265406:wasm-function[363]:0x2f261
    at wasm://wasm/00265406:wasm-function[555]:0x407f3
    at wasm://wasm/00265406:wasm-function[554]:0x405bd   [0m
[31m    Failed! Adobe_PDF_sample_a_1024x768_50Frms.264_x.yuv Case Index 50:SHA-1(Current--Benchmark): NULL-----293abd94040a983d6520a205240281bab759248d  [0m
[31m            ----YUVSHA1:  NULL,  9aa9a4d9598eb3e1093311826844f37c43e4c521  [0m
[31m           Aborted(Cannot enlarge memory arrays to size 19111936 bytes (OOM). Either (1) compile with -sINITIAL_MEMORY=X with X higher than the current value 16777216, (2) compile with -sALLOW_MEMORY_GROWTH which allows increasing the size at runtime, or (3) if you want malloc to return NULL (0) instead of this abort, compile with -sABORTING_MALLOC=0)
/home/test/workspace/openh264/test/encoder_binary_comparison/AllTestData/Adobe_PDF_sample_a_1024x768_50Frms.264/h264enc.js:167
      throw ex;
      ^

RuntimeError: Aborted(Cannot enlarge memory arrays to size 19111936 bytes (OOM). Either (1) compile with -sINITIAL_MEMORY=X with X higher than the current value 16777216, (2) compile with -sALLOW_MEMORY_GROWTH which allows increasing the size at runtime, or (3) if you want malloc to return NULL (0) instead of this abort, compile with -sABORTING_MALLOC=0)
    at abort (/home/test/workspace/openh264/test/encoder_binary_comparison/AllTestData/Adobe_PDF_sample_a_1024x768_50Frms.264/h264enc.js:1031:11)
    at abortOnCannotGrowMemory (/home/test/workspace/openh264/test/encoder_binary_comparison/AllTestData/Adobe_PDF_sample_a_1024x768_50Frms.264/h264enc.js:4914:7)
    at _emscripten_resize_heap (/home/test/workspace/openh264/test/encoder_binary_comparison/AllTestData/Adobe_PDF_sample_a_1024x768_50Frms.264/h264enc.js:4919:7)
    at wasm://wasm/00265406:wasm-function[1133]:0x705f0
    at wasm://wasm/00265406:wasm-function[1121]:0x6e28d
    at wasm://wasm/00265406:wasm-function[775]:0x60eb2
    at wasm://wasm/00265406:wasm-function[357]:0x2e8f3
    at wasm://wasm/00265406:wasm-function[363]:0x2f261
    at wasm://wasm/00265406:wasm-function[555]:0x407f3
    at wasm://wasm/00265406:wasm-function[554]:0x405bd   [0m
[31m    Failed! Adobe_PDF_sample_a_1024x768_50Frms.264_x.yuv Case Index 51:SHA-1(Current--Benchmark): NULL-----293abd94040a983d6520a205240281bab759248d  [0m
[31m            ----YUVSHA1:  NULL,  9aa9a4d9598eb3e1093311826844f37c43e4c521  [0m
[31m           Aborted(Cannot enlarge memory arrays to size 19111936 bytes (OOM). Either (1) compile with -sINITIAL_MEMORY=X with X higher than the current value 16777216, (2) compile with -sALLOW_MEMORY_GROWTH which allows increasing the size at runtime, or (3) if you want malloc to return NULL (0) instead of this abort, compile with -sABORTING_MALLOC=0)
/home/test/workspace/openh264/test/encoder_binary_comparison/AllTestData/Adobe_PDF_sample_a_1024x768_50Frms.264/h264enc.js:167
      throw ex;
      ^

RuntimeError: Aborted(Cannot enlarge memory arrays to size 19111936 bytes (OOM). Either (1) compile with -sINITIAL_MEMORY=X with X higher than the current value 16777216, (2) compile with -sALLOW_MEMORY_GROWTH which allows increasing the size at runtime, or (3) if you want malloc to return NULL (0) instead of this abort, compile with -sABORTING_MALLOC=0)
    at abort (/home/test/workspace/openh264/test/encoder_binary_comparison/AllTestData/Adobe_PDF_sample_a_1024x768_50Frms.264/h264enc.js:1031:11)
    at abortOnCannotGrowMemory (/home/test/workspace/openh264/test/encoder_binary_comparison/AllTestData/Adobe_PDF_sample_a_1024x768_50Frms.264/h264enc.js:4914:7)
    at _emscripten_resize_heap (/home/test/workspace/openh264/test/encoder_binary_comparison/AllTestData/Adobe_PDF_sample_a_1024x768_50Frms.264/h264enc.js:4919:7)
    at wasm://wasm/00265406:wasm-function[1133]:0x705f0
    at wasm://wasm/00265406:wasm-function[1121]:0x6e28d
    at wasm://wasm/00265406:wasm-function[775]:0x60eb2
    at wasm://wasm/00265406:wasm-function[357]:0x2e8f3
    at wasm://wasm/00265406:wasm-function[363]:0x2f261
    at wasm://wasm/00265406:wasm-function[555]:0x407f3
    at wasm://wasm/00265406:wasm-function[554]:0x405bd   [0m
[31m    Failed! Adobe_PDF_sample_a_1024x768_50Frms.264_x.yuv Case Index 52:SHA-1(Current--Benchmark): NULL-----293abd94040a983d6520a205240281bab759248d  [0m
[31m            ----YUVSHA1:  NULL,  9aa9a4d9598eb3e1093311826844f37c43e4c521  [0m
[31m           Aborted(Cannot enlarge memory arrays to size 19111936 bytes (OOM). Either (1) compile with -sINITIAL_MEMORY=X with X higher than the current value 16777216, (2) compile with -sALLOW_MEMORY_GROWTH which allows increasing the size at runtime, or (3) if you want malloc to return NULL (0) instead of this abort, compile with -sABORTING_MALLOC=0)
/home/test/workspace/openh264/test/encoder_binary_comparison/AllTestData/Adobe_PDF_sample_a_1024x768_50Frms.264/h264enc.js:167
      throw ex;
      ^

RuntimeError: Aborted(Cannot enlarge memory arrays to size 19111936 bytes (OOM). Either (1) compile with -sINITIAL_MEMORY=X with X higher than the current value 16777216, (2) compile with -sALLOW_MEMORY_GROWTH which allows increasing the size at runtime, or (3) if you want malloc to return NULL (0) instead of this abort, compile with -sABORTING_MALLOC=0)
    at abort (/home/test/workspace/openh264/test/encoder_binary_comparison/AllTestData/Adobe_PDF_sample_a_1024x768_50Frms.264/h264enc.js:1031:11)
    at abortOnCannotGrowMemory (/home/test/workspace/openh264/test/encoder_binary_comparison/AllTestData/Adobe_PDF_sample_a_1024x768_50Frms.264/h264enc.js:4914:7)
    at _emscripten_resize_heap (/home/test/workspace/openh264/test/encoder_binary_comparison/AllTestData/Adobe_PDF_sample_a_1024x768_50Frms.264/h264enc.js:4919:7)
    at wasm://wasm/00265406:wasm-function[1133]:0x705f0
    at wasm://wasm/00265406:wasm-function[1121]:0x6e28d
    at wasm://wasm/00265406:wasm-function[775]:0x60eb2
    at wasm://wasm/00265406:wasm-function[357]:0x2e8f3
    at wasm://wasm/00265406:wasm-function[363]:0x2f261
    at wasm://wasm/00265406:wasm-function[555]:0x407f3
    at wasm://wasm/00265406:wasm-function[554]:0x405bd   [0m
[31m    Failed! Adobe_PDF_sample_a_1024x768_50Frms.264_x.yuv Case Index 53:SHA-1(Current--Benchmark): NULL-----293abd94040a983d6520a205240281bab759248d  [0m
[31m            ----YUVSHA1:  NULL,  9aa9a4d9598eb3e1093311826844f37c43e4c521  [0m
[31m           Aborted(Cannot enlarge memory arrays to size 19111936 bytes (OOM). Either (1) compile with -sINITIAL_MEMORY=X with X higher than the current value 16777216, (2) compile with -sALLOW_MEMORY_GROWTH which allows increasing the size at runtime, or (3) if you want malloc to return NULL (0) instead of this abort, compile with -sABORTING_MALLOC=0)
/home/test/workspace/openh264/test/encoder_binary_comparison/AllTestData/Adobe_PDF_sample_a_1024x768_50Frms.264/h264enc.js:167
      throw ex;
      ^

RuntimeError: Aborted(Cannot enlarge memory arrays to size 19111936 bytes (OOM). Either (1) compile with -sINITIAL_MEMORY=X with X higher than the current value 16777216, (2) compile with -sALLOW_MEMORY_GROWTH which allows increasing the size at runtime, or (3) if you want malloc to return NULL (0) instead of this abort, compile with -sABORTING_MALLOC=0)
    at abort (/home/test/workspace/openh264/test/encoder_binary_comparison/AllTestData/Adobe_PDF_sample_a_1024x768_50Frms.264/h264enc.js:1031:11)
    at abortOnCannotGrowMemory (/home/test/workspace/openh264/test/encoder_binary_comparison/AllTestData/Adobe_PDF_sample_a_1024x768_50Frms.264/h264enc.js:4914:7)
    at _emscripten_resize_heap (/home/test/workspace/openh264/test/encoder_binary_comparison/AllTestData/Adobe_PDF_sample_a_1024x768_50Frms.264/h264enc.js:4919:7)
    at wasm://wasm/00265406:wasm-function[1133]:0x705f0
    at wasm://wasm/00265406:wasm-function[1121]:0x6e28d
    at wasm://wasm/00265406:wasm-function[775]:0x60eb2
    at wasm://wasm/00265406:wasm-function[357]:0x2e8f3
    at wasm://wasm/00265406:wasm-function[363]:0x2f261
    at wasm://wasm/00265406:wasm-function[555]:0x407f3
    at wasm://wasm/00265406:wasm-function[554]:0x405bd   [0m
[31m    Failed! Adobe_PDF_sample_a_1024x768_50Frms.264_x.yuv Case Index 54:SHA-1(Current--Benchmark): NULL-----293abd94040a983d6520a205240281bab759248d  [0m
[31m            ----YUVSHA1:  NULL,  9aa9a4d9598eb3e1093311826844f37c43e4c521  [0m
[31m           Aborted(Cannot enlarge memory arrays to size 19111936 bytes (OOM). Either (1) compile with -sINITIAL_MEMORY=X with X higher than the current value 16777216, (2) compile with -sALLOW_MEMORY_GROWTH which allows increasing the size at runtime, or (3) if you want malloc to return NULL (0) instead of this abort, compile with -sABORTING_MALLOC=0)
/home/test/workspace/openh264/test/encoder_binary_comparison/AllTestData/Adobe_PDF_sample_a_1024x768_50Frms.264/h264enc.js:167
      throw ex;
      ^

RuntimeError: Aborted(Cannot enlarge memory arrays to size 19111936 bytes (OOM). Either (1) compile with -sINITIAL_MEMORY=X with X higher than the current value 16777216, (2) compile with -sALLOW_MEMORY_GROWTH which allows increasing the size at runtime, or (3) if you want malloc to return NULL (0) instead of this abort, compile with -sABORTING_MALLOC=0)
    at abort (/home/test/workspace/openh264/test/encoder_binary_comparison/AllTestData/Adobe_PDF_sample_a_1024x768_50Frms.264/h264enc.js:1031:11)
    at abortOnCannotGrowMemory (/home/test/workspace/openh264/test/encoder_binary_comparison/AllTestData/Adobe_PDF_sample_a_1024x768_50Frms.264/h264enc.js:4914:7)
    at _emscripten_resize_heap (/home/test/workspace/openh264/test/encoder_binary_comparison/AllTestData/Adobe_PDF_sample_a_1024x768_50Frms.264/h264enc.js:4919:7)
    at wasm://wasm/00265406:wasm-function[1133]:0x705f0
    at wasm://wasm/00265406:wasm-function[1121]:0x6e28d
    at wasm://wasm/00265406:wasm-function[775]:0x60eb2
    at wasm://wasm/00265406:wasm-function[357]:0x2e8f3
    at wasm://wasm/00265406:wasm-function[363]:0x2f261
    at wasm://wasm/00265406:wasm-function[555]:0x407f3
    at wasm://wasm/00265406:wasm-function[554]:0x405bd   [0m
[31m    Failed! Adobe_PDF_sample_a_1024x768_50Frms.264_x.yuv Case Index 55:SHA-1(Current--Benchmark): NULL-----293abd94040a983d6520a205240281bab759248d  [0m
[31m            ----YUVSHA1:  NULL,  9aa9a4d9598eb3e1093311826844f37c43e4c521  [0m
[31m           Aborted(Cannot enlarge memory arrays to size 19111936 bytes (OOM). Either (1) compile with -sINITIAL_MEMORY=X with X higher than the current value 16777216, (2) compile with -sALLOW_MEMORY_GROWTH which allows increasing the size at runtime, or (3) if you want malloc to return NULL (0) instead of this abort, compile with -sABORTING_MALLOC=0)
/home/test/workspace/openh264/test/encoder_binary_comparison/AllTestData/Adobe_PDF_sample_a_1024x768_50Frms.264/h264enc.js:167
      throw ex;
      ^

RuntimeError: Aborted(Cannot enlarge memory arrays to size 19111936 bytes (OOM). Either (1) compile with -sINITIAL_MEMORY=X with X higher than the current value 16777216, (2) compile with -sALLOW_MEMORY_GROWTH which allows increasing the size at runtime, or (3) if you want malloc to return NULL (0) instead of this abort, compile with -sABORTING_MALLOC=0)
    at abort (/home/test/workspace/openh264/test/encoder_binary_comparison/AllTestData/Adobe_PDF_sample_a_1024x768_50Frms.264/h264enc.js:1031:11)
    at abortOnCannotGrowMemory (/home/test/workspace/openh264/test/encoder_binary_comparison/AllTestData/Adobe_PDF_sample_a_1024x768_50Frms.264/h264enc.js:4914:7)
    at _emscripten_resize_heap (/home/test/workspace/openh264/test/encoder_binary_comparison/AllTestData/Adobe_PDF_sample_a_1024x768_50Frms.264/h264enc.js:4919:7)
    at wasm://wasm/00265406:wasm-function[1133]:0x705f0
    at wasm://wasm/00265406:wasm-function[1121]:0x6e28d
    at wasm://wasm/00265406:wasm-function[775]:0x60eb2
    at wasm://wasm/00265406:wasm-function[357]:0x2e8f3
    at wasm://wasm/00265406:wasm-function[363]:0x2f261
    at wasm://wasm/00265406:wasm-function[555]:0x407f3
    at wasm://wasm/00265406:wasm-function[554]:0x405bd   [0m
[31m    Failed! Adobe_PDF_sample_a_1024x768_50Frms.264_x.yuv Case Index 56:SHA-1(Current--Benchmark): NULL-----293abd94040a983d6520a205240281bab759248d  [0m
[31m            ----YUVSHA1:  NULL,  9aa9a4d9598eb3e1093311826844f37c43e4c521  [0m
[31m           Aborted(Cannot enlarge memory arrays to size 19111936 bytes (OOM). Either (1) compile with -sINITIAL_MEMORY=X with X higher than the current value 16777216, (2) compile with -sALLOW_MEMORY_GROWTH which allows increasing the size at runtime, or (3) if you want malloc to return NULL (0) instead of this abort, compile with -sABORTING_MALLOC=0)
/home/test/workspace/openh264/test/encoder_binary_comparison/AllTestData/Adobe_PDF_sample_a_1024x768_50Frms.264/h264enc.js:167
      throw ex;
      ^

RuntimeError: Aborted(Cannot enlarge memory arrays to size 19111936 bytes (OOM). Either (1) compile with -sINITIAL_MEMORY=X with X higher than the current value 16777216, (2) compile with -sALLOW_MEMORY_GROWTH which allows increasing the size at runtime, or (3) if you want malloc to return NULL (0) instead of this abort, compile with -sABORTING_MALLOC=0)
    at abort (/home/test/workspace/openh264/test/encoder_binary_comparison/AllTestData/Adobe_PDF_sample_a_1024x768_50Frms.264/h264enc.js:1031:11)
    at abortOnCannotGrowMemory (/home/test/workspace/openh264/test/encoder_binary_comparison/AllTestData/Adobe_PDF_sample_a_1024x768_50Frms.264/h264enc.js:4914:7)
    at _emscripten_resize_heap (/home/test/workspace/openh264/test/encoder_binary_comparison/AllTestData/Adobe_PDF_sample_a_1024x768_50Frms.264/h264enc.js:4919:7)
    at wasm://wasm/00265406:wasm-function[1133]:0x705f0
    at wasm://wasm/00265406:wasm-function[1121]:0x6e28d
    at wasm://wasm/00265406:wasm-function[775]:0x60eb2
    at wasm://wasm/00265406:wasm-function[357]:0x2e8f3
    at wasm://wasm/00265406:wasm-function[363]:0x2f261
    at wasm://wasm/00265406:wasm-function[555]:0x407f3
    at wasm://wasm/00265406:wasm-function[554]:0x405bd   [0m
[31m    Failed! Adobe_PDF_sample_a_1024x768_50Frms.264_x.yuv Case Index 57:SHA-1(Current--Benchmark): NULL-----293abd94040a983d6520a205240281bab759248d  [0m
[31m            ----YUVSHA1:  NULL,  9aa9a4d9598eb3e1093311826844f37c43e4c521  [0m
[31m           Aborted(Cannot enlarge memory arrays to size 19111936 bytes (OOM). Either (1) compile with -sINITIAL_MEMORY=X with X higher than the current value 16777216, (2) compile with -sALLOW_MEMORY_GROWTH which allows increasing the size at runtime, or (3) if you want malloc to return NULL (0) instead of this abort, compile with -sABORTING_MALLOC=0)
/home/test/workspace/openh264/test/encoder_binary_comparison/AllTestData/Adobe_PDF_sample_a_1024x768_50Frms.264/h264enc.js:167
      throw ex;
      ^

RuntimeError: Aborted(Cannot enlarge memory arrays to size 19111936 bytes (OOM). Either (1) compile with -sINITIAL_MEMORY=X with X higher than the current value 16777216, (2) compile with -sALLOW_MEMORY_GROWTH which allows increasing the size at runtime, or (3) if you want malloc to return NULL (0) instead of this abort, compile with -sABORTING_MALLOC=0)
    at abort (/home/test/workspace/openh264/test/encoder_binary_comparison/AllTestData/Adobe_PDF_sample_a_1024x768_50Frms.264/h264enc.js:1031:11)
    at abortOnCannotGrowMemory (/home/test/workspace/openh264/test/encoder_binary_comparison/AllTestData/Adobe_PDF_sample_a_1024x768_50Frms.264/h264enc.js:4914:7)
    at _emscripten_resize_heap (/home/test/workspace/openh264/test/encoder_binary_comparison/AllTestData/Adobe_PDF_sample_a_1024x768_50Frms.264/h264enc.js:4919:7)
    at wasm://wasm/00265406:wasm-function[1133]:0x705f0
    at wasm://wasm/00265406:wasm-function[1121]:0x6e28d
    at wasm://wasm/00265406:wasm-function[775]:0x60eb2
    at wasm://wasm/00265406:wasm-function[357]:0x2e8f3
    at wasm://wasm/00265406:wasm-function[363]:0x2f261
    at wasm://wasm/00265406:wasm-function[555]:0x407f3
    at wasm://wasm/00265406:wasm-function[554]:0x405bd   [0m
[31m    Failed! Adobe_PDF_sample_a_1024x768_50Frms.264_x.yuv Case Index 58:SHA-1(Current--Benchmark): NULL-----293abd94040a983d6520a205240281bab759248d  [0m
[31m            ----YUVSHA1:  NULL,  9aa9a4d9598eb3e1093311826844f37c43e4c521  [0m
[31m           Aborted(Cannot enlarge memory arrays to size 19111936 bytes (OOM). Either (1) compile with -sINITIAL_MEMORY=X with X higher than the current value 16777216, (2) compile with -sALLOW_MEMORY_GROWTH which allows increasing the size at runtime, or (3) if you want malloc to return NULL (0) instead of this abort, compile with -sABORTING_MALLOC=0)
/home/test/workspace/openh264/test/encoder_binary_comparison/AllTestData/Adobe_PDF_sample_a_1024x768_50Frms.264/h264enc.js:167
      throw ex;
      ^

RuntimeError: Aborted(Cannot enlarge memory arrays to size 19111936 bytes (OOM). Either (1) compile with -sINITIAL_MEMORY=X with X higher than the current value 16777216, (2) compile with -sALLOW_MEMORY_GROWTH which allows increasing the size at runtime, or (3) if you want malloc to return NULL (0) instead of this abort, compile with -sABORTING_MALLOC=0)
    at abort (/home/test/workspace/openh264/test/encoder_binary_comparison/AllTestData/Adobe_PDF_sample_a_1024x768_50Frms.264/h264enc.js:1031:11)
    at abortOnCannotGrowMemory (/home/test/workspace/openh264/test/encoder_binary_comparison/AllTestData/Adobe_PDF_sample_a_1024x768_50Frms.264/h264enc.js:4914:7)
    at _emscripten_resize_heap (/home/test/workspace/openh264/test/encoder_binary_comparison/AllTestData/Adobe_PDF_sample_a_1024x768_50Frms.264/h264enc.js:4919:7)
    at wasm://wasm/00265406:wasm-function[1133]:0x705f0
    at wasm://wasm/00265406:wasm-function[1121]:0x6e28d
    at wasm://wasm/00265406:wasm-function[775]:0x60eb2
    at wasm://wasm/00265406:wasm-function[357]:0x2e8f3
    at wasm://wasm/00265406:wasm-function[363]:0x2f261
    at wasm://wasm/00265406:wasm-function[555]:0x407f3
    at wasm://wasm/00265406:wasm-function[554]:0x405bd   [0m
[31m    Failed! Adobe_PDF_sample_a_1024x768_50Frms.264_x.yuv Case Index 59:SHA-1(Current--Benchmark): NULL-----293abd94040a983d6520a205240281bab759248d  [0m
[31m            ----YUVSHA1:  NULL,  9aa9a4d9598eb3e1093311826844f37c43e4c521  [0m
[31m           Aborted(Cannot enlarge memory arrays to size 19111936 bytes (OOM). Either (1) compile with -sINITIAL_MEMORY=X with X higher than the current value 16777216, (2) compile with -sALLOW_MEMORY_GROWTH which allows increasing the size at runtime, or (3) if you want malloc to return NULL (0) instead of this abort, compile with -sABORTING_MALLOC=0)
/home/test/workspace/openh264/test/encoder_binary_comparison/AllTestData/Adobe_PDF_sample_a_1024x768_50Frms.264/h264enc.js:167
      throw ex;
      ^

RuntimeError: Aborted(Cannot enlarge memory arrays to size 19111936 bytes (OOM). Either (1) compile with -sINITIAL_MEMORY=X with X higher than the current value 16777216, (2) compile with -sALLOW_MEMORY_GROWTH which allows increasing the size at runtime, or (3) if you want malloc to return NULL (0) instead of this abort, compile with -sABORTING_MALLOC=0)
    at abort (/home/test/workspace/openh264/test/encoder_binary_comparison/AllTestData/Adobe_PDF_sample_a_1024x768_50Frms.264/h264enc.js:1031:11)
    at abortOnCannotGrowMemory (/home/test/workspace/openh264/test/encoder_binary_comparison/AllTestData/Adobe_PDF_sample_a_1024x768_50Frms.264/h264enc.js:4914:7)
    at _emscripten_resize_heap (/home/test/workspace/openh264/test/encoder_binary_comparison/AllTestData/Adobe_PDF_sample_a_1024x768_50Frms.264/h264enc.js:4919:7)
    at wasm://wasm/00265406:wasm-function[1133]:0x705f0
    at wasm://wasm/00265406:wasm-function[1121]:0x6e28d
    at wasm://wasm/00265406:wasm-function[775]:0x60eb2
    at wasm://wasm/00265406:wasm-function[357]:0x2e8f3
    at wasm://wasm/00265406:wasm-function[363]:0x2f261
    at wasm://wasm/00265406:wasm-function[555]:0x407f3
    at wasm://wasm/00265406:wasm-function[554]:0x405bd   [0m
[31m    Failed! Adobe_PDF_sample_a_1024x768_50Frms.264_x.yuv Case Index 60:SHA-1(Current--Benchmark): NULL-----293abd94040a983d6520a205240281bab759248d  [0m
[31m            ----YUVSHA1:  NULL,  9aa9a4d9598eb3e1093311826844f37c43e4c521  [0m
[31m           Aborted(Cannot enlarge memory arrays to size 19111936 bytes (OOM). Either (1) compile with -sINITIAL_MEMORY=X with X higher than the current value 16777216, (2) compile with -sALLOW_MEMORY_GROWTH which allows increasing the size at runtime, or (3) if you want malloc to return NULL (0) instead of this abort, compile with -sABORTING_MALLOC=0)
/home/test/workspace/openh264/test/encoder_binary_comparison/AllTestData/Adobe_PDF_sample_a_1024x768_50Frms.264/h264enc.js:167
      throw ex;
      ^

RuntimeError: Aborted(Cannot enlarge memory arrays to size 19111936 bytes (OOM). Either (1) compile with -sINITIAL_MEMORY=X with X higher than the current value 16777216, (2) compile with -sALLOW_MEMORY_GROWTH which allows increasing the size at runtime, or (3) if you want malloc to return NULL (0) instead of this abort, compile with -sABORTING_MALLOC=0)
    at abort (/home/test/workspace/openh264/test/encoder_binary_comparison/AllTestData/Adobe_PDF_sample_a_1024x768_50Frms.264/h264enc.js:1031:11)
    at abortOnCannotGrowMemory (/home/test/workspace/openh264/test/encoder_binary_comparison/AllTestData/Adobe_PDF_sample_a_1024x768_50Frms.264/h264enc.js:4914:7)
    at _emscripten_resize_heap (/home/test/workspace/openh264/test/encoder_binary_comparison/AllTestData/Adobe_PDF_sample_a_1024x768_50Frms.264/h264enc.js:4919:7)
    at wasm://wasm/00265406:wasm-function[1133]:0x705f0
    at wasm://wasm/00265406:wasm-function[1121]:0x6e28d
    at wasm://wasm/00265406:wasm-function[775]:0x60eb2
    at wasm://wasm/00265406:wasm-function[357]:0x2e8f3
    at wasm://wasm/00265406:wasm-function[363]:0x2f261
    at wasm://wasm/00265406:wasm-function[555]:0x407f3
    at wasm://wasm/00265406:wasm-function[554]:0x405bd   [0m
[31m    Failed! Adobe_PDF_sample_a_1024x768_50Frms.264_x.yuv Case Index 61:SHA-1(Current--Benchmark): NULL-----293abd94040a983d6520a205240281bab759248d  [0m
[31m            ----YUVSHA1:  NULL,  9aa9a4d9598eb3e1093311826844f37c43e4c521  [0m
[31m           Aborted(Cannot enlarge memory arrays to size 19111936 bytes (OOM). Either (1) compile with -sINITIAL_MEMORY=X with X higher than the current value 16777216, (2) compile with -sALLOW_MEMORY_GROWTH which allows increasing the size at runtime, or (3) if you want malloc to return NULL (0) instead of this abort, compile with -sABORTING_MALLOC=0)
/home/test/workspace/openh264/test/encoder_binary_comparison/AllTestData/Adobe_PDF_sample_a_1024x768_50Frms.264/h264enc.js:167
      throw ex;
      ^

RuntimeError: Aborted(Cannot enlarge memory arrays to size 19111936 bytes (OOM). Either (1) compile with -sINITIAL_MEMORY=X with X higher than the current value 16777216, (2) compile with -sALLOW_MEMORY_GROWTH which allows increasing the size at runtime, or (3) if you want malloc to return NULL (0) instead of this abort, compile with -sABORTING_MALLOC=0)
    at abort (/home/test/workspace/openh264/test/encoder_binary_comparison/AllTestData/Adobe_PDF_sample_a_1024x768_50Frms.264/h264enc.js:1031:11)
    at abortOnCannotGrowMemory (/home/test/workspace/openh264/test/encoder_binary_comparison/AllTestData/Adobe_PDF_sample_a_1024x768_50Frms.264/h264enc.js:4914:7)
    at _emscripten_resize_heap (/home/test/workspace/openh264/test/encoder_binary_comparison/AllTestData/Adobe_PDF_sample_a_1024x768_50Frms.264/h264enc.js:4919:7)
    at wasm://wasm/00265406:wasm-function[1133]:0x705f0
    at wasm://wasm/00265406:wasm-function[1121]:0x6e28d
    at wasm://wasm/00265406:wasm-function[775]:0x60eb2
    at wasm://wasm/00265406:wasm-function[357]:0x2e8f3
    at wasm://wasm/00265406:wasm-function[363]:0x2f261
    at wasm://wasm/00265406:wasm-function[555]:0x407f3
    at wasm://wasm/00265406:wasm-function[554]:0x405bd   [0m
[31m    Failed! Adobe_PDF_sample_a_1024x768_50Frms.264_x.yuv Case Index 62:SHA-1(Current--Benchmark): NULL-----293abd94040a983d6520a205240281bab759248d  [0m
[31m            ----YUVSHA1:  NULL,  9aa9a4d9598eb3e1093311826844f37c43e4c521  [0m
[31m           Aborted(Cannot enlarge memory arrays to size 19111936 bytes (OOM). Either (1) compile with -sINITIAL_MEMORY=X with X higher than the current value 16777216, (2) compile with -sALLOW_MEMORY_GROWTH which allows increasing the size at runtime, or (3) if you want malloc to return NULL (0) instead of this abort, compile with -sABORTING_MALLOC=0)
/home/test/workspace/openh264/test/encoder_binary_comparison/AllTestData/Adobe_PDF_sample_a_1024x768_50Frms.264/h264enc.js:167
      throw ex;
      ^

RuntimeError: Aborted(Cannot enlarge memory arrays to size 19111936 bytes (OOM). Either (1) compile with -sINITIAL_MEMORY=X with X higher than the current value 16777216, (2) compile with -sALLOW_MEMORY_GROWTH which allows increasing the size at runtime, or (3) if you want malloc to return NULL (0) instead of this abort, compile with -sABORTING_MALLOC=0)
    at abort (/home/test/workspace/openh264/test/encoder_binary_comparison/AllTestData/Adobe_PDF_sample_a_1024x768_50Frms.264/h264enc.js:1031:11)
    at abortOnCannotGrowMemory (/home/test/workspace/openh264/test/encoder_binary_comparison/AllTestData/Adobe_PDF_sample_a_1024x768_50Frms.264/h264enc.js:4914:7)
    at _emscripten_resize_heap (/home/test/workspace/openh264/test/encoder_binary_comparison/AllTestData/Adobe_PDF_sample_a_1024x768_50Frms.264/h264enc.js:4919:7)
    at wasm://wasm/00265406:wasm-function[1133]:0x705f0
    at wasm://wasm/00265406:wasm-function[1121]:0x6e28d
    at wasm://wasm/00265406:wasm-function[775]:0x60eb2
    at wasm://wasm/00265406:wasm-function[357]:0x2e8f3
    at wasm://wasm/00265406:wasm-function[363]:0x2f261
    at wasm://wasm/00265406:wasm-function[555]:0x407f3
    at wasm://wasm/00265406:wasm-function[554]:0x405bd   [0m
[31m    Failed! Adobe_PDF_sample_a_1024x768_50Frms.264_x.yuv Case Index 63:SHA-1(Current--Benchmark): NULL-----293abd94040a983d6520a205240281bab759248d  [0m
[31m            ----YUVSHA1:  NULL,  9aa9a4d9598eb3e1093311826844f37c43e4c521  [0m
[31m           Aborted(Cannot enlarge memory arrays to size 19111936 bytes (OOM). Either (1) compile with -sINITIAL_MEMORY=X with X higher than the current value 16777216, (2) compile with -sALLOW_MEMORY_GROWTH which allows increasing the size at runtime, or (3) if you want malloc to return NULL (0) instead of this abort, compile with -sABORTING_MALLOC=0)
/home/test/workspace/openh264/test/encoder_binary_comparison/AllTestData/Adobe_PDF_sample_a_1024x768_50Frms.264/h264enc.js:167
      throw ex;
      ^

RuntimeError: Aborted(Cannot enlarge memory arrays to size 19111936 bytes (OOM). Either (1) compile with -sINITIAL_MEMORY=X with X higher than the current value 16777216, (2) compile with -sALLOW_MEMORY_GROWTH which allows increasing the size at runtime, or (3) if you want malloc to return NULL (0) instead of this abort, compile with -sABORTING_MALLOC=0)
    at abort (/home/test/workspace/openh264/test/encoder_binary_comparison/AllTestData/Adobe_PDF_sample_a_1024x768_50Frms.264/h264enc.js:1031:11)
    at abortOnCannotGrowMemory (/home/test/workspace/openh264/test/encoder_binary_comparison/AllTestData/Adobe_PDF_sample_a_1024x768_50Frms.264/h264enc.js:4914:7)
    at _emscripten_resize_heap (/home/test/workspace/openh264/test/encoder_binary_comparison/AllTestData/Adobe_PDF_sample_a_1024x768_50Frms.264/h264enc.js:4919:7)
    at wasm://wasm/00265406:wasm-function[1133]:0x705f0
    at wasm://wasm/00265406:wasm-function[1121]:0x6e28d
    at wasm://wasm/00265406:wasm-function[775]:0x60eb2
    at wasm://wasm/00265406:wasm-function[357]:0x2e8f3
    at wasm://wasm/00265406:wasm-function[363]:0x2f261
    at wasm://wasm/00265406:wasm-function[555]:0x407f3
    at wasm://wasm/00265406:wasm-function[554]:0x405bd   [0m
[31m    Failed! Adobe_PDF_sample_a_1024x768_50Frms.264_x.yuv Case Index 64:SHA-1(Current--Benchmark): NULL-----293abd94040a983d6520a205240281bab759248d  [0m
[31m            ----YUVSHA1:  NULL,  9aa9a4d9598eb3e1093311826844f37c43e4c521  [0m
[31m           Aborted(Cannot enlarge memory arrays to size 19111936 bytes (OOM). Either (1) compile with -sINITIAL_MEMORY=X with X higher than the current value 16777216, (2) compile with -sALLOW_MEMORY_GROWTH which allows increasing the size at runtime, or (3) if you want malloc to return NULL (0) instead of this abort, compile with -sABORTING_MALLOC=0)
/home/test/workspace/openh264/test/encoder_binary_comparison/AllTestData/Adobe_PDF_sample_a_1024x768_50Frms.264/h264enc.js:167
      throw ex;
      ^

RuntimeError: Aborted(Cannot enlarge memory arrays to size 19111936 bytes (OOM). Either (1) compile with -sINITIAL_MEMORY=X with X higher than the current value 16777216, (2) compile with -sALLOW_MEMORY_GROWTH which allows increasing the size at runtime, or (3) if you want malloc to return NULL (0) instead of this abort, compile with -sABORTING_MALLOC=0)
    at abort (/home/test/workspace/openh264/test/encoder_binary_comparison/AllTestData/Adobe_PDF_sample_a_1024x768_50Frms.264/h264enc.js:1031:11)
    at abortOnCannotGrowMemory (/home/test/workspace/openh264/test/encoder_binary_comparison/AllTestData/Adobe_PDF_sample_a_1024x768_50Frms.264/h264enc.js:4914:7)
    at _emscripten_resize_heap (/home/test/workspace/openh264/test/encoder_binary_comparison/AllTestData/Adobe_PDF_sample_a_1024x768_50Frms.264/h264enc.js:4919:7)
    at wasm://wasm/00265406:wasm-function[1133]:0x705f0
    at wasm://wasm/00265406:wasm-function[1121]:0x6e28d
    at wasm://wasm/00265406:wasm-function[775]:0x60eb2
    at wasm://wasm/00265406:wasm-function[357]:0x2e8f3
    at wasm://wasm/00265406:wasm-function[363]:0x2f261
    at wasm://wasm/00265406:wasm-function[555]:0x407f3
    at wasm://wasm/00265406:wasm-function[554]:0x405bd   [0m
[31m    Failed! Adobe_PDF_sample_a_1024x768_50Frms.264_x.yuv Case Index 65:SHA-1(Current--Benchmark): NULL-----293abd94040a983d6520a205240281bab759248d  [0m
[31m            ----YUVSHA1:  NULL,  9aa9a4d9598eb3e1093311826844f37c43e4c521  [0m
[31m           Aborted(Cannot enlarge memory arrays to size 19111936 bytes (OOM). Either (1) compile with -sINITIAL_MEMORY=X with X higher than the current value 16777216, (2) compile with -sALLOW_MEMORY_GROWTH which allows increasing the size at runtime, or (3) if you want malloc to return NULL (0) instead of this abort, compile with -sABORTING_MALLOC=0)
/home/test/workspace/openh264/test/encoder_binary_comparison/AllTestData/Adobe_PDF_sample_a_1024x768_50Frms.264/h264enc.js:167
      throw ex;
      ^

RuntimeError: Aborted(Cannot enlarge memory arrays to size 19111936 bytes (OOM). Either (1) compile with -sINITIAL_MEMORY=X with X higher than the current value 16777216, (2) compile with -sALLOW_MEMORY_GROWTH which allows increasing the size at runtime, or (3) if you want malloc to return NULL (0) instead of this abort, compile with -sABORTING_MALLOC=0)
    at abort (/home/test/workspace/openh264/test/encoder_binary_comparison/AllTestData/Adobe_PDF_sample_a_1024x768_50Frms.264/h264enc.js:1031:11)
    at abortOnCannotGrowMemory (/home/test/workspace/openh264/test/encoder_binary_comparison/AllTestData/Adobe_PDF_sample_a_1024x768_50Frms.264/h264enc.js:4914:7)
    at _emscripten_resize_heap (/home/test/workspace/openh264/test/encoder_binary_comparison/AllTestData/Adobe_PDF_sample_a_1024x768_50Frms.264/h264enc.js:4919:7)
    at wasm://wasm/00265406:wasm-function[1133]:0x705f0
    at wasm://wasm/00265406:wasm-function[1121]:0x6e28d
    at wasm://wasm/00265406:wasm-function[775]:0x60eb2
    at wasm://wasm/00265406:wasm-function[357]:0x2e8f3
    at wasm://wasm/00265406:wasm-function[363]:0x2f261
    at wasm://wasm/00265406:wasm-function[555]:0x407f3
    at wasm://wasm/00265406:wasm-function[554]:0x405bd   [0m
[31m    Failed! Adobe_PDF_sample_a_1024x768_50Frms.264_x.yuv Case Index 66:SHA-1(Current--Benchmark): NULL-----293abd94040a983d6520a205240281bab759248d  [0m
[31m            ----YUVSHA1:  NULL,  9aa9a4d9598eb3e1093311826844f37c43e4c521  [0m
[31m           Aborted(Cannot enlarge memory arrays to size 19111936 bytes (OOM). Either (1) compile with -sINITIAL_MEMORY=X with X higher than the current value 16777216, (2) compile with -sALLOW_MEMORY_GROWTH which allows increasing the size at runtime, or (3) if you want malloc to return NULL (0) instead of this abort, compile with -sABORTING_MALLOC=0)
/home/test/workspace/openh264/test/encoder_binary_comparison/AllTestData/Adobe_PDF_sample_a_1024x768_50Frms.264/h264enc.js:167
      throw ex;
      ^

RuntimeError: Aborted(Cannot enlarge memory arrays to size 19111936 bytes (OOM). Either (1) compile with -sINITIAL_MEMORY=X with X higher than the current value 16777216, (2) compile with -sALLOW_MEMORY_GROWTH which allows increasing the size at runtime, or (3) if you want malloc to return NULL (0) instead of this abort, compile with -sABORTING_MALLOC=0)
    at abort (/home/test/workspace/openh264/test/encoder_binary_comparison/AllTestData/Adobe_PDF_sample_a_1024x768_50Frms.264/h264enc.js:1031:11)
    at abortOnCannotGrowMemory (/home/test/workspace/openh264/test/encoder_binary_comparison/AllTestData/Adobe_PDF_sample_a_1024x768_50Frms.264/h264enc.js:4914:7)
    at _emscripten_resize_heap (/home/test/workspace/openh264/test/encoder_binary_comparison/AllTestData/Adobe_PDF_sample_a_1024x768_50Frms.264/h264enc.js:4919:7)
    at wasm://wasm/00265406:wasm-function[1133]:0x705f0
    at wasm://wasm/00265406:wasm-function[1121]:0x6e28d
    at wasm://wasm/00265406:wasm-function[775]:0x60eb2
    at wasm://wasm/00265406:wasm-function[357]:0x2e8f3
    at wasm://wasm/00265406:wasm-function[363]:0x2f261
    at wasm://wasm/00265406:wasm-function[555]:0x407f3
    at wasm://wasm/00265406:wasm-function[554]:0x405bd   [0m
[31m    Failed! Adobe_PDF_sample_a_1024x768_50Frms.264_x.yuv Case Index 67:SHA-1(Current--Benchmark): NULL-----293abd94040a983d6520a205240281bab759248d  [0m
[31m            ----YUVSHA1:  NULL,  9aa9a4d9598eb3e1093311826844f37c43e4c521  [0m
[31m           Aborted(Cannot enlarge memory arrays to size 19111936 bytes (OOM). Either (1) compile with -sINITIAL_MEMORY=X with X higher than the current value 16777216, (2) compile with -sALLOW_MEMORY_GROWTH which allows increasing the size at runtime, or (3) if you want malloc to return NULL (0) instead of this abort, compile with -sABORTING_MALLOC=0)
/home/test/workspace/openh264/test/encoder_binary_comparison/AllTestData/Adobe_PDF_sample_a_1024x768_50Frms.264/h264enc.js:167
      throw ex;
      ^

RuntimeError: Aborted(Cannot enlarge memory arrays to size 19111936 bytes (OOM). Either (1) compile with -sINITIAL_MEMORY=X with X higher than the current value 16777216, (2) compile with -sALLOW_MEMORY_GROWTH which allows increasing the size at runtime, or (3) if you want malloc to return NULL (0) instead of this abort, compile with -sABORTING_MALLOC=0)
    at abort (/home/test/workspace/openh264/test/encoder_binary_comparison/AllTestData/Adobe_PDF_sample_a_1024x768_50Frms.264/h264enc.js:1031:11)
    at abortOnCannotGrowMemory (/home/test/workspace/openh264/test/encoder_binary_comparison/AllTestData/Adobe_PDF_sample_a_1024x768_50Frms.264/h264enc.js:4914:7)
    at _emscripten_resize_heap (/home/test/workspace/openh264/test/encoder_binary_comparison/AllTestData/Adobe_PDF_sample_a_1024x768_50Frms.264/h264enc.js:4919:7)
    at wasm://wasm/00265406:wasm-function[1133]:0x705f0
    at wasm://wasm/00265406:wasm-function[1121]:0x6e28d
    at wasm://wasm/00265406:wasm-function[775]:0x60eb2
    at wasm://wasm/00265406:wasm-function[357]:0x2e8f3
    at wasm://wasm/00265406:wasm-function[363]:0x2f261
    at wasm://wasm/00265406:wasm-function[555]:0x407f3
    at wasm://wasm/00265406:wasm-function[554]:0x405bd   [0m
[31m    Failed! Adobe_PDF_sample_a_1024x768_50Frms.264_x.yuv Case Index 68:SHA-1(Current--Benchmark): NULL-----293abd94040a983d6520a205240281bab759248d  [0m
[31m            ----YUVSHA1:  NULL,  9aa9a4d9598eb3e1093311826844f37c43e4c521  [0m
[31m           Aborted(Cannot enlarge memory arrays to size 19111936 bytes (OOM). Either (1) compile with -sINITIAL_MEMORY=X with X higher than the current value 16777216, (2) compile with -sALLOW_MEMORY_GROWTH which allows increasing the size at runtime, or (3) if you want malloc to return NULL (0) instead of this abort, compile with -sABORTING_MALLOC=0)
/home/test/workspace/openh264/test/encoder_binary_comparison/AllTestData/Adobe_PDF_sample_a_1024x768_50Frms.264/h264enc.js:167
      throw ex;
      ^

RuntimeError: Aborted(Cannot enlarge memory arrays to size 19111936 bytes (OOM). Either (1) compile with -sINITIAL_MEMORY=X with X higher than the current value 16777216, (2) compile with -sALLOW_MEMORY_GROWTH which allows increasing the size at runtime, or (3) if you want malloc to return NULL (0) instead of this abort, compile with -sABORTING_MALLOC=0)
    at abort (/home/test/workspace/openh264/test/encoder_binary_comparison/AllTestData/Adobe_PDF_sample_a_1024x768_50Frms.264/h264enc.js:1031:11)
    at abortOnCannotGrowMemory (/home/test/workspace/openh264/test/encoder_binary_comparison/AllTestData/Adobe_PDF_sample_a_1024x768_50Frms.264/h264enc.js:4914:7)
    at _emscripten_resize_heap (/home/test/workspace/openh264/test/encoder_binary_comparison/AllTestData/Adobe_PDF_sample_a_1024x768_50Frms.264/h264enc.js:4919:7)
    at wasm://wasm/00265406:wasm-function[1133]:0x705f0
    at wasm://wasm/00265406:wasm-function[1121]:0x6e28d
    at wasm://wasm/00265406:wasm-function[775]:0x60eb2
    at wasm://wasm/00265406:wasm-function[357]:0x2e8f3
    at wasm://wasm/00265406:wasm-function[363]:0x2f261
    at wasm://wasm/00265406:wasm-function[555]:0x407f3
    at wasm://wasm/00265406:wasm-function[554]:0x405bd   [0m
[31m    Failed! Adobe_PDF_sample_a_1024x768_50Frms.264_x.yuv Case Index 69:SHA-1(Current--Benchmark): NULL-----293abd94040a983d6520a205240281bab759248d  [0m
[31m            ----YUVSHA1:  NULL,  9aa9a4d9598eb3e1093311826844f37c43e4c521  [0m
[31m           Aborted(Cannot enlarge memory arrays to size 19111936 bytes (OOM). Either (1) compile with -sINITIAL_MEMORY=X with X higher than the current value 16777216, (2) compile with -sALLOW_MEMORY_GROWTH which allows increasing the size at runtime, or (3) if you want malloc to return NULL (0) instead of this abort, compile with -sABORTING_MALLOC=0)
/home/test/workspace/openh264/test/encoder_binary_comparison/AllTestData/Adobe_PDF_sample_a_1024x768_50Frms.264/h264enc.js:167
      throw ex;
      ^

RuntimeError: Aborted(Cannot enlarge memory arrays to size 19111936 bytes (OOM). Either (1) compile with -sINITIAL_MEMORY=X with X higher than the current value 16777216, (2) compile with -sALLOW_MEMORY_GROWTH which allows increasing the size at runtime, or (3) if you want malloc to return NULL (0) instead of this abort, compile with -sABORTING_MALLOC=0)
    at abort (/home/test/workspace/openh264/test/encoder_binary_comparison/AllTestData/Adobe_PDF_sample_a_1024x768_50Frms.264/h264enc.js:1031:11)
    at abortOnCannotGrowMemory (/home/test/workspace/openh264/test/encoder_binary_comparison/AllTestData/Adobe_PDF_sample_a_1024x768_50Frms.264/h264enc.js:4914:7)
    at _emscripten_resize_heap (/home/test/workspace/openh264/test/encoder_binary_comparison/AllTestData/Adobe_PDF_sample_a_1024x768_50Frms.264/h264enc.js:4919:7)
    at wasm://wasm/00265406:wasm-function[1133]:0x705f0
    at wasm://wasm/00265406:wasm-function[1121]:0x6e28d
    at wasm://wasm/00265406:wasm-function[775]:0x60eb2
    at wasm://wasm/00265406:wasm-function[357]:0x2e8f3
    at wasm://wasm/00265406:wasm-function[363]:0x2f261
    at wasm://wasm/00265406:wasm-function[555]:0x407f3
    at wasm://wasm/00265406:wasm-function[554]:0x405bd   [0m
[31m    Failed! Adobe_PDF_sample_a_1024x768_50Frms.264_x.yuv Case Index 70:SHA-1(Current--Benchmark): NULL-----293abd94040a983d6520a205240281bab759248d  [0m
[31m            ----YUVSHA1:  NULL,  9aa9a4d9598eb3e1093311826844f37c43e4c521  [0m
[31m           Aborted(Cannot enlarge memory arrays to size 19111936 bytes (OOM). Either (1) compile with -sINITIAL_MEMORY=X with X higher than the current value 16777216, (2) compile with -sALLOW_MEMORY_GROWTH which allows increasing the size at runtime, or (3) if you want malloc to return NULL (0) instead of this abort, compile with -sABORTING_MALLOC=0)
/home/test/workspace/openh264/test/encoder_binary_comparison/AllTestData/Adobe_PDF_sample_a_1024x768_50Frms.264/h264enc.js:167
      throw ex;
      ^

RuntimeError: Aborted(Cannot enlarge memory arrays to size 19111936 bytes (OOM). Either (1) compile with -sINITIAL_MEMORY=X with X higher than the current value 16777216, (2) compile with -sALLOW_MEMORY_GROWTH which allows increasing the size at runtime, or (3) if you want malloc to return NULL (0) instead of this abort, compile with -sABORTING_MALLOC=0)
    at abort (/home/test/workspace/openh264/test/encoder_binary_comparison/AllTestData/Adobe_PDF_sample_a_1024x768_50Frms.264/h264enc.js:1031:11)
    at abortOnCannotGrowMemory (/home/test/workspace/openh264/test/encoder_binary_comparison/AllTestData/Adobe_PDF_sample_a_1024x768_50Frms.264/h264enc.js:4914:7)
    at _emscripten_resize_heap (/home/test/workspace/openh264/test/encoder_binary_comparison/AllTestData/Adobe_PDF_sample_a_1024x768_50Frms.264/h264enc.js:4919:7)
    at wasm://wasm/00265406:wasm-function[1133]:0x705f0
    at wasm://wasm/00265406:wasm-function[1121]:0x6e28d
    at wasm://wasm/00265406:wasm-function[775]:0x60eb2
    at wasm://wasm/00265406:wasm-function[357]:0x2e8f3
    at wasm://wasm/00265406:wasm-function[363]:0x2f261
    at wasm://wasm/00265406:wasm-function[555]:0x407f3
    at wasm://wasm/00265406:wasm-function[554]:0x405bd   [0m
[31m    Failed! Adobe_PDF_sample_a_1024x768_50Frms.264_x.yuv Case Index 71:SHA-1(Current--Benchmark): NULL-----293abd94040a983d6520a205240281bab759248d  [0m
[31m            ----YUVSHA1:  NULL,  9aa9a4d9598eb3e1093311826844f37c43e4c521  [0m
[31m           Aborted(Cannot enlarge memory arrays to size 19111936 bytes (OOM). Either (1) compile with -sINITIAL_MEMORY=X with X higher than the current value 16777216, (2) compile with -sALLOW_MEMORY_GROWTH which allows increasing the size at runtime, or (3) if you want malloc to return NULL (0) instead of this abort, compile with -sABORTING_MALLOC=0)
/home/test/workspace/openh264/test/encoder_binary_comparison/AllTestData/Adobe_PDF_sample_a_1024x768_50Frms.264/h264enc.js:167
      throw ex;
      ^

RuntimeError: Aborted(Cannot enlarge memory arrays to size 19111936 bytes (OOM). Either (1) compile with -sINITIAL_MEMORY=X with X higher than the current value 16777216, (2) compile with -sALLOW_MEMORY_GROWTH which allows increasing the size at runtime, or (3) if you want malloc to return NULL (0) instead of this abort, compile with -sABORTING_MALLOC=0)
    at abort (/home/test/workspace/openh264/test/encoder_binary_comparison/AllTestData/Adobe_PDF_sample_a_1024x768_50Frms.264/h264enc.js:1031:11)
    at abortOnCannotGrowMemory (/home/test/workspace/openh264/test/encoder_binary_comparison/AllTestData/Adobe_PDF_sample_a_1024x768_50Frms.264/h264enc.js:4914:7)
    at _emscripten_resize_heap (/home/test/workspace/openh264/test/encoder_binary_comparison/AllTestData/Adobe_PDF_sample_a_1024x768_50Frms.264/h264enc.js:4919:7)
    at wasm://wasm/00265406:wasm-function[1133]:0x705f0
    at wasm://wasm/00265406:wasm-function[1121]:0x6e28d
    at wasm://wasm/00265406:wasm-function[775]:0x60eb2
    at wasm://wasm/00265406:wasm-function[357]:0x2e8f3
    at wasm://wasm/00265406:wasm-function[363]:0x2f261
    at wasm://wasm/00265406:wasm-function[555]:0x407f3
    at wasm://wasm/00265406:wasm-function[554]:0x405bd   [0m
[31m    Failed! Adobe_PDF_sample_a_1024x768_50Frms.264_x.yuv Case Index 72:SHA-1(Current--Benchmark): NULL-----293abd94040a983d6520a205240281bab759248d  [0m
[31m            ----YUVSHA1:  NULL,  9aa9a4d9598eb3e1093311826844f37c43e4c521  [0m
[31m           Aborted(Cannot enlarge memory arrays to size 19111936 bytes (OOM). Either (1) compile with -sINITIAL_MEMORY=X with X higher than the current value 16777216, (2) compile with -sALLOW_MEMORY_GROWTH which allows increasing the size at runtime, or (3) if you want malloc to return NULL (0) instead of this abort, compile with -sABORTING_MALLOC=0)
/home/test/workspace/openh264/test/encoder_binary_comparison/AllTestData/Adobe_PDF_sample_a_1024x768_50Frms.264/h264enc.js:167
      throw ex;
      ^

RuntimeError: Aborted(Cannot enlarge memory arrays to size 19111936 bytes (OOM). Either (1) compile with -sINITIAL_MEMORY=X with X higher than the current value 16777216, (2) compile with -sALLOW_MEMORY_GROWTH which allows increasing the size at runtime, or (3) if you want malloc to return NULL (0) instead of this abort, compile with -sABORTING_MALLOC=0)
    at abort (/home/test/workspace/openh264/test/encoder_binary_comparison/AllTestData/Adobe_PDF_sample_a_1024x768_50Frms.264/h264enc.js:1031:11)
    at abortOnCannotGrowMemory (/home/test/workspace/openh264/test/encoder_binary_comparison/AllTestData/Adobe_PDF_sample_a_1024x768_50Frms.264/h264enc.js:4914:7)
    at _emscripten_resize_heap (/home/test/workspace/openh264/test/encoder_binary_comparison/AllTestData/Adobe_PDF_sample_a_1024x768_50Frms.264/h264enc.js:4919:7)
    at wasm://wasm/00265406:wasm-function[1133]:0x705f0
    at wasm://wasm/00265406:wasm-function[1121]:0x6e28d
    at wasm://wasm/00265406:wasm-function[775]:0x60eb2
    at wasm://wasm/00265406:wasm-function[357]:0x2e8f3
    at wasm://wasm/00265406:wasm-function[363]:0x2f261
    at wasm://wasm/00265406:wasm-function[555]:0x407f3
    at wasm://wasm/00265406:wasm-function[554]:0x405bd   [0m
[31m    Failed! Adobe_PDF_sample_a_1024x768_50Frms.264_x.yuv Case Index 73:SHA-1(Current--Benchmark): NULL-----293abd94040a983d6520a205240281bab759248d  [0m
[31m            ----YUVSHA1:  NULL,  9aa9a4d9598eb3e1093311826844f37c43e4c521  [0m
[31m           Aborted(Cannot enlarge memory arrays to size 19111936 bytes (OOM). Either (1) compile with -sINITIAL_MEMORY=X with X higher than the current value 16777216, (2) compile with -sALLOW_MEMORY_GROWTH which allows increasing the size at runtime, or (3) if you want malloc to return NULL (0) instead of this abort, compile with -sABORTING_MALLOC=0)
/home/test/workspace/openh264/test/encoder_binary_comparison/AllTestData/Adobe_PDF_sample_a_1024x768_50Frms.264/h264enc.js:167
      throw ex;
      ^

RuntimeError: Aborted(Cannot enlarge memory arrays to size 19111936 bytes (OOM). Either (1) compile with -sINITIAL_MEMORY=X with X higher than the current value 16777216, (2) compile with -sALLOW_MEMORY_GROWTH which allows increasing the size at runtime, or (3) if you want malloc to return NULL (0) instead of this abort, compile with -sABORTING_MALLOC=0)
    at abort (/home/test/workspace/openh264/test/encoder_binary_comparison/AllTestData/Adobe_PDF_sample_a_1024x768_50Frms.264/h264enc.js:1031:11)
    at abortOnCannotGrowMemory (/home/test/workspace/openh264/test/encoder_binary_comparison/AllTestData/Adobe_PDF_sample_a_1024x768_50Frms.264/h264enc.js:4914:7)
    at _emscripten_resize_heap (/home/test/workspace/openh264/test/encoder_binary_comparison/AllTestData/Adobe_PDF_sample_a_1024x768_50Frms.264/h264enc.js:4919:7)
    at wasm://wasm/00265406:wasm-function[1133]:0x705f0
    at wasm://wasm/00265406:wasm-function[1121]:0x6e28d
    at wasm://wasm/00265406:wasm-function[775]:0x60eb2
    at wasm://wasm/00265406:wasm-function[357]:0x2e8f3
    at wasm://wasm/00265406:wasm-function[363]:0x2f261
    at wasm://wasm/00265406:wasm-function[555]:0x407f3
    at wasm://wasm/00265406:wasm-function[554]:0x405bd   [0m
[31m    Failed! Adobe_PDF_sample_a_1024x768_50Frms.264_x.yuv Case Index 74:SHA-1(Current--Benchmark): NULL-----293abd94040a983d6520a205240281bab759248d  [0m
[31m            ----YUVSHA1:  NULL,  9aa9a4d9598eb3e1093311826844f37c43e4c521  [0m
[31m           Aborted(Cannot enlarge memory arrays to size 19111936 bytes (OOM). Either (1) compile with -sINITIAL_MEMORY=X with X higher than the current value 16777216, (2) compile with -sALLOW_MEMORY_GROWTH which allows increasing the size at runtime, or (3) if you want malloc to return NULL (0) instead of this abort, compile with -sABORTING_MALLOC=0)
/home/test/workspace/openh264/test/encoder_binary_comparison/AllTestData/Adobe_PDF_sample_a_1024x768_50Frms.264/h264enc.js:167
      throw ex;
      ^

RuntimeError: Aborted(Cannot enlarge memory arrays to size 19111936 bytes (OOM). Either (1) compile with -sINITIAL_MEMORY=X with X higher than the current value 16777216, (2) compile with -sALLOW_MEMORY_GROWTH which allows increasing the size at runtime, or (3) if you want malloc to return NULL (0) instead of this abort, compile with -sABORTING_MALLOC=0)
    at abort (/home/test/workspace/openh264/test/encoder_binary_comparison/AllTestData/Adobe_PDF_sample_a_1024x768_50Frms.264/h264enc.js:1031:11)
    at abortOnCannotGrowMemory (/home/test/workspace/openh264/test/encoder_binary_comparison/AllTestData/Adobe_PDF_sample_a_1024x768_50Frms.264/h264enc.js:4914:7)
    at _emscripten_resize_heap (/home/test/workspace/openh264/test/encoder_binary_comparison/AllTestData/Adobe_PDF_sample_a_1024x768_50Frms.264/h264enc.js:4919:7)
    at wasm://wasm/00265406:wasm-function[1133]:0x705f0
    at wasm://wasm/00265406:wasm-function[1121]:0x6e28d
    at wasm://wasm/00265406:wasm-function[775]:0x60eb2
    at wasm://wasm/00265406:wasm-function[357]:0x2e8f3
    at wasm://wasm/00265406:wasm-function[363]:0x2f261
    at wasm://wasm/00265406:wasm-function[555]:0x407f3
    at wasm://wasm/00265406:wasm-function[554]:0x405bd   [0m
[31m    Failed! Adobe_PDF_sample_a_1024x768_50Frms.264_x.yuv Case Index 75:SHA-1(Current--Benchmark): NULL-----293abd94040a983d6520a205240281bab759248d  [0m
[31m            ----YUVSHA1:  NULL,  9aa9a4d9598eb3e1093311826844f37c43e4c521  [0m
[31m           Aborted(Cannot enlarge memory arrays to size 19111936 bytes (OOM). Either (1) compile with -sINITIAL_MEMORY=X with X higher than the current value 16777216, (2) compile with -sALLOW_MEMORY_GROWTH which allows increasing the size at runtime, or (3) if you want malloc to return NULL (0) instead of this abort, compile with -sABORTING_MALLOC=0)
/home/test/workspace/openh264/test/encoder_binary_comparison/AllTestData/Adobe_PDF_sample_a_1024x768_50Frms.264/h264enc.js:167
      throw ex;
      ^

RuntimeError: Aborted(Cannot enlarge memory arrays to size 19111936 bytes (OOM). Either (1) compile with -sINITIAL_MEMORY=X with X higher than the current value 16777216, (2) compile with -sALLOW_MEMORY_GROWTH which allows increasing the size at runtime, or (3) if you want malloc to return NULL (0) instead of this abort, compile with -sABORTING_MALLOC=0)
    at abort (/home/test/workspace/openh264/test/encoder_binary_comparison/AllTestData/Adobe_PDF_sample_a_1024x768_50Frms.264/h264enc.js:1031:11)
    at abortOnCannotGrowMemory (/home/test/workspace/openh264/test/encoder_binary_comparison/AllTestData/Adobe_PDF_sample_a_1024x768_50Frms.264/h264enc.js:4914:7)
    at _emscripten_resize_heap (/home/test/workspace/openh264/test/encoder_binary_comparison/AllTestData/Adobe_PDF_sample_a_1024x768_50Frms.264/h264enc.js:4919:7)
    at wasm://wasm/00265406:wasm-function[1133]:0x705f0
    at wasm://wasm/00265406:wasm-function[1121]:0x6e28d
    at wasm://wasm/00265406:wasm-function[775]:0x60eb2
    at wasm://wasm/00265406:wasm-function[357]:0x2e8f3
    at wasm://wasm/00265406:wasm-function[363]:0x2f261
    at wasm://wasm/00265406:wasm-function[555]:0x407f3
    at wasm://wasm/00265406:wasm-function[554]:0x405bd   [0m
[31m    Failed! Adobe_PDF_sample_a_1024x768_50Frms.264_x.yuv Case Index 76:SHA-1(Current--Benchmark): NULL-----293abd94040a983d6520a205240281bab759248d  [0m
[31m            ----YUVSHA1:  NULL,  9aa9a4d9598eb3e1093311826844f37c43e4c521  [0m
[31m           Aborted(Cannot enlarge memory arrays to size 19111936 bytes (OOM). Either (1) compile with -sINITIAL_MEMORY=X with X higher than the current value 16777216, (2) compile with -sALLOW_MEMORY_GROWTH which allows increasing the size at runtime, or (3) if you want malloc to return NULL (0) instead of this abort, compile with -sABORTING_MALLOC=0)
/home/test/workspace/openh264/test/encoder_binary_comparison/AllTestData/Adobe_PDF_sample_a_1024x768_50Frms.264/h264enc.js:167
      throw ex;
      ^

RuntimeError: Aborted(Cannot enlarge memory arrays to size 19111936 bytes (OOM). Either (1) compile with -sINITIAL_MEMORY=X with X higher than the current value 16777216, (2) compile with -sALLOW_MEMORY_GROWTH which allows increasing the size at runtime, or (3) if you want malloc to return NULL (0) instead of this abort, compile with -sABORTING_MALLOC=0)
    at abort (/home/test/workspace/openh264/test/encoder_binary_comparison/AllTestData/Adobe_PDF_sample_a_1024x768_50Frms.264/h264enc.js:1031:11)
    at abortOnCannotGrowMemory (/home/test/workspace/openh264/test/encoder_binary_comparison/AllTestData/Adobe_PDF_sample_a_1024x768_50Frms.264/h264enc.js:4914:7)
    at _emscripten_resize_heap (/home/test/workspace/openh264/test/encoder_binary_comparison/AllTestData/Adobe_PDF_sample_a_1024x768_50Frms.264/h264enc.js:4919:7)
    at wasm://wasm/00265406:wasm-function[1133]:0x705f0
    at wasm://wasm/00265406:wasm-function[1121]:0x6e28d
    at wasm://wasm/00265406:wasm-function[775]:0x60eb2
    at wasm://wasm/00265406:wasm-function[357]:0x2e8f3
    at wasm://wasm/00265406:wasm-function[363]:0x2f261
    at wasm://wasm/00265406:wasm-function[555]:0x407f3
    at wasm://wasm/00265406:wasm-function[554]:0x405bd   [0m
[31m    Failed! Adobe_PDF_sample_a_1024x768_50Frms.264_x.yuv Case Index 77:SHA-1(Current--Benchmark): NULL-----293abd94040a983d6520a205240281bab759248d  [0m
[31m            ----YUVSHA1:  NULL,  9aa9a4d9598eb3e1093311826844f37c43e4c521  [0m
[31m           Aborted(Cannot enlarge memory arrays to size 19111936 bytes (OOM). Either (1) compile with -sINITIAL_MEMORY=X with X higher than the current value 16777216, (2) compile with -sALLOW_MEMORY_GROWTH which allows increasing the size at runtime, or (3) if you want malloc to return NULL (0) instead of this abort, compile with -sABORTING_MALLOC=0)
/home/test/workspace/openh264/test/encoder_binary_comparison/AllTestData/Adobe_PDF_sample_a_1024x768_50Frms.264/h264enc.js:167
      throw ex;
      ^

RuntimeError: Aborted(Cannot enlarge memory arrays to size 19111936 bytes (OOM). Either (1) compile with -sINITIAL_MEMORY=X with X higher than the current value 16777216, (2) compile with -sALLOW_MEMORY_GROWTH which allows increasing the size at runtime, or (3) if you want malloc to return NULL (0) instead of this abort, compile with -sABORTING_MALLOC=0)
    at abort (/home/test/workspace/openh264/test/encoder_binary_comparison/AllTestData/Adobe_PDF_sample_a_1024x768_50Frms.264/h264enc.js:1031:11)
    at abortOnCannotGrowMemory (/home/test/workspace/openh264/test/encoder_binary_comparison/AllTestData/Adobe_PDF_sample_a_1024x768_50Frms.264/h264enc.js:4914:7)
    at _emscripten_resize_heap (/home/test/workspace/openh264/test/encoder_binary_comparison/AllTestData/Adobe_PDF_sample_a_1024x768_50Frms.264/h264enc.js:4919:7)
    at wasm://wasm/00265406:wasm-function[1133]:0x705f0
    at wasm://wasm/00265406:wasm-function[1121]:0x6e28d
    at wasm://wasm/00265406:wasm-function[775]:0x60eb2
    at wasm://wasm/00265406:wasm-function[357]:0x2e8f3
    at wasm://wasm/00265406:wasm-function[363]:0x2f261
    at wasm://wasm/00265406:wasm-function[555]:0x407f3
    at wasm://wasm/00265406:wasm-function[554]:0x405bd   [0m
[31m    Failed! Adobe_PDF_sample_a_1024x768_50Frms.264_x.yuv Case Index 78:SHA-1(Current--Benchmark): NULL-----293abd94040a983d6520a205240281bab759248d  [0m
[31m            ----YUVSHA1:  NULL,  9aa9a4d9598eb3e1093311826844f37c43e4c521  [0m
[31m           Aborted(Cannot enlarge memory arrays to size 19111936 bytes (OOM). Either (1) compile with -sINITIAL_MEMORY=X with X higher than the current value 16777216, (2) compile with -sALLOW_MEMORY_GROWTH which allows increasing the size at runtime, or (3) if you want malloc to return NULL (0) instead of this abort, compile with -sABORTING_MALLOC=0)
/home/test/workspace/openh264/test/encoder_binary_comparison/AllTestData/Adobe_PDF_sample_a_1024x768_50Frms.264/h264enc.js:167
      throw ex;
      ^

RuntimeError: Aborted(Cannot enlarge memory arrays to size 19111936 bytes (OOM). Either (1) compile with -sINITIAL_MEMORY=X with X higher than the current value 16777216, (2) compile with -sALLOW_MEMORY_GROWTH which allows increasing the size at runtime, or (3) if you want malloc to return NULL (0) instead of this abort, compile with -sABORTING_MALLOC=0)
    at abort (/home/test/workspace/openh264/test/encoder_binary_comparison/AllTestData/Adobe_PDF_sample_a_1024x768_50Frms.264/h264enc.js:1031:11)
    at abortOnCannotGrowMemory (/home/test/workspace/openh264/test/encoder_binary_comparison/AllTestData/Adobe_PDF_sample_a_1024x768_50Frms.264/h264enc.js:4914:7)
    at _emscripten_resize_heap (/home/test/workspace/openh264/test/encoder_binary_comparison/AllTestData/Adobe_PDF_sample_a_1024x768_50Frms.264/h264enc.js:4919:7)
    at wasm://wasm/00265406:wasm-function[1133]:0x705f0
    at wasm://wasm/00265406:wasm-function[1121]:0x6e28d
    at wasm://wasm/00265406:wasm-function[775]:0x60eb2
    at wasm://wasm/00265406:wasm-function[357]:0x2e8f3
    at wasm://wasm/00265406:wasm-function[363]:0x2f261
    at wasm://wasm/00265406:wasm-function[555]:0x407f3
    at wasm://wasm/00265406:wasm-function[554]:0x405bd   [0m
[31m    Failed! Adobe_PDF_sample_a_1024x768_50Frms.264_x.yuv Case Index 79:SHA-1(Current--Benchmark): NULL-----293abd94040a983d6520a205240281bab759248d  [0m
[31m            ----YUVSHA1:  NULL,  9aa9a4d9598eb3e1093311826844f37c43e4c521  [0m
[31m           Aborted(Cannot enlarge memory arrays to size 19111936 bytes (OOM). Either (1) compile with -sINITIAL_MEMORY=X with X higher than the current value 16777216, (2) compile with -sALLOW_MEMORY_GROWTH which allows increasing the size at runtime, or (3) if you want malloc to return NULL (0) instead of this abort, compile with -sABORTING_MALLOC=0)
/home/test/workspace/openh264/test/encoder_binary_comparison/AllTestData/Adobe_PDF_sample_a_1024x768_50Frms.264/h264enc.js:167
      throw ex;
      ^

RuntimeError: Aborted(Cannot enlarge memory arrays to size 19111936 bytes (OOM). Either (1) compile with -sINITIAL_MEMORY=X with X higher than the current value 16777216, (2) compile with -sALLOW_MEMORY_GROWTH which allows increasing the size at runtime, or (3) if you want malloc to return NULL (0) instead of this abort, compile with -sABORTING_MALLOC=0)
    at abort (/home/test/workspace/openh264/test/encoder_binary_comparison/AllTestData/Adobe_PDF_sample_a_1024x768_50Frms.264/h264enc.js:1031:11)
    at abortOnCannotGrowMemory (/home/test/workspace/openh264/test/encoder_binary_comparison/AllTestData/Adobe_PDF_sample_a_1024x768_50Frms.264/h264enc.js:4914:7)
    at _emscripten_resize_heap (/home/test/workspace/openh264/test/encoder_binary_comparison/AllTestData/Adobe_PDF_sample_a_1024x768_50Frms.264/h264enc.js:4919:7)
    at wasm://wasm/00265406:wasm-function[1133]:0x705f0
    at wasm://wasm/00265406:wasm-function[1121]:0x6e28d
    at wasm://wasm/00265406:wasm-function[775]:0x60eb2
    at wasm://wasm/00265406:wasm-function[357]:0x2e8f3
    at wasm://wasm/00265406:wasm-function[363]:0x2f261
    at wasm://wasm/00265406:wasm-function[555]:0x407f3
    at wasm://wasm/00265406:wasm-function[554]:0x405bd   [0m
[31m    Failed! Adobe_PDF_sample_a_1024x768_50Frms.264_x.yuv Case Index 80:SHA-1(Current--Benchmark): NULL-----2302714743420f9667a87870180c9ec84469a570  [0m
[31m            ----YUVSHA1:  NULL,  9aa9a4d9598eb3e1093311826844f37c43e4c521  [0m
[31m           [OpenH264] this = 0x0x514070, Error:ParamValidationExt(), WARNING: GOM based RC do not support SM_RASTER_SLICE!
Aborted(Cannot enlarge memory arrays to size 19111936 bytes (OOM). Either (1) compile with -sINITIAL_MEMORY=X with X higher than the current value 16777216, (2) compile with -sALLOW_MEMORY_GROWTH which allows increasing the size at runtime, or (3) if you want malloc to return NULL (0) instead of this abort, compile with -sABORTING_MALLOC=0)
/home/test/workspace/openh264/test/encoder_binary_comparison/AllTestData/Adobe_PDF_sample_a_1024x768_50Frms.264/h264enc.js:167
      throw ex;
      ^

RuntimeError: Aborted(Cannot enlarge memory arrays to size 19111936 bytes (OOM). Either (1) compile with -sINITIAL_MEMORY=X with X higher than the current value 16777216, (2) compile with -sALLOW_MEMORY_GROWTH which allows increasing the size at runtime, or (3) if you want malloc to return NULL (0) instead of this abort, compile with -sABORTING_MALLOC=0)
    at abort (/home/test/workspace/openh264/test/encoder_binary_comparison/AllTestData/Adobe_PDF_sample_a_1024x768_50Frms.264/h264enc.js:1031:11)
    at abortOnCannotGrowMemory (/home/test/workspace/openh264/test/encoder_binary_comparison/AllTestData/Adobe_PDF_sample_a_1024x768_50Frms.264/h264enc.js:4914:7)
    at _emscripten_resize_heap (/home/test/workspace/openh264/test/encoder_binary_comparison/AllTestData/Adobe_PDF_sample_a_1024x768_50Frms.264/h264enc.js:4919:7)
    at wasm://wasm/00265406:wasm-function[1133]:0x705f0
    at wasm://wasm/00265406:wasm-function[1121]:0x6e28d
    at wasm://wasm/00265406:wasm-function[775]:0x60eb2
    at wasm://wasm/00265406:wasm-function[357]:0x2e8f3
    at wasm://wasm/00265406:wasm-function[363]:0x2f261
    at wasm://wasm/00265406:wasm-function[555]:0x407f3
    at wasm://wasm/00265406:wasm-function[554]:0x405bd   [0m
[31m    Failed! Adobe_PDF_sample_a_1024x768_50Frms.264_x.yuv Case Index 81:SHA-1(Current--Benchmark): NULL-----2302714743420f9667a87870180c9ec84469a570  [0m
[31m            ----YUVSHA1:  NULL,  9aa9a4d9598eb3e1093311826844f37c43e4c521  [0m
[31m           [OpenH264] this = 0x0x514070, Error:ParamValidationExt(), WARNING: GOM based RC do not support SM_RASTER_SLICE!
Aborted(Cannot enlarge memory arrays to size 19111936 bytes (OOM). Either (1) compile with -sINITIAL_MEMORY=X with X higher than the current value 16777216, (2) compile with -sALLOW_MEMORY_GROWTH which allows increasing the size at runtime, or (3) if you want malloc to return NULL (0) instead of this abort, compile with -sABORTING_MALLOC=0)
/home/test/workspace/openh264/test/encoder_binary_comparison/AllTestData/Adobe_PDF_sample_a_1024x768_50Frms.264/h264enc.js:167
      throw ex;
      ^

RuntimeError: Aborted(Cannot enlarge memory arrays to size 19111936 bytes (OOM). Either (1) compile with -sINITIAL_MEMORY=X with X higher than the current value 16777216, (2) compile with -sALLOW_MEMORY_GROWTH which allows increasing the size at runtime, or (3) if you want malloc to return NULL (0) instead of this abort, compile with -sABORTING_MALLOC=0)
    at abort (/home/test/workspace/openh264/test/encoder_binary_comparison/AllTestData/Adobe_PDF_sample_a_1024x768_50Frms.264/h264enc.js:1031:11)
    at abortOnCannotGrowMemory (/home/test/workspace/openh264/test/encoder_binary_comparison/AllTestData/Adobe_PDF_sample_a_1024x768_50Frms.264/h264enc.js:4914:7)
    at _emscripten_resize_heap (/home/test/workspace/openh264/test/encoder_binary_comparison/AllTestData/Adobe_PDF_sample_a_1024x768_50Frms.264/h264enc.js:4919:7)
    at wasm://wasm/00265406:wasm-function[1133]:0x705f0
    at wasm://wasm/00265406:wasm-function[1121]:0x6e28d
    at wasm://wasm/00265406:wasm-function[775]:0x60eb2
    at wasm://wasm/00265406:wasm-function[357]:0x2e8f3
    at wasm://wasm/00265406:wasm-function[363]:0x2f261
    at wasm://wasm/00265406:wasm-function[555]:0x407f3
    at wasm://wasm/00265406:wasm-function[554]:0x405bd   [0m
[31m    Failed! Adobe_PDF_sample_a_1024x768_50Frms.264_x.yuv Case Index 82:SHA-1(Current--Benchmark): NULL-----2302714743420f9667a87870180c9ec84469a570  [0m
[31m            ----YUVSHA1:  NULL,  9aa9a4d9598eb3e1093311826844f37c43e4c521  [0m
[31m           [OpenH264] this = 0x0x514070, Error:ParamValidationExt(), WARNING: GOM based RC do not support SM_RASTER_SLICE!
Aborted(Cannot enlarge memory arrays to size 19111936 bytes (OOM). Either (1) compile with -sINITIAL_MEMORY=X with X higher than the current value 16777216, (2) compile with -sALLOW_MEMORY_GROWTH which allows increasing the size at runtime, or (3) if you want malloc to return NULL (0) instead of this abort, compile with -sABORTING_MALLOC=0)
/home/test/workspace/openh264/test/encoder_binary_comparison/AllTestData/Adobe_PDF_sample_a_1024x768_50Frms.264/h264enc.js:167
      throw ex;
      ^

RuntimeError: Aborted(Cannot enlarge memory arrays to size 19111936 bytes (OOM). Either (1) compile with -sINITIAL_MEMORY=X with X higher than the current value 16777216, (2) compile with -sALLOW_MEMORY_GROWTH which allows increasing the size at runtime, or (3) if you want malloc to return NULL (0) instead of this abort, compile with -sABORTING_MALLOC=0)
    at abort (/home/test/workspace/openh264/test/encoder_binary_comparison/AllTestData/Adobe_PDF_sample_a_1024x768_50Frms.264/h264enc.js:1031:11)
    at abortOnCannotGrowMemory (/home/test/workspace/openh264/test/encoder_binary_comparison/AllTestData/Adobe_PDF_sample_a_1024x768_50Frms.264/h264enc.js:4914:7)
    at _emscripten_resize_heap (/home/test/workspace/openh264/test/encoder_binary_comparison/AllTestData/Adobe_PDF_sample_a_1024x768_50Frms.264/h264enc.js:4919:7)
    at wasm://wasm/00265406:wasm-function[1133]:0x705f0
    at wasm://wasm/00265406:wasm-function[1121]:0x6e28d
    at wasm://wasm/00265406:wasm-function[775]:0x60eb2
    at wasm://wasm/00265406:wasm-function[357]:0x2e8f3
    at wasm://wasm/00265406:wasm-function[363]:0x2f261
    at wasm://wasm/00265406:wasm-function[555]:0x407f3
    at wasm://wasm/00265406:wasm-function[554]:0x405bd   [0m
[31m    Failed! Adobe_PDF_sample_a_1024x768_50Frms.264_x.yuv Case Index 83:SHA-1(Current--Benchmark): NULL-----2302714743420f9667a87870180c9ec84469a570  [0m
[31m            ----YUVSHA1:  NULL,  9aa9a4d9598eb3e1093311826844f37c43e4c521  [0m
[31m           [OpenH264] this = 0x0x514070, Error:ParamValidationExt(), WARNING: GOM based RC do not support SM_RASTER_SLICE!
Aborted(Cannot enlarge memory arrays to size 19111936 bytes (OOM). Either (1) compile with -sINITIAL_MEMORY=X with X higher than the current value 16777216, (2) compile with -sALLOW_MEMORY_GROWTH which allows increasing the size at runtime, or (3) if you want malloc to return NULL (0) instead of this abort, compile with -sABORTING_MALLOC=0)
/home/test/workspace/openh264/test/encoder_binary_comparison/AllTestData/Adobe_PDF_sample_a_1024x768_50Frms.264/h264enc.js:167
      throw ex;
      ^

RuntimeError: Aborted(Cannot enlarge memory arrays to size 19111936 bytes (OOM). Either (1) compile with -sINITIAL_MEMORY=X with X higher than the current value 16777216, (2) compile with -sALLOW_MEMORY_GROWTH which allows increasing the size at runtime, or (3) if you want malloc to return NULL (0) instead of this abort, compile with -sABORTING_MALLOC=0)
    at abort (/home/test/workspace/openh264/test/encoder_binary_comparison/AllTestData/Adobe_PDF_sample_a_1024x768_50Frms.264/h264enc.js:1031:11)
    at abortOnCannotGrowMemory (/home/test/workspace/openh264/test/encoder_binary_comparison/AllTestData/Adobe_PDF_sample_a_1024x768_50Frms.264/h264enc.js:4914:7)
    at _emscripten_resize_heap (/home/test/workspace/openh264/test/encoder_binary_comparison/AllTestData/Adobe_PDF_sample_a_1024x768_50Frms.264/h264enc.js:4919:7)
    at wasm://wasm/00265406:wasm-function[1133]:0x705f0
    at wasm://wasm/00265406:wasm-function[1121]:0x6e28d
    at wasm://wasm/00265406:wasm-function[775]:0x60eb2
    at wasm://wasm/00265406:wasm-function[357]:0x2e8f3
    at wasm://wasm/00265406:wasm-function[363]:0x2f261
    at wasm://wasm/00265406:wasm-function[555]:0x407f3
    at wasm://wasm/00265406:wasm-function[554]:0x405bd   [0m
[31m    Failed! Adobe_PDF_sample_a_1024x768_50Frms.264_x.yuv Case Index 84:SHA-1(Current--Benchmark): NULL-----2302714743420f9667a87870180c9ec84469a570  [0m
[31m            ----YUVSHA1:  NULL,  9aa9a4d9598eb3e1093311826844f37c43e4c521  [0m
[31m           [OpenH264] this = 0x0x514070, Error:ParamValidationExt(), WARNING: GOM based RC do not support SM_RASTER_SLICE!
Aborted(Cannot enlarge memory arrays to size 19111936 bytes (OOM). Either (1) compile with -sINITIAL_MEMORY=X with X higher than the current value 16777216, (2) compile with -sALLOW_MEMORY_GROWTH which allows increasing the size at runtime, or (3) if you want malloc to return NULL (0) instead of this abort, compile with -sABORTING_MALLOC=0)
/home/test/workspace/openh264/test/encoder_binary_comparison/AllTestData/Adobe_PDF_sample_a_1024x768_50Frms.264/h264enc.js:167
      throw ex;
      ^

RuntimeError: Aborted(Cannot enlarge memory arrays to size 19111936 bytes (OOM). Either (1) compile with -sINITIAL_MEMORY=X with X higher than the current value 16777216, (2) compile with -sALLOW_MEMORY_GROWTH which allows increasing the size at runtime, or (3) if you want malloc to return NULL (0) instead of this abort, compile with -sABORTING_MALLOC=0)
    at abort (/home/test/workspace/openh264/test/encoder_binary_comparison/AllTestData/Adobe_PDF_sample_a_1024x768_50Frms.264/h264enc.js:1031:11)
    at abortOnCannotGrowMemory (/home/test/workspace/openh264/test/encoder_binary_comparison/AllTestData/Adobe_PDF_sample_a_1024x768_50Frms.264/h264enc.js:4914:7)
    at _emscripten_resize_heap (/home/test/workspace/openh264/test/encoder_binary_comparison/AllTestData/Adobe_PDF_sample_a_1024x768_50Frms.264/h264enc.js:4919:7)
    at wasm://wasm/00265406:wasm-function[1133]:0x705f0
    at wasm://wasm/00265406:wasm-function[1121]:0x6e28d
    at wasm://wasm/00265406:wasm-function[775]:0x60eb2
    at wasm://wasm/00265406:wasm-function[357]:0x2e8f3
    at wasm://wasm/00265406:wasm-function[363]:0x2f261
    at wasm://wasm/00265406:wasm-function[555]:0x407f3
    at wasm://wasm/00265406:wasm-function[554]:0x405bd   [0m
[31m    Failed! Adobe_PDF_sample_a_1024x768_50Frms.264_x.yuv Case Index 85:SHA-1(Current--Benchmark): NULL-----2302714743420f9667a87870180c9ec84469a570  [0m
[31m            ----YUVSHA1:  NULL,  9aa9a4d9598eb3e1093311826844f37c43e4c521  [0m
[31m           [OpenH264] this = 0x0x514070, Error:ParamValidationExt(), WARNING: GOM based RC do not support SM_RASTER_SLICE!
Aborted(Cannot enlarge memory arrays to size 19111936 bytes (OOM). Either (1) compile with -sINITIAL_MEMORY=X with X higher than the current value 16777216, (2) compile with -sALLOW_MEMORY_GROWTH which allows increasing the size at runtime, or (3) if you want malloc to return NULL (0) instead of this abort, compile with -sABORTING_MALLOC=0)
/home/test/workspace/openh264/test/encoder_binary_comparison/AllTestData/Adobe_PDF_sample_a_1024x768_50Frms.264/h264enc.js:167
      throw ex;
      ^

RuntimeError: Aborted(Cannot enlarge memory arrays to size 19111936 bytes (OOM). Either (1) compile with -sINITIAL_MEMORY=X with X higher than the current value 16777216, (2) compile with -sALLOW_MEMORY_GROWTH which allows increasing the size at runtime, or (3) if you want malloc to return NULL (0) instead of this abort, compile with -sABORTING_MALLOC=0)
    at abort (/home/test/workspace/openh264/test/encoder_binary_comparison/AllTestData/Adobe_PDF_sample_a_1024x768_50Frms.264/h264enc.js:1031:11)
    at abortOnCannotGrowMemory (/home/test/workspace/openh264/test/encoder_binary_comparison/AllTestData/Adobe_PDF_sample_a_1024x768_50Frms.264/h264enc.js:4914:7)
    at _emscripten_resize_heap (/home/test/workspace/openh264/test/encoder_binary_comparison/AllTestData/Adobe_PDF_sample_a_1024x768_50Frms.264/h264enc.js:4919:7)
    at wasm://wasm/00265406:wasm-function[1133]:0x705f0
    at wasm://wasm/00265406:wasm-function[1121]:0x6e28d
    at wasm://wasm/00265406:wasm-function[775]:0x60eb2
    at wasm://wasm/00265406:wasm-function[357]:0x2e8f3
    at wasm://wasm/00265406:wasm-function[363]:0x2f261
    at wasm://wasm/00265406:wasm-function[555]:0x407f3
    at wasm://wasm/00265406:wasm-function[554]:0x405bd   [0m
[31m    Failed! Adobe_PDF_sample_a_1024x768_50Frms.264_x.yuv Case Index 86:SHA-1(Current--Benchmark): NULL-----2302714743420f9667a87870180c9ec84469a570  [0m
[31m            ----YUVSHA1:  NULL,  9aa9a4d9598eb3e1093311826844f37c43e4c521  [0m
[31m           [OpenH264] this = 0x0x514070, Error:ParamValidationExt(), WARNING: GOM based RC do not support SM_RASTER_SLICE!
Aborted(Cannot enlarge memory arrays to size 19111936 bytes (OOM). Either (1) compile with -sINITIAL_MEMORY=X with X higher than the current value 16777216, (2) compile with -sALLOW_MEMORY_GROWTH which allows increasing the size at runtime, or (3) if you want malloc to return NULL (0) instead of this abort, compile with -sABORTING_MALLOC=0)
/home/test/workspace/openh264/test/encoder_binary_comparison/AllTestData/Adobe_PDF_sample_a_1024x768_50Frms.264/h264enc.js:167
      throw ex;
      ^

RuntimeError: Aborted(Cannot enlarge memory arrays to size 19111936 bytes (OOM). Either (1) compile with -sINITIAL_MEMORY=X with X higher than the current value 16777216, (2) compile with -sALLOW_MEMORY_GROWTH which allows increasing the size at runtime, or (3) if you want malloc to return NULL (0) instead of this abort, compile with -sABORTING_MALLOC=0)
    at abort (/home/test/workspace/openh264/test/encoder_binary_comparison/AllTestData/Adobe_PDF_sample_a_1024x768_50Frms.264/h264enc.js:1031:11)
    at abortOnCannotGrowMemory (/home/test/workspace/openh264/test/encoder_binary_comparison/AllTestData/Adobe_PDF_sample_a_1024x768_50Frms.264/h264enc.js:4914:7)
    at _emscripten_resize_heap (/home/test/workspace/openh264/test/encoder_binary_comparison/AllTestData/Adobe_PDF_sample_a_1024x768_50Frms.264/h264enc.js:4919:7)
    at wasm://wasm/00265406:wasm-function[1133]:0x705f0
    at wasm://wasm/00265406:wasm-function[1121]:0x6e28d
    at wasm://wasm/00265406:wasm-function[775]:0x60eb2
    at wasm://wasm/00265406:wasm-function[357]:0x2e8f3
    at wasm://wasm/00265406:wasm-function[363]:0x2f261
    at wasm://wasm/00265406:wasm-function[555]:0x407f3
    at wasm://wasm/00265406:wasm-function[554]:0x405bd   [0m
[31m    Failed! Adobe_PDF_sample_a_1024x768_50Frms.264_x.yuv Case Index 87:SHA-1(Current--Benchmark): NULL-----2302714743420f9667a87870180c9ec84469a570  [0m
[31m            ----YUVSHA1:  NULL,  9aa9a4d9598eb3e1093311826844f37c43e4c521  [0m
[31m           [OpenH264] this = 0x0x514070, Error:ParamValidationExt(), WARNING: GOM based RC do not support SM_RASTER_SLICE!
Aborted(Cannot enlarge memory arrays to size 19111936 bytes (OOM). Either (1) compile with -sINITIAL_MEMORY=X with X higher than the current value 16777216, (2) compile with -sALLOW_MEMORY_GROWTH which allows increasing the size at runtime, or (3) if you want malloc to return NULL (0) instead of this abort, compile with -sABORTING_MALLOC=0)
/home/test/workspace/openh264/test/encoder_binary_comparison/AllTestData/Adobe_PDF_sample_a_1024x768_50Frms.264/h264enc.js:167
      throw ex;
      ^

RuntimeError: Aborted(Cannot enlarge memory arrays to size 19111936 bytes (OOM). Either (1) compile with -sINITIAL_MEMORY=X with X higher than the current value 16777216, (2) compile with -sALLOW_MEMORY_GROWTH which allows increasing the size at runtime, or (3) if you want malloc to return NULL (0) instead of this abort, compile with -sABORTING_MALLOC=0)
    at abort (/home/test/workspace/openh264/test/encoder_binary_comparison/AllTestData/Adobe_PDF_sample_a_1024x768_50Frms.264/h264enc.js:1031:11)
    at abortOnCannotGrowMemory (/home/test/workspace/openh264/test/encoder_binary_comparison/AllTestData/Adobe_PDF_sample_a_1024x768_50Frms.264/h264enc.js:4914:7)
    at _emscripten_resize_heap (/home/test/workspace/openh264/test/encoder_binary_comparison/AllTestData/Adobe_PDF_sample_a_1024x768_50Frms.264/h264enc.js:4919:7)
    at wasm://wasm/00265406:wasm-function[1133]:0x705f0
    at wasm://wasm/00265406:wasm-function[1121]:0x6e28d
    at wasm://wasm/00265406:wasm-function[775]:0x60eb2
    at wasm://wasm/00265406:wasm-function[357]:0x2e8f3
    at wasm://wasm/00265406:wasm-function[363]:0x2f261
    at wasm://wasm/00265406:wasm-function[555]:0x407f3
    at wasm://wasm/00265406:wasm-function[554]:0x405bd   [0m
[31m    Failed! Adobe_PDF_sample_a_1024x768_50Frms.264_x.yuv Case Index 88:SHA-1(Current--Benchmark): NULL-----2302714743420f9667a87870180c9ec84469a570  [0m
[31m            ----YUVSHA1:  NULL,  9aa9a4d9598eb3e1093311826844f37c43e4c521  [0m
[31m           [OpenH264] this = 0x0x514070, Error:ParamValidationExt(), WARNING: GOM based RC do not support SM_RASTER_SLICE!
Aborted(Cannot enlarge memory arrays to size 19111936 bytes (OOM). Either (1) compile with -sINITIAL_MEMORY=X with X higher than the current value 16777216, (2) compile with -sALLOW_MEMORY_GROWTH which allows increasing the size at runtime, or (3) if you want malloc to return NULL (0) instead of this abort, compile with -sABORTING_MALLOC=0)
/home/test/workspace/openh264/test/encoder_binary_comparison/AllTestData/Adobe_PDF_sample_a_1024x768_50Frms.264/h264enc.js:167
      throw ex;
      ^

RuntimeError: Aborted(Cannot enlarge memory arrays to size 19111936 bytes (OOM). Either (1) compile with -sINITIAL_MEMORY=X with X higher than the current value 16777216, (2) compile with -sALLOW_MEMORY_GROWTH which allows increasing the size at runtime, or (3) if you want malloc to return NULL (0) instead of this abort, compile with -sABORTING_MALLOC=0)
    at abort (/home/test/workspace/openh264/test/encoder_binary_comparison/AllTestData/Adobe_PDF_sample_a_1024x768_50Frms.264/h264enc.js:1031:11)
    at abortOnCannotGrowMemory (/home/test/workspace/openh264/test/encoder_binary_comparison/AllTestData/Adobe_PDF_sample_a_1024x768_50Frms.264/h264enc.js:4914:7)
    at _emscripten_resize_heap (/home/test/workspace/openh264/test/encoder_binary_comparison/AllTestData/Adobe_PDF_sample_a_1024x768_50Frms.264/h264enc.js:4919:7)
    at wasm://wasm/00265406:wasm-function[1133]:0x705f0
    at wasm://wasm/00265406:wasm-function[1121]:0x6e28d
    at wasm://wasm/00265406:wasm-function[775]:0x60eb2
    at wasm://wasm/00265406:wasm-function[357]:0x2e8f3
    at wasm://wasm/00265406:wasm-function[363]:0x2f261
    at wasm://wasm/00265406:wasm-function[555]:0x407f3
    at wasm://wasm/00265406:wasm-function[554]:0x405bd   [0m
[31m    Failed! Adobe_PDF_sample_a_1024x768_50Frms.264_x.yuv Case Index 89:SHA-1(Current--Benchmark): NULL-----2302714743420f9667a87870180c9ec84469a570  [0m
[31m            ----YUVSHA1:  NULL,  9aa9a4d9598eb3e1093311826844f37c43e4c521  [0m
[31m           [OpenH264] this = 0x0x514070, Error:ParamValidationExt(), WARNING: GOM based RC do not support SM_RASTER_SLICE!
Aborted(Cannot enlarge memory arrays to size 19111936 bytes (OOM). Either (1) compile with -sINITIAL_MEMORY=X with X higher than the current value 16777216, (2) compile with -sALLOW_MEMORY_GROWTH which allows increasing the size at runtime, or (3) if you want malloc to return NULL (0) instead of this abort, compile with -sABORTING_MALLOC=0)
/home/test/workspace/openh264/test/encoder_binary_comparison/AllTestData/Adobe_PDF_sample_a_1024x768_50Frms.264/h264enc.js:167
      throw ex;
      ^

RuntimeError: Aborted(Cannot enlarge memory arrays to size 19111936 bytes (OOM). Either (1) compile with -sINITIAL_MEMORY=X with X higher than the current value 16777216, (2) compile with -sALLOW_MEMORY_GROWTH which allows increasing the size at runtime, or (3) if you want malloc to return NULL (0) instead of this abort, compile with -sABORTING_MALLOC=0)
    at abort (/home/test/workspace/openh264/test/encoder_binary_comparison/AllTestData/Adobe_PDF_sample_a_1024x768_50Frms.264/h264enc.js:1031:11)
    at abortOnCannotGrowMemory (/home/test/workspace/openh264/test/encoder_binary_comparison/AllTestData/Adobe_PDF_sample_a_1024x768_50Frms.264/h264enc.js:4914:7)
    at _emscripten_resize_heap (/home/test/workspace/openh264/test/encoder_binary_comparison/AllTestData/Adobe_PDF_sample_a_1024x768_50Frms.264/h264enc.js:4919:7)
    at wasm://wasm/00265406:wasm-function[1133]:0x705f0
    at wasm://wasm/00265406:wasm-function[1121]:0x6e28d
    at wasm://wasm/00265406:wasm-function[775]:0x60eb2
    at wasm://wasm/00265406:wasm-function[357]:0x2e8f3
    at wasm://wasm/00265406:wasm-function[363]:0x2f261
    at wasm://wasm/00265406:wasm-function[555]:0x407f3
    at wasm://wasm/00265406:wasm-function[554]:0x405bd   [0m
[31m    Failed! Adobe_PDF_sample_a_1024x768_50Frms.264_x.yuv Case Index 90:SHA-1(Current--Benchmark): NULL-----2302714743420f9667a87870180c9ec84469a570  [0m
[31m            ----YUVSHA1:  NULL,  9aa9a4d9598eb3e1093311826844f37c43e4c521  [0m
[31m           [OpenH264] this = 0x0x514070, Error:ParamValidationExt(), WARNING: GOM based RC do not support SM_RASTER_SLICE!
Aborted(Cannot enlarge memory arrays to size 19111936 bytes (OOM). Either (1) compile with -sINITIAL_MEMORY=X with X higher than the current value 16777216, (2) compile with -sALLOW_MEMORY_GROWTH which allows increasing the size at runtime, or (3) if you want malloc to return NULL (0) instead of this abort, compile with -sABORTING_MALLOC=0)
/home/test/workspace/openh264/test/encoder_binary_comparison/AllTestData/Adobe_PDF_sample_a_1024x768_50Frms.264/h264enc.js:167
      throw ex;
      ^

RuntimeError: Aborted(Cannot enlarge memory arrays to size 19111936 bytes (OOM). Either (1) compile with -sINITIAL_MEMORY=X with X higher than the current value 16777216, (2) compile with -sALLOW_MEMORY_GROWTH which allows increasing the size at runtime, or (3) if you want malloc to return NULL (0) instead of this abort, compile with -sABORTING_MALLOC=0)
    at abort (/home/test/workspace/openh264/test/encoder_binary_comparison/AllTestData/Adobe_PDF_sample_a_1024x768_50Frms.264/h264enc.js:1031:11)
    at abortOnCannotGrowMemory (/home/test/workspace/openh264/test/encoder_binary_comparison/AllTestData/Adobe_PDF_sample_a_1024x768_50Frms.264/h264enc.js:4914:7)
    at _emscripten_resize_heap (/home/test/workspace/openh264/test/encoder_binary_comparison/AllTestData/Adobe_PDF_sample_a_1024x768_50Frms.264/h264enc.js:4919:7)
    at wasm://wasm/00265406:wasm-function[1133]:0x705f0
    at wasm://wasm/00265406:wasm-function[1121]:0x6e28d
    at wasm://wasm/00265406:wasm-function[775]:0x60eb2
    at wasm://wasm/00265406:wasm-function[357]:0x2e8f3
    at wasm://wasm/00265406:wasm-function[363]:0x2f261
    at wasm://wasm/00265406:wasm-function[555]:0x407f3
    at wasm://wasm/00265406:wasm-function[554]:0x405bd   [0m
[31m    Failed! Adobe_PDF_sample_a_1024x768_50Frms.264_x.yuv Case Index 91:SHA-1(Current--Benchmark): NULL-----2302714743420f9667a87870180c9ec84469a570  [0m
[31m            ----YUVSHA1:  NULL,  9aa9a4d9598eb3e1093311826844f37c43e4c521  [0m
[31m           [OpenH264] this = 0x0x514070, Error:ParamValidationExt(), WARNING: GOM based RC do not support SM_RASTER_SLICE!
Aborted(Cannot enlarge memory arrays to size 19111936 bytes (OOM). Either (1) compile with -sINITIAL_MEMORY=X with X higher than the current value 16777216, (2) compile with -sALLOW_MEMORY_GROWTH which allows increasing the size at runtime, or (3) if you want malloc to return NULL (0) instead of this abort, compile with -sABORTING_MALLOC=0)
/home/test/workspace/openh264/test/encoder_binary_comparison/AllTestData/Adobe_PDF_sample_a_1024x768_50Frms.264/h264enc.js:167
      throw ex;
      ^

RuntimeError: Aborted(Cannot enlarge memory arrays to size 19111936 bytes (OOM). Either (1) compile with -sINITIAL_MEMORY=X with X higher than the current value 16777216, (2) compile with -sALLOW_MEMORY_GROWTH which allows increasing the size at runtime, or (3) if you want malloc to return NULL (0) instead of this abort, compile with -sABORTING_MALLOC=0)
    at abort (/home/test/workspace/openh264/test/encoder_binary_comparison/AllTestData/Adobe_PDF_sample_a_1024x768_50Frms.264/h264enc.js:1031:11)
    at abortOnCannotGrowMemory (/home/test/workspace/openh264/test/encoder_binary_comparison/AllTestData/Adobe_PDF_sample_a_1024x768_50Frms.264/h264enc.js:4914:7)
    at _emscripten_resize_heap (/home/test/workspace/openh264/test/encoder_binary_comparison/AllTestData/Adobe_PDF_sample_a_1024x768_50Frms.264/h264enc.js:4919:7)
    at wasm://wasm/00265406:wasm-function[1133]:0x705f0
    at wasm://wasm/00265406:wasm-function[1121]:0x6e28d
    at wasm://wasm/00265406:wasm-function[775]:0x60eb2
    at wasm://wasm/00265406:wasm-function[357]:0x2e8f3
    at wasm://wasm/00265406:wasm-function[363]:0x2f261
    at wasm://wasm/00265406:wasm-function[555]:0x407f3
    at wasm://wasm/00265406:wasm-function[554]:0x405bd   [0m
[31m    Failed! Adobe_PDF_sample_a_1024x768_50Frms.264_x.yuv Case Index 92:SHA-1(Current--Benchmark): NULL-----2302714743420f9667a87870180c9ec84469a570  [0m
[31m            ----YUVSHA1:  NULL,  9aa9a4d9598eb3e1093311826844f37c43e4c521  [0m
[31m           [OpenH264] this = 0x0x514070, Error:ParamValidationExt(), WARNING: GOM based RC do not support SM_RASTER_SLICE!
Aborted(Cannot enlarge memory arrays to size 19111936 bytes (OOM). Either (1) compile with -sINITIAL_MEMORY=X with X higher than the current value 16777216, (2) compile with -sALLOW_MEMORY_GROWTH which allows increasing the size at runtime, or (3) if you want malloc to return NULL (0) instead of this abort, compile with -sABORTING_MALLOC=0)
/home/test/workspace/openh264/test/encoder_binary_comparison/AllTestData/Adobe_PDF_sample_a_1024x768_50Frms.264/h264enc.js:167
      throw ex;
      ^

RuntimeError: Aborted(Cannot enlarge memory arrays to size 19111936 bytes (OOM). Either (1) compile with -sINITIAL_MEMORY=X with X higher than the current value 16777216, (2) compile with -sALLOW_MEMORY_GROWTH which allows increasing the size at runtime, or (3) if you want malloc to return NULL (0) instead of this abort, compile with -sABORTING_MALLOC=0)
    at abort (/home/test/workspace/openh264/test/encoder_binary_comparison/AllTestData/Adobe_PDF_sample_a_1024x768_50Frms.264/h264enc.js:1031:11)
    at abortOnCannotGrowMemory (/home/test/workspace/openh264/test/encoder_binary_comparison/AllTestData/Adobe_PDF_sample_a_1024x768_50Frms.264/h264enc.js:4914:7)
    at _emscripten_resize_heap (/home/test/workspace/openh264/test/encoder_binary_comparison/AllTestData/Adobe_PDF_sample_a_1024x768_50Frms.264/h264enc.js:4919:7)
    at wasm://wasm/00265406:wasm-function[1133]:0x705f0
    at wasm://wasm/00265406:wasm-function[1121]:0x6e28d
    at wasm://wasm/00265406:wasm-function[775]:0x60eb2
    at wasm://wasm/00265406:wasm-function[357]:0x2e8f3
    at wasm://wasm/00265406:wasm-function[363]:0x2f261
    at wasm://wasm/00265406:wasm-function[555]:0x407f3
    at wasm://wasm/00265406:wasm-function[554]:0x405bd   [0m
[31m    Failed! Adobe_PDF_sample_a_1024x768_50Frms.264_x.yuv Case Index 93:SHA-1(Current--Benchmark): NULL-----2302714743420f9667a87870180c9ec84469a570  [0m
[31m            ----YUVSHA1:  NULL,  9aa9a4d9598eb3e1093311826844f37c43e4c521  [0m
[31m           [OpenH264] this = 0x0x514070, Error:ParamValidationExt(), WARNING: GOM based RC do not support SM_RASTER_SLICE!
Aborted(Cannot enlarge memory arrays to size 19111936 bytes (OOM). Either (1) compile with -sINITIAL_MEMORY=X with X higher than the current value 16777216, (2) compile with -sALLOW_MEMORY_GROWTH which allows increasing the size at runtime, or (3) if you want malloc to return NULL (0) instead of this abort, compile with -sABORTING_MALLOC=0)
/home/test/workspace/openh264/test/encoder_binary_comparison/AllTestData/Adobe_PDF_sample_a_1024x768_50Frms.264/h264enc.js:167
      throw ex;
      ^

RuntimeError: Aborted(Cannot enlarge memory arrays to size 19111936 bytes (OOM). Either (1) compile with -sINITIAL_MEMORY=X with X higher than the current value 16777216, (2) compile with -sALLOW_MEMORY_GROWTH which allows increasing the size at runtime, or (3) if you want malloc to return NULL (0) instead of this abort, compile with -sABORTING_MALLOC=0)
    at abort (/home/test/workspace/openh264/test/encoder_binary_comparison/AllTestData/Adobe_PDF_sample_a_1024x768_50Frms.264/h264enc.js:1031:11)
    at abortOnCannotGrowMemory (/home/test/workspace/openh264/test/encoder_binary_comparison/AllTestData/Adobe_PDF_sample_a_1024x768_50Frms.264/h264enc.js:4914:7)
    at _emscripten_resize_heap (/home/test/workspace/openh264/test/encoder_binary_comparison/AllTestData/Adobe_PDF_sample_a_1024x768_50Frms.264/h264enc.js:4919:7)
    at wasm://wasm/00265406:wasm-function[1133]:0x705f0
    at wasm://wasm/00265406:wasm-function[1121]:0x6e28d
    at wasm://wasm/00265406:wasm-function[775]:0x60eb2
    at wasm://wasm/00265406:wasm-function[357]:0x2e8f3
    at wasm://wasm/00265406:wasm-function[363]:0x2f261
    at wasm://wasm/00265406:wasm-function[555]:0x407f3
    at wasm://wasm/00265406:wasm-function[554]:0x405bd   [0m
[31m    Failed! Adobe_PDF_sample_a_1024x768_50Frms.264_x.yuv Case Index 94:SHA-1(Current--Benchmark): NULL-----2302714743420f9667a87870180c9ec84469a570  [0m
[31m            ----YUVSHA1:  NULL,  9aa9a4d9598eb3e1093311826844f37c43e4c521  [0m
[31m           [OpenH264] this = 0x0x514070, Error:ParamValidationExt(), WARNING: GOM based RC do not support SM_RASTER_SLICE!
Aborted(Cannot enlarge memory arrays to size 19111936 bytes (OOM). Either (1) compile with -sINITIAL_MEMORY=X with X higher than the current value 16777216, (2) compile with -sALLOW_MEMORY_GROWTH which allows increasing the size at runtime, or (3) if you want malloc to return NULL (0) instead of this abort, compile with -sABORTING_MALLOC=0)
/home/test/workspace/openh264/test/encoder_binary_comparison/AllTestData/Adobe_PDF_sample_a_1024x768_50Frms.264/h264enc.js:167
      throw ex;
      ^

RuntimeError: Aborted(Cannot enlarge memory arrays to size 19111936 bytes (OOM). Either (1) compile with -sINITIAL_MEMORY=X with X higher than the current value 16777216, (2) compile with -sALLOW_MEMORY_GROWTH which allows increasing the size at runtime, or (3) if you want malloc to return NULL (0) instead of this abort, compile with -sABORTING_MALLOC=0)
    at abort (/home/test/workspace/openh264/test/encoder_binary_comparison/AllTestData/Adobe_PDF_sample_a_1024x768_50Frms.264/h264enc.js:1031:11)
    at abortOnCannotGrowMemory (/home/test/workspace/openh264/test/encoder_binary_comparison/AllTestData/Adobe_PDF_sample_a_1024x768_50Frms.264/h264enc.js:4914:7)
    at _emscripten_resize_heap (/home/test/workspace/openh264/test/encoder_binary_comparison/AllTestData/Adobe_PDF_sample_a_1024x768_50Frms.264/h264enc.js:4919:7)
    at wasm://wasm/00265406:wasm-function[1133]:0x705f0
    at wasm://wasm/00265406:wasm-function[1121]:0x6e28d
    at wasm://wasm/00265406:wasm-function[775]:0x60eb2
    at wasm://wasm/00265406:wasm-function[357]:0x2e8f3
    at wasm://wasm/00265406:wasm-function[363]:0x2f261
    at wasm://wasm/00265406:wasm-function[555]:0x407f3
    at wasm://wasm/00265406:wasm-function[554]:0x405bd   [0m
[31m    Failed! Adobe_PDF_sample_a_1024x768_50Frms.264_x.yuv Case Index 95:SHA-1(Current--Benchmark): NULL-----2302714743420f9667a87870180c9ec84469a570  [0m
[31m            ----YUVSHA1:  NULL,  9aa9a4d9598eb3e1093311826844f37c43e4c521  [0m
[31m           [OpenH264] this = 0x0x514070, Error:ParamValidationExt(), WARNING: GOM based RC do not support SM_RASTER_SLICE!
Aborted(Cannot enlarge memory arrays to size 19111936 bytes (OOM). Either (1) compile with -sINITIAL_MEMORY=X with X higher than the current value 16777216, (2) compile with -sALLOW_MEMORY_GROWTH which allows increasing the size at runtime, or (3) if you want malloc to return NULL (0) instead of this abort, compile with -sABORTING_MALLOC=0)
/home/test/workspace/openh264/test/encoder_binary_comparison/AllTestData/Adobe_PDF_sample_a_1024x768_50Frms.264/h264enc.js:167
      throw ex;
      ^

RuntimeError: Aborted(Cannot enlarge memory arrays to size 19111936 bytes (OOM). Either (1) compile with -sINITIAL_MEMORY=X with X higher than the current value 16777216, (2) compile with -sALLOW_MEMORY_GROWTH which allows increasing the size at runtime, or (3) if you want malloc to return NULL (0) instead of this abort, compile with -sABORTING_MALLOC=0)
    at abort (/home/test/workspace/openh264/test/encoder_binary_comparison/AllTestData/Adobe_PDF_sample_a_1024x768_50Frms.264/h264enc.js:1031:11)
    at abortOnCannotGrowMemory (/home/test/workspace/openh264/test/encoder_binary_comparison/AllTestData/Adobe_PDF_sample_a_1024x768_50Frms.264/h264enc.js:4914:7)
    at _emscripten_resize_heap (/home/test/workspace/openh264/test/encoder_binary_comparison/AllTestData/Adobe_PDF_sample_a_1024x768_50Frms.264/h264enc.js:4919:7)
    at wasm://wasm/00265406:wasm-function[1133]:0x705f0
    at wasm://wasm/00265406:wasm-function[1121]:0x6e28d
    at wasm://wasm/00265406:wasm-function[775]:0x60eb2
    at wasm://wasm/00265406:wasm-function[357]:0x2e8f3
    at wasm://wasm/00265406:wasm-function[363]:0x2f261
    at wasm://wasm/00265406:wasm-function[555]:0x407f3
    at wasm://wasm/00265406:wasm-function[554]:0x405bd   [0m
[31m    Failed! Adobe_PDF_sample_a_1024x768_50Frms.264_x.yuv Case Index 96:SHA-1(Current--Benchmark): NULL-----2302714743420f9667a87870180c9ec84469a570  [0m
[31m            ----YUVSHA1:  NULL,  9aa9a4d9598eb3e1093311826844f37c43e4c521  [0m
[31m           [OpenH264] this = 0x0x514070, Error:ParamValidationExt(), WARNING: GOM based RC do not support SM_RASTER_SLICE!
Aborted(Cannot enlarge memory arrays to size 19111936 bytes (OOM). Either (1) compile with -sINITIAL_MEMORY=X with X higher than the current value 16777216, (2) compile with -sALLOW_MEMORY_GROWTH which allows increasing the size at runtime, or (3) if you want malloc to return NULL (0) instead of this abort, compile with -sABORTING_MALLOC=0)
/home/test/workspace/openh264/test/encoder_binary_comparison/AllTestData/Adobe_PDF_sample_a_1024x768_50Frms.264/h264enc.js:167
      throw ex;
      ^

RuntimeError: Aborted(Cannot enlarge memory arrays to size 19111936 bytes (OOM). Either (1) compile with -sINITIAL_MEMORY=X with X higher than the current value 16777216, (2) compile with -sALLOW_MEMORY_GROWTH which allows increasing the size at runtime, or (3) if you want malloc to return NULL (0) instead of this abort, compile with -sABORTING_MALLOC=0)
    at abort (/home/test/workspace/openh264/test/encoder_binary_comparison/AllTestData/Adobe_PDF_sample_a_1024x768_50Frms.264/h264enc.js:1031:11)
    at abortOnCannotGrowMemory (/home/test/workspace/openh264/test/encoder_binary_comparison/AllTestData/Adobe_PDF_sample_a_1024x768_50Frms.264/h264enc.js:4914:7)
    at _emscripten_resize_heap (/home/test/workspace/openh264/test/encoder_binary_comparison/AllTestData/Adobe_PDF_sample_a_1024x768_50Frms.264/h264enc.js:4919:7)
    at wasm://wasm/00265406:wasm-function[1133]:0x705f0
    at wasm://wasm/00265406:wasm-function[1121]:0x6e28d
    at wasm://wasm/00265406:wasm-function[775]:0x60eb2
    at wasm://wasm/00265406:wasm-function[357]:0x2e8f3
    at wasm://wasm/00265406:wasm-function[363]:0x2f261
    at wasm://wasm/00265406:wasm-function[555]:0x407f3
    at wasm://wasm/00265406:wasm-function[554]:0x405bd   [0m
[31m    Failed! Adobe_PDF_sample_a_1024x768_50Frms.264_x.yuv Case Index 97:SHA-1(Current--Benchmark): NULL-----2302714743420f9667a87870180c9ec84469a570  [0m
[31m            ----YUVSHA1:  NULL,  9aa9a4d9598eb3e1093311826844f37c43e4c521  [0m
[31m           [OpenH264] this = 0x0x514070, Error:ParamValidationExt(), WARNING: GOM based RC do not support SM_RASTER_SLICE!
Aborted(Cannot enlarge memory arrays to size 19111936 bytes (OOM). Either (1) compile with -sINITIAL_MEMORY=X with X higher than the current value 16777216, (2) compile with -sALLOW_MEMORY_GROWTH which allows increasing the size at runtime, or (3) if you want malloc to return NULL (0) instead of this abort, compile with -sABORTING_MALLOC=0)
/home/test/workspace/openh264/test/encoder_binary_comparison/AllTestData/Adobe_PDF_sample_a_1024x768_50Frms.264/h264enc.js:167
      throw ex;
      ^

RuntimeError: Aborted(Cannot enlarge memory arrays to size 19111936 bytes (OOM). Either (1) compile with -sINITIAL_MEMORY=X with X higher than the current value 16777216, (2) compile with -sALLOW_MEMORY_GROWTH which allows increasing the size at runtime, or (3) if you want malloc to return NULL (0) instead of this abort, compile with -sABORTING_MALLOC=0)
    at abort (/home/test/workspace/openh264/test/encoder_binary_comparison/AllTestData/Adobe_PDF_sample_a_1024x768_50Frms.264/h264enc.js:1031:11)
    at abortOnCannotGrowMemory (/home/test/workspace/openh264/test/encoder_binary_comparison/AllTestData/Adobe_PDF_sample_a_1024x768_50Frms.264/h264enc.js:4914:7)
    at _emscripten_resize_heap (/home/test/workspace/openh264/test/encoder_binary_comparison/AllTestData/Adobe_PDF_sample_a_1024x768_50Frms.264/h264enc.js:4919:7)
    at wasm://wasm/00265406:wasm-function[1133]:0x705f0
    at wasm://wasm/00265406:wasm-function[1121]:0x6e28d
    at wasm://wasm/00265406:wasm-function[775]:0x60eb2
    at wasm://wasm/00265406:wasm-function[357]:0x2e8f3
    at wasm://wasm/00265406:wasm-function[363]:0x2f261
    at wasm://wasm/00265406:wasm-function[555]:0x407f3
    at wasm://wasm/00265406:wasm-function[554]:0x405bd   [0m
[31m    Failed! Adobe_PDF_sample_a_1024x768_50Frms.264_x.yuv Case Index 98:SHA-1(Current--Benchmark): NULL-----2302714743420f9667a87870180c9ec84469a570  [0m
[31m            ----YUVSHA1:  NULL,  9aa9a4d9598eb3e1093311826844f37c43e4c521  [0m
[31m           [OpenH264] this = 0x0x514070, Error:ParamValidationExt(), WARNING: GOM based RC do not support SM_RASTER_SLICE!
Aborted(Cannot enlarge memory arrays to size 19111936 bytes (OOM). Either (1) compile with -sINITIAL_MEMORY=X with X higher than the current value 16777216, (2) compile with -sALLOW_MEMORY_GROWTH which allows increasing the size at runtime, or (3) if you want malloc to return NULL (0) instead of this abort, compile with -sABORTING_MALLOC=0)
/home/test/workspace/openh264/test/encoder_binary_comparison/AllTestData/Adobe_PDF_sample_a_1024x768_50Frms.264/h264enc.js:167
      throw ex;
      ^

RuntimeError: Aborted(Cannot enlarge memory arrays to size 19111936 bytes (OOM). Either (1) compile with -sINITIAL_MEMORY=X with X higher than the current value 16777216, (2) compile with -sALLOW_MEMORY_GROWTH which allows increasing the size at runtime, or (3) if you want malloc to return NULL (0) instead of this abort, compile with -sABORTING_MALLOC=0)
    at abort (/home/test/workspace/openh264/test/encoder_binary_comparison/AllTestData/Adobe_PDF_sample_a_1024x768_50Frms.264/h264enc.js:1031:11)
    at abortOnCannotGrowMemory (/home/test/workspace/openh264/test/encoder_binary_comparison/AllTestData/Adobe_PDF_sample_a_1024x768_50Frms.264/h264enc.js:4914:7)
    at _emscripten_resize_heap (/home/test/workspace/openh264/test/encoder_binary_comparison/AllTestData/Adobe_PDF_sample_a_1024x768_50Frms.264/h264enc.js:4919:7)
    at wasm://wasm/00265406:wasm-function[1133]:0x705f0
    at wasm://wasm/00265406:wasm-function[1121]:0x6e28d
    at wasm://wasm/00265406:wasm-function[775]:0x60eb2
    at wasm://wasm/00265406:wasm-function[357]:0x2e8f3
    at wasm://wasm/00265406:wasm-function[363]:0x2f261
    at wasm://wasm/00265406:wasm-function[555]:0x407f3
    at wasm://wasm/00265406:wasm-function[554]:0x405bd   [0m
[31m    Failed! Adobe_PDF_sample_a_1024x768_50Frms.264_x.yuv Case Index 99:SHA-1(Current--Benchmark): NULL-----2302714743420f9667a87870180c9ec84469a570  [0m
[31m            ----YUVSHA1:  NULL,  9aa9a4d9598eb3e1093311826844f37c43e4c521  [0m
[31m           [OpenH264] this = 0x0x514070, Error:ParamValidationExt(), WARNING: GOM based RC do not support SM_RASTER_SLICE!
Aborted(Cannot enlarge memory arrays to size 19111936 bytes (OOM). Either (1) compile with -sINITIAL_MEMORY=X with X higher than the current value 16777216, (2) compile with -sALLOW_MEMORY_GROWTH which allows increasing the size at runtime, or (3) if you want malloc to return NULL (0) instead of this abort, compile with -sABORTING_MALLOC=0)
/home/test/workspace/openh264/test/encoder_binary_comparison/AllTestData/Adobe_PDF_sample_a_1024x768_50Frms.264/h264enc.js:167
      throw ex;
      ^

RuntimeError: Aborted(Cannot enlarge memory arrays to size 19111936 bytes (OOM). Either (1) compile with -sINITIAL_MEMORY=X with X higher than the current value 16777216, (2) compile with -sALLOW_MEMORY_GROWTH which allows increasing the size at runtime, or (3) if you want malloc to return NULL (0) instead of this abort, compile with -sABORTING_MALLOC=0)
    at abort (/home/test/workspace/openh264/test/encoder_binary_comparison/AllTestData/Adobe_PDF_sample_a_1024x768_50Frms.264/h264enc.js:1031:11)
    at abortOnCannotGrowMemory (/home/test/workspace/openh264/test/encoder_binary_comparison/AllTestData/Adobe_PDF_sample_a_1024x768_50Frms.264/h264enc.js:4914:7)
    at _emscripten_resize_heap (/home/test/workspace/openh264/test/encoder_binary_comparison/AllTestData/Adobe_PDF_sample_a_1024x768_50Frms.264/h264enc.js:4919:7)
    at wasm://wasm/00265406:wasm-function[1133]:0x705f0
    at wasm://wasm/00265406:wasm-function[1121]:0x6e28d
    at wasm://wasm/00265406:wasm-function[775]:0x60eb2
    at wasm://wasm/00265406:wasm-function[357]:0x2e8f3
    at wasm://wasm/00265406:wasm-function[363]:0x2f261
    at wasm://wasm/00265406:wasm-function[555]:0x407f3
    at wasm://wasm/00265406:wasm-function[554]:0x405bd   [0m
[31m    Failed! Adobe_PDF_sample_a_1024x768_50Frms.264_x.yuv Case Index 100:SHA-1(Current--Benchmark): NULL-----2302714743420f9667a87870180c9ec84469a570  [0m
[31m            ----YUVSHA1:  NULL,  9aa9a4d9598eb3e1093311826844f37c43e4c521  [0m
[31m           [OpenH264] this = 0x0x514070, Error:ParamValidationExt(), WARNING: GOM based RC do not support SM_RASTER_SLICE!
Aborted(Cannot enlarge memory arrays to size 19111936 bytes (OOM). Either (1) compile with -sINITIAL_MEMORY=X with X higher than the current value 16777216, (2) compile with -sALLOW_MEMORY_GROWTH which allows increasing the size at runtime, or (3) if you want malloc to return NULL (0) instead of this abort, compile with -sABORTING_MALLOC=0)
/home/test/workspace/openh264/test/encoder_binary_comparison/AllTestData/Adobe_PDF_sample_a_1024x768_50Frms.264/h264enc.js:167
      throw ex;
      ^

RuntimeError: Aborted(Cannot enlarge memory arrays to size 19111936 bytes (OOM). Either (1) compile with -sINITIAL_MEMORY=X with X higher than the current value 16777216, (2) compile with -sALLOW_MEMORY_GROWTH which allows increasing the size at runtime, or (3) if you want malloc to return NULL (0) instead of this abort, compile with -sABORTING_MALLOC=0)
    at abort (/home/test/workspace/openh264/test/encoder_binary_comparison/AllTestData/Adobe_PDF_sample_a_1024x768_50Frms.264/h264enc.js:1031:11)
    at abortOnCannotGrowMemory (/home/test/workspace/openh264/test/encoder_binary_comparison/AllTestData/Adobe_PDF_sample_a_1024x768_50Frms.264/h264enc.js:4914:7)
    at _emscripten_resize_heap (/home/test/workspace/openh264/test/encoder_binary_comparison/AllTestData/Adobe_PDF_sample_a_1024x768_50Frms.264/h264enc.js:4919:7)
    at wasm://wasm/00265406:wasm-function[1133]:0x705f0
    at wasm://wasm/00265406:wasm-function[1121]:0x6e28d
    at wasm://wasm/00265406:wasm-function[775]:0x60eb2
    at wasm://wasm/00265406:wasm-function[357]:0x2e8f3
    at wasm://wasm/00265406:wasm-function[363]:0x2f261
    at wasm://wasm/00265406:wasm-function[555]:0x407f3
    at wasm://wasm/00265406:wasm-function[554]:0x405bd   [0m
[31m    Failed! Adobe_PDF_sample_a_1024x768_50Frms.264_x.yuv Case Index 101:SHA-1(Current--Benchmark): NULL-----2302714743420f9667a87870180c9ec84469a570  [0m
[31m            ----YUVSHA1:  NULL,  9aa9a4d9598eb3e1093311826844f37c43e4c521  [0m
[31m           [OpenH264] this = 0x0x514070, Error:ParamValidationExt(), WARNING: GOM based RC do not support SM_RASTER_SLICE!
Aborted(Cannot enlarge memory arrays to size 19111936 bytes (OOM). Either (1) compile with -sINITIAL_MEMORY=X with X higher than the current value 16777216, (2) compile with -sALLOW_MEMORY_GROWTH which allows increasing the size at runtime, or (3) if you want malloc to return NULL (0) instead of this abort, compile with -sABORTING_MALLOC=0)
/home/test/workspace/openh264/test/encoder_binary_comparison/AllTestData/Adobe_PDF_sample_a_1024x768_50Frms.264/h264enc.js:167
      throw ex;
      ^

RuntimeError: Aborted(Cannot enlarge memory arrays to size 19111936 bytes (OOM). Either (1) compile with -sINITIAL_MEMORY=X with X higher than the current value 16777216, (2) compile with -sALLOW_MEMORY_GROWTH which allows increasing the size at runtime, or (3) if you want malloc to return NULL (0) instead of this abort, compile with -sABORTING_MALLOC=0)
    at abort (/home/test/workspace/openh264/test/encoder_binary_comparison/AllTestData/Adobe_PDF_sample_a_1024x768_50Frms.264/h264enc.js:1031:11)
    at abortOnCannotGrowMemory (/home/test/workspace/openh264/test/encoder_binary_comparison/AllTestData/Adobe_PDF_sample_a_1024x768_50Frms.264/h264enc.js:4914:7)
    at _emscripten_resize_heap (/home/test/workspace/openh264/test/encoder_binary_comparison/AllTestData/Adobe_PDF_sample_a_1024x768_50Frms.264/h264enc.js:4919:7)
    at wasm://wasm/00265406:wasm-function[1133]:0x705f0
    at wasm://wasm/00265406:wasm-function[1121]:0x6e28d
    at wasm://wasm/00265406:wasm-function[775]:0x60eb2
    at wasm://wasm/00265406:wasm-function[357]:0x2e8f3
    at wasm://wasm/00265406:wasm-function[363]:0x2f261
    at wasm://wasm/00265406:wasm-function[555]:0x407f3
    at wasm://wasm/00265406:wasm-function[554]:0x405bd   [0m
[31m    Failed! Adobe_PDF_sample_a_1024x768_50Frms.264_x.yuv Case Index 102:SHA-1(Current--Benchmark): NULL-----2302714743420f9667a87870180c9ec84469a570  [0m
[31m            ----YUVSHA1:  NULL,  9aa9a4d9598eb3e1093311826844f37c43e4c521  [0m
[31m           [OpenH264] this = 0x0x514070, Error:ParamValidationExt(), WARNING: GOM based RC do not support SM_RASTER_SLICE!
Aborted(Cannot enlarge memory arrays to size 19111936 bytes (OOM). Either (1) compile with -sINITIAL_MEMORY=X with X higher than the current value 16777216, (2) compile with -sALLOW_MEMORY_GROWTH which allows increasing the size at runtime, or (3) if you want malloc to return NULL (0) instead of this abort, compile with -sABORTING_MALLOC=0)
/home/test/workspace/openh264/test/encoder_binary_comparison/AllTestData/Adobe_PDF_sample_a_1024x768_50Frms.264/h264enc.js:167
      throw ex;
      ^

RuntimeError: Aborted(Cannot enlarge memory arrays to size 19111936 bytes (OOM). Either (1) compile with -sINITIAL_MEMORY=X with X higher than the current value 16777216, (2) compile with -sALLOW_MEMORY_GROWTH which allows increasing the size at runtime, or (3) if you want malloc to return NULL (0) instead of this abort, compile with -sABORTING_MALLOC=0)
    at abort (/home/test/workspace/openh264/test/encoder_binary_comparison/AllTestData/Adobe_PDF_sample_a_1024x768_50Frms.264/h264enc.js:1031:11)
    at abortOnCannotGrowMemory (/home/test/workspace/openh264/test/encoder_binary_comparison/AllTestData/Adobe_PDF_sample_a_1024x768_50Frms.264/h264enc.js:4914:7)
    at _emscripten_resize_heap (/home/test/workspace/openh264/test/encoder_binary_comparison/AllTestData/Adobe_PDF_sample_a_1024x768_50Frms.264/h264enc.js:4919:7)
    at wasm://wasm/00265406:wasm-function[1133]:0x705f0
    at wasm://wasm/00265406:wasm-function[1121]:0x6e28d
    at wasm://wasm/00265406:wasm-function[775]:0x60eb2
    at wasm://wasm/00265406:wasm-function[357]:0x2e8f3
    at wasm://wasm/00265406:wasm-function[363]:0x2f261
    at wasm://wasm/00265406:wasm-function[555]:0x407f3
    at wasm://wasm/00265406:wasm-function[554]:0x405bd   [0m
[31m    Failed! Adobe_PDF_sample_a_1024x768_50Frms.264_x.yuv Case Index 103:SHA-1(Current--Benchmark): NULL-----2302714743420f9667a87870180c9ec84469a570  [0m
[31m            ----YUVSHA1:  NULL,  9aa9a4d9598eb3e1093311826844f37c43e4c521  [0m
[31m           [OpenH264] this = 0x0x514070, Error:ParamValidationExt(), WARNING: GOM based RC do not support SM_RASTER_SLICE!
Aborted(Cannot enlarge memory arrays to size 19111936 bytes (OOM). Either (1) compile with -sINITIAL_MEMORY=X with X higher than the current value 16777216, (2) compile with -sALLOW_MEMORY_GROWTH which allows increasing the size at runtime, or (3) if you want malloc to return NULL (0) instead of this abort, compile with -sABORTING_MALLOC=0)
/home/test/workspace/openh264/test/encoder_binary_comparison/AllTestData/Adobe_PDF_sample_a_1024x768_50Frms.264/h264enc.js:167
      throw ex;
      ^

RuntimeError: Aborted(Cannot enlarge memory arrays to size 19111936 bytes (OOM). Either (1) compile with -sINITIAL_MEMORY=X with X higher than the current value 16777216, (2) compile with -sALLOW_MEMORY_GROWTH which allows increasing the size at runtime, or (3) if you want malloc to return NULL (0) instead of this abort, compile with -sABORTING_MALLOC=0)
    at abort (/home/test/workspace/openh264/test/encoder_binary_comparison/AllTestData/Adobe_PDF_sample_a_1024x768_50Frms.264/h264enc.js:1031:11)
    at abortOnCannotGrowMemory (/home/test/workspace/openh264/test/encoder_binary_comparison/AllTestData/Adobe_PDF_sample_a_1024x768_50Frms.264/h264enc.js:4914:7)
    at _emscripten_resize_heap (/home/test/workspace/openh264/test/encoder_binary_comparison/AllTestData/Adobe_PDF_sample_a_1024x768_50Frms.264/h264enc.js:4919:7)
    at wasm://wasm/00265406:wasm-function[1133]:0x705f0
    at wasm://wasm/00265406:wasm-function[1121]:0x6e28d
    at wasm://wasm/00265406:wasm-function[775]:0x60eb2
    at wasm://wasm/00265406:wasm-function[357]:0x2e8f3
    at wasm://wasm/00265406:wasm-function[363]:0x2f261
    at wasm://wasm/00265406:wasm-function[555]:0x407f3
    at wasm://wasm/00265406:wasm-function[554]:0x405bd   [0m
[31m    Failed! Adobe_PDF_sample_a_1024x768_50Frms.264_x.yuv Case Index 104:SHA-1(Current--Benchmark): NULL-----2302714743420f9667a87870180c9ec84469a570  [0m
[31m            ----YUVSHA1:  NULL,  9aa9a4d9598eb3e1093311826844f37c43e4c521  [0m
[31m           [OpenH264] this = 0x0x514070, Error:ParamValidationExt(), WARNING: GOM based RC do not support SM_RASTER_SLICE!
Aborted(Cannot enlarge memory arrays to size 19111936 bytes (OOM). Either (1) compile with -sINITIAL_MEMORY=X with X higher than the current value 16777216, (2) compile with -sALLOW_MEMORY_GROWTH which allows increasing the size at runtime, or (3) if you want malloc to return NULL (0) instead of this abort, compile with -sABORTING_MALLOC=0)
/home/test/workspace/openh264/test/encoder_binary_comparison/AllTestData/Adobe_PDF_sample_a_1024x768_50Frms.264/h264enc.js:167
      throw ex;
      ^

RuntimeError: Aborted(Cannot enlarge memory arrays to size 19111936 bytes (OOM). Either (1) compile with -sINITIAL_MEMORY=X with X higher than the current value 16777216, (2) compile with -sALLOW_MEMORY_GROWTH which allows increasing the size at runtime, or (3) if you want malloc to return NULL (0) instead of this abort, compile with -sABORTING_MALLOC=0)
    at abort (/home/test/workspace/openh264/test/encoder_binary_comparison/AllTestData/Adobe_PDF_sample_a_1024x768_50Frms.264/h264enc.js:1031:11)
    at abortOnCannotGrowMemory (/home/test/workspace/openh264/test/encoder_binary_comparison/AllTestData/Adobe_PDF_sample_a_1024x768_50Frms.264/h264enc.js:4914:7)
    at _emscripten_resize_heap (/home/test/workspace/openh264/test/encoder_binary_comparison/AllTestData/Adobe_PDF_sample_a_1024x768_50Frms.264/h264enc.js:4919:7)
    at wasm://wasm/00265406:wasm-function[1133]:0x705f0
    at wasm://wasm/00265406:wasm-function[1121]:0x6e28d
    at wasm://wasm/00265406:wasm-function[775]:0x60eb2
    at wasm://wasm/00265406:wasm-function[357]:0x2e8f3
    at wasm://wasm/00265406:wasm-function[363]:0x2f261
    at wasm://wasm/00265406:wasm-function[555]:0x407f3
    at wasm://wasm/00265406:wasm-function[554]:0x405bd   [0m
[31m    Failed! Adobe_PDF_sample_a_1024x768_50Frms.264_x.yuv Case Index 105:SHA-1(Current--Benchmark): NULL-----2302714743420f9667a87870180c9ec84469a570  [0m
[31m            ----YUVSHA1:  NULL,  9aa9a4d9598eb3e1093311826844f37c43e4c521  [0m
[31m           [OpenH264] this = 0x0x514070, Error:ParamValidationExt(), WARNING: GOM based RC do not support SM_RASTER_SLICE!
Aborted(Cannot enlarge memory arrays to size 19111936 bytes (OOM). Either (1) compile with -sINITIAL_MEMORY=X with X higher than the current value 16777216, (2) compile with -sALLOW_MEMORY_GROWTH which allows increasing the size at runtime, or (3) if you want malloc to return NULL (0) instead of this abort, compile with -sABORTING_MALLOC=0)
/home/test/workspace/openh264/test/encoder_binary_comparison/AllTestData/Adobe_PDF_sample_a_1024x768_50Frms.264/h264enc.js:167
      throw ex;
      ^

RuntimeError: Aborted(Cannot enlarge memory arrays to size 19111936 bytes (OOM). Either (1) compile with -sINITIAL_MEMORY=X with X higher than the current value 16777216, (2) compile with -sALLOW_MEMORY_GROWTH which allows increasing the size at runtime, or (3) if you want malloc to return NULL (0) instead of this abort, compile with -sABORTING_MALLOC=0)
    at abort (/home/test/workspace/openh264/test/encoder_binary_comparison/AllTestData/Adobe_PDF_sample_a_1024x768_50Frms.264/h264enc.js:1031:11)
    at abortOnCannotGrowMemory (/home/test/workspace/openh264/test/encoder_binary_comparison/AllTestData/Adobe_PDF_sample_a_1024x768_50Frms.264/h264enc.js:4914:7)
    at _emscripten_resize_heap (/home/test/workspace/openh264/test/encoder_binary_comparison/AllTestData/Adobe_PDF_sample_a_1024x768_50Frms.264/h264enc.js:4919:7)
    at wasm://wasm/00265406:wasm-function[1133]:0x705f0
    at wasm://wasm/00265406:wasm-function[1121]:0x6e28d
    at wasm://wasm/00265406:wasm-function[775]:0x60eb2
    at wasm://wasm/00265406:wasm-function[357]:0x2e8f3
    at wasm://wasm/00265406:wasm-function[363]:0x2f261
    at wasm://wasm/00265406:wasm-function[555]:0x407f3
    at wasm://wasm/00265406:wasm-function[554]:0x405bd   [0m
[31m    Failed! Adobe_PDF_sample_a_1024x768_50Frms.264_x.yuv Case Index 106:SHA-1(Current--Benchmark): NULL-----2302714743420f9667a87870180c9ec84469a570  [0m
[31m            ----YUVSHA1:  NULL,  9aa9a4d9598eb3e1093311826844f37c43e4c521  [0m
[31m           [OpenH264] this = 0x0x514070, Error:ParamValidationExt(), WARNING: GOM based RC do not support SM_RASTER_SLICE!
Aborted(Cannot enlarge memory arrays to size 19111936 bytes (OOM). Either (1) compile with -sINITIAL_MEMORY=X with X higher than the current value 16777216, (2) compile with -sALLOW_MEMORY_GROWTH which allows increasing the size at runtime, or (3) if you want malloc to return NULL (0) instead of this abort, compile with -sABORTING_MALLOC=0)
/home/test/workspace/openh264/test/encoder_binary_comparison/AllTestData/Adobe_PDF_sample_a_1024x768_50Frms.264/h264enc.js:167
      throw ex;
      ^

RuntimeError: Aborted(Cannot enlarge memory arrays to size 19111936 bytes (OOM). Either (1) compile with -sINITIAL_MEMORY=X with X higher than the current value 16777216, (2) compile with -sALLOW_MEMORY_GROWTH which allows increasing the size at runtime, or (3) if you want malloc to return NULL (0) instead of this abort, compile with -sABORTING_MALLOC=0)
    at abort (/home/test/workspace/openh264/test/encoder_binary_comparison/AllTestData/Adobe_PDF_sample_a_1024x768_50Frms.264/h264enc.js:1031:11)
    at abortOnCannotGrowMemory (/home/test/workspace/openh264/test/encoder_binary_comparison/AllTestData/Adobe_PDF_sample_a_1024x768_50Frms.264/h264enc.js:4914:7)
    at _emscripten_resize_heap (/home/test/workspace/openh264/test/encoder_binary_comparison/AllTestData/Adobe_PDF_sample_a_1024x768_50Frms.264/h264enc.js:4919:7)
    at wasm://wasm/00265406:wasm-function[1133]:0x705f0
    at wasm://wasm/00265406:wasm-function[1121]:0x6e28d
    at wasm://wasm/00265406:wasm-function[775]:0x60eb2
    at wasm://wasm/00265406:wasm-function[357]:0x2e8f3
    at wasm://wasm/00265406:wasm-function[363]:0x2f261
    at wasm://wasm/00265406:wasm-function[555]:0x407f3
    at wasm://wasm/00265406:wasm-function[554]:0x405bd   [0m
[31m    Failed! Adobe_PDF_sample_a_1024x768_50Frms.264_x.yuv Case Index 107:SHA-1(Current--Benchmark): NULL-----2302714743420f9667a87870180c9ec84469a570  [0m
[31m            ----YUVSHA1:  NULL,  9aa9a4d9598eb3e1093311826844f37c43e4c521  [0m
[31m           [OpenH264] this = 0x0x514070, Error:ParamValidationExt(), WARNING: GOM based RC do not support SM_RASTER_SLICE!
Aborted(Cannot enlarge memory arrays to size 19111936 bytes (OOM). Either (1) compile with -sINITIAL_MEMORY=X with X higher than the current value 16777216, (2) compile with -sALLOW_MEMORY_GROWTH which allows increasing the size at runtime, or (3) if you want malloc to return NULL (0) instead of this abort, compile with -sABORTING_MALLOC=0)
/home/test/workspace/openh264/test/encoder_binary_comparison/AllTestData/Adobe_PDF_sample_a_1024x768_50Frms.264/h264enc.js:167
      throw ex;
      ^

RuntimeError: Aborted(Cannot enlarge memory arrays to size 19111936 bytes (OOM). Either (1) compile with -sINITIAL_MEMORY=X with X higher than the current value 16777216, (2) compile with -sALLOW_MEMORY_GROWTH which allows increasing the size at runtime, or (3) if you want malloc to return NULL (0) instead of this abort, compile with -sABORTING_MALLOC=0)
    at abort (/home/test/workspace/openh264/test/encoder_binary_comparison/AllTestData/Adobe_PDF_sample_a_1024x768_50Frms.264/h264enc.js:1031:11)
    at abortOnCannotGrowMemory (/home/test/workspace/openh264/test/encoder_binary_comparison/AllTestData/Adobe_PDF_sample_a_1024x768_50Frms.264/h264enc.js:4914:7)
    at _emscripten_resize_heap (/home/test/workspace/openh264/test/encoder_binary_comparison/AllTestData/Adobe_PDF_sample_a_1024x768_50Frms.264/h264enc.js:4919:7)
    at wasm://wasm/00265406:wasm-function[1133]:0x705f0
    at wasm://wasm/00265406:wasm-function[1121]:0x6e28d
    at wasm://wasm/00265406:wasm-function[775]:0x60eb2
    at wasm://wasm/00265406:wasm-function[357]:0x2e8f3
    at wasm://wasm/00265406:wasm-function[363]:0x2f261
    at wasm://wasm/00265406:wasm-function[555]:0x407f3
    at wasm://wasm/00265406:wasm-function[554]:0x405bd   [0m
[31m    Failed! Adobe_PDF_sample_a_1024x768_50Frms.264_x.yuv Case Index 108:SHA-1(Current--Benchmark): NULL-----2302714743420f9667a87870180c9ec84469a570  [0m
[31m            ----YUVSHA1:  NULL,  9aa9a4d9598eb3e1093311826844f37c43e4c521  [0m
[31m           [OpenH264] this = 0x0x514070, Error:ParamValidationExt(), WARNING: GOM based RC do not support SM_RASTER_SLICE!
Aborted(Cannot enlarge memory arrays to size 19111936 bytes (OOM). Either (1) compile with -sINITIAL_MEMORY=X with X higher than the current value 16777216, (2) compile with -sALLOW_MEMORY_GROWTH which allows increasing the size at runtime, or (3) if you want malloc to return NULL (0) instead of this abort, compile with -sABORTING_MALLOC=0)
/home/test/workspace/openh264/test/encoder_binary_comparison/AllTestData/Adobe_PDF_sample_a_1024x768_50Frms.264/h264enc.js:167
      throw ex;
      ^

RuntimeError: Aborted(Cannot enlarge memory arrays to size 19111936 bytes (OOM). Either (1) compile with -sINITIAL_MEMORY=X with X higher than the current value 16777216, (2) compile with -sALLOW_MEMORY_GROWTH which allows increasing the size at runtime, or (3) if you want malloc to return NULL (0) instead of this abort, compile with -sABORTING_MALLOC=0)
    at abort (/home/test/workspace/openh264/test/encoder_binary_comparison/AllTestData/Adobe_PDF_sample_a_1024x768_50Frms.264/h264enc.js:1031:11)
    at abortOnCannotGrowMemory (/home/test/workspace/openh264/test/encoder_binary_comparison/AllTestData/Adobe_PDF_sample_a_1024x768_50Frms.264/h264enc.js:4914:7)
    at _emscripten_resize_heap (/home/test/workspace/openh264/test/encoder_binary_comparison/AllTestData/Adobe_PDF_sample_a_1024x768_50Frms.264/h264enc.js:4919:7)
    at wasm://wasm/00265406:wasm-function[1133]:0x705f0
    at wasm://wasm/00265406:wasm-function[1121]:0x6e28d
    at wasm://wasm/00265406:wasm-function[775]:0x60eb2
    at wasm://wasm/00265406:wasm-function[357]:0x2e8f3
    at wasm://wasm/00265406:wasm-function[363]:0x2f261
    at wasm://wasm/00265406:wasm-function[555]:0x407f3
    at wasm://wasm/00265406:wasm-function[554]:0x405bd   [0m
[31m    Failed! Adobe_PDF_sample_a_1024x768_50Frms.264_x.yuv Case Index 109:SHA-1(Current--Benchmark): NULL-----2302714743420f9667a87870180c9ec84469a570  [0m
[31m            ----YUVSHA1:  NULL,  9aa9a4d9598eb3e1093311826844f37c43e4c521  [0m
[31m           [OpenH264] this = 0x0x514070, Error:ParamValidationExt(), WARNING: GOM based RC do not support SM_RASTER_SLICE!
Aborted(Cannot enlarge memory arrays to size 19111936 bytes (OOM). Either (1) compile with -sINITIAL_MEMORY=X with X higher than the current value 16777216, (2) compile with -sALLOW_MEMORY_GROWTH which allows increasing the size at runtime, or (3) if you want malloc to return NULL (0) instead of this abort, compile with -sABORTING_MALLOC=0)
/home/test/workspace/openh264/test/encoder_binary_comparison/AllTestData/Adobe_PDF_sample_a_1024x768_50Frms.264/h264enc.js:167
      throw ex;
      ^

RuntimeError: Aborted(Cannot enlarge memory arrays to size 19111936 bytes (OOM). Either (1) compile with -sINITIAL_MEMORY=X with X higher than the current value 16777216, (2) compile with -sALLOW_MEMORY_GROWTH which allows increasing the size at runtime, or (3) if you want malloc to return NULL (0) instead of this abort, compile with -sABORTING_MALLOC=0)
    at abort (/home/test/workspace/openh264/test/encoder_binary_comparison/AllTestData/Adobe_PDF_sample_a_1024x768_50Frms.264/h264enc.js:1031:11)
    at abortOnCannotGrowMemory (/home/test/workspace/openh264/test/encoder_binary_comparison/AllTestData/Adobe_PDF_sample_a_1024x768_50Frms.264/h264enc.js:4914:7)
    at _emscripten_resize_heap (/home/test/workspace/openh264/test/encoder_binary_comparison/AllTestData/Adobe_PDF_sample_a_1024x768_50Frms.264/h264enc.js:4919:7)
    at wasm://wasm/00265406:wasm-function[1133]:0x705f0
    at wasm://wasm/00265406:wasm-function[1121]:0x6e28d
    at wasm://wasm/00265406:wasm-function[775]:0x60eb2
    at wasm://wasm/00265406:wasm-function[357]:0x2e8f3
    at wasm://wasm/00265406:wasm-function[363]:0x2f261
    at wasm://wasm/00265406:wasm-function[555]:0x407f3
    at wasm://wasm/00265406:wasm-function[554]:0x405bd   [0m
[31m    Failed! Adobe_PDF_sample_a_1024x768_50Frms.264_x.yuv Case Index 110:SHA-1(Current--Benchmark): NULL-----2302714743420f9667a87870180c9ec84469a570  [0m
[31m            ----YUVSHA1:  NULL,  9aa9a4d9598eb3e1093311826844f37c43e4c521  [0m
[31m           [OpenH264] this = 0x0x514070, Error:ParamValidationExt(), WARNING: GOM based RC do not support SM_RASTER_SLICE!
Aborted(Cannot enlarge memory arrays to size 19111936 bytes (OOM). Either (1) compile with -sINITIAL_MEMORY=X with X higher than the current value 16777216, (2) compile with -sALLOW_MEMORY_GROWTH which allows increasing the size at runtime, or (3) if you want malloc to return NULL (0) instead of this abort, compile with -sABORTING_MALLOC=0)
/home/test/workspace/openh264/test/encoder_binary_comparison/AllTestData/Adobe_PDF_sample_a_1024x768_50Frms.264/h264enc.js:167
      throw ex;
      ^

RuntimeError: Aborted(Cannot enlarge memory arrays to size 19111936 bytes (OOM). Either (1) compile with -sINITIAL_MEMORY=X with X higher than the current value 16777216, (2) compile with -sALLOW_MEMORY_GROWTH which allows increasing the size at runtime, or (3) if you want malloc to return NULL (0) instead of this abort, compile with -sABORTING_MALLOC=0)
    at abort (/home/test/workspace/openh264/test/encoder_binary_comparison/AllTestData/Adobe_PDF_sample_a_1024x768_50Frms.264/h264enc.js:1031:11)
    at abortOnCannotGrowMemory (/home/test/workspace/openh264/test/encoder_binary_comparison/AllTestData/Adobe_PDF_sample_a_1024x768_50Frms.264/h264enc.js:4914:7)
    at _emscripten_resize_heap (/home/test/workspace/openh264/test/encoder_binary_comparison/AllTestData/Adobe_PDF_sample_a_1024x768_50Frms.264/h264enc.js:4919:7)
    at wasm://wasm/00265406:wasm-function[1133]:0x705f0
    at wasm://wasm/00265406:wasm-function[1121]:0x6e28d
    at wasm://wasm/00265406:wasm-function[775]:0x60eb2
    at wasm://wasm/00265406:wasm-function[357]:0x2e8f3
    at wasm://wasm/00265406:wasm-function[363]:0x2f261
    at wasm://wasm/00265406:wasm-function[555]:0x407f3
    at wasm://wasm/00265406:wasm-function[554]:0x405bd   [0m
[31m    Failed! Adobe_PDF_sample_a_1024x768_50Frms.264_x.yuv Case Index 111:SHA-1(Current--Benchmark): NULL-----2302714743420f9667a87870180c9ec84469a570  [0m
[31m            ----YUVSHA1:  NULL,  9aa9a4d9598eb3e1093311826844f37c43e4c521  [0m
[31m           [OpenH264] this = 0x0x514070, Error:ParamValidationExt(), WARNING: GOM based RC do not support SM_RASTER_SLICE!
Aborted(Cannot enlarge memory arrays to size 19111936 bytes (OOM). Either (1) compile with -sINITIAL_MEMORY=X with X higher than the current value 16777216, (2) compile with -sALLOW_MEMORY_GROWTH which allows increasing the size at runtime, or (3) if you want malloc to return NULL (0) instead of this abort, compile with -sABORTING_MALLOC=0)
/home/test/workspace/openh264/test/encoder_binary_comparison/AllTestData/Adobe_PDF_sample_a_1024x768_50Frms.264/h264enc.js:167
      throw ex;
      ^

RuntimeError: Aborted(Cannot enlarge memory arrays to size 19111936 bytes (OOM). Either (1) compile with -sINITIAL_MEMORY=X with X higher than the current value 16777216, (2) compile with -sALLOW_MEMORY_GROWTH which allows increasing the size at runtime, or (3) if you want malloc to return NULL (0) instead of this abort, compile with -sABORTING_MALLOC=0)
    at abort (/home/test/workspace/openh264/test/encoder_binary_comparison/AllTestData/Adobe_PDF_sample_a_1024x768_50Frms.264/h264enc.js:1031:11)
    at abortOnCannotGrowMemory (/home/test/workspace/openh264/test/encoder_binary_comparison/AllTestData/Adobe_PDF_sample_a_1024x768_50Frms.264/h264enc.js:4914:7)
    at _emscripten_resize_heap (/home/test/workspace/openh264/test/encoder_binary_comparison/AllTestData/Adobe_PDF_sample_a_1024x768_50Frms.264/h264enc.js:4919:7)
    at wasm://wasm/00265406:wasm-function[1133]:0x705f0
    at wasm://wasm/00265406:wasm-function[1121]:0x6e28d
    at wasm://wasm/00265406:wasm-function[775]:0x60eb2
    at wasm://wasm/00265406:wasm-function[357]:0x2e8f3
    at wasm://wasm/00265406:wasm-function[363]:0x2f261
    at wasm://wasm/00265406:wasm-function[555]:0x407f3
    at wasm://wasm/00265406:wasm-function[554]:0x405bd   [0m
[31m    Failed! Adobe_PDF_sample_a_1024x768_50Frms.264_x.yuv Case Index 112:SHA-1(Current--Benchmark): NULL-----3af223c5fc54e69f923ad95749ea9640f5090fd0  [0m
[31m            ----YUVSHA1:  NULL,  9aa9a4d9598eb3e1093311826844f37c43e4c521  [0m
[31m           Aborted(Cannot enlarge memory arrays to size 19116032 bytes (OOM). Either (1) compile with -sINITIAL_MEMORY=X with X higher than the current value 16777216, (2) compile with -sALLOW_MEMORY_GROWTH which allows increasing the size at runtime, or (3) if you want malloc to return NULL (0) instead of this abort, compile with -sABORTING_MALLOC=0)
/home/test/workspace/openh264/test/encoder_binary_comparison/AllTestData/Adobe_PDF_sample_a_1024x768_50Frms.264/h264enc.js:167
      throw ex;
      ^

RuntimeError: Aborted(Cannot enlarge memory arrays to size 19116032 bytes (OOM). Either (1) compile with -sINITIAL_MEMORY=X with X higher than the current value 16777216, (2) compile with -sALLOW_MEMORY_GROWTH which allows increasing the size at runtime, or (3) if you want malloc to return NULL (0) instead of this abort, compile with -sABORTING_MALLOC=0)
    at abort (/home/test/workspace/openh264/test/encoder_binary_comparison/AllTestData/Adobe_PDF_sample_a_1024x768_50Frms.264/h264enc.js:1031:11)
    at abortOnCannotGrowMemory (/home/test/workspace/openh264/test/encoder_binary_comparison/AllTestData/Adobe_PDF_sample_a_1024x768_50Frms.264/h264enc.js:4914:7)
    at _emscripten_resize_heap (/home/test/workspace/openh264/test/encoder_binary_comparison/AllTestData/Adobe_PDF_sample_a_1024x768_50Frms.264/h264enc.js:4919:7)
    at wasm://wasm/00265406:wasm-function[1133]:0x705f0
    at wasm://wasm/00265406:wasm-function[1121]:0x6e28d
    at wasm://wasm/00265406:wasm-function[775]:0x60eb2
    at wasm://wasm/00265406:wasm-function[357]:0x2e8f3
    at wasm://wasm/00265406:wasm-function[363]:0x2f261
    at wasm://wasm/00265406:wasm-function[555]:0x407f3
    at wasm://wasm/00265406:wasm-function[554]:0x405bd   [0m
[31m    Failed! Adobe_PDF_sample_a_1024x768_50Frms.264_x.yuv Case Index 113:SHA-1(Current--Benchmark): NULL-----3af223c5fc54e69f923ad95749ea9640f5090fd0  [0m
[31m            ----YUVSHA1:  NULL,  9aa9a4d9598eb3e1093311826844f37c43e4c521  [0m
[31m           Aborted(Cannot enlarge memory arrays to size 19116032 bytes (OOM). Either (1) compile with -sINITIAL_MEMORY=X with X higher than the current value 16777216, (2) compile with -sALLOW_MEMORY_GROWTH which allows increasing the size at runtime, or (3) if you want malloc to return NULL (0) instead of this abort, compile with -sABORTING_MALLOC=0)
/home/test/workspace/openh264/test/encoder_binary_comparison/AllTestData/Adobe_PDF_sample_a_1024x768_50Frms.264/h264enc.js:167
      throw ex;
      ^

RuntimeError: Aborted(Cannot enlarge memory arrays to size 19116032 bytes (OOM). Either (1) compile with -sINITIAL_MEMORY=X with X higher than the current value 16777216, (2) compile with -sALLOW_MEMORY_GROWTH which allows increasing the size at runtime, or (3) if you want malloc to return NULL (0) instead of this abort, compile with -sABORTING_MALLOC=0)
    at abort (/home/test/workspace/openh264/test/encoder_binary_comparison/AllTestData/Adobe_PDF_sample_a_1024x768_50Frms.264/h264enc.js:1031:11)
    at abortOnCannotGrowMemory (/home/test/workspace/openh264/test/encoder_binary_comparison/AllTestData/Adobe_PDF_sample_a_1024x768_50Frms.264/h264enc.js:4914:7)
    at _emscripten_resize_heap (/home/test/workspace/openh264/test/encoder_binary_comparison/AllTestData/Adobe_PDF_sample_a_1024x768_50Frms.264/h264enc.js:4919:7)
    at wasm://wasm/00265406:wasm-function[1133]:0x705f0
    at wasm://wasm/00265406:wasm-function[1121]:0x6e28d
    at wasm://wasm/00265406:wasm-function[775]:0x60eb2
    at wasm://wasm/00265406:wasm-function[357]:0x2e8f3
    at wasm://wasm/00265406:wasm-function[363]:0x2f261
    at wasm://wasm/00265406:wasm-function[555]:0x407f3
    at wasm://wasm/00265406:wasm-function[554]:0x405bd   [0m
[31m    Failed! Adobe_PDF_sample_a_1024x768_50Frms.264_x.yuv Case Index 114:SHA-1(Current--Benchmark): NULL-----3af223c5fc54e69f923ad95749ea9640f5090fd0  [0m
[31m            ----YUVSHA1:  NULL,  9aa9a4d9598eb3e1093311826844f37c43e4c521  [0m
[31m           Aborted(Cannot enlarge memory arrays to size 19116032 bytes (OOM). Either (1) compile with -sINITIAL_MEMORY=X with X higher than the current value 16777216, (2) compile with -sALLOW_MEMORY_GROWTH which allows increasing the size at runtime, or (3) if you want malloc to return NULL (0) instead of this abort, compile with -sABORTING_MALLOC=0)
/home/test/workspace/openh264/test/encoder_binary_comparison/AllTestData/Adobe_PDF_sample_a_1024x768_50Frms.264/h264enc.js:167
      throw ex;
      ^

RuntimeError: Aborted(Cannot enlarge memory arrays to size 19116032 bytes (OOM). Either (1) compile with -sINITIAL_MEMORY=X with X higher than the current value 16777216, (2) compile with -sALLOW_MEMORY_GROWTH which allows increasing the size at runtime, or (3) if you want malloc to return NULL (0) instead of this abort, compile with -sABORTING_MALLOC=0)
    at abort (/home/test/workspace/openh264/test/encoder_binary_comparison/AllTestData/Adobe_PDF_sample_a_1024x768_50Frms.264/h264enc.js:1031:11)
    at abortOnCannotGrowMemory (/home/test/workspace/openh264/test/encoder_binary_comparison/AllTestData/Adobe_PDF_sample_a_1024x768_50Frms.264/h264enc.js:4914:7)
    at _emscripten_resize_heap (/home/test/workspace/openh264/test/encoder_binary_comparison/AllTestData/Adobe_PDF_sample_a_1024x768_50Frms.264/h264enc.js:4919:7)
    at wasm://wasm/00265406:wasm-function[1133]:0x705f0
    at wasm://wasm/00265406:wasm-function[1121]:0x6e28d
    at wasm://wasm/00265406:wasm-function[775]:0x60eb2
    at wasm://wasm/00265406:wasm-function[357]:0x2e8f3
    at wasm://wasm/00265406:wasm-function[363]:0x2f261
    at wasm://wasm/00265406:wasm-function[555]:0x407f3
    at wasm://wasm/00265406:wasm-function[554]:0x405bd   [0m
[31m    Failed! Adobe_PDF_sample_a_1024x768_50Frms.264_x.yuv Case Index 115:SHA-1(Current--Benchmark): NULL-----3af223c5fc54e69f923ad95749ea9640f5090fd0  [0m
[31m            ----YUVSHA1:  NULL,  9aa9a4d9598eb3e1093311826844f37c43e4c521  [0m
[31m           Aborted(Cannot enlarge memory arrays to size 19116032 bytes (OOM). Either (1) compile with -sINITIAL_MEMORY=X with X higher than the current value 16777216, (2) compile with -sALLOW_MEMORY_GROWTH which allows increasing the size at runtime, or (3) if you want malloc to return NULL (0) instead of this abort, compile with -sABORTING_MALLOC=0)
/home/test/workspace/openh264/test/encoder_binary_comparison/AllTestData/Adobe_PDF_sample_a_1024x768_50Frms.264/h264enc.js:167
      throw ex;
      ^

RuntimeError: Aborted(Cannot enlarge memory arrays to size 19116032 bytes (OOM). Either (1) compile with -sINITIAL_MEMORY=X with X higher than the current value 16777216, (2) compile with -sALLOW_MEMORY_GROWTH which allows increasing the size at runtime, or (3) if you want malloc to return NULL (0) instead of this abort, compile with -sABORTING_MALLOC=0)
    at abort (/home/test/workspace/openh264/test/encoder_binary_comparison/AllTestData/Adobe_PDF_sample_a_1024x768_50Frms.264/h264enc.js:1031:11)
    at abortOnCannotGrowMemory (/home/test/workspace/openh264/test/encoder_binary_comparison/AllTestData/Adobe_PDF_sample_a_1024x768_50Frms.264/h264enc.js:4914:7)
    at _emscripten_resize_heap (/home/test/workspace/openh264/test/encoder_binary_comparison/AllTestData/Adobe_PDF_sample_a_1024x768_50Frms.264/h264enc.js:4919:7)
    at wasm://wasm/00265406:wasm-function[1133]:0x705f0
    at wasm://wasm/00265406:wasm-function[1121]:0x6e28d
    at wasm://wasm/00265406:wasm-function[775]:0x60eb2
    at wasm://wasm/00265406:wasm-function[357]:0x2e8f3
    at wasm://wasm/00265406:wasm-function[363]:0x2f261
    at wasm://wasm/00265406:wasm-function[555]:0x407f3
    at wasm://wasm/00265406:wasm-function[554]:0x405bd   [0m
[31m    Failed! Adobe_PDF_sample_a_1024x768_50Frms.264_x.yuv Case Index 116:SHA-1(Current--Benchmark): NULL-----3af223c5fc54e69f923ad95749ea9640f5090fd0  [0m
[31m            ----YUVSHA1:  NULL,  9aa9a4d9598eb3e1093311826844f37c43e4c521  [0m
[31m           Aborted(Cannot enlarge memory arrays to size 19116032 bytes (OOM). Either (1) compile with -sINITIAL_MEMORY=X with X higher than the current value 16777216, (2) compile with -sALLOW_MEMORY_GROWTH which allows increasing the size at runtime, or (3) if you want malloc to return NULL (0) instead of this abort, compile with -sABORTING_MALLOC=0)
/home/test/workspace/openh264/test/encoder_binary_comparison/AllTestData/Adobe_PDF_sample_a_1024x768_50Frms.264/h264enc.js:167
      throw ex;
      ^

RuntimeError: Aborted(Cannot enlarge memory arrays to size 19116032 bytes (OOM). Either (1) compile with -sINITIAL_MEMORY=X with X higher than the current value 16777216, (2) compile with -sALLOW_MEMORY_GROWTH which allows increasing the size at runtime, or (3) if you want malloc to return NULL (0) instead of this abort, compile with -sABORTING_MALLOC=0)
    at abort (/home/test/workspace/openh264/test/encoder_binary_comparison/AllTestData/Adobe_PDF_sample_a_1024x768_50Frms.264/h264enc.js:1031:11)
    at abortOnCannotGrowMemory (/home/test/workspace/openh264/test/encoder_binary_comparison/AllTestData/Adobe_PDF_sample_a_1024x768_50Frms.264/h264enc.js:4914:7)
    at _emscripten_resize_heap (/home/test/workspace/openh264/test/encoder_binary_comparison/AllTestData/Adobe_PDF_sample_a_1024x768_50Frms.264/h264enc.js:4919:7)
    at wasm://wasm/00265406:wasm-function[1133]:0x705f0
    at wasm://wasm/00265406:wasm-function[1121]:0x6e28d
    at wasm://wasm/00265406:wasm-function[775]:0x60eb2
    at wasm://wasm/00265406:wasm-function[357]:0x2e8f3
    at wasm://wasm/00265406:wasm-function[363]:0x2f261
    at wasm://wasm/00265406:wasm-function[555]:0x407f3
    at wasm://wasm/00265406:wasm-function[554]:0x405bd   [0m
[31m    Failed! Adobe_PDF_sample_a_1024x768_50Frms.264_x.yuv Case Index 117:SHA-1(Current--Benchmark): NULL-----3af223c5fc54e69f923ad95749ea9640f5090fd0  [0m
[31m            ----YUVSHA1:  NULL,  9aa9a4d9598eb3e1093311826844f37c43e4c521  [0m
[31m           Aborted(Cannot enlarge memory arrays to size 19116032 bytes (OOM). Either (1) compile with -sINITIAL_MEMORY=X with X higher than the current value 16777216, (2) compile with -sALLOW_MEMORY_GROWTH which allows increasing the size at runtime, or (3) if you want malloc to return NULL (0) instead of this abort, compile with -sABORTING_MALLOC=0)
/home/test/workspace/openh264/test/encoder_binary_comparison/AllTestData/Adobe_PDF_sample_a_1024x768_50Frms.264/h264enc.js:167
      throw ex;
      ^

RuntimeError: Aborted(Cannot enlarge memory arrays to size 19116032 bytes (OOM). Either (1) compile with -sINITIAL_MEMORY=X with X higher than the current value 16777216, (2) compile with -sALLOW_MEMORY_GROWTH which allows increasing the size at runtime, or (3) if you want malloc to return NULL (0) instead of this abort, compile with -sABORTING_MALLOC=0)
    at abort (/home/test/workspace/openh264/test/encoder_binary_comparison/AllTestData/Adobe_PDF_sample_a_1024x768_50Frms.264/h264enc.js:1031:11)
    at abortOnCannotGrowMemory (/home/test/workspace/openh264/test/encoder_binary_comparison/AllTestData/Adobe_PDF_sample_a_1024x768_50Frms.264/h264enc.js:4914:7)
    at _emscripten_resize_heap (/home/test/workspace/openh264/test/encoder_binary_comparison/AllTestData/Adobe_PDF_sample_a_1024x768_50Frms.264/h264enc.js:4919:7)
    at wasm://wasm/00265406:wasm-function[1133]:0x705f0
    at wasm://wasm/00265406:wasm-function[1121]:0x6e28d
    at wasm://wasm/00265406:wasm-function[775]:0x60eb2
    at wasm://wasm/00265406:wasm-function[357]:0x2e8f3
    at wasm://wasm/00265406:wasm-function[363]:0x2f261
    at wasm://wasm/00265406:wasm-function[555]:0x407f3
    at wasm://wasm/00265406:wasm-function[554]:0x405bd   [0m
[31m    Failed! Adobe_PDF_sample_a_1024x768_50Frms.264_x.yuv Case Index 118:SHA-1(Current--Benchmark): NULL-----3af223c5fc54e69f923ad95749ea9640f5090fd0  [0m
[31m            ----YUVSHA1:  NULL,  9aa9a4d9598eb3e1093311826844f37c43e4c521  [0m
[31m           Aborted(Cannot enlarge memory arrays to size 19116032 bytes (OOM). Either (1) compile with -sINITIAL_MEMORY=X with X higher than the current value 16777216, (2) compile with -sALLOW_MEMORY_GROWTH which allows increasing the size at runtime, or (3) if you want malloc to return NULL (0) instead of this abort, compile with -sABORTING_MALLOC=0)
/home/test/workspace/openh264/test/encoder_binary_comparison/AllTestData/Adobe_PDF_sample_a_1024x768_50Frms.264/h264enc.js:167
      throw ex;
      ^

RuntimeError: Aborted(Cannot enlarge memory arrays to size 19116032 bytes (OOM). Either (1) compile with -sINITIAL_MEMORY=X with X higher than the current value 16777216, (2) compile with -sALLOW_MEMORY_GROWTH which allows increasing the size at runtime, or (3) if you want malloc to return NULL (0) instead of this abort, compile with -sABORTING_MALLOC=0)
    at abort (/home/test/workspace/openh264/test/encoder_binary_comparison/AllTestData/Adobe_PDF_sample_a_1024x768_50Frms.264/h264enc.js:1031:11)
    at abortOnCannotGrowMemory (/home/test/workspace/openh264/test/encoder_binary_comparison/AllTestData/Adobe_PDF_sample_a_1024x768_50Frms.264/h264enc.js:4914:7)
    at _emscripten_resize_heap (/home/test/workspace/openh264/test/encoder_binary_comparison/AllTestData/Adobe_PDF_sample_a_1024x768_50Frms.264/h264enc.js:4919:7)
    at wasm://wasm/00265406:wasm-function[1133]:0x705f0
    at wasm://wasm/00265406:wasm-function[1121]:0x6e28d
    at wasm://wasm/00265406:wasm-function[775]:0x60eb2
    at wasm://wasm/00265406:wasm-function[357]:0x2e8f3
    at wasm://wasm/00265406:wasm-function[363]:0x2f261
    at wasm://wasm/00265406:wasm-function[555]:0x407f3
    at wasm://wasm/00265406:wasm-function[554]:0x405bd   [0m
[31m    Failed! Adobe_PDF_sample_a_1024x768_50Frms.264_x.yuv Case Index 119:SHA-1(Current--Benchmark): NULL-----3af223c5fc54e69f923ad95749ea9640f5090fd0  [0m
[31m            ----YUVSHA1:  NULL,  9aa9a4d9598eb3e1093311826844f37c43e4c521  [0m
[31m           Aborted(Cannot enlarge memory arrays to size 19116032 bytes (OOM). Either (1) compile with -sINITIAL_MEMORY=X with X higher than the current value 16777216, (2) compile with -sALLOW_MEMORY_GROWTH which allows increasing the size at runtime, or (3) if you want malloc to return NULL (0) instead of this abort, compile with -sABORTING_MALLOC=0)
/home/test/workspace/openh264/test/encoder_binary_comparison/AllTestData/Adobe_PDF_sample_a_1024x768_50Frms.264/h264enc.js:167
      throw ex;
      ^

RuntimeError: Aborted(Cannot enlarge memory arrays to size 19116032 bytes (OOM). Either (1) compile with -sINITIAL_MEMORY=X with X higher than the current value 16777216, (2) compile with -sALLOW_MEMORY_GROWTH which allows increasing the size at runtime, or (3) if you want malloc to return NULL (0) instead of this abort, compile with -sABORTING_MALLOC=0)
    at abort (/home/test/workspace/openh264/test/encoder_binary_comparison/AllTestData/Adobe_PDF_sample_a_1024x768_50Frms.264/h264enc.js:1031:11)
    at abortOnCannotGrowMemory (/home/test/workspace/openh264/test/encoder_binary_comparison/AllTestData/Adobe_PDF_sample_a_1024x768_50Frms.264/h264enc.js:4914:7)
    at _emscripten_resize_heap (/home/test/workspace/openh264/test/encoder_binary_comparison/AllTestData/Adobe_PDF_sample_a_1024x768_50Frms.264/h264enc.js:4919:7)
    at wasm://wasm/00265406:wasm-function[1133]:0x705f0
    at wasm://wasm/00265406:wasm-function[1121]:0x6e28d
    at wasm://wasm/00265406:wasm-function[775]:0x60eb2
    at wasm://wasm/00265406:wasm-function[357]:0x2e8f3
    at wasm://wasm/00265406:wasm-function[363]:0x2f261
    at wasm://wasm/00265406:wasm-function[555]:0x407f3
    at wasm://wasm/00265406:wasm-function[554]:0x405bd   [0m
[31m    Failed! Adobe_PDF_sample_a_1024x768_50Frms.264_x.yuv Case Index 120:SHA-1(Current--Benchmark): NULL-----3af223c5fc54e69f923ad95749ea9640f5090fd0  [0m
[31m            ----YUVSHA1:  NULL,  9aa9a4d9598eb3e1093311826844f37c43e4c521  [0m
[31m           Aborted(Cannot enlarge memory arrays to size 19116032 bytes (OOM). Either (1) compile with -sINITIAL_MEMORY=X with X higher than the current value 16777216, (2) compile with -sALLOW_MEMORY_GROWTH which allows increasing the size at runtime, or (3) if you want malloc to return NULL (0) instead of this abort, compile with -sABORTING_MALLOC=0)
/home/test/workspace/openh264/test/encoder_binary_comparison/AllTestData/Adobe_PDF_sample_a_1024x768_50Frms.264/h264enc.js:167
      throw ex;
      ^

RuntimeError: Aborted(Cannot enlarge memory arrays to size 19116032 bytes (OOM). Either (1) compile with -sINITIAL_MEMORY=X with X higher than the current value 16777216, (2) compile with -sALLOW_MEMORY_GROWTH which allows increasing the size at runtime, or (3) if you want malloc to return NULL (0) instead of this abort, compile with -sABORTING_MALLOC=0)
    at abort (/home/test/workspace/openh264/test/encoder_binary_comparison/AllTestData/Adobe_PDF_sample_a_1024x768_50Frms.264/h264enc.js:1031:11)
    at abortOnCannotGrowMemory (/home/test/workspace/openh264/test/encoder_binary_comparison/AllTestData/Adobe_PDF_sample_a_1024x768_50Frms.264/h264enc.js:4914:7)
    at _emscripten_resize_heap (/home/test/workspace/openh264/test/encoder_binary_comparison/AllTestData/Adobe_PDF_sample_a_1024x768_50Frms.264/h264enc.js:4919:7)
    at wasm://wasm/00265406:wasm-function[1133]:0x705f0
    at wasm://wasm/00265406:wasm-function[1121]:0x6e28d
    at wasm://wasm/00265406:wasm-function[775]:0x60eb2
    at wasm://wasm/00265406:wasm-function[357]:0x2e8f3
    at wasm://wasm/00265406:wasm-function[363]:0x2f261
    at wasm://wasm/00265406:wasm-function[555]:0x407f3
    at wasm://wasm/00265406:wasm-function[554]:0x405bd   [0m
[31m    Failed! Adobe_PDF_sample_a_1024x768_50Frms.264_x.yuv Case Index 121:SHA-1(Current--Benchmark): NULL-----3af223c5fc54e69f923ad95749ea9640f5090fd0  [0m
[31m            ----YUVSHA1:  NULL,  9aa9a4d9598eb3e1093311826844f37c43e4c521  [0m
[31m           Aborted(Cannot enlarge memory arrays to size 19116032 bytes (OOM). Either (1) compile with -sINITIAL_MEMORY=X with X higher than the current value 16777216, (2) compile with -sALLOW_MEMORY_GROWTH which allows increasing the size at runtime, or (3) if you want malloc to return NULL (0) instead of this abort, compile with -sABORTING_MALLOC=0)
/home/test/workspace/openh264/test/encoder_binary_comparison/AllTestData/Adobe_PDF_sample_a_1024x768_50Frms.264/h264enc.js:167
      throw ex;
      ^

RuntimeError: Aborted(Cannot enlarge memory arrays to size 19116032 bytes (OOM). Either (1) compile with -sINITIAL_MEMORY=X with X higher than the current value 16777216, (2) compile with -sALLOW_MEMORY_GROWTH which allows increasing the size at runtime, or (3) if you want malloc to return NULL (0) instead of this abort, compile with -sABORTING_MALLOC=0)
    at abort (/home/test/workspace/openh264/test/encoder_binary_comparison/AllTestData/Adobe_PDF_sample_a_1024x768_50Frms.264/h264enc.js:1031:11)
    at abortOnCannotGrowMemory (/home/test/workspace/openh264/test/encoder_binary_comparison/AllTestData/Adobe_PDF_sample_a_1024x768_50Frms.264/h264enc.js:4914:7)
    at _emscripten_resize_heap (/home/test/workspace/openh264/test/encoder_binary_comparison/AllTestData/Adobe_PDF_sample_a_1024x768_50Frms.264/h264enc.js:4919:7)
    at wasm://wasm/00265406:wasm-function[1133]:0x705f0
    at wasm://wasm/00265406:wasm-function[1121]:0x6e28d
    at wasm://wasm/00265406:wasm-function[775]:0x60eb2
    at wasm://wasm/00265406:wasm-function[357]:0x2e8f3
    at wasm://wasm/00265406:wasm-function[363]:0x2f261
    at wasm://wasm/00265406:wasm-function[555]:0x407f3
    at wasm://wasm/00265406:wasm-function[554]:0x405bd   [0m
[31m    Failed! Adobe_PDF_sample_a_1024x768_50Frms.264_x.yuv Case Index 122:SHA-1(Current--Benchmark): NULL-----3af223c5fc54e69f923ad95749ea9640f5090fd0  [0m
[31m            ----YUVSHA1:  NULL,  9aa9a4d9598eb3e1093311826844f37c43e4c521  [0m
[31m           Aborted(Cannot enlarge memory arrays to size 19116032 bytes (OOM). Either (1) compile with -sINITIAL_MEMORY=X with X higher than the current value 16777216, (2) compile with -sALLOW_MEMORY_GROWTH which allows increasing the size at runtime, or (3) if you want malloc to return NULL (0) instead of this abort, compile with -sABORTING_MALLOC=0)
/home/test/workspace/openh264/test/encoder_binary_comparison/AllTestData/Adobe_PDF_sample_a_1024x768_50Frms.264/h264enc.js:167
      throw ex;
      ^

RuntimeError: Aborted(Cannot enlarge memory arrays to size 19116032 bytes (OOM). Either (1) compile with -sINITIAL_MEMORY=X with X higher than the current value 16777216, (2) compile with -sALLOW_MEMORY_GROWTH which allows increasing the size at runtime, or (3) if you want malloc to return NULL (0) instead of this abort, compile with -sABORTING_MALLOC=0)
    at abort (/home/test/workspace/openh264/test/encoder_binary_comparison/AllTestData/Adobe_PDF_sample_a_1024x768_50Frms.264/h264enc.js:1031:11)
    at abortOnCannotGrowMemory (/home/test/workspace/openh264/test/encoder_binary_comparison/AllTestData/Adobe_PDF_sample_a_1024x768_50Frms.264/h264enc.js:4914:7)
    at _emscripten_resize_heap (/home/test/workspace/openh264/test/encoder_binary_comparison/AllTestData/Adobe_PDF_sample_a_1024x768_50Frms.264/h264enc.js:4919:7)
    at wasm://wasm/00265406:wasm-function[1133]:0x705f0
    at wasm://wasm/00265406:wasm-function[1121]:0x6e28d
    at wasm://wasm/00265406:wasm-function[775]:0x60eb2
    at wasm://wasm/00265406:wasm-function[357]:0x2e8f3
    at wasm://wasm/00265406:wasm-function[363]:0x2f261
    at wasm://wasm/00265406:wasm-function[555]:0x407f3
    at wasm://wasm/00265406:wasm-function[554]:0x405bd   [0m
[31m    Failed! Adobe_PDF_sample_a_1024x768_50Frms.264_x.yuv Case Index 123:SHA-1(Current--Benchmark): NULL-----3af223c5fc54e69f923ad95749ea9640f5090fd0  [0m
[31m            ----YUVSHA1:  NULL,  9aa9a4d9598eb3e1093311826844f37c43e4c521  [0m
[31m           Aborted(Cannot enlarge memory arrays to size 19116032 bytes (OOM). Either (1) compile with -sINITIAL_MEMORY=X with X higher than the current value 16777216, (2) compile with -sALLOW_MEMORY_GROWTH which allows increasing the size at runtime, or (3) if you want malloc to return NULL (0) instead of this abort, compile with -sABORTING_MALLOC=0)
/home/test/workspace/openh264/test/encoder_binary_comparison/AllTestData/Adobe_PDF_sample_a_1024x768_50Frms.264/h264enc.js:167
      throw ex;
      ^

RuntimeError: Aborted(Cannot enlarge memory arrays to size 19116032 bytes (OOM). Either (1) compile with -sINITIAL_MEMORY=X with X higher than the current value 16777216, (2) compile with -sALLOW_MEMORY_GROWTH which allows increasing the size at runtime, or (3) if you want malloc to return NULL (0) instead of this abort, compile with -sABORTING_MALLOC=0)
    at abort (/home/test/workspace/openh264/test/encoder_binary_comparison/AllTestData/Adobe_PDF_sample_a_1024x768_50Frms.264/h264enc.js:1031:11)
    at abortOnCannotGrowMemory (/home/test/workspace/openh264/test/encoder_binary_comparison/AllTestData/Adobe_PDF_sample_a_1024x768_50Frms.264/h264enc.js:4914:7)
    at _emscripten_resize_heap (/home/test/workspace/openh264/test/encoder_binary_comparison/AllTestData/Adobe_PDF_sample_a_1024x768_50Frms.264/h264enc.js:4919:7)
    at wasm://wasm/00265406:wasm-function[1133]:0x705f0
    at wasm://wasm/00265406:wasm-function[1121]:0x6e28d
    at wasm://wasm/00265406:wasm-function[775]:0x60eb2
    at wasm://wasm/00265406:wasm-function[357]:0x2e8f3
    at wasm://wasm/00265406:wasm-function[363]:0x2f261
    at wasm://wasm/00265406:wasm-function[555]:0x407f3
    at wasm://wasm/00265406:wasm-function[554]:0x405bd   [0m
[31m    Failed! Adobe_PDF_sample_a_1024x768_50Frms.264_x.yuv Case Index 124:SHA-1(Current--Benchmark): NULL-----3af223c5fc54e69f923ad95749ea9640f5090fd0  [0m
[31m            ----YUVSHA1:  NULL,  9aa9a4d9598eb3e1093311826844f37c43e4c521  [0m
[31m           Aborted(Cannot enlarge memory arrays to size 19116032 bytes (OOM). Either (1) compile with -sINITIAL_MEMORY=X with X higher than the current value 16777216, (2) compile with -sALLOW_MEMORY_GROWTH which allows increasing the size at runtime, or (3) if you want malloc to return NULL (0) instead of this abort, compile with -sABORTING_MALLOC=0)
/home/test/workspace/openh264/test/encoder_binary_comparison/AllTestData/Adobe_PDF_sample_a_1024x768_50Frms.264/h264enc.js:167
      throw ex;
      ^

RuntimeError: Aborted(Cannot enlarge memory arrays to size 19116032 bytes (OOM). Either (1) compile with -sINITIAL_MEMORY=X with X higher than the current value 16777216, (2) compile with -sALLOW_MEMORY_GROWTH which allows increasing the size at runtime, or (3) if you want malloc to return NULL (0) instead of this abort, compile with -sABORTING_MALLOC=0)
    at abort (/home/test/workspace/openh264/test/encoder_binary_comparison/AllTestData/Adobe_PDF_sample_a_1024x768_50Frms.264/h264enc.js:1031:11)
    at abortOnCannotGrowMemory (/home/test/workspace/openh264/test/encoder_binary_comparison/AllTestData/Adobe_PDF_sample_a_1024x768_50Frms.264/h264enc.js:4914:7)
    at _emscripten_resize_heap (/home/test/workspace/openh264/test/encoder_binary_comparison/AllTestData/Adobe_PDF_sample_a_1024x768_50Frms.264/h264enc.js:4919:7)
    at wasm://wasm/00265406:wasm-function[1133]:0x705f0
    at wasm://wasm/00265406:wasm-function[1121]:0x6e28d
    at wasm://wasm/00265406:wasm-function[775]:0x60eb2
    at wasm://wasm/00265406:wasm-function[357]:0x2e8f3
    at wasm://wasm/00265406:wasm-function[363]:0x2f261
    at wasm://wasm/00265406:wasm-function[555]:0x407f3
    at wasm://wasm/00265406:wasm-function[554]:0x405bd   [0m
[31m    Failed! Adobe_PDF_sample_a_1024x768_50Frms.264_x.yuv Case Index 125:SHA-1(Current--Benchmark): NULL-----3af223c5fc54e69f923ad95749ea9640f5090fd0  [0m
[31m            ----YUVSHA1:  NULL,  9aa9a4d9598eb3e1093311826844f37c43e4c521  [0m
[31m           Aborted(Cannot enlarge memory arrays to size 19116032 bytes (OOM). Either (1) compile with -sINITIAL_MEMORY=X with X higher than the current value 16777216, (2) compile with -sALLOW_MEMORY_GROWTH which allows increasing the size at runtime, or (3) if you want malloc to return NULL (0) instead of this abort, compile with -sABORTING_MALLOC=0)
/home/test/workspace/openh264/test/encoder_binary_comparison/AllTestData/Adobe_PDF_sample_a_1024x768_50Frms.264/h264enc.js:167
      throw ex;
      ^

RuntimeError: Aborted(Cannot enlarge memory arrays to size 19116032 bytes (OOM). Either (1) compile with -sINITIAL_MEMORY=X with X higher than the current value 16777216, (2) compile with -sALLOW_MEMORY_GROWTH which allows increasing the size at runtime, or (3) if you want malloc to return NULL (0) instead of this abort, compile with -sABORTING_MALLOC=0)
    at abort (/home/test/workspace/openh264/test/encoder_binary_comparison/AllTestData/Adobe_PDF_sample_a_1024x768_50Frms.264/h264enc.js:1031:11)
    at abortOnCannotGrowMemory (/home/test/workspace/openh264/test/encoder_binary_comparison/AllTestData/Adobe_PDF_sample_a_1024x768_50Frms.264/h264enc.js:4914:7)
    at _emscripten_resize_heap (/home/test/workspace/openh264/test/encoder_binary_comparison/AllTestData/Adobe_PDF_sample_a_1024x768_50Frms.264/h264enc.js:4919:7)
    at wasm://wasm/00265406:wasm-function[1133]:0x705f0
    at wasm://wasm/00265406:wasm-function[1121]:0x6e28d
    at wasm://wasm/00265406:wasm-function[775]:0x60eb2
    at wasm://wasm/00265406:wasm-function[357]:0x2e8f3
    at wasm://wasm/00265406:wasm-function[363]:0x2f261
    at wasm://wasm/00265406:wasm-function[555]:0x407f3
    at wasm://wasm/00265406:wasm-function[554]:0x405bd   [0m
[31m    Failed! Adobe_PDF_sample_a_1024x768_50Frms.264_x.yuv Case Index 126:SHA-1(Current--Benchmark): NULL-----3af223c5fc54e69f923ad95749ea9640f5090fd0  [0m
[31m            ----YUVSHA1:  NULL,  9aa9a4d9598eb3e1093311826844f37c43e4c521  [0m
[31m           Aborted(Cannot enlarge memory arrays to size 19116032 bytes (OOM). Either (1) compile with -sINITIAL_MEMORY=X with X higher than the current value 16777216, (2) compile with -sALLOW_MEMORY_GROWTH which allows increasing the size at runtime, or (3) if you want malloc to return NULL (0) instead of this abort, compile with -sABORTING_MALLOC=0)
/home/test/workspace/openh264/test/encoder_binary_comparison/AllTestData/Adobe_PDF_sample_a_1024x768_50Frms.264/h264enc.js:167
      throw ex;
      ^

RuntimeError: Aborted(Cannot enlarge memory arrays to size 19116032 bytes (OOM). Either (1) compile with -sINITIAL_MEMORY=X with X higher than the current value 16777216, (2) compile with -sALLOW_MEMORY_GROWTH which allows increasing the size at runtime, or (3) if you want malloc to return NULL (0) instead of this abort, compile with -sABORTING_MALLOC=0)
    at abort (/home/test/workspace/openh264/test/encoder_binary_comparison/AllTestData/Adobe_PDF_sample_a_1024x768_50Frms.264/h264enc.js:1031:11)
    at abortOnCannotGrowMemory (/home/test/workspace/openh264/test/encoder_binary_comparison/AllTestData/Adobe_PDF_sample_a_1024x768_50Frms.264/h264enc.js:4914:7)
    at _emscripten_resize_heap (/home/test/workspace/openh264/test/encoder_binary_comparison/AllTestData/Adobe_PDF_sample_a_1024x768_50Frms.264/h264enc.js:4919:7)
    at wasm://wasm/00265406:wasm-function[1133]:0x705f0
    at wasm://wasm/00265406:wasm-function[1121]:0x6e28d
    at wasm://wasm/00265406:wasm-function[775]:0x60eb2
    at wasm://wasm/00265406:wasm-function[357]:0x2e8f3
    at wasm://wasm/00265406:wasm-function[363]:0x2f261
    at wasm://wasm/00265406:wasm-function[555]:0x407f3
    at wasm://wasm/00265406:wasm-function[554]:0x405bd   [0m
[31m    Failed! Adobe_PDF_sample_a_1024x768_50Frms.264_x.yuv Case Index 127:SHA-1(Current--Benchmark): NULL-----3af223c5fc54e69f923ad95749ea9640f5090fd0  [0m
[31m            ----YUVSHA1:  NULL,  9aa9a4d9598eb3e1093311826844f37c43e4c521  [0m
[31m           Aborted(Cannot enlarge memory arrays to size 19116032 bytes (OOM). Either (1) compile with -sINITIAL_MEMORY=X with X higher than the current value 16777216, (2) compile with -sALLOW_MEMORY_GROWTH which allows increasing the size at runtime, or (3) if you want malloc to return NULL (0) instead of this abort, compile with -sABORTING_MALLOC=0)
/home/test/workspace/openh264/test/encoder_binary_comparison/AllTestData/Adobe_PDF_sample_a_1024x768_50Frms.264/h264enc.js:167
      throw ex;
      ^

RuntimeError: Aborted(Cannot enlarge memory arrays to size 19116032 bytes (OOM). Either (1) compile with -sINITIAL_MEMORY=X with X higher than the current value 16777216, (2) compile with -sALLOW_MEMORY_GROWTH which allows increasing the size at runtime, or (3) if you want malloc to return NULL (0) instead of this abort, compile with -sABORTING_MALLOC=0)
    at abort (/home/test/workspace/openh264/test/encoder_binary_comparison/AllTestData/Adobe_PDF_sample_a_1024x768_50Frms.264/h264enc.js:1031:11)
    at abortOnCannotGrowMemory (/home/test/workspace/openh264/test/encoder_binary_comparison/AllTestData/Adobe_PDF_sample_a_1024x768_50Frms.264/h264enc.js:4914:7)
    at _emscripten_resize_heap (/home/test/workspace/openh264/test/encoder_binary_comparison/AllTestData/Adobe_PDF_sample_a_1024x768_50Frms.264/h264enc.js:4919:7)
    at wasm://wasm/00265406:wasm-function[1133]:0x705f0
    at wasm://wasm/00265406:wasm-function[1121]:0x6e28d
    at wasm://wasm/00265406:wasm-function[775]:0x60eb2
    at wasm://wasm/00265406:wasm-function[357]:0x2e8f3
    at wasm://wasm/00265406:wasm-function[363]:0x2f261
    at wasm://wasm/00265406:wasm-function[555]:0x407f3
    at wasm://wasm/00265406:wasm-function[554]:0x405bd   [0m
[31m    Failed! Adobe_PDF_sample_a_1024x768_50Frms.264_x.yuv Case Index 128:SHA-1(Current--Benchmark): NULL-----3af223c5fc54e69f923ad95749ea9640f5090fd0  [0m
[31m            ----YUVSHA1:  NULL,  9aa9a4d9598eb3e1093311826844f37c43e4c521  [0m
[31m           Aborted(Cannot enlarge memory arrays to size 19116032 bytes (OOM). Either (1) compile with -sINITIAL_MEMORY=X with X higher than the current value 16777216, (2) compile with -sALLOW_MEMORY_GROWTH which allows increasing the size at runtime, or (3) if you want malloc to return NULL (0) instead of this abort, compile with -sABORTING_MALLOC=0)
/home/test/workspace/openh264/test/encoder_binary_comparison/AllTestData/Adobe_PDF_sample_a_1024x768_50Frms.264/h264enc.js:167
      throw ex;
      ^

RuntimeError: Aborted(Cannot enlarge memory arrays to size 19116032 bytes (OOM). Either (1) compile with -sINITIAL_MEMORY=X with X higher than the current value 16777216, (2) compile with -sALLOW_MEMORY_GROWTH which allows increasing the size at runtime, or (3) if you want malloc to return NULL (0) instead of this abort, compile with -sABORTING_MALLOC=0)
    at abort (/home/test/workspace/openh264/test/encoder_binary_comparison/AllTestData/Adobe_PDF_sample_a_1024x768_50Frms.264/h264enc.js:1031:11)
    at abortOnCannotGrowMemory (/home/test/workspace/openh264/test/encoder_binary_comparison/AllTestData/Adobe_PDF_sample_a_1024x768_50Frms.264/h264enc.js:4914:7)
    at _emscripten_resize_heap (/home/test/workspace/openh264/test/encoder_binary_comparison/AllTestData/Adobe_PDF_sample_a_1024x768_50Frms.264/h264enc.js:4919:7)
    at wasm://wasm/00265406:wasm-function[1133]:0x705f0
    at wasm://wasm/00265406:wasm-function[1121]:0x6e28d
    at wasm://wasm/00265406:wasm-function[775]:0x60eb2
    at wasm://wasm/00265406:wasm-function[357]:0x2e8f3
    at wasm://wasm/00265406:wasm-function[363]:0x2f261
    at wasm://wasm/00265406:wasm-function[555]:0x407f3
    at wasm://wasm/00265406:wasm-function[554]:0x405bd   [0m
[31m    Failed! Adobe_PDF_sample_a_1024x768_50Frms.264_x.yuv Case Index 129:SHA-1(Current--Benchmark): NULL-----3af223c5fc54e69f923ad95749ea9640f5090fd0  [0m
[31m            ----YUVSHA1:  NULL,  9aa9a4d9598eb3e1093311826844f37c43e4c521  [0m
[31m           Aborted(Cannot enlarge memory arrays to size 19116032 bytes (OOM). Either (1) compile with -sINITIAL_MEMORY=X with X higher than the current value 16777216, (2) compile with -sALLOW_MEMORY_GROWTH which allows increasing the size at runtime, or (3) if you want malloc to return NULL (0) instead of this abort, compile with -sABORTING_MALLOC=0)
/home/test/workspace/openh264/test/encoder_binary_comparison/AllTestData/Adobe_PDF_sample_a_1024x768_50Frms.264/h264enc.js:167
      throw ex;
      ^

RuntimeError: Aborted(Cannot enlarge memory arrays to size 19116032 bytes (OOM). Either (1) compile with -sINITIAL_MEMORY=X with X higher than the current value 16777216, (2) compile with -sALLOW_MEMORY_GROWTH which allows increasing the size at runtime, or (3) if you want malloc to return NULL (0) instead of this abort, compile with -sABORTING_MALLOC=0)
    at abort (/home/test/workspace/openh264/test/encoder_binary_comparison/AllTestData/Adobe_PDF_sample_a_1024x768_50Frms.264/h264enc.js:1031:11)
    at abortOnCannotGrowMemory (/home/test/workspace/openh264/test/encoder_binary_comparison/AllTestData/Adobe_PDF_sample_a_1024x768_50Frms.264/h264enc.js:4914:7)
    at _emscripten_resize_heap (/home/test/workspace/openh264/test/encoder_binary_comparison/AllTestData/Adobe_PDF_sample_a_1024x768_50Frms.264/h264enc.js:4919:7)
    at wasm://wasm/00265406:wasm-function[1133]:0x705f0
    at wasm://wasm/00265406:wasm-function[1121]:0x6e28d
    at wasm://wasm/00265406:wasm-function[775]:0x60eb2
    at wasm://wasm/00265406:wasm-function[357]:0x2e8f3
    at wasm://wasm/00265406:wasm-function[363]:0x2f261
    at wasm://wasm/00265406:wasm-function[555]:0x407f3
    at wasm://wasm/00265406:wasm-function[554]:0x405bd   [0m
[31m    Failed! Adobe_PDF_sample_a_1024x768_50Frms.264_x.yuv Case Index 130:SHA-1(Current--Benchmark): NULL-----3af223c5fc54e69f923ad95749ea9640f5090fd0  [0m
[31m            ----YUVSHA1:  NULL,  9aa9a4d9598eb3e1093311826844f37c43e4c521  [0m
[31m           Aborted(Cannot enlarge memory arrays to size 19116032 bytes (OOM). Either (1) compile with -sINITIAL_MEMORY=X with X higher than the current value 16777216, (2) compile with -sALLOW_MEMORY_GROWTH which allows increasing the size at runtime, or (3) if you want malloc to return NULL (0) instead of this abort, compile with -sABORTING_MALLOC=0)
/home/test/workspace/openh264/test/encoder_binary_comparison/AllTestData/Adobe_PDF_sample_a_1024x768_50Frms.264/h264enc.js:167
      throw ex;
      ^

RuntimeError: Aborted(Cannot enlarge memory arrays to size 19116032 bytes (OOM). Either (1) compile with -sINITIAL_MEMORY=X with X higher than the current value 16777216, (2) compile with -sALLOW_MEMORY_GROWTH which allows increasing the size at runtime, or (3) if you want malloc to return NULL (0) instead of this abort, compile with -sABORTING_MALLOC=0)
    at abort (/home/test/workspace/openh264/test/encoder_binary_comparison/AllTestData/Adobe_PDF_sample_a_1024x768_50Frms.264/h264enc.js:1031:11)
    at abortOnCannotGrowMemory (/home/test/workspace/openh264/test/encoder_binary_comparison/AllTestData/Adobe_PDF_sample_a_1024x768_50Frms.264/h264enc.js:4914:7)
    at _emscripten_resize_heap (/home/test/workspace/openh264/test/encoder_binary_comparison/AllTestData/Adobe_PDF_sample_a_1024x768_50Frms.264/h264enc.js:4919:7)
    at wasm://wasm/00265406:wasm-function[1133]:0x705f0
    at wasm://wasm/00265406:wasm-function[1121]:0x6e28d
    at wasm://wasm/00265406:wasm-function[775]:0x60eb2
    at wasm://wasm/00265406:wasm-function[357]:0x2e8f3
    at wasm://wasm/00265406:wasm-function[363]:0x2f261
    at wasm://wasm/00265406:wasm-function[555]:0x407f3
    at wasm://wasm/00265406:wasm-function[554]:0x405bd   [0m
[31m    Failed! Adobe_PDF_sample_a_1024x768_50Frms.264_x.yuv Case Index 131:SHA-1(Current--Benchmark): NULL-----3af223c5fc54e69f923ad95749ea9640f5090fd0  [0m
[31m            ----YUVSHA1:  NULL,  9aa9a4d9598eb3e1093311826844f37c43e4c521  [0m
[31m           Aborted(Cannot enlarge memory arrays to size 19116032 bytes (OOM). Either (1) compile with -sINITIAL_MEMORY=X with X higher than the current value 16777216, (2) compile with -sALLOW_MEMORY_GROWTH which allows increasing the size at runtime, or (3) if you want malloc to return NULL (0) instead of this abort, compile with -sABORTING_MALLOC=0)
/home/test/workspace/openh264/test/encoder_binary_comparison/AllTestData/Adobe_PDF_sample_a_1024x768_50Frms.264/h264enc.js:167
      throw ex;
      ^

RuntimeError: Aborted(Cannot enlarge memory arrays to size 19116032 bytes (OOM). Either (1) compile with -sINITIAL_MEMORY=X with X higher than the current value 16777216, (2) compile with -sALLOW_MEMORY_GROWTH which allows increasing the size at runtime, or (3) if you want malloc to return NULL (0) instead of this abort, compile with -sABORTING_MALLOC=0)
    at abort (/home/test/workspace/openh264/test/encoder_binary_comparison/AllTestData/Adobe_PDF_sample_a_1024x768_50Frms.264/h264enc.js:1031:11)
    at abortOnCannotGrowMemory (/home/test/workspace/openh264/test/encoder_binary_comparison/AllTestData/Adobe_PDF_sample_a_1024x768_50Frms.264/h264enc.js:4914:7)
    at _emscripten_resize_heap (/home/test/workspace/openh264/test/encoder_binary_comparison/AllTestData/Adobe_PDF_sample_a_1024x768_50Frms.264/h264enc.js:4919:7)
    at wasm://wasm/00265406:wasm-function[1133]:0x705f0
    at wasm://wasm/00265406:wasm-function[1121]:0x6e28d
    at wasm://wasm/00265406:wasm-function[775]:0x60eb2
    at wasm://wasm/00265406:wasm-function[357]:0x2e8f3
    at wasm://wasm/00265406:wasm-function[363]:0x2f261
    at wasm://wasm/00265406:wasm-function[555]:0x407f3
    at wasm://wasm/00265406:wasm-function[554]:0x405bd   [0m
[31m    Failed! Adobe_PDF_sample_a_1024x768_50Frms.264_x.yuv Case Index 132:SHA-1(Current--Benchmark): NULL-----3af223c5fc54e69f923ad95749ea9640f5090fd0  [0m
[31m            ----YUVSHA1:  NULL,  9aa9a4d9598eb3e1093311826844f37c43e4c521  [0m
[31m           Aborted(Cannot enlarge memory arrays to size 19116032 bytes (OOM). Either (1) compile with -sINITIAL_MEMORY=X with X higher than the current value 16777216, (2) compile with -sALLOW_MEMORY_GROWTH which allows increasing the size at runtime, or (3) if you want malloc to return NULL (0) instead of this abort, compile with -sABORTING_MALLOC=0)
/home/test/workspace/openh264/test/encoder_binary_comparison/AllTestData/Adobe_PDF_sample_a_1024x768_50Frms.264/h264enc.js:167
      throw ex;
      ^

RuntimeError: Aborted(Cannot enlarge memory arrays to size 19116032 bytes (OOM). Either (1) compile with -sINITIAL_MEMORY=X with X higher than the current value 16777216, (2) compile with -sALLOW_MEMORY_GROWTH which allows increasing the size at runtime, or (3) if you want malloc to return NULL (0) instead of this abort, compile with -sABORTING_MALLOC=0)
    at abort (/home/test/workspace/openh264/test/encoder_binary_comparison/AllTestData/Adobe_PDF_sample_a_1024x768_50Frms.264/h264enc.js:1031:11)
    at abortOnCannotGrowMemory (/home/test/workspace/openh264/test/encoder_binary_comparison/AllTestData/Adobe_PDF_sample_a_1024x768_50Frms.264/h264enc.js:4914:7)
    at _emscripten_resize_heap (/home/test/workspace/openh264/test/encoder_binary_comparison/AllTestData/Adobe_PDF_sample_a_1024x768_50Frms.264/h264enc.js:4919:7)
    at wasm://wasm/00265406:wasm-function[1133]:0x705f0
    at wasm://wasm/00265406:wasm-function[1121]:0x6e28d
    at wasm://wasm/00265406:wasm-function[775]:0x60eb2
    at wasm://wasm/00265406:wasm-function[357]:0x2e8f3
    at wasm://wasm/00265406:wasm-function[363]:0x2f261
    at wasm://wasm/00265406:wasm-function[555]:0x407f3
    at wasm://wasm/00265406:wasm-function[554]:0x405bd   [0m
[31m    Failed! Adobe_PDF_sample_a_1024x768_50Frms.264_x.yuv Case Index 133:SHA-1(Current--Benchmark): NULL-----3af223c5fc54e69f923ad95749ea9640f5090fd0  [0m
[31m            ----YUVSHA1:  NULL,  9aa9a4d9598eb3e1093311826844f37c43e4c521  [0m
[31m           Aborted(Cannot enlarge memory arrays to size 19116032 bytes (OOM). Either (1) compile with -sINITIAL_MEMORY=X with X higher than the current value 16777216, (2) compile with -sALLOW_MEMORY_GROWTH which allows increasing the size at runtime, or (3) if you want malloc to return NULL (0) instead of this abort, compile with -sABORTING_MALLOC=0)
/home/test/workspace/openh264/test/encoder_binary_comparison/AllTestData/Adobe_PDF_sample_a_1024x768_50Frms.264/h264enc.js:167
      throw ex;
      ^

RuntimeError: Aborted(Cannot enlarge memory arrays to size 19116032 bytes (OOM). Either (1) compile with -sINITIAL_MEMORY=X with X higher than the current value 16777216, (2) compile with -sALLOW_MEMORY_GROWTH which allows increasing the size at runtime, or (3) if you want malloc to return NULL (0) instead of this abort, compile with -sABORTING_MALLOC=0)
    at abort (/home/test/workspace/openh264/test/encoder_binary_comparison/AllTestData/Adobe_PDF_sample_a_1024x768_50Frms.264/h264enc.js:1031:11)
    at abortOnCannotGrowMemory (/home/test/workspace/openh264/test/encoder_binary_comparison/AllTestData/Adobe_PDF_sample_a_1024x768_50Frms.264/h264enc.js:4914:7)
    at _emscripten_resize_heap (/home/test/workspace/openh264/test/encoder_binary_comparison/AllTestData/Adobe_PDF_sample_a_1024x768_50Frms.264/h264enc.js:4919:7)
    at wasm://wasm/00265406:wasm-function[1133]:0x705f0
    at wasm://wasm/00265406:wasm-function[1121]:0x6e28d
    at wasm://wasm/00265406:wasm-function[775]:0x60eb2
    at wasm://wasm/00265406:wasm-function[357]:0x2e8f3
    at wasm://wasm/00265406:wasm-function[363]:0x2f261
    at wasm://wasm/00265406:wasm-function[555]:0x407f3
    at wasm://wasm/00265406:wasm-function[554]:0x405bd   [0m
[31m    Failed! Adobe_PDF_sample_a_1024x768_50Frms.264_x.yuv Case Index 134:SHA-1(Current--Benchmark): NULL-----3af223c5fc54e69f923ad95749ea9640f5090fd0  [0m
[31m            ----YUVSHA1:  NULL,  9aa9a4d9598eb3e1093311826844f37c43e4c521  [0m
[31m           Aborted(Cannot enlarge memory arrays to size 19116032 bytes (OOM). Either (1) compile with -sINITIAL_MEMORY=X with X higher than the current value 16777216, (2) compile with -sALLOW_MEMORY_GROWTH which allows increasing the size at runtime, or (3) if you want malloc to return NULL (0) instead of this abort, compile with -sABORTING_MALLOC=0)
/home/test/workspace/openh264/test/encoder_binary_comparison/AllTestData/Adobe_PDF_sample_a_1024x768_50Frms.264/h264enc.js:167
      throw ex;
      ^

RuntimeError: Aborted(Cannot enlarge memory arrays to size 19116032 bytes (OOM). Either (1) compile with -sINITIAL_MEMORY=X with X higher than the current value 16777216, (2) compile with -sALLOW_MEMORY_GROWTH which allows increasing the size at runtime, or (3) if you want malloc to return NULL (0) instead of this abort, compile with -sABORTING_MALLOC=0)
    at abort (/home/test/workspace/openh264/test/encoder_binary_comparison/AllTestData/Adobe_PDF_sample_a_1024x768_50Frms.264/h264enc.js:1031:11)
    at abortOnCannotGrowMemory (/home/test/workspace/openh264/test/encoder_binary_comparison/AllTestData/Adobe_PDF_sample_a_1024x768_50Frms.264/h264enc.js:4914:7)
    at _emscripten_resize_heap (/home/test/workspace/openh264/test/encoder_binary_comparison/AllTestData/Adobe_PDF_sample_a_1024x768_50Frms.264/h264enc.js:4919:7)
    at wasm://wasm/00265406:wasm-function[1133]:0x705f0
    at wasm://wasm/00265406:wasm-function[1121]:0x6e28d
    at wasm://wasm/00265406:wasm-function[775]:0x60eb2
    at wasm://wasm/00265406:wasm-function[357]:0x2e8f3
    at wasm://wasm/00265406:wasm-function[363]:0x2f261
    at wasm://wasm/00265406:wasm-function[555]:0x407f3
    at wasm://wasm/00265406:wasm-function[554]:0x405bd   [0m
[31m    Failed! Adobe_PDF_sample_a_1024x768_50Frms.264_x.yuv Case Index 135:SHA-1(Current--Benchmark): NULL-----3af223c5fc54e69f923ad95749ea9640f5090fd0  [0m
[31m            ----YUVSHA1:  NULL,  9aa9a4d9598eb3e1093311826844f37c43e4c521  [0m
[31m           Aborted(Cannot enlarge memory arrays to size 19116032 bytes (OOM). Either (1) compile with -sINITIAL_MEMORY=X with X higher than the current value 16777216, (2) compile with -sALLOW_MEMORY_GROWTH which allows increasing the size at runtime, or (3) if you want malloc to return NULL (0) instead of this abort, compile with -sABORTING_MALLOC=0)
/home/test/workspace/openh264/test/encoder_binary_comparison/AllTestData/Adobe_PDF_sample_a_1024x768_50Frms.264/h264enc.js:167
      throw ex;
      ^

RuntimeError: Aborted(Cannot enlarge memory arrays to size 19116032 bytes (OOM). Either (1) compile with -sINITIAL_MEMORY=X with X higher than the current value 16777216, (2) compile with -sALLOW_MEMORY_GROWTH which allows increasing the size at runtime, or (3) if you want malloc to return NULL (0) instead of this abort, compile with -sABORTING_MALLOC=0)
    at abort (/home/test/workspace/openh264/test/encoder_binary_comparison/AllTestData/Adobe_PDF_sample_a_1024x768_50Frms.264/h264enc.js:1031:11)
    at abortOnCannotGrowMemory (/home/test/workspace/openh264/test/encoder_binary_comparison/AllTestData/Adobe_PDF_sample_a_1024x768_50Frms.264/h264enc.js:4914:7)
    at _emscripten_resize_heap (/home/test/workspace/openh264/test/encoder_binary_comparison/AllTestData/Adobe_PDF_sample_a_1024x768_50Frms.264/h264enc.js:4919:7)
    at wasm://wasm/00265406:wasm-function[1133]:0x705f0
    at wasm://wasm/00265406:wasm-function[1121]:0x6e28d
    at wasm://wasm/00265406:wasm-function[775]:0x60eb2
    at wasm://wasm/00265406:wasm-function[357]:0x2e8f3
    at wasm://wasm/00265406:wasm-function[363]:0x2f261
    at wasm://wasm/00265406:wasm-function[555]:0x407f3
    at wasm://wasm/00265406:wasm-function[554]:0x405bd   [0m
[31m    Failed! Adobe_PDF_sample_a_1024x768_50Frms.264_x.yuv Case Index 136:SHA-1(Current--Benchmark): NULL-----3af223c5fc54e69f923ad95749ea9640f5090fd0  [0m
[31m            ----YUVSHA1:  NULL,  9aa9a4d9598eb3e1093311826844f37c43e4c521  [0m
[31m           Aborted(Cannot enlarge memory arrays to size 19116032 bytes (OOM). Either (1) compile with -sINITIAL_MEMORY=X with X higher than the current value 16777216, (2) compile with -sALLOW_MEMORY_GROWTH which allows increasing the size at runtime, or (3) if you want malloc to return NULL (0) instead of this abort, compile with -sABORTING_MALLOC=0)
/home/test/workspace/openh264/test/encoder_binary_comparison/AllTestData/Adobe_PDF_sample_a_1024x768_50Frms.264/h264enc.js:167
      throw ex;
      ^

RuntimeError: Aborted(Cannot enlarge memory arrays to size 19116032 bytes (OOM). Either (1) compile with -sINITIAL_MEMORY=X with X higher than the current value 16777216, (2) compile with -sALLOW_MEMORY_GROWTH which allows increasing the size at runtime, or (3) if you want malloc to return NULL (0) instead of this abort, compile with -sABORTING_MALLOC=0)
    at abort (/home/test/workspace/openh264/test/encoder_binary_comparison/AllTestData/Adobe_PDF_sample_a_1024x768_50Frms.264/h264enc.js:1031:11)
    at abortOnCannotGrowMemory (/home/test/workspace/openh264/test/encoder_binary_comparison/AllTestData/Adobe_PDF_sample_a_1024x768_50Frms.264/h264enc.js:4914:7)
    at _emscripten_resize_heap (/home/test/workspace/openh264/test/encoder_binary_comparison/AllTestData/Adobe_PDF_sample_a_1024x768_50Frms.264/h264enc.js:4919:7)
    at wasm://wasm/00265406:wasm-function[1133]:0x705f0
    at wasm://wasm/00265406:wasm-function[1121]:0x6e28d
    at wasm://wasm/00265406:wasm-function[775]:0x60eb2
    at wasm://wasm/00265406:wasm-function[357]:0x2e8f3
    at wasm://wasm/00265406:wasm-function[363]:0x2f261
    at wasm://wasm/00265406:wasm-function[555]:0x407f3
    at wasm://wasm/00265406:wasm-function[554]:0x405bd   [0m
[31m    Failed! Adobe_PDF_sample_a_1024x768_50Frms.264_x.yuv Case Index 137:SHA-1(Current--Benchmark): NULL-----3af223c5fc54e69f923ad95749ea9640f5090fd0  [0m
[31m            ----YUVSHA1:  NULL,  9aa9a4d9598eb3e1093311826844f37c43e4c521  [0m
[31m           Aborted(Cannot enlarge memory arrays to size 19116032 bytes (OOM). Either (1) compile with -sINITIAL_MEMORY=X with X higher than the current value 16777216, (2) compile with -sALLOW_MEMORY_GROWTH which allows increasing the size at runtime, or (3) if you want malloc to return NULL (0) instead of this abort, compile with -sABORTING_MALLOC=0)
/home/test/workspace/openh264/test/encoder_binary_comparison/AllTestData/Adobe_PDF_sample_a_1024x768_50Frms.264/h264enc.js:167
      throw ex;
      ^

RuntimeError: Aborted(Cannot enlarge memory arrays to size 19116032 bytes (OOM). Either (1) compile with -sINITIAL_MEMORY=X with X higher than the current value 16777216, (2) compile with -sALLOW_MEMORY_GROWTH which allows increasing the size at runtime, or (3) if you want malloc to return NULL (0) instead of this abort, compile with -sABORTING_MALLOC=0)
    at abort (/home/test/workspace/openh264/test/encoder_binary_comparison/AllTestData/Adobe_PDF_sample_a_1024x768_50Frms.264/h264enc.js:1031:11)
    at abortOnCannotGrowMemory (/home/test/workspace/openh264/test/encoder_binary_comparison/AllTestData/Adobe_PDF_sample_a_1024x768_50Frms.264/h264enc.js:4914:7)
    at _emscripten_resize_heap (/home/test/workspace/openh264/test/encoder_binary_comparison/AllTestData/Adobe_PDF_sample_a_1024x768_50Frms.264/h264enc.js:4919:7)
    at wasm://wasm/00265406:wasm-function[1133]:0x705f0
    at wasm://wasm/00265406:wasm-function[1121]:0x6e28d
    at wasm://wasm/00265406:wasm-function[775]:0x60eb2
    at wasm://wasm/00265406:wasm-function[357]:0x2e8f3
    at wasm://wasm/00265406:wasm-function[363]:0x2f261
    at wasm://wasm/00265406:wasm-function[555]:0x407f3
    at wasm://wasm/00265406:wasm-function[554]:0x405bd   [0m
[31m    Failed! Adobe_PDF_sample_a_1024x768_50Frms.264_x.yuv Case Index 138:SHA-1(Current--Benchmark): NULL-----3af223c5fc54e69f923ad95749ea9640f5090fd0  [0m
[31m            ----YUVSHA1:  NULL,  9aa9a4d9598eb3e1093311826844f37c43e4c521  [0m
[31m           Aborted(Cannot enlarge memory arrays to size 19116032 bytes (OOM). Either (1) compile with -sINITIAL_MEMORY=X with X higher than the current value 16777216, (2) compile with -sALLOW_MEMORY_GROWTH which allows increasing the size at runtime, or (3) if you want malloc to return NULL (0) instead of this abort, compile with -sABORTING_MALLOC=0)
/home/test/workspace/openh264/test/encoder_binary_comparison/AllTestData/Adobe_PDF_sample_a_1024x768_50Frms.264/h264enc.js:167
      throw ex;
      ^

RuntimeError: Aborted(Cannot enlarge memory arrays to size 19116032 bytes (OOM). Either (1) compile with -sINITIAL_MEMORY=X with X higher than the current value 16777216, (2) compile with -sALLOW_MEMORY_GROWTH which allows increasing the size at runtime, or (3) if you want malloc to return NULL (0) instead of this abort, compile with -sABORTING_MALLOC=0)
    at abort (/home/test/workspace/openh264/test/encoder_binary_comparison/AllTestData/Adobe_PDF_sample_a_1024x768_50Frms.264/h264enc.js:1031:11)
    at abortOnCannotGrowMemory (/home/test/workspace/openh264/test/encoder_binary_comparison/AllTestData/Adobe_PDF_sample_a_1024x768_50Frms.264/h264enc.js:4914:7)
    at _emscripten_resize_heap (/home/test/workspace/openh264/test/encoder_binary_comparison/AllTestData/Adobe_PDF_sample_a_1024x768_50Frms.264/h264enc.js:4919:7)
    at wasm://wasm/00265406:wasm-function[1133]:0x705f0
    at wasm://wasm/00265406:wasm-function[1121]:0x6e28d
    at wasm://wasm/00265406:wasm-function[775]:0x60eb2
    at wasm://wasm/00265406:wasm-function[357]:0x2e8f3
    at wasm://wasm/00265406:wasm-function[363]:0x2f261
    at wasm://wasm/00265406:wasm-function[555]:0x407f3
    at wasm://wasm/00265406:wasm-function[554]:0x405bd   [0m
[31m    Failed! Adobe_PDF_sample_a_1024x768_50Frms.264_x.yuv Case Index 139:SHA-1(Current--Benchmark): NULL-----3af223c5fc54e69f923ad95749ea9640f5090fd0  [0m
[31m            ----YUVSHA1:  NULL,  9aa9a4d9598eb3e1093311826844f37c43e4c521  [0m
[31m           Aborted(Cannot enlarge memory arrays to size 19116032 bytes (OOM). Either (1) compile with -sINITIAL_MEMORY=X with X higher than the current value 16777216, (2) compile with -sALLOW_MEMORY_GROWTH which allows increasing the size at runtime, or (3) if you want malloc to return NULL (0) instead of this abort, compile with -sABORTING_MALLOC=0)
/home/test/workspace/openh264/test/encoder_binary_comparison/AllTestData/Adobe_PDF_sample_a_1024x768_50Frms.264/h264enc.js:167
      throw ex;
      ^

RuntimeError: Aborted(Cannot enlarge memory arrays to size 19116032 bytes (OOM). Either (1) compile with -sINITIAL_MEMORY=X with X higher than the current value 16777216, (2) compile with -sALLOW_MEMORY_GROWTH which allows increasing the size at runtime, or (3) if you want malloc to return NULL (0) instead of this abort, compile with -sABORTING_MALLOC=0)
    at abort (/home/test/workspace/openh264/test/encoder_binary_comparison/AllTestData/Adobe_PDF_sample_a_1024x768_50Frms.264/h264enc.js:1031:11)
    at abortOnCannotGrowMemory (/home/test/workspace/openh264/test/encoder_binary_comparison/AllTestData/Adobe_PDF_sample_a_1024x768_50Frms.264/h264enc.js:4914:7)
    at _emscripten_resize_heap (/home/test/workspace/openh264/test/encoder_binary_comparison/AllTestData/Adobe_PDF_sample_a_1024x768_50Frms.264/h264enc.js:4919:7)
    at wasm://wasm/00265406:wasm-function[1133]:0x705f0
    at wasm://wasm/00265406:wasm-function[1121]:0x6e28d
    at wasm://wasm/00265406:wasm-function[775]:0x60eb2
    at wasm://wasm/00265406:wasm-function[357]:0x2e8f3
    at wasm://wasm/00265406:wasm-function[363]:0x2f261
    at wasm://wasm/00265406:wasm-function[555]:0x407f3
    at wasm://wasm/00265406:wasm-function[554]:0x405bd   [0m
[31m    Failed! Adobe_PDF_sample_a_1024x768_50Frms.264_x.yuv Case Index 140:SHA-1(Current--Benchmark): NULL-----3af223c5fc54e69f923ad95749ea9640f5090fd0  [0m
[31m            ----YUVSHA1:  NULL,  9aa9a4d9598eb3e1093311826844f37c43e4c521  [0m
[31m           Aborted(Cannot enlarge memory arrays to size 19116032 bytes (OOM). Either (1) compile with -sINITIAL_MEMORY=X with X higher than the current value 16777216, (2) compile with -sALLOW_MEMORY_GROWTH which allows increasing the size at runtime, or (3) if you want malloc to return NULL (0) instead of this abort, compile with -sABORTING_MALLOC=0)
/home/test/workspace/openh264/test/encoder_binary_comparison/AllTestData/Adobe_PDF_sample_a_1024x768_50Frms.264/h264enc.js:167
      throw ex;
      ^

RuntimeError: Aborted(Cannot enlarge memory arrays to size 19116032 bytes (OOM). Either (1) compile with -sINITIAL_MEMORY=X with X higher than the current value 16777216, (2) compile with -sALLOW_MEMORY_GROWTH which allows increasing the size at runtime, or (3) if you want malloc to return NULL (0) instead of this abort, compile with -sABORTING_MALLOC=0)
    at abort (/home/test/workspace/openh264/test/encoder_binary_comparison/AllTestData/Adobe_PDF_sample_a_1024x768_50Frms.264/h264enc.js:1031:11)
    at abortOnCannotGrowMemory (/home/test/workspace/openh264/test/encoder_binary_comparison/AllTestData/Adobe_PDF_sample_a_1024x768_50Frms.264/h264enc.js:4914:7)
    at _emscripten_resize_heap (/home/test/workspace/openh264/test/encoder_binary_comparison/AllTestData/Adobe_PDF_sample_a_1024x768_50Frms.264/h264enc.js:4919:7)
    at wasm://wasm/00265406:wasm-function[1133]:0x705f0
    at wasm://wasm/00265406:wasm-function[1121]:0x6e28d
    at wasm://wasm/00265406:wasm-function[775]:0x60eb2
    at wasm://wasm/00265406:wasm-function[357]:0x2e8f3
    at wasm://wasm/00265406:wasm-function[363]:0x2f261
    at wasm://wasm/00265406:wasm-function[555]:0x407f3
    at wasm://wasm/00265406:wasm-function[554]:0x405bd   [0m
[31m    Failed! Adobe_PDF_sample_a_1024x768_50Frms.264_x.yuv Case Index 141:SHA-1(Current--Benchmark): NULL-----3af223c5fc54e69f923ad95749ea9640f5090fd0  [0m
[31m            ----YUVSHA1:  NULL,  9aa9a4d9598eb3e1093311826844f37c43e4c521  [0m
[31m           Aborted(Cannot enlarge memory arrays to size 19116032 bytes (OOM). Either (1) compile with -sINITIAL_MEMORY=X with X higher than the current value 16777216, (2) compile with -sALLOW_MEMORY_GROWTH which allows increasing the size at runtime, or (3) if you want malloc to return NULL (0) instead of this abort, compile with -sABORTING_MALLOC=0)
/home/test/workspace/openh264/test/encoder_binary_comparison/AllTestData/Adobe_PDF_sample_a_1024x768_50Frms.264/h264enc.js:167
      throw ex;
      ^

RuntimeError: Aborted(Cannot enlarge memory arrays to size 19116032 bytes (OOM). Either (1) compile with -sINITIAL_MEMORY=X with X higher than the current value 16777216, (2) compile with -sALLOW_MEMORY_GROWTH which allows increasing the size at runtime, or (3) if you want malloc to return NULL (0) instead of this abort, compile with -sABORTING_MALLOC=0)
    at abort (/home/test/workspace/openh264/test/encoder_binary_comparison/AllTestData/Adobe_PDF_sample_a_1024x768_50Frms.264/h264enc.js:1031:11)
    at abortOnCannotGrowMemory (/home/test/workspace/openh264/test/encoder_binary_comparison/AllTestData/Adobe_PDF_sample_a_1024x768_50Frms.264/h264enc.js:4914:7)
    at _emscripten_resize_heap (/home/test/workspace/openh264/test/encoder_binary_comparison/AllTestData/Adobe_PDF_sample_a_1024x768_50Frms.264/h264enc.js:4919:7)
    at wasm://wasm/00265406:wasm-function[1133]:0x705f0
    at wasm://wasm/00265406:wasm-function[1121]:0x6e28d
    at wasm://wasm/00265406:wasm-function[775]:0x60eb2
    at wasm://wasm/00265406:wasm-function[357]:0x2e8f3
    at wasm://wasm/00265406:wasm-function[363]:0x2f261
    at wasm://wasm/00265406:wasm-function[555]:0x407f3
    at wasm://wasm/00265406:wasm-function[554]:0x405bd   [0m
[31m    Failed! Adobe_PDF_sample_a_1024x768_50Frms.264_x.yuv Case Index 142:SHA-1(Current--Benchmark): NULL-----3af223c5fc54e69f923ad95749ea9640f5090fd0  [0m
[31m            ----YUVSHA1:  NULL,  9aa9a4d9598eb3e1093311826844f37c43e4c521  [0m
[31m           Aborted(Cannot enlarge memory arrays to size 19116032 bytes (OOM). Either (1) compile with -sINITIAL_MEMORY=X with X higher than the current value 16777216, (2) compile with -sALLOW_MEMORY_GROWTH which allows increasing the size at runtime, or (3) if you want malloc to return NULL (0) instead of this abort, compile with -sABORTING_MALLOC=0)
/home/test/workspace/openh264/test/encoder_binary_comparison/AllTestData/Adobe_PDF_sample_a_1024x768_50Frms.264/h264enc.js:167
      throw ex;
      ^

RuntimeError: Aborted(Cannot enlarge memory arrays to size 19116032 bytes (OOM). Either (1) compile with -sINITIAL_MEMORY=X with X higher than the current value 16777216, (2) compile with -sALLOW_MEMORY_GROWTH which allows increasing the size at runtime, or (3) if you want malloc to return NULL (0) instead of this abort, compile with -sABORTING_MALLOC=0)
    at abort (/home/test/workspace/openh264/test/encoder_binary_comparison/AllTestData/Adobe_PDF_sample_a_1024x768_50Frms.264/h264enc.js:1031:11)
    at abortOnCannotGrowMemory (/home/test/workspace/openh264/test/encoder_binary_comparison/AllTestData/Adobe_PDF_sample_a_1024x768_50Frms.264/h264enc.js:4914:7)
    at _emscripten_resize_heap (/home/test/workspace/openh264/test/encoder_binary_comparison/AllTestData/Adobe_PDF_sample_a_1024x768_50Frms.264/h264enc.js:4919:7)
    at wasm://wasm/00265406:wasm-function[1133]:0x705f0
    at wasm://wasm/00265406:wasm-function[1121]:0x6e28d
    at wasm://wasm/00265406:wasm-function[775]:0x60eb2
    at wasm://wasm/00265406:wasm-function[357]:0x2e8f3
    at wasm://wasm/00265406:wasm-function[363]:0x2f261
    at wasm://wasm/00265406:wasm-function[555]:0x407f3
    at wasm://wasm/00265406:wasm-function[554]:0x405bd   [0m
[31m    Failed! Adobe_PDF_sample_a_1024x768_50Frms.264_x.yuv Case Index 143:SHA-1(Current--Benchmark): NULL-----3af223c5fc54e69f923ad95749ea9640f5090fd0  [0m
[31m            ----YUVSHA1:  NULL,  9aa9a4d9598eb3e1093311826844f37c43e4c521  [0m
[31m           Aborted(Cannot enlarge memory arrays to size 19116032 bytes (OOM). Either (1) compile with -sINITIAL_MEMORY=X with X higher than the current value 16777216, (2) compile with -sALLOW_MEMORY_GROWTH which allows increasing the size at runtime, or (3) if you want malloc to return NULL (0) instead of this abort, compile with -sABORTING_MALLOC=0)
/home/test/workspace/openh264/test/encoder_binary_comparison/AllTestData/Adobe_PDF_sample_a_1024x768_50Frms.264/h264enc.js:167
      throw ex;
      ^

RuntimeError: Aborted(Cannot enlarge memory arrays to size 19116032 bytes (OOM). Either (1) compile with -sINITIAL_MEMORY=X with X higher than the current value 16777216, (2) compile with -sALLOW_MEMORY_GROWTH which allows increasing the size at runtime, or (3) if you want malloc to return NULL (0) instead of this abort, compile with -sABORTING_MALLOC=0)
    at abort (/home/test/workspace/openh264/test/encoder_binary_comparison/AllTestData/Adobe_PDF_sample_a_1024x768_50Frms.264/h264enc.js:1031:11)
    at abortOnCannotGrowMemory (/home/test/workspace/openh264/test/encoder_binary_comparison/AllTestData/Adobe_PDF_sample_a_1024x768_50Frms.264/h264enc.js:4914:7)
    at _emscripten_resize_heap (/home/test/workspace/openh264/test/encoder_binary_comparison/AllTestData/Adobe_PDF_sample_a_1024x768_50Frms.264/h264enc.js:4919:7)
    at wasm://wasm/00265406:wasm-function[1133]:0x705f0
    at wasm://wasm/00265406:wasm-function[1121]:0x6e28d
    at wasm://wasm/00265406:wasm-function[775]:0x60eb2
    at wasm://wasm/00265406:wasm-function[357]:0x2e8f3
    at wasm://wasm/00265406:wasm-function[363]:0x2f261
    at wasm://wasm/00265406:wasm-function[555]:0x407f3
    at wasm://wasm/00265406:wasm-function[554]:0x405bd   [0m
[31m    Failed! Adobe_PDF_sample_a_1024x768_50Frms.264_x.yuv Case Index 144:SHA-1(Current--Benchmark): NULL-----7dfbea1ac87ed8276647212575764da288c832cb  [0m
[31m            ----YUVSHA1:  NULL,  9aa9a4d9598eb3e1093311826844f37c43e4c521  [0m
[31m           Aborted(Cannot enlarge memory arrays to size 19111936 bytes (OOM). Either (1) compile with -sINITIAL_MEMORY=X with X higher than the current value 16777216, (2) compile with -sALLOW_MEMORY_GROWTH which allows increasing the size at runtime, or (3) if you want malloc to return NULL (0) instead of this abort, compile with -sABORTING_MALLOC=0)
/home/test/workspace/openh264/test/encoder_binary_comparison/AllTestData/Adobe_PDF_sample_a_1024x768_50Frms.264/h264enc.js:167
      throw ex;
      ^

RuntimeError: Aborted(Cannot enlarge memory arrays to size 19111936 bytes (OOM). Either (1) compile with -sINITIAL_MEMORY=X with X higher than the current value 16777216, (2) compile with -sALLOW_MEMORY_GROWTH which allows increasing the size at runtime, or (3) if you want malloc to return NULL (0) instead of this abort, compile with -sABORTING_MALLOC=0)
    at abort (/home/test/workspace/openh264/test/encoder_binary_comparison/AllTestData/Adobe_PDF_sample_a_1024x768_50Frms.264/h264enc.js:1031:11)
    at abortOnCannotGrowMemory (/home/test/workspace/openh264/test/encoder_binary_comparison/AllTestData/Adobe_PDF_sample_a_1024x768_50Frms.264/h264enc.js:4914:7)
    at _emscripten_resize_heap (/home/test/workspace/openh264/test/encoder_binary_comparison/AllTestData/Adobe_PDF_sample_a_1024x768_50Frms.264/h264enc.js:4919:7)
    at wasm://wasm/00265406:wasm-function[1133]:0x705f0
    at wasm://wasm/00265406:wasm-function[1121]:0x6e28d
    at wasm://wasm/00265406:wasm-function[775]:0x60eb2
    at wasm://wasm/00265406:wasm-function[357]:0x2e8f3
    at wasm://wasm/00265406:wasm-function[363]:0x2f261
    at wasm://wasm/00265406:wasm-function[555]:0x407f3
    at wasm://wasm/00265406:wasm-function[554]:0x405bd   [0m
[31m    Failed! Adobe_PDF_sample_a_1024x768_50Frms.264_x.yuv Case Index 145:SHA-1(Current--Benchmark): NULL-----7dfbea1ac87ed8276647212575764da288c832cb  [0m
[31m            ----YUVSHA1:  NULL,  9aa9a4d9598eb3e1093311826844f37c43e4c521  [0m
[31m           Aborted(Cannot enlarge memory arrays to size 19111936 bytes (OOM). Either (1) compile with -sINITIAL_MEMORY=X with X higher than the current value 16777216, (2) compile with -sALLOW_MEMORY_GROWTH which allows increasing the size at runtime, or (3) if you want malloc to return NULL (0) instead of this abort, compile with -sABORTING_MALLOC=0)
/home/test/workspace/openh264/test/encoder_binary_comparison/AllTestData/Adobe_PDF_sample_a_1024x768_50Frms.264/h264enc.js:167
      throw ex;
      ^

RuntimeError: Aborted(Cannot enlarge memory arrays to size 19111936 bytes (OOM). Either (1) compile with -sINITIAL_MEMORY=X with X higher than the current value 16777216, (2) compile with -sALLOW_MEMORY_GROWTH which allows increasing the size at runtime, or (3) if you want malloc to return NULL (0) instead of this abort, compile with -sABORTING_MALLOC=0)
    at abort (/home/test/workspace/openh264/test/encoder_binary_comparison/AllTestData/Adobe_PDF_sample_a_1024x768_50Frms.264/h264enc.js:1031:11)
    at abortOnCannotGrowMemory (/home/test/workspace/openh264/test/encoder_binary_comparison/AllTestData/Adobe_PDF_sample_a_1024x768_50Frms.264/h264enc.js:4914:7)
    at _emscripten_resize_heap (/home/test/workspace/openh264/test/encoder_binary_comparison/AllTestData/Adobe_PDF_sample_a_1024x768_50Frms.264/h264enc.js:4919:7)
    at wasm://wasm/00265406:wasm-function[1133]:0x705f0
    at wasm://wasm/00265406:wasm-function[1121]:0x6e28d
    at wasm://wasm/00265406:wasm-function[775]:0x60eb2
    at wasm://wasm/00265406:wasm-function[357]:0x2e8f3
    at wasm://wasm/00265406:wasm-function[363]:0x2f261
    at wasm://wasm/00265406:wasm-function[555]:0x407f3
    at wasm://wasm/00265406:wasm-function[554]:0x405bd   [0m
[31m    Failed! Adobe_PDF_sample_a_1024x768_50Frms.264_x.yuv Case Index 146:SHA-1(Current--Benchmark): NULL-----7dfbea1ac87ed8276647212575764da288c832cb  [0m
[31m            ----YUVSHA1:  NULL,  9aa9a4d9598eb3e1093311826844f37c43e4c521  [0m
[31m           Aborted(Cannot enlarge memory arrays to size 19111936 bytes (OOM). Either (1) compile with -sINITIAL_MEMORY=X with X higher than the current value 16777216, (2) compile with -sALLOW_MEMORY_GROWTH which allows increasing the size at runtime, or (3) if you want malloc to return NULL (0) instead of this abort, compile with -sABORTING_MALLOC=0)
/home/test/workspace/openh264/test/encoder_binary_comparison/AllTestData/Adobe_PDF_sample_a_1024x768_50Frms.264/h264enc.js:167
      throw ex;
      ^

RuntimeError: Aborted(Cannot enlarge memory arrays to size 19111936 bytes (OOM). Either (1) compile with -sINITIAL_MEMORY=X with X higher than the current value 16777216, (2) compile with -sALLOW_MEMORY_GROWTH which allows increasing the size at runtime, or (3) if you want malloc to return NULL (0) instead of this abort, compile with -sABORTING_MALLOC=0)
    at abort (/home/test/workspace/openh264/test/encoder_binary_comparison/AllTestData/Adobe_PDF_sample_a_1024x768_50Frms.264/h264enc.js:1031:11)
    at abortOnCannotGrowMemory (/home/test/workspace/openh264/test/encoder_binary_comparison/AllTestData/Adobe_PDF_sample_a_1024x768_50Frms.264/h264enc.js:4914:7)
    at _emscripten_resize_heap (/home/test/workspace/openh264/test/encoder_binary_comparison/AllTestData/Adobe_PDF_sample_a_1024x768_50Frms.264/h264enc.js:4919:7)
    at wasm://wasm/00265406:wasm-function[1133]:0x705f0
    at wasm://wasm/00265406:wasm-function[1121]:0x6e28d
    at wasm://wasm/00265406:wasm-function[775]:0x60eb2
    at wasm://wasm/00265406:wasm-function[357]:0x2e8f3
    at wasm://wasm/00265406:wasm-function[363]:0x2f261
    at wasm://wasm/00265406:wasm-function[555]:0x407f3
    at wasm://wasm/00265406:wasm-function[554]:0x405bd   [0m
[31m    Failed! Adobe_PDF_sample_a_1024x768_50Frms.264_x.yuv Case Index 147:SHA-1(Current--Benchmark): NULL-----7dfbea1ac87ed8276647212575764da288c832cb  [0m
[31m            ----YUVSHA1:  NULL,  9aa9a4d9598eb3e1093311826844f37c43e4c521  [0m
[31m           Aborted(Cannot enlarge memory arrays to size 19111936 bytes (OOM). Either (1) compile with -sINITIAL_MEMORY=X with X higher than the current value 16777216, (2) compile with -sALLOW_MEMORY_GROWTH which allows increasing the size at runtime, or (3) if you want malloc to return NULL (0) instead of this abort, compile with -sABORTING_MALLOC=0)
/home/test/workspace/openh264/test/encoder_binary_comparison/AllTestData/Adobe_PDF_sample_a_1024x768_50Frms.264/h264enc.js:167
      throw ex;
      ^

RuntimeError: Aborted(Cannot enlarge memory arrays to size 19111936 bytes (OOM). Either (1) compile with -sINITIAL_MEMORY=X with X higher than the current value 16777216, (2) compile with -sALLOW_MEMORY_GROWTH which allows increasing the size at runtime, or (3) if you want malloc to return NULL (0) instead of this abort, compile with -sABORTING_MALLOC=0)
    at abort (/home/test/workspace/openh264/test/encoder_binary_comparison/AllTestData/Adobe_PDF_sample_a_1024x768_50Frms.264/h264enc.js:1031:11)
    at abortOnCannotGrowMemory (/home/test/workspace/openh264/test/encoder_binary_comparison/AllTestData/Adobe_PDF_sample_a_1024x768_50Frms.264/h264enc.js:4914:7)
    at _emscripten_resize_heap (/home/test/workspace/openh264/test/encoder_binary_comparison/AllTestData/Adobe_PDF_sample_a_1024x768_50Frms.264/h264enc.js:4919:7)
    at wasm://wasm/00265406:wasm-function[1133]:0x705f0
    at wasm://wasm/00265406:wasm-function[1121]:0x6e28d
    at wasm://wasm/00265406:wasm-function[775]:0x60eb2
    at wasm://wasm/00265406:wasm-function[357]:0x2e8f3
    at wasm://wasm/00265406:wasm-function[363]:0x2f261
    at wasm://wasm/00265406:wasm-function[555]:0x407f3
    at wasm://wasm/00265406:wasm-function[554]:0x405bd   [0m
[31m    Failed! Adobe_PDF_sample_a_1024x768_50Frms.264_x.yuv Case Index 148:SHA-1(Current--Benchmark): NULL-----7dfbea1ac87ed8276647212575764da288c832cb  [0m
[31m            ----YUVSHA1:  NULL,  9aa9a4d9598eb3e1093311826844f37c43e4c521  [0m
[31m           Aborted(Cannot enlarge memory arrays to size 19111936 bytes (OOM). Either (1) compile with -sINITIAL_MEMORY=X with X higher than the current value 16777216, (2) compile with -sALLOW_MEMORY_GROWTH which allows increasing the size at runtime, or (3) if you want malloc to return NULL (0) instead of this abort, compile with -sABORTING_MALLOC=0)
/home/test/workspace/openh264/test/encoder_binary_comparison/AllTestData/Adobe_PDF_sample_a_1024x768_50Frms.264/h264enc.js:167
      throw ex;
      ^

RuntimeError: Aborted(Cannot enlarge memory arrays to size 19111936 bytes (OOM). Either (1) compile with -sINITIAL_MEMORY=X with X higher than the current value 16777216, (2) compile with -sALLOW_MEMORY_GROWTH which allows increasing the size at runtime, or (3) if you want malloc to return NULL (0) instead of this abort, compile with -sABORTING_MALLOC=0)
    at abort (/home/test/workspace/openh264/test/encoder_binary_comparison/AllTestData/Adobe_PDF_sample_a_1024x768_50Frms.264/h264enc.js:1031:11)
    at abortOnCannotGrowMemory (/home/test/workspace/openh264/test/encoder_binary_comparison/AllTestData/Adobe_PDF_sample_a_1024x768_50Frms.264/h264enc.js:4914:7)
    at _emscripten_resize_heap (/home/test/workspace/openh264/test/encoder_binary_comparison/AllTestData/Adobe_PDF_sample_a_1024x768_50Frms.264/h264enc.js:4919:7)
    at wasm://wasm/00265406:wasm-function[1133]:0x705f0
    at wasm://wasm/00265406:wasm-function[1121]:0x6e28d
    at wasm://wasm/00265406:wasm-function[775]:0x60eb2
    at wasm://wasm/00265406:wasm-function[357]:0x2e8f3
    at wasm://wasm/00265406:wasm-function[363]:0x2f261
    at wasm://wasm/00265406:wasm-function[555]:0x407f3
    at wasm://wasm/00265406:wasm-function[554]:0x405bd   [0m
[31m    Failed! Adobe_PDF_sample_a_1024x768_50Frms.264_x.yuv Case Index 149:SHA-1(Current--Benchmark): NULL-----7dfbea1ac87ed8276647212575764da288c832cb  [0m
[31m            ----YUVSHA1:  NULL,  9aa9a4d9598eb3e1093311826844f37c43e4c521  [0m
[31m           Aborted(Cannot enlarge memory arrays to size 19111936 bytes (OOM). Either (1) compile with -sINITIAL_MEMORY=X with X higher than the current value 16777216, (2) compile with -sALLOW_MEMORY_GROWTH which allows increasing the size at runtime, or (3) if you want malloc to return NULL (0) instead of this abort, compile with -sABORTING_MALLOC=0)
/home/test/workspace/openh264/test/encoder_binary_comparison/AllTestData/Adobe_PDF_sample_a_1024x768_50Frms.264/h264enc.js:167
      throw ex;
      ^

RuntimeError: Aborted(Cannot enlarge memory arrays to size 19111936 bytes (OOM). Either (1) compile with -sINITIAL_MEMORY=X with X higher than the current value 16777216, (2) compile with -sALLOW_MEMORY_GROWTH which allows increasing the size at runtime, or (3) if you want malloc to return NULL (0) instead of this abort, compile with -sABORTING_MALLOC=0)
    at abort (/home/test/workspace/openh264/test/encoder_binary_comparison/AllTestData/Adobe_PDF_sample_a_1024x768_50Frms.264/h264enc.js:1031:11)
    at abortOnCannotGrowMemory (/home/test/workspace/openh264/test/encoder_binary_comparison/AllTestData/Adobe_PDF_sample_a_1024x768_50Frms.264/h264enc.js:4914:7)
    at _emscripten_resize_heap (/home/test/workspace/openh264/test/encoder_binary_comparison/AllTestData/Adobe_PDF_sample_a_1024x768_50Frms.264/h264enc.js:4919:7)
    at wasm://wasm/00265406:wasm-function[1133]:0x705f0
    at wasm://wasm/00265406:wasm-function[1121]:0x6e28d
    at wasm://wasm/00265406:wasm-function[775]:0x60eb2
    at wasm://wasm/00265406:wasm-function[357]:0x2e8f3
    at wasm://wasm/00265406:wasm-function[363]:0x2f261
    at wasm://wasm/00265406:wasm-function[555]:0x407f3
    at wasm://wasm/00265406:wasm-function[554]:0x405bd   [0m
[31m    Failed! Adobe_PDF_sample_a_1024x768_50Frms.264_x.yuv Case Index 150:SHA-1(Current--Benchmark): NULL-----7dfbea1ac87ed8276647212575764da288c832cb  [0m
[31m            ----YUVSHA1:  NULL,  9aa9a4d9598eb3e1093311826844f37c43e4c521  [0m
[31m           Aborted(Cannot enlarge memory arrays to size 19111936 bytes (OOM). Either (1) compile with -sINITIAL_MEMORY=X with X higher than the current value 16777216, (2) compile with -sALLOW_MEMORY_GROWTH which allows increasing the size at runtime, or (3) if you want malloc to return NULL (0) instead of this abort, compile with -sABORTING_MALLOC=0)
/home/test/workspace/openh264/test/encoder_binary_comparison/AllTestData/Adobe_PDF_sample_a_1024x768_50Frms.264/h264enc.js:167
      throw ex;
      ^

RuntimeError: Aborted(Cannot enlarge memory arrays to size 19111936 bytes (OOM). Either (1) compile with -sINITIAL_MEMORY=X with X higher than the current value 16777216, (2) compile with -sALLOW_MEMORY_GROWTH which allows increasing the size at runtime, or (3) if you want malloc to return NULL (0) instead of this abort, compile with -sABORTING_MALLOC=0)
    at abort (/home/test/workspace/openh264/test/encoder_binary_comparison/AllTestData/Adobe_PDF_sample_a_1024x768_50Frms.264/h264enc.js:1031:11)
    at abortOnCannotGrowMemory (/home/test/workspace/openh264/test/encoder_binary_comparison/AllTestData/Adobe_PDF_sample_a_1024x768_50Frms.264/h264enc.js:4914:7)
    at _emscripten_resize_heap (/home/test/workspace/openh264/test/encoder_binary_comparison/AllTestData/Adobe_PDF_sample_a_1024x768_50Frms.264/h264enc.js:4919:7)
    at wasm://wasm/00265406:wasm-function[1133]:0x705f0
    at wasm://wasm/00265406:wasm-function[1121]:0x6e28d
    at wasm://wasm/00265406:wasm-function[775]:0x60eb2
    at wasm://wasm/00265406:wasm-function[357]:0x2e8f3
    at wasm://wasm/00265406:wasm-function[363]:0x2f261
    at wasm://wasm/00265406:wasm-function[555]:0x407f3
    at wasm://wasm/00265406:wasm-function[554]:0x405bd   [0m
[31m    Failed! Adobe_PDF_sample_a_1024x768_50Frms.264_x.yuv Case Index 151:SHA-1(Current--Benchmark): NULL-----7dfbea1ac87ed8276647212575764da288c832cb  [0m
[31m            ----YUVSHA1:  NULL,  9aa9a4d9598eb3e1093311826844f37c43e4c521  [0m
[31m           Aborted(Cannot enlarge memory arrays to size 19111936 bytes (OOM). Either (1) compile with -sINITIAL_MEMORY=X with X higher than the current value 16777216, (2) compile with -sALLOW_MEMORY_GROWTH which allows increasing the size at runtime, or (3) if you want malloc to return NULL (0) instead of this abort, compile with -sABORTING_MALLOC=0)
/home/test/workspace/openh264/test/encoder_binary_comparison/AllTestData/Adobe_PDF_sample_a_1024x768_50Frms.264/h264enc.js:167
      throw ex;
      ^

RuntimeError: Aborted(Cannot enlarge memory arrays to size 19111936 bytes (OOM). Either (1) compile with -sINITIAL_MEMORY=X with X higher than the current value 16777216, (2) compile with -sALLOW_MEMORY_GROWTH which allows increasing the size at runtime, or (3) if you want malloc to return NULL (0) instead of this abort, compile with -sABORTING_MALLOC=0)
    at abort (/home/test/workspace/openh264/test/encoder_binary_comparison/AllTestData/Adobe_PDF_sample_a_1024x768_50Frms.264/h264enc.js:1031:11)
    at abortOnCannotGrowMemory (/home/test/workspace/openh264/test/encoder_binary_comparison/AllTestData/Adobe_PDF_sample_a_1024x768_50Frms.264/h264enc.js:4914:7)
    at _emscripten_resize_heap (/home/test/workspace/openh264/test/encoder_binary_comparison/AllTestData/Adobe_PDF_sample_a_1024x768_50Frms.264/h264enc.js:4919:7)
    at wasm://wasm/00265406:wasm-function[1133]:0x705f0
    at wasm://wasm/00265406:wasm-function[1121]:0x6e28d
    at wasm://wasm/00265406:wasm-function[775]:0x60eb2
    at wasm://wasm/00265406:wasm-function[357]:0x2e8f3
    at wasm://wasm/00265406:wasm-function[363]:0x2f261
    at wasm://wasm/00265406:wasm-function[555]:0x407f3
    at wasm://wasm/00265406:wasm-function[554]:0x405bd   [0m
[31m    Failed! Adobe_PDF_sample_a_1024x768_50Frms.264_x.yuv Case Index 152:SHA-1(Current--Benchmark): NULL-----7dfbea1ac87ed8276647212575764da288c832cb  [0m
[31m            ----YUVSHA1:  NULL,  9aa9a4d9598eb3e1093311826844f37c43e4c521  [0m
[31m           Aborted(Cannot enlarge memory arrays to size 19111936 bytes (OOM). Either (1) compile with -sINITIAL_MEMORY=X with X higher than the current value 16777216, (2) compile with -sALLOW_MEMORY_GROWTH which allows increasing the size at runtime, or (3) if you want malloc to return NULL (0) instead of this abort, compile with -sABORTING_MALLOC=0)
/home/test/workspace/openh264/test/encoder_binary_comparison/AllTestData/Adobe_PDF_sample_a_1024x768_50Frms.264/h264enc.js:167
      throw ex;
      ^

RuntimeError: Aborted(Cannot enlarge memory arrays to size 19111936 bytes (OOM). Either (1) compile with -sINITIAL_MEMORY=X with X higher than the current value 16777216, (2) compile with -sALLOW_MEMORY_GROWTH which allows increasing the size at runtime, or (3) if you want malloc to return NULL (0) instead of this abort, compile with -sABORTING_MALLOC=0)
    at abort (/home/test/workspace/openh264/test/encoder_binary_comparison/AllTestData/Adobe_PDF_sample_a_1024x768_50Frms.264/h264enc.js:1031:11)
    at abortOnCannotGrowMemory (/home/test/workspace/openh264/test/encoder_binary_comparison/AllTestData/Adobe_PDF_sample_a_1024x768_50Frms.264/h264enc.js:4914:7)
    at _emscripten_resize_heap (/home/test/workspace/openh264/test/encoder_binary_comparison/AllTestData/Adobe_PDF_sample_a_1024x768_50Frms.264/h264enc.js:4919:7)
    at wasm://wasm/00265406:wasm-function[1133]:0x705f0
    at wasm://wasm/00265406:wasm-function[1121]:0x6e28d
    at wasm://wasm/00265406:wasm-function[775]:0x60eb2
    at wasm://wasm/00265406:wasm-function[357]:0x2e8f3
    at wasm://wasm/00265406:wasm-function[363]:0x2f261
    at wasm://wasm/00265406:wasm-function[555]:0x407f3
    at wasm://wasm/00265406:wasm-function[554]:0x405bd   [0m
[31m    Failed! Adobe_PDF_sample_a_1024x768_50Frms.264_x.yuv Case Index 153:SHA-1(Current--Benchmark): NULL-----7dfbea1ac87ed8276647212575764da288c832cb  [0m
[31m            ----YUVSHA1:  NULL,  9aa9a4d9598eb3e1093311826844f37c43e4c521  [0m
[31m           Aborted(Cannot enlarge memory arrays to size 19111936 bytes (OOM). Either (1) compile with -sINITIAL_MEMORY=X with X higher than the current value 16777216, (2) compile with -sALLOW_MEMORY_GROWTH which allows increasing the size at runtime, or (3) if you want malloc to return NULL (0) instead of this abort, compile with -sABORTING_MALLOC=0)
/home/test/workspace/openh264/test/encoder_binary_comparison/AllTestData/Adobe_PDF_sample_a_1024x768_50Frms.264/h264enc.js:167
      throw ex;
      ^

RuntimeError: Aborted(Cannot enlarge memory arrays to size 19111936 bytes (OOM). Either (1) compile with -sINITIAL_MEMORY=X with X higher than the current value 16777216, (2) compile with -sALLOW_MEMORY_GROWTH which allows increasing the size at runtime, or (3) if you want malloc to return NULL (0) instead of this abort, compile with -sABORTING_MALLOC=0)
    at abort (/home/test/workspace/openh264/test/encoder_binary_comparison/AllTestData/Adobe_PDF_sample_a_1024x768_50Frms.264/h264enc.js:1031:11)
    at abortOnCannotGrowMemory (/home/test/workspace/openh264/test/encoder_binary_comparison/AllTestData/Adobe_PDF_sample_a_1024x768_50Frms.264/h264enc.js:4914:7)
    at _emscripten_resize_heap (/home/test/workspace/openh264/test/encoder_binary_comparison/AllTestData/Adobe_PDF_sample_a_1024x768_50Frms.264/h264enc.js:4919:7)
    at wasm://wasm/00265406:wasm-function[1133]:0x705f0
    at wasm://wasm/00265406:wasm-function[1121]:0x6e28d
    at wasm://wasm/00265406:wasm-function[775]:0x60eb2
    at wasm://wasm/00265406:wasm-function[357]:0x2e8f3
    at wasm://wasm/00265406:wasm-function[363]:0x2f261
    at wasm://wasm/00265406:wasm-function[555]:0x407f3
    at wasm://wasm/00265406:wasm-function[554]:0x405bd   [0m
[31m    Failed! Adobe_PDF_sample_a_1024x768_50Frms.264_x.yuv Case Index 154:SHA-1(Current--Benchmark): NULL-----7dfbea1ac87ed8276647212575764da288c832cb  [0m
[31m            ----YUVSHA1:  NULL,  9aa9a4d9598eb3e1093311826844f37c43e4c521  [0m
[31m           Aborted(Cannot enlarge memory arrays to size 19111936 bytes (OOM). Either (1) compile with -sINITIAL_MEMORY=X with X higher than the current value 16777216, (2) compile with -sALLOW_MEMORY_GROWTH which allows increasing the size at runtime, or (3) if you want malloc to return NULL (0) instead of this abort, compile with -sABORTING_MALLOC=0)
/home/test/workspace/openh264/test/encoder_binary_comparison/AllTestData/Adobe_PDF_sample_a_1024x768_50Frms.264/h264enc.js:167
      throw ex;
      ^

RuntimeError: Aborted(Cannot enlarge memory arrays to size 19111936 bytes (OOM). Either (1) compile with -sINITIAL_MEMORY=X with X higher than the current value 16777216, (2) compile with -sALLOW_MEMORY_GROWTH which allows increasing the size at runtime, or (3) if you want malloc to return NULL (0) instead of this abort, compile with -sABORTING_MALLOC=0)
    at abort (/home/test/workspace/openh264/test/encoder_binary_comparison/AllTestData/Adobe_PDF_sample_a_1024x768_50Frms.264/h264enc.js:1031:11)
    at abortOnCannotGrowMemory (/home/test/workspace/openh264/test/encoder_binary_comparison/AllTestData/Adobe_PDF_sample_a_1024x768_50Frms.264/h264enc.js:4914:7)
    at _emscripten_resize_heap (/home/test/workspace/openh264/test/encoder_binary_comparison/AllTestData/Adobe_PDF_sample_a_1024x768_50Frms.264/h264enc.js:4919:7)
    at wasm://wasm/00265406:wasm-function[1133]:0x705f0
    at wasm://wasm/00265406:wasm-function[1121]:0x6e28d
    at wasm://wasm/00265406:wasm-function[775]:0x60eb2
    at wasm://wasm/00265406:wasm-function[357]:0x2e8f3
    at wasm://wasm/00265406:wasm-function[363]:0x2f261
    at wasm://wasm/00265406:wasm-function[555]:0x407f3
    at wasm://wasm/00265406:wasm-function[554]:0x405bd   [0m
[31m    Failed! Adobe_PDF_sample_a_1024x768_50Frms.264_x.yuv Case Index 155:SHA-1(Current--Benchmark): NULL-----7dfbea1ac87ed8276647212575764da288c832cb  [0m
[31m            ----YUVSHA1:  NULL,  9aa9a4d9598eb3e1093311826844f37c43e4c521  [0m
[31m           Aborted(Cannot enlarge memory arrays to size 19111936 bytes (OOM). Either (1) compile with -sINITIAL_MEMORY=X with X higher than the current value 16777216, (2) compile with -sALLOW_MEMORY_GROWTH which allows increasing the size at runtime, or (3) if you want malloc to return NULL (0) instead of this abort, compile with -sABORTING_MALLOC=0)
/home/test/workspace/openh264/test/encoder_binary_comparison/AllTestData/Adobe_PDF_sample_a_1024x768_50Frms.264/h264enc.js:167
      throw ex;
      ^

RuntimeError: Aborted(Cannot enlarge memory arrays to size 19111936 bytes (OOM). Either (1) compile with -sINITIAL_MEMORY=X with X higher than the current value 16777216, (2) compile with -sALLOW_MEMORY_GROWTH which allows increasing the size at runtime, or (3) if you want malloc to return NULL (0) instead of this abort, compile with -sABORTING_MALLOC=0)
    at abort (/home/test/workspace/openh264/test/encoder_binary_comparison/AllTestData/Adobe_PDF_sample_a_1024x768_50Frms.264/h264enc.js:1031:11)
    at abortOnCannotGrowMemory (/home/test/workspace/openh264/test/encoder_binary_comparison/AllTestData/Adobe_PDF_sample_a_1024x768_50Frms.264/h264enc.js:4914:7)
    at _emscripten_resize_heap (/home/test/workspace/openh264/test/encoder_binary_comparison/AllTestData/Adobe_PDF_sample_a_1024x768_50Frms.264/h264enc.js:4919:7)
    at wasm://wasm/00265406:wasm-function[1133]:0x705f0
    at wasm://wasm/00265406:wasm-function[1121]:0x6e28d
    at wasm://wasm/00265406:wasm-function[775]:0x60eb2
    at wasm://wasm/00265406:wasm-function[357]:0x2e8f3
    at wasm://wasm/00265406:wasm-function[363]:0x2f261
    at wasm://wasm/00265406:wasm-function[555]:0x407f3
    at wasm://wasm/00265406:wasm-function[554]:0x405bd   [0m
[31m    Failed! Adobe_PDF_sample_a_1024x768_50Frms.264_x.yuv Case Index 156:SHA-1(Current--Benchmark): NULL-----7dfbea1ac87ed8276647212575764da288c832cb  [0m
[31m            ----YUVSHA1:  NULL,  9aa9a4d9598eb3e1093311826844f37c43e4c521  [0m
[31m           Aborted(Cannot enlarge memory arrays to size 19111936 bytes (OOM). Either (1) compile with -sINITIAL_MEMORY=X with X higher than the current value 16777216, (2) compile with -sALLOW_MEMORY_GROWTH which allows increasing the size at runtime, or (3) if you want malloc to return NULL (0) instead of this abort, compile with -sABORTING_MALLOC=0)
/home/test/workspace/openh264/test/encoder_binary_comparison/AllTestData/Adobe_PDF_sample_a_1024x768_50Frms.264/h264enc.js:167
      throw ex;
      ^

RuntimeError: Aborted(Cannot enlarge memory arrays to size 19111936 bytes (OOM). Either (1) compile with -sINITIAL_MEMORY=X with X higher than the current value 16777216, (2) compile with -sALLOW_MEMORY_GROWTH which allows increasing the size at runtime, or (3) if you want malloc to return NULL (0) instead of this abort, compile with -sABORTING_MALLOC=0)
    at abort (/home/test/workspace/openh264/test/encoder_binary_comparison/AllTestData/Adobe_PDF_sample_a_1024x768_50Frms.264/h264enc.js:1031:11)
    at abortOnCannotGrowMemory (/home/test/workspace/openh264/test/encoder_binary_comparison/AllTestData/Adobe_PDF_sample_a_1024x768_50Frms.264/h264enc.js:4914:7)
    at _emscripten_resize_heap (/home/test/workspace/openh264/test/encoder_binary_comparison/AllTestData/Adobe_PDF_sample_a_1024x768_50Frms.264/h264enc.js:4919:7)
    at wasm://wasm/00265406:wasm-function[1133]:0x705f0
    at wasm://wasm/00265406:wasm-function[1121]:0x6e28d
    at wasm://wasm/00265406:wasm-function[775]:0x60eb2
    at wasm://wasm/00265406:wasm-function[357]:0x2e8f3
    at wasm://wasm/00265406:wasm-function[363]:0x2f261
    at wasm://wasm/00265406:wasm-function[555]:0x407f3
    at wasm://wasm/00265406:wasm-function[554]:0x405bd   [0m
[31m    Failed! Adobe_PDF_sample_a_1024x768_50Frms.264_x.yuv Case Index 157:SHA-1(Current--Benchmark): NULL-----7dfbea1ac87ed8276647212575764da288c832cb  [0m
[31m            ----YUVSHA1:  NULL,  9aa9a4d9598eb3e1093311826844f37c43e4c521  [0m
[31m           Aborted(Cannot enlarge memory arrays to size 19111936 bytes (OOM). Either (1) compile with -sINITIAL_MEMORY=X with X higher than the current value 16777216, (2) compile with -sALLOW_MEMORY_GROWTH which allows increasing the size at runtime, or (3) if you want malloc to return NULL (0) instead of this abort, compile with -sABORTING_MALLOC=0)
/home/test/workspace/openh264/test/encoder_binary_comparison/AllTestData/Adobe_PDF_sample_a_1024x768_50Frms.264/h264enc.js:167
      throw ex;
      ^

RuntimeError: Aborted(Cannot enlarge memory arrays to size 19111936 bytes (OOM). Either (1) compile with -sINITIAL_MEMORY=X with X higher than the current value 16777216, (2) compile with -sALLOW_MEMORY_GROWTH which allows increasing the size at runtime, or (3) if you want malloc to return NULL (0) instead of this abort, compile with -sABORTING_MALLOC=0)
    at abort (/home/test/workspace/openh264/test/encoder_binary_comparison/AllTestData/Adobe_PDF_sample_a_1024x768_50Frms.264/h264enc.js:1031:11)
    at abortOnCannotGrowMemory (/home/test/workspace/openh264/test/encoder_binary_comparison/AllTestData/Adobe_PDF_sample_a_1024x768_50Frms.264/h264enc.js:4914:7)
    at _emscripten_resize_heap (/home/test/workspace/openh264/test/encoder_binary_comparison/AllTestData/Adobe_PDF_sample_a_1024x768_50Frms.264/h264enc.js:4919:7)
    at wasm://wasm/00265406:wasm-function[1133]:0x705f0
    at wasm://wasm/00265406:wasm-function[1121]:0x6e28d
    at wasm://wasm/00265406:wasm-function[775]:0x60eb2
    at wasm://wasm/00265406:wasm-function[357]:0x2e8f3
    at wasm://wasm/00265406:wasm-function[363]:0x2f261
    at wasm://wasm/00265406:wasm-function[555]:0x407f3
    at wasm://wasm/00265406:wasm-function[554]:0x405bd   [0m
[31m    Failed! Adobe_PDF_sample_a_1024x768_50Frms.264_x.yuv Case Index 158:SHA-1(Current--Benchmark): NULL-----7dfbea1ac87ed8276647212575764da288c832cb  [0m
[31m            ----YUVSHA1:  NULL,  9aa9a4d9598eb3e1093311826844f37c43e4c521  [0m
[31m           Aborted(Cannot enlarge memory arrays to size 19111936 bytes (OOM). Either (1) compile with -sINITIAL_MEMORY=X with X higher than the current value 16777216, (2) compile with -sALLOW_MEMORY_GROWTH which allows increasing the size at runtime, or (3) if you want malloc to return NULL (0) instead of this abort, compile with -sABORTING_MALLOC=0)
/home/test/workspace/openh264/test/encoder_binary_comparison/AllTestData/Adobe_PDF_sample_a_1024x768_50Frms.264/h264enc.js:167
      throw ex;
      ^

RuntimeError: Aborted(Cannot enlarge memory arrays to size 19111936 bytes (OOM). Either (1) compile with -sINITIAL_MEMORY=X with X higher than the current value 16777216, (2) compile with -sALLOW_MEMORY_GROWTH which allows increasing the size at runtime, or (3) if you want malloc to return NULL (0) instead of this abort, compile with -sABORTING_MALLOC=0)
    at abort (/home/test/workspace/openh264/test/encoder_binary_comparison/AllTestData/Adobe_PDF_sample_a_1024x768_50Frms.264/h264enc.js:1031:11)
    at abortOnCannotGrowMemory (/home/test/workspace/openh264/test/encoder_binary_comparison/AllTestData/Adobe_PDF_sample_a_1024x768_50Frms.264/h264enc.js:4914:7)
    at _emscripten_resize_heap (/home/test/workspace/openh264/test/encoder_binary_comparison/AllTestData/Adobe_PDF_sample_a_1024x768_50Frms.264/h264enc.js:4919:7)
    at wasm://wasm/00265406:wasm-function[1133]:0x705f0
    at wasm://wasm/00265406:wasm-function[1121]:0x6e28d
    at wasm://wasm/00265406:wasm-function[775]:0x60eb2
    at wasm://wasm/00265406:wasm-function[357]:0x2e8f3
    at wasm://wasm/00265406:wasm-function[363]:0x2f261
    at wasm://wasm/00265406:wasm-function[555]:0x407f3
    at wasm://wasm/00265406:wasm-function[554]:0x405bd   [0m
[31m    Failed! Adobe_PDF_sample_a_1024x768_50Frms.264_x.yuv Case Index 159:SHA-1(Current--Benchmark): NULL-----7dfbea1ac87ed8276647212575764da288c832cb  [0m
[31m            ----YUVSHA1:  NULL,  9aa9a4d9598eb3e1093311826844f37c43e4c521  [0m
[31m           Aborted(Cannot enlarge memory arrays to size 19111936 bytes (OOM). Either (1) compile with -sINITIAL_MEMORY=X with X higher than the current value 16777216, (2) compile with -sALLOW_MEMORY_GROWTH which allows increasing the size at runtime, or (3) if you want malloc to return NULL (0) instead of this abort, compile with -sABORTING_MALLOC=0)
/home/test/workspace/openh264/test/encoder_binary_comparison/AllTestData/Adobe_PDF_sample_a_1024x768_50Frms.264/h264enc.js:167
      throw ex;
      ^

RuntimeError: Aborted(Cannot enlarge memory arrays to size 19111936 bytes (OOM). Either (1) compile with -sINITIAL_MEMORY=X with X higher than the current value 16777216, (2) compile with -sALLOW_MEMORY_GROWTH which allows increasing the size at runtime, or (3) if you want malloc to return NULL (0) instead of this abort, compile with -sABORTING_MALLOC=0)
    at abort (/home/test/workspace/openh264/test/encoder_binary_comparison/AllTestData/Adobe_PDF_sample_a_1024x768_50Frms.264/h264enc.js:1031:11)
    at abortOnCannotGrowMemory (/home/test/workspace/openh264/test/encoder_binary_comparison/AllTestData/Adobe_PDF_sample_a_1024x768_50Frms.264/h264enc.js:4914:7)
    at _emscripten_resize_heap (/home/test/workspace/openh264/test/encoder_binary_comparison/AllTestData/Adobe_PDF_sample_a_1024x768_50Frms.264/h264enc.js:4919:7)
    at wasm://wasm/00265406:wasm-function[1133]:0x705f0
    at wasm://wasm/00265406:wasm-function[1121]:0x6e28d
    at wasm://wasm/00265406:wasm-function[775]:0x60eb2
    at wasm://wasm/00265406:wasm-function[357]:0x2e8f3
    at wasm://wasm/00265406:wasm-function[363]:0x2f261
    at wasm://wasm/00265406:wasm-function[555]:0x407f3
    at wasm://wasm/00265406:wasm-function[554]:0x405bd   [0m
[31m    Failed! Adobe_PDF_sample_a_1024x768_50Frms.264_x.yuv Case Index 160:SHA-1(Current--Benchmark): NULL-----ba96da5597ea244d7564ad92354092b3f38e5f2f  [0m
[31m            ----YUVSHA1:  NULL,  9aa9a4d9598eb3e1093311826844f37c43e4c521  [0m
[31m           Aborted(Cannot enlarge memory arrays to size 19111936 bytes (OOM). Either (1) compile with -sINITIAL_MEMORY=X with X higher than the current value 16777216, (2) compile with -sALLOW_MEMORY_GROWTH which allows increasing the size at runtime, or (3) if you want malloc to return NULL (0) instead of this abort, compile with -sABORTING_MALLOC=0)
/home/test/workspace/openh264/test/encoder_binary_comparison/AllTestData/Adobe_PDF_sample_a_1024x768_50Frms.264/h264enc.js:167
      throw ex;
      ^

RuntimeError: Aborted(Cannot enlarge memory arrays to size 19111936 bytes (OOM). Either (1) compile with -sINITIAL_MEMORY=X with X higher than the current value 16777216, (2) compile with -sALLOW_MEMORY_GROWTH which allows increasing the size at runtime, or (3) if you want malloc to return NULL (0) instead of this abort, compile with -sABORTING_MALLOC=0)
    at abort (/home/test/workspace/openh264/test/encoder_binary_comparison/AllTestData/Adobe_PDF_sample_a_1024x768_50Frms.264/h264enc.js:1031:11)
    at abortOnCannotGrowMemory (/home/test/workspace/openh264/test/encoder_binary_comparison/AllTestData/Adobe_PDF_sample_a_1024x768_50Frms.264/h264enc.js:4914:7)
    at _emscripten_resize_heap (/home/test/workspace/openh264/test/encoder_binary_comparison/AllTestData/Adobe_PDF_sample_a_1024x768_50Frms.264/h264enc.js:4919:7)
    at wasm://wasm/00265406:wasm-function[1133]:0x705f0
    at wasm://wasm/00265406:wasm-function[1121]:0x6e28d
    at wasm://wasm/00265406:wasm-function[775]:0x60eb2
    at wasm://wasm/00265406:wasm-function[357]:0x2e8f3
    at wasm://wasm/00265406:wasm-function[363]:0x2f261
    at wasm://wasm/00265406:wasm-function[555]:0x407f3
    at wasm://wasm/00265406:wasm-function[554]:0x405bd   [0m
[31m    Failed! Adobe_PDF_sample_a_1024x768_50Frms.264_x.yuv Case Index 161:SHA-1(Current--Benchmark): NULL-----ba96da5597ea244d7564ad92354092b3f38e5f2f  [0m
[31m            ----YUVSHA1:  NULL,  9aa9a4d9598eb3e1093311826844f37c43e4c521  [0m
[31m           Aborted(Cannot enlarge memory arrays to size 19111936 bytes (OOM). Either (1) compile with -sINITIAL_MEMORY=X with X higher than the current value 16777216, (2) compile with -sALLOW_MEMORY_GROWTH which allows increasing the size at runtime, or (3) if you want malloc to return NULL (0) instead of this abort, compile with -sABORTING_MALLOC=0)
/home/test/workspace/openh264/test/encoder_binary_comparison/AllTestData/Adobe_PDF_sample_a_1024x768_50Frms.264/h264enc.js:167
      throw ex;
      ^

RuntimeError: Aborted(Cannot enlarge memory arrays to size 19111936 bytes (OOM). Either (1) compile with -sINITIAL_MEMORY=X with X higher than the current value 16777216, (2) compile with -sALLOW_MEMORY_GROWTH which allows increasing the size at runtime, or (3) if you want malloc to return NULL (0) instead of this abort, compile with -sABORTING_MALLOC=0)
    at abort (/home/test/workspace/openh264/test/encoder_binary_comparison/AllTestData/Adobe_PDF_sample_a_1024x768_50Frms.264/h264enc.js:1031:11)
    at abortOnCannotGrowMemory (/home/test/workspace/openh264/test/encoder_binary_comparison/AllTestData/Adobe_PDF_sample_a_1024x768_50Frms.264/h264enc.js:4914:7)
    at _emscripten_resize_heap (/home/test/workspace/openh264/test/encoder_binary_comparison/AllTestData/Adobe_PDF_sample_a_1024x768_50Frms.264/h264enc.js:4919:7)
    at wasm://wasm/00265406:wasm-function[1133]:0x705f0
    at wasm://wasm/00265406:wasm-function[1121]:0x6e28d
    at wasm://wasm/00265406:wasm-function[775]:0x60eb2
    at wasm://wasm/00265406:wasm-function[357]:0x2e8f3
    at wasm://wasm/00265406:wasm-function[363]:0x2f261
    at wasm://wasm/00265406:wasm-function[555]:0x407f3
    at wasm://wasm/00265406:wasm-function[554]:0x405bd   [0m
[31m    Failed! Adobe_PDF_sample_a_1024x768_50Frms.264_x.yuv Case Index 162:SHA-1(Current--Benchmark): NULL-----ba96da5597ea244d7564ad92354092b3f38e5f2f  [0m
[31m            ----YUVSHA1:  NULL,  9aa9a4d9598eb3e1093311826844f37c43e4c521  [0m
[31m           Aborted(Cannot enlarge memory arrays to size 19111936 bytes (OOM). Either (1) compile with -sINITIAL_MEMORY=X with X higher than the current value 16777216, (2) compile with -sALLOW_MEMORY_GROWTH which allows increasing the size at runtime, or (3) if you want malloc to return NULL (0) instead of this abort, compile with -sABORTING_MALLOC=0)
/home/test/workspace/openh264/test/encoder_binary_comparison/AllTestData/Adobe_PDF_sample_a_1024x768_50Frms.264/h264enc.js:167
      throw ex;
      ^

RuntimeError: Aborted(Cannot enlarge memory arrays to size 19111936 bytes (OOM). Either (1) compile with -sINITIAL_MEMORY=X with X higher than the current value 16777216, (2) compile with -sALLOW_MEMORY_GROWTH which allows increasing the size at runtime, or (3) if you want malloc to return NULL (0) instead of this abort, compile with -sABORTING_MALLOC=0)
    at abort (/home/test/workspace/openh264/test/encoder_binary_comparison/AllTestData/Adobe_PDF_sample_a_1024x768_50Frms.264/h264enc.js:1031:11)
    at abortOnCannotGrowMemory (/home/test/workspace/openh264/test/encoder_binary_comparison/AllTestData/Adobe_PDF_sample_a_1024x768_50Frms.264/h264enc.js:4914:7)
    at _emscripten_resize_heap (/home/test/workspace/openh264/test/encoder_binary_comparison/AllTestData/Adobe_PDF_sample_a_1024x768_50Frms.264/h264enc.js:4919:7)
    at wasm://wasm/00265406:wasm-function[1133]:0x705f0
    at wasm://wasm/00265406:wasm-function[1121]:0x6e28d
    at wasm://wasm/00265406:wasm-function[775]:0x60eb2
    at wasm://wasm/00265406:wasm-function[357]:0x2e8f3
    at wasm://wasm/00265406:wasm-function[363]:0x2f261
    at wasm://wasm/00265406:wasm-function[555]:0x407f3
    at wasm://wasm/00265406:wasm-function[554]:0x405bd   [0m
[31m    Failed! Adobe_PDF_sample_a_1024x768_50Frms.264_x.yuv Case Index 163:SHA-1(Current--Benchmark): NULL-----ba96da5597ea244d7564ad92354092b3f38e5f2f  [0m
[31m            ----YUVSHA1:  NULL,  9aa9a4d9598eb3e1093311826844f37c43e4c521  [0m
[31m           Aborted(Cannot enlarge memory arrays to size 19111936 bytes (OOM). Either (1) compile with -sINITIAL_MEMORY=X with X higher than the current value 16777216, (2) compile with -sALLOW_MEMORY_GROWTH which allows increasing the size at runtime, or (3) if you want malloc to return NULL (0) instead of this abort, compile with -sABORTING_MALLOC=0)
/home/test/workspace/openh264/test/encoder_binary_comparison/AllTestData/Adobe_PDF_sample_a_1024x768_50Frms.264/h264enc.js:167
      throw ex;
      ^

RuntimeError: Aborted(Cannot enlarge memory arrays to size 19111936 bytes (OOM). Either (1) compile with -sINITIAL_MEMORY=X with X higher than the current value 16777216, (2) compile with -sALLOW_MEMORY_GROWTH which allows increasing the size at runtime, or (3) if you want malloc to return NULL (0) instead of this abort, compile with -sABORTING_MALLOC=0)
    at abort (/home/test/workspace/openh264/test/encoder_binary_comparison/AllTestData/Adobe_PDF_sample_a_1024x768_50Frms.264/h264enc.js:1031:11)
    at abortOnCannotGrowMemory (/home/test/workspace/openh264/test/encoder_binary_comparison/AllTestData/Adobe_PDF_sample_a_1024x768_50Frms.264/h264enc.js:4914:7)
    at _emscripten_resize_heap (/home/test/workspace/openh264/test/encoder_binary_comparison/AllTestData/Adobe_PDF_sample_a_1024x768_50Frms.264/h264enc.js:4919:7)
    at wasm://wasm/00265406:wasm-function[1133]:0x705f0
    at wasm://wasm/00265406:wasm-function[1121]:0x6e28d
    at wasm://wasm/00265406:wasm-function[775]:0x60eb2
    at wasm://wasm/00265406:wasm-function[357]:0x2e8f3
    at wasm://wasm/00265406:wasm-function[363]:0x2f261
    at wasm://wasm/00265406:wasm-function[555]:0x407f3
    at wasm://wasm/00265406:wasm-function[554]:0x405bd   [0m
[31m    Failed! Adobe_PDF_sample_a_1024x768_50Frms.264_x.yuv Case Index 164:SHA-1(Current--Benchmark): NULL-----ba96da5597ea244d7564ad92354092b3f38e5f2f  [0m
[31m            ----YUVSHA1:  NULL,  9aa9a4d9598eb3e1093311826844f37c43e4c521  [0m
[31m           Aborted(Cannot enlarge memory arrays to size 19111936 bytes (OOM). Either (1) compile with -sINITIAL_MEMORY=X with X higher than the current value 16777216, (2) compile with -sALLOW_MEMORY_GROWTH which allows increasing the size at runtime, or (3) if you want malloc to return NULL (0) instead of this abort, compile with -sABORTING_MALLOC=0)
/home/test/workspace/openh264/test/encoder_binary_comparison/AllTestData/Adobe_PDF_sample_a_1024x768_50Frms.264/h264enc.js:167
      throw ex;
      ^

RuntimeError: Aborted(Cannot enlarge memory arrays to size 19111936 bytes (OOM). Either (1) compile with -sINITIAL_MEMORY=X with X higher than the current value 16777216, (2) compile with -sALLOW_MEMORY_GROWTH which allows increasing the size at runtime, or (3) if you want malloc to return NULL (0) instead of this abort, compile with -sABORTING_MALLOC=0)
    at abort (/home/test/workspace/openh264/test/encoder_binary_comparison/AllTestData/Adobe_PDF_sample_a_1024x768_50Frms.264/h264enc.js:1031:11)
    at abortOnCannotGrowMemory (/home/test/workspace/openh264/test/encoder_binary_comparison/AllTestData/Adobe_PDF_sample_a_1024x768_50Frms.264/h264enc.js:4914:7)
    at _emscripten_resize_heap (/home/test/workspace/openh264/test/encoder_binary_comparison/AllTestData/Adobe_PDF_sample_a_1024x768_50Frms.264/h264enc.js:4919:7)
    at wasm://wasm/00265406:wasm-function[1133]:0x705f0
    at wasm://wasm/00265406:wasm-function[1121]:0x6e28d
    at wasm://wasm/00265406:wasm-function[775]:0x60eb2
    at wasm://wasm/00265406:wasm-function[357]:0x2e8f3
    at wasm://wasm/00265406:wasm-function[363]:0x2f261
    at wasm://wasm/00265406:wasm-function[555]:0x407f3
    at wasm://wasm/00265406:wasm-function[554]:0x405bd   [0m
[31m    Failed! Adobe_PDF_sample_a_1024x768_50Frms.264_x.yuv Case Index 165:SHA-1(Current--Benchmark): NULL-----ba96da5597ea244d7564ad92354092b3f38e5f2f  [0m
[31m            ----YUVSHA1:  NULL,  9aa9a4d9598eb3e1093311826844f37c43e4c521  [0m
[31m           Aborted(Cannot enlarge memory arrays to size 19111936 bytes (OOM). Either (1) compile with -sINITIAL_MEMORY=X with X higher than the current value 16777216, (2) compile with -sALLOW_MEMORY_GROWTH which allows increasing the size at runtime, or (3) if you want malloc to return NULL (0) instead of this abort, compile with -sABORTING_MALLOC=0)
/home/test/workspace/openh264/test/encoder_binary_comparison/AllTestData/Adobe_PDF_sample_a_1024x768_50Frms.264/h264enc.js:167
      throw ex;
      ^

RuntimeError: Aborted(Cannot enlarge memory arrays to size 19111936 bytes (OOM). Either (1) compile with -sINITIAL_MEMORY=X with X higher than the current value 16777216, (2) compile with -sALLOW_MEMORY_GROWTH which allows increasing the size at runtime, or (3) if you want malloc to return NULL (0) instead of this abort, compile with -sABORTING_MALLOC=0)
    at abort (/home/test/workspace/openh264/test/encoder_binary_comparison/AllTestData/Adobe_PDF_sample_a_1024x768_50Frms.264/h264enc.js:1031:11)
    at abortOnCannotGrowMemory (/home/test/workspace/openh264/test/encoder_binary_comparison/AllTestData/Adobe_PDF_sample_a_1024x768_50Frms.264/h264enc.js:4914:7)
    at _emscripten_resize_heap (/home/test/workspace/openh264/test/encoder_binary_comparison/AllTestData/Adobe_PDF_sample_a_1024x768_50Frms.264/h264enc.js:4919:7)
    at wasm://wasm/00265406:wasm-function[1133]:0x705f0
    at wasm://wasm/00265406:wasm-function[1121]:0x6e28d
    at wasm://wasm/00265406:wasm-function[775]:0x60eb2
    at wasm://wasm/00265406:wasm-function[357]:0x2e8f3
    at wasm://wasm/00265406:wasm-function[363]:0x2f261
    at wasm://wasm/00265406:wasm-function[555]:0x407f3
    at wasm://wasm/00265406:wasm-function[554]:0x405bd   [0m
[31m    Failed! Adobe_PDF_sample_a_1024x768_50Frms.264_x.yuv Case Index 166:SHA-1(Current--Benchmark): NULL-----ba96da5597ea244d7564ad92354092b3f38e5f2f  [0m
[31m            ----YUVSHA1:  NULL,  9aa9a4d9598eb3e1093311826844f37c43e4c521  [0m
[31m           Aborted(Cannot enlarge memory arrays to size 19111936 bytes (OOM). Either (1) compile with -sINITIAL_MEMORY=X with X higher than the current value 16777216, (2) compile with -sALLOW_MEMORY_GROWTH which allows increasing the size at runtime, or (3) if you want malloc to return NULL (0) instead of this abort, compile with -sABORTING_MALLOC=0)
/home/test/workspace/openh264/test/encoder_binary_comparison/AllTestData/Adobe_PDF_sample_a_1024x768_50Frms.264/h264enc.js:167
      throw ex;
      ^

RuntimeError: Aborted(Cannot enlarge memory arrays to size 19111936 bytes (OOM). Either (1) compile with -sINITIAL_MEMORY=X with X higher than the current value 16777216, (2) compile with -sALLOW_MEMORY_GROWTH which allows increasing the size at runtime, or (3) if you want malloc to return NULL (0) instead of this abort, compile with -sABORTING_MALLOC=0)
    at abort (/home/test/workspace/openh264/test/encoder_binary_comparison/AllTestData/Adobe_PDF_sample_a_1024x768_50Frms.264/h264enc.js:1031:11)
    at abortOnCannotGrowMemory (/home/test/workspace/openh264/test/encoder_binary_comparison/AllTestData/Adobe_PDF_sample_a_1024x768_50Frms.264/h264enc.js:4914:7)
    at _emscripten_resize_heap (/home/test/workspace/openh264/test/encoder_binary_comparison/AllTestData/Adobe_PDF_sample_a_1024x768_50Frms.264/h264enc.js:4919:7)
    at wasm://wasm/00265406:wasm-function[1133]:0x705f0
    at wasm://wasm/00265406:wasm-function[1121]:0x6e28d
    at wasm://wasm/00265406:wasm-function[775]:0x60eb2
    at wasm://wasm/00265406:wasm-function[357]:0x2e8f3
    at wasm://wasm/00265406:wasm-function[363]:0x2f261
    at wasm://wasm/00265406:wasm-function[555]:0x407f3
    at wasm://wasm/00265406:wasm-function[554]:0x405bd   [0m
[31m    Failed! Adobe_PDF_sample_a_1024x768_50Frms.264_x.yuv Case Index 167:SHA-1(Current--Benchmark): NULL-----ba96da5597ea244d7564ad92354092b3f38e5f2f  [0m
[31m            ----YUVSHA1:  NULL,  9aa9a4d9598eb3e1093311826844f37c43e4c521  [0m
[31m           Aborted(Cannot enlarge memory arrays to size 19111936 bytes (OOM). Either (1) compile with -sINITIAL_MEMORY=X with X higher than the current value 16777216, (2) compile with -sALLOW_MEMORY_GROWTH which allows increasing the size at runtime, or (3) if you want malloc to return NULL (0) instead of this abort, compile with -sABORTING_MALLOC=0)
/home/test/workspace/openh264/test/encoder_binary_comparison/AllTestData/Adobe_PDF_sample_a_1024x768_50Frms.264/h264enc.js:167
      throw ex;
      ^

RuntimeError: Aborted(Cannot enlarge memory arrays to size 19111936 bytes (OOM). Either (1) compile with -sINITIAL_MEMORY=X with X higher than the current value 16777216, (2) compile with -sALLOW_MEMORY_GROWTH which allows increasing the size at runtime, or (3) if you want malloc to return NULL (0) instead of this abort, compile with -sABORTING_MALLOC=0)
    at abort (/home/test/workspace/openh264/test/encoder_binary_comparison/AllTestData/Adobe_PDF_sample_a_1024x768_50Frms.264/h264enc.js:1031:11)
    at abortOnCannotGrowMemory (/home/test/workspace/openh264/test/encoder_binary_comparison/AllTestData/Adobe_PDF_sample_a_1024x768_50Frms.264/h264enc.js:4914:7)
    at _emscripten_resize_heap (/home/test/workspace/openh264/test/encoder_binary_comparison/AllTestData/Adobe_PDF_sample_a_1024x768_50Frms.264/h264enc.js:4919:7)
    at wasm://wasm/00265406:wasm-function[1133]:0x705f0
    at wasm://wasm/00265406:wasm-function[1121]:0x6e28d
    at wasm://wasm/00265406:wasm-function[775]:0x60eb2
    at wasm://wasm/00265406:wasm-function[357]:0x2e8f3
    at wasm://wasm/00265406:wasm-function[363]:0x2f261
    at wasm://wasm/00265406:wasm-function[555]:0x407f3
    at wasm://wasm/00265406:wasm-function[554]:0x405bd   [0m
[31m    Failed! Adobe_PDF_sample_a_1024x768_50Frms.264_x.yuv Case Index 168:SHA-1(Current--Benchmark): NULL-----ba96da5597ea244d7564ad92354092b3f38e5f2f  [0m
[31m            ----YUVSHA1:  NULL,  9aa9a4d9598eb3e1093311826844f37c43e4c521  [0m
[31m           Aborted(Cannot enlarge memory arrays to size 19111936 bytes (OOM). Either (1) compile with -sINITIAL_MEMORY=X with X higher than the current value 16777216, (2) compile with -sALLOW_MEMORY_GROWTH which allows increasing the size at runtime, or (3) if you want malloc to return NULL (0) instead of this abort, compile with -sABORTING_MALLOC=0)
/home/test/workspace/openh264/test/encoder_binary_comparison/AllTestData/Adobe_PDF_sample_a_1024x768_50Frms.264/h264enc.js:167
      throw ex;
      ^

RuntimeError: Aborted(Cannot enlarge memory arrays to size 19111936 bytes (OOM). Either (1) compile with -sINITIAL_MEMORY=X with X higher than the current value 16777216, (2) compile with -sALLOW_MEMORY_GROWTH which allows increasing the size at runtime, or (3) if you want malloc to return NULL (0) instead of this abort, compile with -sABORTING_MALLOC=0)
    at abort (/home/test/workspace/openh264/test/encoder_binary_comparison/AllTestData/Adobe_PDF_sample_a_1024x768_50Frms.264/h264enc.js:1031:11)
    at abortOnCannotGrowMemory (/home/test/workspace/openh264/test/encoder_binary_comparison/AllTestData/Adobe_PDF_sample_a_1024x768_50Frms.264/h264enc.js:4914:7)
    at _emscripten_resize_heap (/home/test/workspace/openh264/test/encoder_binary_comparison/AllTestData/Adobe_PDF_sample_a_1024x768_50Frms.264/h264enc.js:4919:7)
    at wasm://wasm/00265406:wasm-function[1133]:0x705f0
    at wasm://wasm/00265406:wasm-function[1121]:0x6e28d
    at wasm://wasm/00265406:wasm-function[775]:0x60eb2
    at wasm://wasm/00265406:wasm-function[357]:0x2e8f3
    at wasm://wasm/00265406:wasm-function[363]:0x2f261
    at wasm://wasm/00265406:wasm-function[555]:0x407f3
    at wasm://wasm/00265406:wasm-function[554]:0x405bd   [0m
[31m    Failed! Adobe_PDF_sample_a_1024x768_50Frms.264_x.yuv Case Index 169:SHA-1(Current--Benchmark): NULL-----ba96da5597ea244d7564ad92354092b3f38e5f2f  [0m
[31m            ----YUVSHA1:  NULL,  9aa9a4d9598eb3e1093311826844f37c43e4c521  [0m
[31m           Aborted(Cannot enlarge memory arrays to size 19111936 bytes (OOM). Either (1) compile with -sINITIAL_MEMORY=X with X higher than the current value 16777216, (2) compile with -sALLOW_MEMORY_GROWTH which allows increasing the size at runtime, or (3) if you want malloc to return NULL (0) instead of this abort, compile with -sABORTING_MALLOC=0)
/home/test/workspace/openh264/test/encoder_binary_comparison/AllTestData/Adobe_PDF_sample_a_1024x768_50Frms.264/h264enc.js:167
      throw ex;
      ^

RuntimeError: Aborted(Cannot enlarge memory arrays to size 19111936 bytes (OOM). Either (1) compile with -sINITIAL_MEMORY=X with X higher than the current value 16777216, (2) compile with -sALLOW_MEMORY_GROWTH which allows increasing the size at runtime, or (3) if you want malloc to return NULL (0) instead of this abort, compile with -sABORTING_MALLOC=0)
    at abort (/home/test/workspace/openh264/test/encoder_binary_comparison/AllTestData/Adobe_PDF_sample_a_1024x768_50Frms.264/h264enc.js:1031:11)
    at abortOnCannotGrowMemory (/home/test/workspace/openh264/test/encoder_binary_comparison/AllTestData/Adobe_PDF_sample_a_1024x768_50Frms.264/h264enc.js:4914:7)
    at _emscripten_resize_heap (/home/test/workspace/openh264/test/encoder_binary_comparison/AllTestData/Adobe_PDF_sample_a_1024x768_50Frms.264/h264enc.js:4919:7)
    at wasm://wasm/00265406:wasm-function[1133]:0x705f0
    at wasm://wasm/00265406:wasm-function[1121]:0x6e28d
    at wasm://wasm/00265406:wasm-function[775]:0x60eb2
    at wasm://wasm/00265406:wasm-function[357]:0x2e8f3
    at wasm://wasm/00265406:wasm-function[363]:0x2f261
    at wasm://wasm/00265406:wasm-function[555]:0x407f3
    at wasm://wasm/00265406:wasm-function[554]:0x405bd   [0m
[31m    Failed! Adobe_PDF_sample_a_1024x768_50Frms.264_x.yuv Case Index 170:SHA-1(Current--Benchmark): NULL-----ba96da5597ea244d7564ad92354092b3f38e5f2f  [0m
[31m            ----YUVSHA1:  NULL,  9aa9a4d9598eb3e1093311826844f37c43e4c521  [0m
[31m           Aborted(Cannot enlarge memory arrays to size 19111936 bytes (OOM). Either (1) compile with -sINITIAL_MEMORY=X with X higher than the current value 16777216, (2) compile with -sALLOW_MEMORY_GROWTH which allows increasing the size at runtime, or (3) if you want malloc to return NULL (0) instead of this abort, compile with -sABORTING_MALLOC=0)
/home/test/workspace/openh264/test/encoder_binary_comparison/AllTestData/Adobe_PDF_sample_a_1024x768_50Frms.264/h264enc.js:167
      throw ex;
      ^

RuntimeError: Aborted(Cannot enlarge memory arrays to size 19111936 bytes (OOM). Either (1) compile with -sINITIAL_MEMORY=X with X higher than the current value 16777216, (2) compile with -sALLOW_MEMORY_GROWTH which allows increasing the size at runtime, or (3) if you want malloc to return NULL (0) instead of this abort, compile with -sABORTING_MALLOC=0)
    at abort (/home/test/workspace/openh264/test/encoder_binary_comparison/AllTestData/Adobe_PDF_sample_a_1024x768_50Frms.264/h264enc.js:1031:11)
    at abortOnCannotGrowMemory (/home/test/workspace/openh264/test/encoder_binary_comparison/AllTestData/Adobe_PDF_sample_a_1024x768_50Frms.264/h264enc.js:4914:7)
    at _emscripten_resize_heap (/home/test/workspace/openh264/test/encoder_binary_comparison/AllTestData/Adobe_PDF_sample_a_1024x768_50Frms.264/h264enc.js:4919:7)
    at wasm://wasm/00265406:wasm-function[1133]:0x705f0
    at wasm://wasm/00265406:wasm-function[1121]:0x6e28d
    at wasm://wasm/00265406:wasm-function[775]:0x60eb2
    at wasm://wasm/00265406:wasm-function[357]:0x2e8f3
    at wasm://wasm/00265406:wasm-function[363]:0x2f261
    at wasm://wasm/00265406:wasm-function[555]:0x407f3
    at wasm://wasm/00265406:wasm-function[554]:0x405bd   [0m
[31m    Failed! Adobe_PDF_sample_a_1024x768_50Frms.264_x.yuv Case Index 171:SHA-1(Current--Benchmark): NULL-----ba96da5597ea244d7564ad92354092b3f38e5f2f  [0m
[31m            ----YUVSHA1:  NULL,  9aa9a4d9598eb3e1093311826844f37c43e4c521  [0m
[31m           Aborted(Cannot enlarge memory arrays to size 19111936 bytes (OOM). Either (1) compile with -sINITIAL_MEMORY=X with X higher than the current value 16777216, (2) compile with -sALLOW_MEMORY_GROWTH which allows increasing the size at runtime, or (3) if you want malloc to return NULL (0) instead of this abort, compile with -sABORTING_MALLOC=0)
/home/test/workspace/openh264/test/encoder_binary_comparison/AllTestData/Adobe_PDF_sample_a_1024x768_50Frms.264/h264enc.js:167
      throw ex;
      ^

RuntimeError: Aborted(Cannot enlarge memory arrays to size 19111936 bytes (OOM). Either (1) compile with -sINITIAL_MEMORY=X with X higher than the current value 16777216, (2) compile with -sALLOW_MEMORY_GROWTH which allows increasing the size at runtime, or (3) if you want malloc to return NULL (0) instead of this abort, compile with -sABORTING_MALLOC=0)
    at abort (/home/test/workspace/openh264/test/encoder_binary_comparison/AllTestData/Adobe_PDF_sample_a_1024x768_50Frms.264/h264enc.js:1031:11)
    at abortOnCannotGrowMemory (/home/test/workspace/openh264/test/encoder_binary_comparison/AllTestData/Adobe_PDF_sample_a_1024x768_50Frms.264/h264enc.js:4914:7)
    at _emscripten_resize_heap (/home/test/workspace/openh264/test/encoder_binary_comparison/AllTestData/Adobe_PDF_sample_a_1024x768_50Frms.264/h264enc.js:4919:7)
    at wasm://wasm/00265406:wasm-function[1133]:0x705f0
    at wasm://wasm/00265406:wasm-function[1121]:0x6e28d
    at wasm://wasm/00265406:wasm-function[775]:0x60eb2
    at wasm://wasm/00265406:wasm-function[357]:0x2e8f3
    at wasm://wasm/00265406:wasm-function[363]:0x2f261
    at wasm://wasm/00265406:wasm-function[555]:0x407f3
    at wasm://wasm/00265406:wasm-function[554]:0x405bd   [0m
[31m    Failed! Adobe_PDF_sample_a_1024x768_50Frms.264_x.yuv Case Index 172:SHA-1(Current--Benchmark): NULL-----ba96da5597ea244d7564ad92354092b3f38e5f2f  [0m
[31m            ----YUVSHA1:  NULL,  9aa9a4d9598eb3e1093311826844f37c43e4c521  [0m
[31m           Aborted(Cannot enlarge memory arrays to size 19111936 bytes (OOM). Either (1) compile with -sINITIAL_MEMORY=X with X higher than the current value 16777216, (2) compile with -sALLOW_MEMORY_GROWTH which allows increasing the size at runtime, or (3) if you want malloc to return NULL (0) instead of this abort, compile with -sABORTING_MALLOC=0)
/home/test/workspace/openh264/test/encoder_binary_comparison/AllTestData/Adobe_PDF_sample_a_1024x768_50Frms.264/h264enc.js:167
      throw ex;
      ^

RuntimeError: Aborted(Cannot enlarge memory arrays to size 19111936 bytes (OOM). Either (1) compile with -sINITIAL_MEMORY=X with X higher than the current value 16777216, (2) compile with -sALLOW_MEMORY_GROWTH which allows increasing the size at runtime, or (3) if you want malloc to return NULL (0) instead of this abort, compile with -sABORTING_MALLOC=0)
    at abort (/home/test/workspace/openh264/test/encoder_binary_comparison/AllTestData/Adobe_PDF_sample_a_1024x768_50Frms.264/h264enc.js:1031:11)
    at abortOnCannotGrowMemory (/home/test/workspace/openh264/test/encoder_binary_comparison/AllTestData/Adobe_PDF_sample_a_1024x768_50Frms.264/h264enc.js:4914:7)
    at _emscripten_resize_heap (/home/test/workspace/openh264/test/encoder_binary_comparison/AllTestData/Adobe_PDF_sample_a_1024x768_50Frms.264/h264enc.js:4919:7)
    at wasm://wasm/00265406:wasm-function[1133]:0x705f0
    at wasm://wasm/00265406:wasm-function[1121]:0x6e28d
    at wasm://wasm/00265406:wasm-function[775]:0x60eb2
    at wasm://wasm/00265406:wasm-function[357]:0x2e8f3
    at wasm://wasm/00265406:wasm-function[363]:0x2f261
    at wasm://wasm/00265406:wasm-function[555]:0x407f3
    at wasm://wasm/00265406:wasm-function[554]:0x405bd   [0m
[31m    Failed! Adobe_PDF_sample_a_1024x768_50Frms.264_x.yuv Case Index 173:SHA-1(Current--Benchmark): NULL-----ba96da5597ea244d7564ad92354092b3f38e5f2f  [0m
[31m            ----YUVSHA1:  NULL,  9aa9a4d9598eb3e1093311826844f37c43e4c521  [0m
[31m           Aborted(Cannot enlarge memory arrays to size 19111936 bytes (OOM). Either (1) compile with -sINITIAL_MEMORY=X with X higher than the current value 16777216, (2) compile with -sALLOW_MEMORY_GROWTH which allows increasing the size at runtime, or (3) if you want malloc to return NULL (0) instead of this abort, compile with -sABORTING_MALLOC=0)
/home/test/workspace/openh264/test/encoder_binary_comparison/AllTestData/Adobe_PDF_sample_a_1024x768_50Frms.264/h264enc.js:167
      throw ex;
      ^

RuntimeError: Aborted(Cannot enlarge memory arrays to size 19111936 bytes (OOM). Either (1) compile with -sINITIAL_MEMORY=X with X higher than the current value 16777216, (2) compile with -sALLOW_MEMORY_GROWTH which allows increasing the size at runtime, or (3) if you want malloc to return NULL (0) instead of this abort, compile with -sABORTING_MALLOC=0)
    at abort (/home/test/workspace/openh264/test/encoder_binary_comparison/AllTestData/Adobe_PDF_sample_a_1024x768_50Frms.264/h264enc.js:1031:11)
    at abortOnCannotGrowMemory (/home/test/workspace/openh264/test/encoder_binary_comparison/AllTestData/Adobe_PDF_sample_a_1024x768_50Frms.264/h264enc.js:4914:7)
    at _emscripten_resize_heap (/home/test/workspace/openh264/test/encoder_binary_comparison/AllTestData/Adobe_PDF_sample_a_1024x768_50Frms.264/h264enc.js:4919:7)
    at wasm://wasm/00265406:wasm-function[1133]:0x705f0
    at wasm://wasm/00265406:wasm-function[1121]:0x6e28d
    at wasm://wasm/00265406:wasm-function[775]:0x60eb2
    at wasm://wasm/00265406:wasm-function[357]:0x2e8f3
    at wasm://wasm/00265406:wasm-function[363]:0x2f261
    at wasm://wasm/00265406:wasm-function[555]:0x407f3
    at wasm://wasm/00265406:wasm-function[554]:0x405bd   [0m
[31m    Failed! Adobe_PDF_sample_a_1024x768_50Frms.264_x.yuv Case Index 174:SHA-1(Current--Benchmark): NULL-----ba96da5597ea244d7564ad92354092b3f38e5f2f  [0m
[31m            ----YUVSHA1:  NULL,  9aa9a4d9598eb3e1093311826844f37c43e4c521  [0m
[31m           Aborted(Cannot enlarge memory arrays to size 19111936 bytes (OOM). Either (1) compile with -sINITIAL_MEMORY=X with X higher than the current value 16777216, (2) compile with -sALLOW_MEMORY_GROWTH which allows increasing the size at runtime, or (3) if you want malloc to return NULL (0) instead of this abort, compile with -sABORTING_MALLOC=0)
/home/test/workspace/openh264/test/encoder_binary_comparison/AllTestData/Adobe_PDF_sample_a_1024x768_50Frms.264/h264enc.js:167
      throw ex;
      ^

RuntimeError: Aborted(Cannot enlarge memory arrays to size 19111936 bytes (OOM). Either (1) compile with -sINITIAL_MEMORY=X with X higher than the current value 16777216, (2) compile with -sALLOW_MEMORY_GROWTH which allows increasing the size at runtime, or (3) if you want malloc to return NULL (0) instead of this abort, compile with -sABORTING_MALLOC=0)
    at abort (/home/test/workspace/openh264/test/encoder_binary_comparison/AllTestData/Adobe_PDF_sample_a_1024x768_50Frms.264/h264enc.js:1031:11)
    at abortOnCannotGrowMemory (/home/test/workspace/openh264/test/encoder_binary_comparison/AllTestData/Adobe_PDF_sample_a_1024x768_50Frms.264/h264enc.js:4914:7)
    at _emscripten_resize_heap (/home/test/workspace/openh264/test/encoder_binary_comparison/AllTestData/Adobe_PDF_sample_a_1024x768_50Frms.264/h264enc.js:4919:7)
    at wasm://wasm/00265406:wasm-function[1133]:0x705f0
    at wasm://wasm/00265406:wasm-function[1121]:0x6e28d
    at wasm://wasm/00265406:wasm-function[775]:0x60eb2
    at wasm://wasm/00265406:wasm-function[357]:0x2e8f3
    at wasm://wasm/00265406:wasm-function[363]:0x2f261
    at wasm://wasm/00265406:wasm-function[555]:0x407f3
    at wasm://wasm/00265406:wasm-function[554]:0x405bd   [0m
[31m    Failed! Adobe_PDF_sample_a_1024x768_50Frms.264_x.yuv Case Index 175:SHA-1(Current--Benchmark): NULL-----ba96da5597ea244d7564ad92354092b3f38e5f2f  [0m
[31m            ----YUVSHA1:  NULL,  9aa9a4d9598eb3e1093311826844f37c43e4c521  [0m
[31m           Aborted(Cannot enlarge memory arrays to size 19111936 bytes (OOM). Either (1) compile with -sINITIAL_MEMORY=X with X higher than the current value 16777216, (2) compile with -sALLOW_MEMORY_GROWTH which allows increasing the size at runtime, or (3) if you want malloc to return NULL (0) instead of this abort, compile with -sABORTING_MALLOC=0)
/home/test/workspace/openh264/test/encoder_binary_comparison/AllTestData/Adobe_PDF_sample_a_1024x768_50Frms.264/h264enc.js:167
      throw ex;
      ^

RuntimeError: Aborted(Cannot enlarge memory arrays to size 19111936 bytes (OOM). Either (1) compile with -sINITIAL_MEMORY=X with X higher than the current value 16777216, (2) compile with -sALLOW_MEMORY_GROWTH which allows increasing the size at runtime, or (3) if you want malloc to return NULL (0) instead of this abort, compile with -sABORTING_MALLOC=0)
    at abort (/home/test/workspace/openh264/test/encoder_binary_comparison/AllTestData/Adobe_PDF_sample_a_1024x768_50Frms.264/h264enc.js:1031:11)
    at abortOnCannotGrowMemory (/home/test/workspace/openh264/test/encoder_binary_comparison/AllTestData/Adobe_PDF_sample_a_1024x768_50Frms.264/h264enc.js:4914:7)
    at _emscripten_resize_heap (/home/test/workspace/openh264/test/encoder_binary_comparison/AllTestData/Adobe_PDF_sample_a_1024x768_50Frms.264/h264enc.js:4919:7)
    at wasm://wasm/00265406:wasm-function[1133]:0x705f0
    at wasm://wasm/00265406:wasm-function[1121]:0x6e28d
    at wasm://wasm/00265406:wasm-function[775]:0x60eb2
    at wasm://wasm/00265406:wasm-function[357]:0x2e8f3
    at wasm://wasm/00265406:wasm-function[363]:0x2f261
    at wasm://wasm/00265406:wasm-function[555]:0x407f3
    at wasm://wasm/00265406:wasm-function[554]:0x405bd   [0m
[31m    Failed! Adobe_PDF_sample_a_1024x768_50Frms.264_x.yuv Case Index 176:SHA-1(Current--Benchmark): NULL-----ba96da5597ea244d7564ad92354092b3f38e5f2f  [0m
[31m            ----YUVSHA1:  NULL,  9aa9a4d9598eb3e1093311826844f37c43e4c521  [0m
[31m           Aborted(Cannot enlarge memory arrays to size 19111936 bytes (OOM). Either (1) compile with -sINITIAL_MEMORY=X with X higher than the current value 16777216, (2) compile with -sALLOW_MEMORY_GROWTH which allows increasing the size at runtime, or (3) if you want malloc to return NULL (0) instead of this abort, compile with -sABORTING_MALLOC=0)
/home/test/workspace/openh264/test/encoder_binary_comparison/AllTestData/Adobe_PDF_sample_a_1024x768_50Frms.264/h264enc.js:167
      throw ex;
      ^

RuntimeError: Aborted(Cannot enlarge memory arrays to size 19111936 bytes (OOM). Either (1) compile with -sINITIAL_MEMORY=X with X higher than the current value 16777216, (2) compile with -sALLOW_MEMORY_GROWTH which allows increasing the size at runtime, or (3) if you want malloc to return NULL (0) instead of this abort, compile with -sABORTING_MALLOC=0)
    at abort (/home/test/workspace/openh264/test/encoder_binary_comparison/AllTestData/Adobe_PDF_sample_a_1024x768_50Frms.264/h264enc.js:1031:11)
    at abortOnCannotGrowMemory (/home/test/workspace/openh264/test/encoder_binary_comparison/AllTestData/Adobe_PDF_sample_a_1024x768_50Frms.264/h264enc.js:4914:7)
    at _emscripten_resize_heap (/home/test/workspace/openh264/test/encoder_binary_comparison/AllTestData/Adobe_PDF_sample_a_1024x768_50Frms.264/h264enc.js:4919:7)
    at wasm://wasm/00265406:wasm-function[1133]:0x705f0
    at wasm://wasm/00265406:wasm-function[1121]:0x6e28d
    at wasm://wasm/00265406:wasm-function[775]:0x60eb2
    at wasm://wasm/00265406:wasm-function[357]:0x2e8f3
    at wasm://wasm/00265406:wasm-function[363]:0x2f261
    at wasm://wasm/00265406:wasm-function[555]:0x407f3
    at wasm://wasm/00265406:wasm-function[554]:0x405bd   [0m
[31m    Failed! Adobe_PDF_sample_a_1024x768_50Frms.264_x.yuv Case Index 177:SHA-1(Current--Benchmark): NULL-----ba96da5597ea244d7564ad92354092b3f38e5f2f  [0m
[31m            ----YUVSHA1:  NULL,  9aa9a4d9598eb3e1093311826844f37c43e4c521  [0m
[31m           Aborted(Cannot enlarge memory arrays to size 19111936 bytes (OOM). Either (1) compile with -sINITIAL_MEMORY=X with X higher than the current value 16777216, (2) compile with -sALLOW_MEMORY_GROWTH which allows increasing the size at runtime, or (3) if you want malloc to return NULL (0) instead of this abort, compile with -sABORTING_MALLOC=0)
/home/test/workspace/openh264/test/encoder_binary_comparison/AllTestData/Adobe_PDF_sample_a_1024x768_50Frms.264/h264enc.js:167
      throw ex;
      ^

RuntimeError: Aborted(Cannot enlarge memory arrays to size 19111936 bytes (OOM). Either (1) compile with -sINITIAL_MEMORY=X with X higher than the current value 16777216, (2) compile with -sALLOW_MEMORY_GROWTH which allows increasing the size at runtime, or (3) if you want malloc to return NULL (0) instead of this abort, compile with -sABORTING_MALLOC=0)
    at abort (/home/test/workspace/openh264/test/encoder_binary_comparison/AllTestData/Adobe_PDF_sample_a_1024x768_50Frms.264/h264enc.js:1031:11)
    at abortOnCannotGrowMemory (/home/test/workspace/openh264/test/encoder_binary_comparison/AllTestData/Adobe_PDF_sample_a_1024x768_50Frms.264/h264enc.js:4914:7)
    at _emscripten_resize_heap (/home/test/workspace/openh264/test/encoder_binary_comparison/AllTestData/Adobe_PDF_sample_a_1024x768_50Frms.264/h264enc.js:4919:7)
    at wasm://wasm/00265406:wasm-function[1133]:0x705f0
    at wasm://wasm/00265406:wasm-function[1121]:0x6e28d
    at wasm://wasm/00265406:wasm-function[775]:0x60eb2
    at wasm://wasm/00265406:wasm-function[357]:0x2e8f3
    at wasm://wasm/00265406:wasm-function[363]:0x2f261
    at wasm://wasm/00265406:wasm-function[555]:0x407f3
    at wasm://wasm/00265406:wasm-function[554]:0x405bd   [0m
[31m    Failed! Adobe_PDF_sample_a_1024x768_50Frms.264_x.yuv Case Index 178:SHA-1(Current--Benchmark): NULL-----ba96da5597ea244d7564ad92354092b3f38e5f2f  [0m
[31m            ----YUVSHA1:  NULL,  9aa9a4d9598eb3e1093311826844f37c43e4c521  [0m
[31m           Aborted(Cannot enlarge memory arrays to size 19111936 bytes (OOM). Either (1) compile with -sINITIAL_MEMORY=X with X higher than the current value 16777216, (2) compile with -sALLOW_MEMORY_GROWTH which allows increasing the size at runtime, or (3) if you want malloc to return NULL (0) instead of this abort, compile with -sABORTING_MALLOC=0)
/home/test/workspace/openh264/test/encoder_binary_comparison/AllTestData/Adobe_PDF_sample_a_1024x768_50Frms.264/h264enc.js:167
      throw ex;
      ^

RuntimeError: Aborted(Cannot enlarge memory arrays to size 19111936 bytes (OOM). Either (1) compile with -sINITIAL_MEMORY=X with X higher than the current value 16777216, (2) compile with -sALLOW_MEMORY_GROWTH which allows increasing the size at runtime, or (3) if you want malloc to return NULL (0) instead of this abort, compile with -sABORTING_MALLOC=0)
    at abort (/home/test/workspace/openh264/test/encoder_binary_comparison/AllTestData/Adobe_PDF_sample_a_1024x768_50Frms.264/h264enc.js:1031:11)
    at abortOnCannotGrowMemory (/home/test/workspace/openh264/test/encoder_binary_comparison/AllTestData/Adobe_PDF_sample_a_1024x768_50Frms.264/h264enc.js:4914:7)
    at _emscripten_resize_heap (/home/test/workspace/openh264/test/encoder_binary_comparison/AllTestData/Adobe_PDF_sample_a_1024x768_50Frms.264/h264enc.js:4919:7)
    at wasm://wasm/00265406:wasm-function[1133]:0x705f0
    at wasm://wasm/00265406:wasm-function[1121]:0x6e28d
    at wasm://wasm/00265406:wasm-function[775]:0x60eb2
    at wasm://wasm/00265406:wasm-function[357]:0x2e8f3
    at wasm://wasm/00265406:wasm-function[363]:0x2f261
    at wasm://wasm/00265406:wasm-function[555]:0x407f3
    at wasm://wasm/00265406:wasm-function[554]:0x405bd   [0m
[31m    Failed! Adobe_PDF_sample_a_1024x768_50Frms.264_x.yuv Case Index 179:SHA-1(Current--Benchmark): NULL-----ba96da5597ea244d7564ad92354092b3f38e5f2f  [0m
[31m            ----YUVSHA1:  NULL,  9aa9a4d9598eb3e1093311826844f37c43e4c521  [0m
[31m           Aborted(Cannot enlarge memory arrays to size 19111936 bytes (OOM). Either (1) compile with -sINITIAL_MEMORY=X with X higher than the current value 16777216, (2) compile with -sALLOW_MEMORY_GROWTH which allows increasing the size at runtime, or (3) if you want malloc to return NULL (0) instead of this abort, compile with -sABORTING_MALLOC=0)
/home/test/workspace/openh264/test/encoder_binary_comparison/AllTestData/Adobe_PDF_sample_a_1024x768_50Frms.264/h264enc.js:167
      throw ex;
      ^

RuntimeError: Aborted(Cannot enlarge memory arrays to size 19111936 bytes (OOM). Either (1) compile with -sINITIAL_MEMORY=X with X higher than the current value 16777216, (2) compile with -sALLOW_MEMORY_GROWTH which allows increasing the size at runtime, or (3) if you want malloc to return NULL (0) instead of this abort, compile with -sABORTING_MALLOC=0)
    at abort (/home/test/workspace/openh264/test/encoder_binary_comparison/AllTestData/Adobe_PDF_sample_a_1024x768_50Frms.264/h264enc.js:1031:11)
    at abortOnCannotGrowMemory (/home/test/workspace/openh264/test/encoder_binary_comparison/AllTestData/Adobe_PDF_sample_a_1024x768_50Frms.264/h264enc.js:4914:7)
    at _emscripten_resize_heap (/home/test/workspace/openh264/test/encoder_binary_comparison/AllTestData/Adobe_PDF_sample_a_1024x768_50Frms.264/h264enc.js:4919:7)
    at wasm://wasm/00265406:wasm-function[1133]:0x705f0
    at wasm://wasm/00265406:wasm-function[1121]:0x6e28d
    at wasm://wasm/00265406:wasm-function[775]:0x60eb2
    at wasm://wasm/00265406:wasm-function[357]:0x2e8f3
    at wasm://wasm/00265406:wasm-function[363]:0x2f261
    at wasm://wasm/00265406:wasm-function[555]:0x407f3
    at wasm://wasm/00265406:wasm-function[554]:0x405bd   [0m
[31m    Failed! Adobe_PDF_sample_a_1024x768_50Frms.264_x.yuv Case Index 180:SHA-1(Current--Benchmark): NULL-----ba96da5597ea244d7564ad92354092b3f38e5f2f  [0m
[31m            ----YUVSHA1:  NULL,  9aa9a4d9598eb3e1093311826844f37c43e4c521  [0m
[31m           Aborted(Cannot enlarge memory arrays to size 19111936 bytes (OOM). Either (1) compile with -sINITIAL_MEMORY=X with X higher than the current value 16777216, (2) compile with -sALLOW_MEMORY_GROWTH which allows increasing the size at runtime, or (3) if you want malloc to return NULL (0) instead of this abort, compile with -sABORTING_MALLOC=0)
/home/test/workspace/openh264/test/encoder_binary_comparison/AllTestData/Adobe_PDF_sample_a_1024x768_50Frms.264/h264enc.js:167
      throw ex;
      ^

RuntimeError: Aborted(Cannot enlarge memory arrays to size 19111936 bytes (OOM). Either (1) compile with -sINITIAL_MEMORY=X with X higher than the current value 16777216, (2) compile with -sALLOW_MEMORY_GROWTH which allows increasing the size at runtime, or (3) if you want malloc to return NULL (0) instead of this abort, compile with -sABORTING_MALLOC=0)
    at abort (/home/test/workspace/openh264/test/encoder_binary_comparison/AllTestData/Adobe_PDF_sample_a_1024x768_50Frms.264/h264enc.js:1031:11)
    at abortOnCannotGrowMemory (/home/test/workspace/openh264/test/encoder_binary_comparison/AllTestData/Adobe_PDF_sample_a_1024x768_50Frms.264/h264enc.js:4914:7)
    at _emscripten_resize_heap (/home/test/workspace/openh264/test/encoder_binary_comparison/AllTestData/Adobe_PDF_sample_a_1024x768_50Frms.264/h264enc.js:4919:7)
    at wasm://wasm/00265406:wasm-function[1133]:0x705f0
    at wasm://wasm/00265406:wasm-function[1121]:0x6e28d
    at wasm://wasm/00265406:wasm-function[775]:0x60eb2
    at wasm://wasm/00265406:wasm-function[357]:0x2e8f3
    at wasm://wasm/00265406:wasm-function[363]:0x2f261
    at wasm://wasm/00265406:wasm-function[555]:0x407f3
    at wasm://wasm/00265406:wasm-function[554]:0x405bd   [0m
[31m    Failed! Adobe_PDF_sample_a_1024x768_50Frms.264_x.yuv Case Index 181:SHA-1(Current--Benchmark): NULL-----ba96da5597ea244d7564ad92354092b3f38e5f2f  [0m
[31m            ----YUVSHA1:  NULL,  9aa9a4d9598eb3e1093311826844f37c43e4c521  [0m
[31m           Aborted(Cannot enlarge memory arrays to size 19111936 bytes (OOM). Either (1) compile with -sINITIAL_MEMORY=X with X higher than the current value 16777216, (2) compile with -sALLOW_MEMORY_GROWTH which allows increasing the size at runtime, or (3) if you want malloc to return NULL (0) instead of this abort, compile with -sABORTING_MALLOC=0)
/home/test/workspace/openh264/test/encoder_binary_comparison/AllTestData/Adobe_PDF_sample_a_1024x768_50Frms.264/h264enc.js:167
      throw ex;
      ^

RuntimeError: Aborted(Cannot enlarge memory arrays to size 19111936 bytes (OOM). Either (1) compile with -sINITIAL_MEMORY=X with X higher than the current value 16777216, (2) compile with -sALLOW_MEMORY_GROWTH which allows increasing the size at runtime, or (3) if you want malloc to return NULL (0) instead of this abort, compile with -sABORTING_MALLOC=0)
    at abort (/home/test/workspace/openh264/test/encoder_binary_comparison/AllTestData/Adobe_PDF_sample_a_1024x768_50Frms.264/h264enc.js:1031:11)
    at abortOnCannotGrowMemory (/home/test/workspace/openh264/test/encoder_binary_comparison/AllTestData/Adobe_PDF_sample_a_1024x768_50Frms.264/h264enc.js:4914:7)
    at _emscripten_resize_heap (/home/test/workspace/openh264/test/encoder_binary_comparison/AllTestData/Adobe_PDF_sample_a_1024x768_50Frms.264/h264enc.js:4919:7)
    at wasm://wasm/00265406:wasm-function[1133]:0x705f0
    at wasm://wasm/00265406:wasm-function[1121]:0x6e28d
    at wasm://wasm/00265406:wasm-function[775]:0x60eb2
    at wasm://wasm/00265406:wasm-function[357]:0x2e8f3
    at wasm://wasm/00265406:wasm-function[363]:0x2f261
    at wasm://wasm/00265406:wasm-function[555]:0x407f3
    at wasm://wasm/00265406:wasm-function[554]:0x405bd   [0m
[31m    Failed! Adobe_PDF_sample_a_1024x768_50Frms.264_x.yuv Case Index 182:SHA-1(Current--Benchmark): NULL-----ba96da5597ea244d7564ad92354092b3f38e5f2f  [0m
[31m            ----YUVSHA1:  NULL,  9aa9a4d9598eb3e1093311826844f37c43e4c521  [0m
[31m           Aborted(Cannot enlarge memory arrays to size 19111936 bytes (OOM). Either (1) compile with -sINITIAL_MEMORY=X with X higher than the current value 16777216, (2) compile with -sALLOW_MEMORY_GROWTH which allows increasing the size at runtime, or (3) if you want malloc to return NULL (0) instead of this abort, compile with -sABORTING_MALLOC=0)
/home/test/workspace/openh264/test/encoder_binary_comparison/AllTestData/Adobe_PDF_sample_a_1024x768_50Frms.264/h264enc.js:167
      throw ex;
      ^

RuntimeError: Aborted(Cannot enlarge memory arrays to size 19111936 bytes (OOM). Either (1) compile with -sINITIAL_MEMORY=X with X higher than the current value 16777216, (2) compile with -sALLOW_MEMORY_GROWTH which allows increasing the size at runtime, or (3) if you want malloc to return NULL (0) instead of this abort, compile with -sABORTING_MALLOC=0)
    at abort (/home/test/workspace/openh264/test/encoder_binary_comparison/AllTestData/Adobe_PDF_sample_a_1024x768_50Frms.264/h264enc.js:1031:11)
    at abortOnCannotGrowMemory (/home/test/workspace/openh264/test/encoder_binary_comparison/AllTestData/Adobe_PDF_sample_a_1024x768_50Frms.264/h264enc.js:4914:7)
    at _emscripten_resize_heap (/home/test/workspace/openh264/test/encoder_binary_comparison/AllTestData/Adobe_PDF_sample_a_1024x768_50Frms.264/h264enc.js:4919:7)
    at wasm://wasm/00265406:wasm-function[1133]:0x705f0
    at wasm://wasm/00265406:wasm-function[1121]:0x6e28d
    at wasm://wasm/00265406:wasm-function[775]:0x60eb2
    at wasm://wasm/00265406:wasm-function[357]:0x2e8f3
    at wasm://wasm/00265406:wasm-function[363]:0x2f261
    at wasm://wasm/00265406:wasm-function[555]:0x407f3
    at wasm://wasm/00265406:wasm-function[554]:0x405bd   [0m
[31m    Failed! Adobe_PDF_sample_a_1024x768_50Frms.264_x.yuv Case Index 183:SHA-1(Current--Benchmark): NULL-----ba96da5597ea244d7564ad92354092b3f38e5f2f  [0m
[31m            ----YUVSHA1:  NULL,  9aa9a4d9598eb3e1093311826844f37c43e4c521  [0m
[31m           Aborted(Cannot enlarge memory arrays to size 19111936 bytes (OOM). Either (1) compile with -sINITIAL_MEMORY=X with X higher than the current value 16777216, (2) compile with -sALLOW_MEMORY_GROWTH which allows increasing the size at runtime, or (3) if you want malloc to return NULL (0) instead of this abort, compile with -sABORTING_MALLOC=0)
/home/test/workspace/openh264/test/encoder_binary_comparison/AllTestData/Adobe_PDF_sample_a_1024x768_50Frms.264/h264enc.js:167
      throw ex;
      ^

RuntimeError: Aborted(Cannot enlarge memory arrays to size 19111936 bytes (OOM). Either (1) compile with -sINITIAL_MEMORY=X with X higher than the current value 16777216, (2) compile with -sALLOW_MEMORY_GROWTH which allows increasing the size at runtime, or (3) if you want malloc to return NULL (0) instead of this abort, compile with -sABORTING_MALLOC=0)
    at abort (/home/test/workspace/openh264/test/encoder_binary_comparison/AllTestData/Adobe_PDF_sample_a_1024x768_50Frms.264/h264enc.js:1031:11)
    at abortOnCannotGrowMemory (/home/test/workspace/openh264/test/encoder_binary_comparison/AllTestData/Adobe_PDF_sample_a_1024x768_50Frms.264/h264enc.js:4914:7)
    at _emscripten_resize_heap (/home/test/workspace/openh264/test/encoder_binary_comparison/AllTestData/Adobe_PDF_sample_a_1024x768_50Frms.264/h264enc.js:4919:7)
    at wasm://wasm/00265406:wasm-function[1133]:0x705f0
    at wasm://wasm/00265406:wasm-function[1121]:0x6e28d
    at wasm://wasm/00265406:wasm-function[775]:0x60eb2
    at wasm://wasm/00265406:wasm-function[357]:0x2e8f3
    at wasm://wasm/00265406:wasm-function[363]:0x2f261
    at wasm://wasm/00265406:wasm-function[555]:0x407f3
    at wasm://wasm/00265406:wasm-function[554]:0x405bd   [0m
[31m    Failed! Adobe_PDF_sample_a_1024x768_50Frms.264_x.yuv Case Index 184:SHA-1(Current--Benchmark): NULL-----ba96da5597ea244d7564ad92354092b3f38e5f2f  [0m
[31m            ----YUVSHA1:  NULL,  9aa9a4d9598eb3e1093311826844f37c43e4c521  [0m
[31m           Aborted(Cannot enlarge memory arrays to size 19111936 bytes (OOM). Either (1) compile with -sINITIAL_MEMORY=X with X higher than the current value 16777216, (2) compile with -sALLOW_MEMORY_GROWTH which allows increasing the size at runtime, or (3) if you want malloc to return NULL (0) instead of this abort, compile with -sABORTING_MALLOC=0)
/home/test/workspace/openh264/test/encoder_binary_comparison/AllTestData/Adobe_PDF_sample_a_1024x768_50Frms.264/h264enc.js:167
      throw ex;
      ^

RuntimeError: Aborted(Cannot enlarge memory arrays to size 19111936 bytes (OOM). Either (1) compile with -sINITIAL_MEMORY=X with X higher than the current value 16777216, (2) compile with -sALLOW_MEMORY_GROWTH which allows increasing the size at runtime, or (3) if you want malloc to return NULL (0) instead of this abort, compile with -sABORTING_MALLOC=0)
    at abort (/home/test/workspace/openh264/test/encoder_binary_comparison/AllTestData/Adobe_PDF_sample_a_1024x768_50Frms.264/h264enc.js:1031:11)
    at abortOnCannotGrowMemory (/home/test/workspace/openh264/test/encoder_binary_comparison/AllTestData/Adobe_PDF_sample_a_1024x768_50Frms.264/h264enc.js:4914:7)
    at _emscripten_resize_heap (/home/test/workspace/openh264/test/encoder_binary_comparison/AllTestData/Adobe_PDF_sample_a_1024x768_50Frms.264/h264enc.js:4919:7)
    at wasm://wasm/00265406:wasm-function[1133]:0x705f0
    at wasm://wasm/00265406:wasm-function[1121]:0x6e28d
    at wasm://wasm/00265406:wasm-function[775]:0x60eb2
    at wasm://wasm/00265406:wasm-function[357]:0x2e8f3
    at wasm://wasm/00265406:wasm-function[363]:0x2f261
    at wasm://wasm/00265406:wasm-function[555]:0x407f3
    at wasm://wasm/00265406:wasm-function[554]:0x405bd   [0m
[31m    Failed! Adobe_PDF_sample_a_1024x768_50Frms.264_x.yuv Case Index 185:SHA-1(Current--Benchmark): NULL-----ba96da5597ea244d7564ad92354092b3f38e5f2f  [0m
[31m            ----YUVSHA1:  NULL,  9aa9a4d9598eb3e1093311826844f37c43e4c521  [0m
[31m           Aborted(Cannot enlarge memory arrays to size 19111936 bytes (OOM). Either (1) compile with -sINITIAL_MEMORY=X with X higher than the current value 16777216, (2) compile with -sALLOW_MEMORY_GROWTH which allows increasing the size at runtime, or (3) if you want malloc to return NULL (0) instead of this abort, compile with -sABORTING_MALLOC=0)
/home/test/workspace/openh264/test/encoder_binary_comparison/AllTestData/Adobe_PDF_sample_a_1024x768_50Frms.264/h264enc.js:167
      throw ex;
      ^

RuntimeError: Aborted(Cannot enlarge memory arrays to size 19111936 bytes (OOM). Either (1) compile with -sINITIAL_MEMORY=X with X higher than the current value 16777216, (2) compile with -sALLOW_MEMORY_GROWTH which allows increasing the size at runtime, or (3) if you want malloc to return NULL (0) instead of this abort, compile with -sABORTING_MALLOC=0)
    at abort (/home/test/workspace/openh264/test/encoder_binary_comparison/AllTestData/Adobe_PDF_sample_a_1024x768_50Frms.264/h264enc.js:1031:11)
    at abortOnCannotGrowMemory (/home/test/workspace/openh264/test/encoder_binary_comparison/AllTestData/Adobe_PDF_sample_a_1024x768_50Frms.264/h264enc.js:4914:7)
    at _emscripten_resize_heap (/home/test/workspace/openh264/test/encoder_binary_comparison/AllTestData/Adobe_PDF_sample_a_1024x768_50Frms.264/h264enc.js:4919:7)
    at wasm://wasm/00265406:wasm-function[1133]:0x705f0
    at wasm://wasm/00265406:wasm-function[1121]:0x6e28d
    at wasm://wasm/00265406:wasm-function[775]:0x60eb2
    at wasm://wasm/00265406:wasm-function[357]:0x2e8f3
    at wasm://wasm/00265406:wasm-function[363]:0x2f261
    at wasm://wasm/00265406:wasm-function[555]:0x407f3
    at wasm://wasm/00265406:wasm-function[554]:0x405bd   [0m
[31m    Failed! Adobe_PDF_sample_a_1024x768_50Frms.264_x.yuv Case Index 186:SHA-1(Current--Benchmark): NULL-----ba96da5597ea244d7564ad92354092b3f38e5f2f  [0m
[31m            ----YUVSHA1:  NULL,  9aa9a4d9598eb3e1093311826844f37c43e4c521  [0m
[31m           Aborted(Cannot enlarge memory arrays to size 19111936 bytes (OOM). Either (1) compile with -sINITIAL_MEMORY=X with X higher than the current value 16777216, (2) compile with -sALLOW_MEMORY_GROWTH which allows increasing the size at runtime, or (3) if you want malloc to return NULL (0) instead of this abort, compile with -sABORTING_MALLOC=0)
/home/test/workspace/openh264/test/encoder_binary_comparison/AllTestData/Adobe_PDF_sample_a_1024x768_50Frms.264/h264enc.js:167
      throw ex;
      ^

RuntimeError: Aborted(Cannot enlarge memory arrays to size 19111936 bytes (OOM). Either (1) compile with -sINITIAL_MEMORY=X with X higher than the current value 16777216, (2) compile with -sALLOW_MEMORY_GROWTH which allows increasing the size at runtime, or (3) if you want malloc to return NULL (0) instead of this abort, compile with -sABORTING_MALLOC=0)
    at abort (/home/test/workspace/openh264/test/encoder_binary_comparison/AllTestData/Adobe_PDF_sample_a_1024x768_50Frms.264/h264enc.js:1031:11)
    at abortOnCannotGrowMemory (/home/test/workspace/openh264/test/encoder_binary_comparison/AllTestData/Adobe_PDF_sample_a_1024x768_50Frms.264/h264enc.js:4914:7)
    at _emscripten_resize_heap (/home/test/workspace/openh264/test/encoder_binary_comparison/AllTestData/Adobe_PDF_sample_a_1024x768_50Frms.264/h264enc.js:4919:7)
    at wasm://wasm/00265406:wasm-function[1133]:0x705f0
    at wasm://wasm/00265406:wasm-function[1121]:0x6e28d
    at wasm://wasm/00265406:wasm-function[775]:0x60eb2
    at wasm://wasm/00265406:wasm-function[357]:0x2e8f3
    at wasm://wasm/00265406:wasm-function[363]:0x2f261
    at wasm://wasm/00265406:wasm-function[555]:0x407f3
    at wasm://wasm/00265406:wasm-function[554]:0x405bd   [0m
[31m    Failed! Adobe_PDF_sample_a_1024x768_50Frms.264_x.yuv Case Index 187:SHA-1(Current--Benchmark): NULL-----ba96da5597ea244d7564ad92354092b3f38e5f2f  [0m
[31m            ----YUVSHA1:  NULL,  9aa9a4d9598eb3e1093311826844f37c43e4c521  [0m
[31m           Aborted(Cannot enlarge memory arrays to size 19111936 bytes (OOM). Either (1) compile with -sINITIAL_MEMORY=X with X higher than the current value 16777216, (2) compile with -sALLOW_MEMORY_GROWTH which allows increasing the size at runtime, or (3) if you want malloc to return NULL (0) instead of this abort, compile with -sABORTING_MALLOC=0)
/home/test/workspace/openh264/test/encoder_binary_comparison/AllTestData/Adobe_PDF_sample_a_1024x768_50Frms.264/h264enc.js:167
      throw ex;
      ^

RuntimeError: Aborted(Cannot enlarge memory arrays to size 19111936 bytes (OOM). Either (1) compile with -sINITIAL_MEMORY=X with X higher than the current value 16777216, (2) compile with -sALLOW_MEMORY_GROWTH which allows increasing the size at runtime, or (3) if you want malloc to return NULL (0) instead of this abort, compile with -sABORTING_MALLOC=0)
    at abort (/home/test/workspace/openh264/test/encoder_binary_comparison/AllTestData/Adobe_PDF_sample_a_1024x768_50Frms.264/h264enc.js:1031:11)
    at abortOnCannotGrowMemory (/home/test/workspace/openh264/test/encoder_binary_comparison/AllTestData/Adobe_PDF_sample_a_1024x768_50Frms.264/h264enc.js:4914:7)
    at _emscripten_resize_heap (/home/test/workspace/openh264/test/encoder_binary_comparison/AllTestData/Adobe_PDF_sample_a_1024x768_50Frms.264/h264enc.js:4919:7)
    at wasm://wasm/00265406:wasm-function[1133]:0x705f0
    at wasm://wasm/00265406:wasm-function[1121]:0x6e28d
    at wasm://wasm/00265406:wasm-function[775]:0x60eb2
    at wasm://wasm/00265406:wasm-function[357]:0x2e8f3
    at wasm://wasm/00265406:wasm-function[363]:0x2f261
    at wasm://wasm/00265406:wasm-function[555]:0x407f3
    at wasm://wasm/00265406:wasm-function[554]:0x405bd   [0m
[31m    Failed! Adobe_PDF_sample_a_1024x768_50Frms.264_x.yuv Case Index 188:SHA-1(Current--Benchmark): NULL-----ba96da5597ea244d7564ad92354092b3f38e5f2f  [0m
[31m            ----YUVSHA1:  NULL,  9aa9a4d9598eb3e1093311826844f37c43e4c521  [0m
[31m           Aborted(Cannot enlarge memory arrays to size 19111936 bytes (OOM). Either (1) compile with -sINITIAL_MEMORY=X with X higher than the current value 16777216, (2) compile with -sALLOW_MEMORY_GROWTH which allows increasing the size at runtime, or (3) if you want malloc to return NULL (0) instead of this abort, compile with -sABORTING_MALLOC=0)
/home/test/workspace/openh264/test/encoder_binary_comparison/AllTestData/Adobe_PDF_sample_a_1024x768_50Frms.264/h264enc.js:167
      throw ex;
      ^

RuntimeError: Aborted(Cannot enlarge memory arrays to size 19111936 bytes (OOM). Either (1) compile with -sINITIAL_MEMORY=X with X higher than the current value 16777216, (2) compile with -sALLOW_MEMORY_GROWTH which allows increasing the size at runtime, or (3) if you want malloc to return NULL (0) instead of this abort, compile with -sABORTING_MALLOC=0)
    at abort (/home/test/workspace/openh264/test/encoder_binary_comparison/AllTestData/Adobe_PDF_sample_a_1024x768_50Frms.264/h264enc.js:1031:11)
    at abortOnCannotGrowMemory (/home/test/workspace/openh264/test/encoder_binary_comparison/AllTestData/Adobe_PDF_sample_a_1024x768_50Frms.264/h264enc.js:4914:7)
    at _emscripten_resize_heap (/home/test/workspace/openh264/test/encoder_binary_comparison/AllTestData/Adobe_PDF_sample_a_1024x768_50Frms.264/h264enc.js:4919:7)
    at wasm://wasm/00265406:wasm-function[1133]:0x705f0
    at wasm://wasm/00265406:wasm-function[1121]:0x6e28d
    at wasm://wasm/00265406:wasm-function[775]:0x60eb2
    at wasm://wasm/00265406:wasm-function[357]:0x2e8f3
    at wasm://wasm/00265406:wasm-function[363]:0x2f261
    at wasm://wasm/00265406:wasm-function[555]:0x407f3
    at wasm://wasm/00265406:wasm-function[554]:0x405bd   [0m
[31m    Failed! Adobe_PDF_sample_a_1024x768_50Frms.264_x.yuv Case Index 189:SHA-1(Current--Benchmark): NULL-----ba96da5597ea244d7564ad92354092b3f38e5f2f  [0m
[31m            ----YUVSHA1:  NULL,  9aa9a4d9598eb3e1093311826844f37c43e4c521  [0m
[31m           Aborted(Cannot enlarge memory arrays to size 19111936 bytes (OOM). Either (1) compile with -sINITIAL_MEMORY=X with X higher than the current value 16777216, (2) compile with -sALLOW_MEMORY_GROWTH which allows increasing the size at runtime, or (3) if you want malloc to return NULL (0) instead of this abort, compile with -sABORTING_MALLOC=0)
/home/test/workspace/openh264/test/encoder_binary_comparison/AllTestData/Adobe_PDF_sample_a_1024x768_50Frms.264/h264enc.js:167
      throw ex;
      ^

RuntimeError: Aborted(Cannot enlarge memory arrays to size 19111936 bytes (OOM). Either (1) compile with -sINITIAL_MEMORY=X with X higher than the current value 16777216, (2) compile with -sALLOW_MEMORY_GROWTH which allows increasing the size at runtime, or (3) if you want malloc to return NULL (0) instead of this abort, compile with -sABORTING_MALLOC=0)
    at abort (/home/test/workspace/openh264/test/encoder_binary_comparison/AllTestData/Adobe_PDF_sample_a_1024x768_50Frms.264/h264enc.js:1031:11)
    at abortOnCannotGrowMemory (/home/test/workspace/openh264/test/encoder_binary_comparison/AllTestData/Adobe_PDF_sample_a_1024x768_50Frms.264/h264enc.js:4914:7)
    at _emscripten_resize_heap (/home/test/workspace/openh264/test/encoder_binary_comparison/AllTestData/Adobe_PDF_sample_a_1024x768_50Frms.264/h264enc.js:4919:7)
    at wasm://wasm/00265406:wasm-function[1133]:0x705f0
    at wasm://wasm/00265406:wasm-function[1121]:0x6e28d
    at wasm://wasm/00265406:wasm-function[775]:0x60eb2
    at wasm://wasm/00265406:wasm-function[357]:0x2e8f3
    at wasm://wasm/00265406:wasm-function[363]:0x2f261
    at wasm://wasm/00265406:wasm-function[555]:0x407f3
    at wasm://wasm/00265406:wasm-function[554]:0x405bd   [0m
[31m    Failed! Adobe_PDF_sample_a_1024x768_50Frms.264_x.yuv Case Index 190:SHA-1(Current--Benchmark): NULL-----ba96da5597ea244d7564ad92354092b3f38e5f2f  [0m
[31m            ----YUVSHA1:  NULL,  9aa9a4d9598eb3e1093311826844f37c43e4c521  [0m
[31m           Aborted(Cannot enlarge memory arrays to size 19111936 bytes (OOM). Either (1) compile with -sINITIAL_MEMORY=X with X higher than the current value 16777216, (2) compile with -sALLOW_MEMORY_GROWTH which allows increasing the size at runtime, or (3) if you want malloc to return NULL (0) instead of this abort, compile with -sABORTING_MALLOC=0)
/home/test/workspace/openh264/test/encoder_binary_comparison/AllTestData/Adobe_PDF_sample_a_1024x768_50Frms.264/h264enc.js:167
      throw ex;
      ^

RuntimeError: Aborted(Cannot enlarge memory arrays to size 19111936 bytes (OOM). Either (1) compile with -sINITIAL_MEMORY=X with X higher than the current value 16777216, (2) compile with -sALLOW_MEMORY_GROWTH which allows increasing the size at runtime, or (3) if you want malloc to return NULL (0) instead of this abort, compile with -sABORTING_MALLOC=0)
    at abort (/home/test/workspace/openh264/test/encoder_binary_comparison/AllTestData/Adobe_PDF_sample_a_1024x768_50Frms.264/h264enc.js:1031:11)
    at abortOnCannotGrowMemory (/home/test/workspace/openh264/test/encoder_binary_comparison/AllTestData/Adobe_PDF_sample_a_1024x768_50Frms.264/h264enc.js:4914:7)
    at _emscripten_resize_heap (/home/test/workspace/openh264/test/encoder_binary_comparison/AllTestData/Adobe_PDF_sample_a_1024x768_50Frms.264/h264enc.js:4919:7)
    at wasm://wasm/00265406:wasm-function[1133]:0x705f0
    at wasm://wasm/00265406:wasm-function[1121]:0x6e28d
    at wasm://wasm/00265406:wasm-function[775]:0x60eb2
    at wasm://wasm/00265406:wasm-function[357]:0x2e8f3
    at wasm://wasm/00265406:wasm-function[363]:0x2f261
    at wasm://wasm/00265406:wasm-function[555]:0x407f3
    at wasm://wasm/00265406:wasm-function[554]:0x405bd   [0m
[31m    Failed! Adobe_PDF_sample_a_1024x768_50Frms.264_x.yuv Case Index 191:SHA-1(Current--Benchmark): NULL-----ba96da5597ea244d7564ad92354092b3f38e5f2f  [0m
[31m            ----YUVSHA1:  NULL,  9aa9a4d9598eb3e1093311826844f37c43e4c521  [0m
[31m           Aborted(Cannot enlarge memory arrays to size 19111936 bytes (OOM). Either (1) compile with -sINITIAL_MEMORY=X with X higher than the current value 16777216, (2) compile with -sALLOW_MEMORY_GROWTH which allows increasing the size at runtime, or (3) if you want malloc to return NULL (0) instead of this abort, compile with -sABORTING_MALLOC=0)
/home/test/workspace/openh264/test/encoder_binary_comparison/AllTestData/Adobe_PDF_sample_a_1024x768_50Frms.264/h264enc.js:167
      throw ex;
      ^

RuntimeError: Aborted(Cannot enlarge memory arrays to size 19111936 bytes (OOM). Either (1) compile with -sINITIAL_MEMORY=X with X higher than the current value 16777216, (2) compile with -sALLOW_MEMORY_GROWTH which allows increasing the size at runtime, or (3) if you want malloc to return NULL (0) instead of this abort, compile with -sABORTING_MALLOC=0)
    at abort (/home/test/workspace/openh264/test/encoder_binary_comparison/AllTestData/Adobe_PDF_sample_a_1024x768_50Frms.264/h264enc.js:1031:11)
    at abortOnCannotGrowMemory (/home/test/workspace/openh264/test/encoder_binary_comparison/AllTestData/Adobe_PDF_sample_a_1024x768_50Frms.264/h264enc.js:4914:7)
    at _emscripten_resize_heap (/home/test/workspace/openh264/test/encoder_binary_comparison/AllTestData/Adobe_PDF_sample_a_1024x768_50Frms.264/h264enc.js:4919:7)
    at wasm://wasm/00265406:wasm-function[1133]:0x705f0
    at wasm://wasm/00265406:wasm-function[1121]:0x6e28d
    at wasm://wasm/00265406:wasm-function[775]:0x60eb2
    at wasm://wasm/00265406:wasm-function[357]:0x2e8f3
    at wasm://wasm/00265406:wasm-function[363]:0x2f261
    at wasm://wasm/00265406:wasm-function[555]:0x407f3
    at wasm://wasm/00265406:wasm-function[554]:0x405bd   [0m
[31m    Failed! Adobe_PDF_sample_a_1024x768_50Frms.264_x.yuv Case Index 192:SHA-1(Current--Benchmark): NULL-----e6aac8a8c6e13fbe48f247f5137f3cf102cab57b  [0m
[31m            ----YUVSHA1:  NULL,  9aa9a4d9598eb3e1093311826844f37c43e4c521  [0m
[31m           Aborted(Cannot enlarge memory arrays to size 19111936 bytes (OOM). Either (1) compile with -sINITIAL_MEMORY=X with X higher than the current value 16777216, (2) compile with -sALLOW_MEMORY_GROWTH which allows increasing the size at runtime, or (3) if you want malloc to return NULL (0) instead of this abort, compile with -sABORTING_MALLOC=0)
/home/test/workspace/openh264/test/encoder_binary_comparison/AllTestData/Adobe_PDF_sample_a_1024x768_50Frms.264/h264enc.js:167
      throw ex;
      ^

RuntimeError: Aborted(Cannot enlarge memory arrays to size 19111936 bytes (OOM). Either (1) compile with -sINITIAL_MEMORY=X with X higher than the current value 16777216, (2) compile with -sALLOW_MEMORY_GROWTH which allows increasing the size at runtime, or (3) if you want malloc to return NULL (0) instead of this abort, compile with -sABORTING_MALLOC=0)
    at abort (/home/test/workspace/openh264/test/encoder_binary_comparison/AllTestData/Adobe_PDF_sample_a_1024x768_50Frms.264/h264enc.js:1031:11)
    at abortOnCannotGrowMemory (/home/test/workspace/openh264/test/encoder_binary_comparison/AllTestData/Adobe_PDF_sample_a_1024x768_50Frms.264/h264enc.js:4914:7)
    at _emscripten_resize_heap (/home/test/workspace/openh264/test/encoder_binary_comparison/AllTestData/Adobe_PDF_sample_a_1024x768_50Frms.264/h264enc.js:4919:7)
    at wasm://wasm/00265406:wasm-function[1133]:0x705f0
    at wasm://wasm/00265406:wasm-function[1121]:0x6e28d
    at wasm://wasm/00265406:wasm-function[775]:0x60eb2
    at wasm://wasm/00265406:wasm-function[357]:0x2e8f3
    at wasm://wasm/00265406:wasm-function[363]:0x2f261
    at wasm://wasm/00265406:wasm-function[555]:0x407f3
    at wasm://wasm/00265406:wasm-function[554]:0x405bd   [0m
[31m    Failed! Adobe_PDF_sample_a_1024x768_50Frms.264_x.yuv Case Index 193:SHA-1(Current--Benchmark): NULL-----e6aac8a8c6e13fbe48f247f5137f3cf102cab57b  [0m
[31m            ----YUVSHA1:  NULL,  9aa9a4d9598eb3e1093311826844f37c43e4c521  [0m
[31m           Aborted(Cannot enlarge memory arrays to size 19111936 bytes (OOM). Either (1) compile with -sINITIAL_MEMORY=X with X higher than the current value 16777216, (2) compile with -sALLOW_MEMORY_GROWTH which allows increasing the size at runtime, or (3) if you want malloc to return NULL (0) instead of this abort, compile with -sABORTING_MALLOC=0)
/home/test/workspace/openh264/test/encoder_binary_comparison/AllTestData/Adobe_PDF_sample_a_1024x768_50Frms.264/h264enc.js:167
      throw ex;
      ^

RuntimeError: Aborted(Cannot enlarge memory arrays to size 19111936 bytes (OOM). Either (1) compile with -sINITIAL_MEMORY=X with X higher than the current value 16777216, (2) compile with -sALLOW_MEMORY_GROWTH which allows increasing the size at runtime, or (3) if you want malloc to return NULL (0) instead of this abort, compile with -sABORTING_MALLOC=0)
    at abort (/home/test/workspace/openh264/test/encoder_binary_comparison/AllTestData/Adobe_PDF_sample_a_1024x768_50Frms.264/h264enc.js:1031:11)
    at abortOnCannotGrowMemory (/home/test/workspace/openh264/test/encoder_binary_comparison/AllTestData/Adobe_PDF_sample_a_1024x768_50Frms.264/h264enc.js:4914:7)
    at _emscripten_resize_heap (/home/test/workspace/openh264/test/encoder_binary_comparison/AllTestData/Adobe_PDF_sample_a_1024x768_50Frms.264/h264enc.js:4919:7)
    at wasm://wasm/00265406:wasm-function[1133]:0x705f0
    at wasm://wasm/00265406:wasm-function[1121]:0x6e28d
    at wasm://wasm/00265406:wasm-function[775]:0x60eb2
    at wasm://wasm/00265406:wasm-function[357]:0x2e8f3
    at wasm://wasm/00265406:wasm-function[363]:0x2f261
    at wasm://wasm/00265406:wasm-function[555]:0x407f3
    at wasm://wasm/00265406:wasm-function[554]:0x405bd   [0m
[31m    Failed! Adobe_PDF_sample_a_1024x768_50Frms.264_x.yuv Case Index 194:SHA-1(Current--Benchmark): NULL-----e6aac8a8c6e13fbe48f247f5137f3cf102cab57b  [0m
[31m            ----YUVSHA1:  NULL,  9aa9a4d9598eb3e1093311826844f37c43e4c521  [0m
[31m           Aborted(Cannot enlarge memory arrays to size 19111936 bytes (OOM). Either (1) compile with -sINITIAL_MEMORY=X with X higher than the current value 16777216, (2) compile with -sALLOW_MEMORY_GROWTH which allows increasing the size at runtime, or (3) if you want malloc to return NULL (0) instead of this abort, compile with -sABORTING_MALLOC=0)
/home/test/workspace/openh264/test/encoder_binary_comparison/AllTestData/Adobe_PDF_sample_a_1024x768_50Frms.264/h264enc.js:167
      throw ex;
      ^

RuntimeError: Aborted(Cannot enlarge memory arrays to size 19111936 bytes (OOM). Either (1) compile with -sINITIAL_MEMORY=X with X higher than the current value 16777216, (2) compile with -sALLOW_MEMORY_GROWTH which allows increasing the size at runtime, or (3) if you want malloc to return NULL (0) instead of this abort, compile with -sABORTING_MALLOC=0)
    at abort (/home/test/workspace/openh264/test/encoder_binary_comparison/AllTestData/Adobe_PDF_sample_a_1024x768_50Frms.264/h264enc.js:1031:11)
    at abortOnCannotGrowMemory (/home/test/workspace/openh264/test/encoder_binary_comparison/AllTestData/Adobe_PDF_sample_a_1024x768_50Frms.264/h264enc.js:4914:7)
    at _emscripten_resize_heap (/home/test/workspace/openh264/test/encoder_binary_comparison/AllTestData/Adobe_PDF_sample_a_1024x768_50Frms.264/h264enc.js:4919:7)
    at wasm://wasm/00265406:wasm-function[1133]:0x705f0
    at wasm://wasm/00265406:wasm-function[1121]:0x6e28d
    at wasm://wasm/00265406:wasm-function[775]:0x60eb2
    at wasm://wasm/00265406:wasm-function[357]:0x2e8f3
    at wasm://wasm/00265406:wasm-function[363]:0x2f261
    at wasm://wasm/00265406:wasm-function[555]:0x407f3
    at wasm://wasm/00265406:wasm-function[554]:0x405bd   [0m
[31m    Failed! Adobe_PDF_sample_a_1024x768_50Frms.264_x.yuv Case Index 195:SHA-1(Current--Benchmark): NULL-----e6aac8a8c6e13fbe48f247f5137f3cf102cab57b  [0m
[31m            ----YUVSHA1:  NULL,  9aa9a4d9598eb3e1093311826844f37c43e4c521  [0m
[31m           Aborted(Cannot enlarge memory arrays to size 19111936 bytes (OOM). Either (1) compile with -sINITIAL_MEMORY=X with X higher than the current value 16777216, (2) compile with -sALLOW_MEMORY_GROWTH which allows increasing the size at runtime, or (3) if you want malloc to return NULL (0) instead of this abort, compile with -sABORTING_MALLOC=0)
/home/test/workspace/openh264/test/encoder_binary_comparison/AllTestData/Adobe_PDF_sample_a_1024x768_50Frms.264/h264enc.js:167
      throw ex;
      ^

RuntimeError: Aborted(Cannot enlarge memory arrays to size 19111936 bytes (OOM). Either (1) compile with -sINITIAL_MEMORY=X with X higher than the current value 16777216, (2) compile with -sALLOW_MEMORY_GROWTH which allows increasing the size at runtime, or (3) if you want malloc to return NULL (0) instead of this abort, compile with -sABORTING_MALLOC=0)
    at abort (/home/test/workspace/openh264/test/encoder_binary_comparison/AllTestData/Adobe_PDF_sample_a_1024x768_50Frms.264/h264enc.js:1031:11)
    at abortOnCannotGrowMemory (/home/test/workspace/openh264/test/encoder_binary_comparison/AllTestData/Adobe_PDF_sample_a_1024x768_50Frms.264/h264enc.js:4914:7)
    at _emscripten_resize_heap (/home/test/workspace/openh264/test/encoder_binary_comparison/AllTestData/Adobe_PDF_sample_a_1024x768_50Frms.264/h264enc.js:4919:7)
    at wasm://wasm/00265406:wasm-function[1133]:0x705f0
    at wasm://wasm/00265406:wasm-function[1121]:0x6e28d
    at wasm://wasm/00265406:wasm-function[775]:0x60eb2
    at wasm://wasm/00265406:wasm-function[357]:0x2e8f3
    at wasm://wasm/00265406:wasm-function[363]:0x2f261
    at wasm://wasm/00265406:wasm-function[555]:0x407f3
    at wasm://wasm/00265406:wasm-function[554]:0x405bd   [0m
[31m    Failed! Adobe_PDF_sample_a_1024x768_50Frms.264_x.yuv Case Index 196:SHA-1(Current--Benchmark): NULL-----e6aac8a8c6e13fbe48f247f5137f3cf102cab57b  [0m
[31m            ----YUVSHA1:  NULL,  9aa9a4d9598eb3e1093311826844f37c43e4c521  [0m
[31m           Aborted(Cannot enlarge memory arrays to size 19111936 bytes (OOM). Either (1) compile with -sINITIAL_MEMORY=X with X higher than the current value 16777216, (2) compile with -sALLOW_MEMORY_GROWTH which allows increasing the size at runtime, or (3) if you want malloc to return NULL (0) instead of this abort, compile with -sABORTING_MALLOC=0)
/home/test/workspace/openh264/test/encoder_binary_comparison/AllTestData/Adobe_PDF_sample_a_1024x768_50Frms.264/h264enc.js:167
      throw ex;
      ^

RuntimeError: Aborted(Cannot enlarge memory arrays to size 19111936 bytes (OOM). Either (1) compile with -sINITIAL_MEMORY=X with X higher than the current value 16777216, (2) compile with -sALLOW_MEMORY_GROWTH which allows increasing the size at runtime, or (3) if you want malloc to return NULL (0) instead of this abort, compile with -sABORTING_MALLOC=0)
    at abort (/home/test/workspace/openh264/test/encoder_binary_comparison/AllTestData/Adobe_PDF_sample_a_1024x768_50Frms.264/h264enc.js:1031:11)
    at abortOnCannotGrowMemory (/home/test/workspace/openh264/test/encoder_binary_comparison/AllTestData/Adobe_PDF_sample_a_1024x768_50Frms.264/h264enc.js:4914:7)
    at _emscripten_resize_heap (/home/test/workspace/openh264/test/encoder_binary_comparison/AllTestData/Adobe_PDF_sample_a_1024x768_50Frms.264/h264enc.js:4919:7)
    at wasm://wasm/00265406:wasm-function[1133]:0x705f0
    at wasm://wasm/00265406:wasm-function[1121]:0x6e28d
    at wasm://wasm/00265406:wasm-function[775]:0x60eb2
    at wasm://wasm/00265406:wasm-function[357]:0x2e8f3
    at wasm://wasm/00265406:wasm-function[363]:0x2f261
    at wasm://wasm/00265406:wasm-function[555]:0x407f3
    at wasm://wasm/00265406:wasm-function[554]:0x405bd   [0m
[31m    Failed! Adobe_PDF_sample_a_1024x768_50Frms.264_x.yuv Case Index 197:SHA-1(Current--Benchmark): NULL-----e6aac8a8c6e13fbe48f247f5137f3cf102cab57b  [0m
[31m            ----YUVSHA1:  NULL,  9aa9a4d9598eb3e1093311826844f37c43e4c521  [0m
[31m           Aborted(Cannot enlarge memory arrays to size 19111936 bytes (OOM). Either (1) compile with -sINITIAL_MEMORY=X with X higher than the current value 16777216, (2) compile with -sALLOW_MEMORY_GROWTH which allows increasing the size at runtime, or (3) if you want malloc to return NULL (0) instead of this abort, compile with -sABORTING_MALLOC=0)
/home/test/workspace/openh264/test/encoder_binary_comparison/AllTestData/Adobe_PDF_sample_a_1024x768_50Frms.264/h264enc.js:167
      throw ex;
      ^

RuntimeError: Aborted(Cannot enlarge memory arrays to size 19111936 bytes (OOM). Either (1) compile with -sINITIAL_MEMORY=X with X higher than the current value 16777216, (2) compile with -sALLOW_MEMORY_GROWTH which allows increasing the size at runtime, or (3) if you want malloc to return NULL (0) instead of this abort, compile with -sABORTING_MALLOC=0)
    at abort (/home/test/workspace/openh264/test/encoder_binary_comparison/AllTestData/Adobe_PDF_sample_a_1024x768_50Frms.264/h264enc.js:1031:11)
    at abortOnCannotGrowMemory (/home/test/workspace/openh264/test/encoder_binary_comparison/AllTestData/Adobe_PDF_sample_a_1024x768_50Frms.264/h264enc.js:4914:7)
    at _emscripten_resize_heap (/home/test/workspace/openh264/test/encoder_binary_comparison/AllTestData/Adobe_PDF_sample_a_1024x768_50Frms.264/h264enc.js:4919:7)
    at wasm://wasm/00265406:wasm-function[1133]:0x705f0
    at wasm://wasm/00265406:wasm-function[1121]:0x6e28d
    at wasm://wasm/00265406:wasm-function[775]:0x60eb2
    at wasm://wasm/00265406:wasm-function[357]:0x2e8f3
    at wasm://wasm/00265406:wasm-function[363]:0x2f261
    at wasm://wasm/00265406:wasm-function[555]:0x407f3
    at wasm://wasm/00265406:wasm-function[554]:0x405bd   [0m
[31m    Failed! Adobe_PDF_sample_a_1024x768_50Frms.264_x.yuv Case Index 198:SHA-1(Current--Benchmark): NULL-----e6aac8a8c6e13fbe48f247f5137f3cf102cab57b  [0m
[31m            ----YUVSHA1:  NULL,  9aa9a4d9598eb3e1093311826844f37c43e4c521  [0m
[31m           Aborted(Cannot enlarge memory arrays to size 19111936 bytes (OOM). Either (1) compile with -sINITIAL_MEMORY=X with X higher than the current value 16777216, (2) compile with -sALLOW_MEMORY_GROWTH which allows increasing the size at runtime, or (3) if you want malloc to return NULL (0) instead of this abort, compile with -sABORTING_MALLOC=0)
/home/test/workspace/openh264/test/encoder_binary_comparison/AllTestData/Adobe_PDF_sample_a_1024x768_50Frms.264/h264enc.js:167
      throw ex;
      ^

RuntimeError: Aborted(Cannot enlarge memory arrays to size 19111936 bytes (OOM). Either (1) compile with -sINITIAL_MEMORY=X with X higher than the current value 16777216, (2) compile with -sALLOW_MEMORY_GROWTH which allows increasing the size at runtime, or (3) if you want malloc to return NULL (0) instead of this abort, compile with -sABORTING_MALLOC=0)
    at abort (/home/test/workspace/openh264/test/encoder_binary_comparison/AllTestData/Adobe_PDF_sample_a_1024x768_50Frms.264/h264enc.js:1031:11)
    at abortOnCannotGrowMemory (/home/test/workspace/openh264/test/encoder_binary_comparison/AllTestData/Adobe_PDF_sample_a_1024x768_50Frms.264/h264enc.js:4914:7)
    at _emscripten_resize_heap (/home/test/workspace/openh264/test/encoder_binary_comparison/AllTestData/Adobe_PDF_sample_a_1024x768_50Frms.264/h264enc.js:4919:7)
    at wasm://wasm/00265406:wasm-function[1133]:0x705f0
    at wasm://wasm/00265406:wasm-function[1121]:0x6e28d
    at wasm://wasm/00265406:wasm-function[775]:0x60eb2
    at wasm://wasm/00265406:wasm-function[357]:0x2e8f3
    at wasm://wasm/00265406:wasm-function[363]:0x2f261
    at wasm://wasm/00265406:wasm-function[555]:0x407f3
    at wasm://wasm/00265406:wasm-function[554]:0x405bd   [0m
[31m    Failed! Adobe_PDF_sample_a_1024x768_50Frms.264_x.yuv Case Index 199:SHA-1(Current--Benchmark): NULL-----e6aac8a8c6e13fbe48f247f5137f3cf102cab57b  [0m
[31m            ----YUVSHA1:  NULL,  9aa9a4d9598eb3e1093311826844f37c43e4c521  [0m
[31m           Aborted(Cannot enlarge memory arrays to size 19111936 bytes (OOM). Either (1) compile with -sINITIAL_MEMORY=X with X higher than the current value 16777216, (2) compile with -sALLOW_MEMORY_GROWTH which allows increasing the size at runtime, or (3) if you want malloc to return NULL (0) instead of this abort, compile with -sABORTING_MALLOC=0)
/home/test/workspace/openh264/test/encoder_binary_comparison/AllTestData/Adobe_PDF_sample_a_1024x768_50Frms.264/h264enc.js:167
      throw ex;
      ^

RuntimeError: Aborted(Cannot enlarge memory arrays to size 19111936 bytes (OOM). Either (1) compile with -sINITIAL_MEMORY=X with X higher than the current value 16777216, (2) compile with -sALLOW_MEMORY_GROWTH which allows increasing the size at runtime, or (3) if you want malloc to return NULL (0) instead of this abort, compile with -sABORTING_MALLOC=0)
    at abort (/home/test/workspace/openh264/test/encoder_binary_comparison/AllTestData/Adobe_PDF_sample_a_1024x768_50Frms.264/h264enc.js:1031:11)
    at abortOnCannotGrowMemory (/home/test/workspace/openh264/test/encoder_binary_comparison/AllTestData/Adobe_PDF_sample_a_1024x768_50Frms.264/h264enc.js:4914:7)
    at _emscripten_resize_heap (/home/test/workspace/openh264/test/encoder_binary_comparison/AllTestData/Adobe_PDF_sample_a_1024x768_50Frms.264/h264enc.js:4919:7)
    at wasm://wasm/00265406:wasm-function[1133]:0x705f0
    at wasm://wasm/00265406:wasm-function[1121]:0x6e28d
    at wasm://wasm/00265406:wasm-function[775]:0x60eb2
    at wasm://wasm/00265406:wasm-function[357]:0x2e8f3
    at wasm://wasm/00265406:wasm-function[363]:0x2f261
    at wasm://wasm/00265406:wasm-function[555]:0x407f3
    at wasm://wasm/00265406:wasm-function[554]:0x405bd   [0m
[31m    Failed! Adobe_PDF_sample_a_1024x768_50Frms.264_x.yuv Case Index 200:SHA-1(Current--Benchmark): NULL-----e6aac8a8c6e13fbe48f247f5137f3cf102cab57b  [0m
[31m            ----YUVSHA1:  NULL,  9aa9a4d9598eb3e1093311826844f37c43e4c521  [0m
[31m           Aborted(Cannot enlarge memory arrays to size 19111936 bytes (OOM). Either (1) compile with -sINITIAL_MEMORY=X with X higher than the current value 16777216, (2) compile with -sALLOW_MEMORY_GROWTH which allows increasing the size at runtime, or (3) if you want malloc to return NULL (0) instead of this abort, compile with -sABORTING_MALLOC=0)
/home/test/workspace/openh264/test/encoder_binary_comparison/AllTestData/Adobe_PDF_sample_a_1024x768_50Frms.264/h264enc.js:167
      throw ex;
      ^

RuntimeError: Aborted(Cannot enlarge memory arrays to size 19111936 bytes (OOM). Either (1) compile with -sINITIAL_MEMORY=X with X higher than the current value 16777216, (2) compile with -sALLOW_MEMORY_GROWTH which allows increasing the size at runtime, or (3) if you want malloc to return NULL (0) instead of this abort, compile with -sABORTING_MALLOC=0)
    at abort (/home/test/workspace/openh264/test/encoder_binary_comparison/AllTestData/Adobe_PDF_sample_a_1024x768_50Frms.264/h264enc.js:1031:11)
    at abortOnCannotGrowMemory (/home/test/workspace/openh264/test/encoder_binary_comparison/AllTestData/Adobe_PDF_sample_a_1024x768_50Frms.264/h264enc.js:4914:7)
    at _emscripten_resize_heap (/home/test/workspace/openh264/test/encoder_binary_comparison/AllTestData/Adobe_PDF_sample_a_1024x768_50Frms.264/h264enc.js:4919:7)
    at wasm://wasm/00265406:wasm-function[1133]:0x705f0
    at wasm://wasm/00265406:wasm-function[1121]:0x6e28d
    at wasm://wasm/00265406:wasm-function[775]:0x60eb2
    at wasm://wasm/00265406:wasm-function[357]:0x2e8f3
    at wasm://wasm/00265406:wasm-function[363]:0x2f261
    at wasm://wasm/00265406:wasm-function[555]:0x407f3
    at wasm://wasm/00265406:wasm-function[554]:0x405bd   [0m
[31m    Failed! Adobe_PDF_sample_a_1024x768_50Frms.264_x.yuv Case Index 201:SHA-1(Current--Benchmark): NULL-----e6aac8a8c6e13fbe48f247f5137f3cf102cab57b  [0m
[31m            ----YUVSHA1:  NULL,  9aa9a4d9598eb3e1093311826844f37c43e4c521  [0m
[31m           Aborted(Cannot enlarge memory arrays to size 19111936 bytes (OOM). Either (1) compile with -sINITIAL_MEMORY=X with X higher than the current value 16777216, (2) compile with -sALLOW_MEMORY_GROWTH which allows increasing the size at runtime, or (3) if you want malloc to return NULL (0) instead of this abort, compile with -sABORTING_MALLOC=0)
/home/test/workspace/openh264/test/encoder_binary_comparison/AllTestData/Adobe_PDF_sample_a_1024x768_50Frms.264/h264enc.js:167
      throw ex;
      ^

RuntimeError: Aborted(Cannot enlarge memory arrays to size 19111936 bytes (OOM). Either (1) compile with -sINITIAL_MEMORY=X with X higher than the current value 16777216, (2) compile with -sALLOW_MEMORY_GROWTH which allows increasing the size at runtime, or (3) if you want malloc to return NULL (0) instead of this abort, compile with -sABORTING_MALLOC=0)
    at abort (/home/test/workspace/openh264/test/encoder_binary_comparison/AllTestData/Adobe_PDF_sample_a_1024x768_50Frms.264/h264enc.js:1031:11)
    at abortOnCannotGrowMemory (/home/test/workspace/openh264/test/encoder_binary_comparison/AllTestData/Adobe_PDF_sample_a_1024x768_50Frms.264/h264enc.js:4914:7)
    at _emscripten_resize_heap (/home/test/workspace/openh264/test/encoder_binary_comparison/AllTestData/Adobe_PDF_sample_a_1024x768_50Frms.264/h264enc.js:4919:7)
    at wasm://wasm/00265406:wasm-function[1133]:0x705f0
    at wasm://wasm/00265406:wasm-function[1121]:0x6e28d
    at wasm://wasm/00265406:wasm-function[775]:0x60eb2
    at wasm://wasm/00265406:wasm-function[357]:0x2e8f3
    at wasm://wasm/00265406:wasm-function[363]:0x2f261
    at wasm://wasm/00265406:wasm-function[555]:0x407f3
    at wasm://wasm/00265406:wasm-function[554]:0x405bd   [0m
[31m    Failed! Adobe_PDF_sample_a_1024x768_50Frms.264_x.yuv Case Index 202:SHA-1(Current--Benchmark): NULL-----e6aac8a8c6e13fbe48f247f5137f3cf102cab57b  [0m
[31m            ----YUVSHA1:  NULL,  9aa9a4d9598eb3e1093311826844f37c43e4c521  [0m
[31m           Aborted(Cannot enlarge memory arrays to size 19111936 bytes (OOM). Either (1) compile with -sINITIAL_MEMORY=X with X higher than the current value 16777216, (2) compile with -sALLOW_MEMORY_GROWTH which allows increasing the size at runtime, or (3) if you want malloc to return NULL (0) instead of this abort, compile with -sABORTING_MALLOC=0)
/home/test/workspace/openh264/test/encoder_binary_comparison/AllTestData/Adobe_PDF_sample_a_1024x768_50Frms.264/h264enc.js:167
      throw ex;
      ^

RuntimeError: Aborted(Cannot enlarge memory arrays to size 19111936 bytes (OOM). Either (1) compile with -sINITIAL_MEMORY=X with X higher than the current value 16777216, (2) compile with -sALLOW_MEMORY_GROWTH which allows increasing the size at runtime, or (3) if you want malloc to return NULL (0) instead of this abort, compile with -sABORTING_MALLOC=0)
    at abort (/home/test/workspace/openh264/test/encoder_binary_comparison/AllTestData/Adobe_PDF_sample_a_1024x768_50Frms.264/h264enc.js:1031:11)
    at abortOnCannotGrowMemory (/home/test/workspace/openh264/test/encoder_binary_comparison/AllTestData/Adobe_PDF_sample_a_1024x768_50Frms.264/h264enc.js:4914:7)
    at _emscripten_resize_heap (/home/test/workspace/openh264/test/encoder_binary_comparison/AllTestData/Adobe_PDF_sample_a_1024x768_50Frms.264/h264enc.js:4919:7)
    at wasm://wasm/00265406:wasm-function[1133]:0x705f0
    at wasm://wasm/00265406:wasm-function[1121]:0x6e28d
    at wasm://wasm/00265406:wasm-function[775]:0x60eb2
    at wasm://wasm/00265406:wasm-function[357]:0x2e8f3
    at wasm://wasm/00265406:wasm-function[363]:0x2f261
    at wasm://wasm/00265406:wasm-function[555]:0x407f3
    at wasm://wasm/00265406:wasm-function[554]:0x405bd   [0m
[31m    Failed! Adobe_PDF_sample_a_1024x768_50Frms.264_x.yuv Case Index 203:SHA-1(Current--Benchmark): NULL-----e6aac8a8c6e13fbe48f247f5137f3cf102cab57b  [0m
[31m            ----YUVSHA1:  NULL,  9aa9a4d9598eb3e1093311826844f37c43e4c521  [0m
[31m           Aborted(Cannot enlarge memory arrays to size 19111936 bytes (OOM). Either (1) compile with -sINITIAL_MEMORY=X with X higher than the current value 16777216, (2) compile with -sALLOW_MEMORY_GROWTH which allows increasing the size at runtime, or (3) if you want malloc to return NULL (0) instead of this abort, compile with -sABORTING_MALLOC=0)
/home/test/workspace/openh264/test/encoder_binary_comparison/AllTestData/Adobe_PDF_sample_a_1024x768_50Frms.264/h264enc.js:167
      throw ex;
      ^

RuntimeError: Aborted(Cannot enlarge memory arrays to size 19111936 bytes (OOM). Either (1) compile with -sINITIAL_MEMORY=X with X higher than the current value 16777216, (2) compile with -sALLOW_MEMORY_GROWTH which allows increasing the size at runtime, or (3) if you want malloc to return NULL (0) instead of this abort, compile with -sABORTING_MALLOC=0)
    at abort (/home/test/workspace/openh264/test/encoder_binary_comparison/AllTestData/Adobe_PDF_sample_a_1024x768_50Frms.264/h264enc.js:1031:11)
    at abortOnCannotGrowMemory (/home/test/workspace/openh264/test/encoder_binary_comparison/AllTestData/Adobe_PDF_sample_a_1024x768_50Frms.264/h264enc.js:4914:7)
    at _emscripten_resize_heap (/home/test/workspace/openh264/test/encoder_binary_comparison/AllTestData/Adobe_PDF_sample_a_1024x768_50Frms.264/h264enc.js:4919:7)
    at wasm://wasm/00265406:wasm-function[1133]:0x705f0
    at wasm://wasm/00265406:wasm-function[1121]:0x6e28d
    at wasm://wasm/00265406:wasm-function[775]:0x60eb2
    at wasm://wasm/00265406:wasm-function[357]:0x2e8f3
    at wasm://wasm/00265406:wasm-function[363]:0x2f261
    at wasm://wasm/00265406:wasm-function[555]:0x407f3
    at wasm://wasm/00265406:wasm-function[554]:0x405bd   [0m
[31m    Failed! Adobe_PDF_sample_a_1024x768_50Frms.264_x.yuv Case Index 204:SHA-1(Current--Benchmark): NULL-----e6aac8a8c6e13fbe48f247f5137f3cf102cab57b  [0m
[31m            ----YUVSHA1:  NULL,  9aa9a4d9598eb3e1093311826844f37c43e4c521  [0m
[31m           Aborted(Cannot enlarge memory arrays to size 19111936 bytes (OOM). Either (1) compile with -sINITIAL_MEMORY=X with X higher than the current value 16777216, (2) compile with -sALLOW_MEMORY_GROWTH which allows increasing the size at runtime, or (3) if you want malloc to return NULL (0) instead of this abort, compile with -sABORTING_MALLOC=0)
/home/test/workspace/openh264/test/encoder_binary_comparison/AllTestData/Adobe_PDF_sample_a_1024x768_50Frms.264/h264enc.js:167
      throw ex;
      ^

RuntimeError: Aborted(Cannot enlarge memory arrays to size 19111936 bytes (OOM). Either (1) compile with -sINITIAL_MEMORY=X with X higher than the current value 16777216, (2) compile with -sALLOW_MEMORY_GROWTH which allows increasing the size at runtime, or (3) if you want malloc to return NULL (0) instead of this abort, compile with -sABORTING_MALLOC=0)
    at abort (/home/test/workspace/openh264/test/encoder_binary_comparison/AllTestData/Adobe_PDF_sample_a_1024x768_50Frms.264/h264enc.js:1031:11)
    at abortOnCannotGrowMemory (/home/test/workspace/openh264/test/encoder_binary_comparison/AllTestData/Adobe_PDF_sample_a_1024x768_50Frms.264/h264enc.js:4914:7)
    at _emscripten_resize_heap (/home/test/workspace/openh264/test/encoder_binary_comparison/AllTestData/Adobe_PDF_sample_a_1024x768_50Frms.264/h264enc.js:4919:7)
    at wasm://wasm/00265406:wasm-function[1133]:0x705f0
    at wasm://wasm/00265406:wasm-function[1121]:0x6e28d
    at wasm://wasm/00265406:wasm-function[775]:0x60eb2
    at wasm://wasm/00265406:wasm-function[357]:0x2e8f3
    at wasm://wasm/00265406:wasm-function[363]:0x2f261
    at wasm://wasm/00265406:wasm-function[555]:0x407f3
    at wasm://wasm/00265406:wasm-function[554]:0x405bd   [0m
[31m    Failed! Adobe_PDF_sample_a_1024x768_50Frms.264_x.yuv Case Index 205:SHA-1(Current--Benchmark): NULL-----e6aac8a8c6e13fbe48f247f5137f3cf102cab57b  [0m
[31m            ----YUVSHA1:  NULL,  9aa9a4d9598eb3e1093311826844f37c43e4c521  [0m
[31m           Aborted(Cannot enlarge memory arrays to size 19111936 bytes (OOM). Either (1) compile with -sINITIAL_MEMORY=X with X higher than the current value 16777216, (2) compile with -sALLOW_MEMORY_GROWTH which allows increasing the size at runtime, or (3) if you want malloc to return NULL (0) instead of this abort, compile with -sABORTING_MALLOC=0)
/home/test/workspace/openh264/test/encoder_binary_comparison/AllTestData/Adobe_PDF_sample_a_1024x768_50Frms.264/h264enc.js:167
      throw ex;
      ^

RuntimeError: Aborted(Cannot enlarge memory arrays to size 19111936 bytes (OOM). Either (1) compile with -sINITIAL_MEMORY=X with X higher than the current value 16777216, (2) compile with -sALLOW_MEMORY_GROWTH which allows increasing the size at runtime, or (3) if you want malloc to return NULL (0) instead of this abort, compile with -sABORTING_MALLOC=0)
    at abort (/home/test/workspace/openh264/test/encoder_binary_comparison/AllTestData/Adobe_PDF_sample_a_1024x768_50Frms.264/h264enc.js:1031:11)
    at abortOnCannotGrowMemory (/home/test/workspace/openh264/test/encoder_binary_comparison/AllTestData/Adobe_PDF_sample_a_1024x768_50Frms.264/h264enc.js:4914:7)
    at _emscripten_resize_heap (/home/test/workspace/openh264/test/encoder_binary_comparison/AllTestData/Adobe_PDF_sample_a_1024x768_50Frms.264/h264enc.js:4919:7)
    at wasm://wasm/00265406:wasm-function[1133]:0x705f0
    at wasm://wasm/00265406:wasm-function[1121]:0x6e28d
    at wasm://wasm/00265406:wasm-function[775]:0x60eb2
    at wasm://wasm/00265406:wasm-function[357]:0x2e8f3
    at wasm://wasm/00265406:wasm-function[363]:0x2f261
    at wasm://wasm/00265406:wasm-function[555]:0x407f3
    at wasm://wasm/00265406:wasm-function[554]:0x405bd   [0m
[31m    Failed! Adobe_PDF_sample_a_1024x768_50Frms.264_x.yuv Case Index 206:SHA-1(Current--Benchmark): NULL-----e6aac8a8c6e13fbe48f247f5137f3cf102cab57b  [0m
[31m            ----YUVSHA1:  NULL,  9aa9a4d9598eb3e1093311826844f37c43e4c521  [0m
[31m           Aborted(Cannot enlarge memory arrays to size 19111936 bytes (OOM). Either (1) compile with -sINITIAL_MEMORY=X with X higher than the current value 16777216, (2) compile with -sALLOW_MEMORY_GROWTH which allows increasing the size at runtime, or (3) if you want malloc to return NULL (0) instead of this abort, compile with -sABORTING_MALLOC=0)
/home/test/workspace/openh264/test/encoder_binary_comparison/AllTestData/Adobe_PDF_sample_a_1024x768_50Frms.264/h264enc.js:167
      throw ex;
      ^

RuntimeError: Aborted(Cannot enlarge memory arrays to size 19111936 bytes (OOM). Either (1) compile with -sINITIAL_MEMORY=X with X higher than the current value 16777216, (2) compile with -sALLOW_MEMORY_GROWTH which allows increasing the size at runtime, or (3) if you want malloc to return NULL (0) instead of this abort, compile with -sABORTING_MALLOC=0)
    at abort (/home/test/workspace/openh264/test/encoder_binary_comparison/AllTestData/Adobe_PDF_sample_a_1024x768_50Frms.264/h264enc.js:1031:11)
    at abortOnCannotGrowMemory (/home/test/workspace/openh264/test/encoder_binary_comparison/AllTestData/Adobe_PDF_sample_a_1024x768_50Frms.264/h264enc.js:4914:7)
    at _emscripten_resize_heap (/home/test/workspace/openh264/test/encoder_binary_comparison/AllTestData/Adobe_PDF_sample_a_1024x768_50Frms.264/h264enc.js:4919:7)
    at wasm://wasm/00265406:wasm-function[1133]:0x705f0
    at wasm://wasm/00265406:wasm-function[1121]:0x6e28d
    at wasm://wasm/00265406:wasm-function[775]:0x60eb2
    at wasm://wasm/00265406:wasm-function[357]:0x2e8f3
    at wasm://wasm/00265406:wasm-function[363]:0x2f261
    at wasm://wasm/00265406:wasm-function[555]:0x407f3
    at wasm://wasm/00265406:wasm-function[554]:0x405bd   [0m
[31m    Failed! Adobe_PDF_sample_a_1024x768_50Frms.264_x.yuv Case Index 207:SHA-1(Current--Benchmark): NULL-----e6aac8a8c6e13fbe48f247f5137f3cf102cab57b  [0m
[31m            ----YUVSHA1:  NULL,  9aa9a4d9598eb3e1093311826844f37c43e4c521  [0m
[31m           Aborted(Cannot enlarge memory arrays to size 19111936 bytes (OOM). Either (1) compile with -sINITIAL_MEMORY=X with X higher than the current value 16777216, (2) compile with -sALLOW_MEMORY_GROWTH which allows increasing the size at runtime, or (3) if you want malloc to return NULL (0) instead of this abort, compile with -sABORTING_MALLOC=0)
/home/test/workspace/openh264/test/encoder_binary_comparison/AllTestData/Adobe_PDF_sample_a_1024x768_50Frms.264/h264enc.js:167
      throw ex;
      ^

RuntimeError: Aborted(Cannot enlarge memory arrays to size 19111936 bytes (OOM). Either (1) compile with -sINITIAL_MEMORY=X with X higher than the current value 16777216, (2) compile with -sALLOW_MEMORY_GROWTH which allows increasing the size at runtime, or (3) if you want malloc to return NULL (0) instead of this abort, compile with -sABORTING_MALLOC=0)
    at abort (/home/test/workspace/openh264/test/encoder_binary_comparison/AllTestData/Adobe_PDF_sample_a_1024x768_50Frms.264/h264enc.js:1031:11)
    at abortOnCannotGrowMemory (/home/test/workspace/openh264/test/encoder_binary_comparison/AllTestData/Adobe_PDF_sample_a_1024x768_50Frms.264/h264enc.js:4914:7)
    at _emscripten_resize_heap (/home/test/workspace/openh264/test/encoder_binary_comparison/AllTestData/Adobe_PDF_sample_a_1024x768_50Frms.264/h264enc.js:4919:7)
    at wasm://wasm/00265406:wasm-function[1133]:0x705f0
    at wasm://wasm/00265406:wasm-function[1121]:0x6e28d
    at wasm://wasm/00265406:wasm-function[775]:0x60eb2
    at wasm://wasm/00265406:wasm-function[357]:0x2e8f3
    at wasm://wasm/00265406:wasm-function[363]:0x2f261
    at wasm://wasm/00265406:wasm-function[555]:0x407f3
    at wasm://wasm/00265406:wasm-function[554]:0x405bd   [0m
[31m    Failed! Adobe_PDF_sample_a_1024x768_50Frms.264_x.yuv Case Index 208:SHA-1(Current--Benchmark): NULL-----e6aac8a8c6e13fbe48f247f5137f3cf102cab57b  [0m
[31m            ----YUVSHA1:  NULL,  9aa9a4d9598eb3e1093311826844f37c43e4c521  [0m
[31m           Aborted(Cannot enlarge memory arrays to size 19111936 bytes (OOM). Either (1) compile with -sINITIAL_MEMORY=X with X higher than the current value 16777216, (2) compile with -sALLOW_MEMORY_GROWTH which allows increasing the size at runtime, or (3) if you want malloc to return NULL (0) instead of this abort, compile with -sABORTING_MALLOC=0)
/home/test/workspace/openh264/test/encoder_binary_comparison/AllTestData/Adobe_PDF_sample_a_1024x768_50Frms.264/h264enc.js:167
      throw ex;
      ^

RuntimeError: Aborted(Cannot enlarge memory arrays to size 19111936 bytes (OOM). Either (1) compile with -sINITIAL_MEMORY=X with X higher than the current value 16777216, (2) compile with -sALLOW_MEMORY_GROWTH which allows increasing the size at runtime, or (3) if you want malloc to return NULL (0) instead of this abort, compile with -sABORTING_MALLOC=0)
    at abort (/home/test/workspace/openh264/test/encoder_binary_comparison/AllTestData/Adobe_PDF_sample_a_1024x768_50Frms.264/h264enc.js:1031:11)
    at abortOnCannotGrowMemory (/home/test/workspace/openh264/test/encoder_binary_comparison/AllTestData/Adobe_PDF_sample_a_1024x768_50Frms.264/h264enc.js:4914:7)
    at _emscripten_resize_heap (/home/test/workspace/openh264/test/encoder_binary_comparison/AllTestData/Adobe_PDF_sample_a_1024x768_50Frms.264/h264enc.js:4919:7)
    at wasm://wasm/00265406:wasm-function[1133]:0x705f0
    at wasm://wasm/00265406:wasm-function[1121]:0x6e28d
    at wasm://wasm/00265406:wasm-function[775]:0x60eb2
    at wasm://wasm/00265406:wasm-function[357]:0x2e8f3
    at wasm://wasm/00265406:wasm-function[363]:0x2f261
    at wasm://wasm/00265406:wasm-function[555]:0x407f3
    at wasm://wasm/00265406:wasm-function[554]:0x405bd   [0m
[31m    Failed! Adobe_PDF_sample_a_1024x768_50Frms.264_x.yuv Case Index 209:SHA-1(Current--Benchmark): NULL-----e6aac8a8c6e13fbe48f247f5137f3cf102cab57b  [0m
[31m            ----YUVSHA1:  NULL,  9aa9a4d9598eb3e1093311826844f37c43e4c521  [0m
[31m           Aborted(Cannot enlarge memory arrays to size 19111936 bytes (OOM). Either (1) compile with -sINITIAL_MEMORY=X with X higher than the current value 16777216, (2) compile with -sALLOW_MEMORY_GROWTH which allows increasing the size at runtime, or (3) if you want malloc to return NULL (0) instead of this abort, compile with -sABORTING_MALLOC=0)
/home/test/workspace/openh264/test/encoder_binary_comparison/AllTestData/Adobe_PDF_sample_a_1024x768_50Frms.264/h264enc.js:167
      throw ex;
      ^

RuntimeError: Aborted(Cannot enlarge memory arrays to size 19111936 bytes (OOM). Either (1) compile with -sINITIAL_MEMORY=X with X higher than the current value 16777216, (2) compile with -sALLOW_MEMORY_GROWTH which allows increasing the size at runtime, or (3) if you want malloc to return NULL (0) instead of this abort, compile with -sABORTING_MALLOC=0)
    at abort (/home/test/workspace/openh264/test/encoder_binary_comparison/AllTestData/Adobe_PDF_sample_a_1024x768_50Frms.264/h264enc.js:1031:11)
    at abortOnCannotGrowMemory (/home/test/workspace/openh264/test/encoder_binary_comparison/AllTestData/Adobe_PDF_sample_a_1024x768_50Frms.264/h264enc.js:4914:7)
    at _emscripten_resize_heap (/home/test/workspace/openh264/test/encoder_binary_comparison/AllTestData/Adobe_PDF_sample_a_1024x768_50Frms.264/h264enc.js:4919:7)
    at wasm://wasm/00265406:wasm-function[1133]:0x705f0
    at wasm://wasm/00265406:wasm-function[1121]:0x6e28d
    at wasm://wasm/00265406:wasm-function[775]:0x60eb2
    at wasm://wasm/00265406:wasm-function[357]:0x2e8f3
    at wasm://wasm/00265406:wasm-function[363]:0x2f261
    at wasm://wasm/00265406:wasm-function[555]:0x407f3
    at wasm://wasm/00265406:wasm-function[554]:0x405bd   [0m
[31m    Failed! Adobe_PDF_sample_a_1024x768_50Frms.264_x.yuv Case Index 210:SHA-1(Current--Benchmark): NULL-----e6aac8a8c6e13fbe48f247f5137f3cf102cab57b  [0m
[31m            ----YUVSHA1:  NULL,  9aa9a4d9598eb3e1093311826844f37c43e4c521  [0m
[31m           Aborted(Cannot enlarge memory arrays to size 19111936 bytes (OOM). Either (1) compile with -sINITIAL_MEMORY=X with X higher than the current value 16777216, (2) compile with -sALLOW_MEMORY_GROWTH which allows increasing the size at runtime, or (3) if you want malloc to return NULL (0) instead of this abort, compile with -sABORTING_MALLOC=0)
/home/test/workspace/openh264/test/encoder_binary_comparison/AllTestData/Adobe_PDF_sample_a_1024x768_50Frms.264/h264enc.js:167
      throw ex;
      ^

RuntimeError: Aborted(Cannot enlarge memory arrays to size 19111936 bytes (OOM). Either (1) compile with -sINITIAL_MEMORY=X with X higher than the current value 16777216, (2) compile with -sALLOW_MEMORY_GROWTH which allows increasing the size at runtime, or (3) if you want malloc to return NULL (0) instead of this abort, compile with -sABORTING_MALLOC=0)
    at abort (/home/test/workspace/openh264/test/encoder_binary_comparison/AllTestData/Adobe_PDF_sample_a_1024x768_50Frms.264/h264enc.js:1031:11)
    at abortOnCannotGrowMemory (/home/test/workspace/openh264/test/encoder_binary_comparison/AllTestData/Adobe_PDF_sample_a_1024x768_50Frms.264/h264enc.js:4914:7)
    at _emscripten_resize_heap (/home/test/workspace/openh264/test/encoder_binary_comparison/AllTestData/Adobe_PDF_sample_a_1024x768_50Frms.264/h264enc.js:4919:7)
    at wasm://wasm/00265406:wasm-function[1133]:0x705f0
    at wasm://wasm/00265406:wasm-function[1121]:0x6e28d
    at wasm://wasm/00265406:wasm-function[775]:0x60eb2
    at wasm://wasm/00265406:wasm-function[357]:0x2e8f3
    at wasm://wasm/00265406:wasm-function[363]:0x2f261
    at wasm://wasm/00265406:wasm-function[555]:0x407f3
    at wasm://wasm/00265406:wasm-function[554]:0x405bd   [0m
[31m    Failed! Adobe_PDF_sample_a_1024x768_50Frms.264_x.yuv Case Index 211:SHA-1(Current--Benchmark): NULL-----e6aac8a8c6e13fbe48f247f5137f3cf102cab57b  [0m
[31m            ----YUVSHA1:  NULL,  9aa9a4d9598eb3e1093311826844f37c43e4c521  [0m
[31m           Aborted(Cannot enlarge memory arrays to size 19111936 bytes (OOM). Either (1) compile with -sINITIAL_MEMORY=X with X higher than the current value 16777216, (2) compile with -sALLOW_MEMORY_GROWTH which allows increasing the size at runtime, or (3) if you want malloc to return NULL (0) instead of this abort, compile with -sABORTING_MALLOC=0)
/home/test/workspace/openh264/test/encoder_binary_comparison/AllTestData/Adobe_PDF_sample_a_1024x768_50Frms.264/h264enc.js:167
      throw ex;
      ^

RuntimeError: Aborted(Cannot enlarge memory arrays to size 19111936 bytes (OOM). Either (1) compile with -sINITIAL_MEMORY=X with X higher than the current value 16777216, (2) compile with -sALLOW_MEMORY_GROWTH which allows increasing the size at runtime, or (3) if you want malloc to return NULL (0) instead of this abort, compile with -sABORTING_MALLOC=0)
    at abort (/home/test/workspace/openh264/test/encoder_binary_comparison/AllTestData/Adobe_PDF_sample_a_1024x768_50Frms.264/h264enc.js:1031:11)
    at abortOnCannotGrowMemory (/home/test/workspace/openh264/test/encoder_binary_comparison/AllTestData/Adobe_PDF_sample_a_1024x768_50Frms.264/h264enc.js:4914:7)
    at _emscripten_resize_heap (/home/test/workspace/openh264/test/encoder_binary_comparison/AllTestData/Adobe_PDF_sample_a_1024x768_50Frms.264/h264enc.js:4919:7)
    at wasm://wasm/00265406:wasm-function[1133]:0x705f0
    at wasm://wasm/00265406:wasm-function[1121]:0x6e28d
    at wasm://wasm/00265406:wasm-function[775]:0x60eb2
    at wasm://wasm/00265406:wasm-function[357]:0x2e8f3
    at wasm://wasm/00265406:wasm-function[363]:0x2f261
    at wasm://wasm/00265406:wasm-function[555]:0x407f3
    at wasm://wasm/00265406:wasm-function[554]:0x405bd   [0m
[31m    Failed! Adobe_PDF_sample_a_1024x768_50Frms.264_x.yuv Case Index 212:SHA-1(Current--Benchmark): NULL-----e6aac8a8c6e13fbe48f247f5137f3cf102cab57b  [0m
[31m            ----YUVSHA1:  NULL,  9aa9a4d9598eb3e1093311826844f37c43e4c521  [0m
[31m           Aborted(Cannot enlarge memory arrays to size 19111936 bytes (OOM). Either (1) compile with -sINITIAL_MEMORY=X with X higher than the current value 16777216, (2) compile with -sALLOW_MEMORY_GROWTH which allows increasing the size at runtime, or (3) if you want malloc to return NULL (0) instead of this abort, compile with -sABORTING_MALLOC=0)
/home/test/workspace/openh264/test/encoder_binary_comparison/AllTestData/Adobe_PDF_sample_a_1024x768_50Frms.264/h264enc.js:167
      throw ex;
      ^

RuntimeError: Aborted(Cannot enlarge memory arrays to size 19111936 bytes (OOM). Either (1) compile with -sINITIAL_MEMORY=X with X higher than the current value 16777216, (2) compile with -sALLOW_MEMORY_GROWTH which allows increasing the size at runtime, or (3) if you want malloc to return NULL (0) instead of this abort, compile with -sABORTING_MALLOC=0)
    at abort (/home/test/workspace/openh264/test/encoder_binary_comparison/AllTestData/Adobe_PDF_sample_a_1024x768_50Frms.264/h264enc.js:1031:11)
    at abortOnCannotGrowMemory (/home/test/workspace/openh264/test/encoder_binary_comparison/AllTestData/Adobe_PDF_sample_a_1024x768_50Frms.264/h264enc.js:4914:7)
    at _emscripten_resize_heap (/home/test/workspace/openh264/test/encoder_binary_comparison/AllTestData/Adobe_PDF_sample_a_1024x768_50Frms.264/h264enc.js:4919:7)
    at wasm://wasm/00265406:wasm-function[1133]:0x705f0
    at wasm://wasm/00265406:wasm-function[1121]:0x6e28d
    at wasm://wasm/00265406:wasm-function[775]:0x60eb2
    at wasm://wasm/00265406:wasm-function[357]:0x2e8f3
    at wasm://wasm/00265406:wasm-function[363]:0x2f261
    at wasm://wasm/00265406:wasm-function[555]:0x407f3
    at wasm://wasm/00265406:wasm-function[554]:0x405bd   [0m
[31m    Failed! Adobe_PDF_sample_a_1024x768_50Frms.264_x.yuv Case Index 213:SHA-1(Current--Benchmark): NULL-----e6aac8a8c6e13fbe48f247f5137f3cf102cab57b  [0m
[31m            ----YUVSHA1:  NULL,  9aa9a4d9598eb3e1093311826844f37c43e4c521  [0m
[31m           Aborted(Cannot enlarge memory arrays to size 19111936 bytes (OOM). Either (1) compile with -sINITIAL_MEMORY=X with X higher than the current value 16777216, (2) compile with -sALLOW_MEMORY_GROWTH which allows increasing the size at runtime, or (3) if you want malloc to return NULL (0) instead of this abort, compile with -sABORTING_MALLOC=0)
/home/test/workspace/openh264/test/encoder_binary_comparison/AllTestData/Adobe_PDF_sample_a_1024x768_50Frms.264/h264enc.js:167
      throw ex;
      ^

RuntimeError: Aborted(Cannot enlarge memory arrays to size 19111936 bytes (OOM). Either (1) compile with -sINITIAL_MEMORY=X with X higher than the current value 16777216, (2) compile with -sALLOW_MEMORY_GROWTH which allows increasing the size at runtime, or (3) if you want malloc to return NULL (0) instead of this abort, compile with -sABORTING_MALLOC=0)
    at abort (/home/test/workspace/openh264/test/encoder_binary_comparison/AllTestData/Adobe_PDF_sample_a_1024x768_50Frms.264/h264enc.js:1031:11)
    at abortOnCannotGrowMemory (/home/test/workspace/openh264/test/encoder_binary_comparison/AllTestData/Adobe_PDF_sample_a_1024x768_50Frms.264/h264enc.js:4914:7)
    at _emscripten_resize_heap (/home/test/workspace/openh264/test/encoder_binary_comparison/AllTestData/Adobe_PDF_sample_a_1024x768_50Frms.264/h264enc.js:4919:7)
    at wasm://wasm/00265406:wasm-function[1133]:0x705f0
    at wasm://wasm/00265406:wasm-function[1121]:0x6e28d
    at wasm://wasm/00265406:wasm-function[775]:0x60eb2
    at wasm://wasm/00265406:wasm-function[357]:0x2e8f3
    at wasm://wasm/00265406:wasm-function[363]:0x2f261
    at wasm://wasm/00265406:wasm-function[555]:0x407f3
    at wasm://wasm/00265406:wasm-function[554]:0x405bd   [0m
[31m    Failed! Adobe_PDF_sample_a_1024x768_50Frms.264_x.yuv Case Index 214:SHA-1(Current--Benchmark): NULL-----e6aac8a8c6e13fbe48f247f5137f3cf102cab57b  [0m
[31m            ----YUVSHA1:  NULL,  9aa9a4d9598eb3e1093311826844f37c43e4c521  [0m
[31m           Aborted(Cannot enlarge memory arrays to size 19111936 bytes (OOM). Either (1) compile with -sINITIAL_MEMORY=X with X higher than the current value 16777216, (2) compile with -sALLOW_MEMORY_GROWTH which allows increasing the size at runtime, or (3) if you want malloc to return NULL (0) instead of this abort, compile with -sABORTING_MALLOC=0)
/home/test/workspace/openh264/test/encoder_binary_comparison/AllTestData/Adobe_PDF_sample_a_1024x768_50Frms.264/h264enc.js:167
      throw ex;
      ^

RuntimeError: Aborted(Cannot enlarge memory arrays to size 19111936 bytes (OOM). Either (1) compile with -sINITIAL_MEMORY=X with X higher than the current value 16777216, (2) compile with -sALLOW_MEMORY_GROWTH which allows increasing the size at runtime, or (3) if you want malloc to return NULL (0) instead of this abort, compile with -sABORTING_MALLOC=0)
    at abort (/home/test/workspace/openh264/test/encoder_binary_comparison/AllTestData/Adobe_PDF_sample_a_1024x768_50Frms.264/h264enc.js:1031:11)
    at abortOnCannotGrowMemory (/home/test/workspace/openh264/test/encoder_binary_comparison/AllTestData/Adobe_PDF_sample_a_1024x768_50Frms.264/h264enc.js:4914:7)
    at _emscripten_resize_heap (/home/test/workspace/openh264/test/encoder_binary_comparison/AllTestData/Adobe_PDF_sample_a_1024x768_50Frms.264/h264enc.js:4919:7)
    at wasm://wasm/00265406:wasm-function[1133]:0x705f0
    at wasm://wasm/00265406:wasm-function[1121]:0x6e28d
    at wasm://wasm/00265406:wasm-function[775]:0x60eb2
    at wasm://wasm/00265406:wasm-function[357]:0x2e8f3
    at wasm://wasm/00265406:wasm-function[363]:0x2f261
    at wasm://wasm/00265406:wasm-function[555]:0x407f3
    at wasm://wasm/00265406:wasm-function[554]:0x405bd   [0m
[31m    Failed! Adobe_PDF_sample_a_1024x768_50Frms.264_x.yuv Case Index 215:SHA-1(Current--Benchmark): NULL-----e6aac8a8c6e13fbe48f247f5137f3cf102cab57b  [0m
[31m            ----YUVSHA1:  NULL,  9aa9a4d9598eb3e1093311826844f37c43e4c521  [0m
[31m           Aborted(Cannot enlarge memory arrays to size 19111936 bytes (OOM). Either (1) compile with -sINITIAL_MEMORY=X with X higher than the current value 16777216, (2) compile with -sALLOW_MEMORY_GROWTH which allows increasing the size at runtime, or (3) if you want malloc to return NULL (0) instead of this abort, compile with -sABORTING_MALLOC=0)
/home/test/workspace/openh264/test/encoder_binary_comparison/AllTestData/Adobe_PDF_sample_a_1024x768_50Frms.264/h264enc.js:167
      throw ex;
      ^

RuntimeError: Aborted(Cannot enlarge memory arrays to size 19111936 bytes (OOM). Either (1) compile with -sINITIAL_MEMORY=X with X higher than the current value 16777216, (2) compile with -sALLOW_MEMORY_GROWTH which allows increasing the size at runtime, or (3) if you want malloc to return NULL (0) instead of this abort, compile with -sABORTING_MALLOC=0)
    at abort (/home/test/workspace/openh264/test/encoder_binary_comparison/AllTestData/Adobe_PDF_sample_a_1024x768_50Frms.264/h264enc.js:1031:11)
    at abortOnCannotGrowMemory (/home/test/workspace/openh264/test/encoder_binary_comparison/AllTestData/Adobe_PDF_sample_a_1024x768_50Frms.264/h264enc.js:4914:7)
    at _emscripten_resize_heap (/home/test/workspace/openh264/test/encoder_binary_comparison/AllTestData/Adobe_PDF_sample_a_1024x768_50Frms.264/h264enc.js:4919:7)
    at wasm://wasm/00265406:wasm-function[1133]:0x705f0
    at wasm://wasm/00265406:wasm-function[1121]:0x6e28d
    at wasm://wasm/00265406:wasm-function[775]:0x60eb2
    at wasm://wasm/00265406:wasm-function[357]:0x2e8f3
    at wasm://wasm/00265406:wasm-function[363]:0x2f261
    at wasm://wasm/00265406:wasm-function[555]:0x407f3
    at wasm://wasm/00265406:wasm-function[554]:0x405bd   [0m
[31m    Failed! Adobe_PDF_sample_a_1024x768_50Frms.264_x.yuv Case Index 216:SHA-1(Current--Benchmark): NULL-----e6aac8a8c6e13fbe48f247f5137f3cf102cab57b  [0m
[31m            ----YUVSHA1:  NULL,  9aa9a4d9598eb3e1093311826844f37c43e4c521  [0m
[31m           Aborted(Cannot enlarge memory arrays to size 19111936 bytes (OOM). Either (1) compile with -sINITIAL_MEMORY=X with X higher than the current value 16777216, (2) compile with -sALLOW_MEMORY_GROWTH which allows increasing the size at runtime, or (3) if you want malloc to return NULL (0) instead of this abort, compile with -sABORTING_MALLOC=0)
/home/test/workspace/openh264/test/encoder_binary_comparison/AllTestData/Adobe_PDF_sample_a_1024x768_50Frms.264/h264enc.js:167
      throw ex;
      ^

RuntimeError: Aborted(Cannot enlarge memory arrays to size 19111936 bytes (OOM). Either (1) compile with -sINITIAL_MEMORY=X with X higher than the current value 16777216, (2) compile with -sALLOW_MEMORY_GROWTH which allows increasing the size at runtime, or (3) if you want malloc to return NULL (0) instead of this abort, compile with -sABORTING_MALLOC=0)
    at abort (/home/test/workspace/openh264/test/encoder_binary_comparison/AllTestData/Adobe_PDF_sample_a_1024x768_50Frms.264/h264enc.js:1031:11)
    at abortOnCannotGrowMemory (/home/test/workspace/openh264/test/encoder_binary_comparison/AllTestData/Adobe_PDF_sample_a_1024x768_50Frms.264/h264enc.js:4914:7)
    at _emscripten_resize_heap (/home/test/workspace/openh264/test/encoder_binary_comparison/AllTestData/Adobe_PDF_sample_a_1024x768_50Frms.264/h264enc.js:4919:7)
    at wasm://wasm/00265406:wasm-function[1133]:0x705f0
    at wasm://wasm/00265406:wasm-function[1121]:0x6e28d
    at wasm://wasm/00265406:wasm-function[775]:0x60eb2
    at wasm://wasm/00265406:wasm-function[357]:0x2e8f3
    at wasm://wasm/00265406:wasm-function[363]:0x2f261
    at wasm://wasm/00265406:wasm-function[555]:0x407f3
    at wasm://wasm/00265406:wasm-function[554]:0x405bd   [0m
[31m    Failed! Adobe_PDF_sample_a_1024x768_50Frms.264_x.yuv Case Index 217:SHA-1(Current--Benchmark): NULL-----e6aac8a8c6e13fbe48f247f5137f3cf102cab57b  [0m
[31m            ----YUVSHA1:  NULL,  9aa9a4d9598eb3e1093311826844f37c43e4c521  [0m
[31m           Aborted(Cannot enlarge memory arrays to size 19111936 bytes (OOM). Either (1) compile with -sINITIAL_MEMORY=X with X higher than the current value 16777216, (2) compile with -sALLOW_MEMORY_GROWTH which allows increasing the size at runtime, or (3) if you want malloc to return NULL (0) instead of this abort, compile with -sABORTING_MALLOC=0)
/home/test/workspace/openh264/test/encoder_binary_comparison/AllTestData/Adobe_PDF_sample_a_1024x768_50Frms.264/h264enc.js:167
      throw ex;
      ^

RuntimeError: Aborted(Cannot enlarge memory arrays to size 19111936 bytes (OOM). Either (1) compile with -sINITIAL_MEMORY=X with X higher than the current value 16777216, (2) compile with -sALLOW_MEMORY_GROWTH which allows increasing the size at runtime, or (3) if you want malloc to return NULL (0) instead of this abort, compile with -sABORTING_MALLOC=0)
    at abort (/home/test/workspace/openh264/test/encoder_binary_comparison/AllTestData/Adobe_PDF_sample_a_1024x768_50Frms.264/h264enc.js:1031:11)
    at abortOnCannotGrowMemory (/home/test/workspace/openh264/test/encoder_binary_comparison/AllTestData/Adobe_PDF_sample_a_1024x768_50Frms.264/h264enc.js:4914:7)
    at _emscripten_resize_heap (/home/test/workspace/openh264/test/encoder_binary_comparison/AllTestData/Adobe_PDF_sample_a_1024x768_50Frms.264/h264enc.js:4919:7)
    at wasm://wasm/00265406:wasm-function[1133]:0x705f0
    at wasm://wasm/00265406:wasm-function[1121]:0x6e28d
    at wasm://wasm/00265406:wasm-function[775]:0x60eb2
    at wasm://wasm/00265406:wasm-function[357]:0x2e8f3
    at wasm://wasm/00265406:wasm-function[363]:0x2f261
    at wasm://wasm/00265406:wasm-function[555]:0x407f3
    at wasm://wasm/00265406:wasm-function[554]:0x405bd   [0m
[31m    Failed! Adobe_PDF_sample_a_1024x768_50Frms.264_x.yuv Case Index 218:SHA-1(Current--Benchmark): NULL-----e6aac8a8c6e13fbe48f247f5137f3cf102cab57b  [0m
[31m            ----YUVSHA1:  NULL,  9aa9a4d9598eb3e1093311826844f37c43e4c521  [0m
[31m           Aborted(Cannot enlarge memory arrays to size 19111936 bytes (OOM). Either (1) compile with -sINITIAL_MEMORY=X with X higher than the current value 16777216, (2) compile with -sALLOW_MEMORY_GROWTH which allows increasing the size at runtime, or (3) if you want malloc to return NULL (0) instead of this abort, compile with -sABORTING_MALLOC=0)
/home/test/workspace/openh264/test/encoder_binary_comparison/AllTestData/Adobe_PDF_sample_a_1024x768_50Frms.264/h264enc.js:167
      throw ex;
      ^

RuntimeError: Aborted(Cannot enlarge memory arrays to size 19111936 bytes (OOM). Either (1) compile with -sINITIAL_MEMORY=X with X higher than the current value 16777216, (2) compile with -sALLOW_MEMORY_GROWTH which allows increasing the size at runtime, or (3) if you want malloc to return NULL (0) instead of this abort, compile with -sABORTING_MALLOC=0)
    at abort (/home/test/workspace/openh264/test/encoder_binary_comparison/AllTestData/Adobe_PDF_sample_a_1024x768_50Frms.264/h264enc.js:1031:11)
    at abortOnCannotGrowMemory (/home/test/workspace/openh264/test/encoder_binary_comparison/AllTestData/Adobe_PDF_sample_a_1024x768_50Frms.264/h264enc.js:4914:7)
    at _emscripten_resize_heap (/home/test/workspace/openh264/test/encoder_binary_comparison/AllTestData/Adobe_PDF_sample_a_1024x768_50Frms.264/h264enc.js:4919:7)
    at wasm://wasm/00265406:wasm-function[1133]:0x705f0
    at wasm://wasm/00265406:wasm-function[1121]:0x6e28d
    at wasm://wasm/00265406:wasm-function[775]:0x60eb2
    at wasm://wasm/00265406:wasm-function[357]:0x2e8f3
    at wasm://wasm/00265406:wasm-function[363]:0x2f261
    at wasm://wasm/00265406:wasm-function[555]:0x407f3
    at wasm://wasm/00265406:wasm-function[554]:0x405bd   [0m
[31m    Failed! Adobe_PDF_sample_a_1024x768_50Frms.264_x.yuv Case Index 219:SHA-1(Current--Benchmark): NULL-----e6aac8a8c6e13fbe48f247f5137f3cf102cab57b  [0m
[31m            ----YUVSHA1:  NULL,  9aa9a4d9598eb3e1093311826844f37c43e4c521  [0m
[31m           Aborted(Cannot enlarge memory arrays to size 19111936 bytes (OOM). Either (1) compile with -sINITIAL_MEMORY=X with X higher than the current value 16777216, (2) compile with -sALLOW_MEMORY_GROWTH which allows increasing the size at runtime, or (3) if you want malloc to return NULL (0) instead of this abort, compile with -sABORTING_MALLOC=0)
/home/test/workspace/openh264/test/encoder_binary_comparison/AllTestData/Adobe_PDF_sample_a_1024x768_50Frms.264/h264enc.js:167
      throw ex;
      ^

RuntimeError: Aborted(Cannot enlarge memory arrays to size 19111936 bytes (OOM). Either (1) compile with -sINITIAL_MEMORY=X with X higher than the current value 16777216, (2) compile with -sALLOW_MEMORY_GROWTH which allows increasing the size at runtime, or (3) if you want malloc to return NULL (0) instead of this abort, compile with -sABORTING_MALLOC=0)
    at abort (/home/test/workspace/openh264/test/encoder_binary_comparison/AllTestData/Adobe_PDF_sample_a_1024x768_50Frms.264/h264enc.js:1031:11)
    at abortOnCannotGrowMemory (/home/test/workspace/openh264/test/encoder_binary_comparison/AllTestData/Adobe_PDF_sample_a_1024x768_50Frms.264/h264enc.js:4914:7)
    at _emscripten_resize_heap (/home/test/workspace/openh264/test/encoder_binary_comparison/AllTestData/Adobe_PDF_sample_a_1024x768_50Frms.264/h264enc.js:4919:7)
    at wasm://wasm/00265406:wasm-function[1133]:0x705f0
    at wasm://wasm/00265406:wasm-function[1121]:0x6e28d
    at wasm://wasm/00265406:wasm-function[775]:0x60eb2
    at wasm://wasm/00265406:wasm-function[357]:0x2e8f3
    at wasm://wasm/00265406:wasm-function[363]:0x2f261
    at wasm://wasm/00265406:wasm-function[555]:0x407f3
    at wasm://wasm/00265406:wasm-function[554]:0x405bd   [0m
[31m    Failed! Adobe_PDF_sample_a_1024x768_50Frms.264_x.yuv Case Index 220:SHA-1(Current--Benchmark): NULL-----e6aac8a8c6e13fbe48f247f5137f3cf102cab57b  [0m
[31m            ----YUVSHA1:  NULL,  9aa9a4d9598eb3e1093311826844f37c43e4c521  [0m
[31m           Aborted(Cannot enlarge memory arrays to size 19111936 bytes (OOM). Either (1) compile with -sINITIAL_MEMORY=X with X higher than the current value 16777216, (2) compile with -sALLOW_MEMORY_GROWTH which allows increasing the size at runtime, or (3) if you want malloc to return NULL (0) instead of this abort, compile with -sABORTING_MALLOC=0)
/home/test/workspace/openh264/test/encoder_binary_comparison/AllTestData/Adobe_PDF_sample_a_1024x768_50Frms.264/h264enc.js:167
      throw ex;
      ^

RuntimeError: Aborted(Cannot enlarge memory arrays to size 19111936 bytes (OOM). Either (1) compile with -sINITIAL_MEMORY=X with X higher than the current value 16777216, (2) compile with -sALLOW_MEMORY_GROWTH which allows increasing the size at runtime, or (3) if you want malloc to return NULL (0) instead of this abort, compile with -sABORTING_MALLOC=0)
    at abort (/home/test/workspace/openh264/test/encoder_binary_comparison/AllTestData/Adobe_PDF_sample_a_1024x768_50Frms.264/h264enc.js:1031:11)
    at abortOnCannotGrowMemory (/home/test/workspace/openh264/test/encoder_binary_comparison/AllTestData/Adobe_PDF_sample_a_1024x768_50Frms.264/h264enc.js:4914:7)
    at _emscripten_resize_heap (/home/test/workspace/openh264/test/encoder_binary_comparison/AllTestData/Adobe_PDF_sample_a_1024x768_50Frms.264/h264enc.js:4919:7)
    at wasm://wasm/00265406:wasm-function[1133]:0x705f0
    at wasm://wasm/00265406:wasm-function[1121]:0x6e28d
    at wasm://wasm/00265406:wasm-function[775]:0x60eb2
    at wasm://wasm/00265406:wasm-function[357]:0x2e8f3
    at wasm://wasm/00265406:wasm-function[363]:0x2f261
    at wasm://wasm/00265406:wasm-function[555]:0x407f3
    at wasm://wasm/00265406:wasm-function[554]:0x405bd   [0m
[31m    Failed! Adobe_PDF_sample_a_1024x768_50Frms.264_x.yuv Case Index 221:SHA-1(Current--Benchmark): NULL-----e6aac8a8c6e13fbe48f247f5137f3cf102cab57b  [0m
[31m            ----YUVSHA1:  NULL,  9aa9a4d9598eb3e1093311826844f37c43e4c521  [0m
[31m           Aborted(Cannot enlarge memory arrays to size 19111936 bytes (OOM). Either (1) compile with -sINITIAL_MEMORY=X with X higher than the current value 16777216, (2) compile with -sALLOW_MEMORY_GROWTH which allows increasing the size at runtime, or (3) if you want malloc to return NULL (0) instead of this abort, compile with -sABORTING_MALLOC=0)
/home/test/workspace/openh264/test/encoder_binary_comparison/AllTestData/Adobe_PDF_sample_a_1024x768_50Frms.264/h264enc.js:167
      throw ex;
      ^

RuntimeError: Aborted(Cannot enlarge memory arrays to size 19111936 bytes (OOM). Either (1) compile with -sINITIAL_MEMORY=X with X higher than the current value 16777216, (2) compile with -sALLOW_MEMORY_GROWTH which allows increasing the size at runtime, or (3) if you want malloc to return NULL (0) instead of this abort, compile with -sABORTING_MALLOC=0)
    at abort (/home/test/workspace/openh264/test/encoder_binary_comparison/AllTestData/Adobe_PDF_sample_a_1024x768_50Frms.264/h264enc.js:1031:11)
    at abortOnCannotGrowMemory (/home/test/workspace/openh264/test/encoder_binary_comparison/AllTestData/Adobe_PDF_sample_a_1024x768_50Frms.264/h264enc.js:4914:7)
    at _emscripten_resize_heap (/home/test/workspace/openh264/test/encoder_binary_comparison/AllTestData/Adobe_PDF_sample_a_1024x768_50Frms.264/h264enc.js:4919:7)
    at wasm://wasm/00265406:wasm-function[1133]:0x705f0
    at wasm://wasm/00265406:wasm-function[1121]:0x6e28d
    at wasm://wasm/00265406:wasm-function[775]:0x60eb2
    at wasm://wasm/00265406:wasm-function[357]:0x2e8f3
    at wasm://wasm/00265406:wasm-function[363]:0x2f261
    at wasm://wasm/00265406:wasm-function[555]:0x407f3
    at wasm://wasm/00265406:wasm-function[554]:0x405bd   [0m
[31m    Failed! Adobe_PDF_sample_a_1024x768_50Frms.264_x.yuv Case Index 222:SHA-1(Current--Benchmark): NULL-----e6aac8a8c6e13fbe48f247f5137f3cf102cab57b  [0m
[31m            ----YUVSHA1:  NULL,  9aa9a4d9598eb3e1093311826844f37c43e4c521  [0m
[31m           Aborted(Cannot enlarge memory arrays to size 19111936 bytes (OOM). Either (1) compile with -sINITIAL_MEMORY=X with X higher than the current value 16777216, (2) compile with -sALLOW_MEMORY_GROWTH which allows increasing the size at runtime, or (3) if you want malloc to return NULL (0) instead of this abort, compile with -sABORTING_MALLOC=0)
/home/test/workspace/openh264/test/encoder_binary_comparison/AllTestData/Adobe_PDF_sample_a_1024x768_50Frms.264/h264enc.js:167
      throw ex;
      ^

RuntimeError: Aborted(Cannot enlarge memory arrays to size 19111936 bytes (OOM). Either (1) compile with -sINITIAL_MEMORY=X with X higher than the current value 16777216, (2) compile with -sALLOW_MEMORY_GROWTH which allows increasing the size at runtime, or (3) if you want malloc to return NULL (0) instead of this abort, compile with -sABORTING_MALLOC=0)
    at abort (/home/test/workspace/openh264/test/encoder_binary_comparison/AllTestData/Adobe_PDF_sample_a_1024x768_50Frms.264/h264enc.js:1031:11)
    at abortOnCannotGrowMemory (/home/test/workspace/openh264/test/encoder_binary_comparison/AllTestData/Adobe_PDF_sample_a_1024x768_50Frms.264/h264enc.js:4914:7)
    at _emscripten_resize_heap (/home/test/workspace/openh264/test/encoder_binary_comparison/AllTestData/Adobe_PDF_sample_a_1024x768_50Frms.264/h264enc.js:4919:7)
    at wasm://wasm/00265406:wasm-function[1133]:0x705f0
    at wasm://wasm/00265406:wasm-function[1121]:0x6e28d
    at wasm://wasm/00265406:wasm-function[775]:0x60eb2
    at wasm://wasm/00265406:wasm-function[357]:0x2e8f3
    at wasm://wasm/00265406:wasm-function[363]:0x2f261
    at wasm://wasm/00265406:wasm-function[555]:0x407f3
    at wasm://wasm/00265406:wasm-function[554]:0x405bd   [0m
[31m    Failed! Adobe_PDF_sample_a_1024x768_50Frms.264_x.yuv Case Index 223:SHA-1(Current--Benchmark): NULL-----e6aac8a8c6e13fbe48f247f5137f3cf102cab57b  [0m
[31m            ----YUVSHA1:  NULL,  9aa9a4d9598eb3e1093311826844f37c43e4c521  [0m
[31m           Aborted(Cannot enlarge memory arrays to size 19111936 bytes (OOM). Either (1) compile with -sINITIAL_MEMORY=X with X higher than the current value 16777216, (2) compile with -sALLOW_MEMORY_GROWTH which allows increasing the size at runtime, or (3) if you want malloc to return NULL (0) instead of this abort, compile with -sABORTING_MALLOC=0)
/home/test/workspace/openh264/test/encoder_binary_comparison/AllTestData/Adobe_PDF_sample_a_1024x768_50Frms.264/h264enc.js:167
      throw ex;
      ^

RuntimeError: Aborted(Cannot enlarge memory arrays to size 19111936 bytes (OOM). Either (1) compile with -sINITIAL_MEMORY=X with X higher than the current value 16777216, (2) compile with -sALLOW_MEMORY_GROWTH which allows increasing the size at runtime, or (3) if you want malloc to return NULL (0) instead of this abort, compile with -sABORTING_MALLOC=0)
    at abort (/home/test/workspace/openh264/test/encoder_binary_comparison/AllTestData/Adobe_PDF_sample_a_1024x768_50Frms.264/h264enc.js:1031:11)
    at abortOnCannotGrowMemory (/home/test/workspace/openh264/test/encoder_binary_comparison/AllTestData/Adobe_PDF_sample_a_1024x768_50Frms.264/h264enc.js:4914:7)
    at _emscripten_resize_heap (/home/test/workspace/openh264/test/encoder_binary_comparison/AllTestData/Adobe_PDF_sample_a_1024x768_50Frms.264/h264enc.js:4919:7)
    at wasm://wasm/00265406:wasm-function[1133]:0x705f0
    at wasm://wasm/00265406:wasm-function[1121]:0x6e28d
    at wasm://wasm/00265406:wasm-function[775]:0x60eb2
    at wasm://wasm/00265406:wasm-function[357]:0x2e8f3
    at wasm://wasm/00265406:wasm-function[363]:0x2f261
    at wasm://wasm/00265406:wasm-function[555]:0x407f3
    at wasm://wasm/00265406:wasm-function[554]:0x405bd   [0m
[31m    Failed! Adobe_PDF_sample_a_1024x768_50Frms.264_x.yuv Case Index 224:SHA-1(Current--Benchmark): NULL-----38b6accce999f6605bcbf52565ef912d6701b612  [0m
[31m            ----YUVSHA1:  NULL,  9aa9a4d9598eb3e1093311826844f37c43e4c521  [0m
[31m           [OpenH264] this = 0x0x514070, Error:ParamValidationExt(), WARNING: GOM based RC do not support SM_RASTER_SLICE!
Aborted(Cannot enlarge memory arrays to size 19111936 bytes (OOM). Either (1) compile with -sINITIAL_MEMORY=X with X higher than the current value 16777216, (2) compile with -sALLOW_MEMORY_GROWTH which allows increasing the size at runtime, or (3) if you want malloc to return NULL (0) instead of this abort, compile with -sABORTING_MALLOC=0)
/home/test/workspace/openh264/test/encoder_binary_comparison/AllTestData/Adobe_PDF_sample_a_1024x768_50Frms.264/h264enc.js:167
      throw ex;
      ^

RuntimeError: Aborted(Cannot enlarge memory arrays to size 19111936 bytes (OOM). Either (1) compile with -sINITIAL_MEMORY=X with X higher than the current value 16777216, (2) compile with -sALLOW_MEMORY_GROWTH which allows increasing the size at runtime, or (3) if you want malloc to return NULL (0) instead of this abort, compile with -sABORTING_MALLOC=0)
    at abort (/home/test/workspace/openh264/test/encoder_binary_comparison/AllTestData/Adobe_PDF_sample_a_1024x768_50Frms.264/h264enc.js:1031:11)
    at abortOnCannotGrowMemory (/home/test/workspace/openh264/test/encoder_binary_comparison/AllTestData/Adobe_PDF_sample_a_1024x768_50Frms.264/h264enc.js:4914:7)
    at _emscripten_resize_heap (/home/test/workspace/openh264/test/encoder_binary_comparison/AllTestData/Adobe_PDF_sample_a_1024x768_50Frms.264/h264enc.js:4919:7)
    at wasm://wasm/00265406:wasm-function[1133]:0x705f0
    at wasm://wasm/00265406:wasm-function[1121]:0x6e28d
    at wasm://wasm/00265406:wasm-function[775]:0x60eb2
    at wasm://wasm/00265406:wasm-function[357]:0x2e8f3
    at wasm://wasm/00265406:wasm-function[363]:0x2f261
    at wasm://wasm/00265406:wasm-function[555]:0x407f3
    at wasm://wasm/00265406:wasm-function[554]:0x405bd   [0m
[31m    Failed! Adobe_PDF_sample_a_1024x768_50Frms.264_x.yuv Case Index 225:SHA-1(Current--Benchmark): NULL-----38b6accce999f6605bcbf52565ef912d6701b612  [0m
[31m            ----YUVSHA1:  NULL,  9aa9a4d9598eb3e1093311826844f37c43e4c521  [0m
[31m           [OpenH264] this = 0x0x514070, Error:ParamValidationExt(), WARNING: GOM based RC do not support SM_RASTER_SLICE!
Aborted(Cannot enlarge memory arrays to size 19111936 bytes (OOM). Either (1) compile with -sINITIAL_MEMORY=X with X higher than the current value 16777216, (2) compile with -sALLOW_MEMORY_GROWTH which allows increasing the size at runtime, or (3) if you want malloc to return NULL (0) instead of this abort, compile with -sABORTING_MALLOC=0)
/home/test/workspace/openh264/test/encoder_binary_comparison/AllTestData/Adobe_PDF_sample_a_1024x768_50Frms.264/h264enc.js:167
      throw ex;
      ^

RuntimeError: Aborted(Cannot enlarge memory arrays to size 19111936 bytes (OOM). Either (1) compile with -sINITIAL_MEMORY=X with X higher than the current value 16777216, (2) compile with -sALLOW_MEMORY_GROWTH which allows increasing the size at runtime, or (3) if you want malloc to return NULL (0) instead of this abort, compile with -sABORTING_MALLOC=0)
    at abort (/home/test/workspace/openh264/test/encoder_binary_comparison/AllTestData/Adobe_PDF_sample_a_1024x768_50Frms.264/h264enc.js:1031:11)
    at abortOnCannotGrowMemory (/home/test/workspace/openh264/test/encoder_binary_comparison/AllTestData/Adobe_PDF_sample_a_1024x768_50Frms.264/h264enc.js:4914:7)
    at _emscripten_resize_heap (/home/test/workspace/openh264/test/encoder_binary_comparison/AllTestData/Adobe_PDF_sample_a_1024x768_50Frms.264/h264enc.js:4919:7)
    at wasm://wasm/00265406:wasm-function[1133]:0x705f0
    at wasm://wasm/00265406:wasm-function[1121]:0x6e28d
    at wasm://wasm/00265406:wasm-function[775]:0x60eb2
    at wasm://wasm/00265406:wasm-function[357]:0x2e8f3
    at wasm://wasm/00265406:wasm-function[363]:0x2f261
    at wasm://wasm/00265406:wasm-function[555]:0x407f3
    at wasm://wasm/00265406:wasm-function[554]:0x405bd   [0m
[31m    Failed! Adobe_PDF_sample_a_1024x768_50Frms.264_x.yuv Case Index 226:SHA-1(Current--Benchmark): NULL-----38b6accce999f6605bcbf52565ef912d6701b612  [0m
[31m            ----YUVSHA1:  NULL,  9aa9a4d9598eb3e1093311826844f37c43e4c521  [0m
[31m           [OpenH264] this = 0x0x514070, Error:ParamValidationExt(), WARNING: GOM based RC do not support SM_RASTER_SLICE!
Aborted(Cannot enlarge memory arrays to size 19111936 bytes (OOM). Either (1) compile with -sINITIAL_MEMORY=X with X higher than the current value 16777216, (2) compile with -sALLOW_MEMORY_GROWTH which allows increasing the size at runtime, or (3) if you want malloc to return NULL (0) instead of this abort, compile with -sABORTING_MALLOC=0)
/home/test/workspace/openh264/test/encoder_binary_comparison/AllTestData/Adobe_PDF_sample_a_1024x768_50Frms.264/h264enc.js:167
      throw ex;
      ^

RuntimeError: Aborted(Cannot enlarge memory arrays to size 19111936 bytes (OOM). Either (1) compile with -sINITIAL_MEMORY=X with X higher than the current value 16777216, (2) compile with -sALLOW_MEMORY_GROWTH which allows increasing the size at runtime, or (3) if you want malloc to return NULL (0) instead of this abort, compile with -sABORTING_MALLOC=0)
    at abort (/home/test/workspace/openh264/test/encoder_binary_comparison/AllTestData/Adobe_PDF_sample_a_1024x768_50Frms.264/h264enc.js:1031:11)
    at abortOnCannotGrowMemory (/home/test/workspace/openh264/test/encoder_binary_comparison/AllTestData/Adobe_PDF_sample_a_1024x768_50Frms.264/h264enc.js:4914:7)
    at _emscripten_resize_heap (/home/test/workspace/openh264/test/encoder_binary_comparison/AllTestData/Adobe_PDF_sample_a_1024x768_50Frms.264/h264enc.js:4919:7)
    at wasm://wasm/00265406:wasm-function[1133]:0x705f0
    at wasm://wasm/00265406:wasm-function[1121]:0x6e28d
    at wasm://wasm/00265406:wasm-function[775]:0x60eb2
    at wasm://wasm/00265406:wasm-function[357]:0x2e8f3
    at wasm://wasm/00265406:wasm-function[363]:0x2f261
    at wasm://wasm/00265406:wasm-function[555]:0x407f3
    at wasm://wasm/00265406:wasm-function[554]:0x405bd   [0m
[31m    Failed! Adobe_PDF_sample_a_1024x768_50Frms.264_x.yuv Case Index 227:SHA-1(Current--Benchmark): NULL-----38b6accce999f6605bcbf52565ef912d6701b612  [0m
[31m            ----YUVSHA1:  NULL,  9aa9a4d9598eb3e1093311826844f37c43e4c521  [0m
[31m           [OpenH264] this = 0x0x514070, Error:ParamValidationExt(), WARNING: GOM based RC do not support SM_RASTER_SLICE!
Aborted(Cannot enlarge memory arrays to size 19111936 bytes (OOM). Either (1) compile with -sINITIAL_MEMORY=X with X higher than the current value 16777216, (2) compile with -sALLOW_MEMORY_GROWTH which allows increasing the size at runtime, or (3) if you want malloc to return NULL (0) instead of this abort, compile with -sABORTING_MALLOC=0)
/home/test/workspace/openh264/test/encoder_binary_comparison/AllTestData/Adobe_PDF_sample_a_1024x768_50Frms.264/h264enc.js:167
      throw ex;
      ^

RuntimeError: Aborted(Cannot enlarge memory arrays to size 19111936 bytes (OOM). Either (1) compile with -sINITIAL_MEMORY=X with X higher than the current value 16777216, (2) compile with -sALLOW_MEMORY_GROWTH which allows increasing the size at runtime, or (3) if you want malloc to return NULL (0) instead of this abort, compile with -sABORTING_MALLOC=0)
    at abort (/home/test/workspace/openh264/test/encoder_binary_comparison/AllTestData/Adobe_PDF_sample_a_1024x768_50Frms.264/h264enc.js:1031:11)
    at abortOnCannotGrowMemory (/home/test/workspace/openh264/test/encoder_binary_comparison/AllTestData/Adobe_PDF_sample_a_1024x768_50Frms.264/h264enc.js:4914:7)
    at _emscripten_resize_heap (/home/test/workspace/openh264/test/encoder_binary_comparison/AllTestData/Adobe_PDF_sample_a_1024x768_50Frms.264/h264enc.js:4919:7)
    at wasm://wasm/00265406:wasm-function[1133]:0x705f0
    at wasm://wasm/00265406:wasm-function[1121]:0x6e28d
    at wasm://wasm/00265406:wasm-function[775]:0x60eb2
    at wasm://wasm/00265406:wasm-function[357]:0x2e8f3
    at wasm://wasm/00265406:wasm-function[363]:0x2f261
    at wasm://wasm/00265406:wasm-function[555]:0x407f3
    at wasm://wasm/00265406:wasm-function[554]:0x405bd   [0m
[31m    Failed! Adobe_PDF_sample_a_1024x768_50Frms.264_x.yuv Case Index 228:SHA-1(Current--Benchmark): NULL-----38b6accce999f6605bcbf52565ef912d6701b612  [0m
[31m            ----YUVSHA1:  NULL,  9aa9a4d9598eb3e1093311826844f37c43e4c521  [0m
[31m           [OpenH264] this = 0x0x514070, Error:ParamValidationExt(), WARNING: GOM based RC do not support SM_RASTER_SLICE!
Aborted(Cannot enlarge memory arrays to size 19111936 bytes (OOM). Either (1) compile with -sINITIAL_MEMORY=X with X higher than the current value 16777216, (2) compile with -sALLOW_MEMORY_GROWTH which allows increasing the size at runtime, or (3) if you want malloc to return NULL (0) instead of this abort, compile with -sABORTING_MALLOC=0)
/home/test/workspace/openh264/test/encoder_binary_comparison/AllTestData/Adobe_PDF_sample_a_1024x768_50Frms.264/h264enc.js:167
      throw ex;
      ^

RuntimeError: Aborted(Cannot enlarge memory arrays to size 19111936 bytes (OOM). Either (1) compile with -sINITIAL_MEMORY=X with X higher than the current value 16777216, (2) compile with -sALLOW_MEMORY_GROWTH which allows increasing the size at runtime, or (3) if you want malloc to return NULL (0) instead of this abort, compile with -sABORTING_MALLOC=0)
    at abort (/home/test/workspace/openh264/test/encoder_binary_comparison/AllTestData/Adobe_PDF_sample_a_1024x768_50Frms.264/h264enc.js:1031:11)
    at abortOnCannotGrowMemory (/home/test/workspace/openh264/test/encoder_binary_comparison/AllTestData/Adobe_PDF_sample_a_1024x768_50Frms.264/h264enc.js:4914:7)
    at _emscripten_resize_heap (/home/test/workspace/openh264/test/encoder_binary_comparison/AllTestData/Adobe_PDF_sample_a_1024x768_50Frms.264/h264enc.js:4919:7)
    at wasm://wasm/00265406:wasm-function[1133]:0x705f0
    at wasm://wasm/00265406:wasm-function[1121]:0x6e28d
    at wasm://wasm/00265406:wasm-function[775]:0x60eb2
    at wasm://wasm/00265406:wasm-function[357]:0x2e8f3
    at wasm://wasm/00265406:wasm-function[363]:0x2f261
    at wasm://wasm/00265406:wasm-function[555]:0x407f3
    at wasm://wasm/00265406:wasm-function[554]:0x405bd   [0m
[31m    Failed! Adobe_PDF_sample_a_1024x768_50Frms.264_x.yuv Case Index 229:SHA-1(Current--Benchmark): NULL-----38b6accce999f6605bcbf52565ef912d6701b612  [0m
[31m            ----YUVSHA1:  NULL,  9aa9a4d9598eb3e1093311826844f37c43e4c521  [0m
[31m           [OpenH264] this = 0x0x514070, Error:ParamValidationExt(), WARNING: GOM based RC do not support SM_RASTER_SLICE!
Aborted(Cannot enlarge memory arrays to size 19111936 bytes (OOM). Either (1) compile with -sINITIAL_MEMORY=X with X higher than the current value 16777216, (2) compile with -sALLOW_MEMORY_GROWTH which allows increasing the size at runtime, or (3) if you want malloc to return NULL (0) instead of this abort, compile with -sABORTING_MALLOC=0)
/home/test/workspace/openh264/test/encoder_binary_comparison/AllTestData/Adobe_PDF_sample_a_1024x768_50Frms.264/h264enc.js:167
      throw ex;
      ^

RuntimeError: Aborted(Cannot enlarge memory arrays to size 19111936 bytes (OOM). Either (1) compile with -sINITIAL_MEMORY=X with X higher than the current value 16777216, (2) compile with -sALLOW_MEMORY_GROWTH which allows increasing the size at runtime, or (3) if you want malloc to return NULL (0) instead of this abort, compile with -sABORTING_MALLOC=0)
    at abort (/home/test/workspace/openh264/test/encoder_binary_comparison/AllTestData/Adobe_PDF_sample_a_1024x768_50Frms.264/h264enc.js:1031:11)
    at abortOnCannotGrowMemory (/home/test/workspace/openh264/test/encoder_binary_comparison/AllTestData/Adobe_PDF_sample_a_1024x768_50Frms.264/h264enc.js:4914:7)
    at _emscripten_resize_heap (/home/test/workspace/openh264/test/encoder_binary_comparison/AllTestData/Adobe_PDF_sample_a_1024x768_50Frms.264/h264enc.js:4919:7)
    at wasm://wasm/00265406:wasm-function[1133]:0x705f0
    at wasm://wasm/00265406:wasm-function[1121]:0x6e28d
    at wasm://wasm/00265406:wasm-function[775]:0x60eb2
    at wasm://wasm/00265406:wasm-function[357]:0x2e8f3
    at wasm://wasm/00265406:wasm-function[363]:0x2f261
    at wasm://wasm/00265406:wasm-function[555]:0x407f3
    at wasm://wasm/00265406:wasm-function[554]:0x405bd   [0m
[31m    Failed! Adobe_PDF_sample_a_1024x768_50Frms.264_x.yuv Case Index 230:SHA-1(Current--Benchmark): NULL-----38b6accce999f6605bcbf52565ef912d6701b612  [0m
[31m            ----YUVSHA1:  NULL,  9aa9a4d9598eb3e1093311826844f37c43e4c521  [0m
[31m           [OpenH264] this = 0x0x514070, Error:ParamValidationExt(), WARNING: GOM based RC do not support SM_RASTER_SLICE!
Aborted(Cannot enlarge memory arrays to size 19111936 bytes (OOM). Either (1) compile with -sINITIAL_MEMORY=X with X higher than the current value 16777216, (2) compile with -sALLOW_MEMORY_GROWTH which allows increasing the size at runtime, or (3) if you want malloc to return NULL (0) instead of this abort, compile with -sABORTING_MALLOC=0)
/home/test/workspace/openh264/test/encoder_binary_comparison/AllTestData/Adobe_PDF_sample_a_1024x768_50Frms.264/h264enc.js:167
      throw ex;
      ^

RuntimeError: Aborted(Cannot enlarge memory arrays to size 19111936 bytes (OOM). Either (1) compile with -sINITIAL_MEMORY=X with X higher than the current value 16777216, (2) compile with -sALLOW_MEMORY_GROWTH which allows increasing the size at runtime, or (3) if you want malloc to return NULL (0) instead of this abort, compile with -sABORTING_MALLOC=0)
    at abort (/home/test/workspace/openh264/test/encoder_binary_comparison/AllTestData/Adobe_PDF_sample_a_1024x768_50Frms.264/h264enc.js:1031:11)
    at abortOnCannotGrowMemory (/home/test/workspace/openh264/test/encoder_binary_comparison/AllTestData/Adobe_PDF_sample_a_1024x768_50Frms.264/h264enc.js:4914:7)
    at _emscripten_resize_heap (/home/test/workspace/openh264/test/encoder_binary_comparison/AllTestData/Adobe_PDF_sample_a_1024x768_50Frms.264/h264enc.js:4919:7)
    at wasm://wasm/00265406:wasm-function[1133]:0x705f0
    at wasm://wasm/00265406:wasm-function[1121]:0x6e28d
    at wasm://wasm/00265406:wasm-function[775]:0x60eb2
    at wasm://wasm/00265406:wasm-function[357]:0x2e8f3
    at wasm://wasm/00265406:wasm-function[363]:0x2f261
    at wasm://wasm/00265406:wasm-function[555]:0x407f3
    at wasm://wasm/00265406:wasm-function[554]:0x405bd   [0m
[31m    Failed! Adobe_PDF_sample_a_1024x768_50Frms.264_x.yuv Case Index 231:SHA-1(Current--Benchmark): NULL-----38b6accce999f6605bcbf52565ef912d6701b612  [0m
[31m            ----YUVSHA1:  NULL,  9aa9a4d9598eb3e1093311826844f37c43e4c521  [0m
[31m           [OpenH264] this = 0x0x514070, Error:ParamValidationExt(), WARNING: GOM based RC do not support SM_RASTER_SLICE!
Aborted(Cannot enlarge memory arrays to size 19111936 bytes (OOM). Either (1) compile with -sINITIAL_MEMORY=X with X higher than the current value 16777216, (2) compile with -sALLOW_MEMORY_GROWTH which allows increasing the size at runtime, or (3) if you want malloc to return NULL (0) instead of this abort, compile with -sABORTING_MALLOC=0)
/home/test/workspace/openh264/test/encoder_binary_comparison/AllTestData/Adobe_PDF_sample_a_1024x768_50Frms.264/h264enc.js:167
      throw ex;
      ^

RuntimeError: Aborted(Cannot enlarge memory arrays to size 19111936 bytes (OOM). Either (1) compile with -sINITIAL_MEMORY=X with X higher than the current value 16777216, (2) compile with -sALLOW_MEMORY_GROWTH which allows increasing the size at runtime, or (3) if you want malloc to return NULL (0) instead of this abort, compile with -sABORTING_MALLOC=0)
    at abort (/home/test/workspace/openh264/test/encoder_binary_comparison/AllTestData/Adobe_PDF_sample_a_1024x768_50Frms.264/h264enc.js:1031:11)
    at abortOnCannotGrowMemory (/home/test/workspace/openh264/test/encoder_binary_comparison/AllTestData/Adobe_PDF_sample_a_1024x768_50Frms.264/h264enc.js:4914:7)
    at _emscripten_resize_heap (/home/test/workspace/openh264/test/encoder_binary_comparison/AllTestData/Adobe_PDF_sample_a_1024x768_50Frms.264/h264enc.js:4919:7)
    at wasm://wasm/00265406:wasm-function[1133]:0x705f0
    at wasm://wasm/00265406:wasm-function[1121]:0x6e28d
    at wasm://wasm/00265406:wasm-function[775]:0x60eb2
    at wasm://wasm/00265406:wasm-function[357]:0x2e8f3
    at wasm://wasm/00265406:wasm-function[363]:0x2f261
    at wasm://wasm/00265406:wasm-function[555]:0x407f3
    at wasm://wasm/00265406:wasm-function[554]:0x405bd   [0m
[31m    Failed! Adobe_PDF_sample_a_1024x768_50Frms.264_x.yuv Case Index 232:SHA-1(Current--Benchmark): NULL-----38b6accce999f6605bcbf52565ef912d6701b612  [0m
[31m            ----YUVSHA1:  NULL,  9aa9a4d9598eb3e1093311826844f37c43e4c521  [0m
[31m           [OpenH264] this = 0x0x514070, Error:ParamValidationExt(), WARNING: GOM based RC do not support SM_RASTER_SLICE!
Aborted(Cannot enlarge memory arrays to size 19111936 bytes (OOM). Either (1) compile with -sINITIAL_MEMORY=X with X higher than the current value 16777216, (2) compile with -sALLOW_MEMORY_GROWTH which allows increasing the size at runtime, or (3) if you want malloc to return NULL (0) instead of this abort, compile with -sABORTING_MALLOC=0)
/home/test/workspace/openh264/test/encoder_binary_comparison/AllTestData/Adobe_PDF_sample_a_1024x768_50Frms.264/h264enc.js:167
      throw ex;
      ^

RuntimeError: Aborted(Cannot enlarge memory arrays to size 19111936 bytes (OOM). Either (1) compile with -sINITIAL_MEMORY=X with X higher than the current value 16777216, (2) compile with -sALLOW_MEMORY_GROWTH which allows increasing the size at runtime, or (3) if you want malloc to return NULL (0) instead of this abort, compile with -sABORTING_MALLOC=0)
    at abort (/home/test/workspace/openh264/test/encoder_binary_comparison/AllTestData/Adobe_PDF_sample_a_1024x768_50Frms.264/h264enc.js:1031:11)
    at abortOnCannotGrowMemory (/home/test/workspace/openh264/test/encoder_binary_comparison/AllTestData/Adobe_PDF_sample_a_1024x768_50Frms.264/h264enc.js:4914:7)
    at _emscripten_resize_heap (/home/test/workspace/openh264/test/encoder_binary_comparison/AllTestData/Adobe_PDF_sample_a_1024x768_50Frms.264/h264enc.js:4919:7)
    at wasm://wasm/00265406:wasm-function[1133]:0x705f0
    at wasm://wasm/00265406:wasm-function[1121]:0x6e28d
    at wasm://wasm/00265406:wasm-function[775]:0x60eb2
    at wasm://wasm/00265406:wasm-function[357]:0x2e8f3
    at wasm://wasm/00265406:wasm-function[363]:0x2f261
    at wasm://wasm/00265406:wasm-function[555]:0x407f3
    at wasm://wasm/00265406:wasm-function[554]:0x405bd   [0m
[31m    Failed! Adobe_PDF_sample_a_1024x768_50Frms.264_x.yuv Case Index 233:SHA-1(Current--Benchmark): NULL-----38b6accce999f6605bcbf52565ef912d6701b612  [0m
[31m            ----YUVSHA1:  NULL,  9aa9a4d9598eb3e1093311826844f37c43e4c521  [0m
[31m           [OpenH264] this = 0x0x514070, Error:ParamValidationExt(), WARNING: GOM based RC do not support SM_RASTER_SLICE!
Aborted(Cannot enlarge memory arrays to size 19111936 bytes (OOM). Either (1) compile with -sINITIAL_MEMORY=X with X higher than the current value 16777216, (2) compile with -sALLOW_MEMORY_GROWTH which allows increasing the size at runtime, or (3) if you want malloc to return NULL (0) instead of this abort, compile with -sABORTING_MALLOC=0)
/home/test/workspace/openh264/test/encoder_binary_comparison/AllTestData/Adobe_PDF_sample_a_1024x768_50Frms.264/h264enc.js:167
      throw ex;
      ^

RuntimeError: Aborted(Cannot enlarge memory arrays to size 19111936 bytes (OOM). Either (1) compile with -sINITIAL_MEMORY=X with X higher than the current value 16777216, (2) compile with -sALLOW_MEMORY_GROWTH which allows increasing the size at runtime, or (3) if you want malloc to return NULL (0) instead of this abort, compile with -sABORTING_MALLOC=0)
    at abort (/home/test/workspace/openh264/test/encoder_binary_comparison/AllTestData/Adobe_PDF_sample_a_1024x768_50Frms.264/h264enc.js:1031:11)
    at abortOnCannotGrowMemory (/home/test/workspace/openh264/test/encoder_binary_comparison/AllTestData/Adobe_PDF_sample_a_1024x768_50Frms.264/h264enc.js:4914:7)
    at _emscripten_resize_heap (/home/test/workspace/openh264/test/encoder_binary_comparison/AllTestData/Adobe_PDF_sample_a_1024x768_50Frms.264/h264enc.js:4919:7)
    at wasm://wasm/00265406:wasm-function[1133]:0x705f0
    at wasm://wasm/00265406:wasm-function[1121]:0x6e28d
    at wasm://wasm/00265406:wasm-function[775]:0x60eb2
    at wasm://wasm/00265406:wasm-function[357]:0x2e8f3
    at wasm://wasm/00265406:wasm-function[363]:0x2f261
    at wasm://wasm/00265406:wasm-function[555]:0x407f3
    at wasm://wasm/00265406:wasm-function[554]:0x405bd   [0m
[31m    Failed! Adobe_PDF_sample_a_1024x768_50Frms.264_x.yuv Case Index 234:SHA-1(Current--Benchmark): NULL-----38b6accce999f6605bcbf52565ef912d6701b612  [0m
[31m            ----YUVSHA1:  NULL,  9aa9a4d9598eb3e1093311826844f37c43e4c521  [0m
[31m           [OpenH264] this = 0x0x514070, Error:ParamValidationExt(), WARNING: GOM based RC do not support SM_RASTER_SLICE!
Aborted(Cannot enlarge memory arrays to size 19111936 bytes (OOM). Either (1) compile with -sINITIAL_MEMORY=X with X higher than the current value 16777216, (2) compile with -sALLOW_MEMORY_GROWTH which allows increasing the size at runtime, or (3) if you want malloc to return NULL (0) instead of this abort, compile with -sABORTING_MALLOC=0)
/home/test/workspace/openh264/test/encoder_binary_comparison/AllTestData/Adobe_PDF_sample_a_1024x768_50Frms.264/h264enc.js:167
      throw ex;
      ^

RuntimeError: Aborted(Cannot enlarge memory arrays to size 19111936 bytes (OOM). Either (1) compile with -sINITIAL_MEMORY=X with X higher than the current value 16777216, (2) compile with -sALLOW_MEMORY_GROWTH which allows increasing the size at runtime, or (3) if you want malloc to return NULL (0) instead of this abort, compile with -sABORTING_MALLOC=0)
    at abort (/home/test/workspace/openh264/test/encoder_binary_comparison/AllTestData/Adobe_PDF_sample_a_1024x768_50Frms.264/h264enc.js:1031:11)
    at abortOnCannotGrowMemory (/home/test/workspace/openh264/test/encoder_binary_comparison/AllTestData/Adobe_PDF_sample_a_1024x768_50Frms.264/h264enc.js:4914:7)
    at _emscripten_resize_heap (/home/test/workspace/openh264/test/encoder_binary_comparison/AllTestData/Adobe_PDF_sample_a_1024x768_50Frms.264/h264enc.js:4919:7)
    at wasm://wasm/00265406:wasm-function[1133]:0x705f0
    at wasm://wasm/00265406:wasm-function[1121]:0x6e28d
    at wasm://wasm/00265406:wasm-function[775]:0x60eb2
    at wasm://wasm/00265406:wasm-function[357]:0x2e8f3
    at wasm://wasm/00265406:wasm-function[363]:0x2f261
    at wasm://wasm/00265406:wasm-function[555]:0x407f3
    at wasm://wasm/00265406:wasm-function[554]:0x405bd   [0m
[31m    Failed! Adobe_PDF_sample_a_1024x768_50Frms.264_x.yuv Case Index 235:SHA-1(Current--Benchmark): NULL-----38b6accce999f6605bcbf52565ef912d6701b612  [0m
[31m            ----YUVSHA1:  NULL,  9aa9a4d9598eb3e1093311826844f37c43e4c521  [0m
[31m           [OpenH264] this = 0x0x514070, Error:ParamValidationExt(), WARNING: GOM based RC do not support SM_RASTER_SLICE!
Aborted(Cannot enlarge memory arrays to size 19111936 bytes (OOM). Either (1) compile with -sINITIAL_MEMORY=X with X higher than the current value 16777216, (2) compile with -sALLOW_MEMORY_GROWTH which allows increasing the size at runtime, or (3) if you want malloc to return NULL (0) instead of this abort, compile with -sABORTING_MALLOC=0)
/home/test/workspace/openh264/test/encoder_binary_comparison/AllTestData/Adobe_PDF_sample_a_1024x768_50Frms.264/h264enc.js:167
      throw ex;
      ^

RuntimeError: Aborted(Cannot enlarge memory arrays to size 19111936 bytes (OOM). Either (1) compile with -sINITIAL_MEMORY=X with X higher than the current value 16777216, (2) compile with -sALLOW_MEMORY_GROWTH which allows increasing the size at runtime, or (3) if you want malloc to return NULL (0) instead of this abort, compile with -sABORTING_MALLOC=0)
    at abort (/home/test/workspace/openh264/test/encoder_binary_comparison/AllTestData/Adobe_PDF_sample_a_1024x768_50Frms.264/h264enc.js:1031:11)
    at abortOnCannotGrowMemory (/home/test/workspace/openh264/test/encoder_binary_comparison/AllTestData/Adobe_PDF_sample_a_1024x768_50Frms.264/h264enc.js:4914:7)
    at _emscripten_resize_heap (/home/test/workspace/openh264/test/encoder_binary_comparison/AllTestData/Adobe_PDF_sample_a_1024x768_50Frms.264/h264enc.js:4919:7)
    at wasm://wasm/00265406:wasm-function[1133]:0x705f0
    at wasm://wasm/00265406:wasm-function[1121]:0x6e28d
    at wasm://wasm/00265406:wasm-function[775]:0x60eb2
    at wasm://wasm/00265406:wasm-function[357]:0x2e8f3
    at wasm://wasm/00265406:wasm-function[363]:0x2f261
    at wasm://wasm/00265406:wasm-function[555]:0x407f3
    at wasm://wasm/00265406:wasm-function[554]:0x405bd   [0m
[31m    Failed! Adobe_PDF_sample_a_1024x768_50Frms.264_x.yuv Case Index 236:SHA-1(Current--Benchmark): NULL-----38b6accce999f6605bcbf52565ef912d6701b612  [0m
[31m            ----YUVSHA1:  NULL,  9aa9a4d9598eb3e1093311826844f37c43e4c521  [0m
[31m           [OpenH264] this = 0x0x514070, Error:ParamValidationExt(), WARNING: GOM based RC do not support SM_RASTER_SLICE!
Aborted(Cannot enlarge memory arrays to size 19111936 bytes (OOM). Either (1) compile with -sINITIAL_MEMORY=X with X higher than the current value 16777216, (2) compile with -sALLOW_MEMORY_GROWTH which allows increasing the size at runtime, or (3) if you want malloc to return NULL (0) instead of this abort, compile with -sABORTING_MALLOC=0)
/home/test/workspace/openh264/test/encoder_binary_comparison/AllTestData/Adobe_PDF_sample_a_1024x768_50Frms.264/h264enc.js:167
      throw ex;
      ^

RuntimeError: Aborted(Cannot enlarge memory arrays to size 19111936 bytes (OOM). Either (1) compile with -sINITIAL_MEMORY=X with X higher than the current value 16777216, (2) compile with -sALLOW_MEMORY_GROWTH which allows increasing the size at runtime, or (3) if you want malloc to return NULL (0) instead of this abort, compile with -sABORTING_MALLOC=0)
    at abort (/home/test/workspace/openh264/test/encoder_binary_comparison/AllTestData/Adobe_PDF_sample_a_1024x768_50Frms.264/h264enc.js:1031:11)
    at abortOnCannotGrowMemory (/home/test/workspace/openh264/test/encoder_binary_comparison/AllTestData/Adobe_PDF_sample_a_1024x768_50Frms.264/h264enc.js:4914:7)
    at _emscripten_resize_heap (/home/test/workspace/openh264/test/encoder_binary_comparison/AllTestData/Adobe_PDF_sample_a_1024x768_50Frms.264/h264enc.js:4919:7)
    at wasm://wasm/00265406:wasm-function[1133]:0x705f0
    at wasm://wasm/00265406:wasm-function[1121]:0x6e28d
    at wasm://wasm/00265406:wasm-function[775]:0x60eb2
    at wasm://wasm/00265406:wasm-function[357]:0x2e8f3
    at wasm://wasm/00265406:wasm-function[363]:0x2f261
    at wasm://wasm/00265406:wasm-function[555]:0x407f3
    at wasm://wasm/00265406:wasm-function[554]:0x405bd   [0m
[31m    Failed! Adobe_PDF_sample_a_1024x768_50Frms.264_x.yuv Case Index 237:SHA-1(Current--Benchmark): NULL-----38b6accce999f6605bcbf52565ef912d6701b612  [0m
[31m            ----YUVSHA1:  NULL,  9aa9a4d9598eb3e1093311826844f37c43e4c521  [0m
[31m           [OpenH264] this = 0x0x514070, Error:ParamValidationExt(), WARNING: GOM based RC do not support SM_RASTER_SLICE!
Aborted(Cannot enlarge memory arrays to size 19111936 bytes (OOM). Either (1) compile with -sINITIAL_MEMORY=X with X higher than the current value 16777216, (2) compile with -sALLOW_MEMORY_GROWTH which allows increasing the size at runtime, or (3) if you want malloc to return NULL (0) instead of this abort, compile with -sABORTING_MALLOC=0)
/home/test/workspace/openh264/test/encoder_binary_comparison/AllTestData/Adobe_PDF_sample_a_1024x768_50Frms.264/h264enc.js:167
      throw ex;
      ^

RuntimeError: Aborted(Cannot enlarge memory arrays to size 19111936 bytes (OOM). Either (1) compile with -sINITIAL_MEMORY=X with X higher than the current value 16777216, (2) compile with -sALLOW_MEMORY_GROWTH which allows increasing the size at runtime, or (3) if you want malloc to return NULL (0) instead of this abort, compile with -sABORTING_MALLOC=0)
    at abort (/home/test/workspace/openh264/test/encoder_binary_comparison/AllTestData/Adobe_PDF_sample_a_1024x768_50Frms.264/h264enc.js:1031:11)
    at abortOnCannotGrowMemory (/home/test/workspace/openh264/test/encoder_binary_comparison/AllTestData/Adobe_PDF_sample_a_1024x768_50Frms.264/h264enc.js:4914:7)
    at _emscripten_resize_heap (/home/test/workspace/openh264/test/encoder_binary_comparison/AllTestData/Adobe_PDF_sample_a_1024x768_50Frms.264/h264enc.js:4919:7)
    at wasm://wasm/00265406:wasm-function[1133]:0x705f0
    at wasm://wasm/00265406:wasm-function[1121]:0x6e28d
    at wasm://wasm/00265406:wasm-function[775]:0x60eb2
    at wasm://wasm/00265406:wasm-function[357]:0x2e8f3
    at wasm://wasm/00265406:wasm-function[363]:0x2f261
    at wasm://wasm/00265406:wasm-function[555]:0x407f3
    at wasm://wasm/00265406:wasm-function[554]:0x405bd   [0m
[31m    Failed! Adobe_PDF_sample_a_1024x768_50Frms.264_x.yuv Case Index 238:SHA-1(Current--Benchmark): NULL-----38b6accce999f6605bcbf52565ef912d6701b612  [0m
[31m            ----YUVSHA1:  NULL,  9aa9a4d9598eb3e1093311826844f37c43e4c521  [0m
[31m           [OpenH264] this = 0x0x514070, Error:ParamValidationExt(), WARNING: GOM based RC do not support SM_RASTER_SLICE!
Aborted(Cannot enlarge memory arrays to size 19111936 bytes (OOM). Either (1) compile with -sINITIAL_MEMORY=X with X higher than the current value 16777216, (2) compile with -sALLOW_MEMORY_GROWTH which allows increasing the size at runtime, or (3) if you want malloc to return NULL (0) instead of this abort, compile with -sABORTING_MALLOC=0)
/home/test/workspace/openh264/test/encoder_binary_comparison/AllTestData/Adobe_PDF_sample_a_1024x768_50Frms.264/h264enc.js:167
      throw ex;
      ^

RuntimeError: Aborted(Cannot enlarge memory arrays to size 19111936 bytes (OOM). Either (1) compile with -sINITIAL_MEMORY=X with X higher than the current value 16777216, (2) compile with -sALLOW_MEMORY_GROWTH which allows increasing the size at runtime, or (3) if you want malloc to return NULL (0) instead of this abort, compile with -sABORTING_MALLOC=0)
    at abort (/home/test/workspace/openh264/test/encoder_binary_comparison/AllTestData/Adobe_PDF_sample_a_1024x768_50Frms.264/h264enc.js:1031:11)
    at abortOnCannotGrowMemory (/home/test/workspace/openh264/test/encoder_binary_comparison/AllTestData/Adobe_PDF_sample_a_1024x768_50Frms.264/h264enc.js:4914:7)
    at _emscripten_resize_heap (/home/test/workspace/openh264/test/encoder_binary_comparison/AllTestData/Adobe_PDF_sample_a_1024x768_50Frms.264/h264enc.js:4919:7)
    at wasm://wasm/00265406:wasm-function[1133]:0x705f0
    at wasm://wasm/00265406:wasm-function[1121]:0x6e28d
    at wasm://wasm/00265406:wasm-function[775]:0x60eb2
    at wasm://wasm/00265406:wasm-function[357]:0x2e8f3
    at wasm://wasm/00265406:wasm-function[363]:0x2f261
    at wasm://wasm/00265406:wasm-function[555]:0x407f3
    at wasm://wasm/00265406:wasm-function[554]:0x405bd   [0m
[31m    Failed! Adobe_PDF_sample_a_1024x768_50Frms.264_x.yuv Case Index 239:SHA-1(Current--Benchmark): NULL-----38b6accce999f6605bcbf52565ef912d6701b612  [0m
[31m            ----YUVSHA1:  NULL,  9aa9a4d9598eb3e1093311826844f37c43e4c521  [0m
[31m           [OpenH264] this = 0x0x514070, Error:ParamValidationExt(), WARNING: GOM based RC do not support SM_RASTER_SLICE!
Aborted(Cannot enlarge memory arrays to size 19111936 bytes (OOM). Either (1) compile with -sINITIAL_MEMORY=X with X higher than the current value 16777216, (2) compile with -sALLOW_MEMORY_GROWTH which allows increasing the size at runtime, or (3) if you want malloc to return NULL (0) instead of this abort, compile with -sABORTING_MALLOC=0)
/home/test/workspace/openh264/test/encoder_binary_comparison/AllTestData/Adobe_PDF_sample_a_1024x768_50Frms.264/h264enc.js:167
      throw ex;
      ^

RuntimeError: Aborted(Cannot enlarge memory arrays to size 19111936 bytes (OOM). Either (1) compile with -sINITIAL_MEMORY=X with X higher than the current value 16777216, (2) compile with -sALLOW_MEMORY_GROWTH which allows increasing the size at runtime, or (3) if you want malloc to return NULL (0) instead of this abort, compile with -sABORTING_MALLOC=0)
    at abort (/home/test/workspace/openh264/test/encoder_binary_comparison/AllTestData/Adobe_PDF_sample_a_1024x768_50Frms.264/h264enc.js:1031:11)
    at abortOnCannotGrowMemory (/home/test/workspace/openh264/test/encoder_binary_comparison/AllTestData/Adobe_PDF_sample_a_1024x768_50Frms.264/h264enc.js:4914:7)
    at _emscripten_resize_heap (/home/test/workspace/openh264/test/encoder_binary_comparison/AllTestData/Adobe_PDF_sample_a_1024x768_50Frms.264/h264enc.js:4919:7)
    at wasm://wasm/00265406:wasm-function[1133]:0x705f0
    at wasm://wasm/00265406:wasm-function[1121]:0x6e28d
    at wasm://wasm/00265406:wasm-function[775]:0x60eb2
    at wasm://wasm/00265406:wasm-function[357]:0x2e8f3
    at wasm://wasm/00265406:wasm-function[363]:0x2f261
    at wasm://wasm/00265406:wasm-function[555]:0x407f3
    at wasm://wasm/00265406:wasm-function[554]:0x405bd   [0m
[31m    Failed! Adobe_PDF_sample_a_1024x768_50Frms.264_x.yuv Case Index 240:SHA-1(Current--Benchmark): NULL-----38b6accce999f6605bcbf52565ef912d6701b612  [0m
[31m            ----YUVSHA1:  NULL,  9aa9a4d9598eb3e1093311826844f37c43e4c521  [0m
[31m           [OpenH264] this = 0x0x514070, Error:ParamValidationExt(), WARNING: GOM based RC do not support SM_RASTER_SLICE!
Aborted(Cannot enlarge memory arrays to size 19111936 bytes (OOM). Either (1) compile with -sINITIAL_MEMORY=X with X higher than the current value 16777216, (2) compile with -sALLOW_MEMORY_GROWTH which allows increasing the size at runtime, or (3) if you want malloc to return NULL (0) instead of this abort, compile with -sABORTING_MALLOC=0)
/home/test/workspace/openh264/test/encoder_binary_comparison/AllTestData/Adobe_PDF_sample_a_1024x768_50Frms.264/h264enc.js:167
      throw ex;
      ^

RuntimeError: Aborted(Cannot enlarge memory arrays to size 19111936 bytes (OOM). Either (1) compile with -sINITIAL_MEMORY=X with X higher than the current value 16777216, (2) compile with -sALLOW_MEMORY_GROWTH which allows increasing the size at runtime, or (3) if you want malloc to return NULL (0) instead of this abort, compile with -sABORTING_MALLOC=0)
    at abort (/home/test/workspace/openh264/test/encoder_binary_comparison/AllTestData/Adobe_PDF_sample_a_1024x768_50Frms.264/h264enc.js:1031:11)
    at abortOnCannotGrowMemory (/home/test/workspace/openh264/test/encoder_binary_comparison/AllTestData/Adobe_PDF_sample_a_1024x768_50Frms.264/h264enc.js:4914:7)
    at _emscripten_resize_heap (/home/test/workspace/openh264/test/encoder_binary_comparison/AllTestData/Adobe_PDF_sample_a_1024x768_50Frms.264/h264enc.js:4919:7)
    at wasm://wasm/00265406:wasm-function[1133]:0x705f0
    at wasm://wasm/00265406:wasm-function[1121]:0x6e28d
    at wasm://wasm/00265406:wasm-function[775]:0x60eb2
    at wasm://wasm/00265406:wasm-function[357]:0x2e8f3
    at wasm://wasm/00265406:wasm-function[363]:0x2f261
    at wasm://wasm/00265406:wasm-function[555]:0x407f3
    at wasm://wasm/00265406:wasm-function[554]:0x405bd   [0m
[31m    Failed! Adobe_PDF_sample_a_1024x768_50Frms.264_x.yuv Case Index 241:SHA-1(Current--Benchmark): NULL-----38b6accce999f6605bcbf52565ef912d6701b612  [0m
[31m            ----YUVSHA1:  NULL,  9aa9a4d9598eb3e1093311826844f37c43e4c521  [0m
[31m           [OpenH264] this = 0x0x514070, Error:ParamValidationExt(), WARNING: GOM based RC do not support SM_RASTER_SLICE!
Aborted(Cannot enlarge memory arrays to size 19111936 bytes (OOM). Either (1) compile with -sINITIAL_MEMORY=X with X higher than the current value 16777216, (2) compile with -sALLOW_MEMORY_GROWTH which allows increasing the size at runtime, or (3) if you want malloc to return NULL (0) instead of this abort, compile with -sABORTING_MALLOC=0)
/home/test/workspace/openh264/test/encoder_binary_comparison/AllTestData/Adobe_PDF_sample_a_1024x768_50Frms.264/h264enc.js:167
      throw ex;
      ^

RuntimeError: Aborted(Cannot enlarge memory arrays to size 19111936 bytes (OOM). Either (1) compile with -sINITIAL_MEMORY=X with X higher than the current value 16777216, (2) compile with -sALLOW_MEMORY_GROWTH which allows increasing the size at runtime, or (3) if you want malloc to return NULL (0) instead of this abort, compile with -sABORTING_MALLOC=0)
    at abort (/home/test/workspace/openh264/test/encoder_binary_comparison/AllTestData/Adobe_PDF_sample_a_1024x768_50Frms.264/h264enc.js:1031:11)
    at abortOnCannotGrowMemory (/home/test/workspace/openh264/test/encoder_binary_comparison/AllTestData/Adobe_PDF_sample_a_1024x768_50Frms.264/h264enc.js:4914:7)
    at _emscripten_resize_heap (/home/test/workspace/openh264/test/encoder_binary_comparison/AllTestData/Adobe_PDF_sample_a_1024x768_50Frms.264/h264enc.js:4919:7)
    at wasm://wasm/00265406:wasm-function[1133]:0x705f0
    at wasm://wasm/00265406:wasm-function[1121]:0x6e28d
    at wasm://wasm/00265406:wasm-function[775]:0x60eb2
    at wasm://wasm/00265406:wasm-function[357]:0x2e8f3
    at wasm://wasm/00265406:wasm-function[363]:0x2f261
    at wasm://wasm/00265406:wasm-function[555]:0x407f3
    at wasm://wasm/00265406:wasm-function[554]:0x405bd   [0m
[31m    Failed! Adobe_PDF_sample_a_1024x768_50Frms.264_x.yuv Case Index 242:SHA-1(Current--Benchmark): NULL-----38b6accce999f6605bcbf52565ef912d6701b612  [0m
[31m            ----YUVSHA1:  NULL,  9aa9a4d9598eb3e1093311826844f37c43e4c521  [0m
[31m           [OpenH264] this = 0x0x514070, Error:ParamValidationExt(), WARNING: GOM based RC do not support SM_RASTER_SLICE!
Aborted(Cannot enlarge memory arrays to size 19111936 bytes (OOM). Either (1) compile with -sINITIAL_MEMORY=X with X higher than the current value 16777216, (2) compile with -sALLOW_MEMORY_GROWTH which allows increasing the size at runtime, or (3) if you want malloc to return NULL (0) instead of this abort, compile with -sABORTING_MALLOC=0)
/home/test/workspace/openh264/test/encoder_binary_comparison/AllTestData/Adobe_PDF_sample_a_1024x768_50Frms.264/h264enc.js:167
      throw ex;
      ^

RuntimeError: Aborted(Cannot enlarge memory arrays to size 19111936 bytes (OOM). Either (1) compile with -sINITIAL_MEMORY=X with X higher than the current value 16777216, (2) compile with -sALLOW_MEMORY_GROWTH which allows increasing the size at runtime, or (3) if you want malloc to return NULL (0) instead of this abort, compile with -sABORTING_MALLOC=0)
    at abort (/home/test/workspace/openh264/test/encoder_binary_comparison/AllTestData/Adobe_PDF_sample_a_1024x768_50Frms.264/h264enc.js:1031:11)
    at abortOnCannotGrowMemory (/home/test/workspace/openh264/test/encoder_binary_comparison/AllTestData/Adobe_PDF_sample_a_1024x768_50Frms.264/h264enc.js:4914:7)
    at _emscripten_resize_heap (/home/test/workspace/openh264/test/encoder_binary_comparison/AllTestData/Adobe_PDF_sample_a_1024x768_50Frms.264/h264enc.js:4919:7)
    at wasm://wasm/00265406:wasm-function[1133]:0x705f0
    at wasm://wasm/00265406:wasm-function[1121]:0x6e28d
    at wasm://wasm/00265406:wasm-function[775]:0x60eb2
    at wasm://wasm/00265406:wasm-function[357]:0x2e8f3
    at wasm://wasm/00265406:wasm-function[363]:0x2f261
    at wasm://wasm/00265406:wasm-function[555]:0x407f3
    at wasm://wasm/00265406:wasm-function[554]:0x405bd   [0m
[31m    Failed! Adobe_PDF_sample_a_1024x768_50Frms.264_x.yuv Case Index 243:SHA-1(Current--Benchmark): NULL-----38b6accce999f6605bcbf52565ef912d6701b612  [0m
[31m            ----YUVSHA1:  NULL,  9aa9a4d9598eb3e1093311826844f37c43e4c521  [0m
[31m           [OpenH264] this = 0x0x514070, Error:ParamValidationExt(), WARNING: GOM based RC do not support SM_RASTER_SLICE!
Aborted(Cannot enlarge memory arrays to size 19111936 bytes (OOM). Either (1) compile with -sINITIAL_MEMORY=X with X higher than the current value 16777216, (2) compile with -sALLOW_MEMORY_GROWTH which allows increasing the size at runtime, or (3) if you want malloc to return NULL (0) instead of this abort, compile with -sABORTING_MALLOC=0)
/home/test/workspace/openh264/test/encoder_binary_comparison/AllTestData/Adobe_PDF_sample_a_1024x768_50Frms.264/h264enc.js:167
      throw ex;
      ^

RuntimeError: Aborted(Cannot enlarge memory arrays to size 19111936 bytes (OOM). Either (1) compile with -sINITIAL_MEMORY=X with X higher than the current value 16777216, (2) compile with -sALLOW_MEMORY_GROWTH which allows increasing the size at runtime, or (3) if you want malloc to return NULL (0) instead of this abort, compile with -sABORTING_MALLOC=0)
    at abort (/home/test/workspace/openh264/test/encoder_binary_comparison/AllTestData/Adobe_PDF_sample_a_1024x768_50Frms.264/h264enc.js:1031:11)
    at abortOnCannotGrowMemory (/home/test/workspace/openh264/test/encoder_binary_comparison/AllTestData/Adobe_PDF_sample_a_1024x768_50Frms.264/h264enc.js:4914:7)
    at _emscripten_resize_heap (/home/test/workspace/openh264/test/encoder_binary_comparison/AllTestData/Adobe_PDF_sample_a_1024x768_50Frms.264/h264enc.js:4919:7)
    at wasm://wasm/00265406:wasm-function[1133]:0x705f0
    at wasm://wasm/00265406:wasm-function[1121]:0x6e28d
    at wasm://wasm/00265406:wasm-function[775]:0x60eb2
    at wasm://wasm/00265406:wasm-function[357]:0x2e8f3
    at wasm://wasm/00265406:wasm-function[363]:0x2f261
    at wasm://wasm/00265406:wasm-function[555]:0x407f3
    at wasm://wasm/00265406:wasm-function[554]:0x405bd   [0m
[31m    Failed! Adobe_PDF_sample_a_1024x768_50Frms.264_x.yuv Case Index 244:SHA-1(Current--Benchmark): NULL-----38b6accce999f6605bcbf52565ef912d6701b612  [0m
[31m            ----YUVSHA1:  NULL,  9aa9a4d9598eb3e1093311826844f37c43e4c521  [0m
[31m           [OpenH264] this = 0x0x514070, Error:ParamValidationExt(), WARNING: GOM based RC do not support SM_RASTER_SLICE!
Aborted(Cannot enlarge memory arrays to size 19111936 bytes (OOM). Either (1) compile with -sINITIAL_MEMORY=X with X higher than the current value 16777216, (2) compile with -sALLOW_MEMORY_GROWTH which allows increasing the size at runtime, or (3) if you want malloc to return NULL (0) instead of this abort, compile with -sABORTING_MALLOC=0)
/home/test/workspace/openh264/test/encoder_binary_comparison/AllTestData/Adobe_PDF_sample_a_1024x768_50Frms.264/h264enc.js:167
      throw ex;
      ^

RuntimeError: Aborted(Cannot enlarge memory arrays to size 19111936 bytes (OOM). Either (1) compile with -sINITIAL_MEMORY=X with X higher than the current value 16777216, (2) compile with -sALLOW_MEMORY_GROWTH which allows increasing the size at runtime, or (3) if you want malloc to return NULL (0) instead of this abort, compile with -sABORTING_MALLOC=0)
    at abort (/home/test/workspace/openh264/test/encoder_binary_comparison/AllTestData/Adobe_PDF_sample_a_1024x768_50Frms.264/h264enc.js:1031:11)
    at abortOnCannotGrowMemory (/home/test/workspace/openh264/test/encoder_binary_comparison/AllTestData/Adobe_PDF_sample_a_1024x768_50Frms.264/h264enc.js:4914:7)
    at _emscripten_resize_heap (/home/test/workspace/openh264/test/encoder_binary_comparison/AllTestData/Adobe_PDF_sample_a_1024x768_50Frms.264/h264enc.js:4919:7)
    at wasm://wasm/00265406:wasm-function[1133]:0x705f0
    at wasm://wasm/00265406:wasm-function[1121]:0x6e28d
    at wasm://wasm/00265406:wasm-function[775]:0x60eb2
    at wasm://wasm/00265406:wasm-function[357]:0x2e8f3
    at wasm://wasm/00265406:wasm-function[363]:0x2f261
    at wasm://wasm/00265406:wasm-function[555]:0x407f3
    at wasm://wasm/00265406:wasm-function[554]:0x405bd   [0m
[31m    Failed! Adobe_PDF_sample_a_1024x768_50Frms.264_x.yuv Case Index 245:SHA-1(Current--Benchmark): NULL-----38b6accce999f6605bcbf52565ef912d6701b612  [0m
[31m            ----YUVSHA1:  NULL,  9aa9a4d9598eb3e1093311826844f37c43e4c521  [0m
[31m           [OpenH264] this = 0x0x514070, Error:ParamValidationExt(), WARNING: GOM based RC do not support SM_RASTER_SLICE!
Aborted(Cannot enlarge memory arrays to size 19111936 bytes (OOM). Either (1) compile with -sINITIAL_MEMORY=X with X higher than the current value 16777216, (2) compile with -sALLOW_MEMORY_GROWTH which allows increasing the size at runtime, or (3) if you want malloc to return NULL (0) instead of this abort, compile with -sABORTING_MALLOC=0)
/home/test/workspace/openh264/test/encoder_binary_comparison/AllTestData/Adobe_PDF_sample_a_1024x768_50Frms.264/h264enc.js:167
      throw ex;
      ^

RuntimeError: Aborted(Cannot enlarge memory arrays to size 19111936 bytes (OOM). Either (1) compile with -sINITIAL_MEMORY=X with X higher than the current value 16777216, (2) compile with -sALLOW_MEMORY_GROWTH which allows increasing the size at runtime, or (3) if you want malloc to return NULL (0) instead of this abort, compile with -sABORTING_MALLOC=0)
    at abort (/home/test/workspace/openh264/test/encoder_binary_comparison/AllTestData/Adobe_PDF_sample_a_1024x768_50Frms.264/h264enc.js:1031:11)
    at abortOnCannotGrowMemory (/home/test/workspace/openh264/test/encoder_binary_comparison/AllTestData/Adobe_PDF_sample_a_1024x768_50Frms.264/h264enc.js:4914:7)
    at _emscripten_resize_heap (/home/test/workspace/openh264/test/encoder_binary_comparison/AllTestData/Adobe_PDF_sample_a_1024x768_50Frms.264/h264enc.js:4919:7)
    at wasm://wasm/00265406:wasm-function[1133]:0x705f0
    at wasm://wasm/00265406:wasm-function[1121]:0x6e28d
    at wasm://wasm/00265406:wasm-function[775]:0x60eb2
    at wasm://wasm/00265406:wasm-function[357]:0x2e8f3
    at wasm://wasm/00265406:wasm-function[363]:0x2f261
    at wasm://wasm/00265406:wasm-function[555]:0x407f3
    at wasm://wasm/00265406:wasm-function[554]:0x405bd   [0m
[31m    Failed! Adobe_PDF_sample_a_1024x768_50Frms.264_x.yuv Case Index 246:SHA-1(Current--Benchmark): NULL-----38b6accce999f6605bcbf52565ef912d6701b612  [0m
[31m            ----YUVSHA1:  NULL,  9aa9a4d9598eb3e1093311826844f37c43e4c521  [0m
[31m           [OpenH264] this = 0x0x514070, Error:ParamValidationExt(), WARNING: GOM based RC do not support SM_RASTER_SLICE!
Aborted(Cannot enlarge memory arrays to size 19111936 bytes (OOM). Either (1) compile with -sINITIAL_MEMORY=X with X higher than the current value 16777216, (2) compile with -sALLOW_MEMORY_GROWTH which allows increasing the size at runtime, or (3) if you want malloc to return NULL (0) instead of this abort, compile with -sABORTING_MALLOC=0)
/home/test/workspace/openh264/test/encoder_binary_comparison/AllTestData/Adobe_PDF_sample_a_1024x768_50Frms.264/h264enc.js:167
      throw ex;
      ^

RuntimeError: Aborted(Cannot enlarge memory arrays to size 19111936 bytes (OOM). Either (1) compile with -sINITIAL_MEMORY=X with X higher than the current value 16777216, (2) compile with -sALLOW_MEMORY_GROWTH which allows increasing the size at runtime, or (3) if you want malloc to return NULL (0) instead of this abort, compile with -sABORTING_MALLOC=0)
    at abort (/home/test/workspace/openh264/test/encoder_binary_comparison/AllTestData/Adobe_PDF_sample_a_1024x768_50Frms.264/h264enc.js:1031:11)
    at abortOnCannotGrowMemory (/home/test/workspace/openh264/test/encoder_binary_comparison/AllTestData/Adobe_PDF_sample_a_1024x768_50Frms.264/h264enc.js:4914:7)
    at _emscripten_resize_heap (/home/test/workspace/openh264/test/encoder_binary_comparison/AllTestData/Adobe_PDF_sample_a_1024x768_50Frms.264/h264enc.js:4919:7)
    at wasm://wasm/00265406:wasm-function[1133]:0x705f0
    at wasm://wasm/00265406:wasm-function[1121]:0x6e28d
    at wasm://wasm/00265406:wasm-function[775]:0x60eb2
    at wasm://wasm/00265406:wasm-function[357]:0x2e8f3
    at wasm://wasm/00265406:wasm-function[363]:0x2f261
    at wasm://wasm/00265406:wasm-function[555]:0x407f3
    at wasm://wasm/00265406:wasm-function[554]:0x405bd   [0m
[31m    Failed! Adobe_PDF_sample_a_1024x768_50Frms.264_x.yuv Case Index 247:SHA-1(Current--Benchmark): NULL-----38b6accce999f6605bcbf52565ef912d6701b612  [0m
[31m            ----YUVSHA1:  NULL,  9aa9a4d9598eb3e1093311826844f37c43e4c521  [0m
[31m           [OpenH264] this = 0x0x514070, Error:ParamValidationExt(), WARNING: GOM based RC do not support SM_RASTER_SLICE!
Aborted(Cannot enlarge memory arrays to size 19111936 bytes (OOM). Either (1) compile with -sINITIAL_MEMORY=X with X higher than the current value 16777216, (2) compile with -sALLOW_MEMORY_GROWTH which allows increasing the size at runtime, or (3) if you want malloc to return NULL (0) instead of this abort, compile with -sABORTING_MALLOC=0)
/home/test/workspace/openh264/test/encoder_binary_comparison/AllTestData/Adobe_PDF_sample_a_1024x768_50Frms.264/h264enc.js:167
      throw ex;
      ^

RuntimeError: Aborted(Cannot enlarge memory arrays to size 19111936 bytes (OOM). Either (1) compile with -sINITIAL_MEMORY=X with X higher than the current value 16777216, (2) compile with -sALLOW_MEMORY_GROWTH which allows increasing the size at runtime, or (3) if you want malloc to return NULL (0) instead of this abort, compile with -sABORTING_MALLOC=0)
    at abort (/home/test/workspace/openh264/test/encoder_binary_comparison/AllTestData/Adobe_PDF_sample_a_1024x768_50Frms.264/h264enc.js:1031:11)
    at abortOnCannotGrowMemory (/home/test/workspace/openh264/test/encoder_binary_comparison/AllTestData/Adobe_PDF_sample_a_1024x768_50Frms.264/h264enc.js:4914:7)
    at _emscripten_resize_heap (/home/test/workspace/openh264/test/encoder_binary_comparison/AllTestData/Adobe_PDF_sample_a_1024x768_50Frms.264/h264enc.js:4919:7)
    at wasm://wasm/00265406:wasm-function[1133]:0x705f0
    at wasm://wasm/00265406:wasm-function[1121]:0x6e28d
    at wasm://wasm/00265406:wasm-function[775]:0x60eb2
    at wasm://wasm/00265406:wasm-function[357]:0x2e8f3
    at wasm://wasm/00265406:wasm-function[363]:0x2f261
    at wasm://wasm/00265406:wasm-function[555]:0x407f3
    at wasm://wasm/00265406:wasm-function[554]:0x405bd   [0m
[31m    Failed! Adobe_PDF_sample_a_1024x768_50Frms.264_x.yuv Case Index 248:SHA-1(Current--Benchmark): NULL-----38b6accce999f6605bcbf52565ef912d6701b612  [0m
[31m            ----YUVSHA1:  NULL,  9aa9a4d9598eb3e1093311826844f37c43e4c521  [0m
[31m           [OpenH264] this = 0x0x514070, Error:ParamValidationExt(), WARNING: GOM based RC do not support SM_RASTER_SLICE!
Aborted(Cannot enlarge memory arrays to size 19111936 bytes (OOM). Either (1) compile with -sINITIAL_MEMORY=X with X higher than the current value 16777216, (2) compile with -sALLOW_MEMORY_GROWTH which allows increasing the size at runtime, or (3) if you want malloc to return NULL (0) instead of this abort, compile with -sABORTING_MALLOC=0)
/home/test/workspace/openh264/test/encoder_binary_comparison/AllTestData/Adobe_PDF_sample_a_1024x768_50Frms.264/h264enc.js:167
      throw ex;
      ^

RuntimeError: Aborted(Cannot enlarge memory arrays to size 19111936 bytes (OOM). Either (1) compile with -sINITIAL_MEMORY=X with X higher than the current value 16777216, (2) compile with -sALLOW_MEMORY_GROWTH which allows increasing the size at runtime, or (3) if you want malloc to return NULL (0) instead of this abort, compile with -sABORTING_MALLOC=0)
    at abort (/home/test/workspace/openh264/test/encoder_binary_comparison/AllTestData/Adobe_PDF_sample_a_1024x768_50Frms.264/h264enc.js:1031:11)
    at abortOnCannotGrowMemory (/home/test/workspace/openh264/test/encoder_binary_comparison/AllTestData/Adobe_PDF_sample_a_1024x768_50Frms.264/h264enc.js:4914:7)
    at _emscripten_resize_heap (/home/test/workspace/openh264/test/encoder_binary_comparison/AllTestData/Adobe_PDF_sample_a_1024x768_50Frms.264/h264enc.js:4919:7)
    at wasm://wasm/00265406:wasm-function[1133]:0x705f0
    at wasm://wasm/00265406:wasm-function[1121]:0x6e28d
    at wasm://wasm/00265406:wasm-function[775]:0x60eb2
    at wasm://wasm/00265406:wasm-function[357]:0x2e8f3
    at wasm://wasm/00265406:wasm-function[363]:0x2f261
    at wasm://wasm/00265406:wasm-function[555]:0x407f3
    at wasm://wasm/00265406:wasm-function[554]:0x405bd   [0m
[31m    Failed! Adobe_PDF_sample_a_1024x768_50Frms.264_x.yuv Case Index 249:SHA-1(Current--Benchmark): NULL-----38b6accce999f6605bcbf52565ef912d6701b612  [0m
[31m            ----YUVSHA1:  NULL,  9aa9a4d9598eb3e1093311826844f37c43e4c521  [0m
[31m           [OpenH264] this = 0x0x514070, Error:ParamValidationExt(), WARNING: GOM based RC do not support SM_RASTER_SLICE!
Aborted(Cannot enlarge memory arrays to size 19111936 bytes (OOM). Either (1) compile with -sINITIAL_MEMORY=X with X higher than the current value 16777216, (2) compile with -sALLOW_MEMORY_GROWTH which allows increasing the size at runtime, or (3) if you want malloc to return NULL (0) instead of this abort, compile with -sABORTING_MALLOC=0)
/home/test/workspace/openh264/test/encoder_binary_comparison/AllTestData/Adobe_PDF_sample_a_1024x768_50Frms.264/h264enc.js:167
      throw ex;
      ^

RuntimeError: Aborted(Cannot enlarge memory arrays to size 19111936 bytes (OOM). Either (1) compile with -sINITIAL_MEMORY=X with X higher than the current value 16777216, (2) compile with -sALLOW_MEMORY_GROWTH which allows increasing the size at runtime, or (3) if you want malloc to return NULL (0) instead of this abort, compile with -sABORTING_MALLOC=0)
    at abort (/home/test/workspace/openh264/test/encoder_binary_comparison/AllTestData/Adobe_PDF_sample_a_1024x768_50Frms.264/h264enc.js:1031:11)
    at abortOnCannotGrowMemory (/home/test/workspace/openh264/test/encoder_binary_comparison/AllTestData/Adobe_PDF_sample_a_1024x768_50Frms.264/h264enc.js:4914:7)
    at _emscripten_resize_heap (/home/test/workspace/openh264/test/encoder_binary_comparison/AllTestData/Adobe_PDF_sample_a_1024x768_50Frms.264/h264enc.js:4919:7)
    at wasm://wasm/00265406:wasm-function[1133]:0x705f0
    at wasm://wasm/00265406:wasm-function[1121]:0x6e28d
    at wasm://wasm/00265406:wasm-function[775]:0x60eb2
    at wasm://wasm/00265406:wasm-function[357]:0x2e8f3
    at wasm://wasm/00265406:wasm-function[363]:0x2f261
    at wasm://wasm/00265406:wasm-function[555]:0x407f3
    at wasm://wasm/00265406:wasm-function[554]:0x405bd   [0m
[31m    Failed! Adobe_PDF_sample_a_1024x768_50Frms.264_x.yuv Case Index 250:SHA-1(Current--Benchmark): NULL-----38b6accce999f6605bcbf52565ef912d6701b612  [0m
[31m            ----YUVSHA1:  NULL,  9aa9a4d9598eb3e1093311826844f37c43e4c521  [0m
[31m           [OpenH264] this = 0x0x514070, Error:ParamValidationExt(), WARNING: GOM based RC do not support SM_RASTER_SLICE!
Aborted(Cannot enlarge memory arrays to size 19111936 bytes (OOM). Either (1) compile with -sINITIAL_MEMORY=X with X higher than the current value 16777216, (2) compile with -sALLOW_MEMORY_GROWTH which allows increasing the size at runtime, or (3) if you want malloc to return NULL (0) instead of this abort, compile with -sABORTING_MALLOC=0)
/home/test/workspace/openh264/test/encoder_binary_comparison/AllTestData/Adobe_PDF_sample_a_1024x768_50Frms.264/h264enc.js:167
      throw ex;
      ^

RuntimeError: Aborted(Cannot enlarge memory arrays to size 19111936 bytes (OOM). Either (1) compile with -sINITIAL_MEMORY=X with X higher than the current value 16777216, (2) compile with -sALLOW_MEMORY_GROWTH which allows increasing the size at runtime, or (3) if you want malloc to return NULL (0) instead of this abort, compile with -sABORTING_MALLOC=0)
    at abort (/home/test/workspace/openh264/test/encoder_binary_comparison/AllTestData/Adobe_PDF_sample_a_1024x768_50Frms.264/h264enc.js:1031:11)
    at abortOnCannotGrowMemory (/home/test/workspace/openh264/test/encoder_binary_comparison/AllTestData/Adobe_PDF_sample_a_1024x768_50Frms.264/h264enc.js:4914:7)
    at _emscripten_resize_heap (/home/test/workspace/openh264/test/encoder_binary_comparison/AllTestData/Adobe_PDF_sample_a_1024x768_50Frms.264/h264enc.js:4919:7)
    at wasm://wasm/00265406:wasm-function[1133]:0x705f0
    at wasm://wasm/00265406:wasm-function[1121]:0x6e28d
    at wasm://wasm/00265406:wasm-function[775]:0x60eb2
    at wasm://wasm/00265406:wasm-function[357]:0x2e8f3
    at wasm://wasm/00265406:wasm-function[363]:0x2f261
    at wasm://wasm/00265406:wasm-function[555]:0x407f3
    at wasm://wasm/00265406:wasm-function[554]:0x405bd   [0m
[31m    Failed! Adobe_PDF_sample_a_1024x768_50Frms.264_x.yuv Case Index 251:SHA-1(Current--Benchmark): NULL-----38b6accce999f6605bcbf52565ef912d6701b612  [0m
[31m            ----YUVSHA1:  NULL,  9aa9a4d9598eb3e1093311826844f37c43e4c521  [0m
[31m           [OpenH264] this = 0x0x514070, Error:ParamValidationExt(), WARNING: GOM based RC do not support SM_RASTER_SLICE!
Aborted(Cannot enlarge memory arrays to size 19111936 bytes (OOM). Either (1) compile with -sINITIAL_MEMORY=X with X higher than the current value 16777216, (2) compile with -sALLOW_MEMORY_GROWTH which allows increasing the size at runtime, or (3) if you want malloc to return NULL (0) instead of this abort, compile with -sABORTING_MALLOC=0)
/home/test/workspace/openh264/test/encoder_binary_comparison/AllTestData/Adobe_PDF_sample_a_1024x768_50Frms.264/h264enc.js:167
      throw ex;
      ^

RuntimeError: Aborted(Cannot enlarge memory arrays to size 19111936 bytes (OOM). Either (1) compile with -sINITIAL_MEMORY=X with X higher than the current value 16777216, (2) compile with -sALLOW_MEMORY_GROWTH which allows increasing the size at runtime, or (3) if you want malloc to return NULL (0) instead of this abort, compile with -sABORTING_MALLOC=0)
    at abort (/home/test/workspace/openh264/test/encoder_binary_comparison/AllTestData/Adobe_PDF_sample_a_1024x768_50Frms.264/h264enc.js:1031:11)
    at abortOnCannotGrowMemory (/home/test/workspace/openh264/test/encoder_binary_comparison/AllTestData/Adobe_PDF_sample_a_1024x768_50Frms.264/h264enc.js:4914:7)
    at _emscripten_resize_heap (/home/test/workspace/openh264/test/encoder_binary_comparison/AllTestData/Adobe_PDF_sample_a_1024x768_50Frms.264/h264enc.js:4919:7)
    at wasm://wasm/00265406:wasm-function[1133]:0x705f0
    at wasm://wasm/00265406:wasm-function[1121]:0x6e28d
    at wasm://wasm/00265406:wasm-function[775]:0x60eb2
    at wasm://wasm/00265406:wasm-function[357]:0x2e8f3
    at wasm://wasm/00265406:wasm-function[363]:0x2f261
    at wasm://wasm/00265406:wasm-function[555]:0x407f3
    at wasm://wasm/00265406:wasm-function[554]:0x405bd   [0m
[31m    Failed! Adobe_PDF_sample_a_1024x768_50Frms.264_x.yuv Case Index 252:SHA-1(Current--Benchmark): NULL-----38b6accce999f6605bcbf52565ef912d6701b612  [0m
[31m            ----YUVSHA1:  NULL,  9aa9a4d9598eb3e1093311826844f37c43e4c521  [0m
[31m           [OpenH264] this = 0x0x514070, Error:ParamValidationExt(), WARNING: GOM based RC do not support SM_RASTER_SLICE!
Aborted(Cannot enlarge memory arrays to size 19111936 bytes (OOM). Either (1) compile with -sINITIAL_MEMORY=X with X higher than the current value 16777216, (2) compile with -sALLOW_MEMORY_GROWTH which allows increasing the size at runtime, or (3) if you want malloc to return NULL (0) instead of this abort, compile with -sABORTING_MALLOC=0)
/home/test/workspace/openh264/test/encoder_binary_comparison/AllTestData/Adobe_PDF_sample_a_1024x768_50Frms.264/h264enc.js:167
      throw ex;
      ^

RuntimeError: Aborted(Cannot enlarge memory arrays to size 19111936 bytes (OOM). Either (1) compile with -sINITIAL_MEMORY=X with X higher than the current value 16777216, (2) compile with -sALLOW_MEMORY_GROWTH which allows increasing the size at runtime, or (3) if you want malloc to return NULL (0) instead of this abort, compile with -sABORTING_MALLOC=0)
    at abort (/home/test/workspace/openh264/test/encoder_binary_comparison/AllTestData/Adobe_PDF_sample_a_1024x768_50Frms.264/h264enc.js:1031:11)
    at abortOnCannotGrowMemory (/home/test/workspace/openh264/test/encoder_binary_comparison/AllTestData/Adobe_PDF_sample_a_1024x768_50Frms.264/h264enc.js:4914:7)
    at _emscripten_resize_heap (/home/test/workspace/openh264/test/encoder_binary_comparison/AllTestData/Adobe_PDF_sample_a_1024x768_50Frms.264/h264enc.js:4919:7)
    at wasm://wasm/00265406:wasm-function[1133]:0x705f0
    at wasm://wasm/00265406:wasm-function[1121]:0x6e28d
    at wasm://wasm/00265406:wasm-function[775]:0x60eb2
    at wasm://wasm/00265406:wasm-function[357]:0x2e8f3
    at wasm://wasm/00265406:wasm-function[363]:0x2f261
    at wasm://wasm/00265406:wasm-function[555]:0x407f3
    at wasm://wasm/00265406:wasm-function[554]:0x405bd   [0m
[31m    Failed! Adobe_PDF_sample_a_1024x768_50Frms.264_x.yuv Case Index 253:SHA-1(Current--Benchmark): NULL-----38b6accce999f6605bcbf52565ef912d6701b612  [0m
[31m            ----YUVSHA1:  NULL,  9aa9a4d9598eb3e1093311826844f37c43e4c521  [0m
[31m           [OpenH264] this = 0x0x514070, Error:ParamValidationExt(), WARNING: GOM based RC do not support SM_RASTER_SLICE!
Aborted(Cannot enlarge memory arrays to size 19111936 bytes (OOM). Either (1) compile with -sINITIAL_MEMORY=X with X higher than the current value 16777216, (2) compile with -sALLOW_MEMORY_GROWTH which allows increasing the size at runtime, or (3) if you want malloc to return NULL (0) instead of this abort, compile with -sABORTING_MALLOC=0)
/home/test/workspace/openh264/test/encoder_binary_comparison/AllTestData/Adobe_PDF_sample_a_1024x768_50Frms.264/h264enc.js:167
      throw ex;
      ^

RuntimeError: Aborted(Cannot enlarge memory arrays to size 19111936 bytes (OOM). Either (1) compile with -sINITIAL_MEMORY=X with X higher than the current value 16777216, (2) compile with -sALLOW_MEMORY_GROWTH which allows increasing the size at runtime, or (3) if you want malloc to return NULL (0) instead of this abort, compile with -sABORTING_MALLOC=0)
    at abort (/home/test/workspace/openh264/test/encoder_binary_comparison/AllTestData/Adobe_PDF_sample_a_1024x768_50Frms.264/h264enc.js:1031:11)
    at abortOnCannotGrowMemory (/home/test/workspace/openh264/test/encoder_binary_comparison/AllTestData/Adobe_PDF_sample_a_1024x768_50Frms.264/h264enc.js:4914:7)
    at _emscripten_resize_heap (/home/test/workspace/openh264/test/encoder_binary_comparison/AllTestData/Adobe_PDF_sample_a_1024x768_50Frms.264/h264enc.js:4919:7)
    at wasm://wasm/00265406:wasm-function[1133]:0x705f0
    at wasm://wasm/00265406:wasm-function[1121]:0x6e28d
    at wasm://wasm/00265406:wasm-function[775]:0x60eb2
    at wasm://wasm/00265406:wasm-function[357]:0x2e8f3
    at wasm://wasm/00265406:wasm-function[363]:0x2f261
    at wasm://wasm/00265406:wasm-function[555]:0x407f3
    at wasm://wasm/00265406:wasm-function[554]:0x405bd   [0m
[31m    Failed! Adobe_PDF_sample_a_1024x768_50Frms.264_x.yuv Case Index 254:SHA-1(Current--Benchmark): NULL-----38b6accce999f6605bcbf52565ef912d6701b612  [0m
[31m            ----YUVSHA1:  NULL,  9aa9a4d9598eb3e1093311826844f37c43e4c521  [0m
[31m           [OpenH264] this = 0x0x514070, Error:ParamValidationExt(), WARNING: GOM based RC do not support SM_RASTER_SLICE!
Aborted(Cannot enlarge memory arrays to size 19111936 bytes (OOM). Either (1) compile with -sINITIAL_MEMORY=X with X higher than the current value 16777216, (2) compile with -sALLOW_MEMORY_GROWTH which allows increasing the size at runtime, or (3) if you want malloc to return NULL (0) instead of this abort, compile with -sABORTING_MALLOC=0)
/home/test/workspace/openh264/test/encoder_binary_comparison/AllTestData/Adobe_PDF_sample_a_1024x768_50Frms.264/h264enc.js:167
      throw ex;
      ^

RuntimeError: Aborted(Cannot enlarge memory arrays to size 19111936 bytes (OOM). Either (1) compile with -sINITIAL_MEMORY=X with X higher than the current value 16777216, (2) compile with -sALLOW_MEMORY_GROWTH which allows increasing the size at runtime, or (3) if you want malloc to return NULL (0) instead of this abort, compile with -sABORTING_MALLOC=0)
    at abort (/home/test/workspace/openh264/test/encoder_binary_comparison/AllTestData/Adobe_PDF_sample_a_1024x768_50Frms.264/h264enc.js:1031:11)
    at abortOnCannotGrowMemory (/home/test/workspace/openh264/test/encoder_binary_comparison/AllTestData/Adobe_PDF_sample_a_1024x768_50Frms.264/h264enc.js:4914:7)
    at _emscripten_resize_heap (/home/test/workspace/openh264/test/encoder_binary_comparison/AllTestData/Adobe_PDF_sample_a_1024x768_50Frms.264/h264enc.js:4919:7)
    at wasm://wasm/00265406:wasm-function[1133]:0x705f0
    at wasm://wasm/00265406:wasm-function[1121]:0x6e28d
    at wasm://wasm/00265406:wasm-function[775]:0x60eb2
    at wasm://wasm/00265406:wasm-function[357]:0x2e8f3
    at wasm://wasm/00265406:wasm-function[363]:0x2f261
    at wasm://wasm/00265406:wasm-function[555]:0x407f3
    at wasm://wasm/00265406:wasm-function[554]:0x405bd   [0m
[31m    Failed! Adobe_PDF_sample_a_1024x768_50Frms.264_x.yuv Case Index 255:SHA-1(Current--Benchmark): NULL-----38b6accce999f6605bcbf52565ef912d6701b612  [0m
[31m            ----YUVSHA1:  NULL,  9aa9a4d9598eb3e1093311826844f37c43e4c521  [0m
[31m           [OpenH264] this = 0x0x514070, Error:ParamValidationExt(), WARNING: GOM based RC do not support SM_RASTER_SLICE!
Aborted(Cannot enlarge memory arrays to size 19111936 bytes (OOM). Either (1) compile with -sINITIAL_MEMORY=X with X higher than the current value 16777216, (2) compile with -sALLOW_MEMORY_GROWTH which allows increasing the size at runtime, or (3) if you want malloc to return NULL (0) instead of this abort, compile with -sABORTING_MALLOC=0)
/home/test/workspace/openh264/test/encoder_binary_comparison/AllTestData/Adobe_PDF_sample_a_1024x768_50Frms.264/h264enc.js:167
      throw ex;
      ^

RuntimeError: Aborted(Cannot enlarge memory arrays to size 19111936 bytes (OOM). Either (1) compile with -sINITIAL_MEMORY=X with X higher than the current value 16777216, (2) compile with -sALLOW_MEMORY_GROWTH which allows increasing the size at runtime, or (3) if you want malloc to return NULL (0) instead of this abort, compile with -sABORTING_MALLOC=0)
    at abort (/home/test/workspace/openh264/test/encoder_binary_comparison/AllTestData/Adobe_PDF_sample_a_1024x768_50Frms.264/h264enc.js:1031:11)
    at abortOnCannotGrowMemory (/home/test/workspace/openh264/test/encoder_binary_comparison/AllTestData/Adobe_PDF_sample_a_1024x768_50Frms.264/h264enc.js:4914:7)
    at _emscripten_resize_heap (/home/test/workspace/openh264/test/encoder_binary_comparison/AllTestData/Adobe_PDF_sample_a_1024x768_50Frms.264/h264enc.js:4919:7)
    at wasm://wasm/00265406:wasm-function[1133]:0x705f0
    at wasm://wasm/00265406:wasm-function[1121]:0x6e28d
    at wasm://wasm/00265406:wasm-function[775]:0x60eb2
    at wasm://wasm/00265406:wasm-function[357]:0x2e8f3
    at wasm://wasm/00265406:wasm-function[363]:0x2f261
    at wasm://wasm/00265406:wasm-function[555]:0x407f3
    at wasm://wasm/00265406:wasm-function[554]:0x405bd   [0m
[31m    Failed! Adobe_PDF_sample_a_1024x768_50Frms.264_x.yuv Case Index 256:SHA-1(Current--Benchmark): NULL-----6ece926a0af2f069ecded6ab036ce2418af50d81  [0m
[31m            ----YUVSHA1:  NULL,  9aa9a4d9598eb3e1093311826844f37c43e4c521  [0m
[31m           Aborted(Cannot enlarge memory arrays to size 19116032 bytes (OOM). Either (1) compile with -sINITIAL_MEMORY=X with X higher than the current value 16777216, (2) compile with -sALLOW_MEMORY_GROWTH which allows increasing the size at runtime, or (3) if you want malloc to return NULL (0) instead of this abort, compile with -sABORTING_MALLOC=0)
/home/test/workspace/openh264/test/encoder_binary_comparison/AllTestData/Adobe_PDF_sample_a_1024x768_50Frms.264/h264enc.js:167
      throw ex;
      ^

RuntimeError: Aborted(Cannot enlarge memory arrays to size 19116032 bytes (OOM). Either (1) compile with -sINITIAL_MEMORY=X with X higher than the current value 16777216, (2) compile with -sALLOW_MEMORY_GROWTH which allows increasing the size at runtime, or (3) if you want malloc to return NULL (0) instead of this abort, compile with -sABORTING_MALLOC=0)
    at abort (/home/test/workspace/openh264/test/encoder_binary_comparison/AllTestData/Adobe_PDF_sample_a_1024x768_50Frms.264/h264enc.js:1031:11)
    at abortOnCannotGrowMemory (/home/test/workspace/openh264/test/encoder_binary_comparison/AllTestData/Adobe_PDF_sample_a_1024x768_50Frms.264/h264enc.js:4914:7)
    at _emscripten_resize_heap (/home/test/workspace/openh264/test/encoder_binary_comparison/AllTestData/Adobe_PDF_sample_a_1024x768_50Frms.264/h264enc.js:4919:7)
    at wasm://wasm/00265406:wasm-function[1133]:0x705f0
    at wasm://wasm/00265406:wasm-function[1121]:0x6e28d
    at wasm://wasm/00265406:wasm-function[775]:0x60eb2
    at wasm://wasm/00265406:wasm-function[357]:0x2e8f3
    at wasm://wasm/00265406:wasm-function[363]:0x2f261
    at wasm://wasm/00265406:wasm-function[555]:0x407f3
    at wasm://wasm/00265406:wasm-function[554]:0x405bd   [0m
[31m    Failed! Adobe_PDF_sample_a_1024x768_50Frms.264_x.yuv Case Index 257:SHA-1(Current--Benchmark): NULL-----6ece926a0af2f069ecded6ab036ce2418af50d81  [0m
[31m            ----YUVSHA1:  NULL,  9aa9a4d9598eb3e1093311826844f37c43e4c521  [0m
[31m           Aborted(Cannot enlarge memory arrays to size 19116032 bytes (OOM). Either (1) compile with -sINITIAL_MEMORY=X with X higher than the current value 16777216, (2) compile with -sALLOW_MEMORY_GROWTH which allows increasing the size at runtime, or (3) if you want malloc to return NULL (0) instead of this abort, compile with -sABORTING_MALLOC=0)
/home/test/workspace/openh264/test/encoder_binary_comparison/AllTestData/Adobe_PDF_sample_a_1024x768_50Frms.264/h264enc.js:167
      throw ex;
      ^

RuntimeError: Aborted(Cannot enlarge memory arrays to size 19116032 bytes (OOM). Either (1) compile with -sINITIAL_MEMORY=X with X higher than the current value 16777216, (2) compile with -sALLOW_MEMORY_GROWTH which allows increasing the size at runtime, or (3) if you want malloc to return NULL (0) instead of this abort, compile with -sABORTING_MALLOC=0)
    at abort (/home/test/workspace/openh264/test/encoder_binary_comparison/AllTestData/Adobe_PDF_sample_a_1024x768_50Frms.264/h264enc.js:1031:11)
    at abortOnCannotGrowMemory (/home/test/workspace/openh264/test/encoder_binary_comparison/AllTestData/Adobe_PDF_sample_a_1024x768_50Frms.264/h264enc.js:4914:7)
    at _emscripten_resize_heap (/home/test/workspace/openh264/test/encoder_binary_comparison/AllTestData/Adobe_PDF_sample_a_1024x768_50Frms.264/h264enc.js:4919:7)
    at wasm://wasm/00265406:wasm-function[1133]:0x705f0
    at wasm://wasm/00265406:wasm-function[1121]:0x6e28d
    at wasm://wasm/00265406:wasm-function[775]:0x60eb2
    at wasm://wasm/00265406:wasm-function[357]:0x2e8f3
    at wasm://wasm/00265406:wasm-function[363]:0x2f261
    at wasm://wasm/00265406:wasm-function[555]:0x407f3
    at wasm://wasm/00265406:wasm-function[554]:0x405bd   [0m
[31m    Failed! Adobe_PDF_sample_a_1024x768_50Frms.264_x.yuv Case Index 258:SHA-1(Current--Benchmark): NULL-----6ece926a0af2f069ecded6ab036ce2418af50d81  [0m
[31m            ----YUVSHA1:  NULL,  9aa9a4d9598eb3e1093311826844f37c43e4c521  [0m
[31m           Aborted(Cannot enlarge memory arrays to size 19116032 bytes (OOM). Either (1) compile with -sINITIAL_MEMORY=X with X higher than the current value 16777216, (2) compile with -sALLOW_MEMORY_GROWTH which allows increasing the size at runtime, or (3) if you want malloc to return NULL (0) instead of this abort, compile with -sABORTING_MALLOC=0)
/home/test/workspace/openh264/test/encoder_binary_comparison/AllTestData/Adobe_PDF_sample_a_1024x768_50Frms.264/h264enc.js:167
      throw ex;
      ^

RuntimeError: Aborted(Cannot enlarge memory arrays to size 19116032 bytes (OOM). Either (1) compile with -sINITIAL_MEMORY=X with X higher than the current value 16777216, (2) compile with -sALLOW_MEMORY_GROWTH which allows increasing the size at runtime, or (3) if you want malloc to return NULL (0) instead of this abort, compile with -sABORTING_MALLOC=0)
    at abort (/home/test/workspace/openh264/test/encoder_binary_comparison/AllTestData/Adobe_PDF_sample_a_1024x768_50Frms.264/h264enc.js:1031:11)
    at abortOnCannotGrowMemory (/home/test/workspace/openh264/test/encoder_binary_comparison/AllTestData/Adobe_PDF_sample_a_1024x768_50Frms.264/h264enc.js:4914:7)
    at _emscripten_resize_heap (/home/test/workspace/openh264/test/encoder_binary_comparison/AllTestData/Adobe_PDF_sample_a_1024x768_50Frms.264/h264enc.js:4919:7)
    at wasm://wasm/00265406:wasm-function[1133]:0x705f0
    at wasm://wasm/00265406:wasm-function[1121]:0x6e28d
    at wasm://wasm/00265406:wasm-function[775]:0x60eb2
    at wasm://wasm/00265406:wasm-function[357]:0x2e8f3
    at wasm://wasm/00265406:wasm-function[363]:0x2f261
    at wasm://wasm/00265406:wasm-function[555]:0x407f3
    at wasm://wasm/00265406:wasm-function[554]:0x405bd   [0m
[31m    Failed! Adobe_PDF_sample_a_1024x768_50Frms.264_x.yuv Case Index 259:SHA-1(Current--Benchmark): NULL-----6ece926a0af2f069ecded6ab036ce2418af50d81  [0m
[31m            ----YUVSHA1:  NULL,  9aa9a4d9598eb3e1093311826844f37c43e4c521  [0m
[31m           Aborted(Cannot enlarge memory arrays to size 19116032 bytes (OOM). Either (1) compile with -sINITIAL_MEMORY=X with X higher than the current value 16777216, (2) compile with -sALLOW_MEMORY_GROWTH which allows increasing the size at runtime, or (3) if you want malloc to return NULL (0) instead of this abort, compile with -sABORTING_MALLOC=0)
/home/test/workspace/openh264/test/encoder_binary_comparison/AllTestData/Adobe_PDF_sample_a_1024x768_50Frms.264/h264enc.js:167
      throw ex;
      ^

RuntimeError: Aborted(Cannot enlarge memory arrays to size 19116032 bytes (OOM). Either (1) compile with -sINITIAL_MEMORY=X with X higher than the current value 16777216, (2) compile with -sALLOW_MEMORY_GROWTH which allows increasing the size at runtime, or (3) if you want malloc to return NULL (0) instead of this abort, compile with -sABORTING_MALLOC=0)
    at abort (/home/test/workspace/openh264/test/encoder_binary_comparison/AllTestData/Adobe_PDF_sample_a_1024x768_50Frms.264/h264enc.js:1031:11)
    at abortOnCannotGrowMemory (/home/test/workspace/openh264/test/encoder_binary_comparison/AllTestData/Adobe_PDF_sample_a_1024x768_50Frms.264/h264enc.js:4914:7)
    at _emscripten_resize_heap (/home/test/workspace/openh264/test/encoder_binary_comparison/AllTestData/Adobe_PDF_sample_a_1024x768_50Frms.264/h264enc.js:4919:7)
    at wasm://wasm/00265406:wasm-function[1133]:0x705f0
    at wasm://wasm/00265406:wasm-function[1121]:0x6e28d
    at wasm://wasm/00265406:wasm-function[775]:0x60eb2
    at wasm://wasm/00265406:wasm-function[357]:0x2e8f3
    at wasm://wasm/00265406:wasm-function[363]:0x2f261
    at wasm://wasm/00265406:wasm-function[555]:0x407f3
    at wasm://wasm/00265406:wasm-function[554]:0x405bd   [0m
[31m    Failed! Adobe_PDF_sample_a_1024x768_50Frms.264_x.yuv Case Index 260:SHA-1(Current--Benchmark): NULL-----6ece926a0af2f069ecded6ab036ce2418af50d81  [0m
[31m            ----YUVSHA1:  NULL,  9aa9a4d9598eb3e1093311826844f37c43e4c521  [0m
[31m           Aborted(Cannot enlarge memory arrays to size 19116032 bytes (OOM). Either (1) compile with -sINITIAL_MEMORY=X with X higher than the current value 16777216, (2) compile with -sALLOW_MEMORY_GROWTH which allows increasing the size at runtime, or (3) if you want malloc to return NULL (0) instead of this abort, compile with -sABORTING_MALLOC=0)
/home/test/workspace/openh264/test/encoder_binary_comparison/AllTestData/Adobe_PDF_sample_a_1024x768_50Frms.264/h264enc.js:167
      throw ex;
      ^

RuntimeError: Aborted(Cannot enlarge memory arrays to size 19116032 bytes (OOM). Either (1) compile with -sINITIAL_MEMORY=X with X higher than the current value 16777216, (2) compile with -sALLOW_MEMORY_GROWTH which allows increasing the size at runtime, or (3) if you want malloc to return NULL (0) instead of this abort, compile with -sABORTING_MALLOC=0)
    at abort (/home/test/workspace/openh264/test/encoder_binary_comparison/AllTestData/Adobe_PDF_sample_a_1024x768_50Frms.264/h264enc.js:1031:11)
    at abortOnCannotGrowMemory (/home/test/workspace/openh264/test/encoder_binary_comparison/AllTestData/Adobe_PDF_sample_a_1024x768_50Frms.264/h264enc.js:4914:7)
    at _emscripten_resize_heap (/home/test/workspace/openh264/test/encoder_binary_comparison/AllTestData/Adobe_PDF_sample_a_1024x768_50Frms.264/h264enc.js:4919:7)
    at wasm://wasm/00265406:wasm-function[1133]:0x705f0
    at wasm://wasm/00265406:wasm-function[1121]:0x6e28d
    at wasm://wasm/00265406:wasm-function[775]:0x60eb2
    at wasm://wasm/00265406:wasm-function[357]:0x2e8f3
    at wasm://wasm/00265406:wasm-function[363]:0x2f261
    at wasm://wasm/00265406:wasm-function[555]:0x407f3
    at wasm://wasm/00265406:wasm-function[554]:0x405bd   [0m
[31m    Failed! Adobe_PDF_sample_a_1024x768_50Frms.264_x.yuv Case Index 261:SHA-1(Current--Benchmark): NULL-----6ece926a0af2f069ecded6ab036ce2418af50d81  [0m
[31m            ----YUVSHA1:  NULL,  9aa9a4d9598eb3e1093311826844f37c43e4c521  [0m
[31m           Aborted(Cannot enlarge memory arrays to size 19116032 bytes (OOM). Either (1) compile with -sINITIAL_MEMORY=X with X higher than the current value 16777216, (2) compile with -sALLOW_MEMORY_GROWTH which allows increasing the size at runtime, or (3) if you want malloc to return NULL (0) instead of this abort, compile with -sABORTING_MALLOC=0)
/home/test/workspace/openh264/test/encoder_binary_comparison/AllTestData/Adobe_PDF_sample_a_1024x768_50Frms.264/h264enc.js:167
      throw ex;
      ^

RuntimeError: Aborted(Cannot enlarge memory arrays to size 19116032 bytes (OOM). Either (1) compile with -sINITIAL_MEMORY=X with X higher than the current value 16777216, (2) compile with -sALLOW_MEMORY_GROWTH which allows increasing the size at runtime, or (3) if you want malloc to return NULL (0) instead of this abort, compile with -sABORTING_MALLOC=0)
    at abort (/home/test/workspace/openh264/test/encoder_binary_comparison/AllTestData/Adobe_PDF_sample_a_1024x768_50Frms.264/h264enc.js:1031:11)
    at abortOnCannotGrowMemory (/home/test/workspace/openh264/test/encoder_binary_comparison/AllTestData/Adobe_PDF_sample_a_1024x768_50Frms.264/h264enc.js:4914:7)
    at _emscripten_resize_heap (/home/test/workspace/openh264/test/encoder_binary_comparison/AllTestData/Adobe_PDF_sample_a_1024x768_50Frms.264/h264enc.js:4919:7)
    at wasm://wasm/00265406:wasm-function[1133]:0x705f0
    at wasm://wasm/00265406:wasm-function[1121]:0x6e28d
    at wasm://wasm/00265406:wasm-function[775]:0x60eb2
    at wasm://wasm/00265406:wasm-function[357]:0x2e8f3
    at wasm://wasm/00265406:wasm-function[363]:0x2f261
    at wasm://wasm/00265406:wasm-function[555]:0x407f3
    at wasm://wasm/00265406:wasm-function[554]:0x405bd   [0m
[31m    Failed! Adobe_PDF_sample_a_1024x768_50Frms.264_x.yuv Case Index 262:SHA-1(Current--Benchmark): NULL-----6ece926a0af2f069ecded6ab036ce2418af50d81  [0m
[31m            ----YUVSHA1:  NULL,  9aa9a4d9598eb3e1093311826844f37c43e4c521  [0m
[31m           Aborted(Cannot enlarge memory arrays to size 19116032 bytes (OOM). Either (1) compile with -sINITIAL_MEMORY=X with X higher than the current value 16777216, (2) compile with -sALLOW_MEMORY_GROWTH which allows increasing the size at runtime, or (3) if you want malloc to return NULL (0) instead of this abort, compile with -sABORTING_MALLOC=0)
/home/test/workspace/openh264/test/encoder_binary_comparison/AllTestData/Adobe_PDF_sample_a_1024x768_50Frms.264/h264enc.js:167
      throw ex;
      ^

RuntimeError: Aborted(Cannot enlarge memory arrays to size 19116032 bytes (OOM). Either (1) compile with -sINITIAL_MEMORY=X with X higher than the current value 16777216, (2) compile with -sALLOW_MEMORY_GROWTH which allows increasing the size at runtime, or (3) if you want malloc to return NULL (0) instead of this abort, compile with -sABORTING_MALLOC=0)
    at abort (/home/test/workspace/openh264/test/encoder_binary_comparison/AllTestData/Adobe_PDF_sample_a_1024x768_50Frms.264/h264enc.js:1031:11)
    at abortOnCannotGrowMemory (/home/test/workspace/openh264/test/encoder_binary_comparison/AllTestData/Adobe_PDF_sample_a_1024x768_50Frms.264/h264enc.js:4914:7)
    at _emscripten_resize_heap (/home/test/workspace/openh264/test/encoder_binary_comparison/AllTestData/Adobe_PDF_sample_a_1024x768_50Frms.264/h264enc.js:4919:7)
    at wasm://wasm/00265406:wasm-function[1133]:0x705f0
    at wasm://wasm/00265406:wasm-function[1121]:0x6e28d
    at wasm://wasm/00265406:wasm-function[775]:0x60eb2
    at wasm://wasm/00265406:wasm-function[357]:0x2e8f3
    at wasm://wasm/00265406:wasm-function[363]:0x2f261
    at wasm://wasm/00265406:wasm-function[555]:0x407f3
    at wasm://wasm/00265406:wasm-function[554]:0x405bd   [0m
[31m    Failed! Adobe_PDF_sample_a_1024x768_50Frms.264_x.yuv Case Index 263:SHA-1(Current--Benchmark): NULL-----6ece926a0af2f069ecded6ab036ce2418af50d81  [0m
[31m            ----YUVSHA1:  NULL,  9aa9a4d9598eb3e1093311826844f37c43e4c521  [0m
[31m           Aborted(Cannot enlarge memory arrays to size 19116032 bytes (OOM). Either (1) compile with -sINITIAL_MEMORY=X with X higher than the current value 16777216, (2) compile with -sALLOW_MEMORY_GROWTH which allows increasing the size at runtime, or (3) if you want malloc to return NULL (0) instead of this abort, compile with -sABORTING_MALLOC=0)
/home/test/workspace/openh264/test/encoder_binary_comparison/AllTestData/Adobe_PDF_sample_a_1024x768_50Frms.264/h264enc.js:167
      throw ex;
      ^

RuntimeError: Aborted(Cannot enlarge memory arrays to size 19116032 bytes (OOM). Either (1) compile with -sINITIAL_MEMORY=X with X higher than the current value 16777216, (2) compile with -sALLOW_MEMORY_GROWTH which allows increasing the size at runtime, or (3) if you want malloc to return NULL (0) instead of this abort, compile with -sABORTING_MALLOC=0)
    at abort (/home/test/workspace/openh264/test/encoder_binary_comparison/AllTestData/Adobe_PDF_sample_a_1024x768_50Frms.264/h264enc.js:1031:11)
    at abortOnCannotGrowMemory (/home/test/workspace/openh264/test/encoder_binary_comparison/AllTestData/Adobe_PDF_sample_a_1024x768_50Frms.264/h264enc.js:4914:7)
    at _emscripten_resize_heap (/home/test/workspace/openh264/test/encoder_binary_comparison/AllTestData/Adobe_PDF_sample_a_1024x768_50Frms.264/h264enc.js:4919:7)
    at wasm://wasm/00265406:wasm-function[1133]:0x705f0
    at wasm://wasm/00265406:wasm-function[1121]:0x6e28d
    at wasm://wasm/00265406:wasm-function[775]:0x60eb2
    at wasm://wasm/00265406:wasm-function[357]:0x2e8f3
    at wasm://wasm/00265406:wasm-function[363]:0x2f261
    at wasm://wasm/00265406:wasm-function[555]:0x407f3
    at wasm://wasm/00265406:wasm-function[554]:0x405bd   [0m
[31m    Failed! Adobe_PDF_sample_a_1024x768_50Frms.264_x.yuv Case Index 264:SHA-1(Current--Benchmark): NULL-----6ece926a0af2f069ecded6ab036ce2418af50d81  [0m
[31m            ----YUVSHA1:  NULL,  9aa9a4d9598eb3e1093311826844f37c43e4c521  [0m
[31m           Aborted(Cannot enlarge memory arrays to size 19116032 bytes (OOM). Either (1) compile with -sINITIAL_MEMORY=X with X higher than the current value 16777216, (2) compile with -sALLOW_MEMORY_GROWTH which allows increasing the size at runtime, or (3) if you want malloc to return NULL (0) instead of this abort, compile with -sABORTING_MALLOC=0)
/home/test/workspace/openh264/test/encoder_binary_comparison/AllTestData/Adobe_PDF_sample_a_1024x768_50Frms.264/h264enc.js:167
      throw ex;
      ^

RuntimeError: Aborted(Cannot enlarge memory arrays to size 19116032 bytes (OOM). Either (1) compile with -sINITIAL_MEMORY=X with X higher than the current value 16777216, (2) compile with -sALLOW_MEMORY_GROWTH which allows increasing the size at runtime, or (3) if you want malloc to return NULL (0) instead of this abort, compile with -sABORTING_MALLOC=0)
    at abort (/home/test/workspace/openh264/test/encoder_binary_comparison/AllTestData/Adobe_PDF_sample_a_1024x768_50Frms.264/h264enc.js:1031:11)
    at abortOnCannotGrowMemory (/home/test/workspace/openh264/test/encoder_binary_comparison/AllTestData/Adobe_PDF_sample_a_1024x768_50Frms.264/h264enc.js:4914:7)
    at _emscripten_resize_heap (/home/test/workspace/openh264/test/encoder_binary_comparison/AllTestData/Adobe_PDF_sample_a_1024x768_50Frms.264/h264enc.js:4919:7)
    at wasm://wasm/00265406:wasm-function[1133]:0x705f0
    at wasm://wasm/00265406:wasm-function[1121]:0x6e28d
    at wasm://wasm/00265406:wasm-function[775]:0x60eb2
    at wasm://wasm/00265406:wasm-function[357]:0x2e8f3
    at wasm://wasm/00265406:wasm-function[363]:0x2f261
    at wasm://wasm/00265406:wasm-function[555]:0x407f3
    at wasm://wasm/00265406:wasm-function[554]:0x405bd   [0m
[31m    Failed! Adobe_PDF_sample_a_1024x768_50Frms.264_x.yuv Case Index 265:SHA-1(Current--Benchmark): NULL-----6ece926a0af2f069ecded6ab036ce2418af50d81  [0m
[31m            ----YUVSHA1:  NULL,  9aa9a4d9598eb3e1093311826844f37c43e4c521  [0m
[31m           Aborted(Cannot enlarge memory arrays to size 19116032 bytes (OOM). Either (1) compile with -sINITIAL_MEMORY=X with X higher than the current value 16777216, (2) compile with -sALLOW_MEMORY_GROWTH which allows increasing the size at runtime, or (3) if you want malloc to return NULL (0) instead of this abort, compile with -sABORTING_MALLOC=0)
/home/test/workspace/openh264/test/encoder_binary_comparison/AllTestData/Adobe_PDF_sample_a_1024x768_50Frms.264/h264enc.js:167
      throw ex;
      ^

RuntimeError: Aborted(Cannot enlarge memory arrays to size 19116032 bytes (OOM). Either (1) compile with -sINITIAL_MEMORY=X with X higher than the current value 16777216, (2) compile with -sALLOW_MEMORY_GROWTH which allows increasing the size at runtime, or (3) if you want malloc to return NULL (0) instead of this abort, compile with -sABORTING_MALLOC=0)
    at abort (/home/test/workspace/openh264/test/encoder_binary_comparison/AllTestData/Adobe_PDF_sample_a_1024x768_50Frms.264/h264enc.js:1031:11)
    at abortOnCannotGrowMemory (/home/test/workspace/openh264/test/encoder_binary_comparison/AllTestData/Adobe_PDF_sample_a_1024x768_50Frms.264/h264enc.js:4914:7)
    at _emscripten_resize_heap (/home/test/workspace/openh264/test/encoder_binary_comparison/AllTestData/Adobe_PDF_sample_a_1024x768_50Frms.264/h264enc.js:4919:7)
    at wasm://wasm/00265406:wasm-function[1133]:0x705f0
    at wasm://wasm/00265406:wasm-function[1121]:0x6e28d
    at wasm://wasm/00265406:wasm-function[775]:0x60eb2
    at wasm://wasm/00265406:wasm-function[357]:0x2e8f3
    at wasm://wasm/00265406:wasm-function[363]:0x2f261
    at wasm://wasm/00265406:wasm-function[555]:0x407f3
    at wasm://wasm/00265406:wasm-function[554]:0x405bd   [0m
[31m    Failed! Adobe_PDF_sample_a_1024x768_50Frms.264_x.yuv Case Index 266:SHA-1(Current--Benchmark): NULL-----6ece926a0af2f069ecded6ab036ce2418af50d81  [0m
[31m            ----YUVSHA1:  NULL,  9aa9a4d9598eb3e1093311826844f37c43e4c521  [0m
[31m           Aborted(Cannot enlarge memory arrays to size 19116032 bytes (OOM). Either (1) compile with -sINITIAL_MEMORY=X with X higher than the current value 16777216, (2) compile with -sALLOW_MEMORY_GROWTH which allows increasing the size at runtime, or (3) if you want malloc to return NULL (0) instead of this abort, compile with -sABORTING_MALLOC=0)
/home/test/workspace/openh264/test/encoder_binary_comparison/AllTestData/Adobe_PDF_sample_a_1024x768_50Frms.264/h264enc.js:167
      throw ex;
      ^

RuntimeError: Aborted(Cannot enlarge memory arrays to size 19116032 bytes (OOM). Either (1) compile with -sINITIAL_MEMORY=X with X higher than the current value 16777216, (2) compile with -sALLOW_MEMORY_GROWTH which allows increasing the size at runtime, or (3) if you want malloc to return NULL (0) instead of this abort, compile with -sABORTING_MALLOC=0)
    at abort (/home/test/workspace/openh264/test/encoder_binary_comparison/AllTestData/Adobe_PDF_sample_a_1024x768_50Frms.264/h264enc.js:1031:11)
    at abortOnCannotGrowMemory (/home/test/workspace/openh264/test/encoder_binary_comparison/AllTestData/Adobe_PDF_sample_a_1024x768_50Frms.264/h264enc.js:4914:7)
    at _emscripten_resize_heap (/home/test/workspace/openh264/test/encoder_binary_comparison/AllTestData/Adobe_PDF_sample_a_1024x768_50Frms.264/h264enc.js:4919:7)
    at wasm://wasm/00265406:wasm-function[1133]:0x705f0
    at wasm://wasm/00265406:wasm-function[1121]:0x6e28d
    at wasm://wasm/00265406:wasm-function[775]:0x60eb2
    at wasm://wasm/00265406:wasm-function[357]:0x2e8f3
    at wasm://wasm/00265406:wasm-function[363]:0x2f261
    at wasm://wasm/00265406:wasm-function[555]:0x407f3
    at wasm://wasm/00265406:wasm-function[554]:0x405bd   [0m
[31m    Failed! Adobe_PDF_sample_a_1024x768_50Frms.264_x.yuv Case Index 267:SHA-1(Current--Benchmark): NULL-----6ece926a0af2f069ecded6ab036ce2418af50d81  [0m
[31m            ----YUVSHA1:  NULL,  9aa9a4d9598eb3e1093311826844f37c43e4c521  [0m
[31m           Aborted(Cannot enlarge memory arrays to size 19116032 bytes (OOM). Either (1) compile with -sINITIAL_MEMORY=X with X higher than the current value 16777216, (2) compile with -sALLOW_MEMORY_GROWTH which allows increasing the size at runtime, or (3) if you want malloc to return NULL (0) instead of this abort, compile with -sABORTING_MALLOC=0)
/home/test/workspace/openh264/test/encoder_binary_comparison/AllTestData/Adobe_PDF_sample_a_1024x768_50Frms.264/h264enc.js:167
      throw ex;
      ^

RuntimeError: Aborted(Cannot enlarge memory arrays to size 19116032 bytes (OOM). Either (1) compile with -sINITIAL_MEMORY=X with X higher than the current value 16777216, (2) compile with -sALLOW_MEMORY_GROWTH which allows increasing the size at runtime, or (3) if you want malloc to return NULL (0) instead of this abort, compile with -sABORTING_MALLOC=0)
    at abort (/home/test/workspace/openh264/test/encoder_binary_comparison/AllTestData/Adobe_PDF_sample_a_1024x768_50Frms.264/h264enc.js:1031:11)
    at abortOnCannotGrowMemory (/home/test/workspace/openh264/test/encoder_binary_comparison/AllTestData/Adobe_PDF_sample_a_1024x768_50Frms.264/h264enc.js:4914:7)
    at _emscripten_resize_heap (/home/test/workspace/openh264/test/encoder_binary_comparison/AllTestData/Adobe_PDF_sample_a_1024x768_50Frms.264/h264enc.js:4919:7)
    at wasm://wasm/00265406:wasm-function[1133]:0x705f0
    at wasm://wasm/00265406:wasm-function[1121]:0x6e28d
    at wasm://wasm/00265406:wasm-function[775]:0x60eb2
    at wasm://wasm/00265406:wasm-function[357]:0x2e8f3
    at wasm://wasm/00265406:wasm-function[363]:0x2f261
    at wasm://wasm/00265406:wasm-function[555]:0x407f3
    at wasm://wasm/00265406:wasm-function[554]:0x405bd   [0m
[31m    Failed! Adobe_PDF_sample_a_1024x768_50Frms.264_x.yuv Case Index 268:SHA-1(Current--Benchmark): NULL-----6ece926a0af2f069ecded6ab036ce2418af50d81  [0m
[31m            ----YUVSHA1:  NULL,  9aa9a4d9598eb3e1093311826844f37c43e4c521  [0m
[31m           Aborted(Cannot enlarge memory arrays to size 19116032 bytes (OOM). Either (1) compile with -sINITIAL_MEMORY=X with X higher than the current value 16777216, (2) compile with -sALLOW_MEMORY_GROWTH which allows increasing the size at runtime, or (3) if you want malloc to return NULL (0) instead of this abort, compile with -sABORTING_MALLOC=0)
/home/test/workspace/openh264/test/encoder_binary_comparison/AllTestData/Adobe_PDF_sample_a_1024x768_50Frms.264/h264enc.js:167
      throw ex;
      ^

RuntimeError: Aborted(Cannot enlarge memory arrays to size 19116032 bytes (OOM). Either (1) compile with -sINITIAL_MEMORY=X with X higher than the current value 16777216, (2) compile with -sALLOW_MEMORY_GROWTH which allows increasing the size at runtime, or (3) if you want malloc to return NULL (0) instead of this abort, compile with -sABORTING_MALLOC=0)
    at abort (/home/test/workspace/openh264/test/encoder_binary_comparison/AllTestData/Adobe_PDF_sample_a_1024x768_50Frms.264/h264enc.js:1031:11)
    at abortOnCannotGrowMemory (/home/test/workspace/openh264/test/encoder_binary_comparison/AllTestData/Adobe_PDF_sample_a_1024x768_50Frms.264/h264enc.js:4914:7)
    at _emscripten_resize_heap (/home/test/workspace/openh264/test/encoder_binary_comparison/AllTestData/Adobe_PDF_sample_a_1024x768_50Frms.264/h264enc.js:4919:7)
    at wasm://wasm/00265406:wasm-function[1133]:0x705f0
    at wasm://wasm/00265406:wasm-function[1121]:0x6e28d
    at wasm://wasm/00265406:wasm-function[775]:0x60eb2
    at wasm://wasm/00265406:wasm-function[357]:0x2e8f3
    at wasm://wasm/00265406:wasm-function[363]:0x2f261
    at wasm://wasm/00265406:wasm-function[555]:0x407f3
    at wasm://wasm/00265406:wasm-function[554]:0x405bd   [0m
[31m    Failed! Adobe_PDF_sample_a_1024x768_50Frms.264_x.yuv Case Index 269:SHA-1(Current--Benchmark): NULL-----6ece926a0af2f069ecded6ab036ce2418af50d81  [0m
[31m            ----YUVSHA1:  NULL,  9aa9a4d9598eb3e1093311826844f37c43e4c521  [0m
[31m           Aborted(Cannot enlarge memory arrays to size 19116032 bytes (OOM). Either (1) compile with -sINITIAL_MEMORY=X with X higher than the current value 16777216, (2) compile with -sALLOW_MEMORY_GROWTH which allows increasing the size at runtime, or (3) if you want malloc to return NULL (0) instead of this abort, compile with -sABORTING_MALLOC=0)
/home/test/workspace/openh264/test/encoder_binary_comparison/AllTestData/Adobe_PDF_sample_a_1024x768_50Frms.264/h264enc.js:167
      throw ex;
      ^

RuntimeError: Aborted(Cannot enlarge memory arrays to size 19116032 bytes (OOM). Either (1) compile with -sINITIAL_MEMORY=X with X higher than the current value 16777216, (2) compile with -sALLOW_MEMORY_GROWTH which allows increasing the size at runtime, or (3) if you want malloc to return NULL (0) instead of this abort, compile with -sABORTING_MALLOC=0)
    at abort (/home/test/workspace/openh264/test/encoder_binary_comparison/AllTestData/Adobe_PDF_sample_a_1024x768_50Frms.264/h264enc.js:1031:11)
    at abortOnCannotGrowMemory (/home/test/workspace/openh264/test/encoder_binary_comparison/AllTestData/Adobe_PDF_sample_a_1024x768_50Frms.264/h264enc.js:4914:7)
    at _emscripten_resize_heap (/home/test/workspace/openh264/test/encoder_binary_comparison/AllTestData/Adobe_PDF_sample_a_1024x768_50Frms.264/h264enc.js:4919:7)
    at wasm://wasm/00265406:wasm-function[1133]:0x705f0
    at wasm://wasm/00265406:wasm-function[1121]:0x6e28d
    at wasm://wasm/00265406:wasm-function[775]:0x60eb2
    at wasm://wasm/00265406:wasm-function[357]:0x2e8f3
    at wasm://wasm/00265406:wasm-function[363]:0x2f261
    at wasm://wasm/00265406:wasm-function[555]:0x407f3
    at wasm://wasm/00265406:wasm-function[554]:0x405bd   [0m
[31m    Failed! Adobe_PDF_sample_a_1024x768_50Frms.264_x.yuv Case Index 270:SHA-1(Current--Benchmark): NULL-----6ece926a0af2f069ecded6ab036ce2418af50d81  [0m
[31m            ----YUVSHA1:  NULL,  9aa9a4d9598eb3e1093311826844f37c43e4c521  [0m
[31m           Aborted(Cannot enlarge memory arrays to size 19116032 bytes (OOM). Either (1) compile with -sINITIAL_MEMORY=X with X higher than the current value 16777216, (2) compile with -sALLOW_MEMORY_GROWTH which allows increasing the size at runtime, or (3) if you want malloc to return NULL (0) instead of this abort, compile with -sABORTING_MALLOC=0)
/home/test/workspace/openh264/test/encoder_binary_comparison/AllTestData/Adobe_PDF_sample_a_1024x768_50Frms.264/h264enc.js:167
      throw ex;
      ^

RuntimeError: Aborted(Cannot enlarge memory arrays to size 19116032 bytes (OOM). Either (1) compile with -sINITIAL_MEMORY=X with X higher than the current value 16777216, (2) compile with -sALLOW_MEMORY_GROWTH which allows increasing the size at runtime, or (3) if you want malloc to return NULL (0) instead of this abort, compile with -sABORTING_MALLOC=0)
    at abort (/home/test/workspace/openh264/test/encoder_binary_comparison/AllTestData/Adobe_PDF_sample_a_1024x768_50Frms.264/h264enc.js:1031:11)
    at abortOnCannotGrowMemory (/home/test/workspace/openh264/test/encoder_binary_comparison/AllTestData/Adobe_PDF_sample_a_1024x768_50Frms.264/h264enc.js:4914:7)
    at _emscripten_resize_heap (/home/test/workspace/openh264/test/encoder_binary_comparison/AllTestData/Adobe_PDF_sample_a_1024x768_50Frms.264/h264enc.js:4919:7)
    at wasm://wasm/00265406:wasm-function[1133]:0x705f0
    at wasm://wasm/00265406:wasm-function[1121]:0x6e28d
    at wasm://wasm/00265406:wasm-function[775]:0x60eb2
    at wasm://wasm/00265406:wasm-function[357]:0x2e8f3
    at wasm://wasm/00265406:wasm-function[363]:0x2f261
    at wasm://wasm/00265406:wasm-function[555]:0x407f3
    at wasm://wasm/00265406:wasm-function[554]:0x405bd   [0m
[31m    Failed! Adobe_PDF_sample_a_1024x768_50Frms.264_x.yuv Case Index 271:SHA-1(Current--Benchmark): NULL-----6ece926a0af2f069ecded6ab036ce2418af50d81  [0m
[31m            ----YUVSHA1:  NULL,  9aa9a4d9598eb3e1093311826844f37c43e4c521  [0m
[31m           Aborted(Cannot enlarge memory arrays to size 19116032 bytes (OOM). Either (1) compile with -sINITIAL_MEMORY=X with X higher than the current value 16777216, (2) compile with -sALLOW_MEMORY_GROWTH which allows increasing the size at runtime, or (3) if you want malloc to return NULL (0) instead of this abort, compile with -sABORTING_MALLOC=0)
/home/test/workspace/openh264/test/encoder_binary_comparison/AllTestData/Adobe_PDF_sample_a_1024x768_50Frms.264/h264enc.js:167
      throw ex;
      ^

RuntimeError: Aborted(Cannot enlarge memory arrays to size 19116032 bytes (OOM). Either (1) compile with -sINITIAL_MEMORY=X with X higher than the current value 16777216, (2) compile with -sALLOW_MEMORY_GROWTH which allows increasing the size at runtime, or (3) if you want malloc to return NULL (0) instead of this abort, compile with -sABORTING_MALLOC=0)
    at abort (/home/test/workspace/openh264/test/encoder_binary_comparison/AllTestData/Adobe_PDF_sample_a_1024x768_50Frms.264/h264enc.js:1031:11)
    at abortOnCannotGrowMemory (/home/test/workspace/openh264/test/encoder_binary_comparison/AllTestData/Adobe_PDF_sample_a_1024x768_50Frms.264/h264enc.js:4914:7)
    at _emscripten_resize_heap (/home/test/workspace/openh264/test/encoder_binary_comparison/AllTestData/Adobe_PDF_sample_a_1024x768_50Frms.264/h264enc.js:4919:7)
    at wasm://wasm/00265406:wasm-function[1133]:0x705f0
    at wasm://wasm/00265406:wasm-function[1121]:0x6e28d
    at wasm://wasm/00265406:wasm-function[775]:0x60eb2
    at wasm://wasm/00265406:wasm-function[357]:0x2e8f3
    at wasm://wasm/00265406:wasm-function[363]:0x2f261
    at wasm://wasm/00265406:wasm-function[555]:0x407f3
    at wasm://wasm/00265406:wasm-function[554]:0x405bd   [0m
[31m    Failed! Adobe_PDF_sample_a_1024x768_50Frms.264_x.yuv Case Index 272:SHA-1(Current--Benchmark): NULL-----6ece926a0af2f069ecded6ab036ce2418af50d81  [0m
[31m            ----YUVSHA1:  NULL,  9aa9a4d9598eb3e1093311826844f37c43e4c521  [0m
[31m           Aborted(Cannot enlarge memory arrays to size 19116032 bytes (OOM). Either (1) compile with -sINITIAL_MEMORY=X with X higher than the current value 16777216, (2) compile with -sALLOW_MEMORY_GROWTH which allows increasing the size at runtime, or (3) if you want malloc to return NULL (0) instead of this abort, compile with -sABORTING_MALLOC=0)
/home/test/workspace/openh264/test/encoder_binary_comparison/AllTestData/Adobe_PDF_sample_a_1024x768_50Frms.264/h264enc.js:167
      throw ex;
      ^

RuntimeError: Aborted(Cannot enlarge memory arrays to size 19116032 bytes (OOM). Either (1) compile with -sINITIAL_MEMORY=X with X higher than the current value 16777216, (2) compile with -sALLOW_MEMORY_GROWTH which allows increasing the size at runtime, or (3) if you want malloc to return NULL (0) instead of this abort, compile with -sABORTING_MALLOC=0)
    at abort (/home/test/workspace/openh264/test/encoder_binary_comparison/AllTestData/Adobe_PDF_sample_a_1024x768_50Frms.264/h264enc.js:1031:11)
    at abortOnCannotGrowMemory (/home/test/workspace/openh264/test/encoder_binary_comparison/AllTestData/Adobe_PDF_sample_a_1024x768_50Frms.264/h264enc.js:4914:7)
    at _emscripten_resize_heap (/home/test/workspace/openh264/test/encoder_binary_comparison/AllTestData/Adobe_PDF_sample_a_1024x768_50Frms.264/h264enc.js:4919:7)
    at wasm://wasm/00265406:wasm-function[1133]:0x705f0
    at wasm://wasm/00265406:wasm-function[1121]:0x6e28d
    at wasm://wasm/00265406:wasm-function[775]:0x60eb2
    at wasm://wasm/00265406:wasm-function[357]:0x2e8f3
    at wasm://wasm/00265406:wasm-function[363]:0x2f261
    at wasm://wasm/00265406:wasm-function[555]:0x407f3
    at wasm://wasm/00265406:wasm-function[554]:0x405bd   [0m
[31m    Failed! Adobe_PDF_sample_a_1024x768_50Frms.264_x.yuv Case Index 273:SHA-1(Current--Benchmark): NULL-----6ece926a0af2f069ecded6ab036ce2418af50d81  [0m
[31m            ----YUVSHA1:  NULL,  9aa9a4d9598eb3e1093311826844f37c43e4c521  [0m
[31m           Aborted(Cannot enlarge memory arrays to size 19116032 bytes (OOM). Either (1) compile with -sINITIAL_MEMORY=X with X higher than the current value 16777216, (2) compile with -sALLOW_MEMORY_GROWTH which allows increasing the size at runtime, or (3) if you want malloc to return NULL (0) instead of this abort, compile with -sABORTING_MALLOC=0)
/home/test/workspace/openh264/test/encoder_binary_comparison/AllTestData/Adobe_PDF_sample_a_1024x768_50Frms.264/h264enc.js:167
      throw ex;
      ^

RuntimeError: Aborted(Cannot enlarge memory arrays to size 19116032 bytes (OOM). Either (1) compile with -sINITIAL_MEMORY=X with X higher than the current value 16777216, (2) compile with -sALLOW_MEMORY_GROWTH which allows increasing the size at runtime, or (3) if you want malloc to return NULL (0) instead of this abort, compile with -sABORTING_MALLOC=0)
    at abort (/home/test/workspace/openh264/test/encoder_binary_comparison/AllTestData/Adobe_PDF_sample_a_1024x768_50Frms.264/h264enc.js:1031:11)
    at abortOnCannotGrowMemory (/home/test/workspace/openh264/test/encoder_binary_comparison/AllTestData/Adobe_PDF_sample_a_1024x768_50Frms.264/h264enc.js:4914:7)
    at _emscripten_resize_heap (/home/test/workspace/openh264/test/encoder_binary_comparison/AllTestData/Adobe_PDF_sample_a_1024x768_50Frms.264/h264enc.js:4919:7)
    at wasm://wasm/00265406:wasm-function[1133]:0x705f0
    at wasm://wasm/00265406:wasm-function[1121]:0x6e28d
    at wasm://wasm/00265406:wasm-function[775]:0x60eb2
    at wasm://wasm/00265406:wasm-function[357]:0x2e8f3
    at wasm://wasm/00265406:wasm-function[363]:0x2f261
    at wasm://wasm/00265406:wasm-function[555]:0x407f3
    at wasm://wasm/00265406:wasm-function[554]:0x405bd   [0m
[31m    Failed! Adobe_PDF_sample_a_1024x768_50Frms.264_x.yuv Case Index 274:SHA-1(Current--Benchmark): NULL-----6ece926a0af2f069ecded6ab036ce2418af50d81  [0m
[31m            ----YUVSHA1:  NULL,  9aa9a4d9598eb3e1093311826844f37c43e4c521  [0m
[31m           Aborted(Cannot enlarge memory arrays to size 19116032 bytes (OOM). Either (1) compile with -sINITIAL_MEMORY=X with X higher than the current value 16777216, (2) compile with -sALLOW_MEMORY_GROWTH which allows increasing the size at runtime, or (3) if you want malloc to return NULL (0) instead of this abort, compile with -sABORTING_MALLOC=0)
/home/test/workspace/openh264/test/encoder_binary_comparison/AllTestData/Adobe_PDF_sample_a_1024x768_50Frms.264/h264enc.js:167
      throw ex;
      ^

RuntimeError: Aborted(Cannot enlarge memory arrays to size 19116032 bytes (OOM). Either (1) compile with -sINITIAL_MEMORY=X with X higher than the current value 16777216, (2) compile with -sALLOW_MEMORY_GROWTH which allows increasing the size at runtime, or (3) if you want malloc to return NULL (0) instead of this abort, compile with -sABORTING_MALLOC=0)
    at abort (/home/test/workspace/openh264/test/encoder_binary_comparison/AllTestData/Adobe_PDF_sample_a_1024x768_50Frms.264/h264enc.js:1031:11)
    at abortOnCannotGrowMemory (/home/test/workspace/openh264/test/encoder_binary_comparison/AllTestData/Adobe_PDF_sample_a_1024x768_50Frms.264/h264enc.js:4914:7)
    at _emscripten_resize_heap (/home/test/workspace/openh264/test/encoder_binary_comparison/AllTestData/Adobe_PDF_sample_a_1024x768_50Frms.264/h264enc.js:4919:7)
    at wasm://wasm/00265406:wasm-function[1133]:0x705f0
    at wasm://wasm/00265406:wasm-function[1121]:0x6e28d
    at wasm://wasm/00265406:wasm-function[775]:0x60eb2
    at wasm://wasm/00265406:wasm-function[357]:0x2e8f3
    at wasm://wasm/00265406:wasm-function[363]:0x2f261
    at wasm://wasm/00265406:wasm-function[555]:0x407f3
    at wasm://wasm/00265406:wasm-function[554]:0x405bd   [0m
[31m    Failed! Adobe_PDF_sample_a_1024x768_50Frms.264_x.yuv Case Index 275:SHA-1(Current--Benchmark): NULL-----6ece926a0af2f069ecded6ab036ce2418af50d81  [0m
[31m            ----YUVSHA1:  NULL,  9aa9a4d9598eb3e1093311826844f37c43e4c521  [0m
[31m           Aborted(Cannot enlarge memory arrays to size 19116032 bytes (OOM). Either (1) compile with -sINITIAL_MEMORY=X with X higher than the current value 16777216, (2) compile with -sALLOW_MEMORY_GROWTH which allows increasing the size at runtime, or (3) if you want malloc to return NULL (0) instead of this abort, compile with -sABORTING_MALLOC=0)
/home/test/workspace/openh264/test/encoder_binary_comparison/AllTestData/Adobe_PDF_sample_a_1024x768_50Frms.264/h264enc.js:167
      throw ex;
      ^

RuntimeError: Aborted(Cannot enlarge memory arrays to size 19116032 bytes (OOM). Either (1) compile with -sINITIAL_MEMORY=X with X higher than the current value 16777216, (2) compile with -sALLOW_MEMORY_GROWTH which allows increasing the size at runtime, or (3) if you want malloc to return NULL (0) instead of this abort, compile with -sABORTING_MALLOC=0)
    at abort (/home/test/workspace/openh264/test/encoder_binary_comparison/AllTestData/Adobe_PDF_sample_a_1024x768_50Frms.264/h264enc.js:1031:11)
    at abortOnCannotGrowMemory (/home/test/workspace/openh264/test/encoder_binary_comparison/AllTestData/Adobe_PDF_sample_a_1024x768_50Frms.264/h264enc.js:4914:7)
    at _emscripten_resize_heap (/home/test/workspace/openh264/test/encoder_binary_comparison/AllTestData/Adobe_PDF_sample_a_1024x768_50Frms.264/h264enc.js:4919:7)
    at wasm://wasm/00265406:wasm-function[1133]:0x705f0
    at wasm://wasm/00265406:wasm-function[1121]:0x6e28d
    at wasm://wasm/00265406:wasm-function[775]:0x60eb2
    at wasm://wasm/00265406:wasm-function[357]:0x2e8f3
    at wasm://wasm/00265406:wasm-function[363]:0x2f261
    at wasm://wasm/00265406:wasm-function[555]:0x407f3
    at wasm://wasm/00265406:wasm-function[554]:0x405bd   [0m
[31m    Failed! Adobe_PDF_sample_a_1024x768_50Frms.264_x.yuv Case Index 276:SHA-1(Current--Benchmark): NULL-----6ece926a0af2f069ecded6ab036ce2418af50d81  [0m
[31m            ----YUVSHA1:  NULL,  9aa9a4d9598eb3e1093311826844f37c43e4c521  [0m
[31m           Aborted(Cannot enlarge memory arrays to size 19116032 bytes (OOM). Either (1) compile with -sINITIAL_MEMORY=X with X higher than the current value 16777216, (2) compile with -sALLOW_MEMORY_GROWTH which allows increasing the size at runtime, or (3) if you want malloc to return NULL (0) instead of this abort, compile with -sABORTING_MALLOC=0)
/home/test/workspace/openh264/test/encoder_binary_comparison/AllTestData/Adobe_PDF_sample_a_1024x768_50Frms.264/h264enc.js:167
      throw ex;
      ^

RuntimeError: Aborted(Cannot enlarge memory arrays to size 19116032 bytes (OOM). Either (1) compile with -sINITIAL_MEMORY=X with X higher than the current value 16777216, (2) compile with -sALLOW_MEMORY_GROWTH which allows increasing the size at runtime, or (3) if you want malloc to return NULL (0) instead of this abort, compile with -sABORTING_MALLOC=0)
    at abort (/home/test/workspace/openh264/test/encoder_binary_comparison/AllTestData/Adobe_PDF_sample_a_1024x768_50Frms.264/h264enc.js:1031:11)
    at abortOnCannotGrowMemory (/home/test/workspace/openh264/test/encoder_binary_comparison/AllTestData/Adobe_PDF_sample_a_1024x768_50Frms.264/h264enc.js:4914:7)
    at _emscripten_resize_heap (/home/test/workspace/openh264/test/encoder_binary_comparison/AllTestData/Adobe_PDF_sample_a_1024x768_50Frms.264/h264enc.js:4919:7)
    at wasm://wasm/00265406:wasm-function[1133]:0x705f0
    at wasm://wasm/00265406:wasm-function[1121]:0x6e28d
    at wasm://wasm/00265406:wasm-function[775]:0x60eb2
    at wasm://wasm/00265406:wasm-function[357]:0x2e8f3
    at wasm://wasm/00265406:wasm-function[363]:0x2f261
    at wasm://wasm/00265406:wasm-function[555]:0x407f3
    at wasm://wasm/00265406:wasm-function[554]:0x405bd   [0m
[31m    Failed! Adobe_PDF_sample_a_1024x768_50Frms.264_x.yuv Case Index 277:SHA-1(Current--Benchmark): NULL-----6ece926a0af2f069ecded6ab036ce2418af50d81  [0m
[31m            ----YUVSHA1:  NULL,  9aa9a4d9598eb3e1093311826844f37c43e4c521  [0m
[31m           Aborted(Cannot enlarge memory arrays to size 19116032 bytes (OOM). Either (1) compile with -sINITIAL_MEMORY=X with X higher than the current value 16777216, (2) compile with -sALLOW_MEMORY_GROWTH which allows increasing the size at runtime, or (3) if you want malloc to return NULL (0) instead of this abort, compile with -sABORTING_MALLOC=0)
/home/test/workspace/openh264/test/encoder_binary_comparison/AllTestData/Adobe_PDF_sample_a_1024x768_50Frms.264/h264enc.js:167
      throw ex;
      ^

RuntimeError: Aborted(Cannot enlarge memory arrays to size 19116032 bytes (OOM). Either (1) compile with -sINITIAL_MEMORY=X with X higher than the current value 16777216, (2) compile with -sALLOW_MEMORY_GROWTH which allows increasing the size at runtime, or (3) if you want malloc to return NULL (0) instead of this abort, compile with -sABORTING_MALLOC=0)
    at abort (/home/test/workspace/openh264/test/encoder_binary_comparison/AllTestData/Adobe_PDF_sample_a_1024x768_50Frms.264/h264enc.js:1031:11)
    at abortOnCannotGrowMemory (/home/test/workspace/openh264/test/encoder_binary_comparison/AllTestData/Adobe_PDF_sample_a_1024x768_50Frms.264/h264enc.js:4914:7)
    at _emscripten_resize_heap (/home/test/workspace/openh264/test/encoder_binary_comparison/AllTestData/Adobe_PDF_sample_a_1024x768_50Frms.264/h264enc.js:4919:7)
    at wasm://wasm/00265406:wasm-function[1133]:0x705f0
    at wasm://wasm/00265406:wasm-function[1121]:0x6e28d
    at wasm://wasm/00265406:wasm-function[775]:0x60eb2
    at wasm://wasm/00265406:wasm-function[357]:0x2e8f3
    at wasm://wasm/00265406:wasm-function[363]:0x2f261
    at wasm://wasm/00265406:wasm-function[555]:0x407f3
    at wasm://wasm/00265406:wasm-function[554]:0x405bd   [0m
[31m    Failed! Adobe_PDF_sample_a_1024x768_50Frms.264_x.yuv Case Index 278:SHA-1(Current--Benchmark): NULL-----6ece926a0af2f069ecded6ab036ce2418af50d81  [0m
[31m            ----YUVSHA1:  NULL,  9aa9a4d9598eb3e1093311826844f37c43e4c521  [0m
[31m           Aborted(Cannot enlarge memory arrays to size 19116032 bytes (OOM). Either (1) compile with -sINITIAL_MEMORY=X with X higher than the current value 16777216, (2) compile with -sALLOW_MEMORY_GROWTH which allows increasing the size at runtime, or (3) if you want malloc to return NULL (0) instead of this abort, compile with -sABORTING_MALLOC=0)
/home/test/workspace/openh264/test/encoder_binary_comparison/AllTestData/Adobe_PDF_sample_a_1024x768_50Frms.264/h264enc.js:167
      throw ex;
      ^

RuntimeError: Aborted(Cannot enlarge memory arrays to size 19116032 bytes (OOM). Either (1) compile with -sINITIAL_MEMORY=X with X higher than the current value 16777216, (2) compile with -sALLOW_MEMORY_GROWTH which allows increasing the size at runtime, or (3) if you want malloc to return NULL (0) instead of this abort, compile with -sABORTING_MALLOC=0)
    at abort (/home/test/workspace/openh264/test/encoder_binary_comparison/AllTestData/Adobe_PDF_sample_a_1024x768_50Frms.264/h264enc.js:1031:11)
    at abortOnCannotGrowMemory (/home/test/workspace/openh264/test/encoder_binary_comparison/AllTestData/Adobe_PDF_sample_a_1024x768_50Frms.264/h264enc.js:4914:7)
    at _emscripten_resize_heap (/home/test/workspace/openh264/test/encoder_binary_comparison/AllTestData/Adobe_PDF_sample_a_1024x768_50Frms.264/h264enc.js:4919:7)
    at wasm://wasm/00265406:wasm-function[1133]:0x705f0
    at wasm://wasm/00265406:wasm-function[1121]:0x6e28d
    at wasm://wasm/00265406:wasm-function[775]:0x60eb2
    at wasm://wasm/00265406:wasm-function[357]:0x2e8f3
    at wasm://wasm/00265406:wasm-function[363]:0x2f261
    at wasm://wasm/00265406:wasm-function[555]:0x407f3
    at wasm://wasm/00265406:wasm-function[554]:0x405bd   [0m
[31m    Failed! Adobe_PDF_sample_a_1024x768_50Frms.264_x.yuv Case Index 279:SHA-1(Current--Benchmark): NULL-----6ece926a0af2f069ecded6ab036ce2418af50d81  [0m
[31m            ----YUVSHA1:  NULL,  9aa9a4d9598eb3e1093311826844f37c43e4c521  [0m
[31m           Aborted(Cannot enlarge memory arrays to size 19116032 bytes (OOM). Either (1) compile with -sINITIAL_MEMORY=X with X higher than the current value 16777216, (2) compile with -sALLOW_MEMORY_GROWTH which allows increasing the size at runtime, or (3) if you want malloc to return NULL (0) instead of this abort, compile with -sABORTING_MALLOC=0)
/home/test/workspace/openh264/test/encoder_binary_comparison/AllTestData/Adobe_PDF_sample_a_1024x768_50Frms.264/h264enc.js:167
      throw ex;
      ^

RuntimeError: Aborted(Cannot enlarge memory arrays to size 19116032 bytes (OOM). Either (1) compile with -sINITIAL_MEMORY=X with X higher than the current value 16777216, (2) compile with -sALLOW_MEMORY_GROWTH which allows increasing the size at runtime, or (3) if you want malloc to return NULL (0) instead of this abort, compile with -sABORTING_MALLOC=0)
    at abort (/home/test/workspace/openh264/test/encoder_binary_comparison/AllTestData/Adobe_PDF_sample_a_1024x768_50Frms.264/h264enc.js:1031:11)
    at abortOnCannotGrowMemory (/home/test/workspace/openh264/test/encoder_binary_comparison/AllTestData/Adobe_PDF_sample_a_1024x768_50Frms.264/h264enc.js:4914:7)
    at _emscripten_resize_heap (/home/test/workspace/openh264/test/encoder_binary_comparison/AllTestData/Adobe_PDF_sample_a_1024x768_50Frms.264/h264enc.js:4919:7)
    at wasm://wasm/00265406:wasm-function[1133]:0x705f0
    at wasm://wasm/00265406:wasm-function[1121]:0x6e28d
    at wasm://wasm/00265406:wasm-function[775]:0x60eb2
    at wasm://wasm/00265406:wasm-function[357]:0x2e8f3
    at wasm://wasm/00265406:wasm-function[363]:0x2f261
    at wasm://wasm/00265406:wasm-function[555]:0x407f3
    at wasm://wasm/00265406:wasm-function[554]:0x405bd   [0m
[31m    Failed! Adobe_PDF_sample_a_1024x768_50Frms.264_x.yuv Case Index 280:SHA-1(Current--Benchmark): NULL-----6ece926a0af2f069ecded6ab036ce2418af50d81  [0m
[31m            ----YUVSHA1:  NULL,  9aa9a4d9598eb3e1093311826844f37c43e4c521  [0m
[31m           Aborted(Cannot enlarge memory arrays to size 19116032 bytes (OOM). Either (1) compile with -sINITIAL_MEMORY=X with X higher than the current value 16777216, (2) compile with -sALLOW_MEMORY_GROWTH which allows increasing the size at runtime, or (3) if you want malloc to return NULL (0) instead of this abort, compile with -sABORTING_MALLOC=0)
/home/test/workspace/openh264/test/encoder_binary_comparison/AllTestData/Adobe_PDF_sample_a_1024x768_50Frms.264/h264enc.js:167
      throw ex;
      ^

RuntimeError: Aborted(Cannot enlarge memory arrays to size 19116032 bytes (OOM). Either (1) compile with -sINITIAL_MEMORY=X with X higher than the current value 16777216, (2) compile with -sALLOW_MEMORY_GROWTH which allows increasing the size at runtime, or (3) if you want malloc to return NULL (0) instead of this abort, compile with -sABORTING_MALLOC=0)
    at abort (/home/test/workspace/openh264/test/encoder_binary_comparison/AllTestData/Adobe_PDF_sample_a_1024x768_50Frms.264/h264enc.js:1031:11)
    at abortOnCannotGrowMemory (/home/test/workspace/openh264/test/encoder_binary_comparison/AllTestData/Adobe_PDF_sample_a_1024x768_50Frms.264/h264enc.js:4914:7)
    at _emscripten_resize_heap (/home/test/workspace/openh264/test/encoder_binary_comparison/AllTestData/Adobe_PDF_sample_a_1024x768_50Frms.264/h264enc.js:4919:7)
    at wasm://wasm/00265406:wasm-function[1133]:0x705f0
    at wasm://wasm/00265406:wasm-function[1121]:0x6e28d
    at wasm://wasm/00265406:wasm-function[775]:0x60eb2
    at wasm://wasm/00265406:wasm-function[357]:0x2e8f3
    at wasm://wasm/00265406:wasm-function[363]:0x2f261
    at wasm://wasm/00265406:wasm-function[555]:0x407f3
    at wasm://wasm/00265406:wasm-function[554]:0x405bd   [0m
[31m    Failed! Adobe_PDF_sample_a_1024x768_50Frms.264_x.yuv Case Index 281:SHA-1(Current--Benchmark): NULL-----6ece926a0af2f069ecded6ab036ce2418af50d81  [0m
[31m            ----YUVSHA1:  NULL,  9aa9a4d9598eb3e1093311826844f37c43e4c521  [0m
[31m           Aborted(Cannot enlarge memory arrays to size 19116032 bytes (OOM). Either (1) compile with -sINITIAL_MEMORY=X with X higher than the current value 16777216, (2) compile with -sALLOW_MEMORY_GROWTH which allows increasing the size at runtime, or (3) if you want malloc to return NULL (0) instead of this abort, compile with -sABORTING_MALLOC=0)
/home/test/workspace/openh264/test/encoder_binary_comparison/AllTestData/Adobe_PDF_sample_a_1024x768_50Frms.264/h264enc.js:167
      throw ex;
      ^

RuntimeError: Aborted(Cannot enlarge memory arrays to size 19116032 bytes (OOM). Either (1) compile with -sINITIAL_MEMORY=X with X higher than the current value 16777216, (2) compile with -sALLOW_MEMORY_GROWTH which allows increasing the size at runtime, or (3) if you want malloc to return NULL (0) instead of this abort, compile with -sABORTING_MALLOC=0)
    at abort (/home/test/workspace/openh264/test/encoder_binary_comparison/AllTestData/Adobe_PDF_sample_a_1024x768_50Frms.264/h264enc.js:1031:11)
    at abortOnCannotGrowMemory (/home/test/workspace/openh264/test/encoder_binary_comparison/AllTestData/Adobe_PDF_sample_a_1024x768_50Frms.264/h264enc.js:4914:7)
    at _emscripten_resize_heap (/home/test/workspace/openh264/test/encoder_binary_comparison/AllTestData/Adobe_PDF_sample_a_1024x768_50Frms.264/h264enc.js:4919:7)
    at wasm://wasm/00265406:wasm-function[1133]:0x705f0
    at wasm://wasm/00265406:wasm-function[1121]:0x6e28d
    at wasm://wasm/00265406:wasm-function[775]:0x60eb2
    at wasm://wasm/00265406:wasm-function[357]:0x2e8f3
    at wasm://wasm/00265406:wasm-function[363]:0x2f261
    at wasm://wasm/00265406:wasm-function[555]:0x407f3
    at wasm://wasm/00265406:wasm-function[554]:0x405bd   [0m
[31m    Failed! Adobe_PDF_sample_a_1024x768_50Frms.264_x.yuv Case Index 282:SHA-1(Current--Benchmark): NULL-----6ece926a0af2f069ecded6ab036ce2418af50d81  [0m
[31m            ----YUVSHA1:  NULL,  9aa9a4d9598eb3e1093311826844f37c43e4c521  [0m
[31m           Aborted(Cannot enlarge memory arrays to size 19116032 bytes (OOM). Either (1) compile with -sINITIAL_MEMORY=X with X higher than the current value 16777216, (2) compile with -sALLOW_MEMORY_GROWTH which allows increasing the size at runtime, or (3) if you want malloc to return NULL (0) instead of this abort, compile with -sABORTING_MALLOC=0)
/home/test/workspace/openh264/test/encoder_binary_comparison/AllTestData/Adobe_PDF_sample_a_1024x768_50Frms.264/h264enc.js:167
      throw ex;
      ^

RuntimeError: Aborted(Cannot enlarge memory arrays to size 19116032 bytes (OOM). Either (1) compile with -sINITIAL_MEMORY=X with X higher than the current value 16777216, (2) compile with -sALLOW_MEMORY_GROWTH which allows increasing the size at runtime, or (3) if you want malloc to return NULL (0) instead of this abort, compile with -sABORTING_MALLOC=0)
    at abort (/home/test/workspace/openh264/test/encoder_binary_comparison/AllTestData/Adobe_PDF_sample_a_1024x768_50Frms.264/h264enc.js:1031:11)
    at abortOnCannotGrowMemory (/home/test/workspace/openh264/test/encoder_binary_comparison/AllTestData/Adobe_PDF_sample_a_1024x768_50Frms.264/h264enc.js:4914:7)
    at _emscripten_resize_heap (/home/test/workspace/openh264/test/encoder_binary_comparison/AllTestData/Adobe_PDF_sample_a_1024x768_50Frms.264/h264enc.js:4919:7)
    at wasm://wasm/00265406:wasm-function[1133]:0x705f0
    at wasm://wasm/00265406:wasm-function[1121]:0x6e28d
    at wasm://wasm/00265406:wasm-function[775]:0x60eb2
    at wasm://wasm/00265406:wasm-function[357]:0x2e8f3
    at wasm://wasm/00265406:wasm-function[363]:0x2f261
    at wasm://wasm/00265406:wasm-function[555]:0x407f3
    at wasm://wasm/00265406:wasm-function[554]:0x405bd   [0m
[31m    Failed! Adobe_PDF_sample_a_1024x768_50Frms.264_x.yuv Case Index 283:SHA-1(Current--Benchmark): NULL-----6ece926a0af2f069ecded6ab036ce2418af50d81  [0m
[31m            ----YUVSHA1:  NULL,  9aa9a4d9598eb3e1093311826844f37c43e4c521  [0m
[31m           Aborted(Cannot enlarge memory arrays to size 19116032 bytes (OOM). Either (1) compile with -sINITIAL_MEMORY=X with X higher than the current value 16777216, (2) compile with -sALLOW_MEMORY_GROWTH which allows increasing the size at runtime, or (3) if you want malloc to return NULL (0) instead of this abort, compile with -sABORTING_MALLOC=0)
/home/test/workspace/openh264/test/encoder_binary_comparison/AllTestData/Adobe_PDF_sample_a_1024x768_50Frms.264/h264enc.js:167
      throw ex;
      ^

RuntimeError: Aborted(Cannot enlarge memory arrays to size 19116032 bytes (OOM). Either (1) compile with -sINITIAL_MEMORY=X with X higher than the current value 16777216, (2) compile with -sALLOW_MEMORY_GROWTH which allows increasing the size at runtime, or (3) if you want malloc to return NULL (0) instead of this abort, compile with -sABORTING_MALLOC=0)
    at abort (/home/test/workspace/openh264/test/encoder_binary_comparison/AllTestData/Adobe_PDF_sample_a_1024x768_50Frms.264/h264enc.js:1031:11)
    at abortOnCannotGrowMemory (/home/test/workspace/openh264/test/encoder_binary_comparison/AllTestData/Adobe_PDF_sample_a_1024x768_50Frms.264/h264enc.js:4914:7)
    at _emscripten_resize_heap (/home/test/workspace/openh264/test/encoder_binary_comparison/AllTestData/Adobe_PDF_sample_a_1024x768_50Frms.264/h264enc.js:4919:7)
    at wasm://wasm/00265406:wasm-function[1133]:0x705f0
    at wasm://wasm/00265406:wasm-function[1121]:0x6e28d
    at wasm://wasm/00265406:wasm-function[775]:0x60eb2
    at wasm://wasm/00265406:wasm-function[357]:0x2e8f3
    at wasm://wasm/00265406:wasm-function[363]:0x2f261
    at wasm://wasm/00265406:wasm-function[555]:0x407f3
    at wasm://wasm/00265406:wasm-function[554]:0x405bd   [0m
[31m    Failed! Adobe_PDF_sample_a_1024x768_50Frms.264_x.yuv Case Index 284:SHA-1(Current--Benchmark): NULL-----6ece926a0af2f069ecded6ab036ce2418af50d81  [0m
[31m            ----YUVSHA1:  NULL,  9aa9a4d9598eb3e1093311826844f37c43e4c521  [0m
[31m           Aborted(Cannot enlarge memory arrays to size 19116032 bytes (OOM). Either (1) compile with -sINITIAL_MEMORY=X with X higher than the current value 16777216, (2) compile with -sALLOW_MEMORY_GROWTH which allows increasing the size at runtime, or (3) if you want malloc to return NULL (0) instead of this abort, compile with -sABORTING_MALLOC=0)
/home/test/workspace/openh264/test/encoder_binary_comparison/AllTestData/Adobe_PDF_sample_a_1024x768_50Frms.264/h264enc.js:167
      throw ex;
      ^

RuntimeError: Aborted(Cannot enlarge memory arrays to size 19116032 bytes (OOM). Either (1) compile with -sINITIAL_MEMORY=X with X higher than the current value 16777216, (2) compile with -sALLOW_MEMORY_GROWTH which allows increasing the size at runtime, or (3) if you want malloc to return NULL (0) instead of this abort, compile with -sABORTING_MALLOC=0)
    at abort (/home/test/workspace/openh264/test/encoder_binary_comparison/AllTestData/Adobe_PDF_sample_a_1024x768_50Frms.264/h264enc.js:1031:11)
    at abortOnCannotGrowMemory (/home/test/workspace/openh264/test/encoder_binary_comparison/AllTestData/Adobe_PDF_sample_a_1024x768_50Frms.264/h264enc.js:4914:7)
    at _emscripten_resize_heap (/home/test/workspace/openh264/test/encoder_binary_comparison/AllTestData/Adobe_PDF_sample_a_1024x768_50Frms.264/h264enc.js:4919:7)
    at wasm://wasm/00265406:wasm-function[1133]:0x705f0
    at wasm://wasm/00265406:wasm-function[1121]:0x6e28d
    at wasm://wasm/00265406:wasm-function[775]:0x60eb2
    at wasm://wasm/00265406:wasm-function[357]:0x2e8f3
    at wasm://wasm/00265406:wasm-function[363]:0x2f261
    at wasm://wasm/00265406:wasm-function[555]:0x407f3
    at wasm://wasm/00265406:wasm-function[554]:0x405bd   [0m
[31m    Failed! Adobe_PDF_sample_a_1024x768_50Frms.264_x.yuv Case Index 285:SHA-1(Current--Benchmark): NULL-----6ece926a0af2f069ecded6ab036ce2418af50d81  [0m
[31m            ----YUVSHA1:  NULL,  9aa9a4d9598eb3e1093311826844f37c43e4c521  [0m
[31m           Aborted(Cannot enlarge memory arrays to size 19116032 bytes (OOM). Either (1) compile with -sINITIAL_MEMORY=X with X higher than the current value 16777216, (2) compile with -sALLOW_MEMORY_GROWTH which allows increasing the size at runtime, or (3) if you want malloc to return NULL (0) instead of this abort, compile with -sABORTING_MALLOC=0)
/home/test/workspace/openh264/test/encoder_binary_comparison/AllTestData/Adobe_PDF_sample_a_1024x768_50Frms.264/h264enc.js:167
      throw ex;
      ^

RuntimeError: Aborted(Cannot enlarge memory arrays to size 19116032 bytes (OOM). Either (1) compile with -sINITIAL_MEMORY=X with X higher than the current value 16777216, (2) compile with -sALLOW_MEMORY_GROWTH which allows increasing the size at runtime, or (3) if you want malloc to return NULL (0) instead of this abort, compile with -sABORTING_MALLOC=0)
    at abort (/home/test/workspace/openh264/test/encoder_binary_comparison/AllTestData/Adobe_PDF_sample_a_1024x768_50Frms.264/h264enc.js:1031:11)
    at abortOnCannotGrowMemory (/home/test/workspace/openh264/test/encoder_binary_comparison/AllTestData/Adobe_PDF_sample_a_1024x768_50Frms.264/h264enc.js:4914:7)
    at _emscripten_resize_heap (/home/test/workspace/openh264/test/encoder_binary_comparison/AllTestData/Adobe_PDF_sample_a_1024x768_50Frms.264/h264enc.js:4919:7)
    at wasm://wasm/00265406:wasm-function[1133]:0x705f0
    at wasm://wasm/00265406:wasm-function[1121]:0x6e28d
    at wasm://wasm/00265406:wasm-function[775]:0x60eb2
    at wasm://wasm/00265406:wasm-function[357]:0x2e8f3
    at wasm://wasm/00265406:wasm-function[363]:0x2f261
    at wasm://wasm/00265406:wasm-function[555]:0x407f3
    at wasm://wasm/00265406:wasm-function[554]:0x405bd   [0m
[31m    Failed! Adobe_PDF_sample_a_1024x768_50Frms.264_x.yuv Case Index 286:SHA-1(Current--Benchmark): NULL-----6ece926a0af2f069ecded6ab036ce2418af50d81  [0m
[31m            ----YUVSHA1:  NULL,  9aa9a4d9598eb3e1093311826844f37c43e4c521  [0m
[31m           Aborted(Cannot enlarge memory arrays to size 19116032 bytes (OOM). Either (1) compile with -sINITIAL_MEMORY=X with X higher than the current value 16777216, (2) compile with -sALLOW_MEMORY_GROWTH which allows increasing the size at runtime, or (3) if you want malloc to return NULL (0) instead of this abort, compile with -sABORTING_MALLOC=0)
/home/test/workspace/openh264/test/encoder_binary_comparison/AllTestData/Adobe_PDF_sample_a_1024x768_50Frms.264/h264enc.js:167
      throw ex;
      ^

RuntimeError: Aborted(Cannot enlarge memory arrays to size 19116032 bytes (OOM). Either (1) compile with -sINITIAL_MEMORY=X with X higher than the current value 16777216, (2) compile with -sALLOW_MEMORY_GROWTH which allows increasing the size at runtime, or (3) if you want malloc to return NULL (0) instead of this abort, compile with -sABORTING_MALLOC=0)
    at abort (/home/test/workspace/openh264/test/encoder_binary_comparison/AllTestData/Adobe_PDF_sample_a_1024x768_50Frms.264/h264enc.js:1031:11)
    at abortOnCannotGrowMemory (/home/test/workspace/openh264/test/encoder_binary_comparison/AllTestData/Adobe_PDF_sample_a_1024x768_50Frms.264/h264enc.js:4914:7)
    at _emscripten_resize_heap (/home/test/workspace/openh264/test/encoder_binary_comparison/AllTestData/Adobe_PDF_sample_a_1024x768_50Frms.264/h264enc.js:4919:7)
    at wasm://wasm/00265406:wasm-function[1133]:0x705f0
    at wasm://wasm/00265406:wasm-function[1121]:0x6e28d
    at wasm://wasm/00265406:wasm-function[775]:0x60eb2
    at wasm://wasm/00265406:wasm-function[357]:0x2e8f3
    at wasm://wasm/00265406:wasm-function[363]:0x2f261
    at wasm://wasm/00265406:wasm-function[555]:0x407f3
    at wasm://wasm/00265406:wasm-function[554]:0x405bd   [0m
[31m    Failed! Adobe_PDF_sample_a_1024x768_50Frms.264_x.yuv Case Index 287:SHA-1(Current--Benchmark): NULL-----6ece926a0af2f069ecded6ab036ce2418af50d81  [0m
[31m            ----YUVSHA1:  NULL,  9aa9a4d9598eb3e1093311826844f37c43e4c521  [0m
[31m           Aborted(Cannot enlarge memory arrays to size 19116032 bytes (OOM). Either (1) compile with -sINITIAL_MEMORY=X with X higher than the current value 16777216, (2) compile with -sALLOW_MEMORY_GROWTH which allows increasing the size at runtime, or (3) if you want malloc to return NULL (0) instead of this abort, compile with -sABORTING_MALLOC=0)
/home/test/workspace/openh264/test/encoder_binary_comparison/AllTestData/Adobe_PDF_sample_a_1024x768_50Frms.264/h264enc.js:167
      throw ex;
      ^

RuntimeError: Aborted(Cannot enlarge memory arrays to size 19116032 bytes (OOM). Either (1) compile with -sINITIAL_MEMORY=X with X higher than the current value 16777216, (2) compile with -sALLOW_MEMORY_GROWTH which allows increasing the size at runtime, or (3) if you want malloc to return NULL (0) instead of this abort, compile with -sABORTING_MALLOC=0)
    at abort (/home/test/workspace/openh264/test/encoder_binary_comparison/AllTestData/Adobe_PDF_sample_a_1024x768_50Frms.264/h264enc.js:1031:11)
    at abortOnCannotGrowMemory (/home/test/workspace/openh264/test/encoder_binary_comparison/AllTestData/Adobe_PDF_sample_a_1024x768_50Frms.264/h264enc.js:4914:7)
    at _emscripten_resize_heap (/home/test/workspace/openh264/test/encoder_binary_comparison/AllTestData/Adobe_PDF_sample_a_1024x768_50Frms.264/h264enc.js:4919:7)
    at wasm://wasm/00265406:wasm-function[1133]:0x705f0
    at wasm://wasm/00265406:wasm-function[1121]:0x6e28d
    at wasm://wasm/00265406:wasm-function[775]:0x60eb2
    at wasm://wasm/00265406:wasm-function[357]:0x2e8f3
    at wasm://wasm/00265406:wasm-function[363]:0x2f261
    at wasm://wasm/00265406:wasm-function[555]:0x407f3
    at wasm://wasm/00265406:wasm-function[554]:0x405bd   [0m
[31m    Failed! Adobe_PDF_sample_a_1024x768_50Frms.264_x.yuv Case Index 288:SHA-1(Current--Benchmark): NULL-----99c4f3e97a9351ad6ce09205c56c74e7877dd339  [0m
[31m            ----YUVSHA1:  NULL,  9aa9a4d9598eb3e1093311826844f37c43e4c521  [0m
[31m           Aborted(Cannot enlarge memory arrays to size 19111936 bytes (OOM). Either (1) compile with -sINITIAL_MEMORY=X with X higher than the current value 16777216, (2) compile with -sALLOW_MEMORY_GROWTH which allows increasing the size at runtime, or (3) if you want malloc to return NULL (0) instead of this abort, compile with -sABORTING_MALLOC=0)
/home/test/workspace/openh264/test/encoder_binary_comparison/AllTestData/Adobe_PDF_sample_a_1024x768_50Frms.264/h264enc.js:167
      throw ex;
      ^

RuntimeError: Aborted(Cannot enlarge memory arrays to size 19111936 bytes (OOM). Either (1) compile with -sINITIAL_MEMORY=X with X higher than the current value 16777216, (2) compile with -sALLOW_MEMORY_GROWTH which allows increasing the size at runtime, or (3) if you want malloc to return NULL (0) instead of this abort, compile with -sABORTING_MALLOC=0)
    at abort (/home/test/workspace/openh264/test/encoder_binary_comparison/AllTestData/Adobe_PDF_sample_a_1024x768_50Frms.264/h264enc.js:1031:11)
    at abortOnCannotGrowMemory (/home/test/workspace/openh264/test/encoder_binary_comparison/AllTestData/Adobe_PDF_sample_a_1024x768_50Frms.264/h264enc.js:4914:7)
    at _emscripten_resize_heap (/home/test/workspace/openh264/test/encoder_binary_comparison/AllTestData/Adobe_PDF_sample_a_1024x768_50Frms.264/h264enc.js:4919:7)
    at wasm://wasm/00265406:wasm-function[1133]:0x705f0
    at wasm://wasm/00265406:wasm-function[1121]:0x6e28d
    at wasm://wasm/00265406:wasm-function[775]:0x60eb2
    at wasm://wasm/00265406:wasm-function[357]:0x2e8f3
    at wasm://wasm/00265406:wasm-function[363]:0x2f261
    at wasm://wasm/00265406:wasm-function[555]:0x407f3
    at wasm://wasm/00265406:wasm-function[554]:0x405bd   [0m
[31m    Failed! Adobe_PDF_sample_a_1024x768_50Frms.264_x.yuv Case Index 289:SHA-1(Current--Benchmark): NULL-----99c4f3e97a9351ad6ce09205c56c74e7877dd339  [0m
[31m            ----YUVSHA1:  NULL,  9aa9a4d9598eb3e1093311826844f37c43e4c521  [0m
[31m           Aborted(Cannot enlarge memory arrays to size 19111936 bytes (OOM). Either (1) compile with -sINITIAL_MEMORY=X with X higher than the current value 16777216, (2) compile with -sALLOW_MEMORY_GROWTH which allows increasing the size at runtime, or (3) if you want malloc to return NULL (0) instead of this abort, compile with -sABORTING_MALLOC=0)
/home/test/workspace/openh264/test/encoder_binary_comparison/AllTestData/Adobe_PDF_sample_a_1024x768_50Frms.264/h264enc.js:167
      throw ex;
      ^

RuntimeError: Aborted(Cannot enlarge memory arrays to size 19111936 bytes (OOM). Either (1) compile with -sINITIAL_MEMORY=X with X higher than the current value 16777216, (2) compile with -sALLOW_MEMORY_GROWTH which allows increasing the size at runtime, or (3) if you want malloc to return NULL (0) instead of this abort, compile with -sABORTING_MALLOC=0)
    at abort (/home/test/workspace/openh264/test/encoder_binary_comparison/AllTestData/Adobe_PDF_sample_a_1024x768_50Frms.264/h264enc.js:1031:11)
    at abortOnCannotGrowMemory (/home/test/workspace/openh264/test/encoder_binary_comparison/AllTestData/Adobe_PDF_sample_a_1024x768_50Frms.264/h264enc.js:4914:7)
    at _emscripten_resize_heap (/home/test/workspace/openh264/test/encoder_binary_comparison/AllTestData/Adobe_PDF_sample_a_1024x768_50Frms.264/h264enc.js:4919:7)
    at wasm://wasm/00265406:wasm-function[1133]:0x705f0
    at wasm://wasm/00265406:wasm-function[1121]:0x6e28d
    at wasm://wasm/00265406:wasm-function[775]:0x60eb2
    at wasm://wasm/00265406:wasm-function[357]:0x2e8f3
    at wasm://wasm/00265406:wasm-function[363]:0x2f261
    at wasm://wasm/00265406:wasm-function[555]:0x407f3
    at wasm://wasm/00265406:wasm-function[554]:0x405bd   [0m
[31m    Failed! Adobe_PDF_sample_a_1024x768_50Frms.264_x.yuv Case Index 290:SHA-1(Current--Benchmark): NULL-----99c4f3e97a9351ad6ce09205c56c74e7877dd339  [0m
[31m            ----YUVSHA1:  NULL,  9aa9a4d9598eb3e1093311826844f37c43e4c521  [0m
[31m           Aborted(Cannot enlarge memory arrays to size 19111936 bytes (OOM). Either (1) compile with -sINITIAL_MEMORY=X with X higher than the current value 16777216, (2) compile with -sALLOW_MEMORY_GROWTH which allows increasing the size at runtime, or (3) if you want malloc to return NULL (0) instead of this abort, compile with -sABORTING_MALLOC=0)
/home/test/workspace/openh264/test/encoder_binary_comparison/AllTestData/Adobe_PDF_sample_a_1024x768_50Frms.264/h264enc.js:167
      throw ex;
      ^

RuntimeError: Aborted(Cannot enlarge memory arrays to size 19111936 bytes (OOM). Either (1) compile with -sINITIAL_MEMORY=X with X higher than the current value 16777216, (2) compile with -sALLOW_MEMORY_GROWTH which allows increasing the size at runtime, or (3) if you want malloc to return NULL (0) instead of this abort, compile with -sABORTING_MALLOC=0)
    at abort (/home/test/workspace/openh264/test/encoder_binary_comparison/AllTestData/Adobe_PDF_sample_a_1024x768_50Frms.264/h264enc.js:1031:11)
    at abortOnCannotGrowMemory (/home/test/workspace/openh264/test/encoder_binary_comparison/AllTestData/Adobe_PDF_sample_a_1024x768_50Frms.264/h264enc.js:4914:7)
    at _emscripten_resize_heap (/home/test/workspace/openh264/test/encoder_binary_comparison/AllTestData/Adobe_PDF_sample_a_1024x768_50Frms.264/h264enc.js:4919:7)
    at wasm://wasm/00265406:wasm-function[1133]:0x705f0
    at wasm://wasm/00265406:wasm-function[1121]:0x6e28d
    at wasm://wasm/00265406:wasm-function[775]:0x60eb2
    at wasm://wasm/00265406:wasm-function[357]:0x2e8f3
    at wasm://wasm/00265406:wasm-function[363]:0x2f261
    at wasm://wasm/00265406:wasm-function[555]:0x407f3
    at wasm://wasm/00265406:wasm-function[554]:0x405bd   [0m
[31m    Failed! Adobe_PDF_sample_a_1024x768_50Frms.264_x.yuv Case Index 291:SHA-1(Current--Benchmark): NULL-----99c4f3e97a9351ad6ce09205c56c74e7877dd339  [0m
[31m            ----YUVSHA1:  NULL,  9aa9a4d9598eb3e1093311826844f37c43e4c521  [0m
[31m           Aborted(Cannot enlarge memory arrays to size 19111936 bytes (OOM). Either (1) compile with -sINITIAL_MEMORY=X with X higher than the current value 16777216, (2) compile with -sALLOW_MEMORY_GROWTH which allows increasing the size at runtime, or (3) if you want malloc to return NULL (0) instead of this abort, compile with -sABORTING_MALLOC=0)
/home/test/workspace/openh264/test/encoder_binary_comparison/AllTestData/Adobe_PDF_sample_a_1024x768_50Frms.264/h264enc.js:167
      throw ex;
      ^

RuntimeError: Aborted(Cannot enlarge memory arrays to size 19111936 bytes (OOM). Either (1) compile with -sINITIAL_MEMORY=X with X higher than the current value 16777216, (2) compile with -sALLOW_MEMORY_GROWTH which allows increasing the size at runtime, or (3) if you want malloc to return NULL (0) instead of this abort, compile with -sABORTING_MALLOC=0)
    at abort (/home/test/workspace/openh264/test/encoder_binary_comparison/AllTestData/Adobe_PDF_sample_a_1024x768_50Frms.264/h264enc.js:1031:11)
    at abortOnCannotGrowMemory (/home/test/workspace/openh264/test/encoder_binary_comparison/AllTestData/Adobe_PDF_sample_a_1024x768_50Frms.264/h264enc.js:4914:7)
    at _emscripten_resize_heap (/home/test/workspace/openh264/test/encoder_binary_comparison/AllTestData/Adobe_PDF_sample_a_1024x768_50Frms.264/h264enc.js:4919:7)
    at wasm://wasm/00265406:wasm-function[1133]:0x705f0
    at wasm://wasm/00265406:wasm-function[1121]:0x6e28d
    at wasm://wasm/00265406:wasm-function[775]:0x60eb2
    at wasm://wasm/00265406:wasm-function[357]:0x2e8f3
    at wasm://wasm/00265406:wasm-function[363]:0x2f261
    at wasm://wasm/00265406:wasm-function[555]:0x407f3
    at wasm://wasm/00265406:wasm-function[554]:0x405bd   [0m
[31m    Failed! Adobe_PDF_sample_a_1024x768_50Frms.264_x.yuv Case Index 292:SHA-1(Current--Benchmark): NULL-----99c4f3e97a9351ad6ce09205c56c74e7877dd339  [0m
[31m            ----YUVSHA1:  NULL,  9aa9a4d9598eb3e1093311826844f37c43e4c521  [0m
[31m           Aborted(Cannot enlarge memory arrays to size 19111936 bytes (OOM). Either (1) compile with -sINITIAL_MEMORY=X with X higher than the current value 16777216, (2) compile with -sALLOW_MEMORY_GROWTH which allows increasing the size at runtime, or (3) if you want malloc to return NULL (0) instead of this abort, compile with -sABORTING_MALLOC=0)
/home/test/workspace/openh264/test/encoder_binary_comparison/AllTestData/Adobe_PDF_sample_a_1024x768_50Frms.264/h264enc.js:167
      throw ex;
      ^

RuntimeError: Aborted(Cannot enlarge memory arrays to size 19111936 bytes (OOM). Either (1) compile with -sINITIAL_MEMORY=X with X higher than the current value 16777216, (2) compile with -sALLOW_MEMORY_GROWTH which allows increasing the size at runtime, or (3) if you want malloc to return NULL (0) instead of this abort, compile with -sABORTING_MALLOC=0)
    at abort (/home/test/workspace/openh264/test/encoder_binary_comparison/AllTestData/Adobe_PDF_sample_a_1024x768_50Frms.264/h264enc.js:1031:11)
    at abortOnCannotGrowMemory (/home/test/workspace/openh264/test/encoder_binary_comparison/AllTestData/Adobe_PDF_sample_a_1024x768_50Frms.264/h264enc.js:4914:7)
    at _emscripten_resize_heap (/home/test/workspace/openh264/test/encoder_binary_comparison/AllTestData/Adobe_PDF_sample_a_1024x768_50Frms.264/h264enc.js:4919:7)
    at wasm://wasm/00265406:wasm-function[1133]:0x705f0
    at wasm://wasm/00265406:wasm-function[1121]:0x6e28d
    at wasm://wasm/00265406:wasm-function[775]:0x60eb2
    at wasm://wasm/00265406:wasm-function[357]:0x2e8f3
    at wasm://wasm/00265406:wasm-function[363]:0x2f261
    at wasm://wasm/00265406:wasm-function[555]:0x407f3
    at wasm://wasm/00265406:wasm-function[554]:0x405bd   [0m
[31m    Failed! Adobe_PDF_sample_a_1024x768_50Frms.264_x.yuv Case Index 293:SHA-1(Current--Benchmark): NULL-----99c4f3e97a9351ad6ce09205c56c74e7877dd339  [0m
[31m            ----YUVSHA1:  NULL,  9aa9a4d9598eb3e1093311826844f37c43e4c521  [0m
[31m           Aborted(Cannot enlarge memory arrays to size 19111936 bytes (OOM). Either (1) compile with -sINITIAL_MEMORY=X with X higher than the current value 16777216, (2) compile with -sALLOW_MEMORY_GROWTH which allows increasing the size at runtime, or (3) if you want malloc to return NULL (0) instead of this abort, compile with -sABORTING_MALLOC=0)
/home/test/workspace/openh264/test/encoder_binary_comparison/AllTestData/Adobe_PDF_sample_a_1024x768_50Frms.264/h264enc.js:167
      throw ex;
      ^

RuntimeError: Aborted(Cannot enlarge memory arrays to size 19111936 bytes (OOM). Either (1) compile with -sINITIAL_MEMORY=X with X higher than the current value 16777216, (2) compile with -sALLOW_MEMORY_GROWTH which allows increasing the size at runtime, or (3) if you want malloc to return NULL (0) instead of this abort, compile with -sABORTING_MALLOC=0)
    at abort (/home/test/workspace/openh264/test/encoder_binary_comparison/AllTestData/Adobe_PDF_sample_a_1024x768_50Frms.264/h264enc.js:1031:11)
    at abortOnCannotGrowMemory (/home/test/workspace/openh264/test/encoder_binary_comparison/AllTestData/Adobe_PDF_sample_a_1024x768_50Frms.264/h264enc.js:4914:7)
    at _emscripten_resize_heap (/home/test/workspace/openh264/test/encoder_binary_comparison/AllTestData/Adobe_PDF_sample_a_1024x768_50Frms.264/h264enc.js:4919:7)
    at wasm://wasm/00265406:wasm-function[1133]:0x705f0
    at wasm://wasm/00265406:wasm-function[1121]:0x6e28d
    at wasm://wasm/00265406:wasm-function[775]:0x60eb2
    at wasm://wasm/00265406:wasm-function[357]:0x2e8f3
    at wasm://wasm/00265406:wasm-function[363]:0x2f261
    at wasm://wasm/00265406:wasm-function[555]:0x407f3
    at wasm://wasm/00265406:wasm-function[554]:0x405bd   [0m
[31m    Failed! Adobe_PDF_sample_a_1024x768_50Frms.264_x.yuv Case Index 294:SHA-1(Current--Benchmark): NULL-----99c4f3e97a9351ad6ce09205c56c74e7877dd339  [0m
[31m            ----YUVSHA1:  NULL,  9aa9a4d9598eb3e1093311826844f37c43e4c521  [0m
[31m           Aborted(Cannot enlarge memory arrays to size 19111936 bytes (OOM). Either (1) compile with -sINITIAL_MEMORY=X with X higher than the current value 16777216, (2) compile with -sALLOW_MEMORY_GROWTH which allows increasing the size at runtime, or (3) if you want malloc to return NULL (0) instead of this abort, compile with -sABORTING_MALLOC=0)
/home/test/workspace/openh264/test/encoder_binary_comparison/AllTestData/Adobe_PDF_sample_a_1024x768_50Frms.264/h264enc.js:167
      throw ex;
      ^

RuntimeError: Aborted(Cannot enlarge memory arrays to size 19111936 bytes (OOM). Either (1) compile with -sINITIAL_MEMORY=X with X higher than the current value 16777216, (2) compile with -sALLOW_MEMORY_GROWTH which allows increasing the size at runtime, or (3) if you want malloc to return NULL (0) instead of this abort, compile with -sABORTING_MALLOC=0)
    at abort (/home/test/workspace/openh264/test/encoder_binary_comparison/AllTestData/Adobe_PDF_sample_a_1024x768_50Frms.264/h264enc.js:1031:11)
    at abortOnCannotGrowMemory (/home/test/workspace/openh264/test/encoder_binary_comparison/AllTestData/Adobe_PDF_sample_a_1024x768_50Frms.264/h264enc.js:4914:7)
    at _emscripten_resize_heap (/home/test/workspace/openh264/test/encoder_binary_comparison/AllTestData/Adobe_PDF_sample_a_1024x768_50Frms.264/h264enc.js:4919:7)
    at wasm://wasm/00265406:wasm-function[1133]:0x705f0
    at wasm://wasm/00265406:wasm-function[1121]:0x6e28d
    at wasm://wasm/00265406:wasm-function[775]:0x60eb2
    at wasm://wasm/00265406:wasm-function[357]:0x2e8f3
    at wasm://wasm/00265406:wasm-function[363]:0x2f261
    at wasm://wasm/00265406:wasm-function[555]:0x407f3
    at wasm://wasm/00265406:wasm-function[554]:0x405bd   [0m
[31m    Failed! Adobe_PDF_sample_a_1024x768_50Frms.264_x.yuv Case Index 295:SHA-1(Current--Benchmark): NULL-----99c4f3e97a9351ad6ce09205c56c74e7877dd339  [0m
[31m            ----YUVSHA1:  NULL,  9aa9a4d9598eb3e1093311826844f37c43e4c521  [0m
[31m           Aborted(Cannot enlarge memory arrays to size 19111936 bytes (OOM). Either (1) compile with -sINITIAL_MEMORY=X with X higher than the current value 16777216, (2) compile with -sALLOW_MEMORY_GROWTH which allows increasing the size at runtime, or (3) if you want malloc to return NULL (0) instead of this abort, compile with -sABORTING_MALLOC=0)
/home/test/workspace/openh264/test/encoder_binary_comparison/AllTestData/Adobe_PDF_sample_a_1024x768_50Frms.264/h264enc.js:167
      throw ex;
      ^

RuntimeError: Aborted(Cannot enlarge memory arrays to size 19111936 bytes (OOM). Either (1) compile with -sINITIAL_MEMORY=X with X higher than the current value 16777216, (2) compile with -sALLOW_MEMORY_GROWTH which allows increasing the size at runtime, or (3) if you want malloc to return NULL (0) instead of this abort, compile with -sABORTING_MALLOC=0)
    at abort (/home/test/workspace/openh264/test/encoder_binary_comparison/AllTestData/Adobe_PDF_sample_a_1024x768_50Frms.264/h264enc.js:1031:11)
    at abortOnCannotGrowMemory (/home/test/workspace/openh264/test/encoder_binary_comparison/AllTestData/Adobe_PDF_sample_a_1024x768_50Frms.264/h264enc.js:4914:7)
    at _emscripten_resize_heap (/home/test/workspace/openh264/test/encoder_binary_comparison/AllTestData/Adobe_PDF_sample_a_1024x768_50Frms.264/h264enc.js:4919:7)
    at wasm://wasm/00265406:wasm-function[1133]:0x705f0
    at wasm://wasm/00265406:wasm-function[1121]:0x6e28d
    at wasm://wasm/00265406:wasm-function[775]:0x60eb2
    at wasm://wasm/00265406:wasm-function[357]:0x2e8f3
    at wasm://wasm/00265406:wasm-function[363]:0x2f261
    at wasm://wasm/00265406:wasm-function[555]:0x407f3
    at wasm://wasm/00265406:wasm-function[554]:0x405bd   [0m
[31m    Failed! Adobe_PDF_sample_a_1024x768_50Frms.264_x.yuv Case Index 296:SHA-1(Current--Benchmark): NULL-----99c4f3e97a9351ad6ce09205c56c74e7877dd339  [0m
[31m            ----YUVSHA1:  NULL,  9aa9a4d9598eb3e1093311826844f37c43e4c521  [0m
[31m           Aborted(Cannot enlarge memory arrays to size 19111936 bytes (OOM). Either (1) compile with -sINITIAL_MEMORY=X with X higher than the current value 16777216, (2) compile with -sALLOW_MEMORY_GROWTH which allows increasing the size at runtime, or (3) if you want malloc to return NULL (0) instead of this abort, compile with -sABORTING_MALLOC=0)
/home/test/workspace/openh264/test/encoder_binary_comparison/AllTestData/Adobe_PDF_sample_a_1024x768_50Frms.264/h264enc.js:167
      throw ex;
      ^

RuntimeError: Aborted(Cannot enlarge memory arrays to size 19111936 bytes (OOM). Either (1) compile with -sINITIAL_MEMORY=X with X higher than the current value 16777216, (2) compile with -sALLOW_MEMORY_GROWTH which allows increasing the size at runtime, or (3) if you want malloc to return NULL (0) instead of this abort, compile with -sABORTING_MALLOC=0)
    at abort (/home/test/workspace/openh264/test/encoder_binary_comparison/AllTestData/Adobe_PDF_sample_a_1024x768_50Frms.264/h264enc.js:1031:11)
    at abortOnCannotGrowMemory (/home/test/workspace/openh264/test/encoder_binary_comparison/AllTestData/Adobe_PDF_sample_a_1024x768_50Frms.264/h264enc.js:4914:7)
    at _emscripten_resize_heap (/home/test/workspace/openh264/test/encoder_binary_comparison/AllTestData/Adobe_PDF_sample_a_1024x768_50Frms.264/h264enc.js:4919:7)
    at wasm://wasm/00265406:wasm-function[1133]:0x705f0
    at wasm://wasm/00265406:wasm-function[1121]:0x6e28d
    at wasm://wasm/00265406:wasm-function[775]:0x60eb2
    at wasm://wasm/00265406:wasm-function[357]:0x2e8f3
    at wasm://wasm/00265406:wasm-function[363]:0x2f261
    at wasm://wasm/00265406:wasm-function[555]:0x407f3
    at wasm://wasm/00265406:wasm-function[554]:0x405bd   [0m
[31m    Failed! Adobe_PDF_sample_a_1024x768_50Frms.264_x.yuv Case Index 297:SHA-1(Current--Benchmark): NULL-----99c4f3e97a9351ad6ce09205c56c74e7877dd339  [0m
[31m            ----YUVSHA1:  NULL,  9aa9a4d9598eb3e1093311826844f37c43e4c521  [0m
[31m           Aborted(Cannot enlarge memory arrays to size 19111936 bytes (OOM). Either (1) compile with -sINITIAL_MEMORY=X with X higher than the current value 16777216, (2) compile with -sALLOW_MEMORY_GROWTH which allows increasing the size at runtime, or (3) if you want malloc to return NULL (0) instead of this abort, compile with -sABORTING_MALLOC=0)
/home/test/workspace/openh264/test/encoder_binary_comparison/AllTestData/Adobe_PDF_sample_a_1024x768_50Frms.264/h264enc.js:167
      throw ex;
      ^

RuntimeError: Aborted(Cannot enlarge memory arrays to size 19111936 bytes (OOM). Either (1) compile with -sINITIAL_MEMORY=X with X higher than the current value 16777216, (2) compile with -sALLOW_MEMORY_GROWTH which allows increasing the size at runtime, or (3) if you want malloc to return NULL (0) instead of this abort, compile with -sABORTING_MALLOC=0)
    at abort (/home/test/workspace/openh264/test/encoder_binary_comparison/AllTestData/Adobe_PDF_sample_a_1024x768_50Frms.264/h264enc.js:1031:11)
    at abortOnCannotGrowMemory (/home/test/workspace/openh264/test/encoder_binary_comparison/AllTestData/Adobe_PDF_sample_a_1024x768_50Frms.264/h264enc.js:4914:7)
    at _emscripten_resize_heap (/home/test/workspace/openh264/test/encoder_binary_comparison/AllTestData/Adobe_PDF_sample_a_1024x768_50Frms.264/h264enc.js:4919:7)
    at wasm://wasm/00265406:wasm-function[1133]:0x705f0
    at wasm://wasm/00265406:wasm-function[1121]:0x6e28d
    at wasm://wasm/00265406:wasm-function[775]:0x60eb2
    at wasm://wasm/00265406:wasm-function[357]:0x2e8f3
    at wasm://wasm/00265406:wasm-function[363]:0x2f261
    at wasm://wasm/00265406:wasm-function[555]:0x407f3
    at wasm://wasm/00265406:wasm-function[554]:0x405bd   [0m
[31m    Failed! Adobe_PDF_sample_a_1024x768_50Frms.264_x.yuv Case Index 298:SHA-1(Current--Benchmark): NULL-----99c4f3e97a9351ad6ce09205c56c74e7877dd339  [0m
[31m            ----YUVSHA1:  NULL,  9aa9a4d9598eb3e1093311826844f37c43e4c521  [0m
[31m           Aborted(Cannot enlarge memory arrays to size 19111936 bytes (OOM). Either (1) compile with -sINITIAL_MEMORY=X with X higher than the current value 16777216, (2) compile with -sALLOW_MEMORY_GROWTH which allows increasing the size at runtime, or (3) if you want malloc to return NULL (0) instead of this abort, compile with -sABORTING_MALLOC=0)
/home/test/workspace/openh264/test/encoder_binary_comparison/AllTestData/Adobe_PDF_sample_a_1024x768_50Frms.264/h264enc.js:167
      throw ex;
      ^

RuntimeError: Aborted(Cannot enlarge memory arrays to size 19111936 bytes (OOM). Either (1) compile with -sINITIAL_MEMORY=X with X higher than the current value 16777216, (2) compile with -sALLOW_MEMORY_GROWTH which allows increasing the size at runtime, or (3) if you want malloc to return NULL (0) instead of this abort, compile with -sABORTING_MALLOC=0)
    at abort (/home/test/workspace/openh264/test/encoder_binary_comparison/AllTestData/Adobe_PDF_sample_a_1024x768_50Frms.264/h264enc.js:1031:11)
    at abortOnCannotGrowMemory (/home/test/workspace/openh264/test/encoder_binary_comparison/AllTestData/Adobe_PDF_sample_a_1024x768_50Frms.264/h264enc.js:4914:7)
    at _emscripten_resize_heap (/home/test/workspace/openh264/test/encoder_binary_comparison/AllTestData/Adobe_PDF_sample_a_1024x768_50Frms.264/h264enc.js:4919:7)
    at wasm://wasm/00265406:wasm-function[1133]:0x705f0
    at wasm://wasm/00265406:wasm-function[1121]:0x6e28d
    at wasm://wasm/00265406:wasm-function[775]:0x60eb2
    at wasm://wasm/00265406:wasm-function[357]:0x2e8f3
    at wasm://wasm/00265406:wasm-function[363]:0x2f261
    at wasm://wasm/00265406:wasm-function[555]:0x407f3
    at wasm://wasm/00265406:wasm-function[554]:0x405bd   [0m
[31m    Failed! Adobe_PDF_sample_a_1024x768_50Frms.264_x.yuv Case Index 299:SHA-1(Current--Benchmark): NULL-----99c4f3e97a9351ad6ce09205c56c74e7877dd339  [0m
[31m            ----YUVSHA1:  NULL,  9aa9a4d9598eb3e1093311826844f37c43e4c521  [0m
[31m           Aborted(Cannot enlarge memory arrays to size 19111936 bytes (OOM). Either (1) compile with -sINITIAL_MEMORY=X with X higher than the current value 16777216, (2) compile with -sALLOW_MEMORY_GROWTH which allows increasing the size at runtime, or (3) if you want malloc to return NULL (0) instead of this abort, compile with -sABORTING_MALLOC=0)
/home/test/workspace/openh264/test/encoder_binary_comparison/AllTestData/Adobe_PDF_sample_a_1024x768_50Frms.264/h264enc.js:167
      throw ex;
      ^

RuntimeError: Aborted(Cannot enlarge memory arrays to size 19111936 bytes (OOM). Either (1) compile with -sINITIAL_MEMORY=X with X higher than the current value 16777216, (2) compile with -sALLOW_MEMORY_GROWTH which allows increasing the size at runtime, or (3) if you want malloc to return NULL (0) instead of this abort, compile with -sABORTING_MALLOC=0)
    at abort (/home/test/workspace/openh264/test/encoder_binary_comparison/AllTestData/Adobe_PDF_sample_a_1024x768_50Frms.264/h264enc.js:1031:11)
    at abortOnCannotGrowMemory (/home/test/workspace/openh264/test/encoder_binary_comparison/AllTestData/Adobe_PDF_sample_a_1024x768_50Frms.264/h264enc.js:4914:7)
    at _emscripten_resize_heap (/home/test/workspace/openh264/test/encoder_binary_comparison/AllTestData/Adobe_PDF_sample_a_1024x768_50Frms.264/h264enc.js:4919:7)
    at wasm://wasm/00265406:wasm-function[1133]:0x705f0
    at wasm://wasm/00265406:wasm-function[1121]:0x6e28d
    at wasm://wasm/00265406:wasm-function[775]:0x60eb2
    at wasm://wasm/00265406:wasm-function[357]:0x2e8f3
    at wasm://wasm/00265406:wasm-function[363]:0x2f261
    at wasm://wasm/00265406:wasm-function[555]:0x407f3
    at wasm://wasm/00265406:wasm-function[554]:0x405bd   [0m
[31m    Failed! Adobe_PDF_sample_a_1024x768_50Frms.264_x.yuv Case Index 300:SHA-1(Current--Benchmark): NULL-----99c4f3e97a9351ad6ce09205c56c74e7877dd339  [0m
[31m            ----YUVSHA1:  NULL,  9aa9a4d9598eb3e1093311826844f37c43e4c521  [0m
[31m           Aborted(Cannot enlarge memory arrays to size 19111936 bytes (OOM). Either (1) compile with -sINITIAL_MEMORY=X with X higher than the current value 16777216, (2) compile with -sALLOW_MEMORY_GROWTH which allows increasing the size at runtime, or (3) if you want malloc to return NULL (0) instead of this abort, compile with -sABORTING_MALLOC=0)
/home/test/workspace/openh264/test/encoder_binary_comparison/AllTestData/Adobe_PDF_sample_a_1024x768_50Frms.264/h264enc.js:167
      throw ex;
      ^

RuntimeError: Aborted(Cannot enlarge memory arrays to size 19111936 bytes (OOM). Either (1) compile with -sINITIAL_MEMORY=X with X higher than the current value 16777216, (2) compile with -sALLOW_MEMORY_GROWTH which allows increasing the size at runtime, or (3) if you want malloc to return NULL (0) instead of this abort, compile with -sABORTING_MALLOC=0)
    at abort (/home/test/workspace/openh264/test/encoder_binary_comparison/AllTestData/Adobe_PDF_sample_a_1024x768_50Frms.264/h264enc.js:1031:11)
    at abortOnCannotGrowMemory (/home/test/workspace/openh264/test/encoder_binary_comparison/AllTestData/Adobe_PDF_sample_a_1024x768_50Frms.264/h264enc.js:4914:7)
    at _emscripten_resize_heap (/home/test/workspace/openh264/test/encoder_binary_comparison/AllTestData/Adobe_PDF_sample_a_1024x768_50Frms.264/h264enc.js:4919:7)
    at wasm://wasm/00265406:wasm-function[1133]:0x705f0
    at wasm://wasm/00265406:wasm-function[1121]:0x6e28d
    at wasm://wasm/00265406:wasm-function[775]:0x60eb2
    at wasm://wasm/00265406:wasm-function[357]:0x2e8f3
    at wasm://wasm/00265406:wasm-function[363]:0x2f261
    at wasm://wasm/00265406:wasm-function[555]:0x407f3
    at wasm://wasm/00265406:wasm-function[554]:0x405bd   [0m
[31m    Failed! Adobe_PDF_sample_a_1024x768_50Frms.264_x.yuv Case Index 301:SHA-1(Current--Benchmark): NULL-----99c4f3e97a9351ad6ce09205c56c74e7877dd339  [0m
[31m            ----YUVSHA1:  NULL,  9aa9a4d9598eb3e1093311826844f37c43e4c521  [0m
[31m           Aborted(Cannot enlarge memory arrays to size 19111936 bytes (OOM). Either (1) compile with -sINITIAL_MEMORY=X with X higher than the current value 16777216, (2) compile with -sALLOW_MEMORY_GROWTH which allows increasing the size at runtime, or (3) if you want malloc to return NULL (0) instead of this abort, compile with -sABORTING_MALLOC=0)
/home/test/workspace/openh264/test/encoder_binary_comparison/AllTestData/Adobe_PDF_sample_a_1024x768_50Frms.264/h264enc.js:167
      throw ex;
      ^

RuntimeError: Aborted(Cannot enlarge memory arrays to size 19111936 bytes (OOM). Either (1) compile with -sINITIAL_MEMORY=X with X higher than the current value 16777216, (2) compile with -sALLOW_MEMORY_GROWTH which allows increasing the size at runtime, or (3) if you want malloc to return NULL (0) instead of this abort, compile with -sABORTING_MALLOC=0)
    at abort (/home/test/workspace/openh264/test/encoder_binary_comparison/AllTestData/Adobe_PDF_sample_a_1024x768_50Frms.264/h264enc.js:1031:11)
    at abortOnCannotGrowMemory (/home/test/workspace/openh264/test/encoder_binary_comparison/AllTestData/Adobe_PDF_sample_a_1024x768_50Frms.264/h264enc.js:4914:7)
    at _emscripten_resize_heap (/home/test/workspace/openh264/test/encoder_binary_comparison/AllTestData/Adobe_PDF_sample_a_1024x768_50Frms.264/h264enc.js:4919:7)
    at wasm://wasm/00265406:wasm-function[1133]:0x705f0
    at wasm://wasm/00265406:wasm-function[1121]:0x6e28d
    at wasm://wasm/00265406:wasm-function[775]:0x60eb2
    at wasm://wasm/00265406:wasm-function[357]:0x2e8f3
    at wasm://wasm/00265406:wasm-function[363]:0x2f261
    at wasm://wasm/00265406:wasm-function[555]:0x407f3
    at wasm://wasm/00265406:wasm-function[554]:0x405bd   [0m
[31m    Failed! Adobe_PDF_sample_a_1024x768_50Frms.264_x.yuv Case Index 302:SHA-1(Current--Benchmark): NULL-----99c4f3e97a9351ad6ce09205c56c74e7877dd339  [0m
[31m            ----YUVSHA1:  NULL,  9aa9a4d9598eb3e1093311826844f37c43e4c521  [0m
[31m           Aborted(Cannot enlarge memory arrays to size 19111936 bytes (OOM). Either (1) compile with -sINITIAL_MEMORY=X with X higher than the current value 16777216, (2) compile with -sALLOW_MEMORY_GROWTH which allows increasing the size at runtime, or (3) if you want malloc to return NULL (0) instead of this abort, compile with -sABORTING_MALLOC=0)
/home/test/workspace/openh264/test/encoder_binary_comparison/AllTestData/Adobe_PDF_sample_a_1024x768_50Frms.264/h264enc.js:167
      throw ex;
      ^

RuntimeError: Aborted(Cannot enlarge memory arrays to size 19111936 bytes (OOM). Either (1) compile with -sINITIAL_MEMORY=X with X higher than the current value 16777216, (2) compile with -sALLOW_MEMORY_GROWTH which allows increasing the size at runtime, or (3) if you want malloc to return NULL (0) instead of this abort, compile with -sABORTING_MALLOC=0)
    at abort (/home/test/workspace/openh264/test/encoder_binary_comparison/AllTestData/Adobe_PDF_sample_a_1024x768_50Frms.264/h264enc.js:1031:11)
    at abortOnCannotGrowMemory (/home/test/workspace/openh264/test/encoder_binary_comparison/AllTestData/Adobe_PDF_sample_a_1024x768_50Frms.264/h264enc.js:4914:7)
    at _emscripten_resize_heap (/home/test/workspace/openh264/test/encoder_binary_comparison/AllTestData/Adobe_PDF_sample_a_1024x768_50Frms.264/h264enc.js:4919:7)
    at wasm://wasm/00265406:wasm-function[1133]:0x705f0
    at wasm://wasm/00265406:wasm-function[1121]:0x6e28d
    at wasm://wasm/00265406:wasm-function[775]:0x60eb2
    at wasm://wasm/00265406:wasm-function[357]:0x2e8f3
    at wasm://wasm/00265406:wasm-function[363]:0x2f261
    at wasm://wasm/00265406:wasm-function[555]:0x407f3
    at wasm://wasm/00265406:wasm-function[554]:0x405bd   [0m
[31m    Failed! Adobe_PDF_sample_a_1024x768_50Frms.264_x.yuv Case Index 303:SHA-1(Current--Benchmark): NULL-----99c4f3e97a9351ad6ce09205c56c74e7877dd339  [0m
[31m            ----YUVSHA1:  NULL,  9aa9a4d9598eb3e1093311826844f37c43e4c521  [0m
[31m           Aborted(Cannot enlarge memory arrays to size 19111936 bytes (OOM). Either (1) compile with -sINITIAL_MEMORY=X with X higher than the current value 16777216, (2) compile with -sALLOW_MEMORY_GROWTH which allows increasing the size at runtime, or (3) if you want malloc to return NULL (0) instead of this abort, compile with -sABORTING_MALLOC=0)
/home/test/workspace/openh264/test/encoder_binary_comparison/AllTestData/Adobe_PDF_sample_a_1024x768_50Frms.264/h264enc.js:167
      throw ex;
      ^

RuntimeError: Aborted(Cannot enlarge memory arrays to size 19111936 bytes (OOM). Either (1) compile with -sINITIAL_MEMORY=X with X higher than the current value 16777216, (2) compile with -sALLOW_MEMORY_GROWTH which allows increasing the size at runtime, or (3) if you want malloc to return NULL (0) instead of this abort, compile with -sABORTING_MALLOC=0)
    at abort (/home/test/workspace/openh264/test/encoder_binary_comparison/AllTestData/Adobe_PDF_sample_a_1024x768_50Frms.264/h264enc.js:1031:11)
    at abortOnCannotGrowMemory (/home/test/workspace/openh264/test/encoder_binary_comparison/AllTestData/Adobe_PDF_sample_a_1024x768_50Frms.264/h264enc.js:4914:7)
    at _emscripten_resize_heap (/home/test/workspace/openh264/test/encoder_binary_comparison/AllTestData/Adobe_PDF_sample_a_1024x768_50Frms.264/h264enc.js:4919:7)
    at wasm://wasm/00265406:wasm-function[1133]:0x705f0
    at wasm://wasm/00265406:wasm-function[1121]:0x6e28d
    at wasm://wasm/00265406:wasm-function[775]:0x60eb2
    at wasm://wasm/00265406:wasm-function[357]:0x2e8f3
    at wasm://wasm/00265406:wasm-function[363]:0x2f261
    at wasm://wasm/00265406:wasm-function[555]:0x407f3
    at wasm://wasm/00265406:wasm-function[554]:0x405bd   [0m
[31m    Failed! Adobe_PDF_sample_a_1024x768_50Frms.264_x.yuv Case Index 304:SHA-1(Current--Benchmark): NULL-----8eb94d8d66b521113c1550f6027da439999a6abd  [0m
[31m            ----YUVSHA1:  NULL,  9aa9a4d9598eb3e1093311826844f37c43e4c521  [0m
[31m           Aborted(Cannot enlarge memory arrays to size 19111936 bytes (OOM). Either (1) compile with -sINITIAL_MEMORY=X with X higher than the current value 16777216, (2) compile with -sALLOW_MEMORY_GROWTH which allows increasing the size at runtime, or (3) if you want malloc to return NULL (0) instead of this abort, compile with -sABORTING_MALLOC=0)
/home/test/workspace/openh264/test/encoder_binary_comparison/AllTestData/Adobe_PDF_sample_a_1024x768_50Frms.264/h264enc.js:167
      throw ex;
      ^

RuntimeError: Aborted(Cannot enlarge memory arrays to size 19111936 bytes (OOM). Either (1) compile with -sINITIAL_MEMORY=X with X higher than the current value 16777216, (2) compile with -sALLOW_MEMORY_GROWTH which allows increasing the size at runtime, or (3) if you want malloc to return NULL (0) instead of this abort, compile with -sABORTING_MALLOC=0)
    at abort (/home/test/workspace/openh264/test/encoder_binary_comparison/AllTestData/Adobe_PDF_sample_a_1024x768_50Frms.264/h264enc.js:1031:11)
    at abortOnCannotGrowMemory (/home/test/workspace/openh264/test/encoder_binary_comparison/AllTestData/Adobe_PDF_sample_a_1024x768_50Frms.264/h264enc.js:4914:7)
    at _emscripten_resize_heap (/home/test/workspace/openh264/test/encoder_binary_comparison/AllTestData/Adobe_PDF_sample_a_1024x768_50Frms.264/h264enc.js:4919:7)
    at wasm://wasm/00265406:wasm-function[1133]:0x705f0
    at wasm://wasm/00265406:wasm-function[1121]:0x6e28d
    at wasm://wasm/00265406:wasm-function[775]:0x60eb2
    at wasm://wasm/00265406:wasm-function[357]:0x2e8f3
    at wasm://wasm/00265406:wasm-function[363]:0x2f261
    at wasm://wasm/00265406:wasm-function[555]:0x407f3
    at wasm://wasm/00265406:wasm-function[554]:0x405bd   [0m
[31m    Failed! Adobe_PDF_sample_a_1024x768_50Frms.264_x.yuv Case Index 305:SHA-1(Current--Benchmark): NULL-----8eb94d8d66b521113c1550f6027da439999a6abd  [0m
[31m            ----YUVSHA1:  NULL,  9aa9a4d9598eb3e1093311826844f37c43e4c521  [0m
[31m           Aborted(Cannot enlarge memory arrays to size 19111936 bytes (OOM). Either (1) compile with -sINITIAL_MEMORY=X with X higher than the current value 16777216, (2) compile with -sALLOW_MEMORY_GROWTH which allows increasing the size at runtime, or (3) if you want malloc to return NULL (0) instead of this abort, compile with -sABORTING_MALLOC=0)
/home/test/workspace/openh264/test/encoder_binary_comparison/AllTestData/Adobe_PDF_sample_a_1024x768_50Frms.264/h264enc.js:167
      throw ex;
      ^

RuntimeError: Aborted(Cannot enlarge memory arrays to size 19111936 bytes (OOM). Either (1) compile with -sINITIAL_MEMORY=X with X higher than the current value 16777216, (2) compile with -sALLOW_MEMORY_GROWTH which allows increasing the size at runtime, or (3) if you want malloc to return NULL (0) instead of this abort, compile with -sABORTING_MALLOC=0)
    at abort (/home/test/workspace/openh264/test/encoder_binary_comparison/AllTestData/Adobe_PDF_sample_a_1024x768_50Frms.264/h264enc.js:1031:11)
    at abortOnCannotGrowMemory (/home/test/workspace/openh264/test/encoder_binary_comparison/AllTestData/Adobe_PDF_sample_a_1024x768_50Frms.264/h264enc.js:4914:7)
    at _emscripten_resize_heap (/home/test/workspace/openh264/test/encoder_binary_comparison/AllTestData/Adobe_PDF_sample_a_1024x768_50Frms.264/h264enc.js:4919:7)
    at wasm://wasm/00265406:wasm-function[1133]:0x705f0
    at wasm://wasm/00265406:wasm-function[1121]:0x6e28d
    at wasm://wasm/00265406:wasm-function[775]:0x60eb2
    at wasm://wasm/00265406:wasm-function[357]:0x2e8f3
    at wasm://wasm/00265406:wasm-function[363]:0x2f261
    at wasm://wasm/00265406:wasm-function[555]:0x407f3
    at wasm://wasm/00265406:wasm-function[554]:0x405bd   [0m
[31m    Failed! Adobe_PDF_sample_a_1024x768_50Frms.264_x.yuv Case Index 306:SHA-1(Current--Benchmark): NULL-----8eb94d8d66b521113c1550f6027da439999a6abd  [0m
[31m            ----YUVSHA1:  NULL,  9aa9a4d9598eb3e1093311826844f37c43e4c521  [0m
[31m           Aborted(Cannot enlarge memory arrays to size 19111936 bytes (OOM). Either (1) compile with -sINITIAL_MEMORY=X with X higher than the current value 16777216, (2) compile with -sALLOW_MEMORY_GROWTH which allows increasing the size at runtime, or (3) if you want malloc to return NULL (0) instead of this abort, compile with -sABORTING_MALLOC=0)
/home/test/workspace/openh264/test/encoder_binary_comparison/AllTestData/Adobe_PDF_sample_a_1024x768_50Frms.264/h264enc.js:167
      throw ex;
      ^

RuntimeError: Aborted(Cannot enlarge memory arrays to size 19111936 bytes (OOM). Either (1) compile with -sINITIAL_MEMORY=X with X higher than the current value 16777216, (2) compile with -sALLOW_MEMORY_GROWTH which allows increasing the size at runtime, or (3) if you want malloc to return NULL (0) instead of this abort, compile with -sABORTING_MALLOC=0)
    at abort (/home/test/workspace/openh264/test/encoder_binary_comparison/AllTestData/Adobe_PDF_sample_a_1024x768_50Frms.264/h264enc.js:1031:11)
    at abortOnCannotGrowMemory (/home/test/workspace/openh264/test/encoder_binary_comparison/AllTestData/Adobe_PDF_sample_a_1024x768_50Frms.264/h264enc.js:4914:7)
    at _emscripten_resize_heap (/home/test/workspace/openh264/test/encoder_binary_comparison/AllTestData/Adobe_PDF_sample_a_1024x768_50Frms.264/h264enc.js:4919:7)
    at wasm://wasm/00265406:wasm-function[1133]:0x705f0
    at wasm://wasm/00265406:wasm-function[1121]:0x6e28d
    at wasm://wasm/00265406:wasm-function[775]:0x60eb2
    at wasm://wasm/00265406:wasm-function[357]:0x2e8f3
    at wasm://wasm/00265406:wasm-function[363]:0x2f261
    at wasm://wasm/00265406:wasm-function[555]:0x407f3
    at wasm://wasm/00265406:wasm-function[554]:0x405bd   [0m
[31m    Failed! Adobe_PDF_sample_a_1024x768_50Frms.264_x.yuv Case Index 307:SHA-1(Current--Benchmark): NULL-----8eb94d8d66b521113c1550f6027da439999a6abd  [0m
[31m            ----YUVSHA1:  NULL,  9aa9a4d9598eb3e1093311826844f37c43e4c521  [0m
[31m           Aborted(Cannot enlarge memory arrays to size 19111936 bytes (OOM). Either (1) compile with -sINITIAL_MEMORY=X with X higher than the current value 16777216, (2) compile with -sALLOW_MEMORY_GROWTH which allows increasing the size at runtime, or (3) if you want malloc to return NULL (0) instead of this abort, compile with -sABORTING_MALLOC=0)
/home/test/workspace/openh264/test/encoder_binary_comparison/AllTestData/Adobe_PDF_sample_a_1024x768_50Frms.264/h264enc.js:167
      throw ex;
      ^

RuntimeError: Aborted(Cannot enlarge memory arrays to size 19111936 bytes (OOM). Either (1) compile with -sINITIAL_MEMORY=X with X higher than the current value 16777216, (2) compile with -sALLOW_MEMORY_GROWTH which allows increasing the size at runtime, or (3) if you want malloc to return NULL (0) instead of this abort, compile with -sABORTING_MALLOC=0)
    at abort (/home/test/workspace/openh264/test/encoder_binary_comparison/AllTestData/Adobe_PDF_sample_a_1024x768_50Frms.264/h264enc.js:1031:11)
    at abortOnCannotGrowMemory (/home/test/workspace/openh264/test/encoder_binary_comparison/AllTestData/Adobe_PDF_sample_a_1024x768_50Frms.264/h264enc.js:4914:7)
    at _emscripten_resize_heap (/home/test/workspace/openh264/test/encoder_binary_comparison/AllTestData/Adobe_PDF_sample_a_1024x768_50Frms.264/h264enc.js:4919:7)
    at wasm://wasm/00265406:wasm-function[1133]:0x705f0
    at wasm://wasm/00265406:wasm-function[1121]:0x6e28d
    at wasm://wasm/00265406:wasm-function[775]:0x60eb2
    at wasm://wasm/00265406:wasm-function[357]:0x2e8f3
    at wasm://wasm/00265406:wasm-function[363]:0x2f261
    at wasm://wasm/00265406:wasm-function[555]:0x407f3
    at wasm://wasm/00265406:wasm-function[554]:0x405bd   [0m
[31m    Failed! Adobe_PDF_sample_a_1024x768_50Frms.264_x.yuv Case Index 308:SHA-1(Current--Benchmark): NULL-----8eb94d8d66b521113c1550f6027da439999a6abd  [0m
[31m            ----YUVSHA1:  NULL,  9aa9a4d9598eb3e1093311826844f37c43e4c521  [0m
[31m           Aborted(Cannot enlarge memory arrays to size 19111936 bytes (OOM). Either (1) compile with -sINITIAL_MEMORY=X with X higher than the current value 16777216, (2) compile with -sALLOW_MEMORY_GROWTH which allows increasing the size at runtime, or (3) if you want malloc to return NULL (0) instead of this abort, compile with -sABORTING_MALLOC=0)
/home/test/workspace/openh264/test/encoder_binary_comparison/AllTestData/Adobe_PDF_sample_a_1024x768_50Frms.264/h264enc.js:167
      throw ex;
      ^

RuntimeError: Aborted(Cannot enlarge memory arrays to size 19111936 bytes (OOM). Either (1) compile with -sINITIAL_MEMORY=X with X higher than the current value 16777216, (2) compile with -sALLOW_MEMORY_GROWTH which allows increasing the size at runtime, or (3) if you want malloc to return NULL (0) instead of this abort, compile with -sABORTING_MALLOC=0)
    at abort (/home/test/workspace/openh264/test/encoder_binary_comparison/AllTestData/Adobe_PDF_sample_a_1024x768_50Frms.264/h264enc.js:1031:11)
    at abortOnCannotGrowMemory (/home/test/workspace/openh264/test/encoder_binary_comparison/AllTestData/Adobe_PDF_sample_a_1024x768_50Frms.264/h264enc.js:4914:7)
    at _emscripten_resize_heap (/home/test/workspace/openh264/test/encoder_binary_comparison/AllTestData/Adobe_PDF_sample_a_1024x768_50Frms.264/h264enc.js:4919:7)
    at wasm://wasm/00265406:wasm-function[1133]:0x705f0
    at wasm://wasm/00265406:wasm-function[1121]:0x6e28d
    at wasm://wasm/00265406:wasm-function[775]:0x60eb2
    at wasm://wasm/00265406:wasm-function[357]:0x2e8f3
    at wasm://wasm/00265406:wasm-function[363]:0x2f261
    at wasm://wasm/00265406:wasm-function[555]:0x407f3
    at wasm://wasm/00265406:wasm-function[554]:0x405bd   [0m
[31m    Failed! Adobe_PDF_sample_a_1024x768_50Frms.264_x.yuv Case Index 309:SHA-1(Current--Benchmark): NULL-----8eb94d8d66b521113c1550f6027da439999a6abd  [0m
[31m            ----YUVSHA1:  NULL,  9aa9a4d9598eb3e1093311826844f37c43e4c521  [0m
[31m           Aborted(Cannot enlarge memory arrays to size 19111936 bytes (OOM). Either (1) compile with -sINITIAL_MEMORY=X with X higher than the current value 16777216, (2) compile with -sALLOW_MEMORY_GROWTH which allows increasing the size at runtime, or (3) if you want malloc to return NULL (0) instead of this abort, compile with -sABORTING_MALLOC=0)
/home/test/workspace/openh264/test/encoder_binary_comparison/AllTestData/Adobe_PDF_sample_a_1024x768_50Frms.264/h264enc.js:167
      throw ex;
      ^

RuntimeError: Aborted(Cannot enlarge memory arrays to size 19111936 bytes (OOM). Either (1) compile with -sINITIAL_MEMORY=X with X higher than the current value 16777216, (2) compile with -sALLOW_MEMORY_GROWTH which allows increasing the size at runtime, or (3) if you want malloc to return NULL (0) instead of this abort, compile with -sABORTING_MALLOC=0)
    at abort (/home/test/workspace/openh264/test/encoder_binary_comparison/AllTestData/Adobe_PDF_sample_a_1024x768_50Frms.264/h264enc.js:1031:11)
    at abortOnCannotGrowMemory (/home/test/workspace/openh264/test/encoder_binary_comparison/AllTestData/Adobe_PDF_sample_a_1024x768_50Frms.264/h264enc.js:4914:7)
    at _emscripten_resize_heap (/home/test/workspace/openh264/test/encoder_binary_comparison/AllTestData/Adobe_PDF_sample_a_1024x768_50Frms.264/h264enc.js:4919:7)
    at wasm://wasm/00265406:wasm-function[1133]:0x705f0
    at wasm://wasm/00265406:wasm-function[1121]:0x6e28d
    at wasm://wasm/00265406:wasm-function[775]:0x60eb2
    at wasm://wasm/00265406:wasm-function[357]:0x2e8f3
    at wasm://wasm/00265406:wasm-function[363]:0x2f261
    at wasm://wasm/00265406:wasm-function[555]:0x407f3
    at wasm://wasm/00265406:wasm-function[554]:0x405bd   [0m
[31m    Failed! Adobe_PDF_sample_a_1024x768_50Frms.264_x.yuv Case Index 310:SHA-1(Current--Benchmark): NULL-----8eb94d8d66b521113c1550f6027da439999a6abd  [0m
[31m            ----YUVSHA1:  NULL,  9aa9a4d9598eb3e1093311826844f37c43e4c521  [0m
[31m           Aborted(Cannot enlarge memory arrays to size 19111936 bytes (OOM). Either (1) compile with -sINITIAL_MEMORY=X with X higher than the current value 16777216, (2) compile with -sALLOW_MEMORY_GROWTH which allows increasing the size at runtime, or (3) if you want malloc to return NULL (0) instead of this abort, compile with -sABORTING_MALLOC=0)
/home/test/workspace/openh264/test/encoder_binary_comparison/AllTestData/Adobe_PDF_sample_a_1024x768_50Frms.264/h264enc.js:167
      throw ex;
      ^

RuntimeError: Aborted(Cannot enlarge memory arrays to size 19111936 bytes (OOM). Either (1) compile with -sINITIAL_MEMORY=X with X higher than the current value 16777216, (2) compile with -sALLOW_MEMORY_GROWTH which allows increasing the size at runtime, or (3) if you want malloc to return NULL (0) instead of this abort, compile with -sABORTING_MALLOC=0)
    at abort (/home/test/workspace/openh264/test/encoder_binary_comparison/AllTestData/Adobe_PDF_sample_a_1024x768_50Frms.264/h264enc.js:1031:11)
    at abortOnCannotGrowMemory (/home/test/workspace/openh264/test/encoder_binary_comparison/AllTestData/Adobe_PDF_sample_a_1024x768_50Frms.264/h264enc.js:4914:7)
    at _emscripten_resize_heap (/home/test/workspace/openh264/test/encoder_binary_comparison/AllTestData/Adobe_PDF_sample_a_1024x768_50Frms.264/h264enc.js:4919:7)
    at wasm://wasm/00265406:wasm-function[1133]:0x705f0
    at wasm://wasm/00265406:wasm-function[1121]:0x6e28d
    at wasm://wasm/00265406:wasm-function[775]:0x60eb2
    at wasm://wasm/00265406:wasm-function[357]:0x2e8f3
    at wasm://wasm/00265406:wasm-function[363]:0x2f261
    at wasm://wasm/00265406:wasm-function[555]:0x407f3
    at wasm://wasm/00265406:wasm-function[554]:0x405bd   [0m
[31m    Failed! Adobe_PDF_sample_a_1024x768_50Frms.264_x.yuv Case Index 311:SHA-1(Current--Benchmark): NULL-----8eb94d8d66b521113c1550f6027da439999a6abd  [0m
[31m            ----YUVSHA1:  NULL,  9aa9a4d9598eb3e1093311826844f37c43e4c521  [0m
[31m           Aborted(Cannot enlarge memory arrays to size 19111936 bytes (OOM). Either (1) compile with -sINITIAL_MEMORY=X with X higher than the current value 16777216, (2) compile with -sALLOW_MEMORY_GROWTH which allows increasing the size at runtime, or (3) if you want malloc to return NULL (0) instead of this abort, compile with -sABORTING_MALLOC=0)
/home/test/workspace/openh264/test/encoder_binary_comparison/AllTestData/Adobe_PDF_sample_a_1024x768_50Frms.264/h264enc.js:167
      throw ex;
      ^

RuntimeError: Aborted(Cannot enlarge memory arrays to size 19111936 bytes (OOM). Either (1) compile with -sINITIAL_MEMORY=X with X higher than the current value 16777216, (2) compile with -sALLOW_MEMORY_GROWTH which allows increasing the size at runtime, or (3) if you want malloc to return NULL (0) instead of this abort, compile with -sABORTING_MALLOC=0)
    at abort (/home/test/workspace/openh264/test/encoder_binary_comparison/AllTestData/Adobe_PDF_sample_a_1024x768_50Frms.264/h264enc.js:1031:11)
    at abortOnCannotGrowMemory (/home/test/workspace/openh264/test/encoder_binary_comparison/AllTestData/Adobe_PDF_sample_a_1024x768_50Frms.264/h264enc.js:4914:7)
    at _emscripten_resize_heap (/home/test/workspace/openh264/test/encoder_binary_comparison/AllTestData/Adobe_PDF_sample_a_1024x768_50Frms.264/h264enc.js:4919:7)
    at wasm://wasm/00265406:wasm-function[1133]:0x705f0
    at wasm://wasm/00265406:wasm-function[1121]:0x6e28d
    at wasm://wasm/00265406:wasm-function[775]:0x60eb2
    at wasm://wasm/00265406:wasm-function[357]:0x2e8f3
    at wasm://wasm/00265406:wasm-function[363]:0x2f261
    at wasm://wasm/00265406:wasm-function[555]:0x407f3
    at wasm://wasm/00265406:wasm-function[554]:0x405bd   [0m
[31m    Failed! Adobe_PDF_sample_a_1024x768_50Frms.264_x.yuv Case Index 312:SHA-1(Current--Benchmark): NULL-----8eb94d8d66b521113c1550f6027da439999a6abd  [0m
[31m            ----YUVSHA1:  NULL,  9aa9a4d9598eb3e1093311826844f37c43e4c521  [0m
[31m           Aborted(Cannot enlarge memory arrays to size 19111936 bytes (OOM). Either (1) compile with -sINITIAL_MEMORY=X with X higher than the current value 16777216, (2) compile with -sALLOW_MEMORY_GROWTH which allows increasing the size at runtime, or (3) if you want malloc to return NULL (0) instead of this abort, compile with -sABORTING_MALLOC=0)
/home/test/workspace/openh264/test/encoder_binary_comparison/AllTestData/Adobe_PDF_sample_a_1024x768_50Frms.264/h264enc.js:167
      throw ex;
      ^

RuntimeError: Aborted(Cannot enlarge memory arrays to size 19111936 bytes (OOM). Either (1) compile with -sINITIAL_MEMORY=X with X higher than the current value 16777216, (2) compile with -sALLOW_MEMORY_GROWTH which allows increasing the size at runtime, or (3) if you want malloc to return NULL (0) instead of this abort, compile with -sABORTING_MALLOC=0)
    at abort (/home/test/workspace/openh264/test/encoder_binary_comparison/AllTestData/Adobe_PDF_sample_a_1024x768_50Frms.264/h264enc.js:1031:11)
    at abortOnCannotGrowMemory (/home/test/workspace/openh264/test/encoder_binary_comparison/AllTestData/Adobe_PDF_sample_a_1024x768_50Frms.264/h264enc.js:4914:7)
    at _emscripten_resize_heap (/home/test/workspace/openh264/test/encoder_binary_comparison/AllTestData/Adobe_PDF_sample_a_1024x768_50Frms.264/h264enc.js:4919:7)
    at wasm://wasm/00265406:wasm-function[1133]:0x705f0
    at wasm://wasm/00265406:wasm-function[1121]:0x6e28d
    at wasm://wasm/00265406:wasm-function[775]:0x60eb2
    at wasm://wasm/00265406:wasm-function[357]:0x2e8f3
    at wasm://wasm/00265406:wasm-function[363]:0x2f261
    at wasm://wasm/00265406:wasm-function[555]:0x407f3
    at wasm://wasm/00265406:wasm-function[554]:0x405bd   [0m
[31m    Failed! Adobe_PDF_sample_a_1024x768_50Frms.264_x.yuv Case Index 313:SHA-1(Current--Benchmark): NULL-----8eb94d8d66b521113c1550f6027da439999a6abd  [0m
[31m            ----YUVSHA1:  NULL,  9aa9a4d9598eb3e1093311826844f37c43e4c521  [0m
[31m           Aborted(Cannot enlarge memory arrays to size 19111936 bytes (OOM). Either (1) compile with -sINITIAL_MEMORY=X with X higher than the current value 16777216, (2) compile with -sALLOW_MEMORY_GROWTH which allows increasing the size at runtime, or (3) if you want malloc to return NULL (0) instead of this abort, compile with -sABORTING_MALLOC=0)
/home/test/workspace/openh264/test/encoder_binary_comparison/AllTestData/Adobe_PDF_sample_a_1024x768_50Frms.264/h264enc.js:167
      throw ex;
      ^

RuntimeError: Aborted(Cannot enlarge memory arrays to size 19111936 bytes (OOM). Either (1) compile with -sINITIAL_MEMORY=X with X higher than the current value 16777216, (2) compile with -sALLOW_MEMORY_GROWTH which allows increasing the size at runtime, or (3) if you want malloc to return NULL (0) instead of this abort, compile with -sABORTING_MALLOC=0)
    at abort (/home/test/workspace/openh264/test/encoder_binary_comparison/AllTestData/Adobe_PDF_sample_a_1024x768_50Frms.264/h264enc.js:1031:11)
    at abortOnCannotGrowMemory (/home/test/workspace/openh264/test/encoder_binary_comparison/AllTestData/Adobe_PDF_sample_a_1024x768_50Frms.264/h264enc.js:4914:7)
    at _emscripten_resize_heap (/home/test/workspace/openh264/test/encoder_binary_comparison/AllTestData/Adobe_PDF_sample_a_1024x768_50Frms.264/h264enc.js:4919:7)
    at wasm://wasm/00265406:wasm-function[1133]:0x705f0
    at wasm://wasm/00265406:wasm-function[1121]:0x6e28d
    at wasm://wasm/00265406:wasm-function[775]:0x60eb2
    at wasm://wasm/00265406:wasm-function[357]:0x2e8f3
    at wasm://wasm/00265406:wasm-function[363]:0x2f261
    at wasm://wasm/00265406:wasm-function[555]:0x407f3
    at wasm://wasm/00265406:wasm-function[554]:0x405bd   [0m
[31m    Failed! Adobe_PDF_sample_a_1024x768_50Frms.264_x.yuv Case Index 314:SHA-1(Current--Benchmark): NULL-----8eb94d8d66b521113c1550f6027da439999a6abd  [0m
[31m            ----YUVSHA1:  NULL,  9aa9a4d9598eb3e1093311826844f37c43e4c521  [0m
[31m           Aborted(Cannot enlarge memory arrays to size 19111936 bytes (OOM). Either (1) compile with -sINITIAL_MEMORY=X with X higher than the current value 16777216, (2) compile with -sALLOW_MEMORY_GROWTH which allows increasing the size at runtime, or (3) if you want malloc to return NULL (0) instead of this abort, compile with -sABORTING_MALLOC=0)
/home/test/workspace/openh264/test/encoder_binary_comparison/AllTestData/Adobe_PDF_sample_a_1024x768_50Frms.264/h264enc.js:167
      throw ex;
      ^

RuntimeError: Aborted(Cannot enlarge memory arrays to size 19111936 bytes (OOM). Either (1) compile with -sINITIAL_MEMORY=X with X higher than the current value 16777216, (2) compile with -sALLOW_MEMORY_GROWTH which allows increasing the size at runtime, or (3) if you want malloc to return NULL (0) instead of this abort, compile with -sABORTING_MALLOC=0)
    at abort (/home/test/workspace/openh264/test/encoder_binary_comparison/AllTestData/Adobe_PDF_sample_a_1024x768_50Frms.264/h264enc.js:1031:11)
    at abortOnCannotGrowMemory (/home/test/workspace/openh264/test/encoder_binary_comparison/AllTestData/Adobe_PDF_sample_a_1024x768_50Frms.264/h264enc.js:4914:7)
    at _emscripten_resize_heap (/home/test/workspace/openh264/test/encoder_binary_comparison/AllTestData/Adobe_PDF_sample_a_1024x768_50Frms.264/h264enc.js:4919:7)
    at wasm://wasm/00265406:wasm-function[1133]:0x705f0
    at wasm://wasm/00265406:wasm-function[1121]:0x6e28d
    at wasm://wasm/00265406:wasm-function[775]:0x60eb2
    at wasm://wasm/00265406:wasm-function[357]:0x2e8f3
    at wasm://wasm/00265406:wasm-function[363]:0x2f261
    at wasm://wasm/00265406:wasm-function[555]:0x407f3
    at wasm://wasm/00265406:wasm-function[554]:0x405bd   [0m
[31m    Failed! Adobe_PDF_sample_a_1024x768_50Frms.264_x.yuv Case Index 315:SHA-1(Current--Benchmark): NULL-----8eb94d8d66b521113c1550f6027da439999a6abd  [0m
[31m            ----YUVSHA1:  NULL,  9aa9a4d9598eb3e1093311826844f37c43e4c521  [0m
[31m           Aborted(Cannot enlarge memory arrays to size 19111936 bytes (OOM). Either (1) compile with -sINITIAL_MEMORY=X with X higher than the current value 16777216, (2) compile with -sALLOW_MEMORY_GROWTH which allows increasing the size at runtime, or (3) if you want malloc to return NULL (0) instead of this abort, compile with -sABORTING_MALLOC=0)
/home/test/workspace/openh264/test/encoder_binary_comparison/AllTestData/Adobe_PDF_sample_a_1024x768_50Frms.264/h264enc.js:167
      throw ex;
      ^

RuntimeError: Aborted(Cannot enlarge memory arrays to size 19111936 bytes (OOM). Either (1) compile with -sINITIAL_MEMORY=X with X higher than the current value 16777216, (2) compile with -sALLOW_MEMORY_GROWTH which allows increasing the size at runtime, or (3) if you want malloc to return NULL (0) instead of this abort, compile with -sABORTING_MALLOC=0)
    at abort (/home/test/workspace/openh264/test/encoder_binary_comparison/AllTestData/Adobe_PDF_sample_a_1024x768_50Frms.264/h264enc.js:1031:11)
    at abortOnCannotGrowMemory (/home/test/workspace/openh264/test/encoder_binary_comparison/AllTestData/Adobe_PDF_sample_a_1024x768_50Frms.264/h264enc.js:4914:7)
    at _emscripten_resize_heap (/home/test/workspace/openh264/test/encoder_binary_comparison/AllTestData/Adobe_PDF_sample_a_1024x768_50Frms.264/h264enc.js:4919:7)
    at wasm://wasm/00265406:wasm-function[1133]:0x705f0
    at wasm://wasm/00265406:wasm-function[1121]:0x6e28d
    at wasm://wasm/00265406:wasm-function[775]:0x60eb2
    at wasm://wasm/00265406:wasm-function[357]:0x2e8f3
    at wasm://wasm/00265406:wasm-function[363]:0x2f261
    at wasm://wasm/00265406:wasm-function[555]:0x407f3
    at wasm://wasm/00265406:wasm-function[554]:0x405bd   [0m
[31m    Failed! Adobe_PDF_sample_a_1024x768_50Frms.264_x.yuv Case Index 316:SHA-1(Current--Benchmark): NULL-----8eb94d8d66b521113c1550f6027da439999a6abd  [0m
[31m            ----YUVSHA1:  NULL,  9aa9a4d9598eb3e1093311826844f37c43e4c521  [0m
[31m           Aborted(Cannot enlarge memory arrays to size 19111936 bytes (OOM). Either (1) compile with -sINITIAL_MEMORY=X with X higher than the current value 16777216, (2) compile with -sALLOW_MEMORY_GROWTH which allows increasing the size at runtime, or (3) if you want malloc to return NULL (0) instead of this abort, compile with -sABORTING_MALLOC=0)
/home/test/workspace/openh264/test/encoder_binary_comparison/AllTestData/Adobe_PDF_sample_a_1024x768_50Frms.264/h264enc.js:167
      throw ex;
      ^

RuntimeError: Aborted(Cannot enlarge memory arrays to size 19111936 bytes (OOM). Either (1) compile with -sINITIAL_MEMORY=X with X higher than the current value 16777216, (2) compile with -sALLOW_MEMORY_GROWTH which allows increasing the size at runtime, or (3) if you want malloc to return NULL (0) instead of this abort, compile with -sABORTING_MALLOC=0)
    at abort (/home/test/workspace/openh264/test/encoder_binary_comparison/AllTestData/Adobe_PDF_sample_a_1024x768_50Frms.264/h264enc.js:1031:11)
    at abortOnCannotGrowMemory (/home/test/workspace/openh264/test/encoder_binary_comparison/AllTestData/Adobe_PDF_sample_a_1024x768_50Frms.264/h264enc.js:4914:7)
    at _emscripten_resize_heap (/home/test/workspace/openh264/test/encoder_binary_comparison/AllTestData/Adobe_PDF_sample_a_1024x768_50Frms.264/h264enc.js:4919:7)
    at wasm://wasm/00265406:wasm-function[1133]:0x705f0
    at wasm://wasm/00265406:wasm-function[1121]:0x6e28d
    at wasm://wasm/00265406:wasm-function[775]:0x60eb2
    at wasm://wasm/00265406:wasm-function[357]:0x2e8f3
    at wasm://wasm/00265406:wasm-function[363]:0x2f261
    at wasm://wasm/00265406:wasm-function[555]:0x407f3
    at wasm://wasm/00265406:wasm-function[554]:0x405bd   [0m
[31m    Failed! Adobe_PDF_sample_a_1024x768_50Frms.264_x.yuv Case Index 317:SHA-1(Current--Benchmark): NULL-----8eb94d8d66b521113c1550f6027da439999a6abd  [0m
[31m            ----YUVSHA1:  NULL,  9aa9a4d9598eb3e1093311826844f37c43e4c521  [0m
[31m           Aborted(Cannot enlarge memory arrays to size 19111936 bytes (OOM). Either (1) compile with -sINITIAL_MEMORY=X with X higher than the current value 16777216, (2) compile with -sALLOW_MEMORY_GROWTH which allows increasing the size at runtime, or (3) if you want malloc to return NULL (0) instead of this abort, compile with -sABORTING_MALLOC=0)
/home/test/workspace/openh264/test/encoder_binary_comparison/AllTestData/Adobe_PDF_sample_a_1024x768_50Frms.264/h264enc.js:167
      throw ex;
      ^

RuntimeError: Aborted(Cannot enlarge memory arrays to size 19111936 bytes (OOM). Either (1) compile with -sINITIAL_MEMORY=X with X higher than the current value 16777216, (2) compile with -sALLOW_MEMORY_GROWTH which allows increasing the size at runtime, or (3) if you want malloc to return NULL (0) instead of this abort, compile with -sABORTING_MALLOC=0)
    at abort (/home/test/workspace/openh264/test/encoder_binary_comparison/AllTestData/Adobe_PDF_sample_a_1024x768_50Frms.264/h264enc.js:1031:11)
    at abortOnCannotGrowMemory (/home/test/workspace/openh264/test/encoder_binary_comparison/AllTestData/Adobe_PDF_sample_a_1024x768_50Frms.264/h264enc.js:4914:7)
    at _emscripten_resize_heap (/home/test/workspace/openh264/test/encoder_binary_comparison/AllTestData/Adobe_PDF_sample_a_1024x768_50Frms.264/h264enc.js:4919:7)
    at wasm://wasm/00265406:wasm-function[1133]:0x705f0
    at wasm://wasm/00265406:wasm-function[1121]:0x6e28d
    at wasm://wasm/00265406:wasm-function[775]:0x60eb2
    at wasm://wasm/00265406:wasm-function[357]:0x2e8f3
    at wasm://wasm/00265406:wasm-function[363]:0x2f261
    at wasm://wasm/00265406:wasm-function[555]:0x407f3
    at wasm://wasm/00265406:wasm-function[554]:0x405bd   [0m
[31m    Failed! Adobe_PDF_sample_a_1024x768_50Frms.264_x.yuv Case Index 318:SHA-1(Current--Benchmark): NULL-----8eb94d8d66b521113c1550f6027da439999a6abd  [0m
[31m            ----YUVSHA1:  NULL,  9aa9a4d9598eb3e1093311826844f37c43e4c521  [0m
[31m           Aborted(Cannot enlarge memory arrays to size 19111936 bytes (OOM). Either (1) compile with -sINITIAL_MEMORY=X with X higher than the current value 16777216, (2) compile with -sALLOW_MEMORY_GROWTH which allows increasing the size at runtime, or (3) if you want malloc to return NULL (0) instead of this abort, compile with -sABORTING_MALLOC=0)
/home/test/workspace/openh264/test/encoder_binary_comparison/AllTestData/Adobe_PDF_sample_a_1024x768_50Frms.264/h264enc.js:167
      throw ex;
      ^

RuntimeError: Aborted(Cannot enlarge memory arrays to size 19111936 bytes (OOM). Either (1) compile with -sINITIAL_MEMORY=X with X higher than the current value 16777216, (2) compile with -sALLOW_MEMORY_GROWTH which allows increasing the size at runtime, or (3) if you want malloc to return NULL (0) instead of this abort, compile with -sABORTING_MALLOC=0)
    at abort (/home/test/workspace/openh264/test/encoder_binary_comparison/AllTestData/Adobe_PDF_sample_a_1024x768_50Frms.264/h264enc.js:1031:11)
    at abortOnCannotGrowMemory (/home/test/workspace/openh264/test/encoder_binary_comparison/AllTestData/Adobe_PDF_sample_a_1024x768_50Frms.264/h264enc.js:4914:7)
    at _emscripten_resize_heap (/home/test/workspace/openh264/test/encoder_binary_comparison/AllTestData/Adobe_PDF_sample_a_1024x768_50Frms.264/h264enc.js:4919:7)
    at wasm://wasm/00265406:wasm-function[1133]:0x705f0
    at wasm://wasm/00265406:wasm-function[1121]:0x6e28d
    at wasm://wasm/00265406:wasm-function[775]:0x60eb2
    at wasm://wasm/00265406:wasm-function[357]:0x2e8f3
    at wasm://wasm/00265406:wasm-function[363]:0x2f261
    at wasm://wasm/00265406:wasm-function[555]:0x407f3
    at wasm://wasm/00265406:wasm-function[554]:0x405bd   [0m
[31m    Failed! Adobe_PDF_sample_a_1024x768_50Frms.264_x.yuv Case Index 319:SHA-1(Current--Benchmark): NULL-----8eb94d8d66b521113c1550f6027da439999a6abd  [0m
[31m            ----YUVSHA1:  NULL,  9aa9a4d9598eb3e1093311826844f37c43e4c521  [0m
[31m           Aborted(Cannot enlarge memory arrays to size 19111936 bytes (OOM). Either (1) compile with -sINITIAL_MEMORY=X with X higher than the current value 16777216, (2) compile with -sALLOW_MEMORY_GROWTH which allows increasing the size at runtime, or (3) if you want malloc to return NULL (0) instead of this abort, compile with -sABORTING_MALLOC=0)
/home/test/workspace/openh264/test/encoder_binary_comparison/AllTestData/Adobe_PDF_sample_a_1024x768_50Frms.264/h264enc.js:167
      throw ex;
      ^

RuntimeError: Aborted(Cannot enlarge memory arrays to size 19111936 bytes (OOM). Either (1) compile with -sINITIAL_MEMORY=X with X higher than the current value 16777216, (2) compile with -sALLOW_MEMORY_GROWTH which allows increasing the size at runtime, or (3) if you want malloc to return NULL (0) instead of this abort, compile with -sABORTING_MALLOC=0)
    at abort (/home/test/workspace/openh264/test/encoder_binary_comparison/AllTestData/Adobe_PDF_sample_a_1024x768_50Frms.264/h264enc.js:1031:11)
    at abortOnCannotGrowMemory (/home/test/workspace/openh264/test/encoder_binary_comparison/AllTestData/Adobe_PDF_sample_a_1024x768_50Frms.264/h264enc.js:4914:7)
    at _emscripten_resize_heap (/home/test/workspace/openh264/test/encoder_binary_comparison/AllTestData/Adobe_PDF_sample_a_1024x768_50Frms.264/h264enc.js:4919:7)
    at wasm://wasm/00265406:wasm-function[1133]:0x705f0
    at wasm://wasm/00265406:wasm-function[1121]:0x6e28d
    at wasm://wasm/00265406:wasm-function[775]:0x60eb2
    at wasm://wasm/00265406:wasm-function[357]:0x2e8f3
    at wasm://wasm/00265406:wasm-function[363]:0x2f261
    at wasm://wasm/00265406:wasm-function[555]:0x407f3
    at wasm://wasm/00265406:wasm-function[554]:0x405bd   [0m
[31m    Failed! Adobe_PDF_sample_a_1024x768_50Frms.264_x.yuv Case Index 320:SHA-1(Current--Benchmark): NULL-----8eb94d8d66b521113c1550f6027da439999a6abd  [0m
[31m            ----YUVSHA1:  NULL,  9aa9a4d9598eb3e1093311826844f37c43e4c521  [0m
[31m           Aborted(Cannot enlarge memory arrays to size 19111936 bytes (OOM). Either (1) compile with -sINITIAL_MEMORY=X with X higher than the current value 16777216, (2) compile with -sALLOW_MEMORY_GROWTH which allows increasing the size at runtime, or (3) if you want malloc to return NULL (0) instead of this abort, compile with -sABORTING_MALLOC=0)
/home/test/workspace/openh264/test/encoder_binary_comparison/AllTestData/Adobe_PDF_sample_a_1024x768_50Frms.264/h264enc.js:167
      throw ex;
      ^

RuntimeError: Aborted(Cannot enlarge memory arrays to size 19111936 bytes (OOM). Either (1) compile with -sINITIAL_MEMORY=X with X higher than the current value 16777216, (2) compile with -sALLOW_MEMORY_GROWTH which allows increasing the size at runtime, or (3) if you want malloc to return NULL (0) instead of this abort, compile with -sABORTING_MALLOC=0)
    at abort (/home/test/workspace/openh264/test/encoder_binary_comparison/AllTestData/Adobe_PDF_sample_a_1024x768_50Frms.264/h264enc.js:1031:11)
    at abortOnCannotGrowMemory (/home/test/workspace/openh264/test/encoder_binary_comparison/AllTestData/Adobe_PDF_sample_a_1024x768_50Frms.264/h264enc.js:4914:7)
    at _emscripten_resize_heap (/home/test/workspace/openh264/test/encoder_binary_comparison/AllTestData/Adobe_PDF_sample_a_1024x768_50Frms.264/h264enc.js:4919:7)
    at wasm://wasm/00265406:wasm-function[1133]:0x705f0
    at wasm://wasm/00265406:wasm-function[1121]:0x6e28d
    at wasm://wasm/00265406:wasm-function[775]:0x60eb2
    at wasm://wasm/00265406:wasm-function[357]:0x2e8f3
    at wasm://wasm/00265406:wasm-function[363]:0x2f261
    at wasm://wasm/00265406:wasm-function[555]:0x407f3
    at wasm://wasm/00265406:wasm-function[554]:0x405bd   [0m
[31m    Failed! Adobe_PDF_sample_a_1024x768_50Frms.264_x.yuv Case Index 321:SHA-1(Current--Benchmark): NULL-----8eb94d8d66b521113c1550f6027da439999a6abd  [0m
[31m            ----YUVSHA1:  NULL,  9aa9a4d9598eb3e1093311826844f37c43e4c521  [0m
[31m           Aborted(Cannot enlarge memory arrays to size 19111936 bytes (OOM). Either (1) compile with -sINITIAL_MEMORY=X with X higher than the current value 16777216, (2) compile with -sALLOW_MEMORY_GROWTH which allows increasing the size at runtime, or (3) if you want malloc to return NULL (0) instead of this abort, compile with -sABORTING_MALLOC=0)
/home/test/workspace/openh264/test/encoder_binary_comparison/AllTestData/Adobe_PDF_sample_a_1024x768_50Frms.264/h264enc.js:167
      throw ex;
      ^

RuntimeError: Aborted(Cannot enlarge memory arrays to size 19111936 bytes (OOM). Either (1) compile with -sINITIAL_MEMORY=X with X higher than the current value 16777216, (2) compile with -sALLOW_MEMORY_GROWTH which allows increasing the size at runtime, or (3) if you want malloc to return NULL (0) instead of this abort, compile with -sABORTING_MALLOC=0)
    at abort (/home/test/workspace/openh264/test/encoder_binary_comparison/AllTestData/Adobe_PDF_sample_a_1024x768_50Frms.264/h264enc.js:1031:11)
    at abortOnCannotGrowMemory (/home/test/workspace/openh264/test/encoder_binary_comparison/AllTestData/Adobe_PDF_sample_a_1024x768_50Frms.264/h264enc.js:4914:7)
    at _emscripten_resize_heap (/home/test/workspace/openh264/test/encoder_binary_comparison/AllTestData/Adobe_PDF_sample_a_1024x768_50Frms.264/h264enc.js:4919:7)
    at wasm://wasm/00265406:wasm-function[1133]:0x705f0
    at wasm://wasm/00265406:wasm-function[1121]:0x6e28d
    at wasm://wasm/00265406:wasm-function[775]:0x60eb2
    at wasm://wasm/00265406:wasm-function[357]:0x2e8f3
    at wasm://wasm/00265406:wasm-function[363]:0x2f261
    at wasm://wasm/00265406:wasm-function[555]:0x407f3
    at wasm://wasm/00265406:wasm-function[554]:0x405bd   [0m
[31m    Failed! Adobe_PDF_sample_a_1024x768_50Frms.264_x.yuv Case Index 322:SHA-1(Current--Benchmark): NULL-----8eb94d8d66b521113c1550f6027da439999a6abd  [0m
[31m            ----YUVSHA1:  NULL,  9aa9a4d9598eb3e1093311826844f37c43e4c521  [0m
[31m           Aborted(Cannot enlarge memory arrays to size 19111936 bytes (OOM). Either (1) compile with -sINITIAL_MEMORY=X with X higher than the current value 16777216, (2) compile with -sALLOW_MEMORY_GROWTH which allows increasing the size at runtime, or (3) if you want malloc to return NULL (0) instead of this abort, compile with -sABORTING_MALLOC=0)
/home/test/workspace/openh264/test/encoder_binary_comparison/AllTestData/Adobe_PDF_sample_a_1024x768_50Frms.264/h264enc.js:167
      throw ex;
      ^

RuntimeError: Aborted(Cannot enlarge memory arrays to size 19111936 bytes (OOM). Either (1) compile with -sINITIAL_MEMORY=X with X higher than the current value 16777216, (2) compile with -sALLOW_MEMORY_GROWTH which allows increasing the size at runtime, or (3) if you want malloc to return NULL (0) instead of this abort, compile with -sABORTING_MALLOC=0)
    at abort (/home/test/workspace/openh264/test/encoder_binary_comparison/AllTestData/Adobe_PDF_sample_a_1024x768_50Frms.264/h264enc.js:1031:11)
    at abortOnCannotGrowMemory (/home/test/workspace/openh264/test/encoder_binary_comparison/AllTestData/Adobe_PDF_sample_a_1024x768_50Frms.264/h264enc.js:4914:7)
    at _emscripten_resize_heap (/home/test/workspace/openh264/test/encoder_binary_comparison/AllTestData/Adobe_PDF_sample_a_1024x768_50Frms.264/h264enc.js:4919:7)
    at wasm://wasm/00265406:wasm-function[1133]:0x705f0
    at wasm://wasm/00265406:wasm-function[1121]:0x6e28d
    at wasm://wasm/00265406:wasm-function[775]:0x60eb2
    at wasm://wasm/00265406:wasm-function[357]:0x2e8f3
    at wasm://wasm/00265406:wasm-function[363]:0x2f261
    at wasm://wasm/00265406:wasm-function[555]:0x407f3
    at wasm://wasm/00265406:wasm-function[554]:0x405bd   [0m
[31m    Failed! Adobe_PDF_sample_a_1024x768_50Frms.264_x.yuv Case Index 323:SHA-1(Current--Benchmark): NULL-----8eb94d8d66b521113c1550f6027da439999a6abd  [0m
[31m            ----YUVSHA1:  NULL,  9aa9a4d9598eb3e1093311826844f37c43e4c521  [0m
[31m           Aborted(Cannot enlarge memory arrays to size 19111936 bytes (OOM). Either (1) compile with -sINITIAL_MEMORY=X with X higher than the current value 16777216, (2) compile with -sALLOW_MEMORY_GROWTH which allows increasing the size at runtime, or (3) if you want malloc to return NULL (0) instead of this abort, compile with -sABORTING_MALLOC=0)
/home/test/workspace/openh264/test/encoder_binary_comparison/AllTestData/Adobe_PDF_sample_a_1024x768_50Frms.264/h264enc.js:167
      throw ex;
      ^

RuntimeError: Aborted(Cannot enlarge memory arrays to size 19111936 bytes (OOM). Either (1) compile with -sINITIAL_MEMORY=X with X higher than the current value 16777216, (2) compile with -sALLOW_MEMORY_GROWTH which allows increasing the size at runtime, or (3) if you want malloc to return NULL (0) instead of this abort, compile with -sABORTING_MALLOC=0)
    at abort (/home/test/workspace/openh264/test/encoder_binary_comparison/AllTestData/Adobe_PDF_sample_a_1024x768_50Frms.264/h264enc.js:1031:11)
    at abortOnCannotGrowMemory (/home/test/workspace/openh264/test/encoder_binary_comparison/AllTestData/Adobe_PDF_sample_a_1024x768_50Frms.264/h264enc.js:4914:7)
    at _emscripten_resize_heap (/home/test/workspace/openh264/test/encoder_binary_comparison/AllTestData/Adobe_PDF_sample_a_1024x768_50Frms.264/h264enc.js:4919:7)
    at wasm://wasm/00265406:wasm-function[1133]:0x705f0
    at wasm://wasm/00265406:wasm-function[1121]:0x6e28d
    at wasm://wasm/00265406:wasm-function[775]:0x60eb2
    at wasm://wasm/00265406:wasm-function[357]:0x2e8f3
    at wasm://wasm/00265406:wasm-function[363]:0x2f261
    at wasm://wasm/00265406:wasm-function[555]:0x407f3
    at wasm://wasm/00265406:wasm-function[554]:0x405bd   [0m
[31m    Failed! Adobe_PDF_sample_a_1024x768_50Frms.264_x.yuv Case Index 324:SHA-1(Current--Benchmark): NULL-----8eb94d8d66b521113c1550f6027da439999a6abd  [0m
[31m            ----YUVSHA1:  NULL,  9aa9a4d9598eb3e1093311826844f37c43e4c521  [0m
[31m           Aborted(Cannot enlarge memory arrays to size 19111936 bytes (OOM). Either (1) compile with -sINITIAL_MEMORY=X with X higher than the current value 16777216, (2) compile with -sALLOW_MEMORY_GROWTH which allows increasing the size at runtime, or (3) if you want malloc to return NULL (0) instead of this abort, compile with -sABORTING_MALLOC=0)
/home/test/workspace/openh264/test/encoder_binary_comparison/AllTestData/Adobe_PDF_sample_a_1024x768_50Frms.264/h264enc.js:167
      throw ex;
      ^

RuntimeError: Aborted(Cannot enlarge memory arrays to size 19111936 bytes (OOM). Either (1) compile with -sINITIAL_MEMORY=X with X higher than the current value 16777216, (2) compile with -sALLOW_MEMORY_GROWTH which allows increasing the size at runtime, or (3) if you want malloc to return NULL (0) instead of this abort, compile with -sABORTING_MALLOC=0)
    at abort (/home/test/workspace/openh264/test/encoder_binary_comparison/AllTestData/Adobe_PDF_sample_a_1024x768_50Frms.264/h264enc.js:1031:11)
    at abortOnCannotGrowMemory (/home/test/workspace/openh264/test/encoder_binary_comparison/AllTestData/Adobe_PDF_sample_a_1024x768_50Frms.264/h264enc.js:4914:7)
    at _emscripten_resize_heap (/home/test/workspace/openh264/test/encoder_binary_comparison/AllTestData/Adobe_PDF_sample_a_1024x768_50Frms.264/h264enc.js:4919:7)
    at wasm://wasm/00265406:wasm-function[1133]:0x705f0
    at wasm://wasm/00265406:wasm-function[1121]:0x6e28d
    at wasm://wasm/00265406:wasm-function[775]:0x60eb2
    at wasm://wasm/00265406:wasm-function[357]:0x2e8f3
    at wasm://wasm/00265406:wasm-function[363]:0x2f261
    at wasm://wasm/00265406:wasm-function[555]:0x407f3
    at wasm://wasm/00265406:wasm-function[554]:0x405bd   [0m
[31m    Failed! Adobe_PDF_sample_a_1024x768_50Frms.264_x.yuv Case Index 325:SHA-1(Current--Benchmark): NULL-----8eb94d8d66b521113c1550f6027da439999a6abd  [0m
[31m            ----YUVSHA1:  NULL,  9aa9a4d9598eb3e1093311826844f37c43e4c521  [0m
[31m           Aborted(Cannot enlarge memory arrays to size 19111936 bytes (OOM). Either (1) compile with -sINITIAL_MEMORY=X with X higher than the current value 16777216, (2) compile with -sALLOW_MEMORY_GROWTH which allows increasing the size at runtime, or (3) if you want malloc to return NULL (0) instead of this abort, compile with -sABORTING_MALLOC=0)
/home/test/workspace/openh264/test/encoder_binary_comparison/AllTestData/Adobe_PDF_sample_a_1024x768_50Frms.264/h264enc.js:167
      throw ex;
      ^

RuntimeError: Aborted(Cannot enlarge memory arrays to size 19111936 bytes (OOM). Either (1) compile with -sINITIAL_MEMORY=X with X higher than the current value 16777216, (2) compile with -sALLOW_MEMORY_GROWTH which allows increasing the size at runtime, or (3) if you want malloc to return NULL (0) instead of this abort, compile with -sABORTING_MALLOC=0)
    at abort (/home/test/workspace/openh264/test/encoder_binary_comparison/AllTestData/Adobe_PDF_sample_a_1024x768_50Frms.264/h264enc.js:1031:11)
    at abortOnCannotGrowMemory (/home/test/workspace/openh264/test/encoder_binary_comparison/AllTestData/Adobe_PDF_sample_a_1024x768_50Frms.264/h264enc.js:4914:7)
    at _emscripten_resize_heap (/home/test/workspace/openh264/test/encoder_binary_comparison/AllTestData/Adobe_PDF_sample_a_1024x768_50Frms.264/h264enc.js:4919:7)
    at wasm://wasm/00265406:wasm-function[1133]:0x705f0
    at wasm://wasm/00265406:wasm-function[1121]:0x6e28d
    at wasm://wasm/00265406:wasm-function[775]:0x60eb2
    at wasm://wasm/00265406:wasm-function[357]:0x2e8f3
    at wasm://wasm/00265406:wasm-function[363]:0x2f261
    at wasm://wasm/00265406:wasm-function[555]:0x407f3
    at wasm://wasm/00265406:wasm-function[554]:0x405bd   [0m
[31m    Failed! Adobe_PDF_sample_a_1024x768_50Frms.264_x.yuv Case Index 326:SHA-1(Current--Benchmark): NULL-----8eb94d8d66b521113c1550f6027da439999a6abd  [0m
[31m            ----YUVSHA1:  NULL,  9aa9a4d9598eb3e1093311826844f37c43e4c521  [0m
[31m           Aborted(Cannot enlarge memory arrays to size 19111936 bytes (OOM). Either (1) compile with -sINITIAL_MEMORY=X with X higher than the current value 16777216, (2) compile with -sALLOW_MEMORY_GROWTH which allows increasing the size at runtime, or (3) if you want malloc to return NULL (0) instead of this abort, compile with -sABORTING_MALLOC=0)
/home/test/workspace/openh264/test/encoder_binary_comparison/AllTestData/Adobe_PDF_sample_a_1024x768_50Frms.264/h264enc.js:167
      throw ex;
      ^

RuntimeError: Aborted(Cannot enlarge memory arrays to size 19111936 bytes (OOM). Either (1) compile with -sINITIAL_MEMORY=X with X higher than the current value 16777216, (2) compile with -sALLOW_MEMORY_GROWTH which allows increasing the size at runtime, or (3) if you want malloc to return NULL (0) instead of this abort, compile with -sABORTING_MALLOC=0)
    at abort (/home/test/workspace/openh264/test/encoder_binary_comparison/AllTestData/Adobe_PDF_sample_a_1024x768_50Frms.264/h264enc.js:1031:11)
    at abortOnCannotGrowMemory (/home/test/workspace/openh264/test/encoder_binary_comparison/AllTestData/Adobe_PDF_sample_a_1024x768_50Frms.264/h264enc.js:4914:7)
    at _emscripten_resize_heap (/home/test/workspace/openh264/test/encoder_binary_comparison/AllTestData/Adobe_PDF_sample_a_1024x768_50Frms.264/h264enc.js:4919:7)
    at wasm://wasm/00265406:wasm-function[1133]:0x705f0
    at wasm://wasm/00265406:wasm-function[1121]:0x6e28d
    at wasm://wasm/00265406:wasm-function[775]:0x60eb2
    at wasm://wasm/00265406:wasm-function[357]:0x2e8f3
    at wasm://wasm/00265406:wasm-function[363]:0x2f261
    at wasm://wasm/00265406:wasm-function[555]:0x407f3
    at wasm://wasm/00265406:wasm-function[554]:0x405bd   [0m
[31m    Failed! Adobe_PDF_sample_a_1024x768_50Frms.264_x.yuv Case Index 327:SHA-1(Current--Benchmark): NULL-----8eb94d8d66b521113c1550f6027da439999a6abd  [0m
[31m            ----YUVSHA1:  NULL,  9aa9a4d9598eb3e1093311826844f37c43e4c521  [0m
[31m           Aborted(Cannot enlarge memory arrays to size 19111936 bytes (OOM). Either (1) compile with -sINITIAL_MEMORY=X with X higher than the current value 16777216, (2) compile with -sALLOW_MEMORY_GROWTH which allows increasing the size at runtime, or (3) if you want malloc to return NULL (0) instead of this abort, compile with -sABORTING_MALLOC=0)
/home/test/workspace/openh264/test/encoder_binary_comparison/AllTestData/Adobe_PDF_sample_a_1024x768_50Frms.264/h264enc.js:167
      throw ex;
      ^

RuntimeError: Aborted(Cannot enlarge memory arrays to size 19111936 bytes (OOM). Either (1) compile with -sINITIAL_MEMORY=X with X higher than the current value 16777216, (2) compile with -sALLOW_MEMORY_GROWTH which allows increasing the size at runtime, or (3) if you want malloc to return NULL (0) instead of this abort, compile with -sABORTING_MALLOC=0)
    at abort (/home/test/workspace/openh264/test/encoder_binary_comparison/AllTestData/Adobe_PDF_sample_a_1024x768_50Frms.264/h264enc.js:1031:11)
    at abortOnCannotGrowMemory (/home/test/workspace/openh264/test/encoder_binary_comparison/AllTestData/Adobe_PDF_sample_a_1024x768_50Frms.264/h264enc.js:4914:7)
    at _emscripten_resize_heap (/home/test/workspace/openh264/test/encoder_binary_comparison/AllTestData/Adobe_PDF_sample_a_1024x768_50Frms.264/h264enc.js:4919:7)
    at wasm://wasm/00265406:wasm-function[1133]:0x705f0
    at wasm://wasm/00265406:wasm-function[1121]:0x6e28d
    at wasm://wasm/00265406:wasm-function[775]:0x60eb2
    at wasm://wasm/00265406:wasm-function[357]:0x2e8f3
    at wasm://wasm/00265406:wasm-function[363]:0x2f261
    at wasm://wasm/00265406:wasm-function[555]:0x407f3
    at wasm://wasm/00265406:wasm-function[554]:0x405bd   [0m
[31m    Failed! Adobe_PDF_sample_a_1024x768_50Frms.264_x.yuv Case Index 328:SHA-1(Current--Benchmark): NULL-----8eb94d8d66b521113c1550f6027da439999a6abd  [0m
[31m            ----YUVSHA1:  NULL,  9aa9a4d9598eb3e1093311826844f37c43e4c521  [0m
[31m           Aborted(Cannot enlarge memory arrays to size 19111936 bytes (OOM). Either (1) compile with -sINITIAL_MEMORY=X with X higher than the current value 16777216, (2) compile with -sALLOW_MEMORY_GROWTH which allows increasing the size at runtime, or (3) if you want malloc to return NULL (0) instead of this abort, compile with -sABORTING_MALLOC=0)
/home/test/workspace/openh264/test/encoder_binary_comparison/AllTestData/Adobe_PDF_sample_a_1024x768_50Frms.264/h264enc.js:167
      throw ex;
      ^

RuntimeError: Aborted(Cannot enlarge memory arrays to size 19111936 bytes (OOM). Either (1) compile with -sINITIAL_MEMORY=X with X higher than the current value 16777216, (2) compile with -sALLOW_MEMORY_GROWTH which allows increasing the size at runtime, or (3) if you want malloc to return NULL (0) instead of this abort, compile with -sABORTING_MALLOC=0)
    at abort (/home/test/workspace/openh264/test/encoder_binary_comparison/AllTestData/Adobe_PDF_sample_a_1024x768_50Frms.264/h264enc.js:1031:11)
    at abortOnCannotGrowMemory (/home/test/workspace/openh264/test/encoder_binary_comparison/AllTestData/Adobe_PDF_sample_a_1024x768_50Frms.264/h264enc.js:4914:7)
    at _emscripten_resize_heap (/home/test/workspace/openh264/test/encoder_binary_comparison/AllTestData/Adobe_PDF_sample_a_1024x768_50Frms.264/h264enc.js:4919:7)
    at wasm://wasm/00265406:wasm-function[1133]:0x705f0
    at wasm://wasm/00265406:wasm-function[1121]:0x6e28d
    at wasm://wasm/00265406:wasm-function[775]:0x60eb2
    at wasm://wasm/00265406:wasm-function[357]:0x2e8f3
    at wasm://wasm/00265406:wasm-function[363]:0x2f261
    at wasm://wasm/00265406:wasm-function[555]:0x407f3
    at wasm://wasm/00265406:wasm-function[554]:0x405bd   [0m
[31m    Failed! Adobe_PDF_sample_a_1024x768_50Frms.264_x.yuv Case Index 329:SHA-1(Current--Benchmark): NULL-----8eb94d8d66b521113c1550f6027da439999a6abd  [0m
[31m            ----YUVSHA1:  NULL,  9aa9a4d9598eb3e1093311826844f37c43e4c521  [0m
[31m           Aborted(Cannot enlarge memory arrays to size 19111936 bytes (OOM). Either (1) compile with -sINITIAL_MEMORY=X with X higher than the current value 16777216, (2) compile with -sALLOW_MEMORY_GROWTH which allows increasing the size at runtime, or (3) if you want malloc to return NULL (0) instead of this abort, compile with -sABORTING_MALLOC=0)
/home/test/workspace/openh264/test/encoder_binary_comparison/AllTestData/Adobe_PDF_sample_a_1024x768_50Frms.264/h264enc.js:167
      throw ex;
      ^

RuntimeError: Aborted(Cannot enlarge memory arrays to size 19111936 bytes (OOM). Either (1) compile with -sINITIAL_MEMORY=X with X higher than the current value 16777216, (2) compile with -sALLOW_MEMORY_GROWTH which allows increasing the size at runtime, or (3) if you want malloc to return NULL (0) instead of this abort, compile with -sABORTING_MALLOC=0)
    at abort (/home/test/workspace/openh264/test/encoder_binary_comparison/AllTestData/Adobe_PDF_sample_a_1024x768_50Frms.264/h264enc.js:1031:11)
    at abortOnCannotGrowMemory (/home/test/workspace/openh264/test/encoder_binary_comparison/AllTestData/Adobe_PDF_sample_a_1024x768_50Frms.264/h264enc.js:4914:7)
    at _emscripten_resize_heap (/home/test/workspace/openh264/test/encoder_binary_comparison/AllTestData/Adobe_PDF_sample_a_1024x768_50Frms.264/h264enc.js:4919:7)
    at wasm://wasm/00265406:wasm-function[1133]:0x705f0
    at wasm://wasm/00265406:wasm-function[1121]:0x6e28d
    at wasm://wasm/00265406:wasm-function[775]:0x60eb2
    at wasm://wasm/00265406:wasm-function[357]:0x2e8f3
    at wasm://wasm/00265406:wasm-function[363]:0x2f261
    at wasm://wasm/00265406:wasm-function[555]:0x407f3
    at wasm://wasm/00265406:wasm-function[554]:0x405bd   [0m
[31m    Failed! Adobe_PDF_sample_a_1024x768_50Frms.264_x.yuv Case Index 330:SHA-1(Current--Benchmark): NULL-----8eb94d8d66b521113c1550f6027da439999a6abd  [0m
[31m            ----YUVSHA1:  NULL,  9aa9a4d9598eb3e1093311826844f37c43e4c521  [0m
[31m           Aborted(Cannot enlarge memory arrays to size 19111936 bytes (OOM). Either (1) compile with -sINITIAL_MEMORY=X with X higher than the current value 16777216, (2) compile with -sALLOW_MEMORY_GROWTH which allows increasing the size at runtime, or (3) if you want malloc to return NULL (0) instead of this abort, compile with -sABORTING_MALLOC=0)
/home/test/workspace/openh264/test/encoder_binary_comparison/AllTestData/Adobe_PDF_sample_a_1024x768_50Frms.264/h264enc.js:167
      throw ex;
      ^

RuntimeError: Aborted(Cannot enlarge memory arrays to size 19111936 bytes (OOM). Either (1) compile with -sINITIAL_MEMORY=X with X higher than the current value 16777216, (2) compile with -sALLOW_MEMORY_GROWTH which allows increasing the size at runtime, or (3) if you want malloc to return NULL (0) instead of this abort, compile with -sABORTING_MALLOC=0)
    at abort (/home/test/workspace/openh264/test/encoder_binary_comparison/AllTestData/Adobe_PDF_sample_a_1024x768_50Frms.264/h264enc.js:1031:11)
    at abortOnCannotGrowMemory (/home/test/workspace/openh264/test/encoder_binary_comparison/AllTestData/Adobe_PDF_sample_a_1024x768_50Frms.264/h264enc.js:4914:7)
    at _emscripten_resize_heap (/home/test/workspace/openh264/test/encoder_binary_comparison/AllTestData/Adobe_PDF_sample_a_1024x768_50Frms.264/h264enc.js:4919:7)
    at wasm://wasm/00265406:wasm-function[1133]:0x705f0
    at wasm://wasm/00265406:wasm-function[1121]:0x6e28d
    at wasm://wasm/00265406:wasm-function[775]:0x60eb2
    at wasm://wasm/00265406:wasm-function[357]:0x2e8f3
    at wasm://wasm/00265406:wasm-function[363]:0x2f261
    at wasm://wasm/00265406:wasm-function[555]:0x407f3
    at wasm://wasm/00265406:wasm-function[554]:0x405bd   [0m
[31m    Failed! Adobe_PDF_sample_a_1024x768_50Frms.264_x.yuv Case Index 331:SHA-1(Current--Benchmark): NULL-----8eb94d8d66b521113c1550f6027da439999a6abd  [0m
[31m            ----YUVSHA1:  NULL,  9aa9a4d9598eb3e1093311826844f37c43e4c521  [0m
[31m           Aborted(Cannot enlarge memory arrays to size 19111936 bytes (OOM). Either (1) compile with -sINITIAL_MEMORY=X with X higher than the current value 16777216, (2) compile with -sALLOW_MEMORY_GROWTH which allows increasing the size at runtime, or (3) if you want malloc to return NULL (0) instead of this abort, compile with -sABORTING_MALLOC=0)
/home/test/workspace/openh264/test/encoder_binary_comparison/AllTestData/Adobe_PDF_sample_a_1024x768_50Frms.264/h264enc.js:167
      throw ex;
      ^

RuntimeError: Aborted(Cannot enlarge memory arrays to size 19111936 bytes (OOM). Either (1) compile with -sINITIAL_MEMORY=X with X higher than the current value 16777216, (2) compile with -sALLOW_MEMORY_GROWTH which allows increasing the size at runtime, or (3) if you want malloc to return NULL (0) instead of this abort, compile with -sABORTING_MALLOC=0)
    at abort (/home/test/workspace/openh264/test/encoder_binary_comparison/AllTestData/Adobe_PDF_sample_a_1024x768_50Frms.264/h264enc.js:1031:11)
    at abortOnCannotGrowMemory (/home/test/workspace/openh264/test/encoder_binary_comparison/AllTestData/Adobe_PDF_sample_a_1024x768_50Frms.264/h264enc.js:4914:7)
    at _emscripten_resize_heap (/home/test/workspace/openh264/test/encoder_binary_comparison/AllTestData/Adobe_PDF_sample_a_1024x768_50Frms.264/h264enc.js:4919:7)
    at wasm://wasm/00265406:wasm-function[1133]:0x705f0
    at wasm://wasm/00265406:wasm-function[1121]:0x6e28d
    at wasm://wasm/00265406:wasm-function[775]:0x60eb2
    at wasm://wasm/00265406:wasm-function[357]:0x2e8f3
    at wasm://wasm/00265406:wasm-function[363]:0x2f261
    at wasm://wasm/00265406:wasm-function[555]:0x407f3
    at wasm://wasm/00265406:wasm-function[554]:0x405bd   [0m
[31m    Failed! Adobe_PDF_sample_a_1024x768_50Frms.264_x.yuv Case Index 332:SHA-1(Current--Benchmark): NULL-----8eb94d8d66b521113c1550f6027da439999a6abd  [0m
[31m            ----YUVSHA1:  NULL,  9aa9a4d9598eb3e1093311826844f37c43e4c521  [0m
[31m           Aborted(Cannot enlarge memory arrays to size 19111936 bytes (OOM). Either (1) compile with -sINITIAL_MEMORY=X with X higher than the current value 16777216, (2) compile with -sALLOW_MEMORY_GROWTH which allows increasing the size at runtime, or (3) if you want malloc to return NULL (0) instead of this abort, compile with -sABORTING_MALLOC=0)
/home/test/workspace/openh264/test/encoder_binary_comparison/AllTestData/Adobe_PDF_sample_a_1024x768_50Frms.264/h264enc.js:167
      throw ex;
      ^

RuntimeError: Aborted(Cannot enlarge memory arrays to size 19111936 bytes (OOM). Either (1) compile with -sINITIAL_MEMORY=X with X higher than the current value 16777216, (2) compile with -sALLOW_MEMORY_GROWTH which allows increasing the size at runtime, or (3) if you want malloc to return NULL (0) instead of this abort, compile with -sABORTING_MALLOC=0)
    at abort (/home/test/workspace/openh264/test/encoder_binary_comparison/AllTestData/Adobe_PDF_sample_a_1024x768_50Frms.264/h264enc.js:1031:11)
    at abortOnCannotGrowMemory (/home/test/workspace/openh264/test/encoder_binary_comparison/AllTestData/Adobe_PDF_sample_a_1024x768_50Frms.264/h264enc.js:4914:7)
    at _emscripten_resize_heap (/home/test/workspace/openh264/test/encoder_binary_comparison/AllTestData/Adobe_PDF_sample_a_1024x768_50Frms.264/h264enc.js:4919:7)
    at wasm://wasm/00265406:wasm-function[1133]:0x705f0
    at wasm://wasm/00265406:wasm-function[1121]:0x6e28d
    at wasm://wasm/00265406:wasm-function[775]:0x60eb2
    at wasm://wasm/00265406:wasm-function[357]:0x2e8f3
    at wasm://wasm/00265406:wasm-function[363]:0x2f261
    at wasm://wasm/00265406:wasm-function[555]:0x407f3
    at wasm://wasm/00265406:wasm-function[554]:0x405bd   [0m
[31m    Failed! Adobe_PDF_sample_a_1024x768_50Frms.264_x.yuv Case Index 333:SHA-1(Current--Benchmark): NULL-----8eb94d8d66b521113c1550f6027da439999a6abd  [0m
[31m            ----YUVSHA1:  NULL,  9aa9a4d9598eb3e1093311826844f37c43e4c521  [0m
[31m           Aborted(Cannot enlarge memory arrays to size 19111936 bytes (OOM). Either (1) compile with -sINITIAL_MEMORY=X with X higher than the current value 16777216, (2) compile with -sALLOW_MEMORY_GROWTH which allows increasing the size at runtime, or (3) if you want malloc to return NULL (0) instead of this abort, compile with -sABORTING_MALLOC=0)
/home/test/workspace/openh264/test/encoder_binary_comparison/AllTestData/Adobe_PDF_sample_a_1024x768_50Frms.264/h264enc.js:167
      throw ex;
      ^

RuntimeError: Aborted(Cannot enlarge memory arrays to size 19111936 bytes (OOM). Either (1) compile with -sINITIAL_MEMORY=X with X higher than the current value 16777216, (2) compile with -sALLOW_MEMORY_GROWTH which allows increasing the size at runtime, or (3) if you want malloc to return NULL (0) instead of this abort, compile with -sABORTING_MALLOC=0)
    at abort (/home/test/workspace/openh264/test/encoder_binary_comparison/AllTestData/Adobe_PDF_sample_a_1024x768_50Frms.264/h264enc.js:1031:11)
    at abortOnCannotGrowMemory (/home/test/workspace/openh264/test/encoder_binary_comparison/AllTestData/Adobe_PDF_sample_a_1024x768_50Frms.264/h264enc.js:4914:7)
    at _emscripten_resize_heap (/home/test/workspace/openh264/test/encoder_binary_comparison/AllTestData/Adobe_PDF_sample_a_1024x768_50Frms.264/h264enc.js:4919:7)
    at wasm://wasm/00265406:wasm-function[1133]:0x705f0
    at wasm://wasm/00265406:wasm-function[1121]:0x6e28d
    at wasm://wasm/00265406:wasm-function[775]:0x60eb2
    at wasm://wasm/00265406:wasm-function[357]:0x2e8f3
    at wasm://wasm/00265406:wasm-function[363]:0x2f261
    at wasm://wasm/00265406:wasm-function[555]:0x407f3
    at wasm://wasm/00265406:wasm-function[554]:0x405bd   [0m
[31m    Failed! Adobe_PDF_sample_a_1024x768_50Frms.264_x.yuv Case Index 334:SHA-1(Current--Benchmark): NULL-----8eb94d8d66b521113c1550f6027da439999a6abd  [0m
[31m            ----YUVSHA1:  NULL,  9aa9a4d9598eb3e1093311826844f37c43e4c521  [0m
[31m           Aborted(Cannot enlarge memory arrays to size 19111936 bytes (OOM). Either (1) compile with -sINITIAL_MEMORY=X with X higher than the current value 16777216, (2) compile with -sALLOW_MEMORY_GROWTH which allows increasing the size at runtime, or (3) if you want malloc to return NULL (0) instead of this abort, compile with -sABORTING_MALLOC=0)
/home/test/workspace/openh264/test/encoder_binary_comparison/AllTestData/Adobe_PDF_sample_a_1024x768_50Frms.264/h264enc.js:167
      throw ex;
      ^

RuntimeError: Aborted(Cannot enlarge memory arrays to size 19111936 bytes (OOM). Either (1) compile with -sINITIAL_MEMORY=X with X higher than the current value 16777216, (2) compile with -sALLOW_MEMORY_GROWTH which allows increasing the size at runtime, or (3) if you want malloc to return NULL (0) instead of this abort, compile with -sABORTING_MALLOC=0)
    at abort (/home/test/workspace/openh264/test/encoder_binary_comparison/AllTestData/Adobe_PDF_sample_a_1024x768_50Frms.264/h264enc.js:1031:11)
    at abortOnCannotGrowMemory (/home/test/workspace/openh264/test/encoder_binary_comparison/AllTestData/Adobe_PDF_sample_a_1024x768_50Frms.264/h264enc.js:4914:7)
    at _emscripten_resize_heap (/home/test/workspace/openh264/test/encoder_binary_comparison/AllTestData/Adobe_PDF_sample_a_1024x768_50Frms.264/h264enc.js:4919:7)
    at wasm://wasm/00265406:wasm-function[1133]:0x705f0
    at wasm://wasm/00265406:wasm-function[1121]:0x6e28d
    at wasm://wasm/00265406:wasm-function[775]:0x60eb2
    at wasm://wasm/00265406:wasm-function[357]:0x2e8f3
    at wasm://wasm/00265406:wasm-function[363]:0x2f261
    at wasm://wasm/00265406:wasm-function[555]:0x407f3
    at wasm://wasm/00265406:wasm-function[554]:0x405bd   [0m
[31m    Failed! Adobe_PDF_sample_a_1024x768_50Frms.264_x.yuv Case Index 335:SHA-1(Current--Benchmark): NULL-----8eb94d8d66b521113c1550f6027da439999a6abd  [0m
[31m            ----YUVSHA1:  NULL,  9aa9a4d9598eb3e1093311826844f37c43e4c521  [0m
[31m           Aborted(Cannot enlarge memory arrays to size 19111936 bytes (OOM). Either (1) compile with -sINITIAL_MEMORY=X with X higher than the current value 16777216, (2) compile with -sALLOW_MEMORY_GROWTH which allows increasing the size at runtime, or (3) if you want malloc to return NULL (0) instead of this abort, compile with -sABORTING_MALLOC=0)
/home/test/workspace/openh264/test/encoder_binary_comparison/AllTestData/Adobe_PDF_sample_a_1024x768_50Frms.264/h264enc.js:167
      throw ex;
      ^

RuntimeError: Aborted(Cannot enlarge memory arrays to size 19111936 bytes (OOM). Either (1) compile with -sINITIAL_MEMORY=X with X higher than the current value 16777216, (2) compile with -sALLOW_MEMORY_GROWTH which allows increasing the size at runtime, or (3) if you want malloc to return NULL (0) instead of this abort, compile with -sABORTING_MALLOC=0)
    at abort (/home/test/workspace/openh264/test/encoder_binary_comparison/AllTestData/Adobe_PDF_sample_a_1024x768_50Frms.264/h264enc.js:1031:11)
    at abortOnCannotGrowMemory (/home/test/workspace/openh264/test/encoder_binary_comparison/AllTestData/Adobe_PDF_sample_a_1024x768_50Frms.264/h264enc.js:4914:7)
    at _emscripten_resize_heap (/home/test/workspace/openh264/test/encoder_binary_comparison/AllTestData/Adobe_PDF_sample_a_1024x768_50Frms.264/h264enc.js:4919:7)
    at wasm://wasm/00265406:wasm-function[1133]:0x705f0
    at wasm://wasm/00265406:wasm-function[1121]:0x6e28d
    at wasm://wasm/00265406:wasm-function[775]:0x60eb2
    at wasm://wasm/00265406:wasm-function[357]:0x2e8f3
    at wasm://wasm/00265406:wasm-function[363]:0x2f261
    at wasm://wasm/00265406:wasm-function[555]:0x407f3
    at wasm://wasm/00265406:wasm-function[554]:0x405bd   [0m
[31m    Failed! Adobe_PDF_sample_a_1024x768_50Frms.264_x.yuv Case Index 336:SHA-1(Current--Benchmark): NULL-----41c236628eee9ccce4cab24e3e665b95ee433ef1  [0m
[31m            ----YUVSHA1:  NULL,  9aa9a4d9598eb3e1093311826844f37c43e4c521  [0m
[31m           Aborted(Cannot enlarge memory arrays to size 19111936 bytes (OOM). Either (1) compile with -sINITIAL_MEMORY=X with X higher than the current value 16777216, (2) compile with -sALLOW_MEMORY_GROWTH which allows increasing the size at runtime, or (3) if you want malloc to return NULL (0) instead of this abort, compile with -sABORTING_MALLOC=0)
/home/test/workspace/openh264/test/encoder_binary_comparison/AllTestData/Adobe_PDF_sample_a_1024x768_50Frms.264/h264enc.js:167
      throw ex;
      ^

RuntimeError: Aborted(Cannot enlarge memory arrays to size 19111936 bytes (OOM). Either (1) compile with -sINITIAL_MEMORY=X with X higher than the current value 16777216, (2) compile with -sALLOW_MEMORY_GROWTH which allows increasing the size at runtime, or (3) if you want malloc to return NULL (0) instead of this abort, compile with -sABORTING_MALLOC=0)
    at abort (/home/test/workspace/openh264/test/encoder_binary_comparison/AllTestData/Adobe_PDF_sample_a_1024x768_50Frms.264/h264enc.js:1031:11)
    at abortOnCannotGrowMemory (/home/test/workspace/openh264/test/encoder_binary_comparison/AllTestData/Adobe_PDF_sample_a_1024x768_50Frms.264/h264enc.js:4914:7)
    at _emscripten_resize_heap (/home/test/workspace/openh264/test/encoder_binary_comparison/AllTestData/Adobe_PDF_sample_a_1024x768_50Frms.264/h264enc.js:4919:7)
    at wasm://wasm/00265406:wasm-function[1133]:0x705f0
    at wasm://wasm/00265406:wasm-function[1121]:0x6e28d
    at wasm://wasm/00265406:wasm-function[775]:0x60eb2
    at wasm://wasm/00265406:wasm-function[357]:0x2e8f3
    at wasm://wasm/00265406:wasm-function[363]:0x2f261
    at wasm://wasm/00265406:wasm-function[555]:0x407f3
    at wasm://wasm/00265406:wasm-function[554]:0x405bd   [0m
[31m    Failed! Adobe_PDF_sample_a_1024x768_50Frms.264_x.yuv Case Index 337:SHA-1(Current--Benchmark): NULL-----41c236628eee9ccce4cab24e3e665b95ee433ef1  [0m
[31m            ----YUVSHA1:  NULL,  9aa9a4d9598eb3e1093311826844f37c43e4c521  [0m
[31m           Aborted(Cannot enlarge memory arrays to size 19111936 bytes (OOM). Either (1) compile with -sINITIAL_MEMORY=X with X higher than the current value 16777216, (2) compile with -sALLOW_MEMORY_GROWTH which allows increasing the size at runtime, or (3) if you want malloc to return NULL (0) instead of this abort, compile with -sABORTING_MALLOC=0)
/home/test/workspace/openh264/test/encoder_binary_comparison/AllTestData/Adobe_PDF_sample_a_1024x768_50Frms.264/h264enc.js:167
      throw ex;
      ^

RuntimeError: Aborted(Cannot enlarge memory arrays to size 19111936 bytes (OOM). Either (1) compile with -sINITIAL_MEMORY=X with X higher than the current value 16777216, (2) compile with -sALLOW_MEMORY_GROWTH which allows increasing the size at runtime, or (3) if you want malloc to return NULL (0) instead of this abort, compile with -sABORTING_MALLOC=0)
    at abort (/home/test/workspace/openh264/test/encoder_binary_comparison/AllTestData/Adobe_PDF_sample_a_1024x768_50Frms.264/h264enc.js:1031:11)
    at abortOnCannotGrowMemory (/home/test/workspace/openh264/test/encoder_binary_comparison/AllTestData/Adobe_PDF_sample_a_1024x768_50Frms.264/h264enc.js:4914:7)
    at _emscripten_resize_heap (/home/test/workspace/openh264/test/encoder_binary_comparison/AllTestData/Adobe_PDF_sample_a_1024x768_50Frms.264/h264enc.js:4919:7)
    at wasm://wasm/00265406:wasm-function[1133]:0x705f0
    at wasm://wasm/00265406:wasm-function[1121]:0x6e28d
    at wasm://wasm/00265406:wasm-function[775]:0x60eb2
    at wasm://wasm/00265406:wasm-function[357]:0x2e8f3
    at wasm://wasm/00265406:wasm-function[363]:0x2f261
    at wasm://wasm/00265406:wasm-function[555]:0x407f3
    at wasm://wasm/00265406:wasm-function[554]:0x405bd   [0m
[31m    Failed! Adobe_PDF_sample_a_1024x768_50Frms.264_x.yuv Case Index 338:SHA-1(Current--Benchmark): NULL-----41c236628eee9ccce4cab24e3e665b95ee433ef1  [0m
[31m            ----YUVSHA1:  NULL,  9aa9a4d9598eb3e1093311826844f37c43e4c521  [0m
[31m           Aborted(Cannot enlarge memory arrays to size 19111936 bytes (OOM). Either (1) compile with -sINITIAL_MEMORY=X with X higher than the current value 16777216, (2) compile with -sALLOW_MEMORY_GROWTH which allows increasing the size at runtime, or (3) if you want malloc to return NULL (0) instead of this abort, compile with -sABORTING_MALLOC=0)
/home/test/workspace/openh264/test/encoder_binary_comparison/AllTestData/Adobe_PDF_sample_a_1024x768_50Frms.264/h264enc.js:167
      throw ex;
      ^

RuntimeError: Aborted(Cannot enlarge memory arrays to size 19111936 bytes (OOM). Either (1) compile with -sINITIAL_MEMORY=X with X higher than the current value 16777216, (2) compile with -sALLOW_MEMORY_GROWTH which allows increasing the size at runtime, or (3) if you want malloc to return NULL (0) instead of this abort, compile with -sABORTING_MALLOC=0)
    at abort (/home/test/workspace/openh264/test/encoder_binary_comparison/AllTestData/Adobe_PDF_sample_a_1024x768_50Frms.264/h264enc.js:1031:11)
    at abortOnCannotGrowMemory (/home/test/workspace/openh264/test/encoder_binary_comparison/AllTestData/Adobe_PDF_sample_a_1024x768_50Frms.264/h264enc.js:4914:7)
    at _emscripten_resize_heap (/home/test/workspace/openh264/test/encoder_binary_comparison/AllTestData/Adobe_PDF_sample_a_1024x768_50Frms.264/h264enc.js:4919:7)
    at wasm://wasm/00265406:wasm-function[1133]:0x705f0
    at wasm://wasm/00265406:wasm-function[1121]:0x6e28d
    at wasm://wasm/00265406:wasm-function[775]:0x60eb2
    at wasm://wasm/00265406:wasm-function[357]:0x2e8f3
    at wasm://wasm/00265406:wasm-function[363]:0x2f261
    at wasm://wasm/00265406:wasm-function[555]:0x407f3
    at wasm://wasm/00265406:wasm-function[554]:0x405bd   [0m
[31m    Failed! Adobe_PDF_sample_a_1024x768_50Frms.264_x.yuv Case Index 339:SHA-1(Current--Benchmark): NULL-----41c236628eee9ccce4cab24e3e665b95ee433ef1  [0m
[31m            ----YUVSHA1:  NULL,  9aa9a4d9598eb3e1093311826844f37c43e4c521  [0m
[31m           Aborted(Cannot enlarge memory arrays to size 19111936 bytes (OOM). Either (1) compile with -sINITIAL_MEMORY=X with X higher than the current value 16777216, (2) compile with -sALLOW_MEMORY_GROWTH which allows increasing the size at runtime, or (3) if you want malloc to return NULL (0) instead of this abort, compile with -sABORTING_MALLOC=0)
/home/test/workspace/openh264/test/encoder_binary_comparison/AllTestData/Adobe_PDF_sample_a_1024x768_50Frms.264/h264enc.js:167
      throw ex;
      ^

RuntimeError: Aborted(Cannot enlarge memory arrays to size 19111936 bytes (OOM). Either (1) compile with -sINITIAL_MEMORY=X with X higher than the current value 16777216, (2) compile with -sALLOW_MEMORY_GROWTH which allows increasing the size at runtime, or (3) if you want malloc to return NULL (0) instead of this abort, compile with -sABORTING_MALLOC=0)
    at abort (/home/test/workspace/openh264/test/encoder_binary_comparison/AllTestData/Adobe_PDF_sample_a_1024x768_50Frms.264/h264enc.js:1031:11)
    at abortOnCannotGrowMemory (/home/test/workspace/openh264/test/encoder_binary_comparison/AllTestData/Adobe_PDF_sample_a_1024x768_50Frms.264/h264enc.js:4914:7)
    at _emscripten_resize_heap (/home/test/workspace/openh264/test/encoder_binary_comparison/AllTestData/Adobe_PDF_sample_a_1024x768_50Frms.264/h264enc.js:4919:7)
    at wasm://wasm/00265406:wasm-function[1133]:0x705f0
    at wasm://wasm/00265406:wasm-function[1121]:0x6e28d
    at wasm://wasm/00265406:wasm-function[775]:0x60eb2
    at wasm://wasm/00265406:wasm-function[357]:0x2e8f3
    at wasm://wasm/00265406:wasm-function[363]:0x2f261
    at wasm://wasm/00265406:wasm-function[555]:0x407f3
    at wasm://wasm/00265406:wasm-function[554]:0x405bd   [0m
[31m    Failed! Adobe_PDF_sample_a_1024x768_50Frms.264_x.yuv Case Index 340:SHA-1(Current--Benchmark): NULL-----41c236628eee9ccce4cab24e3e665b95ee433ef1  [0m
[31m            ----YUVSHA1:  NULL,  9aa9a4d9598eb3e1093311826844f37c43e4c521  [0m
[31m           Aborted(Cannot enlarge memory arrays to size 19111936 bytes (OOM). Either (1) compile with -sINITIAL_MEMORY=X with X higher than the current value 16777216, (2) compile with -sALLOW_MEMORY_GROWTH which allows increasing the size at runtime, or (3) if you want malloc to return NULL (0) instead of this abort, compile with -sABORTING_MALLOC=0)
/home/test/workspace/openh264/test/encoder_binary_comparison/AllTestData/Adobe_PDF_sample_a_1024x768_50Frms.264/h264enc.js:167
      throw ex;
      ^

RuntimeError: Aborted(Cannot enlarge memory arrays to size 19111936 bytes (OOM). Either (1) compile with -sINITIAL_MEMORY=X with X higher than the current value 16777216, (2) compile with -sALLOW_MEMORY_GROWTH which allows increasing the size at runtime, or (3) if you want malloc to return NULL (0) instead of this abort, compile with -sABORTING_MALLOC=0)
    at abort (/home/test/workspace/openh264/test/encoder_binary_comparison/AllTestData/Adobe_PDF_sample_a_1024x768_50Frms.264/h264enc.js:1031:11)
    at abortOnCannotGrowMemory (/home/test/workspace/openh264/test/encoder_binary_comparison/AllTestData/Adobe_PDF_sample_a_1024x768_50Frms.264/h264enc.js:4914:7)
    at _emscripten_resize_heap (/home/test/workspace/openh264/test/encoder_binary_comparison/AllTestData/Adobe_PDF_sample_a_1024x768_50Frms.264/h264enc.js:4919:7)
    at wasm://wasm/00265406:wasm-function[1133]:0x705f0
    at wasm://wasm/00265406:wasm-function[1121]:0x6e28d
    at wasm://wasm/00265406:wasm-function[775]:0x60eb2
    at wasm://wasm/00265406:wasm-function[357]:0x2e8f3
    at wasm://wasm/00265406:wasm-function[363]:0x2f261
    at wasm://wasm/00265406:wasm-function[555]:0x407f3
    at wasm://wasm/00265406:wasm-function[554]:0x405bd   [0m
[31m    Failed! Adobe_PDF_sample_a_1024x768_50Frms.264_x.yuv Case Index 341:SHA-1(Current--Benchmark): NULL-----41c236628eee9ccce4cab24e3e665b95ee433ef1  [0m
[31m            ----YUVSHA1:  NULL,  9aa9a4d9598eb3e1093311826844f37c43e4c521  [0m
[31m           Aborted(Cannot enlarge memory arrays to size 19111936 bytes (OOM). Either (1) compile with -sINITIAL_MEMORY=X with X higher than the current value 16777216, (2) compile with -sALLOW_MEMORY_GROWTH which allows increasing the size at runtime, or (3) if you want malloc to return NULL (0) instead of this abort, compile with -sABORTING_MALLOC=0)
/home/test/workspace/openh264/test/encoder_binary_comparison/AllTestData/Adobe_PDF_sample_a_1024x768_50Frms.264/h264enc.js:167
      throw ex;
      ^

RuntimeError: Aborted(Cannot enlarge memory arrays to size 19111936 bytes (OOM). Either (1) compile with -sINITIAL_MEMORY=X with X higher than the current value 16777216, (2) compile with -sALLOW_MEMORY_GROWTH which allows increasing the size at runtime, or (3) if you want malloc to return NULL (0) instead of this abort, compile with -sABORTING_MALLOC=0)
    at abort (/home/test/workspace/openh264/test/encoder_binary_comparison/AllTestData/Adobe_PDF_sample_a_1024x768_50Frms.264/h264enc.js:1031:11)
    at abortOnCannotGrowMemory (/home/test/workspace/openh264/test/encoder_binary_comparison/AllTestData/Adobe_PDF_sample_a_1024x768_50Frms.264/h264enc.js:4914:7)
    at _emscripten_resize_heap (/home/test/workspace/openh264/test/encoder_binary_comparison/AllTestData/Adobe_PDF_sample_a_1024x768_50Frms.264/h264enc.js:4919:7)
    at wasm://wasm/00265406:wasm-function[1133]:0x705f0
    at wasm://wasm/00265406:wasm-function[1121]:0x6e28d
    at wasm://wasm/00265406:wasm-function[775]:0x60eb2
    at wasm://wasm/00265406:wasm-function[357]:0x2e8f3
    at wasm://wasm/00265406:wasm-function[363]:0x2f261
    at wasm://wasm/00265406:wasm-function[555]:0x407f3
    at wasm://wasm/00265406:wasm-function[554]:0x405bd   [0m
[31m    Failed! Adobe_PDF_sample_a_1024x768_50Frms.264_x.yuv Case Index 342:SHA-1(Current--Benchmark): NULL-----41c236628eee9ccce4cab24e3e665b95ee433ef1  [0m
[31m            ----YUVSHA1:  NULL,  9aa9a4d9598eb3e1093311826844f37c43e4c521  [0m
[31m           Aborted(Cannot enlarge memory arrays to size 19111936 bytes (OOM). Either (1) compile with -sINITIAL_MEMORY=X with X higher than the current value 16777216, (2) compile with -sALLOW_MEMORY_GROWTH which allows increasing the size at runtime, or (3) if you want malloc to return NULL (0) instead of this abort, compile with -sABORTING_MALLOC=0)
/home/test/workspace/openh264/test/encoder_binary_comparison/AllTestData/Adobe_PDF_sample_a_1024x768_50Frms.264/h264enc.js:167
      throw ex;
      ^

RuntimeError: Aborted(Cannot enlarge memory arrays to size 19111936 bytes (OOM). Either (1) compile with -sINITIAL_MEMORY=X with X higher than the current value 16777216, (2) compile with -sALLOW_MEMORY_GROWTH which allows increasing the size at runtime, or (3) if you want malloc to return NULL (0) instead of this abort, compile with -sABORTING_MALLOC=0)
    at abort (/home/test/workspace/openh264/test/encoder_binary_comparison/AllTestData/Adobe_PDF_sample_a_1024x768_50Frms.264/h264enc.js:1031:11)
    at abortOnCannotGrowMemory (/home/test/workspace/openh264/test/encoder_binary_comparison/AllTestData/Adobe_PDF_sample_a_1024x768_50Frms.264/h264enc.js:4914:7)
    at _emscripten_resize_heap (/home/test/workspace/openh264/test/encoder_binary_comparison/AllTestData/Adobe_PDF_sample_a_1024x768_50Frms.264/h264enc.js:4919:7)
    at wasm://wasm/00265406:wasm-function[1133]:0x705f0
    at wasm://wasm/00265406:wasm-function[1121]:0x6e28d
    at wasm://wasm/00265406:wasm-function[775]:0x60eb2
    at wasm://wasm/00265406:wasm-function[357]:0x2e8f3
    at wasm://wasm/00265406:wasm-function[363]:0x2f261
    at wasm://wasm/00265406:wasm-function[555]:0x407f3
    at wasm://wasm/00265406:wasm-function[554]:0x405bd   [0m
[31m    Failed! Adobe_PDF_sample_a_1024x768_50Frms.264_x.yuv Case Index 343:SHA-1(Current--Benchmark): NULL-----41c236628eee9ccce4cab24e3e665b95ee433ef1  [0m
[31m            ----YUVSHA1:  NULL,  9aa9a4d9598eb3e1093311826844f37c43e4c521  [0m
[31m           Aborted(Cannot enlarge memory arrays to size 19111936 bytes (OOM). Either (1) compile with -sINITIAL_MEMORY=X with X higher than the current value 16777216, (2) compile with -sALLOW_MEMORY_GROWTH which allows increasing the size at runtime, or (3) if you want malloc to return NULL (0) instead of this abort, compile with -sABORTING_MALLOC=0)
/home/test/workspace/openh264/test/encoder_binary_comparison/AllTestData/Adobe_PDF_sample_a_1024x768_50Frms.264/h264enc.js:167
      throw ex;
      ^

RuntimeError: Aborted(Cannot enlarge memory arrays to size 19111936 bytes (OOM). Either (1) compile with -sINITIAL_MEMORY=X with X higher than the current value 16777216, (2) compile with -sALLOW_MEMORY_GROWTH which allows increasing the size at runtime, or (3) if you want malloc to return NULL (0) instead of this abort, compile with -sABORTING_MALLOC=0)
    at abort (/home/test/workspace/openh264/test/encoder_binary_comparison/AllTestData/Adobe_PDF_sample_a_1024x768_50Frms.264/h264enc.js:1031:11)
    at abortOnCannotGrowMemory (/home/test/workspace/openh264/test/encoder_binary_comparison/AllTestData/Adobe_PDF_sample_a_1024x768_50Frms.264/h264enc.js:4914:7)
    at _emscripten_resize_heap (/home/test/workspace/openh264/test/encoder_binary_comparison/AllTestData/Adobe_PDF_sample_a_1024x768_50Frms.264/h264enc.js:4919:7)
    at wasm://wasm/00265406:wasm-function[1133]:0x705f0
    at wasm://wasm/00265406:wasm-function[1121]:0x6e28d
    at wasm://wasm/00265406:wasm-function[775]:0x60eb2
    at wasm://wasm/00265406:wasm-function[357]:0x2e8f3
    at wasm://wasm/00265406:wasm-function[363]:0x2f261
    at wasm://wasm/00265406:wasm-function[555]:0x407f3
    at wasm://wasm/00265406:wasm-function[554]:0x405bd   [0m
[31m    Failed! Adobe_PDF_sample_a_1024x768_50Frms.264_x.yuv Case Index 344:SHA-1(Current--Benchmark): NULL-----41c236628eee9ccce4cab24e3e665b95ee433ef1  [0m
[31m            ----YUVSHA1:  NULL,  9aa9a4d9598eb3e1093311826844f37c43e4c521  [0m
[31m           Aborted(Cannot enlarge memory arrays to size 19111936 bytes (OOM). Either (1) compile with -sINITIAL_MEMORY=X with X higher than the current value 16777216, (2) compile with -sALLOW_MEMORY_GROWTH which allows increasing the size at runtime, or (3) if you want malloc to return NULL (0) instead of this abort, compile with -sABORTING_MALLOC=0)
/home/test/workspace/openh264/test/encoder_binary_comparison/AllTestData/Adobe_PDF_sample_a_1024x768_50Frms.264/h264enc.js:167
      throw ex;
      ^

RuntimeError: Aborted(Cannot enlarge memory arrays to size 19111936 bytes (OOM). Either (1) compile with -sINITIAL_MEMORY=X with X higher than the current value 16777216, (2) compile with -sALLOW_MEMORY_GROWTH which allows increasing the size at runtime, or (3) if you want malloc to return NULL (0) instead of this abort, compile with -sABORTING_MALLOC=0)
    at abort (/home/test/workspace/openh264/test/encoder_binary_comparison/AllTestData/Adobe_PDF_sample_a_1024x768_50Frms.264/h264enc.js:1031:11)
    at abortOnCannotGrowMemory (/home/test/workspace/openh264/test/encoder_binary_comparison/AllTestData/Adobe_PDF_sample_a_1024x768_50Frms.264/h264enc.js:4914:7)
    at _emscripten_resize_heap (/home/test/workspace/openh264/test/encoder_binary_comparison/AllTestData/Adobe_PDF_sample_a_1024x768_50Frms.264/h264enc.js:4919:7)
    at wasm://wasm/00265406:wasm-function[1133]:0x705f0
    at wasm://wasm/00265406:wasm-function[1121]:0x6e28d
    at wasm://wasm/00265406:wasm-function[775]:0x60eb2
    at wasm://wasm/00265406:wasm-function[357]:0x2e8f3
    at wasm://wasm/00265406:wasm-function[363]:0x2f261
    at wasm://wasm/00265406:wasm-function[555]:0x407f3
    at wasm://wasm/00265406:wasm-function[554]:0x405bd   [0m
[31m    Failed! Adobe_PDF_sample_a_1024x768_50Frms.264_x.yuv Case Index 345:SHA-1(Current--Benchmark): NULL-----41c236628eee9ccce4cab24e3e665b95ee433ef1  [0m
[31m            ----YUVSHA1:  NULL,  9aa9a4d9598eb3e1093311826844f37c43e4c521  [0m
[31m           Aborted(Cannot enlarge memory arrays to size 19111936 bytes (OOM). Either (1) compile with -sINITIAL_MEMORY=X with X higher than the current value 16777216, (2) compile with -sALLOW_MEMORY_GROWTH which allows increasing the size at runtime, or (3) if you want malloc to return NULL (0) instead of this abort, compile with -sABORTING_MALLOC=0)
/home/test/workspace/openh264/test/encoder_binary_comparison/AllTestData/Adobe_PDF_sample_a_1024x768_50Frms.264/h264enc.js:167
      throw ex;
      ^

RuntimeError: Aborted(Cannot enlarge memory arrays to size 19111936 bytes (OOM). Either (1) compile with -sINITIAL_MEMORY=X with X higher than the current value 16777216, (2) compile with -sALLOW_MEMORY_GROWTH which allows increasing the size at runtime, or (3) if you want malloc to return NULL (0) instead of this abort, compile with -sABORTING_MALLOC=0)
    at abort (/home/test/workspace/openh264/test/encoder_binary_comparison/AllTestData/Adobe_PDF_sample_a_1024x768_50Frms.264/h264enc.js:1031:11)
    at abortOnCannotGrowMemory (/home/test/workspace/openh264/test/encoder_binary_comparison/AllTestData/Adobe_PDF_sample_a_1024x768_50Frms.264/h264enc.js:4914:7)
    at _emscripten_resize_heap (/home/test/workspace/openh264/test/encoder_binary_comparison/AllTestData/Adobe_PDF_sample_a_1024x768_50Frms.264/h264enc.js:4919:7)
    at wasm://wasm/00265406:wasm-function[1133]:0x705f0
    at wasm://wasm/00265406:wasm-function[1121]:0x6e28d
    at wasm://wasm/00265406:wasm-function[775]:0x60eb2
    at wasm://wasm/00265406:wasm-function[357]:0x2e8f3
    at wasm://wasm/00265406:wasm-function[363]:0x2f261
    at wasm://wasm/00265406:wasm-function[555]:0x407f3
    at wasm://wasm/00265406:wasm-function[554]:0x405bd   [0m
[31m    Failed! Adobe_PDF_sample_a_1024x768_50Frms.264_x.yuv Case Index 346:SHA-1(Current--Benchmark): NULL-----41c236628eee9ccce4cab24e3e665b95ee433ef1  [0m
[31m            ----YUVSHA1:  NULL,  9aa9a4d9598eb3e1093311826844f37c43e4c521  [0m
[31m           Aborted(Cannot enlarge memory arrays to size 19111936 bytes (OOM). Either (1) compile with -sINITIAL_MEMORY=X with X higher than the current value 16777216, (2) compile with -sALLOW_MEMORY_GROWTH which allows increasing the size at runtime, or (3) if you want malloc to return NULL (0) instead of this abort, compile with -sABORTING_MALLOC=0)
/home/test/workspace/openh264/test/encoder_binary_comparison/AllTestData/Adobe_PDF_sample_a_1024x768_50Frms.264/h264enc.js:167
      throw ex;
      ^

RuntimeError: Aborted(Cannot enlarge memory arrays to size 19111936 bytes (OOM). Either (1) compile with -sINITIAL_MEMORY=X with X higher than the current value 16777216, (2) compile with -sALLOW_MEMORY_GROWTH which allows increasing the size at runtime, or (3) if you want malloc to return NULL (0) instead of this abort, compile with -sABORTING_MALLOC=0)
    at abort (/home/test/workspace/openh264/test/encoder_binary_comparison/AllTestData/Adobe_PDF_sample_a_1024x768_50Frms.264/h264enc.js:1031:11)
    at abortOnCannotGrowMemory (/home/test/workspace/openh264/test/encoder_binary_comparison/AllTestData/Adobe_PDF_sample_a_1024x768_50Frms.264/h264enc.js:4914:7)
    at _emscripten_resize_heap (/home/test/workspace/openh264/test/encoder_binary_comparison/AllTestData/Adobe_PDF_sample_a_1024x768_50Frms.264/h264enc.js:4919:7)
    at wasm://wasm/00265406:wasm-function[1133]:0x705f0
    at wasm://wasm/00265406:wasm-function[1121]:0x6e28d
    at wasm://wasm/00265406:wasm-function[775]:0x60eb2
    at wasm://wasm/00265406:wasm-function[357]:0x2e8f3
    at wasm://wasm/00265406:wasm-function[363]:0x2f261
    at wasm://wasm/00265406:wasm-function[555]:0x407f3
    at wasm://wasm/00265406:wasm-function[554]:0x405bd   [0m
[31m    Failed! Adobe_PDF_sample_a_1024x768_50Frms.264_x.yuv Case Index 347:SHA-1(Current--Benchmark): NULL-----41c236628eee9ccce4cab24e3e665b95ee433ef1  [0m
[31m            ----YUVSHA1:  NULL,  9aa9a4d9598eb3e1093311826844f37c43e4c521  [0m
[31m           Aborted(Cannot enlarge memory arrays to size 19111936 bytes (OOM). Either (1) compile with -sINITIAL_MEMORY=X with X higher than the current value 16777216, (2) compile with -sALLOW_MEMORY_GROWTH which allows increasing the size at runtime, or (3) if you want malloc to return NULL (0) instead of this abort, compile with -sABORTING_MALLOC=0)
/home/test/workspace/openh264/test/encoder_binary_comparison/AllTestData/Adobe_PDF_sample_a_1024x768_50Frms.264/h264enc.js:167
      throw ex;
      ^

RuntimeError: Aborted(Cannot enlarge memory arrays to size 19111936 bytes (OOM). Either (1) compile with -sINITIAL_MEMORY=X with X higher than the current value 16777216, (2) compile with -sALLOW_MEMORY_GROWTH which allows increasing the size at runtime, or (3) if you want malloc to return NULL (0) instead of this abort, compile with -sABORTING_MALLOC=0)
    at abort (/home/test/workspace/openh264/test/encoder_binary_comparison/AllTestData/Adobe_PDF_sample_a_1024x768_50Frms.264/h264enc.js:1031:11)
    at abortOnCannotGrowMemory (/home/test/workspace/openh264/test/encoder_binary_comparison/AllTestData/Adobe_PDF_sample_a_1024x768_50Frms.264/h264enc.js:4914:7)
    at _emscripten_resize_heap (/home/test/workspace/openh264/test/encoder_binary_comparison/AllTestData/Adobe_PDF_sample_a_1024x768_50Frms.264/h264enc.js:4919:7)
    at wasm://wasm/00265406:wasm-function[1133]:0x705f0
    at wasm://wasm/00265406:wasm-function[1121]:0x6e28d
    at wasm://wasm/00265406:wasm-function[775]:0x60eb2
    at wasm://wasm/00265406:wasm-function[357]:0x2e8f3
    at wasm://wasm/00265406:wasm-function[363]:0x2f261
    at wasm://wasm/00265406:wasm-function[555]:0x407f3
    at wasm://wasm/00265406:wasm-function[554]:0x405bd   [0m
[31m    Failed! Adobe_PDF_sample_a_1024x768_50Frms.264_x.yuv Case Index 348:SHA-1(Current--Benchmark): NULL-----41c236628eee9ccce4cab24e3e665b95ee433ef1  [0m
[31m            ----YUVSHA1:  NULL,  9aa9a4d9598eb3e1093311826844f37c43e4c521  [0m
[31m           Aborted(Cannot enlarge memory arrays to size 19111936 bytes (OOM). Either (1) compile with -sINITIAL_MEMORY=X with X higher than the current value 16777216, (2) compile with -sALLOW_MEMORY_GROWTH which allows increasing the size at runtime, or (3) if you want malloc to return NULL (0) instead of this abort, compile with -sABORTING_MALLOC=0)
/home/test/workspace/openh264/test/encoder_binary_comparison/AllTestData/Adobe_PDF_sample_a_1024x768_50Frms.264/h264enc.js:167
      throw ex;
      ^

RuntimeError: Aborted(Cannot enlarge memory arrays to size 19111936 bytes (OOM). Either (1) compile with -sINITIAL_MEMORY=X with X higher than the current value 16777216, (2) compile with -sALLOW_MEMORY_GROWTH which allows increasing the size at runtime, or (3) if you want malloc to return NULL (0) instead of this abort, compile with -sABORTING_MALLOC=0)
    at abort (/home/test/workspace/openh264/test/encoder_binary_comparison/AllTestData/Adobe_PDF_sample_a_1024x768_50Frms.264/h264enc.js:1031:11)
    at abortOnCannotGrowMemory (/home/test/workspace/openh264/test/encoder_binary_comparison/AllTestData/Adobe_PDF_sample_a_1024x768_50Frms.264/h264enc.js:4914:7)
    at _emscripten_resize_heap (/home/test/workspace/openh264/test/encoder_binary_comparison/AllTestData/Adobe_PDF_sample_a_1024x768_50Frms.264/h264enc.js:4919:7)
    at wasm://wasm/00265406:wasm-function[1133]:0x705f0
    at wasm://wasm/00265406:wasm-function[1121]:0x6e28d
    at wasm://wasm/00265406:wasm-function[775]:0x60eb2
    at wasm://wasm/00265406:wasm-function[357]:0x2e8f3
    at wasm://wasm/00265406:wasm-function[363]:0x2f261
    at wasm://wasm/00265406:wasm-function[555]:0x407f3
    at wasm://wasm/00265406:wasm-function[554]:0x405bd   [0m
[31m    Failed! Adobe_PDF_sample_a_1024x768_50Frms.264_x.yuv Case Index 349:SHA-1(Current--Benchmark): NULL-----41c236628eee9ccce4cab24e3e665b95ee433ef1  [0m
[31m            ----YUVSHA1:  NULL,  9aa9a4d9598eb3e1093311826844f37c43e4c521  [0m
[31m           Aborted(Cannot enlarge memory arrays to size 19111936 bytes (OOM). Either (1) compile with -sINITIAL_MEMORY=X with X higher than the current value 16777216, (2) compile with -sALLOW_MEMORY_GROWTH which allows increasing the size at runtime, or (3) if you want malloc to return NULL (0) instead of this abort, compile with -sABORTING_MALLOC=0)
/home/test/workspace/openh264/test/encoder_binary_comparison/AllTestData/Adobe_PDF_sample_a_1024x768_50Frms.264/h264enc.js:167
      throw ex;
      ^

RuntimeError: Aborted(Cannot enlarge memory arrays to size 19111936 bytes (OOM). Either (1) compile with -sINITIAL_MEMORY=X with X higher than the current value 16777216, (2) compile with -sALLOW_MEMORY_GROWTH which allows increasing the size at runtime, or (3) if you want malloc to return NULL (0) instead of this abort, compile with -sABORTING_MALLOC=0)
    at abort (/home/test/workspace/openh264/test/encoder_binary_comparison/AllTestData/Adobe_PDF_sample_a_1024x768_50Frms.264/h264enc.js:1031:11)
    at abortOnCannotGrowMemory (/home/test/workspace/openh264/test/encoder_binary_comparison/AllTestData/Adobe_PDF_sample_a_1024x768_50Frms.264/h264enc.js:4914:7)
    at _emscripten_resize_heap (/home/test/workspace/openh264/test/encoder_binary_comparison/AllTestData/Adobe_PDF_sample_a_1024x768_50Frms.264/h264enc.js:4919:7)
    at wasm://wasm/00265406:wasm-function[1133]:0x705f0
    at wasm://wasm/00265406:wasm-function[1121]:0x6e28d
    at wasm://wasm/00265406:wasm-function[775]:0x60eb2
    at wasm://wasm/00265406:wasm-function[357]:0x2e8f3
    at wasm://wasm/00265406:wasm-function[363]:0x2f261
    at wasm://wasm/00265406:wasm-function[555]:0x407f3
    at wasm://wasm/00265406:wasm-function[554]:0x405bd   [0m
[31m    Failed! Adobe_PDF_sample_a_1024x768_50Frms.264_x.yuv Case Index 350:SHA-1(Current--Benchmark): NULL-----41c236628eee9ccce4cab24e3e665b95ee433ef1  [0m
[31m            ----YUVSHA1:  NULL,  9aa9a4d9598eb3e1093311826844f37c43e4c521  [0m
[31m           Aborted(Cannot enlarge memory arrays to size 19111936 bytes (OOM). Either (1) compile with -sINITIAL_MEMORY=X with X higher than the current value 16777216, (2) compile with -sALLOW_MEMORY_GROWTH which allows increasing the size at runtime, or (3) if you want malloc to return NULL (0) instead of this abort, compile with -sABORTING_MALLOC=0)
/home/test/workspace/openh264/test/encoder_binary_comparison/AllTestData/Adobe_PDF_sample_a_1024x768_50Frms.264/h264enc.js:167
      throw ex;
      ^

RuntimeError: Aborted(Cannot enlarge memory arrays to size 19111936 bytes (OOM). Either (1) compile with -sINITIAL_MEMORY=X with X higher than the current value 16777216, (2) compile with -sALLOW_MEMORY_GROWTH which allows increasing the size at runtime, or (3) if you want malloc to return NULL (0) instead of this abort, compile with -sABORTING_MALLOC=0)
    at abort (/home/test/workspace/openh264/test/encoder_binary_comparison/AllTestData/Adobe_PDF_sample_a_1024x768_50Frms.264/h264enc.js:1031:11)
    at abortOnCannotGrowMemory (/home/test/workspace/openh264/test/encoder_binary_comparison/AllTestData/Adobe_PDF_sample_a_1024x768_50Frms.264/h264enc.js:4914:7)
    at _emscripten_resize_heap (/home/test/workspace/openh264/test/encoder_binary_comparison/AllTestData/Adobe_PDF_sample_a_1024x768_50Frms.264/h264enc.js:4919:7)
    at wasm://wasm/00265406:wasm-function[1133]:0x705f0
    at wasm://wasm/00265406:wasm-function[1121]:0x6e28d
    at wasm://wasm/00265406:wasm-function[775]:0x60eb2
    at wasm://wasm/00265406:wasm-function[357]:0x2e8f3
    at wasm://wasm/00265406:wasm-function[363]:0x2f261
    at wasm://wasm/00265406:wasm-function[555]:0x407f3
    at wasm://wasm/00265406:wasm-function[554]:0x405bd   [0m
[31m    Failed! Adobe_PDF_sample_a_1024x768_50Frms.264_x.yuv Case Index 351:SHA-1(Current--Benchmark): NULL-----41c236628eee9ccce4cab24e3e665b95ee433ef1  [0m
[31m            ----YUVSHA1:  NULL,  9aa9a4d9598eb3e1093311826844f37c43e4c521  [0m
[31m           Aborted(Cannot enlarge memory arrays to size 19111936 bytes (OOM). Either (1) compile with -sINITIAL_MEMORY=X with X higher than the current value 16777216, (2) compile with -sALLOW_MEMORY_GROWTH which allows increasing the size at runtime, or (3) if you want malloc to return NULL (0) instead of this abort, compile with -sABORTING_MALLOC=0)
/home/test/workspace/openh264/test/encoder_binary_comparison/AllTestData/Adobe_PDF_sample_a_1024x768_50Frms.264/h264enc.js:167
      throw ex;
      ^

RuntimeError: Aborted(Cannot enlarge memory arrays to size 19111936 bytes (OOM). Either (1) compile with -sINITIAL_MEMORY=X with X higher than the current value 16777216, (2) compile with -sALLOW_MEMORY_GROWTH which allows increasing the size at runtime, or (3) if you want malloc to return NULL (0) instead of this abort, compile with -sABORTING_MALLOC=0)
    at abort (/home/test/workspace/openh264/test/encoder_binary_comparison/AllTestData/Adobe_PDF_sample_a_1024x768_50Frms.264/h264enc.js:1031:11)
    at abortOnCannotGrowMemory (/home/test/workspace/openh264/test/encoder_binary_comparison/AllTestData/Adobe_PDF_sample_a_1024x768_50Frms.264/h264enc.js:4914:7)
    at _emscripten_resize_heap (/home/test/workspace/openh264/test/encoder_binary_comparison/AllTestData/Adobe_PDF_sample_a_1024x768_50Frms.264/h264enc.js:4919:7)
    at wasm://wasm/00265406:wasm-function[1133]:0x705f0
    at wasm://wasm/00265406:wasm-function[1121]:0x6e28d
    at wasm://wasm/00265406:wasm-function[775]:0x60eb2
    at wasm://wasm/00265406:wasm-function[357]:0x2e8f3
    at wasm://wasm/00265406:wasm-function[363]:0x2f261
    at wasm://wasm/00265406:wasm-function[555]:0x407f3
    at wasm://wasm/00265406:wasm-function[554]:0x405bd   [0m
[31m    Failed! Adobe_PDF_sample_a_1024x768_50Frms.264_x.yuv Case Index 352:SHA-1(Current--Benchmark): NULL-----41c236628eee9ccce4cab24e3e665b95ee433ef1  [0m
[31m            ----YUVSHA1:  NULL,  9aa9a4d9598eb3e1093311826844f37c43e4c521  [0m
[31m           Aborted(Cannot enlarge memory arrays to size 19111936 bytes (OOM). Either (1) compile with -sINITIAL_MEMORY=X with X higher than the current value 16777216, (2) compile with -sALLOW_MEMORY_GROWTH which allows increasing the size at runtime, or (3) if you want malloc to return NULL (0) instead of this abort, compile with -sABORTING_MALLOC=0)
/home/test/workspace/openh264/test/encoder_binary_comparison/AllTestData/Adobe_PDF_sample_a_1024x768_50Frms.264/h264enc.js:167
      throw ex;
      ^

RuntimeError: Aborted(Cannot enlarge memory arrays to size 19111936 bytes (OOM). Either (1) compile with -sINITIAL_MEMORY=X with X higher than the current value 16777216, (2) compile with -sALLOW_MEMORY_GROWTH which allows increasing the size at runtime, or (3) if you want malloc to return NULL (0) instead of this abort, compile with -sABORTING_MALLOC=0)
    at abort (/home/test/workspace/openh264/test/encoder_binary_comparison/AllTestData/Adobe_PDF_sample_a_1024x768_50Frms.264/h264enc.js:1031:11)
    at abortOnCannotGrowMemory (/home/test/workspace/openh264/test/encoder_binary_comparison/AllTestData/Adobe_PDF_sample_a_1024x768_50Frms.264/h264enc.js:4914:7)
    at _emscripten_resize_heap (/home/test/workspace/openh264/test/encoder_binary_comparison/AllTestData/Adobe_PDF_sample_a_1024x768_50Frms.264/h264enc.js:4919:7)
    at wasm://wasm/00265406:wasm-function[1133]:0x705f0
    at wasm://wasm/00265406:wasm-function[1121]:0x6e28d
    at wasm://wasm/00265406:wasm-function[775]:0x60eb2
    at wasm://wasm/00265406:wasm-function[357]:0x2e8f3
    at wasm://wasm/00265406:wasm-function[363]:0x2f261
    at wasm://wasm/00265406:wasm-function[555]:0x407f3
    at wasm://wasm/00265406:wasm-function[554]:0x405bd   [0m
[31m    Failed! Adobe_PDF_sample_a_1024x768_50Frms.264_x.yuv Case Index 353:SHA-1(Current--Benchmark): NULL-----41c236628eee9ccce4cab24e3e665b95ee433ef1  [0m
[31m            ----YUVSHA1:  NULL,  9aa9a4d9598eb3e1093311826844f37c43e4c521  [0m
[31m           Aborted(Cannot enlarge memory arrays to size 19111936 bytes (OOM). Either (1) compile with -sINITIAL_MEMORY=X with X higher than the current value 16777216, (2) compile with -sALLOW_MEMORY_GROWTH which allows increasing the size at runtime, or (3) if you want malloc to return NULL (0) instead of this abort, compile with -sABORTING_MALLOC=0)
/home/test/workspace/openh264/test/encoder_binary_comparison/AllTestData/Adobe_PDF_sample_a_1024x768_50Frms.264/h264enc.js:167
      throw ex;
      ^

RuntimeError: Aborted(Cannot enlarge memory arrays to size 19111936 bytes (OOM). Either (1) compile with -sINITIAL_MEMORY=X with X higher than the current value 16777216, (2) compile with -sALLOW_MEMORY_GROWTH which allows increasing the size at runtime, or (3) if you want malloc to return NULL (0) instead of this abort, compile with -sABORTING_MALLOC=0)
    at abort (/home/test/workspace/openh264/test/encoder_binary_comparison/AllTestData/Adobe_PDF_sample_a_1024x768_50Frms.264/h264enc.js:1031:11)
    at abortOnCannotGrowMemory (/home/test/workspace/openh264/test/encoder_binary_comparison/AllTestData/Adobe_PDF_sample_a_1024x768_50Frms.264/h264enc.js:4914:7)
    at _emscripten_resize_heap (/home/test/workspace/openh264/test/encoder_binary_comparison/AllTestData/Adobe_PDF_sample_a_1024x768_50Frms.264/h264enc.js:4919:7)
    at wasm://wasm/00265406:wasm-function[1133]:0x705f0
    at wasm://wasm/00265406:wasm-function[1121]:0x6e28d
    at wasm://wasm/00265406:wasm-function[775]:0x60eb2
    at wasm://wasm/00265406:wasm-function[357]:0x2e8f3
    at wasm://wasm/00265406:wasm-function[363]:0x2f261
    at wasm://wasm/00265406:wasm-function[555]:0x407f3
    at wasm://wasm/00265406:wasm-function[554]:0x405bd   [0m
[31m    Failed! Adobe_PDF_sample_a_1024x768_50Frms.264_x.yuv Case Index 354:SHA-1(Current--Benchmark): NULL-----41c236628eee9ccce4cab24e3e665b95ee433ef1  [0m
[31m            ----YUVSHA1:  NULL,  9aa9a4d9598eb3e1093311826844f37c43e4c521  [0m
[31m           Aborted(Cannot enlarge memory arrays to size 19111936 bytes (OOM). Either (1) compile with -sINITIAL_MEMORY=X with X higher than the current value 16777216, (2) compile with -sALLOW_MEMORY_GROWTH which allows increasing the size at runtime, or (3) if you want malloc to return NULL (0) instead of this abort, compile with -sABORTING_MALLOC=0)
/home/test/workspace/openh264/test/encoder_binary_comparison/AllTestData/Adobe_PDF_sample_a_1024x768_50Frms.264/h264enc.js:167
      throw ex;
      ^

RuntimeError: Aborted(Cannot enlarge memory arrays to size 19111936 bytes (OOM). Either (1) compile with -sINITIAL_MEMORY=X with X higher than the current value 16777216, (2) compile with -sALLOW_MEMORY_GROWTH which allows increasing the size at runtime, or (3) if you want malloc to return NULL (0) instead of this abort, compile with -sABORTING_MALLOC=0)
    at abort (/home/test/workspace/openh264/test/encoder_binary_comparison/AllTestData/Adobe_PDF_sample_a_1024x768_50Frms.264/h264enc.js:1031:11)
    at abortOnCannotGrowMemory (/home/test/workspace/openh264/test/encoder_binary_comparison/AllTestData/Adobe_PDF_sample_a_1024x768_50Frms.264/h264enc.js:4914:7)
    at _emscripten_resize_heap (/home/test/workspace/openh264/test/encoder_binary_comparison/AllTestData/Adobe_PDF_sample_a_1024x768_50Frms.264/h264enc.js:4919:7)
    at wasm://wasm/00265406:wasm-function[1133]:0x705f0
    at wasm://wasm/00265406:wasm-function[1121]:0x6e28d
    at wasm://wasm/00265406:wasm-function[775]:0x60eb2
    at wasm://wasm/00265406:wasm-function[357]:0x2e8f3
    at wasm://wasm/00265406:wasm-function[363]:0x2f261
    at wasm://wasm/00265406:wasm-function[555]:0x407f3
    at wasm://wasm/00265406:wasm-function[554]:0x405bd   [0m
[31m    Failed! Adobe_PDF_sample_a_1024x768_50Frms.264_x.yuv Case Index 355:SHA-1(Current--Benchmark): NULL-----41c236628eee9ccce4cab24e3e665b95ee433ef1  [0m
[31m            ----YUVSHA1:  NULL,  9aa9a4d9598eb3e1093311826844f37c43e4c521  [0m
[31m           Aborted(Cannot enlarge memory arrays to size 19111936 bytes (OOM). Either (1) compile with -sINITIAL_MEMORY=X with X higher than the current value 16777216, (2) compile with -sALLOW_MEMORY_GROWTH which allows increasing the size at runtime, or (3) if you want malloc to return NULL (0) instead of this abort, compile with -sABORTING_MALLOC=0)
/home/test/workspace/openh264/test/encoder_binary_comparison/AllTestData/Adobe_PDF_sample_a_1024x768_50Frms.264/h264enc.js:167
      throw ex;
      ^

RuntimeError: Aborted(Cannot enlarge memory arrays to size 19111936 bytes (OOM). Either (1) compile with -sINITIAL_MEMORY=X with X higher than the current value 16777216, (2) compile with -sALLOW_MEMORY_GROWTH which allows increasing the size at runtime, or (3) if you want malloc to return NULL (0) instead of this abort, compile with -sABORTING_MALLOC=0)
    at abort (/home/test/workspace/openh264/test/encoder_binary_comparison/AllTestData/Adobe_PDF_sample_a_1024x768_50Frms.264/h264enc.js:1031:11)
    at abortOnCannotGrowMemory (/home/test/workspace/openh264/test/encoder_binary_comparison/AllTestData/Adobe_PDF_sample_a_1024x768_50Frms.264/h264enc.js:4914:7)
    at _emscripten_resize_heap (/home/test/workspace/openh264/test/encoder_binary_comparison/AllTestData/Adobe_PDF_sample_a_1024x768_50Frms.264/h264enc.js:4919:7)
    at wasm://wasm/00265406:wasm-function[1133]:0x705f0
    at wasm://wasm/00265406:wasm-function[1121]:0x6e28d
    at wasm://wasm/00265406:wasm-function[775]:0x60eb2
    at wasm://wasm/00265406:wasm-function[357]:0x2e8f3
    at wasm://wasm/00265406:wasm-function[363]:0x2f261
    at wasm://wasm/00265406:wasm-function[555]:0x407f3
    at wasm://wasm/00265406:wasm-function[554]:0x405bd   [0m
[31m    Failed! Adobe_PDF_sample_a_1024x768_50Frms.264_x.yuv Case Index 356:SHA-1(Current--Benchmark): NULL-----41c236628eee9ccce4cab24e3e665b95ee433ef1  [0m
[31m            ----YUVSHA1:  NULL,  9aa9a4d9598eb3e1093311826844f37c43e4c521  [0m
[31m           Aborted(Cannot enlarge memory arrays to size 19111936 bytes (OOM). Either (1) compile with -sINITIAL_MEMORY=X with X higher than the current value 16777216, (2) compile with -sALLOW_MEMORY_GROWTH which allows increasing the size at runtime, or (3) if you want malloc to return NULL (0) instead of this abort, compile with -sABORTING_MALLOC=0)
/home/test/workspace/openh264/test/encoder_binary_comparison/AllTestData/Adobe_PDF_sample_a_1024x768_50Frms.264/h264enc.js:167
      throw ex;
      ^

RuntimeError: Aborted(Cannot enlarge memory arrays to size 19111936 bytes (OOM). Either (1) compile with -sINITIAL_MEMORY=X with X higher than the current value 16777216, (2) compile with -sALLOW_MEMORY_GROWTH which allows increasing the size at runtime, or (3) if you want malloc to return NULL (0) instead of this abort, compile with -sABORTING_MALLOC=0)
    at abort (/home/test/workspace/openh264/test/encoder_binary_comparison/AllTestData/Adobe_PDF_sample_a_1024x768_50Frms.264/h264enc.js:1031:11)
    at abortOnCannotGrowMemory (/home/test/workspace/openh264/test/encoder_binary_comparison/AllTestData/Adobe_PDF_sample_a_1024x768_50Frms.264/h264enc.js:4914:7)
    at _emscripten_resize_heap (/home/test/workspace/openh264/test/encoder_binary_comparison/AllTestData/Adobe_PDF_sample_a_1024x768_50Frms.264/h264enc.js:4919:7)
    at wasm://wasm/00265406:wasm-function[1133]:0x705f0
    at wasm://wasm/00265406:wasm-function[1121]:0x6e28d
    at wasm://wasm/00265406:wasm-function[775]:0x60eb2
    at wasm://wasm/00265406:wasm-function[357]:0x2e8f3
    at wasm://wasm/00265406:wasm-function[363]:0x2f261
    at wasm://wasm/00265406:wasm-function[555]:0x407f3
    at wasm://wasm/00265406:wasm-function[554]:0x405bd   [0m
[31m    Failed! Adobe_PDF_sample_a_1024x768_50Frms.264_x.yuv Case Index 357:SHA-1(Current--Benchmark): NULL-----41c236628eee9ccce4cab24e3e665b95ee433ef1  [0m
[31m            ----YUVSHA1:  NULL,  9aa9a4d9598eb3e1093311826844f37c43e4c521  [0m
[31m           Aborted(Cannot enlarge memory arrays to size 19111936 bytes (OOM). Either (1) compile with -sINITIAL_MEMORY=X with X higher than the current value 16777216, (2) compile with -sALLOW_MEMORY_GROWTH which allows increasing the size at runtime, or (3) if you want malloc to return NULL (0) instead of this abort, compile with -sABORTING_MALLOC=0)
/home/test/workspace/openh264/test/encoder_binary_comparison/AllTestData/Adobe_PDF_sample_a_1024x768_50Frms.264/h264enc.js:167
      throw ex;
      ^

RuntimeError: Aborted(Cannot enlarge memory arrays to size 19111936 bytes (OOM). Either (1) compile with -sINITIAL_MEMORY=X with X higher than the current value 16777216, (2) compile with -sALLOW_MEMORY_GROWTH which allows increasing the size at runtime, or (3) if you want malloc to return NULL (0) instead of this abort, compile with -sABORTING_MALLOC=0)
    at abort (/home/test/workspace/openh264/test/encoder_binary_comparison/AllTestData/Adobe_PDF_sample_a_1024x768_50Frms.264/h264enc.js:1031:11)
    at abortOnCannotGrowMemory (/home/test/workspace/openh264/test/encoder_binary_comparison/AllTestData/Adobe_PDF_sample_a_1024x768_50Frms.264/h264enc.js:4914:7)
    at _emscripten_resize_heap (/home/test/workspace/openh264/test/encoder_binary_comparison/AllTestData/Adobe_PDF_sample_a_1024x768_50Frms.264/h264enc.js:4919:7)
    at wasm://wasm/00265406:wasm-function[1133]:0x705f0
    at wasm://wasm/00265406:wasm-function[1121]:0x6e28d
    at wasm://wasm/00265406:wasm-function[775]:0x60eb2
    at wasm://wasm/00265406:wasm-function[357]:0x2e8f3
    at wasm://wasm/00265406:wasm-function[363]:0x2f261
    at wasm://wasm/00265406:wasm-function[555]:0x407f3
    at wasm://wasm/00265406:wasm-function[554]:0x405bd   [0m
[31m    Failed! Adobe_PDF_sample_a_1024x768_50Frms.264_x.yuv Case Index 358:SHA-1(Current--Benchmark): NULL-----41c236628eee9ccce4cab24e3e665b95ee433ef1  [0m
[31m            ----YUVSHA1:  NULL,  9aa9a4d9598eb3e1093311826844f37c43e4c521  [0m
[31m           Aborted(Cannot enlarge memory arrays to size 19111936 bytes (OOM). Either (1) compile with -sINITIAL_MEMORY=X with X higher than the current value 16777216, (2) compile with -sALLOW_MEMORY_GROWTH which allows increasing the size at runtime, or (3) if you want malloc to return NULL (0) instead of this abort, compile with -sABORTING_MALLOC=0)
/home/test/workspace/openh264/test/encoder_binary_comparison/AllTestData/Adobe_PDF_sample_a_1024x768_50Frms.264/h264enc.js:167
      throw ex;
      ^

RuntimeError: Aborted(Cannot enlarge memory arrays to size 19111936 bytes (OOM). Either (1) compile with -sINITIAL_MEMORY=X with X higher than the current value 16777216, (2) compile with -sALLOW_MEMORY_GROWTH which allows increasing the size at runtime, or (3) if you want malloc to return NULL (0) instead of this abort, compile with -sABORTING_MALLOC=0)
    at abort (/home/test/workspace/openh264/test/encoder_binary_comparison/AllTestData/Adobe_PDF_sample_a_1024x768_50Frms.264/h264enc.js:1031:11)
    at abortOnCannotGrowMemory (/home/test/workspace/openh264/test/encoder_binary_comparison/AllTestData/Adobe_PDF_sample_a_1024x768_50Frms.264/h264enc.js:4914:7)
    at _emscripten_resize_heap (/home/test/workspace/openh264/test/encoder_binary_comparison/AllTestData/Adobe_PDF_sample_a_1024x768_50Frms.264/h264enc.js:4919:7)
    at wasm://wasm/00265406:wasm-function[1133]:0x705f0
    at wasm://wasm/00265406:wasm-function[1121]:0x6e28d
    at wasm://wasm/00265406:wasm-function[775]:0x60eb2
    at wasm://wasm/00265406:wasm-function[357]:0x2e8f3
    at wasm://wasm/00265406:wasm-function[363]:0x2f261
    at wasm://wasm/00265406:wasm-function[555]:0x407f3
    at wasm://wasm/00265406:wasm-function[554]:0x405bd   [0m
[31m    Failed! Adobe_PDF_sample_a_1024x768_50Frms.264_x.yuv Case Index 359:SHA-1(Current--Benchmark): NULL-----41c236628eee9ccce4cab24e3e665b95ee433ef1  [0m
[31m            ----YUVSHA1:  NULL,  9aa9a4d9598eb3e1093311826844f37c43e4c521  [0m
[31m           Aborted(Cannot enlarge memory arrays to size 19111936 bytes (OOM). Either (1) compile with -sINITIAL_MEMORY=X with X higher than the current value 16777216, (2) compile with -sALLOW_MEMORY_GROWTH which allows increasing the size at runtime, or (3) if you want malloc to return NULL (0) instead of this abort, compile with -sABORTING_MALLOC=0)
/home/test/workspace/openh264/test/encoder_binary_comparison/AllTestData/Adobe_PDF_sample_a_1024x768_50Frms.264/h264enc.js:167
      throw ex;
      ^

RuntimeError: Aborted(Cannot enlarge memory arrays to size 19111936 bytes (OOM). Either (1) compile with -sINITIAL_MEMORY=X with X higher than the current value 16777216, (2) compile with -sALLOW_MEMORY_GROWTH which allows increasing the size at runtime, or (3) if you want malloc to return NULL (0) instead of this abort, compile with -sABORTING_MALLOC=0)
    at abort (/home/test/workspace/openh264/test/encoder_binary_comparison/AllTestData/Adobe_PDF_sample_a_1024x768_50Frms.264/h264enc.js:1031:11)
    at abortOnCannotGrowMemory (/home/test/workspace/openh264/test/encoder_binary_comparison/AllTestData/Adobe_PDF_sample_a_1024x768_50Frms.264/h264enc.js:4914:7)
    at _emscripten_resize_heap (/home/test/workspace/openh264/test/encoder_binary_comparison/AllTestData/Adobe_PDF_sample_a_1024x768_50Frms.264/h264enc.js:4919:7)
    at wasm://wasm/00265406:wasm-function[1133]:0x705f0
    at wasm://wasm/00265406:wasm-function[1121]:0x6e28d
    at wasm://wasm/00265406:wasm-function[775]:0x60eb2
    at wasm://wasm/00265406:wasm-function[357]:0x2e8f3
    at wasm://wasm/00265406:wasm-function[363]:0x2f261
    at wasm://wasm/00265406:wasm-function[555]:0x407f3
    at wasm://wasm/00265406:wasm-function[554]:0x405bd   [0m
[31m    Failed! Adobe_PDF_sample_a_1024x768_50Frms.264_x.yuv Case Index 360:SHA-1(Current--Benchmark): NULL-----41c236628eee9ccce4cab24e3e665b95ee433ef1  [0m
[31m            ----YUVSHA1:  NULL,  9aa9a4d9598eb3e1093311826844f37c43e4c521  [0m
[31m           Aborted(Cannot enlarge memory arrays to size 19111936 bytes (OOM). Either (1) compile with -sINITIAL_MEMORY=X with X higher than the current value 16777216, (2) compile with -sALLOW_MEMORY_GROWTH which allows increasing the size at runtime, or (3) if you want malloc to return NULL (0) instead of this abort, compile with -sABORTING_MALLOC=0)
/home/test/workspace/openh264/test/encoder_binary_comparison/AllTestData/Adobe_PDF_sample_a_1024x768_50Frms.264/h264enc.js:167
      throw ex;
      ^

RuntimeError: Aborted(Cannot enlarge memory arrays to size 19111936 bytes (OOM). Either (1) compile with -sINITIAL_MEMORY=X with X higher than the current value 16777216, (2) compile with -sALLOW_MEMORY_GROWTH which allows increasing the size at runtime, or (3) if you want malloc to return NULL (0) instead of this abort, compile with -sABORTING_MALLOC=0)
    at abort (/home/test/workspace/openh264/test/encoder_binary_comparison/AllTestData/Adobe_PDF_sample_a_1024x768_50Frms.264/h264enc.js:1031:11)
    at abortOnCannotGrowMemory (/home/test/workspace/openh264/test/encoder_binary_comparison/AllTestData/Adobe_PDF_sample_a_1024x768_50Frms.264/h264enc.js:4914:7)
    at _emscripten_resize_heap (/home/test/workspace/openh264/test/encoder_binary_comparison/AllTestData/Adobe_PDF_sample_a_1024x768_50Frms.264/h264enc.js:4919:7)
    at wasm://wasm/00265406:wasm-function[1133]:0x705f0
    at wasm://wasm/00265406:wasm-function[1121]:0x6e28d
    at wasm://wasm/00265406:wasm-function[775]:0x60eb2
    at wasm://wasm/00265406:wasm-function[357]:0x2e8f3
    at wasm://wasm/00265406:wasm-function[363]:0x2f261
    at wasm://wasm/00265406:wasm-function[555]:0x407f3
    at wasm://wasm/00265406:wasm-function[554]:0x405bd   [0m
[31m    Failed! Adobe_PDF_sample_a_1024x768_50Frms.264_x.yuv Case Index 361:SHA-1(Current--Benchmark): NULL-----41c236628eee9ccce4cab24e3e665b95ee433ef1  [0m
[31m            ----YUVSHA1:  NULL,  9aa9a4d9598eb3e1093311826844f37c43e4c521  [0m
[31m           Aborted(Cannot enlarge memory arrays to size 19111936 bytes (OOM). Either (1) compile with -sINITIAL_MEMORY=X with X higher than the current value 16777216, (2) compile with -sALLOW_MEMORY_GROWTH which allows increasing the size at runtime, or (3) if you want malloc to return NULL (0) instead of this abort, compile with -sABORTING_MALLOC=0)
/home/test/workspace/openh264/test/encoder_binary_comparison/AllTestData/Adobe_PDF_sample_a_1024x768_50Frms.264/h264enc.js:167
      throw ex;
      ^

RuntimeError: Aborted(Cannot enlarge memory arrays to size 19111936 bytes (OOM). Either (1) compile with -sINITIAL_MEMORY=X with X higher than the current value 16777216, (2) compile with -sALLOW_MEMORY_GROWTH which allows increasing the size at runtime, or (3) if you want malloc to return NULL (0) instead of this abort, compile with -sABORTING_MALLOC=0)
    at abort (/home/test/workspace/openh264/test/encoder_binary_comparison/AllTestData/Adobe_PDF_sample_a_1024x768_50Frms.264/h264enc.js:1031:11)
    at abortOnCannotGrowMemory (/home/test/workspace/openh264/test/encoder_binary_comparison/AllTestData/Adobe_PDF_sample_a_1024x768_50Frms.264/h264enc.js:4914:7)
    at _emscripten_resize_heap (/home/test/workspace/openh264/test/encoder_binary_comparison/AllTestData/Adobe_PDF_sample_a_1024x768_50Frms.264/h264enc.js:4919:7)
    at wasm://wasm/00265406:wasm-function[1133]:0x705f0
    at wasm://wasm/00265406:wasm-function[1121]:0x6e28d
    at wasm://wasm/00265406:wasm-function[775]:0x60eb2
    at wasm://wasm/00265406:wasm-function[357]:0x2e8f3
    at wasm://wasm/00265406:wasm-function[363]:0x2f261
    at wasm://wasm/00265406:wasm-function[555]:0x407f3
    at wasm://wasm/00265406:wasm-function[554]:0x405bd   [0m
[31m    Failed! Adobe_PDF_sample_a_1024x768_50Frms.264_x.yuv Case Index 362:SHA-1(Current--Benchmark): NULL-----41c236628eee9ccce4cab24e3e665b95ee433ef1  [0m
[31m            ----YUVSHA1:  NULL,  9aa9a4d9598eb3e1093311826844f37c43e4c521  [0m
[31m           Aborted(Cannot enlarge memory arrays to size 19111936 bytes (OOM). Either (1) compile with -sINITIAL_MEMORY=X with X higher than the current value 16777216, (2) compile with -sALLOW_MEMORY_GROWTH which allows increasing the size at runtime, or (3) if you want malloc to return NULL (0) instead of this abort, compile with -sABORTING_MALLOC=0)
/home/test/workspace/openh264/test/encoder_binary_comparison/AllTestData/Adobe_PDF_sample_a_1024x768_50Frms.264/h264enc.js:167
      throw ex;
      ^

RuntimeError: Aborted(Cannot enlarge memory arrays to size 19111936 bytes (OOM). Either (1) compile with -sINITIAL_MEMORY=X with X higher than the current value 16777216, (2) compile with -sALLOW_MEMORY_GROWTH which allows increasing the size at runtime, or (3) if you want malloc to return NULL (0) instead of this abort, compile with -sABORTING_MALLOC=0)
    at abort (/home/test/workspace/openh264/test/encoder_binary_comparison/AllTestData/Adobe_PDF_sample_a_1024x768_50Frms.264/h264enc.js:1031:11)
    at abortOnCannotGrowMemory (/home/test/workspace/openh264/test/encoder_binary_comparison/AllTestData/Adobe_PDF_sample_a_1024x768_50Frms.264/h264enc.js:4914:7)
    at _emscripten_resize_heap (/home/test/workspace/openh264/test/encoder_binary_comparison/AllTestData/Adobe_PDF_sample_a_1024x768_50Frms.264/h264enc.js:4919:7)
    at wasm://wasm/00265406:wasm-function[1133]:0x705f0
    at wasm://wasm/00265406:wasm-function[1121]:0x6e28d
    at wasm://wasm/00265406:wasm-function[775]:0x60eb2
    at wasm://wasm/00265406:wasm-function[357]:0x2e8f3
    at wasm://wasm/00265406:wasm-function[363]:0x2f261
    at wasm://wasm/00265406:wasm-function[555]:0x407f3
    at wasm://wasm/00265406:wasm-function[554]:0x405bd   [0m
[31m    Failed! Adobe_PDF_sample_a_1024x768_50Frms.264_x.yuv Case Index 363:SHA-1(Current--Benchmark): NULL-----41c236628eee9ccce4cab24e3e665b95ee433ef1  [0m
[31m            ----YUVSHA1:  NULL,  9aa9a4d9598eb3e1093311826844f37c43e4c521  [0m
[31m           Aborted(Cannot enlarge memory arrays to size 19111936 bytes (OOM). Either (1) compile with -sINITIAL_MEMORY=X with X higher than the current value 16777216, (2) compile with -sALLOW_MEMORY_GROWTH which allows increasing the size at runtime, or (3) if you want malloc to return NULL (0) instead of this abort, compile with -sABORTING_MALLOC=0)
/home/test/workspace/openh264/test/encoder_binary_comparison/AllTestData/Adobe_PDF_sample_a_1024x768_50Frms.264/h264enc.js:167
      throw ex;
      ^

RuntimeError: Aborted(Cannot enlarge memory arrays to size 19111936 bytes (OOM). Either (1) compile with -sINITIAL_MEMORY=X with X higher than the current value 16777216, (2) compile with -sALLOW_MEMORY_GROWTH which allows increasing the size at runtime, or (3) if you want malloc to return NULL (0) instead of this abort, compile with -sABORTING_MALLOC=0)
    at abort (/home/test/workspace/openh264/test/encoder_binary_comparison/AllTestData/Adobe_PDF_sample_a_1024x768_50Frms.264/h264enc.js:1031:11)
    at abortOnCannotGrowMemory (/home/test/workspace/openh264/test/encoder_binary_comparison/AllTestData/Adobe_PDF_sample_a_1024x768_50Frms.264/h264enc.js:4914:7)
    at _emscripten_resize_heap (/home/test/workspace/openh264/test/encoder_binary_comparison/AllTestData/Adobe_PDF_sample_a_1024x768_50Frms.264/h264enc.js:4919:7)
    at wasm://wasm/00265406:wasm-function[1133]:0x705f0
    at wasm://wasm/00265406:wasm-function[1121]:0x6e28d
    at wasm://wasm/00265406:wasm-function[775]:0x60eb2
    at wasm://wasm/00265406:wasm-function[357]:0x2e8f3
    at wasm://wasm/00265406:wasm-function[363]:0x2f261
    at wasm://wasm/00265406:wasm-function[555]:0x407f3
    at wasm://wasm/00265406:wasm-function[554]:0x405bd   [0m
[31m    Failed! Adobe_PDF_sample_a_1024x768_50Frms.264_x.yuv Case Index 364:SHA-1(Current--Benchmark): NULL-----41c236628eee9ccce4cab24e3e665b95ee433ef1  [0m
[31m            ----YUVSHA1:  NULL,  9aa9a4d9598eb3e1093311826844f37c43e4c521  [0m
[31m           Aborted(Cannot enlarge memory arrays to size 19111936 bytes (OOM). Either (1) compile with -sINITIAL_MEMORY=X with X higher than the current value 16777216, (2) compile with -sALLOW_MEMORY_GROWTH which allows increasing the size at runtime, or (3) if you want malloc to return NULL (0) instead of this abort, compile with -sABORTING_MALLOC=0)
/home/test/workspace/openh264/test/encoder_binary_comparison/AllTestData/Adobe_PDF_sample_a_1024x768_50Frms.264/h264enc.js:167
      throw ex;
      ^

RuntimeError: Aborted(Cannot enlarge memory arrays to size 19111936 bytes (OOM). Either (1) compile with -sINITIAL_MEMORY=X with X higher than the current value 16777216, (2) compile with -sALLOW_MEMORY_GROWTH which allows increasing the size at runtime, or (3) if you want malloc to return NULL (0) instead of this abort, compile with -sABORTING_MALLOC=0)
    at abort (/home/test/workspace/openh264/test/encoder_binary_comparison/AllTestData/Adobe_PDF_sample_a_1024x768_50Frms.264/h264enc.js:1031:11)
    at abortOnCannotGrowMemory (/home/test/workspace/openh264/test/encoder_binary_comparison/AllTestData/Adobe_PDF_sample_a_1024x768_50Frms.264/h264enc.js:4914:7)
    at _emscripten_resize_heap (/home/test/workspace/openh264/test/encoder_binary_comparison/AllTestData/Adobe_PDF_sample_a_1024x768_50Frms.264/h264enc.js:4919:7)
    at wasm://wasm/00265406:wasm-function[1133]:0x705f0
    at wasm://wasm/00265406:wasm-function[1121]:0x6e28d
    at wasm://wasm/00265406:wasm-function[775]:0x60eb2
    at wasm://wasm/00265406:wasm-function[357]:0x2e8f3
    at wasm://wasm/00265406:wasm-function[363]:0x2f261
    at wasm://wasm/00265406:wasm-function[555]:0x407f3
    at wasm://wasm/00265406:wasm-function[554]:0x405bd   [0m
[31m    Failed! Adobe_PDF_sample_a_1024x768_50Frms.264_x.yuv Case Index 365:SHA-1(Current--Benchmark): NULL-----41c236628eee9ccce4cab24e3e665b95ee433ef1  [0m
[31m            ----YUVSHA1:  NULL,  9aa9a4d9598eb3e1093311826844f37c43e4c521  [0m
[31m           Aborted(Cannot enlarge memory arrays to size 19111936 bytes (OOM). Either (1) compile with -sINITIAL_MEMORY=X with X higher than the current value 16777216, (2) compile with -sALLOW_MEMORY_GROWTH which allows increasing the size at runtime, or (3) if you want malloc to return NULL (0) instead of this abort, compile with -sABORTING_MALLOC=0)
/home/test/workspace/openh264/test/encoder_binary_comparison/AllTestData/Adobe_PDF_sample_a_1024x768_50Frms.264/h264enc.js:167
      throw ex;
      ^

RuntimeError: Aborted(Cannot enlarge memory arrays to size 19111936 bytes (OOM). Either (1) compile with -sINITIAL_MEMORY=X with X higher than the current value 16777216, (2) compile with -sALLOW_MEMORY_GROWTH which allows increasing the size at runtime, or (3) if you want malloc to return NULL (0) instead of this abort, compile with -sABORTING_MALLOC=0)
    at abort (/home/test/workspace/openh264/test/encoder_binary_comparison/AllTestData/Adobe_PDF_sample_a_1024x768_50Frms.264/h264enc.js:1031:11)
    at abortOnCannotGrowMemory (/home/test/workspace/openh264/test/encoder_binary_comparison/AllTestData/Adobe_PDF_sample_a_1024x768_50Frms.264/h264enc.js:4914:7)
    at _emscripten_resize_heap (/home/test/workspace/openh264/test/encoder_binary_comparison/AllTestData/Adobe_PDF_sample_a_1024x768_50Frms.264/h264enc.js:4919:7)
    at wasm://wasm/00265406:wasm-function[1133]:0x705f0
    at wasm://wasm/00265406:wasm-function[1121]:0x6e28d
    at wasm://wasm/00265406:wasm-function[775]:0x60eb2
    at wasm://wasm/00265406:wasm-function[357]:0x2e8f3
    at wasm://wasm/00265406:wasm-function[363]:0x2f261
    at wasm://wasm/00265406:wasm-function[555]:0x407f3
    at wasm://wasm/00265406:wasm-function[554]:0x405bd   [0m
[31m    Failed! Adobe_PDF_sample_a_1024x768_50Frms.264_x.yuv Case Index 366:SHA-1(Current--Benchmark): NULL-----41c236628eee9ccce4cab24e3e665b95ee433ef1  [0m
[31m            ----YUVSHA1:  NULL,  9aa9a4d9598eb3e1093311826844f37c43e4c521  [0m
[31m           Aborted(Cannot enlarge memory arrays to size 19111936 bytes (OOM). Either (1) compile with -sINITIAL_MEMORY=X with X higher than the current value 16777216, (2) compile with -sALLOW_MEMORY_GROWTH which allows increasing the size at runtime, or (3) if you want malloc to return NULL (0) instead of this abort, compile with -sABORTING_MALLOC=0)
/home/test/workspace/openh264/test/encoder_binary_comparison/AllTestData/Adobe_PDF_sample_a_1024x768_50Frms.264/h264enc.js:167
      throw ex;
      ^

RuntimeError: Aborted(Cannot enlarge memory arrays to size 19111936 bytes (OOM). Either (1) compile with -sINITIAL_MEMORY=X with X higher than the current value 16777216, (2) compile with -sALLOW_MEMORY_GROWTH which allows increasing the size at runtime, or (3) if you want malloc to return NULL (0) instead of this abort, compile with -sABORTING_MALLOC=0)
    at abort (/home/test/workspace/openh264/test/encoder_binary_comparison/AllTestData/Adobe_PDF_sample_a_1024x768_50Frms.264/h264enc.js:1031:11)
    at abortOnCannotGrowMemory (/home/test/workspace/openh264/test/encoder_binary_comparison/AllTestData/Adobe_PDF_sample_a_1024x768_50Frms.264/h264enc.js:4914:7)
    at _emscripten_resize_heap (/home/test/workspace/openh264/test/encoder_binary_comparison/AllTestData/Adobe_PDF_sample_a_1024x768_50Frms.264/h264enc.js:4919:7)
    at wasm://wasm/00265406:wasm-function[1133]:0x705f0
    at wasm://wasm/00265406:wasm-function[1121]:0x6e28d
    at wasm://wasm/00265406:wasm-function[775]:0x60eb2
    at wasm://wasm/00265406:wasm-function[357]:0x2e8f3
    at wasm://wasm/00265406:wasm-function[363]:0x2f261
    at wasm://wasm/00265406:wasm-function[555]:0x407f3
    at wasm://wasm/00265406:wasm-function[554]:0x405bd   [0m
[31m    Failed! Adobe_PDF_sample_a_1024x768_50Frms.264_x.yuv Case Index 367:SHA-1(Current--Benchmark): NULL-----41c236628eee9ccce4cab24e3e665b95ee433ef1  [0m
[31m            ----YUVSHA1:  NULL,  9aa9a4d9598eb3e1093311826844f37c43e4c521  [0m
[31m           Aborted(Cannot enlarge memory arrays to size 19111936 bytes (OOM). Either (1) compile with -sINITIAL_MEMORY=X with X higher than the current value 16777216, (2) compile with -sALLOW_MEMORY_GROWTH which allows increasing the size at runtime, or (3) if you want malloc to return NULL (0) instead of this abort, compile with -sABORTING_MALLOC=0)
/home/test/workspace/openh264/test/encoder_binary_comparison/AllTestData/Adobe_PDF_sample_a_1024x768_50Frms.264/h264enc.js:167
      throw ex;
      ^

RuntimeError: Aborted(Cannot enlarge memory arrays to size 19111936 bytes (OOM). Either (1) compile with -sINITIAL_MEMORY=X with X higher than the current value 16777216, (2) compile with -sALLOW_MEMORY_GROWTH which allows increasing the size at runtime, or (3) if you want malloc to return NULL (0) instead of this abort, compile with -sABORTING_MALLOC=0)
    at abort (/home/test/workspace/openh264/test/encoder_binary_comparison/AllTestData/Adobe_PDF_sample_a_1024x768_50Frms.264/h264enc.js:1031:11)
    at abortOnCannotGrowMemory (/home/test/workspace/openh264/test/encoder_binary_comparison/AllTestData/Adobe_PDF_sample_a_1024x768_50Frms.264/h264enc.js:4914:7)
    at _emscripten_resize_heap (/home/test/workspace/openh264/test/encoder_binary_comparison/AllTestData/Adobe_PDF_sample_a_1024x768_50Frms.264/h264enc.js:4919:7)
    at wasm://wasm/00265406:wasm-function[1133]:0x705f0
    at wasm://wasm/00265406:wasm-function[1121]:0x6e28d
    at wasm://wasm/00265406:wasm-function[775]:0x60eb2
    at wasm://wasm/00265406:wasm-function[357]:0x2e8f3
    at wasm://wasm/00265406:wasm-function[363]:0x2f261
    at wasm://wasm/00265406:wasm-function[555]:0x407f3
    at wasm://wasm/00265406:wasm-function[554]:0x405bd   [0m
[31m    Failed! Adobe_PDF_sample_a_1024x768_50Frms.264_x.yuv Case Index 368:SHA-1(Current--Benchmark): NULL-----6948faa281917ac3d963b0ba4ad2fa032a301303  [0m
[31m            ----YUVSHA1:  NULL,  9aa9a4d9598eb3e1093311826844f37c43e4c521  [0m
[31m           [OpenH264] this = 0x0x514070, Error:ParamValidationExt(), WARNING: GOM based RC do not support SM_RASTER_SLICE!
Aborted(Cannot enlarge memory arrays to size 19111936 bytes (OOM). Either (1) compile with -sINITIAL_MEMORY=X with X higher than the current value 16777216, (2) compile with -sALLOW_MEMORY_GROWTH which allows increasing the size at runtime, or (3) if you want malloc to return NULL (0) instead of this abort, compile with -sABORTING_MALLOC=0)
/home/test/workspace/openh264/test/encoder_binary_comparison/AllTestData/Adobe_PDF_sample_a_1024x768_50Frms.264/h264enc.js:167
      throw ex;
      ^

RuntimeError: Aborted(Cannot enlarge memory arrays to size 19111936 bytes (OOM). Either (1) compile with -sINITIAL_MEMORY=X with X higher than the current value 16777216, (2) compile with -sALLOW_MEMORY_GROWTH which allows increasing the size at runtime, or (3) if you want malloc to return NULL (0) instead of this abort, compile with -sABORTING_MALLOC=0)
    at abort (/home/test/workspace/openh264/test/encoder_binary_comparison/AllTestData/Adobe_PDF_sample_a_1024x768_50Frms.264/h264enc.js:1031:11)
    at abortOnCannotGrowMemory (/home/test/workspace/openh264/test/encoder_binary_comparison/AllTestData/Adobe_PDF_sample_a_1024x768_50Frms.264/h264enc.js:4914:7)
    at _emscripten_resize_heap (/home/test/workspace/openh264/test/encoder_binary_comparison/AllTestData/Adobe_PDF_sample_a_1024x768_50Frms.264/h264enc.js:4919:7)
    at wasm://wasm/00265406:wasm-function[1133]:0x705f0
    at wasm://wasm/00265406:wasm-function[1121]:0x6e28d
    at wasm://wasm/00265406:wasm-function[775]:0x60eb2
    at wasm://wasm/00265406:wasm-function[357]:0x2e8f3
    at wasm://wasm/00265406:wasm-function[363]:0x2f261
    at wasm://wasm/00265406:wasm-function[555]:0x407f3
    at wasm://wasm/00265406:wasm-function[554]:0x405bd   [0m
[31m    Failed! Adobe_PDF_sample_a_1024x768_50Frms.264_x.yuv Case Index 369:SHA-1(Current--Benchmark): NULL-----6948faa281917ac3d963b0ba4ad2fa032a301303  [0m
[31m            ----YUVSHA1:  NULL,  9aa9a4d9598eb3e1093311826844f37c43e4c521  [0m
[31m           [OpenH264] this = 0x0x514070, Error:ParamValidationExt(), WARNING: GOM based RC do not support SM_RASTER_SLICE!
Aborted(Cannot enlarge memory arrays to size 19111936 bytes (OOM). Either (1) compile with -sINITIAL_MEMORY=X with X higher than the current value 16777216, (2) compile with -sALLOW_MEMORY_GROWTH which allows increasing the size at runtime, or (3) if you want malloc to return NULL (0) instead of this abort, compile with -sABORTING_MALLOC=0)
/home/test/workspace/openh264/test/encoder_binary_comparison/AllTestData/Adobe_PDF_sample_a_1024x768_50Frms.264/h264enc.js:167
      throw ex;
      ^

RuntimeError: Aborted(Cannot enlarge memory arrays to size 19111936 bytes (OOM). Either (1) compile with -sINITIAL_MEMORY=X with X higher than the current value 16777216, (2) compile with -sALLOW_MEMORY_GROWTH which allows increasing the size at runtime, or (3) if you want malloc to return NULL (0) instead of this abort, compile with -sABORTING_MALLOC=0)
    at abort (/home/test/workspace/openh264/test/encoder_binary_comparison/AllTestData/Adobe_PDF_sample_a_1024x768_50Frms.264/h264enc.js:1031:11)
    at abortOnCannotGrowMemory (/home/test/workspace/openh264/test/encoder_binary_comparison/AllTestData/Adobe_PDF_sample_a_1024x768_50Frms.264/h264enc.js:4914:7)
    at _emscripten_resize_heap (/home/test/workspace/openh264/test/encoder_binary_comparison/AllTestData/Adobe_PDF_sample_a_1024x768_50Frms.264/h264enc.js:4919:7)
    at wasm://wasm/00265406:wasm-function[1133]:0x705f0
    at wasm://wasm/00265406:wasm-function[1121]:0x6e28d
    at wasm://wasm/00265406:wasm-function[775]:0x60eb2
    at wasm://wasm/00265406:wasm-function[357]:0x2e8f3
    at wasm://wasm/00265406:wasm-function[363]:0x2f261
    at wasm://wasm/00265406:wasm-function[555]:0x407f3
    at wasm://wasm/00265406:wasm-function[554]:0x405bd   [0m
[31m    Failed! Adobe_PDF_sample_a_1024x768_50Frms.264_x.yuv Case Index 370:SHA-1(Current--Benchmark): NULL-----6948faa281917ac3d963b0ba4ad2fa032a301303  [0m
[31m            ----YUVSHA1:  NULL,  9aa9a4d9598eb3e1093311826844f37c43e4c521  [0m
[31m           [OpenH264] this = 0x0x514070, Error:ParamValidationExt(), WARNING: GOM based RC do not support SM_RASTER_SLICE!
Aborted(Cannot enlarge memory arrays to size 19111936 bytes (OOM). Either (1) compile with -sINITIAL_MEMORY=X with X higher than the current value 16777216, (2) compile with -sALLOW_MEMORY_GROWTH which allows increasing the size at runtime, or (3) if you want malloc to return NULL (0) instead of this abort, compile with -sABORTING_MALLOC=0)
/home/test/workspace/openh264/test/encoder_binary_comparison/AllTestData/Adobe_PDF_sample_a_1024x768_50Frms.264/h264enc.js:167
      throw ex;
      ^

RuntimeError: Aborted(Cannot enlarge memory arrays to size 19111936 bytes (OOM). Either (1) compile with -sINITIAL_MEMORY=X with X higher than the current value 16777216, (2) compile with -sALLOW_MEMORY_GROWTH which allows increasing the size at runtime, or (3) if you want malloc to return NULL (0) instead of this abort, compile with -sABORTING_MALLOC=0)
    at abort (/home/test/workspace/openh264/test/encoder_binary_comparison/AllTestData/Adobe_PDF_sample_a_1024x768_50Frms.264/h264enc.js:1031:11)
    at abortOnCannotGrowMemory (/home/test/workspace/openh264/test/encoder_binary_comparison/AllTestData/Adobe_PDF_sample_a_1024x768_50Frms.264/h264enc.js:4914:7)
    at _emscripten_resize_heap (/home/test/workspace/openh264/test/encoder_binary_comparison/AllTestData/Adobe_PDF_sample_a_1024x768_50Frms.264/h264enc.js:4919:7)
    at wasm://wasm/00265406:wasm-function[1133]:0x705f0
    at wasm://wasm/00265406:wasm-function[1121]:0x6e28d
    at wasm://wasm/00265406:wasm-function[775]:0x60eb2
    at wasm://wasm/00265406:wasm-function[357]:0x2e8f3
    at wasm://wasm/00265406:wasm-function[363]:0x2f261
    at wasm://wasm/00265406:wasm-function[555]:0x407f3
    at wasm://wasm/00265406:wasm-function[554]:0x405bd   [0m
[31m    Failed! Adobe_PDF_sample_a_1024x768_50Frms.264_x.yuv Case Index 371:SHA-1(Current--Benchmark): NULL-----6948faa281917ac3d963b0ba4ad2fa032a301303  [0m
[31m            ----YUVSHA1:  NULL,  9aa9a4d9598eb3e1093311826844f37c43e4c521  [0m
[31m           [OpenH264] this = 0x0x514070, Error:ParamValidationExt(), WARNING: GOM based RC do not support SM_RASTER_SLICE!
Aborted(Cannot enlarge memory arrays to size 19111936 bytes (OOM). Either (1) compile with -sINITIAL_MEMORY=X with X higher than the current value 16777216, (2) compile with -sALLOW_MEMORY_GROWTH which allows increasing the size at runtime, or (3) if you want malloc to return NULL (0) instead of this abort, compile with -sABORTING_MALLOC=0)
/home/test/workspace/openh264/test/encoder_binary_comparison/AllTestData/Adobe_PDF_sample_a_1024x768_50Frms.264/h264enc.js:167
      throw ex;
      ^

RuntimeError: Aborted(Cannot enlarge memory arrays to size 19111936 bytes (OOM). Either (1) compile with -sINITIAL_MEMORY=X with X higher than the current value 16777216, (2) compile with -sALLOW_MEMORY_GROWTH which allows increasing the size at runtime, or (3) if you want malloc to return NULL (0) instead of this abort, compile with -sABORTING_MALLOC=0)
    at abort (/home/test/workspace/openh264/test/encoder_binary_comparison/AllTestData/Adobe_PDF_sample_a_1024x768_50Frms.264/h264enc.js:1031:11)
    at abortOnCannotGrowMemory (/home/test/workspace/openh264/test/encoder_binary_comparison/AllTestData/Adobe_PDF_sample_a_1024x768_50Frms.264/h264enc.js:4914:7)
    at _emscripten_resize_heap (/home/test/workspace/openh264/test/encoder_binary_comparison/AllTestData/Adobe_PDF_sample_a_1024x768_50Frms.264/h264enc.js:4919:7)
    at wasm://wasm/00265406:wasm-function[1133]:0x705f0
    at wasm://wasm/00265406:wasm-function[1121]:0x6e28d
    at wasm://wasm/00265406:wasm-function[775]:0x60eb2
    at wasm://wasm/00265406:wasm-function[357]:0x2e8f3
    at wasm://wasm/00265406:wasm-function[363]:0x2f261
    at wasm://wasm/00265406:wasm-function[555]:0x407f3
    at wasm://wasm/00265406:wasm-function[554]:0x405bd   [0m
[31m    Failed! Adobe_PDF_sample_a_1024x768_50Frms.264_x.yuv Case Index 372:SHA-1(Current--Benchmark): NULL-----6948faa281917ac3d963b0ba4ad2fa032a301303  [0m
[31m            ----YUVSHA1:  NULL,  9aa9a4d9598eb3e1093311826844f37c43e4c521  [0m
[31m           [OpenH264] this = 0x0x514070, Error:ParamValidationExt(), WARNING: GOM based RC do not support SM_RASTER_SLICE!
Aborted(Cannot enlarge memory arrays to size 19111936 bytes (OOM). Either (1) compile with -sINITIAL_MEMORY=X with X higher than the current value 16777216, (2) compile with -sALLOW_MEMORY_GROWTH which allows increasing the size at runtime, or (3) if you want malloc to return NULL (0) instead of this abort, compile with -sABORTING_MALLOC=0)
/home/test/workspace/openh264/test/encoder_binary_comparison/AllTestData/Adobe_PDF_sample_a_1024x768_50Frms.264/h264enc.js:167
      throw ex;
      ^

RuntimeError: Aborted(Cannot enlarge memory arrays to size 19111936 bytes (OOM). Either (1) compile with -sINITIAL_MEMORY=X with X higher than the current value 16777216, (2) compile with -sALLOW_MEMORY_GROWTH which allows increasing the size at runtime, or (3) if you want malloc to return NULL (0) instead of this abort, compile with -sABORTING_MALLOC=0)
    at abort (/home/test/workspace/openh264/test/encoder_binary_comparison/AllTestData/Adobe_PDF_sample_a_1024x768_50Frms.264/h264enc.js:1031:11)
    at abortOnCannotGrowMemory (/home/test/workspace/openh264/test/encoder_binary_comparison/AllTestData/Adobe_PDF_sample_a_1024x768_50Frms.264/h264enc.js:4914:7)
    at _emscripten_resize_heap (/home/test/workspace/openh264/test/encoder_binary_comparison/AllTestData/Adobe_PDF_sample_a_1024x768_50Frms.264/h264enc.js:4919:7)
    at wasm://wasm/00265406:wasm-function[1133]:0x705f0
    at wasm://wasm/00265406:wasm-function[1121]:0x6e28d
    at wasm://wasm/00265406:wasm-function[775]:0x60eb2
    at wasm://wasm/00265406:wasm-function[357]:0x2e8f3
    at wasm://wasm/00265406:wasm-function[363]:0x2f261
    at wasm://wasm/00265406:wasm-function[555]:0x407f3
    at wasm://wasm/00265406:wasm-function[554]:0x405bd   [0m
[31m    Failed! Adobe_PDF_sample_a_1024x768_50Frms.264_x.yuv Case Index 373:SHA-1(Current--Benchmark): NULL-----6948faa281917ac3d963b0ba4ad2fa032a301303  [0m
[31m            ----YUVSHA1:  NULL,  9aa9a4d9598eb3e1093311826844f37c43e4c521  [0m
[31m           [OpenH264] this = 0x0x514070, Error:ParamValidationExt(), WARNING: GOM based RC do not support SM_RASTER_SLICE!
Aborted(Cannot enlarge memory arrays to size 19111936 bytes (OOM). Either (1) compile with -sINITIAL_MEMORY=X with X higher than the current value 16777216, (2) compile with -sALLOW_MEMORY_GROWTH which allows increasing the size at runtime, or (3) if you want malloc to return NULL (0) instead of this abort, compile with -sABORTING_MALLOC=0)
/home/test/workspace/openh264/test/encoder_binary_comparison/AllTestData/Adobe_PDF_sample_a_1024x768_50Frms.264/h264enc.js:167
      throw ex;
      ^

RuntimeError: Aborted(Cannot enlarge memory arrays to size 19111936 bytes (OOM). Either (1) compile with -sINITIAL_MEMORY=X with X higher than the current value 16777216, (2) compile with -sALLOW_MEMORY_GROWTH which allows increasing the size at runtime, or (3) if you want malloc to return NULL (0) instead of this abort, compile with -sABORTING_MALLOC=0)
    at abort (/home/test/workspace/openh264/test/encoder_binary_comparison/AllTestData/Adobe_PDF_sample_a_1024x768_50Frms.264/h264enc.js:1031:11)
    at abortOnCannotGrowMemory (/home/test/workspace/openh264/test/encoder_binary_comparison/AllTestData/Adobe_PDF_sample_a_1024x768_50Frms.264/h264enc.js:4914:7)
    at _emscripten_resize_heap (/home/test/workspace/openh264/test/encoder_binary_comparison/AllTestData/Adobe_PDF_sample_a_1024x768_50Frms.264/h264enc.js:4919:7)
    at wasm://wasm/00265406:wasm-function[1133]:0x705f0
    at wasm://wasm/00265406:wasm-function[1121]:0x6e28d
    at wasm://wasm/00265406:wasm-function[775]:0x60eb2
    at wasm://wasm/00265406:wasm-function[357]:0x2e8f3
    at wasm://wasm/00265406:wasm-function[363]:0x2f261
    at wasm://wasm/00265406:wasm-function[555]:0x407f3
    at wasm://wasm/00265406:wasm-function[554]:0x405bd   [0m
[31m    Failed! Adobe_PDF_sample_a_1024x768_50Frms.264_x.yuv Case Index 374:SHA-1(Current--Benchmark): NULL-----6948faa281917ac3d963b0ba4ad2fa032a301303  [0m
[31m            ----YUVSHA1:  NULL,  9aa9a4d9598eb3e1093311826844f37c43e4c521  [0m
[31m           [OpenH264] this = 0x0x514070, Error:ParamValidationExt(), WARNING: GOM based RC do not support SM_RASTER_SLICE!
Aborted(Cannot enlarge memory arrays to size 19111936 bytes (OOM). Either (1) compile with -sINITIAL_MEMORY=X with X higher than the current value 16777216, (2) compile with -sALLOW_MEMORY_GROWTH which allows increasing the size at runtime, or (3) if you want malloc to return NULL (0) instead of this abort, compile with -sABORTING_MALLOC=0)
/home/test/workspace/openh264/test/encoder_binary_comparison/AllTestData/Adobe_PDF_sample_a_1024x768_50Frms.264/h264enc.js:167
      throw ex;
      ^

RuntimeError: Aborted(Cannot enlarge memory arrays to size 19111936 bytes (OOM). Either (1) compile with -sINITIAL_MEMORY=X with X higher than the current value 16777216, (2) compile with -sALLOW_MEMORY_GROWTH which allows increasing the size at runtime, or (3) if you want malloc to return NULL (0) instead of this abort, compile with -sABORTING_MALLOC=0)
    at abort (/home/test/workspace/openh264/test/encoder_binary_comparison/AllTestData/Adobe_PDF_sample_a_1024x768_50Frms.264/h264enc.js:1031:11)
    at abortOnCannotGrowMemory (/home/test/workspace/openh264/test/encoder_binary_comparison/AllTestData/Adobe_PDF_sample_a_1024x768_50Frms.264/h264enc.js:4914:7)
    at _emscripten_resize_heap (/home/test/workspace/openh264/test/encoder_binary_comparison/AllTestData/Adobe_PDF_sample_a_1024x768_50Frms.264/h264enc.js:4919:7)
    at wasm://wasm/00265406:wasm-function[1133]:0x705f0
    at wasm://wasm/00265406:wasm-function[1121]:0x6e28d
    at wasm://wasm/00265406:wasm-function[775]:0x60eb2
    at wasm://wasm/00265406:wasm-function[357]:0x2e8f3
    at wasm://wasm/00265406:wasm-function[363]:0x2f261
    at wasm://wasm/00265406:wasm-function[555]:0x407f3
    at wasm://wasm/00265406:wasm-function[554]:0x405bd   [0m
[31m    Failed! Adobe_PDF_sample_a_1024x768_50Frms.264_x.yuv Case Index 375:SHA-1(Current--Benchmark): NULL-----6948faa281917ac3d963b0ba4ad2fa032a301303  [0m
[31m            ----YUVSHA1:  NULL,  9aa9a4d9598eb3e1093311826844f37c43e4c521  [0m
[31m           [OpenH264] this = 0x0x514070, Error:ParamValidationExt(), WARNING: GOM based RC do not support SM_RASTER_SLICE!
Aborted(Cannot enlarge memory arrays to size 19111936 bytes (OOM). Either (1) compile with -sINITIAL_MEMORY=X with X higher than the current value 16777216, (2) compile with -sALLOW_MEMORY_GROWTH which allows increasing the size at runtime, or (3) if you want malloc to return NULL (0) instead of this abort, compile with -sABORTING_MALLOC=0)
/home/test/workspace/openh264/test/encoder_binary_comparison/AllTestData/Adobe_PDF_sample_a_1024x768_50Frms.264/h264enc.js:167
      throw ex;
      ^

RuntimeError: Aborted(Cannot enlarge memory arrays to size 19111936 bytes (OOM). Either (1) compile with -sINITIAL_MEMORY=X with X higher than the current value 16777216, (2) compile with -sALLOW_MEMORY_GROWTH which allows increasing the size at runtime, or (3) if you want malloc to return NULL (0) instead of this abort, compile with -sABORTING_MALLOC=0)
    at abort (/home/test/workspace/openh264/test/encoder_binary_comparison/AllTestData/Adobe_PDF_sample_a_1024x768_50Frms.264/h264enc.js:1031:11)
    at abortOnCannotGrowMemory (/home/test/workspace/openh264/test/encoder_binary_comparison/AllTestData/Adobe_PDF_sample_a_1024x768_50Frms.264/h264enc.js:4914:7)
    at _emscripten_resize_heap (/home/test/workspace/openh264/test/encoder_binary_comparison/AllTestData/Adobe_PDF_sample_a_1024x768_50Frms.264/h264enc.js:4919:7)
    at wasm://wasm/00265406:wasm-function[1133]:0x705f0
    at wasm://wasm/00265406:wasm-function[1121]:0x6e28d
    at wasm://wasm/00265406:wasm-function[775]:0x60eb2
    at wasm://wasm/00265406:wasm-function[357]:0x2e8f3
    at wasm://wasm/00265406:wasm-function[363]:0x2f261
    at wasm://wasm/00265406:wasm-function[555]:0x407f3
    at wasm://wasm/00265406:wasm-function[554]:0x405bd   [0m
[31m    Failed! Adobe_PDF_sample_a_1024x768_50Frms.264_x.yuv Case Index 376:SHA-1(Current--Benchmark): NULL-----6948faa281917ac3d963b0ba4ad2fa032a301303  [0m
[31m            ----YUVSHA1:  NULL,  9aa9a4d9598eb3e1093311826844f37c43e4c521  [0m
[31m           [OpenH264] this = 0x0x514070, Error:ParamValidationExt(), WARNING: GOM based RC do not support SM_RASTER_SLICE!
Aborted(Cannot enlarge memory arrays to size 19111936 bytes (OOM). Either (1) compile with -sINITIAL_MEMORY=X with X higher than the current value 16777216, (2) compile with -sALLOW_MEMORY_GROWTH which allows increasing the size at runtime, or (3) if you want malloc to return NULL (0) instead of this abort, compile with -sABORTING_MALLOC=0)
/home/test/workspace/openh264/test/encoder_binary_comparison/AllTestData/Adobe_PDF_sample_a_1024x768_50Frms.264/h264enc.js:167
      throw ex;
      ^

RuntimeError: Aborted(Cannot enlarge memory arrays to size 19111936 bytes (OOM). Either (1) compile with -sINITIAL_MEMORY=X with X higher than the current value 16777216, (2) compile with -sALLOW_MEMORY_GROWTH which allows increasing the size at runtime, or (3) if you want malloc to return NULL (0) instead of this abort, compile with -sABORTING_MALLOC=0)
    at abort (/home/test/workspace/openh264/test/encoder_binary_comparison/AllTestData/Adobe_PDF_sample_a_1024x768_50Frms.264/h264enc.js:1031:11)
    at abortOnCannotGrowMemory (/home/test/workspace/openh264/test/encoder_binary_comparison/AllTestData/Adobe_PDF_sample_a_1024x768_50Frms.264/h264enc.js:4914:7)
    at _emscripten_resize_heap (/home/test/workspace/openh264/test/encoder_binary_comparison/AllTestData/Adobe_PDF_sample_a_1024x768_50Frms.264/h264enc.js:4919:7)
    at wasm://wasm/00265406:wasm-function[1133]:0x705f0
    at wasm://wasm/00265406:wasm-function[1121]:0x6e28d
    at wasm://wasm/00265406:wasm-function[775]:0x60eb2
    at wasm://wasm/00265406:wasm-function[357]:0x2e8f3
    at wasm://wasm/00265406:wasm-function[363]:0x2f261
    at wasm://wasm/00265406:wasm-function[555]:0x407f3
    at wasm://wasm/00265406:wasm-function[554]:0x405bd   [0m
[31m    Failed! Adobe_PDF_sample_a_1024x768_50Frms.264_x.yuv Case Index 377:SHA-1(Current--Benchmark): NULL-----6948faa281917ac3d963b0ba4ad2fa032a301303  [0m
[31m            ----YUVSHA1:  NULL,  9aa9a4d9598eb3e1093311826844f37c43e4c521  [0m
[31m           [OpenH264] this = 0x0x514070, Error:ParamValidationExt(), WARNING: GOM based RC do not support SM_RASTER_SLICE!
Aborted(Cannot enlarge memory arrays to size 19111936 bytes (OOM). Either (1) compile with -sINITIAL_MEMORY=X with X higher than the current value 16777216, (2) compile with -sALLOW_MEMORY_GROWTH which allows increasing the size at runtime, or (3) if you want malloc to return NULL (0) instead of this abort, compile with -sABORTING_MALLOC=0)
/home/test/workspace/openh264/test/encoder_binary_comparison/AllTestData/Adobe_PDF_sample_a_1024x768_50Frms.264/h264enc.js:167
      throw ex;
      ^

RuntimeError: Aborted(Cannot enlarge memory arrays to size 19111936 bytes (OOM). Either (1) compile with -sINITIAL_MEMORY=X with X higher than the current value 16777216, (2) compile with -sALLOW_MEMORY_GROWTH which allows increasing the size at runtime, or (3) if you want malloc to return NULL (0) instead of this abort, compile with -sABORTING_MALLOC=0)
    at abort (/home/test/workspace/openh264/test/encoder_binary_comparison/AllTestData/Adobe_PDF_sample_a_1024x768_50Frms.264/h264enc.js:1031:11)
    at abortOnCannotGrowMemory (/home/test/workspace/openh264/test/encoder_binary_comparison/AllTestData/Adobe_PDF_sample_a_1024x768_50Frms.264/h264enc.js:4914:7)
    at _emscripten_resize_heap (/home/test/workspace/openh264/test/encoder_binary_comparison/AllTestData/Adobe_PDF_sample_a_1024x768_50Frms.264/h264enc.js:4919:7)
    at wasm://wasm/00265406:wasm-function[1133]:0x705f0
    at wasm://wasm/00265406:wasm-function[1121]:0x6e28d
    at wasm://wasm/00265406:wasm-function[775]:0x60eb2
    at wasm://wasm/00265406:wasm-function[357]:0x2e8f3
    at wasm://wasm/00265406:wasm-function[363]:0x2f261
    at wasm://wasm/00265406:wasm-function[555]:0x407f3
    at wasm://wasm/00265406:wasm-function[554]:0x405bd   [0m
[31m    Failed! Adobe_PDF_sample_a_1024x768_50Frms.264_x.yuv Case Index 378:SHA-1(Current--Benchmark): NULL-----6948faa281917ac3d963b0ba4ad2fa032a301303  [0m
[31m            ----YUVSHA1:  NULL,  9aa9a4d9598eb3e1093311826844f37c43e4c521  [0m
[31m           [OpenH264] this = 0x0x514070, Error:ParamValidationExt(), WARNING: GOM based RC do not support SM_RASTER_SLICE!
Aborted(Cannot enlarge memory arrays to size 19111936 bytes (OOM). Either (1) compile with -sINITIAL_MEMORY=X with X higher than the current value 16777216, (2) compile with -sALLOW_MEMORY_GROWTH which allows increasing the size at runtime, or (3) if you want malloc to return NULL (0) instead of this abort, compile with -sABORTING_MALLOC=0)
/home/test/workspace/openh264/test/encoder_binary_comparison/AllTestData/Adobe_PDF_sample_a_1024x768_50Frms.264/h264enc.js:167
      throw ex;
      ^

RuntimeError: Aborted(Cannot enlarge memory arrays to size 19111936 bytes (OOM). Either (1) compile with -sINITIAL_MEMORY=X with X higher than the current value 16777216, (2) compile with -sALLOW_MEMORY_GROWTH which allows increasing the size at runtime, or (3) if you want malloc to return NULL (0) instead of this abort, compile with -sABORTING_MALLOC=0)
    at abort (/home/test/workspace/openh264/test/encoder_binary_comparison/AllTestData/Adobe_PDF_sample_a_1024x768_50Frms.264/h264enc.js:1031:11)
    at abortOnCannotGrowMemory (/home/test/workspace/openh264/test/encoder_binary_comparison/AllTestData/Adobe_PDF_sample_a_1024x768_50Frms.264/h264enc.js:4914:7)
    at _emscripten_resize_heap (/home/test/workspace/openh264/test/encoder_binary_comparison/AllTestData/Adobe_PDF_sample_a_1024x768_50Frms.264/h264enc.js:4919:7)
    at wasm://wasm/00265406:wasm-function[1133]:0x705f0
    at wasm://wasm/00265406:wasm-function[1121]:0x6e28d
    at wasm://wasm/00265406:wasm-function[775]:0x60eb2
    at wasm://wasm/00265406:wasm-function[357]:0x2e8f3
    at wasm://wasm/00265406:wasm-function[363]:0x2f261
    at wasm://wasm/00265406:wasm-function[555]:0x407f3
    at wasm://wasm/00265406:wasm-function[554]:0x405bd   [0m
[31m    Failed! Adobe_PDF_sample_a_1024x768_50Frms.264_x.yuv Case Index 379:SHA-1(Current--Benchmark): NULL-----6948faa281917ac3d963b0ba4ad2fa032a301303  [0m
[31m            ----YUVSHA1:  NULL,  9aa9a4d9598eb3e1093311826844f37c43e4c521  [0m
[31m           [OpenH264] this = 0x0x514070, Error:ParamValidationExt(), WARNING: GOM based RC do not support SM_RASTER_SLICE!
Aborted(Cannot enlarge memory arrays to size 19111936 bytes (OOM). Either (1) compile with -sINITIAL_MEMORY=X with X higher than the current value 16777216, (2) compile with -sALLOW_MEMORY_GROWTH which allows increasing the size at runtime, or (3) if you want malloc to return NULL (0) instead of this abort, compile with -sABORTING_MALLOC=0)
/home/test/workspace/openh264/test/encoder_binary_comparison/AllTestData/Adobe_PDF_sample_a_1024x768_50Frms.264/h264enc.js:167
      throw ex;
      ^

RuntimeError: Aborted(Cannot enlarge memory arrays to size 19111936 bytes (OOM). Either (1) compile with -sINITIAL_MEMORY=X with X higher than the current value 16777216, (2) compile with -sALLOW_MEMORY_GROWTH which allows increasing the size at runtime, or (3) if you want malloc to return NULL (0) instead of this abort, compile with -sABORTING_MALLOC=0)
    at abort (/home/test/workspace/openh264/test/encoder_binary_comparison/AllTestData/Adobe_PDF_sample_a_1024x768_50Frms.264/h264enc.js:1031:11)
    at abortOnCannotGrowMemory (/home/test/workspace/openh264/test/encoder_binary_comparison/AllTestData/Adobe_PDF_sample_a_1024x768_50Frms.264/h264enc.js:4914:7)
    at _emscripten_resize_heap (/home/test/workspace/openh264/test/encoder_binary_comparison/AllTestData/Adobe_PDF_sample_a_1024x768_50Frms.264/h264enc.js:4919:7)
    at wasm://wasm/00265406:wasm-function[1133]:0x705f0
    at wasm://wasm/00265406:wasm-function[1121]:0x6e28d
    at wasm://wasm/00265406:wasm-function[775]:0x60eb2
    at wasm://wasm/00265406:wasm-function[357]:0x2e8f3
    at wasm://wasm/00265406:wasm-function[363]:0x2f261
    at wasm://wasm/00265406:wasm-function[555]:0x407f3
    at wasm://wasm/00265406:wasm-function[554]:0x405bd   [0m
[31m    Failed! Adobe_PDF_sample_a_1024x768_50Frms.264_x.yuv Case Index 380:SHA-1(Current--Benchmark): NULL-----6948faa281917ac3d963b0ba4ad2fa032a301303  [0m
[31m            ----YUVSHA1:  NULL,  9aa9a4d9598eb3e1093311826844f37c43e4c521  [0m
[31m           [OpenH264] this = 0x0x514070, Error:ParamValidationExt(), WARNING: GOM based RC do not support SM_RASTER_SLICE!
Aborted(Cannot enlarge memory arrays to size 19111936 bytes (OOM). Either (1) compile with -sINITIAL_MEMORY=X with X higher than the current value 16777216, (2) compile with -sALLOW_MEMORY_GROWTH which allows increasing the size at runtime, or (3) if you want malloc to return NULL (0) instead of this abort, compile with -sABORTING_MALLOC=0)
/home/test/workspace/openh264/test/encoder_binary_comparison/AllTestData/Adobe_PDF_sample_a_1024x768_50Frms.264/h264enc.js:167
      throw ex;
      ^

RuntimeError: Aborted(Cannot enlarge memory arrays to size 19111936 bytes (OOM). Either (1) compile with -sINITIAL_MEMORY=X with X higher than the current value 16777216, (2) compile with -sALLOW_MEMORY_GROWTH which allows increasing the size at runtime, or (3) if you want malloc to return NULL (0) instead of this abort, compile with -sABORTING_MALLOC=0)
    at abort (/home/test/workspace/openh264/test/encoder_binary_comparison/AllTestData/Adobe_PDF_sample_a_1024x768_50Frms.264/h264enc.js:1031:11)
    at abortOnCannotGrowMemory (/home/test/workspace/openh264/test/encoder_binary_comparison/AllTestData/Adobe_PDF_sample_a_1024x768_50Frms.264/h264enc.js:4914:7)
    at _emscripten_resize_heap (/home/test/workspace/openh264/test/encoder_binary_comparison/AllTestData/Adobe_PDF_sample_a_1024x768_50Frms.264/h264enc.js:4919:7)
    at wasm://wasm/00265406:wasm-function[1133]:0x705f0
    at wasm://wasm/00265406:wasm-function[1121]:0x6e28d
    at wasm://wasm/00265406:wasm-function[775]:0x60eb2
    at wasm://wasm/00265406:wasm-function[357]:0x2e8f3
    at wasm://wasm/00265406:wasm-function[363]:0x2f261
    at wasm://wasm/00265406:wasm-function[555]:0x407f3
    at wasm://wasm/00265406:wasm-function[554]:0x405bd   [0m
[31m    Failed! Adobe_PDF_sample_a_1024x768_50Frms.264_x.yuv Case Index 381:SHA-1(Current--Benchmark): NULL-----6948faa281917ac3d963b0ba4ad2fa032a301303  [0m
[31m            ----YUVSHA1:  NULL,  9aa9a4d9598eb3e1093311826844f37c43e4c521  [0m
[31m           [OpenH264] this = 0x0x514070, Error:ParamValidationExt(), WARNING: GOM based RC do not support SM_RASTER_SLICE!
Aborted(Cannot enlarge memory arrays to size 19111936 bytes (OOM). Either (1) compile with -sINITIAL_MEMORY=X with X higher than the current value 16777216, (2) compile with -sALLOW_MEMORY_GROWTH which allows increasing the size at runtime, or (3) if you want malloc to return NULL (0) instead of this abort, compile with -sABORTING_MALLOC=0)
/home/test/workspace/openh264/test/encoder_binary_comparison/AllTestData/Adobe_PDF_sample_a_1024x768_50Frms.264/h264enc.js:167
      throw ex;
      ^

RuntimeError: Aborted(Cannot enlarge memory arrays to size 19111936 bytes (OOM). Either (1) compile with -sINITIAL_MEMORY=X with X higher than the current value 16777216, (2) compile with -sALLOW_MEMORY_GROWTH which allows increasing the size at runtime, or (3) if you want malloc to return NULL (0) instead of this abort, compile with -sABORTING_MALLOC=0)
    at abort (/home/test/workspace/openh264/test/encoder_binary_comparison/AllTestData/Adobe_PDF_sample_a_1024x768_50Frms.264/h264enc.js:1031:11)
    at abortOnCannotGrowMemory (/home/test/workspace/openh264/test/encoder_binary_comparison/AllTestData/Adobe_PDF_sample_a_1024x768_50Frms.264/h264enc.js:4914:7)
    at _emscripten_resize_heap (/home/test/workspace/openh264/test/encoder_binary_comparison/AllTestData/Adobe_PDF_sample_a_1024x768_50Frms.264/h264enc.js:4919:7)
    at wasm://wasm/00265406:wasm-function[1133]:0x705f0
    at wasm://wasm/00265406:wasm-function[1121]:0x6e28d
    at wasm://wasm/00265406:wasm-function[775]:0x60eb2
    at wasm://wasm/00265406:wasm-function[357]:0x2e8f3
    at wasm://wasm/00265406:wasm-function[363]:0x2f261
    at wasm://wasm/00265406:wasm-function[555]:0x407f3
    at wasm://wasm/00265406:wasm-function[554]:0x405bd   [0m
[31m    Failed! Adobe_PDF_sample_a_1024x768_50Frms.264_x.yuv Case Index 382:SHA-1(Current--Benchmark): NULL-----6948faa281917ac3d963b0ba4ad2fa032a301303  [0m
[31m            ----YUVSHA1:  NULL,  9aa9a4d9598eb3e1093311826844f37c43e4c521  [0m
[31m           [OpenH264] this = 0x0x514070, Error:ParamValidationExt(), WARNING: GOM based RC do not support SM_RASTER_SLICE!
Aborted(Cannot enlarge memory arrays to size 19111936 bytes (OOM). Either (1) compile with -sINITIAL_MEMORY=X with X higher than the current value 16777216, (2) compile with -sALLOW_MEMORY_GROWTH which allows increasing the size at runtime, or (3) if you want malloc to return NULL (0) instead of this abort, compile with -sABORTING_MALLOC=0)
/home/test/workspace/openh264/test/encoder_binary_comparison/AllTestData/Adobe_PDF_sample_a_1024x768_50Frms.264/h264enc.js:167
      throw ex;
      ^

RuntimeError: Aborted(Cannot enlarge memory arrays to size 19111936 bytes (OOM). Either (1) compile with -sINITIAL_MEMORY=X with X higher than the current value 16777216, (2) compile with -sALLOW_MEMORY_GROWTH which allows increasing the size at runtime, or (3) if you want malloc to return NULL (0) instead of this abort, compile with -sABORTING_MALLOC=0)
    at abort (/home/test/workspace/openh264/test/encoder_binary_comparison/AllTestData/Adobe_PDF_sample_a_1024x768_50Frms.264/h264enc.js:1031:11)
    at abortOnCannotGrowMemory (/home/test/workspace/openh264/test/encoder_binary_comparison/AllTestData/Adobe_PDF_sample_a_1024x768_50Frms.264/h264enc.js:4914:7)
    at _emscripten_resize_heap (/home/test/workspace/openh264/test/encoder_binary_comparison/AllTestData/Adobe_PDF_sample_a_1024x768_50Frms.264/h264enc.js:4919:7)
    at wasm://wasm/00265406:wasm-function[1133]:0x705f0
    at wasm://wasm/00265406:wasm-function[1121]:0x6e28d
    at wasm://wasm/00265406:wasm-function[775]:0x60eb2
    at wasm://wasm/00265406:wasm-function[357]:0x2e8f3
    at wasm://wasm/00265406:wasm-function[363]:0x2f261
    at wasm://wasm/00265406:wasm-function[555]:0x407f3
    at wasm://wasm/00265406:wasm-function[554]:0x405bd   [0m
[31m    Failed! Adobe_PDF_sample_a_1024x768_50Frms.264_x.yuv Case Index 383:SHA-1(Current--Benchmark): NULL-----6948faa281917ac3d963b0ba4ad2fa032a301303  [0m
[31m            ----YUVSHA1:  NULL,  9aa9a4d9598eb3e1093311826844f37c43e4c521  [0m
[31m           [OpenH264] this = 0x0x514070, Error:ParamValidationExt(), WARNING: GOM based RC do not support SM_RASTER_SLICE!
Aborted(Cannot enlarge memory arrays to size 19111936 bytes (OOM). Either (1) compile with -sINITIAL_MEMORY=X with X higher than the current value 16777216, (2) compile with -sALLOW_MEMORY_GROWTH which allows increasing the size at runtime, or (3) if you want malloc to return NULL (0) instead of this abort, compile with -sABORTING_MALLOC=0)
/home/test/workspace/openh264/test/encoder_binary_comparison/AllTestData/Adobe_PDF_sample_a_1024x768_50Frms.264/h264enc.js:167
      throw ex;
      ^

RuntimeError: Aborted(Cannot enlarge memory arrays to size 19111936 bytes (OOM). Either (1) compile with -sINITIAL_MEMORY=X with X higher than the current value 16777216, (2) compile with -sALLOW_MEMORY_GROWTH which allows increasing the size at runtime, or (3) if you want malloc to return NULL (0) instead of this abort, compile with -sABORTING_MALLOC=0)
    at abort (/home/test/workspace/openh264/test/encoder_binary_comparison/AllTestData/Adobe_PDF_sample_a_1024x768_50Frms.264/h264enc.js:1031:11)
    at abortOnCannotGrowMemory (/home/test/workspace/openh264/test/encoder_binary_comparison/AllTestData/Adobe_PDF_sample_a_1024x768_50Frms.264/h264enc.js:4914:7)
    at _emscripten_resize_heap (/home/test/workspace/openh264/test/encoder_binary_comparison/AllTestData/Adobe_PDF_sample_a_1024x768_50Frms.264/h264enc.js:4919:7)
    at wasm://wasm/00265406:wasm-function[1133]:0x705f0
    at wasm://wasm/00265406:wasm-function[1121]:0x6e28d
    at wasm://wasm/00265406:wasm-function[775]:0x60eb2
    at wasm://wasm/00265406:wasm-function[357]:0x2e8f3
    at wasm://wasm/00265406:wasm-function[363]:0x2f261
    at wasm://wasm/00265406:wasm-function[555]:0x407f3
    at wasm://wasm/00265406:wasm-function[554]:0x405bd   [0m
[31m    Failed! Adobe_PDF_sample_a_1024x768_50Frms.264_x.yuv Case Index 384:SHA-1(Current--Benchmark): NULL-----6948faa281917ac3d963b0ba4ad2fa032a301303  [0m
[31m            ----YUVSHA1:  NULL,  9aa9a4d9598eb3e1093311826844f37c43e4c521  [0m
[31m           [OpenH264] this = 0x0x514070, Error:ParamValidationExt(), WARNING: GOM based RC do not support SM_RASTER_SLICE!
Aborted(Cannot enlarge memory arrays to size 19111936 bytes (OOM). Either (1) compile with -sINITIAL_MEMORY=X with X higher than the current value 16777216, (2) compile with -sALLOW_MEMORY_GROWTH which allows increasing the size at runtime, or (3) if you want malloc to return NULL (0) instead of this abort, compile with -sABORTING_MALLOC=0)
/home/test/workspace/openh264/test/encoder_binary_comparison/AllTestData/Adobe_PDF_sample_a_1024x768_50Frms.264/h264enc.js:167
      throw ex;
      ^

RuntimeError: Aborted(Cannot enlarge memory arrays to size 19111936 bytes (OOM). Either (1) compile with -sINITIAL_MEMORY=X with X higher than the current value 16777216, (2) compile with -sALLOW_MEMORY_GROWTH which allows increasing the size at runtime, or (3) if you want malloc to return NULL (0) instead of this abort, compile with -sABORTING_MALLOC=0)
    at abort (/home/test/workspace/openh264/test/encoder_binary_comparison/AllTestData/Adobe_PDF_sample_a_1024x768_50Frms.264/h264enc.js:1031:11)
    at abortOnCannotGrowMemory (/home/test/workspace/openh264/test/encoder_binary_comparison/AllTestData/Adobe_PDF_sample_a_1024x768_50Frms.264/h264enc.js:4914:7)
    at _emscripten_resize_heap (/home/test/workspace/openh264/test/encoder_binary_comparison/AllTestData/Adobe_PDF_sample_a_1024x768_50Frms.264/h264enc.js:4919:7)
    at wasm://wasm/00265406:wasm-function[1133]:0x705f0
    at wasm://wasm/00265406:wasm-function[1121]:0x6e28d
    at wasm://wasm/00265406:wasm-function[775]:0x60eb2
    at wasm://wasm/00265406:wasm-function[357]:0x2e8f3
    at wasm://wasm/00265406:wasm-function[363]:0x2f261
    at wasm://wasm/00265406:wasm-function[555]:0x407f3
    at wasm://wasm/00265406:wasm-function[554]:0x405bd   [0m
[31m    Failed! Adobe_PDF_sample_a_1024x768_50Frms.264_x.yuv Case Index 385:SHA-1(Current--Benchmark): NULL-----6948faa281917ac3d963b0ba4ad2fa032a301303  [0m
[31m            ----YUVSHA1:  NULL,  9aa9a4d9598eb3e1093311826844f37c43e4c521  [0m
[31m           [OpenH264] this = 0x0x514070, Error:ParamValidationExt(), WARNING: GOM based RC do not support SM_RASTER_SLICE!
Aborted(Cannot enlarge memory arrays to size 19111936 bytes (OOM). Either (1) compile with -sINITIAL_MEMORY=X with X higher than the current value 16777216, (2) compile with -sALLOW_MEMORY_GROWTH which allows increasing the size at runtime, or (3) if you want malloc to return NULL (0) instead of this abort, compile with -sABORTING_MALLOC=0)
/home/test/workspace/openh264/test/encoder_binary_comparison/AllTestData/Adobe_PDF_sample_a_1024x768_50Frms.264/h264enc.js:167
      throw ex;
      ^

RuntimeError: Aborted(Cannot enlarge memory arrays to size 19111936 bytes (OOM). Either (1) compile with -sINITIAL_MEMORY=X with X higher than the current value 16777216, (2) compile with -sALLOW_MEMORY_GROWTH which allows increasing the size at runtime, or (3) if you want malloc to return NULL (0) instead of this abort, compile with -sABORTING_MALLOC=0)
    at abort (/home/test/workspace/openh264/test/encoder_binary_comparison/AllTestData/Adobe_PDF_sample_a_1024x768_50Frms.264/h264enc.js:1031:11)
    at abortOnCannotGrowMemory (/home/test/workspace/openh264/test/encoder_binary_comparison/AllTestData/Adobe_PDF_sample_a_1024x768_50Frms.264/h264enc.js:4914:7)
    at _emscripten_resize_heap (/home/test/workspace/openh264/test/encoder_binary_comparison/AllTestData/Adobe_PDF_sample_a_1024x768_50Frms.264/h264enc.js:4919:7)
    at wasm://wasm/00265406:wasm-function[1133]:0x705f0
    at wasm://wasm/00265406:wasm-function[1121]:0x6e28d
    at wasm://wasm/00265406:wasm-function[775]:0x60eb2
    at wasm://wasm/00265406:wasm-function[357]:0x2e8f3
    at wasm://wasm/00265406:wasm-function[363]:0x2f261
    at wasm://wasm/00265406:wasm-function[555]:0x407f3
    at wasm://wasm/00265406:wasm-function[554]:0x405bd   [0m
[31m    Failed! Adobe_PDF_sample_a_1024x768_50Frms.264_x.yuv Case Index 386:SHA-1(Current--Benchmark): NULL-----6948faa281917ac3d963b0ba4ad2fa032a301303  [0m
[31m            ----YUVSHA1:  NULL,  9aa9a4d9598eb3e1093311826844f37c43e4c521  [0m
[31m           [OpenH264] this = 0x0x514070, Error:ParamValidationExt(), WARNING: GOM based RC do not support SM_RASTER_SLICE!
Aborted(Cannot enlarge memory arrays to size 19111936 bytes (OOM). Either (1) compile with -sINITIAL_MEMORY=X with X higher than the current value 16777216, (2) compile with -sALLOW_MEMORY_GROWTH which allows increasing the size at runtime, or (3) if you want malloc to return NULL (0) instead of this abort, compile with -sABORTING_MALLOC=0)
/home/test/workspace/openh264/test/encoder_binary_comparison/AllTestData/Adobe_PDF_sample_a_1024x768_50Frms.264/h264enc.js:167
      throw ex;
      ^

RuntimeError: Aborted(Cannot enlarge memory arrays to size 19111936 bytes (OOM). Either (1) compile with -sINITIAL_MEMORY=X with X higher than the current value 16777216, (2) compile with -sALLOW_MEMORY_GROWTH which allows increasing the size at runtime, or (3) if you want malloc to return NULL (0) instead of this abort, compile with -sABORTING_MALLOC=0)
    at abort (/home/test/workspace/openh264/test/encoder_binary_comparison/AllTestData/Adobe_PDF_sample_a_1024x768_50Frms.264/h264enc.js:1031:11)
    at abortOnCannotGrowMemory (/home/test/workspace/openh264/test/encoder_binary_comparison/AllTestData/Adobe_PDF_sample_a_1024x768_50Frms.264/h264enc.js:4914:7)
    at _emscripten_resize_heap (/home/test/workspace/openh264/test/encoder_binary_comparison/AllTestData/Adobe_PDF_sample_a_1024x768_50Frms.264/h264enc.js:4919:7)
    at wasm://wasm/00265406:wasm-function[1133]:0x705f0
    at wasm://wasm/00265406:wasm-function[1121]:0x6e28d
    at wasm://wasm/00265406:wasm-function[775]:0x60eb2
    at wasm://wasm/00265406:wasm-function[357]:0x2e8f3
    at wasm://wasm/00265406:wasm-function[363]:0x2f261
    at wasm://wasm/00265406:wasm-function[555]:0x407f3
    at wasm://wasm/00265406:wasm-function[554]:0x405bd   [0m
[31m    Failed! Adobe_PDF_sample_a_1024x768_50Frms.264_x.yuv Case Index 387:SHA-1(Current--Benchmark): NULL-----6948faa281917ac3d963b0ba4ad2fa032a301303  [0m
[31m            ----YUVSHA1:  NULL,  9aa9a4d9598eb3e1093311826844f37c43e4c521  [0m
[31m           [OpenH264] this = 0x0x514070, Error:ParamValidationExt(), WARNING: GOM based RC do not support SM_RASTER_SLICE!
Aborted(Cannot enlarge memory arrays to size 19111936 bytes (OOM). Either (1) compile with -sINITIAL_MEMORY=X with X higher than the current value 16777216, (2) compile with -sALLOW_MEMORY_GROWTH which allows increasing the size at runtime, or (3) if you want malloc to return NULL (0) instead of this abort, compile with -sABORTING_MALLOC=0)
/home/test/workspace/openh264/test/encoder_binary_comparison/AllTestData/Adobe_PDF_sample_a_1024x768_50Frms.264/h264enc.js:167
      throw ex;
      ^

RuntimeError: Aborted(Cannot enlarge memory arrays to size 19111936 bytes (OOM). Either (1) compile with -sINITIAL_MEMORY=X with X higher than the current value 16777216, (2) compile with -sALLOW_MEMORY_GROWTH which allows increasing the size at runtime, or (3) if you want malloc to return NULL (0) instead of this abort, compile with -sABORTING_MALLOC=0)
    at abort (/home/test/workspace/openh264/test/encoder_binary_comparison/AllTestData/Adobe_PDF_sample_a_1024x768_50Frms.264/h264enc.js:1031:11)
    at abortOnCannotGrowMemory (/home/test/workspace/openh264/test/encoder_binary_comparison/AllTestData/Adobe_PDF_sample_a_1024x768_50Frms.264/h264enc.js:4914:7)
    at _emscripten_resize_heap (/home/test/workspace/openh264/test/encoder_binary_comparison/AllTestData/Adobe_PDF_sample_a_1024x768_50Frms.264/h264enc.js:4919:7)
    at wasm://wasm/00265406:wasm-function[1133]:0x705f0
    at wasm://wasm/00265406:wasm-function[1121]:0x6e28d
    at wasm://wasm/00265406:wasm-function[775]:0x60eb2
    at wasm://wasm/00265406:wasm-function[357]:0x2e8f3
    at wasm://wasm/00265406:wasm-function[363]:0x2f261
    at wasm://wasm/00265406:wasm-function[555]:0x407f3
    at wasm://wasm/00265406:wasm-function[554]:0x405bd   [0m
[31m    Failed! Adobe_PDF_sample_a_1024x768_50Frms.264_x.yuv Case Index 388:SHA-1(Current--Benchmark): NULL-----6948faa281917ac3d963b0ba4ad2fa032a301303  [0m
[31m            ----YUVSHA1:  NULL,  9aa9a4d9598eb3e1093311826844f37c43e4c521  [0m
[31m           [OpenH264] this = 0x0x514070, Error:ParamValidationExt(), WARNING: GOM based RC do not support SM_RASTER_SLICE!
Aborted(Cannot enlarge memory arrays to size 19111936 bytes (OOM). Either (1) compile with -sINITIAL_MEMORY=X with X higher than the current value 16777216, (2) compile with -sALLOW_MEMORY_GROWTH which allows increasing the size at runtime, or (3) if you want malloc to return NULL (0) instead of this abort, compile with -sABORTING_MALLOC=0)
/home/test/workspace/openh264/test/encoder_binary_comparison/AllTestData/Adobe_PDF_sample_a_1024x768_50Frms.264/h264enc.js:167
      throw ex;
      ^

RuntimeError: Aborted(Cannot enlarge memory arrays to size 19111936 bytes (OOM). Either (1) compile with -sINITIAL_MEMORY=X with X higher than the current value 16777216, (2) compile with -sALLOW_MEMORY_GROWTH which allows increasing the size at runtime, or (3) if you want malloc to return NULL (0) instead of this abort, compile with -sABORTING_MALLOC=0)
    at abort (/home/test/workspace/openh264/test/encoder_binary_comparison/AllTestData/Adobe_PDF_sample_a_1024x768_50Frms.264/h264enc.js:1031:11)
    at abortOnCannotGrowMemory (/home/test/workspace/openh264/test/encoder_binary_comparison/AllTestData/Adobe_PDF_sample_a_1024x768_50Frms.264/h264enc.js:4914:7)
    at _emscripten_resize_heap (/home/test/workspace/openh264/test/encoder_binary_comparison/AllTestData/Adobe_PDF_sample_a_1024x768_50Frms.264/h264enc.js:4919:7)
    at wasm://wasm/00265406:wasm-function[1133]:0x705f0
    at wasm://wasm/00265406:wasm-function[1121]:0x6e28d
    at wasm://wasm/00265406:wasm-function[775]:0x60eb2
    at wasm://wasm/00265406:wasm-function[357]:0x2e8f3
    at wasm://wasm/00265406:wasm-function[363]:0x2f261
    at wasm://wasm/00265406:wasm-function[555]:0x407f3
    at wasm://wasm/00265406:wasm-function[554]:0x405bd   [0m
[31m    Failed! Adobe_PDF_sample_a_1024x768_50Frms.264_x.yuv Case Index 389:SHA-1(Current--Benchmark): NULL-----6948faa281917ac3d963b0ba4ad2fa032a301303  [0m
[31m            ----YUVSHA1:  NULL,  9aa9a4d9598eb3e1093311826844f37c43e4c521  [0m
[31m           [OpenH264] this = 0x0x514070, Error:ParamValidationExt(), WARNING: GOM based RC do not support SM_RASTER_SLICE!
Aborted(Cannot enlarge memory arrays to size 19111936 bytes (OOM). Either (1) compile with -sINITIAL_MEMORY=X with X higher than the current value 16777216, (2) compile with -sALLOW_MEMORY_GROWTH which allows increasing the size at runtime, or (3) if you want malloc to return NULL (0) instead of this abort, compile with -sABORTING_MALLOC=0)
/home/test/workspace/openh264/test/encoder_binary_comparison/AllTestData/Adobe_PDF_sample_a_1024x768_50Frms.264/h264enc.js:167
      throw ex;
      ^

RuntimeError: Aborted(Cannot enlarge memory arrays to size 19111936 bytes (OOM). Either (1) compile with -sINITIAL_MEMORY=X with X higher than the current value 16777216, (2) compile with -sALLOW_MEMORY_GROWTH which allows increasing the size at runtime, or (3) if you want malloc to return NULL (0) instead of this abort, compile with -sABORTING_MALLOC=0)
    at abort (/home/test/workspace/openh264/test/encoder_binary_comparison/AllTestData/Adobe_PDF_sample_a_1024x768_50Frms.264/h264enc.js:1031:11)
    at abortOnCannotGrowMemory (/home/test/workspace/openh264/test/encoder_binary_comparison/AllTestData/Adobe_PDF_sample_a_1024x768_50Frms.264/h264enc.js:4914:7)
    at _emscripten_resize_heap (/home/test/workspace/openh264/test/encoder_binary_comparison/AllTestData/Adobe_PDF_sample_a_1024x768_50Frms.264/h264enc.js:4919:7)
    at wasm://wasm/00265406:wasm-function[1133]:0x705f0
    at wasm://wasm/00265406:wasm-function[1121]:0x6e28d
    at wasm://wasm/00265406:wasm-function[775]:0x60eb2
    at wasm://wasm/00265406:wasm-function[357]:0x2e8f3
    at wasm://wasm/00265406:wasm-function[363]:0x2f261
    at wasm://wasm/00265406:wasm-function[555]:0x407f3
    at wasm://wasm/00265406:wasm-function[554]:0x405bd   [0m
[31m    Failed! Adobe_PDF_sample_a_1024x768_50Frms.264_x.yuv Case Index 390:SHA-1(Current--Benchmark): NULL-----6948faa281917ac3d963b0ba4ad2fa032a301303  [0m
[31m            ----YUVSHA1:  NULL,  9aa9a4d9598eb3e1093311826844f37c43e4c521  [0m
[31m           [OpenH264] this = 0x0x514070, Error:ParamValidationExt(), WARNING: GOM based RC do not support SM_RASTER_SLICE!
Aborted(Cannot enlarge memory arrays to size 19111936 bytes (OOM). Either (1) compile with -sINITIAL_MEMORY=X with X higher than the current value 16777216, (2) compile with -sALLOW_MEMORY_GROWTH which allows increasing the size at runtime, or (3) if you want malloc to return NULL (0) instead of this abort, compile with -sABORTING_MALLOC=0)
/home/test/workspace/openh264/test/encoder_binary_comparison/AllTestData/Adobe_PDF_sample_a_1024x768_50Frms.264/h264enc.js:167
      throw ex;
      ^

RuntimeError: Aborted(Cannot enlarge memory arrays to size 19111936 bytes (OOM). Either (1) compile with -sINITIAL_MEMORY=X with X higher than the current value 16777216, (2) compile with -sALLOW_MEMORY_GROWTH which allows increasing the size at runtime, or (3) if you want malloc to return NULL (0) instead of this abort, compile with -sABORTING_MALLOC=0)
    at abort (/home/test/workspace/openh264/test/encoder_binary_comparison/AllTestData/Adobe_PDF_sample_a_1024x768_50Frms.264/h264enc.js:1031:11)
    at abortOnCannotGrowMemory (/home/test/workspace/openh264/test/encoder_binary_comparison/AllTestData/Adobe_PDF_sample_a_1024x768_50Frms.264/h264enc.js:4914:7)
    at _emscripten_resize_heap (/home/test/workspace/openh264/test/encoder_binary_comparison/AllTestData/Adobe_PDF_sample_a_1024x768_50Frms.264/h264enc.js:4919:7)
    at wasm://wasm/00265406:wasm-function[1133]:0x705f0
    at wasm://wasm/00265406:wasm-function[1121]:0x6e28d
    at wasm://wasm/00265406:wasm-function[775]:0x60eb2
    at wasm://wasm/00265406:wasm-function[357]:0x2e8f3
    at wasm://wasm/00265406:wasm-function[363]:0x2f261
    at wasm://wasm/00265406:wasm-function[555]:0x407f3
    at wasm://wasm/00265406:wasm-function[554]:0x405bd   [0m
[31m    Failed! Adobe_PDF_sample_a_1024x768_50Frms.264_x.yuv Case Index 391:SHA-1(Current--Benchmark): NULL-----6948faa281917ac3d963b0ba4ad2fa032a301303  [0m
[31m            ----YUVSHA1:  NULL,  9aa9a4d9598eb3e1093311826844f37c43e4c521  [0m
[31m           [OpenH264] this = 0x0x514070, Error:ParamValidationExt(), WARNING: GOM based RC do not support SM_RASTER_SLICE!
Aborted(Cannot enlarge memory arrays to size 19111936 bytes (OOM). Either (1) compile with -sINITIAL_MEMORY=X with X higher than the current value 16777216, (2) compile with -sALLOW_MEMORY_GROWTH which allows increasing the size at runtime, or (3) if you want malloc to return NULL (0) instead of this abort, compile with -sABORTING_MALLOC=0)
/home/test/workspace/openh264/test/encoder_binary_comparison/AllTestData/Adobe_PDF_sample_a_1024x768_50Frms.264/h264enc.js:167
      throw ex;
      ^

RuntimeError: Aborted(Cannot enlarge memory arrays to size 19111936 bytes (OOM). Either (1) compile with -sINITIAL_MEMORY=X with X higher than the current value 16777216, (2) compile with -sALLOW_MEMORY_GROWTH which allows increasing the size at runtime, or (3) if you want malloc to return NULL (0) instead of this abort, compile with -sABORTING_MALLOC=0)
    at abort (/home/test/workspace/openh264/test/encoder_binary_comparison/AllTestData/Adobe_PDF_sample_a_1024x768_50Frms.264/h264enc.js:1031:11)
    at abortOnCannotGrowMemory (/home/test/workspace/openh264/test/encoder_binary_comparison/AllTestData/Adobe_PDF_sample_a_1024x768_50Frms.264/h264enc.js:4914:7)
    at _emscripten_resize_heap (/home/test/workspace/openh264/test/encoder_binary_comparison/AllTestData/Adobe_PDF_sample_a_1024x768_50Frms.264/h264enc.js:4919:7)
    at wasm://wasm/00265406:wasm-function[1133]:0x705f0
    at wasm://wasm/00265406:wasm-function[1121]:0x6e28d
    at wasm://wasm/00265406:wasm-function[775]:0x60eb2
    at wasm://wasm/00265406:wasm-function[357]:0x2e8f3
    at wasm://wasm/00265406:wasm-function[363]:0x2f261
    at wasm://wasm/00265406:wasm-function[555]:0x407f3
    at wasm://wasm/00265406:wasm-function[554]:0x405bd   [0m
[31m    Failed! Adobe_PDF_sample_a_1024x768_50Frms.264_x.yuv Case Index 392:SHA-1(Current--Benchmark): NULL-----6948faa281917ac3d963b0ba4ad2fa032a301303  [0m
[31m            ----YUVSHA1:  NULL,  9aa9a4d9598eb3e1093311826844f37c43e4c521  [0m
[31m           [OpenH264] this = 0x0x514070, Error:ParamValidationExt(), WARNING: GOM based RC do not support SM_RASTER_SLICE!
Aborted(Cannot enlarge memory arrays to size 19111936 bytes (OOM). Either (1) compile with -sINITIAL_MEMORY=X with X higher than the current value 16777216, (2) compile with -sALLOW_MEMORY_GROWTH which allows increasing the size at runtime, or (3) if you want malloc to return NULL (0) instead of this abort, compile with -sABORTING_MALLOC=0)
/home/test/workspace/openh264/test/encoder_binary_comparison/AllTestData/Adobe_PDF_sample_a_1024x768_50Frms.264/h264enc.js:167
      throw ex;
      ^

RuntimeError: Aborted(Cannot enlarge memory arrays to size 19111936 bytes (OOM). Either (1) compile with -sINITIAL_MEMORY=X with X higher than the current value 16777216, (2) compile with -sALLOW_MEMORY_GROWTH which allows increasing the size at runtime, or (3) if you want malloc to return NULL (0) instead of this abort, compile with -sABORTING_MALLOC=0)
    at abort (/home/test/workspace/openh264/test/encoder_binary_comparison/AllTestData/Adobe_PDF_sample_a_1024x768_50Frms.264/h264enc.js:1031:11)
    at abortOnCannotGrowMemory (/home/test/workspace/openh264/test/encoder_binary_comparison/AllTestData/Adobe_PDF_sample_a_1024x768_50Frms.264/h264enc.js:4914:7)
    at _emscripten_resize_heap (/home/test/workspace/openh264/test/encoder_binary_comparison/AllTestData/Adobe_PDF_sample_a_1024x768_50Frms.264/h264enc.js:4919:7)
    at wasm://wasm/00265406:wasm-function[1133]:0x705f0
    at wasm://wasm/00265406:wasm-function[1121]:0x6e28d
    at wasm://wasm/00265406:wasm-function[775]:0x60eb2
    at wasm://wasm/00265406:wasm-function[357]:0x2e8f3
    at wasm://wasm/00265406:wasm-function[363]:0x2f261
    at wasm://wasm/00265406:wasm-function[555]:0x407f3
    at wasm://wasm/00265406:wasm-function[554]:0x405bd   [0m
[31m    Failed! Adobe_PDF_sample_a_1024x768_50Frms.264_x.yuv Case Index 393:SHA-1(Current--Benchmark): NULL-----6948faa281917ac3d963b0ba4ad2fa032a301303  [0m
[31m            ----YUVSHA1:  NULL,  9aa9a4d9598eb3e1093311826844f37c43e4c521  [0m
[31m           [OpenH264] this = 0x0x514070, Error:ParamValidationExt(), WARNING: GOM based RC do not support SM_RASTER_SLICE!
Aborted(Cannot enlarge memory arrays to size 19111936 bytes (OOM). Either (1) compile with -sINITIAL_MEMORY=X with X higher than the current value 16777216, (2) compile with -sALLOW_MEMORY_GROWTH which allows increasing the size at runtime, or (3) if you want malloc to return NULL (0) instead of this abort, compile with -sABORTING_MALLOC=0)
/home/test/workspace/openh264/test/encoder_binary_comparison/AllTestData/Adobe_PDF_sample_a_1024x768_50Frms.264/h264enc.js:167
      throw ex;
      ^

RuntimeError: Aborted(Cannot enlarge memory arrays to size 19111936 bytes (OOM). Either (1) compile with -sINITIAL_MEMORY=X with X higher than the current value 16777216, (2) compile with -sALLOW_MEMORY_GROWTH which allows increasing the size at runtime, or (3) if you want malloc to return NULL (0) instead of this abort, compile with -sABORTING_MALLOC=0)
    at abort (/home/test/workspace/openh264/test/encoder_binary_comparison/AllTestData/Adobe_PDF_sample_a_1024x768_50Frms.264/h264enc.js:1031:11)
    at abortOnCannotGrowMemory (/home/test/workspace/openh264/test/encoder_binary_comparison/AllTestData/Adobe_PDF_sample_a_1024x768_50Frms.264/h264enc.js:4914:7)
    at _emscripten_resize_heap (/home/test/workspace/openh264/test/encoder_binary_comparison/AllTestData/Adobe_PDF_sample_a_1024x768_50Frms.264/h264enc.js:4919:7)
    at wasm://wasm/00265406:wasm-function[1133]:0x705f0
    at wasm://wasm/00265406:wasm-function[1121]:0x6e28d
    at wasm://wasm/00265406:wasm-function[775]:0x60eb2
    at wasm://wasm/00265406:wasm-function[357]:0x2e8f3
    at wasm://wasm/00265406:wasm-function[363]:0x2f261
    at wasm://wasm/00265406:wasm-function[555]:0x407f3
    at wasm://wasm/00265406:wasm-function[554]:0x405bd   [0m
[31m    Failed! Adobe_PDF_sample_a_1024x768_50Frms.264_x.yuv Case Index 394:SHA-1(Current--Benchmark): NULL-----6948faa281917ac3d963b0ba4ad2fa032a301303  [0m
[31m            ----YUVSHA1:  NULL,  9aa9a4d9598eb3e1093311826844f37c43e4c521  [0m
[31m           [OpenH264] this = 0x0x514070, Error:ParamValidationExt(), WARNING: GOM based RC do not support SM_RASTER_SLICE!
Aborted(Cannot enlarge memory arrays to size 19111936 bytes (OOM). Either (1) compile with -sINITIAL_MEMORY=X with X higher than the current value 16777216, (2) compile with -sALLOW_MEMORY_GROWTH which allows increasing the size at runtime, or (3) if you want malloc to return NULL (0) instead of this abort, compile with -sABORTING_MALLOC=0)
/home/test/workspace/openh264/test/encoder_binary_comparison/AllTestData/Adobe_PDF_sample_a_1024x768_50Frms.264/h264enc.js:167
      throw ex;
      ^

RuntimeError: Aborted(Cannot enlarge memory arrays to size 19111936 bytes (OOM). Either (1) compile with -sINITIAL_MEMORY=X with X higher than the current value 16777216, (2) compile with -sALLOW_MEMORY_GROWTH which allows increasing the size at runtime, or (3) if you want malloc to return NULL (0) instead of this abort, compile with -sABORTING_MALLOC=0)
    at abort (/home/test/workspace/openh264/test/encoder_binary_comparison/AllTestData/Adobe_PDF_sample_a_1024x768_50Frms.264/h264enc.js:1031:11)
    at abortOnCannotGrowMemory (/home/test/workspace/openh264/test/encoder_binary_comparison/AllTestData/Adobe_PDF_sample_a_1024x768_50Frms.264/h264enc.js:4914:7)
    at _emscripten_resize_heap (/home/test/workspace/openh264/test/encoder_binary_comparison/AllTestData/Adobe_PDF_sample_a_1024x768_50Frms.264/h264enc.js:4919:7)
    at wasm://wasm/00265406:wasm-function[1133]:0x705f0
    at wasm://wasm/00265406:wasm-function[1121]:0x6e28d
    at wasm://wasm/00265406:wasm-function[775]:0x60eb2
    at wasm://wasm/00265406:wasm-function[357]:0x2e8f3
    at wasm://wasm/00265406:wasm-function[363]:0x2f261
    at wasm://wasm/00265406:wasm-function[555]:0x407f3
    at wasm://wasm/00265406:wasm-function[554]:0x405bd   [0m
[31m    Failed! Adobe_PDF_sample_a_1024x768_50Frms.264_x.yuv Case Index 395:SHA-1(Current--Benchmark): NULL-----6948faa281917ac3d963b0ba4ad2fa032a301303  [0m
[31m            ----YUVSHA1:  NULL,  9aa9a4d9598eb3e1093311826844f37c43e4c521  [0m
[31m           [OpenH264] this = 0x0x514070, Error:ParamValidationExt(), WARNING: GOM based RC do not support SM_RASTER_SLICE!
Aborted(Cannot enlarge memory arrays to size 19111936 bytes (OOM). Either (1) compile with -sINITIAL_MEMORY=X with X higher than the current value 16777216, (2) compile with -sALLOW_MEMORY_GROWTH which allows increasing the size at runtime, or (3) if you want malloc to return NULL (0) instead of this abort, compile with -sABORTING_MALLOC=0)
/home/test/workspace/openh264/test/encoder_binary_comparison/AllTestData/Adobe_PDF_sample_a_1024x768_50Frms.264/h264enc.js:167
      throw ex;
      ^

RuntimeError: Aborted(Cannot enlarge memory arrays to size 19111936 bytes (OOM). Either (1) compile with -sINITIAL_MEMORY=X with X higher than the current value 16777216, (2) compile with -sALLOW_MEMORY_GROWTH which allows increasing the size at runtime, or (3) if you want malloc to return NULL (0) instead of this abort, compile with -sABORTING_MALLOC=0)
    at abort (/home/test/workspace/openh264/test/encoder_binary_comparison/AllTestData/Adobe_PDF_sample_a_1024x768_50Frms.264/h264enc.js:1031:11)
    at abortOnCannotGrowMemory (/home/test/workspace/openh264/test/encoder_binary_comparison/AllTestData/Adobe_PDF_sample_a_1024x768_50Frms.264/h264enc.js:4914:7)
    at _emscripten_resize_heap (/home/test/workspace/openh264/test/encoder_binary_comparison/AllTestData/Adobe_PDF_sample_a_1024x768_50Frms.264/h264enc.js:4919:7)
    at wasm://wasm/00265406:wasm-function[1133]:0x705f0
    at wasm://wasm/00265406:wasm-function[1121]:0x6e28d
    at wasm://wasm/00265406:wasm-function[775]:0x60eb2
    at wasm://wasm/00265406:wasm-function[357]:0x2e8f3
    at wasm://wasm/00265406:wasm-function[363]:0x2f261
    at wasm://wasm/00265406:wasm-function[555]:0x407f3
    at wasm://wasm/00265406:wasm-function[554]:0x405bd   [0m
[31m    Failed! Adobe_PDF_sample_a_1024x768_50Frms.264_x.yuv Case Index 396:SHA-1(Current--Benchmark): NULL-----6948faa281917ac3d963b0ba4ad2fa032a301303  [0m
[31m            ----YUVSHA1:  NULL,  9aa9a4d9598eb3e1093311826844f37c43e4c521  [0m
[31m           [OpenH264] this = 0x0x514070, Error:ParamValidationExt(), WARNING: GOM based RC do not support SM_RASTER_SLICE!
Aborted(Cannot enlarge memory arrays to size 19111936 bytes (OOM). Either (1) compile with -sINITIAL_MEMORY=X with X higher than the current value 16777216, (2) compile with -sALLOW_MEMORY_GROWTH which allows increasing the size at runtime, or (3) if you want malloc to return NULL (0) instead of this abort, compile with -sABORTING_MALLOC=0)
/home/test/workspace/openh264/test/encoder_binary_comparison/AllTestData/Adobe_PDF_sample_a_1024x768_50Frms.264/h264enc.js:167
      throw ex;
      ^

RuntimeError: Aborted(Cannot enlarge memory arrays to size 19111936 bytes (OOM). Either (1) compile with -sINITIAL_MEMORY=X with X higher than the current value 16777216, (2) compile with -sALLOW_MEMORY_GROWTH which allows increasing the size at runtime, or (3) if you want malloc to return NULL (0) instead of this abort, compile with -sABORTING_MALLOC=0)
    at abort (/home/test/workspace/openh264/test/encoder_binary_comparison/AllTestData/Adobe_PDF_sample_a_1024x768_50Frms.264/h264enc.js:1031:11)
    at abortOnCannotGrowMemory (/home/test/workspace/openh264/test/encoder_binary_comparison/AllTestData/Adobe_PDF_sample_a_1024x768_50Frms.264/h264enc.js:4914:7)
    at _emscripten_resize_heap (/home/test/workspace/openh264/test/encoder_binary_comparison/AllTestData/Adobe_PDF_sample_a_1024x768_50Frms.264/h264enc.js:4919:7)
    at wasm://wasm/00265406:wasm-function[1133]:0x705f0
    at wasm://wasm/00265406:wasm-function[1121]:0x6e28d
    at wasm://wasm/00265406:wasm-function[775]:0x60eb2
    at wasm://wasm/00265406:wasm-function[357]:0x2e8f3
    at wasm://wasm/00265406:wasm-function[363]:0x2f261
    at wasm://wasm/00265406:wasm-function[555]:0x407f3
    at wasm://wasm/00265406:wasm-function[554]:0x405bd   [0m
[31m    Failed! Adobe_PDF_sample_a_1024x768_50Frms.264_x.yuv Case Index 397:SHA-1(Current--Benchmark): NULL-----6948faa281917ac3d963b0ba4ad2fa032a301303  [0m
[31m            ----YUVSHA1:  NULL,  9aa9a4d9598eb3e1093311826844f37c43e4c521  [0m
[31m           [OpenH264] this = 0x0x514070, Error:ParamValidationExt(), WARNING: GOM based RC do not support SM_RASTER_SLICE!
Aborted(Cannot enlarge memory arrays to size 19111936 bytes (OOM). Either (1) compile with -sINITIAL_MEMORY=X with X higher than the current value 16777216, (2) compile with -sALLOW_MEMORY_GROWTH which allows increasing the size at runtime, or (3) if you want malloc to return NULL (0) instead of this abort, compile with -sABORTING_MALLOC=0)
/home/test/workspace/openh264/test/encoder_binary_comparison/AllTestData/Adobe_PDF_sample_a_1024x768_50Frms.264/h264enc.js:167
      throw ex;
      ^

RuntimeError: Aborted(Cannot enlarge memory arrays to size 19111936 bytes (OOM). Either (1) compile with -sINITIAL_MEMORY=X with X higher than the current value 16777216, (2) compile with -sALLOW_MEMORY_GROWTH which allows increasing the size at runtime, or (3) if you want malloc to return NULL (0) instead of this abort, compile with -sABORTING_MALLOC=0)
    at abort (/home/test/workspace/openh264/test/encoder_binary_comparison/AllTestData/Adobe_PDF_sample_a_1024x768_50Frms.264/h264enc.js:1031:11)
    at abortOnCannotGrowMemory (/home/test/workspace/openh264/test/encoder_binary_comparison/AllTestData/Adobe_PDF_sample_a_1024x768_50Frms.264/h264enc.js:4914:7)
    at _emscripten_resize_heap (/home/test/workspace/openh264/test/encoder_binary_comparison/AllTestData/Adobe_PDF_sample_a_1024x768_50Frms.264/h264enc.js:4919:7)
    at wasm://wasm/00265406:wasm-function[1133]:0x705f0
    at wasm://wasm/00265406:wasm-function[1121]:0x6e28d
    at wasm://wasm/00265406:wasm-function[775]:0x60eb2
    at wasm://wasm/00265406:wasm-function[357]:0x2e8f3
    at wasm://wasm/00265406:wasm-function[363]:0x2f261
    at wasm://wasm/00265406:wasm-function[555]:0x407f3
    at wasm://wasm/00265406:wasm-function[554]:0x405bd   [0m
[31m    Failed! Adobe_PDF_sample_a_1024x768_50Frms.264_x.yuv Case Index 398:SHA-1(Current--Benchmark): NULL-----6948faa281917ac3d963b0ba4ad2fa032a301303  [0m
[31m            ----YUVSHA1:  NULL,  9aa9a4d9598eb3e1093311826844f37c43e4c521  [0m
[31m           [OpenH264] this = 0x0x514070, Error:ParamValidationExt(), WARNING: GOM based RC do not support SM_RASTER_SLICE!
Aborted(Cannot enlarge memory arrays to size 19111936 bytes (OOM). Either (1) compile with -sINITIAL_MEMORY=X with X higher than the current value 16777216, (2) compile with -sALLOW_MEMORY_GROWTH which allows increasing the size at runtime, or (3) if you want malloc to return NULL (0) instead of this abort, compile with -sABORTING_MALLOC=0)
/home/test/workspace/openh264/test/encoder_binary_comparison/AllTestData/Adobe_PDF_sample_a_1024x768_50Frms.264/h264enc.js:167
      throw ex;
      ^

RuntimeError: Aborted(Cannot enlarge memory arrays to size 19111936 bytes (OOM). Either (1) compile with -sINITIAL_MEMORY=X with X higher than the current value 16777216, (2) compile with -sALLOW_MEMORY_GROWTH which allows increasing the size at runtime, or (3) if you want malloc to return NULL (0) instead of this abort, compile with -sABORTING_MALLOC=0)
    at abort (/home/test/workspace/openh264/test/encoder_binary_comparison/AllTestData/Adobe_PDF_sample_a_1024x768_50Frms.264/h264enc.js:1031:11)
    at abortOnCannotGrowMemory (/home/test/workspace/openh264/test/encoder_binary_comparison/AllTestData/Adobe_PDF_sample_a_1024x768_50Frms.264/h264enc.js:4914:7)
    at _emscripten_resize_heap (/home/test/workspace/openh264/test/encoder_binary_comparison/AllTestData/Adobe_PDF_sample_a_1024x768_50Frms.264/h264enc.js:4919:7)
    at wasm://wasm/00265406:wasm-function[1133]:0x705f0
    at wasm://wasm/00265406:wasm-function[1121]:0x6e28d
    at wasm://wasm/00265406:wasm-function[775]:0x60eb2
    at wasm://wasm/00265406:wasm-function[357]:0x2e8f3
    at wasm://wasm/00265406:wasm-function[363]:0x2f261
    at wasm://wasm/00265406:wasm-function[555]:0x407f3
    at wasm://wasm/00265406:wasm-function[554]:0x405bd   [0m
[31m    Failed! Adobe_PDF_sample_a_1024x768_50Frms.264_x.yuv Case Index 399:SHA-1(Current--Benchmark): NULL-----6948faa281917ac3d963b0ba4ad2fa032a301303  [0m
[31m            ----YUVSHA1:  NULL,  9aa9a4d9598eb3e1093311826844f37c43e4c521  [0m
[31m           [OpenH264] this = 0x0x514070, Error:ParamValidationExt(), WARNING: GOM based RC do not support SM_RASTER_SLICE!
Aborted(Cannot enlarge memory arrays to size 19111936 bytes (OOM). Either (1) compile with -sINITIAL_MEMORY=X with X higher than the current value 16777216, (2) compile with -sALLOW_MEMORY_GROWTH which allows increasing the size at runtime, or (3) if you want malloc to return NULL (0) instead of this abort, compile with -sABORTING_MALLOC=0)
/home/test/workspace/openh264/test/encoder_binary_comparison/AllTestData/Adobe_PDF_sample_a_1024x768_50Frms.264/h264enc.js:167
      throw ex;
      ^

RuntimeError: Aborted(Cannot enlarge memory arrays to size 19111936 bytes (OOM). Either (1) compile with -sINITIAL_MEMORY=X with X higher than the current value 16777216, (2) compile with -sALLOW_MEMORY_GROWTH which allows increasing the size at runtime, or (3) if you want malloc to return NULL (0) instead of this abort, compile with -sABORTING_MALLOC=0)
    at abort (/home/test/workspace/openh264/test/encoder_binary_comparison/AllTestData/Adobe_PDF_sample_a_1024x768_50Frms.264/h264enc.js:1031:11)
    at abortOnCannotGrowMemory (/home/test/workspace/openh264/test/encoder_binary_comparison/AllTestData/Adobe_PDF_sample_a_1024x768_50Frms.264/h264enc.js:4914:7)
    at _emscripten_resize_heap (/home/test/workspace/openh264/test/encoder_binary_comparison/AllTestData/Adobe_PDF_sample_a_1024x768_50Frms.264/h264enc.js:4919:7)
    at wasm://wasm/00265406:wasm-function[1133]:0x705f0
    at wasm://wasm/00265406:wasm-function[1121]:0x6e28d
    at wasm://wasm/00265406:wasm-function[775]:0x60eb2
    at wasm://wasm/00265406:wasm-function[357]:0x2e8f3
    at wasm://wasm/00265406:wasm-function[363]:0x2f261
    at wasm://wasm/00265406:wasm-function[555]:0x407f3
    at wasm://wasm/00265406:wasm-function[554]:0x405bd   [0m
[31m    Failed! Adobe_PDF_sample_a_1024x768_50Frms.264_x.yuv Case Index 400:SHA-1(Current--Benchmark): NULL-----de6534193af7a14c9a9f99f3fdd98530c597d7ad  [0m
[31m            ----YUVSHA1:  NULL,  9aa9a4d9598eb3e1093311826844f37c43e4c521  [0m
[31m           Aborted(Cannot enlarge memory arrays to size 19116032 bytes (OOM). Either (1) compile with -sINITIAL_MEMORY=X with X higher than the current value 16777216, (2) compile with -sALLOW_MEMORY_GROWTH which allows increasing the size at runtime, or (3) if you want malloc to return NULL (0) instead of this abort, compile with -sABORTING_MALLOC=0)
/home/test/workspace/openh264/test/encoder_binary_comparison/AllTestData/Adobe_PDF_sample_a_1024x768_50Frms.264/h264enc.js:167
      throw ex;
      ^

RuntimeError: Aborted(Cannot enlarge memory arrays to size 19116032 bytes (OOM). Either (1) compile with -sINITIAL_MEMORY=X with X higher than the current value 16777216, (2) compile with -sALLOW_MEMORY_GROWTH which allows increasing the size at runtime, or (3) if you want malloc to return NULL (0) instead of this abort, compile with -sABORTING_MALLOC=0)
    at abort (/home/test/workspace/openh264/test/encoder_binary_comparison/AllTestData/Adobe_PDF_sample_a_1024x768_50Frms.264/h264enc.js:1031:11)
    at abortOnCannotGrowMemory (/home/test/workspace/openh264/test/encoder_binary_comparison/AllTestData/Adobe_PDF_sample_a_1024x768_50Frms.264/h264enc.js:4914:7)
    at _emscripten_resize_heap (/home/test/workspace/openh264/test/encoder_binary_comparison/AllTestData/Adobe_PDF_sample_a_1024x768_50Frms.264/h264enc.js:4919:7)
    at wasm://wasm/00265406:wasm-function[1133]:0x705f0
    at wasm://wasm/00265406:wasm-function[1121]:0x6e28d
    at wasm://wasm/00265406:wasm-function[775]:0x60eb2
    at wasm://wasm/00265406:wasm-function[357]:0x2e8f3
    at wasm://wasm/00265406:wasm-function[363]:0x2f261
    at wasm://wasm/00265406:wasm-function[555]:0x407f3
    at wasm://wasm/00265406:wasm-function[554]:0x405bd   [0m
[31m    Failed! Adobe_PDF_sample_a_1024x768_50Frms.264_x.yuv Case Index 401:SHA-1(Current--Benchmark): NULL-----de6534193af7a14c9a9f99f3fdd98530c597d7ad  [0m
[31m            ----YUVSHA1:  NULL,  9aa9a4d9598eb3e1093311826844f37c43e4c521  [0m
[31m           Aborted(Cannot enlarge memory arrays to size 19116032 bytes (OOM). Either (1) compile with -sINITIAL_MEMORY=X with X higher than the current value 16777216, (2) compile with -sALLOW_MEMORY_GROWTH which allows increasing the size at runtime, or (3) if you want malloc to return NULL (0) instead of this abort, compile with -sABORTING_MALLOC=0)
/home/test/workspace/openh264/test/encoder_binary_comparison/AllTestData/Adobe_PDF_sample_a_1024x768_50Frms.264/h264enc.js:167
      throw ex;
      ^

RuntimeError: Aborted(Cannot enlarge memory arrays to size 19116032 bytes (OOM). Either (1) compile with -sINITIAL_MEMORY=X with X higher than the current value 16777216, (2) compile with -sALLOW_MEMORY_GROWTH which allows increasing the size at runtime, or (3) if you want malloc to return NULL (0) instead of this abort, compile with -sABORTING_MALLOC=0)
    at abort (/home/test/workspace/openh264/test/encoder_binary_comparison/AllTestData/Adobe_PDF_sample_a_1024x768_50Frms.264/h264enc.js:1031:11)
    at abortOnCannotGrowMemory (/home/test/workspace/openh264/test/encoder_binary_comparison/AllTestData/Adobe_PDF_sample_a_1024x768_50Frms.264/h264enc.js:4914:7)
    at _emscripten_resize_heap (/home/test/workspace/openh264/test/encoder_binary_comparison/AllTestData/Adobe_PDF_sample_a_1024x768_50Frms.264/h264enc.js:4919:7)
    at wasm://wasm/00265406:wasm-function[1133]:0x705f0
    at wasm://wasm/00265406:wasm-function[1121]:0x6e28d
    at wasm://wasm/00265406:wasm-function[775]:0x60eb2
    at wasm://wasm/00265406:wasm-function[357]:0x2e8f3
    at wasm://wasm/00265406:wasm-function[363]:0x2f261
    at wasm://wasm/00265406:wasm-function[555]:0x407f3
    at wasm://wasm/00265406:wasm-function[554]:0x405bd   [0m
[31m    Failed! Adobe_PDF_sample_a_1024x768_50Frms.264_x.yuv Case Index 402:SHA-1(Current--Benchmark): NULL-----de6534193af7a14c9a9f99f3fdd98530c597d7ad  [0m
[31m            ----YUVSHA1:  NULL,  9aa9a4d9598eb3e1093311826844f37c43e4c521  [0m
[31m           Aborted(Cannot enlarge memory arrays to size 19116032 bytes (OOM). Either (1) compile with -sINITIAL_MEMORY=X with X higher than the current value 16777216, (2) compile with -sALLOW_MEMORY_GROWTH which allows increasing the size at runtime, or (3) if you want malloc to return NULL (0) instead of this abort, compile with -sABORTING_MALLOC=0)
/home/test/workspace/openh264/test/encoder_binary_comparison/AllTestData/Adobe_PDF_sample_a_1024x768_50Frms.264/h264enc.js:167
      throw ex;
      ^

RuntimeError: Aborted(Cannot enlarge memory arrays to size 19116032 bytes (OOM). Either (1) compile with -sINITIAL_MEMORY=X with X higher than the current value 16777216, (2) compile with -sALLOW_MEMORY_GROWTH which allows increasing the size at runtime, or (3) if you want malloc to return NULL (0) instead of this abort, compile with -sABORTING_MALLOC=0)
    at abort (/home/test/workspace/openh264/test/encoder_binary_comparison/AllTestData/Adobe_PDF_sample_a_1024x768_50Frms.264/h264enc.js:1031:11)
    at abortOnCannotGrowMemory (/home/test/workspace/openh264/test/encoder_binary_comparison/AllTestData/Adobe_PDF_sample_a_1024x768_50Frms.264/h264enc.js:4914:7)
    at _emscripten_resize_heap (/home/test/workspace/openh264/test/encoder_binary_comparison/AllTestData/Adobe_PDF_sample_a_1024x768_50Frms.264/h264enc.js:4919:7)
    at wasm://wasm/00265406:wasm-function[1133]:0x705f0
    at wasm://wasm/00265406:wasm-function[1121]:0x6e28d
    at wasm://wasm/00265406:wasm-function[775]:0x60eb2
    at wasm://wasm/00265406:wasm-function[357]:0x2e8f3
    at wasm://wasm/00265406:wasm-function[363]:0x2f261
    at wasm://wasm/00265406:wasm-function[555]:0x407f3
    at wasm://wasm/00265406:wasm-function[554]:0x405bd   [0m
[31m    Failed! Adobe_PDF_sample_a_1024x768_50Frms.264_x.yuv Case Index 403:SHA-1(Current--Benchmark): NULL-----de6534193af7a14c9a9f99f3fdd98530c597d7ad  [0m
[31m            ----YUVSHA1:  NULL,  9aa9a4d9598eb3e1093311826844f37c43e4c521  [0m
[31m           Aborted(Cannot enlarge memory arrays to size 19116032 bytes (OOM). Either (1) compile with -sINITIAL_MEMORY=X with X higher than the current value 16777216, (2) compile with -sALLOW_MEMORY_GROWTH which allows increasing the size at runtime, or (3) if you want malloc to return NULL (0) instead of this abort, compile with -sABORTING_MALLOC=0)
/home/test/workspace/openh264/test/encoder_binary_comparison/AllTestData/Adobe_PDF_sample_a_1024x768_50Frms.264/h264enc.js:167
      throw ex;
      ^

RuntimeError: Aborted(Cannot enlarge memory arrays to size 19116032 bytes (OOM). Either (1) compile with -sINITIAL_MEMORY=X with X higher than the current value 16777216, (2) compile with -sALLOW_MEMORY_GROWTH which allows increasing the size at runtime, or (3) if you want malloc to return NULL (0) instead of this abort, compile with -sABORTING_MALLOC=0)
    at abort (/home/test/workspace/openh264/test/encoder_binary_comparison/AllTestData/Adobe_PDF_sample_a_1024x768_50Frms.264/h264enc.js:1031:11)
    at abortOnCannotGrowMemory (/home/test/workspace/openh264/test/encoder_binary_comparison/AllTestData/Adobe_PDF_sample_a_1024x768_50Frms.264/h264enc.js:4914:7)
    at _emscripten_resize_heap (/home/test/workspace/openh264/test/encoder_binary_comparison/AllTestData/Adobe_PDF_sample_a_1024x768_50Frms.264/h264enc.js:4919:7)
    at wasm://wasm/00265406:wasm-function[1133]:0x705f0
    at wasm://wasm/00265406:wasm-function[1121]:0x6e28d
    at wasm://wasm/00265406:wasm-function[775]:0x60eb2
    at wasm://wasm/00265406:wasm-function[357]:0x2e8f3
    at wasm://wasm/00265406:wasm-function[363]:0x2f261
    at wasm://wasm/00265406:wasm-function[555]:0x407f3
    at wasm://wasm/00265406:wasm-function[554]:0x405bd   [0m
[31m    Failed! Adobe_PDF_sample_a_1024x768_50Frms.264_x.yuv Case Index 404:SHA-1(Current--Benchmark): NULL-----de6534193af7a14c9a9f99f3fdd98530c597d7ad  [0m
[31m            ----YUVSHA1:  NULL,  9aa9a4d9598eb3e1093311826844f37c43e4c521  [0m
[31m           Aborted(Cannot enlarge memory arrays to size 19116032 bytes (OOM). Either (1) compile with -sINITIAL_MEMORY=X with X higher than the current value 16777216, (2) compile with -sALLOW_MEMORY_GROWTH which allows increasing the size at runtime, or (3) if you want malloc to return NULL (0) instead of this abort, compile with -sABORTING_MALLOC=0)
/home/test/workspace/openh264/test/encoder_binary_comparison/AllTestData/Adobe_PDF_sample_a_1024x768_50Frms.264/h264enc.js:167
      throw ex;
      ^

RuntimeError: Aborted(Cannot enlarge memory arrays to size 19116032 bytes (OOM). Either (1) compile with -sINITIAL_MEMORY=X with X higher than the current value 16777216, (2) compile with -sALLOW_MEMORY_GROWTH which allows increasing the size at runtime, or (3) if you want malloc to return NULL (0) instead of this abort, compile with -sABORTING_MALLOC=0)
    at abort (/home/test/workspace/openh264/test/encoder_binary_comparison/AllTestData/Adobe_PDF_sample_a_1024x768_50Frms.264/h264enc.js:1031:11)
    at abortOnCannotGrowMemory (/home/test/workspace/openh264/test/encoder_binary_comparison/AllTestData/Adobe_PDF_sample_a_1024x768_50Frms.264/h264enc.js:4914:7)
    at _emscripten_resize_heap (/home/test/workspace/openh264/test/encoder_binary_comparison/AllTestData/Adobe_PDF_sample_a_1024x768_50Frms.264/h264enc.js:4919:7)
    at wasm://wasm/00265406:wasm-function[1133]:0x705f0
    at wasm://wasm/00265406:wasm-function[1121]:0x6e28d
    at wasm://wasm/00265406:wasm-function[775]:0x60eb2
    at wasm://wasm/00265406:wasm-function[357]:0x2e8f3
    at wasm://wasm/00265406:wasm-function[363]:0x2f261
    at wasm://wasm/00265406:wasm-function[555]:0x407f3
    at wasm://wasm/00265406:wasm-function[554]:0x405bd   [0m
[31m    Failed! Adobe_PDF_sample_a_1024x768_50Frms.264_x.yuv Case Index 405:SHA-1(Current--Benchmark): NULL-----de6534193af7a14c9a9f99f3fdd98530c597d7ad  [0m
[31m            ----YUVSHA1:  NULL,  9aa9a4d9598eb3e1093311826844f37c43e4c521  [0m
[31m           Aborted(Cannot enlarge memory arrays to size 19116032 bytes (OOM). Either (1) compile with -sINITIAL_MEMORY=X with X higher than the current value 16777216, (2) compile with -sALLOW_MEMORY_GROWTH which allows increasing the size at runtime, or (3) if you want malloc to return NULL (0) instead of this abort, compile with -sABORTING_MALLOC=0)
/home/test/workspace/openh264/test/encoder_binary_comparison/AllTestData/Adobe_PDF_sample_a_1024x768_50Frms.264/h264enc.js:167
      throw ex;
      ^

RuntimeError: Aborted(Cannot enlarge memory arrays to size 19116032 bytes (OOM). Either (1) compile with -sINITIAL_MEMORY=X with X higher than the current value 16777216, (2) compile with -sALLOW_MEMORY_GROWTH which allows increasing the size at runtime, or (3) if you want malloc to return NULL (0) instead of this abort, compile with -sABORTING_MALLOC=0)
    at abort (/home/test/workspace/openh264/test/encoder_binary_comparison/AllTestData/Adobe_PDF_sample_a_1024x768_50Frms.264/h264enc.js:1031:11)
    at abortOnCannotGrowMemory (/home/test/workspace/openh264/test/encoder_binary_comparison/AllTestData/Adobe_PDF_sample_a_1024x768_50Frms.264/h264enc.js:4914:7)
    at _emscripten_resize_heap (/home/test/workspace/openh264/test/encoder_binary_comparison/AllTestData/Adobe_PDF_sample_a_1024x768_50Frms.264/h264enc.js:4919:7)
    at wasm://wasm/00265406:wasm-function[1133]:0x705f0
    at wasm://wasm/00265406:wasm-function[1121]:0x6e28d
    at wasm://wasm/00265406:wasm-function[775]:0x60eb2
    at wasm://wasm/00265406:wasm-function[357]:0x2e8f3
    at wasm://wasm/00265406:wasm-function[363]:0x2f261
    at wasm://wasm/00265406:wasm-function[555]:0x407f3
    at wasm://wasm/00265406:wasm-function[554]:0x405bd   [0m
[31m    Failed! Adobe_PDF_sample_a_1024x768_50Frms.264_x.yuv Case Index 406:SHA-1(Current--Benchmark): NULL-----de6534193af7a14c9a9f99f3fdd98530c597d7ad  [0m
[31m            ----YUVSHA1:  NULL,  9aa9a4d9598eb3e1093311826844f37c43e4c521  [0m
[31m           Aborted(Cannot enlarge memory arrays to size 19116032 bytes (OOM). Either (1) compile with -sINITIAL_MEMORY=X with X higher than the current value 16777216, (2) compile with -sALLOW_MEMORY_GROWTH which allows increasing the size at runtime, or (3) if you want malloc to return NULL (0) instead of this abort, compile with -sABORTING_MALLOC=0)
/home/test/workspace/openh264/test/encoder_binary_comparison/AllTestData/Adobe_PDF_sample_a_1024x768_50Frms.264/h264enc.js:167
      throw ex;
      ^

RuntimeError: Aborted(Cannot enlarge memory arrays to size 19116032 bytes (OOM). Either (1) compile with -sINITIAL_MEMORY=X with X higher than the current value 16777216, (2) compile with -sALLOW_MEMORY_GROWTH which allows increasing the size at runtime, or (3) if you want malloc to return NULL (0) instead of this abort, compile with -sABORTING_MALLOC=0)
    at abort (/home/test/workspace/openh264/test/encoder_binary_comparison/AllTestData/Adobe_PDF_sample_a_1024x768_50Frms.264/h264enc.js:1031:11)
    at abortOnCannotGrowMemory (/home/test/workspace/openh264/test/encoder_binary_comparison/AllTestData/Adobe_PDF_sample_a_1024x768_50Frms.264/h264enc.js:4914:7)
    at _emscripten_resize_heap (/home/test/workspace/openh264/test/encoder_binary_comparison/AllTestData/Adobe_PDF_sample_a_1024x768_50Frms.264/h264enc.js:4919:7)
    at wasm://wasm/00265406:wasm-function[1133]:0x705f0
    at wasm://wasm/00265406:wasm-function[1121]:0x6e28d
    at wasm://wasm/00265406:wasm-function[775]:0x60eb2
    at wasm://wasm/00265406:wasm-function[357]:0x2e8f3
    at wasm://wasm/00265406:wasm-function[363]:0x2f261
    at wasm://wasm/00265406:wasm-function[555]:0x407f3
    at wasm://wasm/00265406:wasm-function[554]:0x405bd   [0m
[31m    Failed! Adobe_PDF_sample_a_1024x768_50Frms.264_x.yuv Case Index 407:SHA-1(Current--Benchmark): NULL-----de6534193af7a14c9a9f99f3fdd98530c597d7ad  [0m
[31m            ----YUVSHA1:  NULL,  9aa9a4d9598eb3e1093311826844f37c43e4c521  [0m
[31m           Aborted(Cannot enlarge memory arrays to size 19116032 bytes (OOM). Either (1) compile with -sINITIAL_MEMORY=X with X higher than the current value 16777216, (2) compile with -sALLOW_MEMORY_GROWTH which allows increasing the size at runtime, or (3) if you want malloc to return NULL (0) instead of this abort, compile with -sABORTING_MALLOC=0)
/home/test/workspace/openh264/test/encoder_binary_comparison/AllTestData/Adobe_PDF_sample_a_1024x768_50Frms.264/h264enc.js:167
      throw ex;
      ^

RuntimeError: Aborted(Cannot enlarge memory arrays to size 19116032 bytes (OOM). Either (1) compile with -sINITIAL_MEMORY=X with X higher than the current value 16777216, (2) compile with -sALLOW_MEMORY_GROWTH which allows increasing the size at runtime, or (3) if you want malloc to return NULL (0) instead of this abort, compile with -sABORTING_MALLOC=0)
    at abort (/home/test/workspace/openh264/test/encoder_binary_comparison/AllTestData/Adobe_PDF_sample_a_1024x768_50Frms.264/h264enc.js:1031:11)
    at abortOnCannotGrowMemory (/home/test/workspace/openh264/test/encoder_binary_comparison/AllTestData/Adobe_PDF_sample_a_1024x768_50Frms.264/h264enc.js:4914:7)
    at _emscripten_resize_heap (/home/test/workspace/openh264/test/encoder_binary_comparison/AllTestData/Adobe_PDF_sample_a_1024x768_50Frms.264/h264enc.js:4919:7)
    at wasm://wasm/00265406:wasm-function[1133]:0x705f0
    at wasm://wasm/00265406:wasm-function[1121]:0x6e28d
    at wasm://wasm/00265406:wasm-function[775]:0x60eb2
    at wasm://wasm/00265406:wasm-function[357]:0x2e8f3
    at wasm://wasm/00265406:wasm-function[363]:0x2f261
    at wasm://wasm/00265406:wasm-function[555]:0x407f3
    at wasm://wasm/00265406:wasm-function[554]:0x405bd   [0m
[31m    Failed! Adobe_PDF_sample_a_1024x768_50Frms.264_x.yuv Case Index 408:SHA-1(Current--Benchmark): NULL-----de6534193af7a14c9a9f99f3fdd98530c597d7ad  [0m
[31m            ----YUVSHA1:  NULL,  9aa9a4d9598eb3e1093311826844f37c43e4c521  [0m
[31m           Aborted(Cannot enlarge memory arrays to size 19116032 bytes (OOM). Either (1) compile with -sINITIAL_MEMORY=X with X higher than the current value 16777216, (2) compile with -sALLOW_MEMORY_GROWTH which allows increasing the size at runtime, or (3) if you want malloc to return NULL (0) instead of this abort, compile with -sABORTING_MALLOC=0)
/home/test/workspace/openh264/test/encoder_binary_comparison/AllTestData/Adobe_PDF_sample_a_1024x768_50Frms.264/h264enc.js:167
      throw ex;
      ^

RuntimeError: Aborted(Cannot enlarge memory arrays to size 19116032 bytes (OOM). Either (1) compile with -sINITIAL_MEMORY=X with X higher than the current value 16777216, (2) compile with -sALLOW_MEMORY_GROWTH which allows increasing the size at runtime, or (3) if you want malloc to return NULL (0) instead of this abort, compile with -sABORTING_MALLOC=0)
    at abort (/home/test/workspace/openh264/test/encoder_binary_comparison/AllTestData/Adobe_PDF_sample_a_1024x768_50Frms.264/h264enc.js:1031:11)
    at abortOnCannotGrowMemory (/home/test/workspace/openh264/test/encoder_binary_comparison/AllTestData/Adobe_PDF_sample_a_1024x768_50Frms.264/h264enc.js:4914:7)
    at _emscripten_resize_heap (/home/test/workspace/openh264/test/encoder_binary_comparison/AllTestData/Adobe_PDF_sample_a_1024x768_50Frms.264/h264enc.js:4919:7)
    at wasm://wasm/00265406:wasm-function[1133]:0x705f0
    at wasm://wasm/00265406:wasm-function[1121]:0x6e28d
    at wasm://wasm/00265406:wasm-function[775]:0x60eb2
    at wasm://wasm/00265406:wasm-function[357]:0x2e8f3
    at wasm://wasm/00265406:wasm-function[363]:0x2f261
    at wasm://wasm/00265406:wasm-function[555]:0x407f3
    at wasm://wasm/00265406:wasm-function[554]:0x405bd   [0m
[31m    Failed! Adobe_PDF_sample_a_1024x768_50Frms.264_x.yuv Case Index 409:SHA-1(Current--Benchmark): NULL-----de6534193af7a14c9a9f99f3fdd98530c597d7ad  [0m
[31m            ----YUVSHA1:  NULL,  9aa9a4d9598eb3e1093311826844f37c43e4c521  [0m
[31m           Aborted(Cannot enlarge memory arrays to size 19116032 bytes (OOM). Either (1) compile with -sINITIAL_MEMORY=X with X higher than the current value 16777216, (2) compile with -sALLOW_MEMORY_GROWTH which allows increasing the size at runtime, or (3) if you want malloc to return NULL (0) instead of this abort, compile with -sABORTING_MALLOC=0)
/home/test/workspace/openh264/test/encoder_binary_comparison/AllTestData/Adobe_PDF_sample_a_1024x768_50Frms.264/h264enc.js:167
      throw ex;
      ^

RuntimeError: Aborted(Cannot enlarge memory arrays to size 19116032 bytes (OOM). Either (1) compile with -sINITIAL_MEMORY=X with X higher than the current value 16777216, (2) compile with -sALLOW_MEMORY_GROWTH which allows increasing the size at runtime, or (3) if you want malloc to return NULL (0) instead of this abort, compile with -sABORTING_MALLOC=0)
    at abort (/home/test/workspace/openh264/test/encoder_binary_comparison/AllTestData/Adobe_PDF_sample_a_1024x768_50Frms.264/h264enc.js:1031:11)
    at abortOnCannotGrowMemory (/home/test/workspace/openh264/test/encoder_binary_comparison/AllTestData/Adobe_PDF_sample_a_1024x768_50Frms.264/h264enc.js:4914:7)
    at _emscripten_resize_heap (/home/test/workspace/openh264/test/encoder_binary_comparison/AllTestData/Adobe_PDF_sample_a_1024x768_50Frms.264/h264enc.js:4919:7)
    at wasm://wasm/00265406:wasm-function[1133]:0x705f0
    at wasm://wasm/00265406:wasm-function[1121]:0x6e28d
    at wasm://wasm/00265406:wasm-function[775]:0x60eb2
    at wasm://wasm/00265406:wasm-function[357]:0x2e8f3
    at wasm://wasm/00265406:wasm-function[363]:0x2f261
    at wasm://wasm/00265406:wasm-function[555]:0x407f3
    at wasm://wasm/00265406:wasm-function[554]:0x405bd   [0m
[31m    Failed! Adobe_PDF_sample_a_1024x768_50Frms.264_x.yuv Case Index 410:SHA-1(Current--Benchmark): NULL-----de6534193af7a14c9a9f99f3fdd98530c597d7ad  [0m
[31m            ----YUVSHA1:  NULL,  9aa9a4d9598eb3e1093311826844f37c43e4c521  [0m
[31m           Aborted(Cannot enlarge memory arrays to size 19116032 bytes (OOM). Either (1) compile with -sINITIAL_MEMORY=X with X higher than the current value 16777216, (2) compile with -sALLOW_MEMORY_GROWTH which allows increasing the size at runtime, or (3) if you want malloc to return NULL (0) instead of this abort, compile with -sABORTING_MALLOC=0)
/home/test/workspace/openh264/test/encoder_binary_comparison/AllTestData/Adobe_PDF_sample_a_1024x768_50Frms.264/h264enc.js:167
      throw ex;
      ^

RuntimeError: Aborted(Cannot enlarge memory arrays to size 19116032 bytes (OOM). Either (1) compile with -sINITIAL_MEMORY=X with X higher than the current value 16777216, (2) compile with -sALLOW_MEMORY_GROWTH which allows increasing the size at runtime, or (3) if you want malloc to return NULL (0) instead of this abort, compile with -sABORTING_MALLOC=0)
    at abort (/home/test/workspace/openh264/test/encoder_binary_comparison/AllTestData/Adobe_PDF_sample_a_1024x768_50Frms.264/h264enc.js:1031:11)
    at abortOnCannotGrowMemory (/home/test/workspace/openh264/test/encoder_binary_comparison/AllTestData/Adobe_PDF_sample_a_1024x768_50Frms.264/h264enc.js:4914:7)
    at _emscripten_resize_heap (/home/test/workspace/openh264/test/encoder_binary_comparison/AllTestData/Adobe_PDF_sample_a_1024x768_50Frms.264/h264enc.js:4919:7)
    at wasm://wasm/00265406:wasm-function[1133]:0x705f0
    at wasm://wasm/00265406:wasm-function[1121]:0x6e28d
    at wasm://wasm/00265406:wasm-function[775]:0x60eb2
    at wasm://wasm/00265406:wasm-function[357]:0x2e8f3
    at wasm://wasm/00265406:wasm-function[363]:0x2f261
    at wasm://wasm/00265406:wasm-function[555]:0x407f3
    at wasm://wasm/00265406:wasm-function[554]:0x405bd   [0m
[31m    Failed! Adobe_PDF_sample_a_1024x768_50Frms.264_x.yuv Case Index 411:SHA-1(Current--Benchmark): NULL-----de6534193af7a14c9a9f99f3fdd98530c597d7ad  [0m
[31m            ----YUVSHA1:  NULL,  9aa9a4d9598eb3e1093311826844f37c43e4c521  [0m
[31m           Aborted(Cannot enlarge memory arrays to size 19116032 bytes (OOM). Either (1) compile with -sINITIAL_MEMORY=X with X higher than the current value 16777216, (2) compile with -sALLOW_MEMORY_GROWTH which allows increasing the size at runtime, or (3) if you want malloc to return NULL (0) instead of this abort, compile with -sABORTING_MALLOC=0)
/home/test/workspace/openh264/test/encoder_binary_comparison/AllTestData/Adobe_PDF_sample_a_1024x768_50Frms.264/h264enc.js:167
      throw ex;
      ^

RuntimeError: Aborted(Cannot enlarge memory arrays to size 19116032 bytes (OOM). Either (1) compile with -sINITIAL_MEMORY=X with X higher than the current value 16777216, (2) compile with -sALLOW_MEMORY_GROWTH which allows increasing the size at runtime, or (3) if you want malloc to return NULL (0) instead of this abort, compile with -sABORTING_MALLOC=0)
    at abort (/home/test/workspace/openh264/test/encoder_binary_comparison/AllTestData/Adobe_PDF_sample_a_1024x768_50Frms.264/h264enc.js:1031:11)
    at abortOnCannotGrowMemory (/home/test/workspace/openh264/test/encoder_binary_comparison/AllTestData/Adobe_PDF_sample_a_1024x768_50Frms.264/h264enc.js:4914:7)
    at _emscripten_resize_heap (/home/test/workspace/openh264/test/encoder_binary_comparison/AllTestData/Adobe_PDF_sample_a_1024x768_50Frms.264/h264enc.js:4919:7)
    at wasm://wasm/00265406:wasm-function[1133]:0x705f0
    at wasm://wasm/00265406:wasm-function[1121]:0x6e28d
    at wasm://wasm/00265406:wasm-function[775]:0x60eb2
    at wasm://wasm/00265406:wasm-function[357]:0x2e8f3
    at wasm://wasm/00265406:wasm-function[363]:0x2f261
    at wasm://wasm/00265406:wasm-function[555]:0x407f3
    at wasm://wasm/00265406:wasm-function[554]:0x405bd   [0m
[31m    Failed! Adobe_PDF_sample_a_1024x768_50Frms.264_x.yuv Case Index 412:SHA-1(Current--Benchmark): NULL-----de6534193af7a14c9a9f99f3fdd98530c597d7ad  [0m
[31m            ----YUVSHA1:  NULL,  9aa9a4d9598eb3e1093311826844f37c43e4c521  [0m
[31m           Aborted(Cannot enlarge memory arrays to size 19116032 bytes (OOM). Either (1) compile with -sINITIAL_MEMORY=X with X higher than the current value 16777216, (2) compile with -sALLOW_MEMORY_GROWTH which allows increasing the size at runtime, or (3) if you want malloc to return NULL (0) instead of this abort, compile with -sABORTING_MALLOC=0)
/home/test/workspace/openh264/test/encoder_binary_comparison/AllTestData/Adobe_PDF_sample_a_1024x768_50Frms.264/h264enc.js:167
      throw ex;
      ^

RuntimeError: Aborted(Cannot enlarge memory arrays to size 19116032 bytes (OOM). Either (1) compile with -sINITIAL_MEMORY=X with X higher than the current value 16777216, (2) compile with -sALLOW_MEMORY_GROWTH which allows increasing the size at runtime, or (3) if you want malloc to return NULL (0) instead of this abort, compile with -sABORTING_MALLOC=0)
    at abort (/home/test/workspace/openh264/test/encoder_binary_comparison/AllTestData/Adobe_PDF_sample_a_1024x768_50Frms.264/h264enc.js:1031:11)
    at abortOnCannotGrowMemory (/home/test/workspace/openh264/test/encoder_binary_comparison/AllTestData/Adobe_PDF_sample_a_1024x768_50Frms.264/h264enc.js:4914:7)
    at _emscripten_resize_heap (/home/test/workspace/openh264/test/encoder_binary_comparison/AllTestData/Adobe_PDF_sample_a_1024x768_50Frms.264/h264enc.js:4919:7)
    at wasm://wasm/00265406:wasm-function[1133]:0x705f0
    at wasm://wasm/00265406:wasm-function[1121]:0x6e28d
    at wasm://wasm/00265406:wasm-function[775]:0x60eb2
    at wasm://wasm/00265406:wasm-function[357]:0x2e8f3
    at wasm://wasm/00265406:wasm-function[363]:0x2f261
    at wasm://wasm/00265406:wasm-function[555]:0x407f3
    at wasm://wasm/00265406:wasm-function[554]:0x405bd   [0m
[31m    Failed! Adobe_PDF_sample_a_1024x768_50Frms.264_x.yuv Case Index 413:SHA-1(Current--Benchmark): NULL-----de6534193af7a14c9a9f99f3fdd98530c597d7ad  [0m
[31m            ----YUVSHA1:  NULL,  9aa9a4d9598eb3e1093311826844f37c43e4c521  [0m
[31m           Aborted(Cannot enlarge memory arrays to size 19116032 bytes (OOM). Either (1) compile with -sINITIAL_MEMORY=X with X higher than the current value 16777216, (2) compile with -sALLOW_MEMORY_GROWTH which allows increasing the size at runtime, or (3) if you want malloc to return NULL (0) instead of this abort, compile with -sABORTING_MALLOC=0)
/home/test/workspace/openh264/test/encoder_binary_comparison/AllTestData/Adobe_PDF_sample_a_1024x768_50Frms.264/h264enc.js:167
      throw ex;
      ^

RuntimeError: Aborted(Cannot enlarge memory arrays to size 19116032 bytes (OOM). Either (1) compile with -sINITIAL_MEMORY=X with X higher than the current value 16777216, (2) compile with -sALLOW_MEMORY_GROWTH which allows increasing the size at runtime, or (3) if you want malloc to return NULL (0) instead of this abort, compile with -sABORTING_MALLOC=0)
    at abort (/home/test/workspace/openh264/test/encoder_binary_comparison/AllTestData/Adobe_PDF_sample_a_1024x768_50Frms.264/h264enc.js:1031:11)
    at abortOnCannotGrowMemory (/home/test/workspace/openh264/test/encoder_binary_comparison/AllTestData/Adobe_PDF_sample_a_1024x768_50Frms.264/h264enc.js:4914:7)
    at _emscripten_resize_heap (/home/test/workspace/openh264/test/encoder_binary_comparison/AllTestData/Adobe_PDF_sample_a_1024x768_50Frms.264/h264enc.js:4919:7)
    at wasm://wasm/00265406:wasm-function[1133]:0x705f0
    at wasm://wasm/00265406:wasm-function[1121]:0x6e28d
    at wasm://wasm/00265406:wasm-function[775]:0x60eb2
    at wasm://wasm/00265406:wasm-function[357]:0x2e8f3
    at wasm://wasm/00265406:wasm-function[363]:0x2f261
    at wasm://wasm/00265406:wasm-function[555]:0x407f3
    at wasm://wasm/00265406:wasm-function[554]:0x405bd   [0m
[31m    Failed! Adobe_PDF_sample_a_1024x768_50Frms.264_x.yuv Case Index 414:SHA-1(Current--Benchmark): NULL-----de6534193af7a14c9a9f99f3fdd98530c597d7ad  [0m
[31m            ----YUVSHA1:  NULL,  9aa9a4d9598eb3e1093311826844f37c43e4c521  [0m
[31m           Aborted(Cannot enlarge memory arrays to size 19116032 bytes (OOM). Either (1) compile with -sINITIAL_MEMORY=X with X higher than the current value 16777216, (2) compile with -sALLOW_MEMORY_GROWTH which allows increasing the size at runtime, or (3) if you want malloc to return NULL (0) instead of this abort, compile with -sABORTING_MALLOC=0)
/home/test/workspace/openh264/test/encoder_binary_comparison/AllTestData/Adobe_PDF_sample_a_1024x768_50Frms.264/h264enc.js:167
      throw ex;
      ^

RuntimeError: Aborted(Cannot enlarge memory arrays to size 19116032 bytes (OOM). Either (1) compile with -sINITIAL_MEMORY=X with X higher than the current value 16777216, (2) compile with -sALLOW_MEMORY_GROWTH which allows increasing the size at runtime, or (3) if you want malloc to return NULL (0) instead of this abort, compile with -sABORTING_MALLOC=0)
    at abort (/home/test/workspace/openh264/test/encoder_binary_comparison/AllTestData/Adobe_PDF_sample_a_1024x768_50Frms.264/h264enc.js:1031:11)
    at abortOnCannotGrowMemory (/home/test/workspace/openh264/test/encoder_binary_comparison/AllTestData/Adobe_PDF_sample_a_1024x768_50Frms.264/h264enc.js:4914:7)
    at _emscripten_resize_heap (/home/test/workspace/openh264/test/encoder_binary_comparison/AllTestData/Adobe_PDF_sample_a_1024x768_50Frms.264/h264enc.js:4919:7)
    at wasm://wasm/00265406:wasm-function[1133]:0x705f0
    at wasm://wasm/00265406:wasm-function[1121]:0x6e28d
    at wasm://wasm/00265406:wasm-function[775]:0x60eb2
    at wasm://wasm/00265406:wasm-function[357]:0x2e8f3
    at wasm://wasm/00265406:wasm-function[363]:0x2f261
    at wasm://wasm/00265406:wasm-function[555]:0x407f3
    at wasm://wasm/00265406:wasm-function[554]:0x405bd   [0m
[31m    Failed! Adobe_PDF_sample_a_1024x768_50Frms.264_x.yuv Case Index 415:SHA-1(Current--Benchmark): NULL-----de6534193af7a14c9a9f99f3fdd98530c597d7ad  [0m
[31m            ----YUVSHA1:  NULL,  9aa9a4d9598eb3e1093311826844f37c43e4c521  [0m
[31m           Aborted(Cannot enlarge memory arrays to size 19116032 bytes (OOM). Either (1) compile with -sINITIAL_MEMORY=X with X higher than the current value 16777216, (2) compile with -sALLOW_MEMORY_GROWTH which allows increasing the size at runtime, or (3) if you want malloc to return NULL (0) instead of this abort, compile with -sABORTING_MALLOC=0)
/home/test/workspace/openh264/test/encoder_binary_comparison/AllTestData/Adobe_PDF_sample_a_1024x768_50Frms.264/h264enc.js:167
      throw ex;
      ^

RuntimeError: Aborted(Cannot enlarge memory arrays to size 19116032 bytes (OOM). Either (1) compile with -sINITIAL_MEMORY=X with X higher than the current value 16777216, (2) compile with -sALLOW_MEMORY_GROWTH which allows increasing the size at runtime, or (3) if you want malloc to return NULL (0) instead of this abort, compile with -sABORTING_MALLOC=0)
    at abort (/home/test/workspace/openh264/test/encoder_binary_comparison/AllTestData/Adobe_PDF_sample_a_1024x768_50Frms.264/h264enc.js:1031:11)
    at abortOnCannotGrowMemory (/home/test/workspace/openh264/test/encoder_binary_comparison/AllTestData/Adobe_PDF_sample_a_1024x768_50Frms.264/h264enc.js:4914:7)
    at _emscripten_resize_heap (/home/test/workspace/openh264/test/encoder_binary_comparison/AllTestData/Adobe_PDF_sample_a_1024x768_50Frms.264/h264enc.js:4919:7)
    at wasm://wasm/00265406:wasm-function[1133]:0x705f0
    at wasm://wasm/00265406:wasm-function[1121]:0x6e28d
    at wasm://wasm/00265406:wasm-function[775]:0x60eb2
    at wasm://wasm/00265406:wasm-function[357]:0x2e8f3
    at wasm://wasm/00265406:wasm-function[363]:0x2f261
    at wasm://wasm/00265406:wasm-function[555]:0x407f3
    at wasm://wasm/00265406:wasm-function[554]:0x405bd   [0m
[31m    Failed! Adobe_PDF_sample_a_1024x768_50Frms.264_x.yuv Case Index 416:SHA-1(Current--Benchmark): NULL-----de6534193af7a14c9a9f99f3fdd98530c597d7ad  [0m
[31m            ----YUVSHA1:  NULL,  9aa9a4d9598eb3e1093311826844f37c43e4c521  [0m
[31m           Aborted(Cannot enlarge memory arrays to size 19116032 bytes (OOM). Either (1) compile with -sINITIAL_MEMORY=X with X higher than the current value 16777216, (2) compile with -sALLOW_MEMORY_GROWTH which allows increasing the size at runtime, or (3) if you want malloc to return NULL (0) instead of this abort, compile with -sABORTING_MALLOC=0)
/home/test/workspace/openh264/test/encoder_binary_comparison/AllTestData/Adobe_PDF_sample_a_1024x768_50Frms.264/h264enc.js:167
      throw ex;
      ^

RuntimeError: Aborted(Cannot enlarge memory arrays to size 19116032 bytes (OOM). Either (1) compile with -sINITIAL_MEMORY=X with X higher than the current value 16777216, (2) compile with -sALLOW_MEMORY_GROWTH which allows increasing the size at runtime, or (3) if you want malloc to return NULL (0) instead of this abort, compile with -sABORTING_MALLOC=0)
    at abort (/home/test/workspace/openh264/test/encoder_binary_comparison/AllTestData/Adobe_PDF_sample_a_1024x768_50Frms.264/h264enc.js:1031:11)
    at abortOnCannotGrowMemory (/home/test/workspace/openh264/test/encoder_binary_comparison/AllTestData/Adobe_PDF_sample_a_1024x768_50Frms.264/h264enc.js:4914:7)
    at _emscripten_resize_heap (/home/test/workspace/openh264/test/encoder_binary_comparison/AllTestData/Adobe_PDF_sample_a_1024x768_50Frms.264/h264enc.js:4919:7)
    at wasm://wasm/00265406:wasm-function[1133]:0x705f0
    at wasm://wasm/00265406:wasm-function[1121]:0x6e28d
    at wasm://wasm/00265406:wasm-function[775]:0x60eb2
    at wasm://wasm/00265406:wasm-function[357]:0x2e8f3
    at wasm://wasm/00265406:wasm-function[363]:0x2f261
    at wasm://wasm/00265406:wasm-function[555]:0x407f3
    at wasm://wasm/00265406:wasm-function[554]:0x405bd   [0m
[31m    Failed! Adobe_PDF_sample_a_1024x768_50Frms.264_x.yuv Case Index 417:SHA-1(Current--Benchmark): NULL-----de6534193af7a14c9a9f99f3fdd98530c597d7ad  [0m
[31m            ----YUVSHA1:  NULL,  9aa9a4d9598eb3e1093311826844f37c43e4c521  [0m
[31m           Aborted(Cannot enlarge memory arrays to size 19116032 bytes (OOM). Either (1) compile with -sINITIAL_MEMORY=X with X higher than the current value 16777216, (2) compile with -sALLOW_MEMORY_GROWTH which allows increasing the size at runtime, or (3) if you want malloc to return NULL (0) instead of this abort, compile with -sABORTING_MALLOC=0)
/home/test/workspace/openh264/test/encoder_binary_comparison/AllTestData/Adobe_PDF_sample_a_1024x768_50Frms.264/h264enc.js:167
      throw ex;
      ^

RuntimeError: Aborted(Cannot enlarge memory arrays to size 19116032 bytes (OOM). Either (1) compile with -sINITIAL_MEMORY=X with X higher than the current value 16777216, (2) compile with -sALLOW_MEMORY_GROWTH which allows increasing the size at runtime, or (3) if you want malloc to return NULL (0) instead of this abort, compile with -sABORTING_MALLOC=0)
    at abort (/home/test/workspace/openh264/test/encoder_binary_comparison/AllTestData/Adobe_PDF_sample_a_1024x768_50Frms.264/h264enc.js:1031:11)
    at abortOnCannotGrowMemory (/home/test/workspace/openh264/test/encoder_binary_comparison/AllTestData/Adobe_PDF_sample_a_1024x768_50Frms.264/h264enc.js:4914:7)
    at _emscripten_resize_heap (/home/test/workspace/openh264/test/encoder_binary_comparison/AllTestData/Adobe_PDF_sample_a_1024x768_50Frms.264/h264enc.js:4919:7)
    at wasm://wasm/00265406:wasm-function[1133]:0x705f0
    at wasm://wasm/00265406:wasm-function[1121]:0x6e28d
    at wasm://wasm/00265406:wasm-function[775]:0x60eb2
    at wasm://wasm/00265406:wasm-function[357]:0x2e8f3
    at wasm://wasm/00265406:wasm-function[363]:0x2f261
    at wasm://wasm/00265406:wasm-function[555]:0x407f3
    at wasm://wasm/00265406:wasm-function[554]:0x405bd   [0m
[31m    Failed! Adobe_PDF_sample_a_1024x768_50Frms.264_x.yuv Case Index 418:SHA-1(Current--Benchmark): NULL-----de6534193af7a14c9a9f99f3fdd98530c597d7ad  [0m
[31m            ----YUVSHA1:  NULL,  9aa9a4d9598eb3e1093311826844f37c43e4c521  [0m
[31m           Aborted(Cannot enlarge memory arrays to size 19116032 bytes (OOM). Either (1) compile with -sINITIAL_MEMORY=X with X higher than the current value 16777216, (2) compile with -sALLOW_MEMORY_GROWTH which allows increasing the size at runtime, or (3) if you want malloc to return NULL (0) instead of this abort, compile with -sABORTING_MALLOC=0)
/home/test/workspace/openh264/test/encoder_binary_comparison/AllTestData/Adobe_PDF_sample_a_1024x768_50Frms.264/h264enc.js:167
      throw ex;
      ^

RuntimeError: Aborted(Cannot enlarge memory arrays to size 19116032 bytes (OOM). Either (1) compile with -sINITIAL_MEMORY=X with X higher than the current value 16777216, (2) compile with -sALLOW_MEMORY_GROWTH which allows increasing the size at runtime, or (3) if you want malloc to return NULL (0) instead of this abort, compile with -sABORTING_MALLOC=0)
    at abort (/home/test/workspace/openh264/test/encoder_binary_comparison/AllTestData/Adobe_PDF_sample_a_1024x768_50Frms.264/h264enc.js:1031:11)
    at abortOnCannotGrowMemory (/home/test/workspace/openh264/test/encoder_binary_comparison/AllTestData/Adobe_PDF_sample_a_1024x768_50Frms.264/h264enc.js:4914:7)
    at _emscripten_resize_heap (/home/test/workspace/openh264/test/encoder_binary_comparison/AllTestData/Adobe_PDF_sample_a_1024x768_50Frms.264/h264enc.js:4919:7)
    at wasm://wasm/00265406:wasm-function[1133]:0x705f0
    at wasm://wasm/00265406:wasm-function[1121]:0x6e28d
    at wasm://wasm/00265406:wasm-function[775]:0x60eb2
    at wasm://wasm/00265406:wasm-function[357]:0x2e8f3
    at wasm://wasm/00265406:wasm-function[363]:0x2f261
    at wasm://wasm/00265406:wasm-function[555]:0x407f3
    at wasm://wasm/00265406:wasm-function[554]:0x405bd   [0m
[31m    Failed! Adobe_PDF_sample_a_1024x768_50Frms.264_x.yuv Case Index 419:SHA-1(Current--Benchmark): NULL-----de6534193af7a14c9a9f99f3fdd98530c597d7ad  [0m
[31m            ----YUVSHA1:  NULL,  9aa9a4d9598eb3e1093311826844f37c43e4c521  [0m
[31m           Aborted(Cannot enlarge memory arrays to size 19116032 bytes (OOM). Either (1) compile with -sINITIAL_MEMORY=X with X higher than the current value 16777216, (2) compile with -sALLOW_MEMORY_GROWTH which allows increasing the size at runtime, or (3) if you want malloc to return NULL (0) instead of this abort, compile with -sABORTING_MALLOC=0)
/home/test/workspace/openh264/test/encoder_binary_comparison/AllTestData/Adobe_PDF_sample_a_1024x768_50Frms.264/h264enc.js:167
      throw ex;
      ^

RuntimeError: Aborted(Cannot enlarge memory arrays to size 19116032 bytes (OOM). Either (1) compile with -sINITIAL_MEMORY=X with X higher than the current value 16777216, (2) compile with -sALLOW_MEMORY_GROWTH which allows increasing the size at runtime, or (3) if you want malloc to return NULL (0) instead of this abort, compile with -sABORTING_MALLOC=0)
    at abort (/home/test/workspace/openh264/test/encoder_binary_comparison/AllTestData/Adobe_PDF_sample_a_1024x768_50Frms.264/h264enc.js:1031:11)
    at abortOnCannotGrowMemory (/home/test/workspace/openh264/test/encoder_binary_comparison/AllTestData/Adobe_PDF_sample_a_1024x768_50Frms.264/h264enc.js:4914:7)
    at _emscripten_resize_heap (/home/test/workspace/openh264/test/encoder_binary_comparison/AllTestData/Adobe_PDF_sample_a_1024x768_50Frms.264/h264enc.js:4919:7)
    at wasm://wasm/00265406:wasm-function[1133]:0x705f0
    at wasm://wasm/00265406:wasm-function[1121]:0x6e28d
    at wasm://wasm/00265406:wasm-function[775]:0x60eb2
    at wasm://wasm/00265406:wasm-function[357]:0x2e8f3
    at wasm://wasm/00265406:wasm-function[363]:0x2f261
    at wasm://wasm/00265406:wasm-function[555]:0x407f3
    at wasm://wasm/00265406:wasm-function[554]:0x405bd   [0m
[31m    Failed! Adobe_PDF_sample_a_1024x768_50Frms.264_x.yuv Case Index 420:SHA-1(Current--Benchmark): NULL-----de6534193af7a14c9a9f99f3fdd98530c597d7ad  [0m
[31m            ----YUVSHA1:  NULL,  9aa9a4d9598eb3e1093311826844f37c43e4c521  [0m
[31m           Aborted(Cannot enlarge memory arrays to size 19116032 bytes (OOM). Either (1) compile with -sINITIAL_MEMORY=X with X higher than the current value 16777216, (2) compile with -sALLOW_MEMORY_GROWTH which allows increasing the size at runtime, or (3) if you want malloc to return NULL (0) instead of this abort, compile with -sABORTING_MALLOC=0)
/home/test/workspace/openh264/test/encoder_binary_comparison/AllTestData/Adobe_PDF_sample_a_1024x768_50Frms.264/h264enc.js:167
      throw ex;
      ^

RuntimeError: Aborted(Cannot enlarge memory arrays to size 19116032 bytes (OOM). Either (1) compile with -sINITIAL_MEMORY=X with X higher than the current value 16777216, (2) compile with -sALLOW_MEMORY_GROWTH which allows increasing the size at runtime, or (3) if you want malloc to return NULL (0) instead of this abort, compile with -sABORTING_MALLOC=0)
    at abort (/home/test/workspace/openh264/test/encoder_binary_comparison/AllTestData/Adobe_PDF_sample_a_1024x768_50Frms.264/h264enc.js:1031:11)
    at abortOnCannotGrowMemory (/home/test/workspace/openh264/test/encoder_binary_comparison/AllTestData/Adobe_PDF_sample_a_1024x768_50Frms.264/h264enc.js:4914:7)
    at _emscripten_resize_heap (/home/test/workspace/openh264/test/encoder_binary_comparison/AllTestData/Adobe_PDF_sample_a_1024x768_50Frms.264/h264enc.js:4919:7)
    at wasm://wasm/00265406:wasm-function[1133]:0x705f0
    at wasm://wasm/00265406:wasm-function[1121]:0x6e28d
    at wasm://wasm/00265406:wasm-function[775]:0x60eb2
    at wasm://wasm/00265406:wasm-function[357]:0x2e8f3
    at wasm://wasm/00265406:wasm-function[363]:0x2f261
    at wasm://wasm/00265406:wasm-function[555]:0x407f3
    at wasm://wasm/00265406:wasm-function[554]:0x405bd   [0m
[31m    Failed! Adobe_PDF_sample_a_1024x768_50Frms.264_x.yuv Case Index 421:SHA-1(Current--Benchmark): NULL-----de6534193af7a14c9a9f99f3fdd98530c597d7ad  [0m
[31m            ----YUVSHA1:  NULL,  9aa9a4d9598eb3e1093311826844f37c43e4c521  [0m
[31m           Aborted(Cannot enlarge memory arrays to size 19116032 bytes (OOM). Either (1) compile with -sINITIAL_MEMORY=X with X higher than the current value 16777216, (2) compile with -sALLOW_MEMORY_GROWTH which allows increasing the size at runtime, or (3) if you want malloc to return NULL (0) instead of this abort, compile with -sABORTING_MALLOC=0)
/home/test/workspace/openh264/test/encoder_binary_comparison/AllTestData/Adobe_PDF_sample_a_1024x768_50Frms.264/h264enc.js:167
      throw ex;
      ^

RuntimeError: Aborted(Cannot enlarge memory arrays to size 19116032 bytes (OOM). Either (1) compile with -sINITIAL_MEMORY=X with X higher than the current value 16777216, (2) compile with -sALLOW_MEMORY_GROWTH which allows increasing the size at runtime, or (3) if you want malloc to return NULL (0) instead of this abort, compile with -sABORTING_MALLOC=0)
    at abort (/home/test/workspace/openh264/test/encoder_binary_comparison/AllTestData/Adobe_PDF_sample_a_1024x768_50Frms.264/h264enc.js:1031:11)
    at abortOnCannotGrowMemory (/home/test/workspace/openh264/test/encoder_binary_comparison/AllTestData/Adobe_PDF_sample_a_1024x768_50Frms.264/h264enc.js:4914:7)
    at _emscripten_resize_heap (/home/test/workspace/openh264/test/encoder_binary_comparison/AllTestData/Adobe_PDF_sample_a_1024x768_50Frms.264/h264enc.js:4919:7)
    at wasm://wasm/00265406:wasm-function[1133]:0x705f0
    at wasm://wasm/00265406:wasm-function[1121]:0x6e28d
    at wasm://wasm/00265406:wasm-function[775]:0x60eb2
    at wasm://wasm/00265406:wasm-function[357]:0x2e8f3
    at wasm://wasm/00265406:wasm-function[363]:0x2f261
    at wasm://wasm/00265406:wasm-function[555]:0x407f3
    at wasm://wasm/00265406:wasm-function[554]:0x405bd   [0m
[31m    Failed! Adobe_PDF_sample_a_1024x768_50Frms.264_x.yuv Case Index 422:SHA-1(Current--Benchmark): NULL-----de6534193af7a14c9a9f99f3fdd98530c597d7ad  [0m
[31m            ----YUVSHA1:  NULL,  9aa9a4d9598eb3e1093311826844f37c43e4c521  [0m
[31m           Aborted(Cannot enlarge memory arrays to size 19116032 bytes (OOM). Either (1) compile with -sINITIAL_MEMORY=X with X higher than the current value 16777216, (2) compile with -sALLOW_MEMORY_GROWTH which allows increasing the size at runtime, or (3) if you want malloc to return NULL (0) instead of this abort, compile with -sABORTING_MALLOC=0)
/home/test/workspace/openh264/test/encoder_binary_comparison/AllTestData/Adobe_PDF_sample_a_1024x768_50Frms.264/h264enc.js:167
      throw ex;
      ^

RuntimeError: Aborted(Cannot enlarge memory arrays to size 19116032 bytes (OOM). Either (1) compile with -sINITIAL_MEMORY=X with X higher than the current value 16777216, (2) compile with -sALLOW_MEMORY_GROWTH which allows increasing the size at runtime, or (3) if you want malloc to return NULL (0) instead of this abort, compile with -sABORTING_MALLOC=0)
    at abort (/home/test/workspace/openh264/test/encoder_binary_comparison/AllTestData/Adobe_PDF_sample_a_1024x768_50Frms.264/h264enc.js:1031:11)
    at abortOnCannotGrowMemory (/home/test/workspace/openh264/test/encoder_binary_comparison/AllTestData/Adobe_PDF_sample_a_1024x768_50Frms.264/h264enc.js:4914:7)
    at _emscripten_resize_heap (/home/test/workspace/openh264/test/encoder_binary_comparison/AllTestData/Adobe_PDF_sample_a_1024x768_50Frms.264/h264enc.js:4919:7)
    at wasm://wasm/00265406:wasm-function[1133]:0x705f0
    at wasm://wasm/00265406:wasm-function[1121]:0x6e28d
    at wasm://wasm/00265406:wasm-function[775]:0x60eb2
    at wasm://wasm/00265406:wasm-function[357]:0x2e8f3
    at wasm://wasm/00265406:wasm-function[363]:0x2f261
    at wasm://wasm/00265406:wasm-function[555]:0x407f3
    at wasm://wasm/00265406:wasm-function[554]:0x405bd   [0m
[31m    Failed! Adobe_PDF_sample_a_1024x768_50Frms.264_x.yuv Case Index 423:SHA-1(Current--Benchmark): NULL-----de6534193af7a14c9a9f99f3fdd98530c597d7ad  [0m
[31m            ----YUVSHA1:  NULL,  9aa9a4d9598eb3e1093311826844f37c43e4c521  [0m
[31m           Aborted(Cannot enlarge memory arrays to size 19116032 bytes (OOM). Either (1) compile with -sINITIAL_MEMORY=X with X higher than the current value 16777216, (2) compile with -sALLOW_MEMORY_GROWTH which allows increasing the size at runtime, or (3) if you want malloc to return NULL (0) instead of this abort, compile with -sABORTING_MALLOC=0)
/home/test/workspace/openh264/test/encoder_binary_comparison/AllTestData/Adobe_PDF_sample_a_1024x768_50Frms.264/h264enc.js:167
      throw ex;
      ^

RuntimeError: Aborted(Cannot enlarge memory arrays to size 19116032 bytes (OOM). Either (1) compile with -sINITIAL_MEMORY=X with X higher than the current value 16777216, (2) compile with -sALLOW_MEMORY_GROWTH which allows increasing the size at runtime, or (3) if you want malloc to return NULL (0) instead of this abort, compile with -sABORTING_MALLOC=0)
    at abort (/home/test/workspace/openh264/test/encoder_binary_comparison/AllTestData/Adobe_PDF_sample_a_1024x768_50Frms.264/h264enc.js:1031:11)
    at abortOnCannotGrowMemory (/home/test/workspace/openh264/test/encoder_binary_comparison/AllTestData/Adobe_PDF_sample_a_1024x768_50Frms.264/h264enc.js:4914:7)
    at _emscripten_resize_heap (/home/test/workspace/openh264/test/encoder_binary_comparison/AllTestData/Adobe_PDF_sample_a_1024x768_50Frms.264/h264enc.js:4919:7)
    at wasm://wasm/00265406:wasm-function[1133]:0x705f0
    at wasm://wasm/00265406:wasm-function[1121]:0x6e28d
    at wasm://wasm/00265406:wasm-function[775]:0x60eb2
    at wasm://wasm/00265406:wasm-function[357]:0x2e8f3
    at wasm://wasm/00265406:wasm-function[363]:0x2f261
    at wasm://wasm/00265406:wasm-function[555]:0x407f3
    at wasm://wasm/00265406:wasm-function[554]:0x405bd   [0m
[31m    Failed! Adobe_PDF_sample_a_1024x768_50Frms.264_x.yuv Case Index 424:SHA-1(Current--Benchmark): NULL-----de6534193af7a14c9a9f99f3fdd98530c597d7ad  [0m
[31m            ----YUVSHA1:  NULL,  9aa9a4d9598eb3e1093311826844f37c43e4c521  [0m
[31m           Aborted(Cannot enlarge memory arrays to size 19116032 bytes (OOM). Either (1) compile with -sINITIAL_MEMORY=X with X higher than the current value 16777216, (2) compile with -sALLOW_MEMORY_GROWTH which allows increasing the size at runtime, or (3) if you want malloc to return NULL (0) instead of this abort, compile with -sABORTING_MALLOC=0)
/home/test/workspace/openh264/test/encoder_binary_comparison/AllTestData/Adobe_PDF_sample_a_1024x768_50Frms.264/h264enc.js:167
      throw ex;
      ^

RuntimeError: Aborted(Cannot enlarge memory arrays to size 19116032 bytes (OOM). Either (1) compile with -sINITIAL_MEMORY=X with X higher than the current value 16777216, (2) compile with -sALLOW_MEMORY_GROWTH which allows increasing the size at runtime, or (3) if you want malloc to return NULL (0) instead of this abort, compile with -sABORTING_MALLOC=0)
    at abort (/home/test/workspace/openh264/test/encoder_binary_comparison/AllTestData/Adobe_PDF_sample_a_1024x768_50Frms.264/h264enc.js:1031:11)
    at abortOnCannotGrowMemory (/home/test/workspace/openh264/test/encoder_binary_comparison/AllTestData/Adobe_PDF_sample_a_1024x768_50Frms.264/h264enc.js:4914:7)
    at _emscripten_resize_heap (/home/test/workspace/openh264/test/encoder_binary_comparison/AllTestData/Adobe_PDF_sample_a_1024x768_50Frms.264/h264enc.js:4919:7)
    at wasm://wasm/00265406:wasm-function[1133]:0x705f0
    at wasm://wasm/00265406:wasm-function[1121]:0x6e28d
    at wasm://wasm/00265406:wasm-function[775]:0x60eb2
    at wasm://wasm/00265406:wasm-function[357]:0x2e8f3
    at wasm://wasm/00265406:wasm-function[363]:0x2f261
    at wasm://wasm/00265406:wasm-function[555]:0x407f3
    at wasm://wasm/00265406:wasm-function[554]:0x405bd   [0m
[31m    Failed! Adobe_PDF_sample_a_1024x768_50Frms.264_x.yuv Case Index 425:SHA-1(Current--Benchmark): NULL-----de6534193af7a14c9a9f99f3fdd98530c597d7ad  [0m
[31m            ----YUVSHA1:  NULL,  9aa9a4d9598eb3e1093311826844f37c43e4c521  [0m
[31m           Aborted(Cannot enlarge memory arrays to size 19116032 bytes (OOM). Either (1) compile with -sINITIAL_MEMORY=X with X higher than the current value 16777216, (2) compile with -sALLOW_MEMORY_GROWTH which allows increasing the size at runtime, or (3) if you want malloc to return NULL (0) instead of this abort, compile with -sABORTING_MALLOC=0)
/home/test/workspace/openh264/test/encoder_binary_comparison/AllTestData/Adobe_PDF_sample_a_1024x768_50Frms.264/h264enc.js:167
      throw ex;
      ^

RuntimeError: Aborted(Cannot enlarge memory arrays to size 19116032 bytes (OOM). Either (1) compile with -sINITIAL_MEMORY=X with X higher than the current value 16777216, (2) compile with -sALLOW_MEMORY_GROWTH which allows increasing the size at runtime, or (3) if you want malloc to return NULL (0) instead of this abort, compile with -sABORTING_MALLOC=0)
    at abort (/home/test/workspace/openh264/test/encoder_binary_comparison/AllTestData/Adobe_PDF_sample_a_1024x768_50Frms.264/h264enc.js:1031:11)
    at abortOnCannotGrowMemory (/home/test/workspace/openh264/test/encoder_binary_comparison/AllTestData/Adobe_PDF_sample_a_1024x768_50Frms.264/h264enc.js:4914:7)
    at _emscripten_resize_heap (/home/test/workspace/openh264/test/encoder_binary_comparison/AllTestData/Adobe_PDF_sample_a_1024x768_50Frms.264/h264enc.js:4919:7)
    at wasm://wasm/00265406:wasm-function[1133]:0x705f0
    at wasm://wasm/00265406:wasm-function[1121]:0x6e28d
    at wasm://wasm/00265406:wasm-function[775]:0x60eb2
    at wasm://wasm/00265406:wasm-function[357]:0x2e8f3
    at wasm://wasm/00265406:wasm-function[363]:0x2f261
    at wasm://wasm/00265406:wasm-function[555]:0x407f3
    at wasm://wasm/00265406:wasm-function[554]:0x405bd   [0m
[31m    Failed! Adobe_PDF_sample_a_1024x768_50Frms.264_x.yuv Case Index 426:SHA-1(Current--Benchmark): NULL-----de6534193af7a14c9a9f99f3fdd98530c597d7ad  [0m
[31m            ----YUVSHA1:  NULL,  9aa9a4d9598eb3e1093311826844f37c43e4c521  [0m
[31m           Aborted(Cannot enlarge memory arrays to size 19116032 bytes (OOM). Either (1) compile with -sINITIAL_MEMORY=X with X higher than the current value 16777216, (2) compile with -sALLOW_MEMORY_GROWTH which allows increasing the size at runtime, or (3) if you want malloc to return NULL (0) instead of this abort, compile with -sABORTING_MALLOC=0)
/home/test/workspace/openh264/test/encoder_binary_comparison/AllTestData/Adobe_PDF_sample_a_1024x768_50Frms.264/h264enc.js:167
      throw ex;
      ^

RuntimeError: Aborted(Cannot enlarge memory arrays to size 19116032 bytes (OOM). Either (1) compile with -sINITIAL_MEMORY=X with X higher than the current value 16777216, (2) compile with -sALLOW_MEMORY_GROWTH which allows increasing the size at runtime, or (3) if you want malloc to return NULL (0) instead of this abort, compile with -sABORTING_MALLOC=0)
    at abort (/home/test/workspace/openh264/test/encoder_binary_comparison/AllTestData/Adobe_PDF_sample_a_1024x768_50Frms.264/h264enc.js:1031:11)
    at abortOnCannotGrowMemory (/home/test/workspace/openh264/test/encoder_binary_comparison/AllTestData/Adobe_PDF_sample_a_1024x768_50Frms.264/h264enc.js:4914:7)
    at _emscripten_resize_heap (/home/test/workspace/openh264/test/encoder_binary_comparison/AllTestData/Adobe_PDF_sample_a_1024x768_50Frms.264/h264enc.js:4919:7)
    at wasm://wasm/00265406:wasm-function[1133]:0x705f0
    at wasm://wasm/00265406:wasm-function[1121]:0x6e28d
    at wasm://wasm/00265406:wasm-function[775]:0x60eb2
    at wasm://wasm/00265406:wasm-function[357]:0x2e8f3
    at wasm://wasm/00265406:wasm-function[363]:0x2f261
    at wasm://wasm/00265406:wasm-function[555]:0x407f3
    at wasm://wasm/00265406:wasm-function[554]:0x405bd   [0m
[31m    Failed! Adobe_PDF_sample_a_1024x768_50Frms.264_x.yuv Case Index 427:SHA-1(Current--Benchmark): NULL-----de6534193af7a14c9a9f99f3fdd98530c597d7ad  [0m
[31m            ----YUVSHA1:  NULL,  9aa9a4d9598eb3e1093311826844f37c43e4c521  [0m
[31m           Aborted(Cannot enlarge memory arrays to size 19116032 bytes (OOM). Either (1) compile with -sINITIAL_MEMORY=X with X higher than the current value 16777216, (2) compile with -sALLOW_MEMORY_GROWTH which allows increasing the size at runtime, or (3) if you want malloc to return NULL (0) instead of this abort, compile with -sABORTING_MALLOC=0)
/home/test/workspace/openh264/test/encoder_binary_comparison/AllTestData/Adobe_PDF_sample_a_1024x768_50Frms.264/h264enc.js:167
      throw ex;
      ^

RuntimeError: Aborted(Cannot enlarge memory arrays to size 19116032 bytes (OOM). Either (1) compile with -sINITIAL_MEMORY=X with X higher than the current value 16777216, (2) compile with -sALLOW_MEMORY_GROWTH which allows increasing the size at runtime, or (3) if you want malloc to return NULL (0) instead of this abort, compile with -sABORTING_MALLOC=0)
    at abort (/home/test/workspace/openh264/test/encoder_binary_comparison/AllTestData/Adobe_PDF_sample_a_1024x768_50Frms.264/h264enc.js:1031:11)
    at abortOnCannotGrowMemory (/home/test/workspace/openh264/test/encoder_binary_comparison/AllTestData/Adobe_PDF_sample_a_1024x768_50Frms.264/h264enc.js:4914:7)
    at _emscripten_resize_heap (/home/test/workspace/openh264/test/encoder_binary_comparison/AllTestData/Adobe_PDF_sample_a_1024x768_50Frms.264/h264enc.js:4919:7)
    at wasm://wasm/00265406:wasm-function[1133]:0x705f0
    at wasm://wasm/00265406:wasm-function[1121]:0x6e28d
    at wasm://wasm/00265406:wasm-function[775]:0x60eb2
    at wasm://wasm/00265406:wasm-function[357]:0x2e8f3
    at wasm://wasm/00265406:wasm-function[363]:0x2f261
    at wasm://wasm/00265406:wasm-function[555]:0x407f3
    at wasm://wasm/00265406:wasm-function[554]:0x405bd   [0m
[31m    Failed! Adobe_PDF_sample_a_1024x768_50Frms.264_x.yuv Case Index 428:SHA-1(Current--Benchmark): NULL-----de6534193af7a14c9a9f99f3fdd98530c597d7ad  [0m
[31m            ----YUVSHA1:  NULL,  9aa9a4d9598eb3e1093311826844f37c43e4c521  [0m
[31m           Aborted(Cannot enlarge memory arrays to size 19116032 bytes (OOM). Either (1) compile with -sINITIAL_MEMORY=X with X higher than the current value 16777216, (2) compile with -sALLOW_MEMORY_GROWTH which allows increasing the size at runtime, or (3) if you want malloc to return NULL (0) instead of this abort, compile with -sABORTING_MALLOC=0)
/home/test/workspace/openh264/test/encoder_binary_comparison/AllTestData/Adobe_PDF_sample_a_1024x768_50Frms.264/h264enc.js:167
      throw ex;
      ^

RuntimeError: Aborted(Cannot enlarge memory arrays to size 19116032 bytes (OOM). Either (1) compile with -sINITIAL_MEMORY=X with X higher than the current value 16777216, (2) compile with -sALLOW_MEMORY_GROWTH which allows increasing the size at runtime, or (3) if you want malloc to return NULL (0) instead of this abort, compile with -sABORTING_MALLOC=0)
    at abort (/home/test/workspace/openh264/test/encoder_binary_comparison/AllTestData/Adobe_PDF_sample_a_1024x768_50Frms.264/h264enc.js:1031:11)
    at abortOnCannotGrowMemory (/home/test/workspace/openh264/test/encoder_binary_comparison/AllTestData/Adobe_PDF_sample_a_1024x768_50Frms.264/h264enc.js:4914:7)
    at _emscripten_resize_heap (/home/test/workspace/openh264/test/encoder_binary_comparison/AllTestData/Adobe_PDF_sample_a_1024x768_50Frms.264/h264enc.js:4919:7)
    at wasm://wasm/00265406:wasm-function[1133]:0x705f0
    at wasm://wasm/00265406:wasm-function[1121]:0x6e28d
    at wasm://wasm/00265406:wasm-function[775]:0x60eb2
    at wasm://wasm/00265406:wasm-function[357]:0x2e8f3
    at wasm://wasm/00265406:wasm-function[363]:0x2f261
    at wasm://wasm/00265406:wasm-function[555]:0x407f3
    at wasm://wasm/00265406:wasm-function[554]:0x405bd   [0m
[31m    Failed! Adobe_PDF_sample_a_1024x768_50Frms.264_x.yuv Case Index 429:SHA-1(Current--Benchmark): NULL-----de6534193af7a14c9a9f99f3fdd98530c597d7ad  [0m
[31m            ----YUVSHA1:  NULL,  9aa9a4d9598eb3e1093311826844f37c43e4c521  [0m
[31m           Aborted(Cannot enlarge memory arrays to size 19116032 bytes (OOM). Either (1) compile with -sINITIAL_MEMORY=X with X higher than the current value 16777216, (2) compile with -sALLOW_MEMORY_GROWTH which allows increasing the size at runtime, or (3) if you want malloc to return NULL (0) instead of this abort, compile with -sABORTING_MALLOC=0)
/home/test/workspace/openh264/test/encoder_binary_comparison/AllTestData/Adobe_PDF_sample_a_1024x768_50Frms.264/h264enc.js:167
      throw ex;
      ^

RuntimeError: Aborted(Cannot enlarge memory arrays to size 19116032 bytes (OOM). Either (1) compile with -sINITIAL_MEMORY=X with X higher than the current value 16777216, (2) compile with -sALLOW_MEMORY_GROWTH which allows increasing the size at runtime, or (3) if you want malloc to return NULL (0) instead of this abort, compile with -sABORTING_MALLOC=0)
    at abort (/home/test/workspace/openh264/test/encoder_binary_comparison/AllTestData/Adobe_PDF_sample_a_1024x768_50Frms.264/h264enc.js:1031:11)
    at abortOnCannotGrowMemory (/home/test/workspace/openh264/test/encoder_binary_comparison/AllTestData/Adobe_PDF_sample_a_1024x768_50Frms.264/h264enc.js:4914:7)
    at _emscripten_resize_heap (/home/test/workspace/openh264/test/encoder_binary_comparison/AllTestData/Adobe_PDF_sample_a_1024x768_50Frms.264/h264enc.js:4919:7)
    at wasm://wasm/00265406:wasm-function[1133]:0x705f0
    at wasm://wasm/00265406:wasm-function[1121]:0x6e28d
    at wasm://wasm/00265406:wasm-function[775]:0x60eb2
    at wasm://wasm/00265406:wasm-function[357]:0x2e8f3
    at wasm://wasm/00265406:wasm-function[363]:0x2f261
    at wasm://wasm/00265406:wasm-function[555]:0x407f3
    at wasm://wasm/00265406:wasm-function[554]:0x405bd   [0m
[31m    Failed! Adobe_PDF_sample_a_1024x768_50Frms.264_x.yuv Case Index 430:SHA-1(Current--Benchmark): NULL-----de6534193af7a14c9a9f99f3fdd98530c597d7ad  [0m
[31m            ----YUVSHA1:  NULL,  9aa9a4d9598eb3e1093311826844f37c43e4c521  [0m
[31m           Aborted(Cannot enlarge memory arrays to size 19116032 bytes (OOM). Either (1) compile with -sINITIAL_MEMORY=X with X higher than the current value 16777216, (2) compile with -sALLOW_MEMORY_GROWTH which allows increasing the size at runtime, or (3) if you want malloc to return NULL (0) instead of this abort, compile with -sABORTING_MALLOC=0)
/home/test/workspace/openh264/test/encoder_binary_comparison/AllTestData/Adobe_PDF_sample_a_1024x768_50Frms.264/h264enc.js:167
      throw ex;
      ^

RuntimeError: Aborted(Cannot enlarge memory arrays to size 19116032 bytes (OOM). Either (1) compile with -sINITIAL_MEMORY=X with X higher than the current value 16777216, (2) compile with -sALLOW_MEMORY_GROWTH which allows increasing the size at runtime, or (3) if you want malloc to return NULL (0) instead of this abort, compile with -sABORTING_MALLOC=0)
    at abort (/home/test/workspace/openh264/test/encoder_binary_comparison/AllTestData/Adobe_PDF_sample_a_1024x768_50Frms.264/h264enc.js:1031:11)
    at abortOnCannotGrowMemory (/home/test/workspace/openh264/test/encoder_binary_comparison/AllTestData/Adobe_PDF_sample_a_1024x768_50Frms.264/h264enc.js:4914:7)
    at _emscripten_resize_heap (/home/test/workspace/openh264/test/encoder_binary_comparison/AllTestData/Adobe_PDF_sample_a_1024x768_50Frms.264/h264enc.js:4919:7)
    at wasm://wasm/00265406:wasm-function[1133]:0x705f0
    at wasm://wasm/00265406:wasm-function[1121]:0x6e28d
    at wasm://wasm/00265406:wasm-function[775]:0x60eb2
    at wasm://wasm/00265406:wasm-function[357]:0x2e8f3
    at wasm://wasm/00265406:wasm-function[363]:0x2f261
    at wasm://wasm/00265406:wasm-function[555]:0x407f3
    at wasm://wasm/00265406:wasm-function[554]:0x405bd   [0m
[31m    Failed! Adobe_PDF_sample_a_1024x768_50Frms.264_x.yuv Case Index 431:SHA-1(Current--Benchmark): NULL-----de6534193af7a14c9a9f99f3fdd98530c597d7ad  [0m
[31m            ----YUVSHA1:  NULL,  9aa9a4d9598eb3e1093311826844f37c43e4c521  [0m
[31m           Aborted(Cannot enlarge memory arrays to size 19116032 bytes (OOM). Either (1) compile with -sINITIAL_MEMORY=X with X higher than the current value 16777216, (2) compile with -sALLOW_MEMORY_GROWTH which allows increasing the size at runtime, or (3) if you want malloc to return NULL (0) instead of this abort, compile with -sABORTING_MALLOC=0)
/home/test/workspace/openh264/test/encoder_binary_comparison/AllTestData/Adobe_PDF_sample_a_1024x768_50Frms.264/h264enc.js:167
      throw ex;
      ^

RuntimeError: Aborted(Cannot enlarge memory arrays to size 19116032 bytes (OOM). Either (1) compile with -sINITIAL_MEMORY=X with X higher than the current value 16777216, (2) compile with -sALLOW_MEMORY_GROWTH which allows increasing the size at runtime, or (3) if you want malloc to return NULL (0) instead of this abort, compile with -sABORTING_MALLOC=0)
    at abort (/home/test/workspace/openh264/test/encoder_binary_comparison/AllTestData/Adobe_PDF_sample_a_1024x768_50Frms.264/h264enc.js:1031:11)
    at abortOnCannotGrowMemory (/home/test/workspace/openh264/test/encoder_binary_comparison/AllTestData/Adobe_PDF_sample_a_1024x768_50Frms.264/h264enc.js:4914:7)
    at _emscripten_resize_heap (/home/test/workspace/openh264/test/encoder_binary_comparison/AllTestData/Adobe_PDF_sample_a_1024x768_50Frms.264/h264enc.js:4919:7)
    at wasm://wasm/00265406:wasm-function[1133]:0x705f0
    at wasm://wasm/00265406:wasm-function[1121]:0x6e28d
    at wasm://wasm/00265406:wasm-function[775]:0x60eb2
    at wasm://wasm/00265406:wasm-function[357]:0x2e8f3
    at wasm://wasm/00265406:wasm-function[363]:0x2f261
    at wasm://wasm/00265406:wasm-function[555]:0x407f3
    at wasm://wasm/00265406:wasm-function[554]:0x405bd   [0m
[31m    Failed! Adobe_PDF_sample_a_1024x768_50Frms.264_x.yuv Case Index 432:SHA-1(Current--Benchmark): NULL-----81f7fc2a271e49e6df5638ec18feba494ad7993f  [0m
[31m            ----YUVSHA1:  NULL,  9aa9a4d9598eb3e1093311826844f37c43e4c521  [0m
[31m           Aborted(Cannot enlarge memory arrays to size 19111936 bytes (OOM). Either (1) compile with -sINITIAL_MEMORY=X with X higher than the current value 16777216, (2) compile with -sALLOW_MEMORY_GROWTH which allows increasing the size at runtime, or (3) if you want malloc to return NULL (0) instead of this abort, compile with -sABORTING_MALLOC=0)
/home/test/workspace/openh264/test/encoder_binary_comparison/AllTestData/Adobe_PDF_sample_a_1024x768_50Frms.264/h264enc.js:167
      throw ex;
      ^

RuntimeError: Aborted(Cannot enlarge memory arrays to size 19111936 bytes (OOM). Either (1) compile with -sINITIAL_MEMORY=X with X higher than the current value 16777216, (2) compile with -sALLOW_MEMORY_GROWTH which allows increasing the size at runtime, or (3) if you want malloc to return NULL (0) instead of this abort, compile with -sABORTING_MALLOC=0)
    at abort (/home/test/workspace/openh264/test/encoder_binary_comparison/AllTestData/Adobe_PDF_sample_a_1024x768_50Frms.264/h264enc.js:1031:11)
    at abortOnCannotGrowMemory (/home/test/workspace/openh264/test/encoder_binary_comparison/AllTestData/Adobe_PDF_sample_a_1024x768_50Frms.264/h264enc.js:4914:7)
    at _emscripten_resize_heap (/home/test/workspace/openh264/test/encoder_binary_comparison/AllTestData/Adobe_PDF_sample_a_1024x768_50Frms.264/h264enc.js:4919:7)
    at wasm://wasm/00265406:wasm-function[1133]:0x705f0
    at wasm://wasm/00265406:wasm-function[1121]:0x6e28d
    at wasm://wasm/00265406:wasm-function[775]:0x60eb2
    at wasm://wasm/00265406:wasm-function[357]:0x2e8f3
    at wasm://wasm/00265406:wasm-function[363]:0x2f261
    at wasm://wasm/00265406:wasm-function[555]:0x407f3
    at wasm://wasm/00265406:wasm-function[554]:0x405bd   [0m
[31m    Failed! Adobe_PDF_sample_a_1024x768_50Frms.264_x.yuv Case Index 433:SHA-1(Current--Benchmark): NULL-----81f7fc2a271e49e6df5638ec18feba494ad7993f  [0m
[31m            ----YUVSHA1:  NULL,  9aa9a4d9598eb3e1093311826844f37c43e4c521  [0m
[31m           Aborted(Cannot enlarge memory arrays to size 19111936 bytes (OOM). Either (1) compile with -sINITIAL_MEMORY=X with X higher than the current value 16777216, (2) compile with -sALLOW_MEMORY_GROWTH which allows increasing the size at runtime, or (3) if you want malloc to return NULL (0) instead of this abort, compile with -sABORTING_MALLOC=0)
/home/test/workspace/openh264/test/encoder_binary_comparison/AllTestData/Adobe_PDF_sample_a_1024x768_50Frms.264/h264enc.js:167
      throw ex;
      ^

RuntimeError: Aborted(Cannot enlarge memory arrays to size 19111936 bytes (OOM). Either (1) compile with -sINITIAL_MEMORY=X with X higher than the current value 16777216, (2) compile with -sALLOW_MEMORY_GROWTH which allows increasing the size at runtime, or (3) if you want malloc to return NULL (0) instead of this abort, compile with -sABORTING_MALLOC=0)
    at abort (/home/test/workspace/openh264/test/encoder_binary_comparison/AllTestData/Adobe_PDF_sample_a_1024x768_50Frms.264/h264enc.js:1031:11)
    at abortOnCannotGrowMemory (/home/test/workspace/openh264/test/encoder_binary_comparison/AllTestData/Adobe_PDF_sample_a_1024x768_50Frms.264/h264enc.js:4914:7)
    at _emscripten_resize_heap (/home/test/workspace/openh264/test/encoder_binary_comparison/AllTestData/Adobe_PDF_sample_a_1024x768_50Frms.264/h264enc.js:4919:7)
    at wasm://wasm/00265406:wasm-function[1133]:0x705f0
    at wasm://wasm/00265406:wasm-function[1121]:0x6e28d
    at wasm://wasm/00265406:wasm-function[775]:0x60eb2
    at wasm://wasm/00265406:wasm-function[357]:0x2e8f3
    at wasm://wasm/00265406:wasm-function[363]:0x2f261
    at wasm://wasm/00265406:wasm-function[555]:0x407f3
    at wasm://wasm/00265406:wasm-function[554]:0x405bd   [0m
[31m    Failed! Adobe_PDF_sample_a_1024x768_50Frms.264_x.yuv Case Index 434:SHA-1(Current--Benchmark): NULL-----81f7fc2a271e49e6df5638ec18feba494ad7993f  [0m
[31m            ----YUVSHA1:  NULL,  9aa9a4d9598eb3e1093311826844f37c43e4c521  [0m
[31m           Aborted(Cannot enlarge memory arrays to size 19111936 bytes (OOM). Either (1) compile with -sINITIAL_MEMORY=X with X higher than the current value 16777216, (2) compile with -sALLOW_MEMORY_GROWTH which allows increasing the size at runtime, or (3) if you want malloc to return NULL (0) instead of this abort, compile with -sABORTING_MALLOC=0)
/home/test/workspace/openh264/test/encoder_binary_comparison/AllTestData/Adobe_PDF_sample_a_1024x768_50Frms.264/h264enc.js:167
      throw ex;
      ^

RuntimeError: Aborted(Cannot enlarge memory arrays to size 19111936 bytes (OOM). Either (1) compile with -sINITIAL_MEMORY=X with X higher than the current value 16777216, (2) compile with -sALLOW_MEMORY_GROWTH which allows increasing the size at runtime, or (3) if you want malloc to return NULL (0) instead of this abort, compile with -sABORTING_MALLOC=0)
    at abort (/home/test/workspace/openh264/test/encoder_binary_comparison/AllTestData/Adobe_PDF_sample_a_1024x768_50Frms.264/h264enc.js:1031:11)
    at abortOnCannotGrowMemory (/home/test/workspace/openh264/test/encoder_binary_comparison/AllTestData/Adobe_PDF_sample_a_1024x768_50Frms.264/h264enc.js:4914:7)
    at _emscripten_resize_heap (/home/test/workspace/openh264/test/encoder_binary_comparison/AllTestData/Adobe_PDF_sample_a_1024x768_50Frms.264/h264enc.js:4919:7)
    at wasm://wasm/00265406:wasm-function[1133]:0x705f0
    at wasm://wasm/00265406:wasm-function[1121]:0x6e28d
    at wasm://wasm/00265406:wasm-function[775]:0x60eb2
    at wasm://wasm/00265406:wasm-function[357]:0x2e8f3
    at wasm://wasm/00265406:wasm-function[363]:0x2f261
    at wasm://wasm/00265406:wasm-function[555]:0x407f3
    at wasm://wasm/00265406:wasm-function[554]:0x405bd   [0m
[31m    Failed! Adobe_PDF_sample_a_1024x768_50Frms.264_x.yuv Case Index 435:SHA-1(Current--Benchmark): NULL-----81f7fc2a271e49e6df5638ec18feba494ad7993f  [0m
[31m            ----YUVSHA1:  NULL,  9aa9a4d9598eb3e1093311826844f37c43e4c521  [0m
[31m           Aborted(Cannot enlarge memory arrays to size 19111936 bytes (OOM). Either (1) compile with -sINITIAL_MEMORY=X with X higher than the current value 16777216, (2) compile with -sALLOW_MEMORY_GROWTH which allows increasing the size at runtime, or (3) if you want malloc to return NULL (0) instead of this abort, compile with -sABORTING_MALLOC=0)
/home/test/workspace/openh264/test/encoder_binary_comparison/AllTestData/Adobe_PDF_sample_a_1024x768_50Frms.264/h264enc.js:167
      throw ex;
      ^

RuntimeError: Aborted(Cannot enlarge memory arrays to size 19111936 bytes (OOM). Either (1) compile with -sINITIAL_MEMORY=X with X higher than the current value 16777216, (2) compile with -sALLOW_MEMORY_GROWTH which allows increasing the size at runtime, or (3) if you want malloc to return NULL (0) instead of this abort, compile with -sABORTING_MALLOC=0)
    at abort (/home/test/workspace/openh264/test/encoder_binary_comparison/AllTestData/Adobe_PDF_sample_a_1024x768_50Frms.264/h264enc.js:1031:11)
    at abortOnCannotGrowMemory (/home/test/workspace/openh264/test/encoder_binary_comparison/AllTestData/Adobe_PDF_sample_a_1024x768_50Frms.264/h264enc.js:4914:7)
    at _emscripten_resize_heap (/home/test/workspace/openh264/test/encoder_binary_comparison/AllTestData/Adobe_PDF_sample_a_1024x768_50Frms.264/h264enc.js:4919:7)
    at wasm://wasm/00265406:wasm-function[1133]:0x705f0
    at wasm://wasm/00265406:wasm-function[1121]:0x6e28d
    at wasm://wasm/00265406:wasm-function[775]:0x60eb2
    at wasm://wasm/00265406:wasm-function[357]:0x2e8f3
    at wasm://wasm/00265406:wasm-function[363]:0x2f261
    at wasm://wasm/00265406:wasm-function[555]:0x407f3
    at wasm://wasm/00265406:wasm-function[554]:0x405bd   [0m
[31m    Failed! Adobe_PDF_sample_a_1024x768_50Frms.264_x.yuv Case Index 436:SHA-1(Current--Benchmark): NULL-----81f7fc2a271e49e6df5638ec18feba494ad7993f  [0m
[31m            ----YUVSHA1:  NULL,  9aa9a4d9598eb3e1093311826844f37c43e4c521  [0m
[31m           Aborted(Cannot enlarge memory arrays to size 19111936 bytes (OOM). Either (1) compile with -sINITIAL_MEMORY=X with X higher than the current value 16777216, (2) compile with -sALLOW_MEMORY_GROWTH which allows increasing the size at runtime, or (3) if you want malloc to return NULL (0) instead of this abort, compile with -sABORTING_MALLOC=0)
/home/test/workspace/openh264/test/encoder_binary_comparison/AllTestData/Adobe_PDF_sample_a_1024x768_50Frms.264/h264enc.js:167
      throw ex;
      ^

RuntimeError: Aborted(Cannot enlarge memory arrays to size 19111936 bytes (OOM). Either (1) compile with -sINITIAL_MEMORY=X with X higher than the current value 16777216, (2) compile with -sALLOW_MEMORY_GROWTH which allows increasing the size at runtime, or (3) if you want malloc to return NULL (0) instead of this abort, compile with -sABORTING_MALLOC=0)
    at abort (/home/test/workspace/openh264/test/encoder_binary_comparison/AllTestData/Adobe_PDF_sample_a_1024x768_50Frms.264/h264enc.js:1031:11)
    at abortOnCannotGrowMemory (/home/test/workspace/openh264/test/encoder_binary_comparison/AllTestData/Adobe_PDF_sample_a_1024x768_50Frms.264/h264enc.js:4914:7)
    at _emscripten_resize_heap (/home/test/workspace/openh264/test/encoder_binary_comparison/AllTestData/Adobe_PDF_sample_a_1024x768_50Frms.264/h264enc.js:4919:7)
    at wasm://wasm/00265406:wasm-function[1133]:0x705f0
    at wasm://wasm/00265406:wasm-function[1121]:0x6e28d
    at wasm://wasm/00265406:wasm-function[775]:0x60eb2
    at wasm://wasm/00265406:wasm-function[357]:0x2e8f3
    at wasm://wasm/00265406:wasm-function[363]:0x2f261
    at wasm://wasm/00265406:wasm-function[555]:0x407f3
    at wasm://wasm/00265406:wasm-function[554]:0x405bd   [0m
[31m    Failed! Adobe_PDF_sample_a_1024x768_50Frms.264_x.yuv Case Index 437:SHA-1(Current--Benchmark): NULL-----81f7fc2a271e49e6df5638ec18feba494ad7993f  [0m
[31m            ----YUVSHA1:  NULL,  9aa9a4d9598eb3e1093311826844f37c43e4c521  [0m
[31m           Aborted(Cannot enlarge memory arrays to size 19111936 bytes (OOM). Either (1) compile with -sINITIAL_MEMORY=X with X higher than the current value 16777216, (2) compile with -sALLOW_MEMORY_GROWTH which allows increasing the size at runtime, or (3) if you want malloc to return NULL (0) instead of this abort, compile with -sABORTING_MALLOC=0)
/home/test/workspace/openh264/test/encoder_binary_comparison/AllTestData/Adobe_PDF_sample_a_1024x768_50Frms.264/h264enc.js:167
      throw ex;
      ^

RuntimeError: Aborted(Cannot enlarge memory arrays to size 19111936 bytes (OOM). Either (1) compile with -sINITIAL_MEMORY=X with X higher than the current value 16777216, (2) compile with -sALLOW_MEMORY_GROWTH which allows increasing the size at runtime, or (3) if you want malloc to return NULL (0) instead of this abort, compile with -sABORTING_MALLOC=0)
    at abort (/home/test/workspace/openh264/test/encoder_binary_comparison/AllTestData/Adobe_PDF_sample_a_1024x768_50Frms.264/h264enc.js:1031:11)
    at abortOnCannotGrowMemory (/home/test/workspace/openh264/test/encoder_binary_comparison/AllTestData/Adobe_PDF_sample_a_1024x768_50Frms.264/h264enc.js:4914:7)
    at _emscripten_resize_heap (/home/test/workspace/openh264/test/encoder_binary_comparison/AllTestData/Adobe_PDF_sample_a_1024x768_50Frms.264/h264enc.js:4919:7)
    at wasm://wasm/00265406:wasm-function[1133]:0x705f0
    at wasm://wasm/00265406:wasm-function[1121]:0x6e28d
    at wasm://wasm/00265406:wasm-function[775]:0x60eb2
    at wasm://wasm/00265406:wasm-function[357]:0x2e8f3
    at wasm://wasm/00265406:wasm-function[363]:0x2f261
    at wasm://wasm/00265406:wasm-function[555]:0x407f3
    at wasm://wasm/00265406:wasm-function[554]:0x405bd   [0m
[31m    Failed! Adobe_PDF_sample_a_1024x768_50Frms.264_x.yuv Case Index 438:SHA-1(Current--Benchmark): NULL-----81f7fc2a271e49e6df5638ec18feba494ad7993f  [0m
[31m            ----YUVSHA1:  NULL,  9aa9a4d9598eb3e1093311826844f37c43e4c521  [0m
[31m           Aborted(Cannot enlarge memory arrays to size 19111936 bytes (OOM). Either (1) compile with -sINITIAL_MEMORY=X with X higher than the current value 16777216, (2) compile with -sALLOW_MEMORY_GROWTH which allows increasing the size at runtime, or (3) if you want malloc to return NULL (0) instead of this abort, compile with -sABORTING_MALLOC=0)
/home/test/workspace/openh264/test/encoder_binary_comparison/AllTestData/Adobe_PDF_sample_a_1024x768_50Frms.264/h264enc.js:167
      throw ex;
      ^

RuntimeError: Aborted(Cannot enlarge memory arrays to size 19111936 bytes (OOM). Either (1) compile with -sINITIAL_MEMORY=X with X higher than the current value 16777216, (2) compile with -sALLOW_MEMORY_GROWTH which allows increasing the size at runtime, or (3) if you want malloc to return NULL (0) instead of this abort, compile with -sABORTING_MALLOC=0)
    at abort (/home/test/workspace/openh264/test/encoder_binary_comparison/AllTestData/Adobe_PDF_sample_a_1024x768_50Frms.264/h264enc.js:1031:11)
    at abortOnCannotGrowMemory (/home/test/workspace/openh264/test/encoder_binary_comparison/AllTestData/Adobe_PDF_sample_a_1024x768_50Frms.264/h264enc.js:4914:7)
    at _emscripten_resize_heap (/home/test/workspace/openh264/test/encoder_binary_comparison/AllTestData/Adobe_PDF_sample_a_1024x768_50Frms.264/h264enc.js:4919:7)
    at wasm://wasm/00265406:wasm-function[1133]:0x705f0
    at wasm://wasm/00265406:wasm-function[1121]:0x6e28d
    at wasm://wasm/00265406:wasm-function[775]:0x60eb2
    at wasm://wasm/00265406:wasm-function[357]:0x2e8f3
    at wasm://wasm/00265406:wasm-function[363]:0x2f261
    at wasm://wasm/00265406:wasm-function[555]:0x407f3
    at wasm://wasm/00265406:wasm-function[554]:0x405bd   [0m
[31m    Failed! Adobe_PDF_sample_a_1024x768_50Frms.264_x.yuv Case Index 439:SHA-1(Current--Benchmark): NULL-----81f7fc2a271e49e6df5638ec18feba494ad7993f  [0m
[31m            ----YUVSHA1:  NULL,  9aa9a4d9598eb3e1093311826844f37c43e4c521  [0m
[31m           Aborted(Cannot enlarge memory arrays to size 19111936 bytes (OOM). Either (1) compile with -sINITIAL_MEMORY=X with X higher than the current value 16777216, (2) compile with -sALLOW_MEMORY_GROWTH which allows increasing the size at runtime, or (3) if you want malloc to return NULL (0) instead of this abort, compile with -sABORTING_MALLOC=0)
/home/test/workspace/openh264/test/encoder_binary_comparison/AllTestData/Adobe_PDF_sample_a_1024x768_50Frms.264/h264enc.js:167
      throw ex;
      ^

RuntimeError: Aborted(Cannot enlarge memory arrays to size 19111936 bytes (OOM). Either (1) compile with -sINITIAL_MEMORY=X with X higher than the current value 16777216, (2) compile with -sALLOW_MEMORY_GROWTH which allows increasing the size at runtime, or (3) if you want malloc to return NULL (0) instead of this abort, compile with -sABORTING_MALLOC=0)
    at abort (/home/test/workspace/openh264/test/encoder_binary_comparison/AllTestData/Adobe_PDF_sample_a_1024x768_50Frms.264/h264enc.js:1031:11)
    at abortOnCannotGrowMemory (/home/test/workspace/openh264/test/encoder_binary_comparison/AllTestData/Adobe_PDF_sample_a_1024x768_50Frms.264/h264enc.js:4914:7)
    at _emscripten_resize_heap (/home/test/workspace/openh264/test/encoder_binary_comparison/AllTestData/Adobe_PDF_sample_a_1024x768_50Frms.264/h264enc.js:4919:7)
    at wasm://wasm/00265406:wasm-function[1133]:0x705f0
    at wasm://wasm/00265406:wasm-function[1121]:0x6e28d
    at wasm://wasm/00265406:wasm-function[775]:0x60eb2
    at wasm://wasm/00265406:wasm-function[357]:0x2e8f3
    at wasm://wasm/00265406:wasm-function[363]:0x2f261
    at wasm://wasm/00265406:wasm-function[555]:0x407f3
    at wasm://wasm/00265406:wasm-function[554]:0x405bd   [0m
[31m    Failed! Adobe_PDF_sample_a_1024x768_50Frms.264_x.yuv Case Index 440:SHA-1(Current--Benchmark): NULL-----81f7fc2a271e49e6df5638ec18feba494ad7993f  [0m
[31m            ----YUVSHA1:  NULL,  9aa9a4d9598eb3e1093311826844f37c43e4c521  [0m
[31m           Aborted(Cannot enlarge memory arrays to size 19111936 bytes (OOM). Either (1) compile with -sINITIAL_MEMORY=X with X higher than the current value 16777216, (2) compile with -sALLOW_MEMORY_GROWTH which allows increasing the size at runtime, or (3) if you want malloc to return NULL (0) instead of this abort, compile with -sABORTING_MALLOC=0)
/home/test/workspace/openh264/test/encoder_binary_comparison/AllTestData/Adobe_PDF_sample_a_1024x768_50Frms.264/h264enc.js:167
      throw ex;
      ^

RuntimeError: Aborted(Cannot enlarge memory arrays to size 19111936 bytes (OOM). Either (1) compile with -sINITIAL_MEMORY=X with X higher than the current value 16777216, (2) compile with -sALLOW_MEMORY_GROWTH which allows increasing the size at runtime, or (3) if you want malloc to return NULL (0) instead of this abort, compile with -sABORTING_MALLOC=0)
    at abort (/home/test/workspace/openh264/test/encoder_binary_comparison/AllTestData/Adobe_PDF_sample_a_1024x768_50Frms.264/h264enc.js:1031:11)
    at abortOnCannotGrowMemory (/home/test/workspace/openh264/test/encoder_binary_comparison/AllTestData/Adobe_PDF_sample_a_1024x768_50Frms.264/h264enc.js:4914:7)
    at _emscripten_resize_heap (/home/test/workspace/openh264/test/encoder_binary_comparison/AllTestData/Adobe_PDF_sample_a_1024x768_50Frms.264/h264enc.js:4919:7)
    at wasm://wasm/00265406:wasm-function[1133]:0x705f0
    at wasm://wasm/00265406:wasm-function[1121]:0x6e28d
    at wasm://wasm/00265406:wasm-function[775]:0x60eb2
    at wasm://wasm/00265406:wasm-function[357]:0x2e8f3
    at wasm://wasm/00265406:wasm-function[363]:0x2f261
    at wasm://wasm/00265406:wasm-function[555]:0x407f3
    at wasm://wasm/00265406:wasm-function[554]:0x405bd   [0m
[31m    Failed! Adobe_PDF_sample_a_1024x768_50Frms.264_x.yuv Case Index 441:SHA-1(Current--Benchmark): NULL-----81f7fc2a271e49e6df5638ec18feba494ad7993f  [0m
[31m            ----YUVSHA1:  NULL,  9aa9a4d9598eb3e1093311826844f37c43e4c521  [0m
[31m           Aborted(Cannot enlarge memory arrays to size 19111936 bytes (OOM). Either (1) compile with -sINITIAL_MEMORY=X with X higher than the current value 16777216, (2) compile with -sALLOW_MEMORY_GROWTH which allows increasing the size at runtime, or (3) if you want malloc to return NULL (0) instead of this abort, compile with -sABORTING_MALLOC=0)
/home/test/workspace/openh264/test/encoder_binary_comparison/AllTestData/Adobe_PDF_sample_a_1024x768_50Frms.264/h264enc.js:167
      throw ex;
      ^

RuntimeError: Aborted(Cannot enlarge memory arrays to size 19111936 bytes (OOM). Either (1) compile with -sINITIAL_MEMORY=X with X higher than the current value 16777216, (2) compile with -sALLOW_MEMORY_GROWTH which allows increasing the size at runtime, or (3) if you want malloc to return NULL (0) instead of this abort, compile with -sABORTING_MALLOC=0)
    at abort (/home/test/workspace/openh264/test/encoder_binary_comparison/AllTestData/Adobe_PDF_sample_a_1024x768_50Frms.264/h264enc.js:1031:11)
    at abortOnCannotGrowMemory (/home/test/workspace/openh264/test/encoder_binary_comparison/AllTestData/Adobe_PDF_sample_a_1024x768_50Frms.264/h264enc.js:4914:7)
    at _emscripten_resize_heap (/home/test/workspace/openh264/test/encoder_binary_comparison/AllTestData/Adobe_PDF_sample_a_1024x768_50Frms.264/h264enc.js:4919:7)
    at wasm://wasm/00265406:wasm-function[1133]:0x705f0
    at wasm://wasm/00265406:wasm-function[1121]:0x6e28d
    at wasm://wasm/00265406:wasm-function[775]:0x60eb2
    at wasm://wasm/00265406:wasm-function[357]:0x2e8f3
    at wasm://wasm/00265406:wasm-function[363]:0x2f261
    at wasm://wasm/00265406:wasm-function[555]:0x407f3
    at wasm://wasm/00265406:wasm-function[554]:0x405bd   [0m
[31m    Failed! Adobe_PDF_sample_a_1024x768_50Frms.264_x.yuv Case Index 442:SHA-1(Current--Benchmark): NULL-----81f7fc2a271e49e6df5638ec18feba494ad7993f  [0m
[31m            ----YUVSHA1:  NULL,  9aa9a4d9598eb3e1093311826844f37c43e4c521  [0m
[31m           Aborted(Cannot enlarge memory arrays to size 19111936 bytes (OOM). Either (1) compile with -sINITIAL_MEMORY=X with X higher than the current value 16777216, (2) compile with -sALLOW_MEMORY_GROWTH which allows increasing the size at runtime, or (3) if you want malloc to return NULL (0) instead of this abort, compile with -sABORTING_MALLOC=0)
/home/test/workspace/openh264/test/encoder_binary_comparison/AllTestData/Adobe_PDF_sample_a_1024x768_50Frms.264/h264enc.js:167
      throw ex;
      ^

RuntimeError: Aborted(Cannot enlarge memory arrays to size 19111936 bytes (OOM). Either (1) compile with -sINITIAL_MEMORY=X with X higher than the current value 16777216, (2) compile with -sALLOW_MEMORY_GROWTH which allows increasing the size at runtime, or (3) if you want malloc to return NULL (0) instead of this abort, compile with -sABORTING_MALLOC=0)
    at abort (/home/test/workspace/openh264/test/encoder_binary_comparison/AllTestData/Adobe_PDF_sample_a_1024x768_50Frms.264/h264enc.js:1031:11)
    at abortOnCannotGrowMemory (/home/test/workspace/openh264/test/encoder_binary_comparison/AllTestData/Adobe_PDF_sample_a_1024x768_50Frms.264/h264enc.js:4914:7)
    at _emscripten_resize_heap (/home/test/workspace/openh264/test/encoder_binary_comparison/AllTestData/Adobe_PDF_sample_a_1024x768_50Frms.264/h264enc.js:4919:7)
    at wasm://wasm/00265406:wasm-function[1133]:0x705f0
    at wasm://wasm/00265406:wasm-function[1121]:0x6e28d
    at wasm://wasm/00265406:wasm-function[775]:0x60eb2
    at wasm://wasm/00265406:wasm-function[357]:0x2e8f3
    at wasm://wasm/00265406:wasm-function[363]:0x2f261
    at wasm://wasm/00265406:wasm-function[555]:0x407f3
    at wasm://wasm/00265406:wasm-function[554]:0x405bd   [0m
[31m    Failed! Adobe_PDF_sample_a_1024x768_50Frms.264_x.yuv Case Index 443:SHA-1(Current--Benchmark): NULL-----81f7fc2a271e49e6df5638ec18feba494ad7993f  [0m
[31m            ----YUVSHA1:  NULL,  9aa9a4d9598eb3e1093311826844f37c43e4c521  [0m
[31m           Aborted(Cannot enlarge memory arrays to size 19111936 bytes (OOM). Either (1) compile with -sINITIAL_MEMORY=X with X higher than the current value 16777216, (2) compile with -sALLOW_MEMORY_GROWTH which allows increasing the size at runtime, or (3) if you want malloc to return NULL (0) instead of this abort, compile with -sABORTING_MALLOC=0)
/home/test/workspace/openh264/test/encoder_binary_comparison/AllTestData/Adobe_PDF_sample_a_1024x768_50Frms.264/h264enc.js:167
      throw ex;
      ^

RuntimeError: Aborted(Cannot enlarge memory arrays to size 19111936 bytes (OOM). Either (1) compile with -sINITIAL_MEMORY=X with X higher than the current value 16777216, (2) compile with -sALLOW_MEMORY_GROWTH which allows increasing the size at runtime, or (3) if you want malloc to return NULL (0) instead of this abort, compile with -sABORTING_MALLOC=0)
    at abort (/home/test/workspace/openh264/test/encoder_binary_comparison/AllTestData/Adobe_PDF_sample_a_1024x768_50Frms.264/h264enc.js:1031:11)
    at abortOnCannotGrowMemory (/home/test/workspace/openh264/test/encoder_binary_comparison/AllTestData/Adobe_PDF_sample_a_1024x768_50Frms.264/h264enc.js:4914:7)
    at _emscripten_resize_heap (/home/test/workspace/openh264/test/encoder_binary_comparison/AllTestData/Adobe_PDF_sample_a_1024x768_50Frms.264/h264enc.js:4919:7)
    at wasm://wasm/00265406:wasm-function[1133]:0x705f0
    at wasm://wasm/00265406:wasm-function[1121]:0x6e28d
    at wasm://wasm/00265406:wasm-function[775]:0x60eb2
    at wasm://wasm/00265406:wasm-function[357]:0x2e8f3
    at wasm://wasm/00265406:wasm-function[363]:0x2f261
    at wasm://wasm/00265406:wasm-function[555]:0x407f3
    at wasm://wasm/00265406:wasm-function[554]:0x405bd   [0m
[31m    Failed! Adobe_PDF_sample_a_1024x768_50Frms.264_x.yuv Case Index 444:SHA-1(Current--Benchmark): NULL-----81f7fc2a271e49e6df5638ec18feba494ad7993f  [0m
[31m            ----YUVSHA1:  NULL,  9aa9a4d9598eb3e1093311826844f37c43e4c521  [0m
[31m           Aborted(Cannot enlarge memory arrays to size 19111936 bytes (OOM). Either (1) compile with -sINITIAL_MEMORY=X with X higher than the current value 16777216, (2) compile with -sALLOW_MEMORY_GROWTH which allows increasing the size at runtime, or (3) if you want malloc to return NULL (0) instead of this abort, compile with -sABORTING_MALLOC=0)
/home/test/workspace/openh264/test/encoder_binary_comparison/AllTestData/Adobe_PDF_sample_a_1024x768_50Frms.264/h264enc.js:167
      throw ex;
      ^

RuntimeError: Aborted(Cannot enlarge memory arrays to size 19111936 bytes (OOM). Either (1) compile with -sINITIAL_MEMORY=X with X higher than the current value 16777216, (2) compile with -sALLOW_MEMORY_GROWTH which allows increasing the size at runtime, or (3) if you want malloc to return NULL (0) instead of this abort, compile with -sABORTING_MALLOC=0)
    at abort (/home/test/workspace/openh264/test/encoder_binary_comparison/AllTestData/Adobe_PDF_sample_a_1024x768_50Frms.264/h264enc.js:1031:11)
    at abortOnCannotGrowMemory (/home/test/workspace/openh264/test/encoder_binary_comparison/AllTestData/Adobe_PDF_sample_a_1024x768_50Frms.264/h264enc.js:4914:7)
    at _emscripten_resize_heap (/home/test/workspace/openh264/test/encoder_binary_comparison/AllTestData/Adobe_PDF_sample_a_1024x768_50Frms.264/h264enc.js:4919:7)
    at wasm://wasm/00265406:wasm-function[1133]:0x705f0
    at wasm://wasm/00265406:wasm-function[1121]:0x6e28d
    at wasm://wasm/00265406:wasm-function[775]:0x60eb2
    at wasm://wasm/00265406:wasm-function[357]:0x2e8f3
    at wasm://wasm/00265406:wasm-function[363]:0x2f261
    at wasm://wasm/00265406:wasm-function[555]:0x407f3
    at wasm://wasm/00265406:wasm-function[554]:0x405bd   [0m
[31m    Failed! Adobe_PDF_sample_a_1024x768_50Frms.264_x.yuv Case Index 445:SHA-1(Current--Benchmark): NULL-----81f7fc2a271e49e6df5638ec18feba494ad7993f  [0m
[31m            ----YUVSHA1:  NULL,  9aa9a4d9598eb3e1093311826844f37c43e4c521  [0m
[31m           Aborted(Cannot enlarge memory arrays to size 19111936 bytes (OOM). Either (1) compile with -sINITIAL_MEMORY=X with X higher than the current value 16777216, (2) compile with -sALLOW_MEMORY_GROWTH which allows increasing the size at runtime, or (3) if you want malloc to return NULL (0) instead of this abort, compile with -sABORTING_MALLOC=0)
/home/test/workspace/openh264/test/encoder_binary_comparison/AllTestData/Adobe_PDF_sample_a_1024x768_50Frms.264/h264enc.js:167
      throw ex;
      ^

RuntimeError: Aborted(Cannot enlarge memory arrays to size 19111936 bytes (OOM). Either (1) compile with -sINITIAL_MEMORY=X with X higher than the current value 16777216, (2) compile with -sALLOW_MEMORY_GROWTH which allows increasing the size at runtime, or (3) if you want malloc to return NULL (0) instead of this abort, compile with -sABORTING_MALLOC=0)
    at abort (/home/test/workspace/openh264/test/encoder_binary_comparison/AllTestData/Adobe_PDF_sample_a_1024x768_50Frms.264/h264enc.js:1031:11)
    at abortOnCannotGrowMemory (/home/test/workspace/openh264/test/encoder_binary_comparison/AllTestData/Adobe_PDF_sample_a_1024x768_50Frms.264/h264enc.js:4914:7)
    at _emscripten_resize_heap (/home/test/workspace/openh264/test/encoder_binary_comparison/AllTestData/Adobe_PDF_sample_a_1024x768_50Frms.264/h264enc.js:4919:7)
    at wasm://wasm/00265406:wasm-function[1133]:0x705f0
    at wasm://wasm/00265406:wasm-function[1121]:0x6e28d
    at wasm://wasm/00265406:wasm-function[775]:0x60eb2
    at wasm://wasm/00265406:wasm-function[357]:0x2e8f3
    at wasm://wasm/00265406:wasm-function[363]:0x2f261
    at wasm://wasm/00265406:wasm-function[555]:0x407f3
    at wasm://wasm/00265406:wasm-function[554]:0x405bd   [0m
[31m    Failed! Adobe_PDF_sample_a_1024x768_50Frms.264_x.yuv Case Index 446:SHA-1(Current--Benchmark): NULL-----81f7fc2a271e49e6df5638ec18feba494ad7993f  [0m
[31m            ----YUVSHA1:  NULL,  9aa9a4d9598eb3e1093311826844f37c43e4c521  [0m
[31m           Aborted(Cannot enlarge memory arrays to size 19111936 bytes (OOM). Either (1) compile with -sINITIAL_MEMORY=X with X higher than the current value 16777216, (2) compile with -sALLOW_MEMORY_GROWTH which allows increasing the size at runtime, or (3) if you want malloc to return NULL (0) instead of this abort, compile with -sABORTING_MALLOC=0)
/home/test/workspace/openh264/test/encoder_binary_comparison/AllTestData/Adobe_PDF_sample_a_1024x768_50Frms.264/h264enc.js:167
      throw ex;
      ^

RuntimeError: Aborted(Cannot enlarge memory arrays to size 19111936 bytes (OOM). Either (1) compile with -sINITIAL_MEMORY=X with X higher than the current value 16777216, (2) compile with -sALLOW_MEMORY_GROWTH which allows increasing the size at runtime, or (3) if you want malloc to return NULL (0) instead of this abort, compile with -sABORTING_MALLOC=0)
    at abort (/home/test/workspace/openh264/test/encoder_binary_comparison/AllTestData/Adobe_PDF_sample_a_1024x768_50Frms.264/h264enc.js:1031:11)
    at abortOnCannotGrowMemory (/home/test/workspace/openh264/test/encoder_binary_comparison/AllTestData/Adobe_PDF_sample_a_1024x768_50Frms.264/h264enc.js:4914:7)
    at _emscripten_resize_heap (/home/test/workspace/openh264/test/encoder_binary_comparison/AllTestData/Adobe_PDF_sample_a_1024x768_50Frms.264/h264enc.js:4919:7)
    at wasm://wasm/00265406:wasm-function[1133]:0x705f0
    at wasm://wasm/00265406:wasm-function[1121]:0x6e28d
    at wasm://wasm/00265406:wasm-function[775]:0x60eb2
    at wasm://wasm/00265406:wasm-function[357]:0x2e8f3
    at wasm://wasm/00265406:wasm-function[363]:0x2f261
    at wasm://wasm/00265406:wasm-function[555]:0x407f3
    at wasm://wasm/00265406:wasm-function[554]:0x405bd   [0m
[31m    Failed! Adobe_PDF_sample_a_1024x768_50Frms.264_x.yuv Case Index 447:SHA-1(Current--Benchmark): NULL-----81f7fc2a271e49e6df5638ec18feba494ad7993f  [0m
[31m            ----YUVSHA1:  NULL,  9aa9a4d9598eb3e1093311826844f37c43e4c521  [0m
[31m           Aborted(Cannot enlarge memory arrays to size 19111936 bytes (OOM). Either (1) compile with -sINITIAL_MEMORY=X with X higher than the current value 16777216, (2) compile with -sALLOW_MEMORY_GROWTH which allows increasing the size at runtime, or (3) if you want malloc to return NULL (0) instead of this abort, compile with -sABORTING_MALLOC=0)
/home/test/workspace/openh264/test/encoder_binary_comparison/AllTestData/Adobe_PDF_sample_a_1024x768_50Frms.264/h264enc.js:167
      throw ex;
      ^

RuntimeError: Aborted(Cannot enlarge memory arrays to size 19111936 bytes (OOM). Either (1) compile with -sINITIAL_MEMORY=X with X higher than the current value 16777216, (2) compile with -sALLOW_MEMORY_GROWTH which allows increasing the size at runtime, or (3) if you want malloc to return NULL (0) instead of this abort, compile with -sABORTING_MALLOC=0)
    at abort (/home/test/workspace/openh264/test/encoder_binary_comparison/AllTestData/Adobe_PDF_sample_a_1024x768_50Frms.264/h264enc.js:1031:11)
    at abortOnCannotGrowMemory (/home/test/workspace/openh264/test/encoder_binary_comparison/AllTestData/Adobe_PDF_sample_a_1024x768_50Frms.264/h264enc.js:4914:7)
    at _emscripten_resize_heap (/home/test/workspace/openh264/test/encoder_binary_comparison/AllTestData/Adobe_PDF_sample_a_1024x768_50Frms.264/h264enc.js:4919:7)
    at wasm://wasm/00265406:wasm-function[1133]:0x705f0
    at wasm://wasm/00265406:wasm-function[1121]:0x6e28d
    at wasm://wasm/00265406:wasm-function[775]:0x60eb2
    at wasm://wasm/00265406:wasm-function[357]:0x2e8f3
    at wasm://wasm/00265406:wasm-function[363]:0x2f261
    at wasm://wasm/00265406:wasm-function[555]:0x407f3
    at wasm://wasm/00265406:wasm-function[554]:0x405bd   [0m
[31m    Failed! Adobe_PDF_sample_a_1024x768_50Frms.264_x.yuv Case Index 448:SHA-1(Current--Benchmark): NULL-----4c746a63bb765d3e5e99352009bf26c6fdbeecd7  [0m
[31m            ----YUVSHA1:  NULL,  9aa9a4d9598eb3e1093311826844f37c43e4c521  [0m
[31m           Aborted(Cannot enlarge memory arrays to size 19111936 bytes (OOM). Either (1) compile with -sINITIAL_MEMORY=X with X higher than the current value 16777216, (2) compile with -sALLOW_MEMORY_GROWTH which allows increasing the size at runtime, or (3) if you want malloc to return NULL (0) instead of this abort, compile with -sABORTING_MALLOC=0)
/home/test/workspace/openh264/test/encoder_binary_comparison/AllTestData/Adobe_PDF_sample_a_1024x768_50Frms.264/h264enc.js:167
      throw ex;
      ^

RuntimeError: Aborted(Cannot enlarge memory arrays to size 19111936 bytes (OOM). Either (1) compile with -sINITIAL_MEMORY=X with X higher than the current value 16777216, (2) compile with -sALLOW_MEMORY_GROWTH which allows increasing the size at runtime, or (3) if you want malloc to return NULL (0) instead of this abort, compile with -sABORTING_MALLOC=0)
    at abort (/home/test/workspace/openh264/test/encoder_binary_comparison/AllTestData/Adobe_PDF_sample_a_1024x768_50Frms.264/h264enc.js:1031:11)
    at abortOnCannotGrowMemory (/home/test/workspace/openh264/test/encoder_binary_comparison/AllTestData/Adobe_PDF_sample_a_1024x768_50Frms.264/h264enc.js:4914:7)
    at _emscripten_resize_heap (/home/test/workspace/openh264/test/encoder_binary_comparison/AllTestData/Adobe_PDF_sample_a_1024x768_50Frms.264/h264enc.js:4919:7)
    at wasm://wasm/00265406:wasm-function[1133]:0x705f0
    at wasm://wasm/00265406:wasm-function[1121]:0x6e28d
    at wasm://wasm/00265406:wasm-function[775]:0x60eb2
    at wasm://wasm/00265406:wasm-function[357]:0x2e8f3
    at wasm://wasm/00265406:wasm-function[363]:0x2f261
    at wasm://wasm/00265406:wasm-function[555]:0x407f3
    at wasm://wasm/00265406:wasm-function[554]:0x405bd   [0m
[31m    Failed! Adobe_PDF_sample_a_1024x768_50Frms.264_x.yuv Case Index 449:SHA-1(Current--Benchmark): NULL-----4c746a63bb765d3e5e99352009bf26c6fdbeecd7  [0m
[31m            ----YUVSHA1:  NULL,  9aa9a4d9598eb3e1093311826844f37c43e4c521  [0m
[31m           Aborted(Cannot enlarge memory arrays to size 19111936 bytes (OOM). Either (1) compile with -sINITIAL_MEMORY=X with X higher than the current value 16777216, (2) compile with -sALLOW_MEMORY_GROWTH which allows increasing the size at runtime, or (3) if you want malloc to return NULL (0) instead of this abort, compile with -sABORTING_MALLOC=0)
/home/test/workspace/openh264/test/encoder_binary_comparison/AllTestData/Adobe_PDF_sample_a_1024x768_50Frms.264/h264enc.js:167
      throw ex;
      ^

RuntimeError: Aborted(Cannot enlarge memory arrays to size 19111936 bytes (OOM). Either (1) compile with -sINITIAL_MEMORY=X with X higher than the current value 16777216, (2) compile with -sALLOW_MEMORY_GROWTH which allows increasing the size at runtime, or (3) if you want malloc to return NULL (0) instead of this abort, compile with -sABORTING_MALLOC=0)
    at abort (/home/test/workspace/openh264/test/encoder_binary_comparison/AllTestData/Adobe_PDF_sample_a_1024x768_50Frms.264/h264enc.js:1031:11)
    at abortOnCannotGrowMemory (/home/test/workspace/openh264/test/encoder_binary_comparison/AllTestData/Adobe_PDF_sample_a_1024x768_50Frms.264/h264enc.js:4914:7)
    at _emscripten_resize_heap (/home/test/workspace/openh264/test/encoder_binary_comparison/AllTestData/Adobe_PDF_sample_a_1024x768_50Frms.264/h264enc.js:4919:7)
    at wasm://wasm/00265406:wasm-function[1133]:0x705f0
    at wasm://wasm/00265406:wasm-function[1121]:0x6e28d
    at wasm://wasm/00265406:wasm-function[775]:0x60eb2
    at wasm://wasm/00265406:wasm-function[357]:0x2e8f3
    at wasm://wasm/00265406:wasm-function[363]:0x2f261
    at wasm://wasm/00265406:wasm-function[555]:0x407f3
    at wasm://wasm/00265406:wasm-function[554]:0x405bd   [0m
[31m    Failed! Adobe_PDF_sample_a_1024x768_50Frms.264_x.yuv Case Index 450:SHA-1(Current--Benchmark): NULL-----4c746a63bb765d3e5e99352009bf26c6fdbeecd7  [0m
[31m            ----YUVSHA1:  NULL,  9aa9a4d9598eb3e1093311826844f37c43e4c521  [0m
[31m           Aborted(Cannot enlarge memory arrays to size 19111936 bytes (OOM). Either (1) compile with -sINITIAL_MEMORY=X with X higher than the current value 16777216, (2) compile with -sALLOW_MEMORY_GROWTH which allows increasing the size at runtime, or (3) if you want malloc to return NULL (0) instead of this abort, compile with -sABORTING_MALLOC=0)
/home/test/workspace/openh264/test/encoder_binary_comparison/AllTestData/Adobe_PDF_sample_a_1024x768_50Frms.264/h264enc.js:167
      throw ex;
      ^

RuntimeError: Aborted(Cannot enlarge memory arrays to size 19111936 bytes (OOM). Either (1) compile with -sINITIAL_MEMORY=X with X higher than the current value 16777216, (2) compile with -sALLOW_MEMORY_GROWTH which allows increasing the size at runtime, or (3) if you want malloc to return NULL (0) instead of this abort, compile with -sABORTING_MALLOC=0)
    at abort (/home/test/workspace/openh264/test/encoder_binary_comparison/AllTestData/Adobe_PDF_sample_a_1024x768_50Frms.264/h264enc.js:1031:11)
    at abortOnCannotGrowMemory (/home/test/workspace/openh264/test/encoder_binary_comparison/AllTestData/Adobe_PDF_sample_a_1024x768_50Frms.264/h264enc.js:4914:7)
    at _emscripten_resize_heap (/home/test/workspace/openh264/test/encoder_binary_comparison/AllTestData/Adobe_PDF_sample_a_1024x768_50Frms.264/h264enc.js:4919:7)
    at wasm://wasm/00265406:wasm-function[1133]:0x705f0
    at wasm://wasm/00265406:wasm-function[1121]:0x6e28d
    at wasm://wasm/00265406:wasm-function[775]:0x60eb2
    at wasm://wasm/00265406:wasm-function[357]:0x2e8f3
    at wasm://wasm/00265406:wasm-function[363]:0x2f261
    at wasm://wasm/00265406:wasm-function[555]:0x407f3
    at wasm://wasm/00265406:wasm-function[554]:0x405bd   [0m
[31m    Failed! Adobe_PDF_sample_a_1024x768_50Frms.264_x.yuv Case Index 451:SHA-1(Current--Benchmark): NULL-----4c746a63bb765d3e5e99352009bf26c6fdbeecd7  [0m
[31m            ----YUVSHA1:  NULL,  9aa9a4d9598eb3e1093311826844f37c43e4c521  [0m
[31m           Aborted(Cannot enlarge memory arrays to size 19111936 bytes (OOM). Either (1) compile with -sINITIAL_MEMORY=X with X higher than the current value 16777216, (2) compile with -sALLOW_MEMORY_GROWTH which allows increasing the size at runtime, or (3) if you want malloc to return NULL (0) instead of this abort, compile with -sABORTING_MALLOC=0)
/home/test/workspace/openh264/test/encoder_binary_comparison/AllTestData/Adobe_PDF_sample_a_1024x768_50Frms.264/h264enc.js:167
      throw ex;
      ^

RuntimeError: Aborted(Cannot enlarge memory arrays to size 19111936 bytes (OOM). Either (1) compile with -sINITIAL_MEMORY=X with X higher than the current value 16777216, (2) compile with -sALLOW_MEMORY_GROWTH which allows increasing the size at runtime, or (3) if you want malloc to return NULL (0) instead of this abort, compile with -sABORTING_MALLOC=0)
    at abort (/home/test/workspace/openh264/test/encoder_binary_comparison/AllTestData/Adobe_PDF_sample_a_1024x768_50Frms.264/h264enc.js:1031:11)
    at abortOnCannotGrowMemory (/home/test/workspace/openh264/test/encoder_binary_comparison/AllTestData/Adobe_PDF_sample_a_1024x768_50Frms.264/h264enc.js:4914:7)
    at _emscripten_resize_heap (/home/test/workspace/openh264/test/encoder_binary_comparison/AllTestData/Adobe_PDF_sample_a_1024x768_50Frms.264/h264enc.js:4919:7)
    at wasm://wasm/00265406:wasm-function[1133]:0x705f0
    at wasm://wasm/00265406:wasm-function[1121]:0x6e28d
    at wasm://wasm/00265406:wasm-function[775]:0x60eb2
    at wasm://wasm/00265406:wasm-function[357]:0x2e8f3
    at wasm://wasm/00265406:wasm-function[363]:0x2f261
    at wasm://wasm/00265406:wasm-function[555]:0x407f3
    at wasm://wasm/00265406:wasm-function[554]:0x405bd   [0m
[31m    Failed! Adobe_PDF_sample_a_1024x768_50Frms.264_x.yuv Case Index 452:SHA-1(Current--Benchmark): NULL-----4c746a63bb765d3e5e99352009bf26c6fdbeecd7  [0m
[31m            ----YUVSHA1:  NULL,  9aa9a4d9598eb3e1093311826844f37c43e4c521  [0m
[31m           Aborted(Cannot enlarge memory arrays to size 19111936 bytes (OOM). Either (1) compile with -sINITIAL_MEMORY=X with X higher than the current value 16777216, (2) compile with -sALLOW_MEMORY_GROWTH which allows increasing the size at runtime, or (3) if you want malloc to return NULL (0) instead of this abort, compile with -sABORTING_MALLOC=0)
/home/test/workspace/openh264/test/encoder_binary_comparison/AllTestData/Adobe_PDF_sample_a_1024x768_50Frms.264/h264enc.js:167
      throw ex;
      ^

RuntimeError: Aborted(Cannot enlarge memory arrays to size 19111936 bytes (OOM). Either (1) compile with -sINITIAL_MEMORY=X with X higher than the current value 16777216, (2) compile with -sALLOW_MEMORY_GROWTH which allows increasing the size at runtime, or (3) if you want malloc to return NULL (0) instead of this abort, compile with -sABORTING_MALLOC=0)
    at abort (/home/test/workspace/openh264/test/encoder_binary_comparison/AllTestData/Adobe_PDF_sample_a_1024x768_50Frms.264/h264enc.js:1031:11)
    at abortOnCannotGrowMemory (/home/test/workspace/openh264/test/encoder_binary_comparison/AllTestData/Adobe_PDF_sample_a_1024x768_50Frms.264/h264enc.js:4914:7)
    at _emscripten_resize_heap (/home/test/workspace/openh264/test/encoder_binary_comparison/AllTestData/Adobe_PDF_sample_a_1024x768_50Frms.264/h264enc.js:4919:7)
    at wasm://wasm/00265406:wasm-function[1133]:0x705f0
    at wasm://wasm/00265406:wasm-function[1121]:0x6e28d
    at wasm://wasm/00265406:wasm-function[775]:0x60eb2
    at wasm://wasm/00265406:wasm-function[357]:0x2e8f3
    at wasm://wasm/00265406:wasm-function[363]:0x2f261
    at wasm://wasm/00265406:wasm-function[555]:0x407f3
    at wasm://wasm/00265406:wasm-function[554]:0x405bd   [0m
[31m    Failed! Adobe_PDF_sample_a_1024x768_50Frms.264_x.yuv Case Index 453:SHA-1(Current--Benchmark): NULL-----4c746a63bb765d3e5e99352009bf26c6fdbeecd7  [0m
[31m            ----YUVSHA1:  NULL,  9aa9a4d9598eb3e1093311826844f37c43e4c521  [0m
[31m           Aborted(Cannot enlarge memory arrays to size 19111936 bytes (OOM). Either (1) compile with -sINITIAL_MEMORY=X with X higher than the current value 16777216, (2) compile with -sALLOW_MEMORY_GROWTH which allows increasing the size at runtime, or (3) if you want malloc to return NULL (0) instead of this abort, compile with -sABORTING_MALLOC=0)
/home/test/workspace/openh264/test/encoder_binary_comparison/AllTestData/Adobe_PDF_sample_a_1024x768_50Frms.264/h264enc.js:167
      throw ex;
      ^

RuntimeError: Aborted(Cannot enlarge memory arrays to size 19111936 bytes (OOM). Either (1) compile with -sINITIAL_MEMORY=X with X higher than the current value 16777216, (2) compile with -sALLOW_MEMORY_GROWTH which allows increasing the size at runtime, or (3) if you want malloc to return NULL (0) instead of this abort, compile with -sABORTING_MALLOC=0)
    at abort (/home/test/workspace/openh264/test/encoder_binary_comparison/AllTestData/Adobe_PDF_sample_a_1024x768_50Frms.264/h264enc.js:1031:11)
    at abortOnCannotGrowMemory (/home/test/workspace/openh264/test/encoder_binary_comparison/AllTestData/Adobe_PDF_sample_a_1024x768_50Frms.264/h264enc.js:4914:7)
    at _emscripten_resize_heap (/home/test/workspace/openh264/test/encoder_binary_comparison/AllTestData/Adobe_PDF_sample_a_1024x768_50Frms.264/h264enc.js:4919:7)
    at wasm://wasm/00265406:wasm-function[1133]:0x705f0
    at wasm://wasm/00265406:wasm-function[1121]:0x6e28d
    at wasm://wasm/00265406:wasm-function[775]:0x60eb2
    at wasm://wasm/00265406:wasm-function[357]:0x2e8f3
    at wasm://wasm/00265406:wasm-function[363]:0x2f261
    at wasm://wasm/00265406:wasm-function[555]:0x407f3
    at wasm://wasm/00265406:wasm-function[554]:0x405bd   [0m
[31m    Failed! Adobe_PDF_sample_a_1024x768_50Frms.264_x.yuv Case Index 454:SHA-1(Current--Benchmark): NULL-----4c746a63bb765d3e5e99352009bf26c6fdbeecd7  [0m
[31m            ----YUVSHA1:  NULL,  9aa9a4d9598eb3e1093311826844f37c43e4c521  [0m
[31m           Aborted(Cannot enlarge memory arrays to size 19111936 bytes (OOM). Either (1) compile with -sINITIAL_MEMORY=X with X higher than the current value 16777216, (2) compile with -sALLOW_MEMORY_GROWTH which allows increasing the size at runtime, or (3) if you want malloc to return NULL (0) instead of this abort, compile with -sABORTING_MALLOC=0)
/home/test/workspace/openh264/test/encoder_binary_comparison/AllTestData/Adobe_PDF_sample_a_1024x768_50Frms.264/h264enc.js:167
      throw ex;
      ^

RuntimeError: Aborted(Cannot enlarge memory arrays to size 19111936 bytes (OOM). Either (1) compile with -sINITIAL_MEMORY=X with X higher than the current value 16777216, (2) compile with -sALLOW_MEMORY_GROWTH which allows increasing the size at runtime, or (3) if you want malloc to return NULL (0) instead of this abort, compile with -sABORTING_MALLOC=0)
    at abort (/home/test/workspace/openh264/test/encoder_binary_comparison/AllTestData/Adobe_PDF_sample_a_1024x768_50Frms.264/h264enc.js:1031:11)
    at abortOnCannotGrowMemory (/home/test/workspace/openh264/test/encoder_binary_comparison/AllTestData/Adobe_PDF_sample_a_1024x768_50Frms.264/h264enc.js:4914:7)
    at _emscripten_resize_heap (/home/test/workspace/openh264/test/encoder_binary_comparison/AllTestData/Adobe_PDF_sample_a_1024x768_50Frms.264/h264enc.js:4919:7)
    at wasm://wasm/00265406:wasm-function[1133]:0x705f0
    at wasm://wasm/00265406:wasm-function[1121]:0x6e28d
    at wasm://wasm/00265406:wasm-function[775]:0x60eb2
    at wasm://wasm/00265406:wasm-function[357]:0x2e8f3
    at wasm://wasm/00265406:wasm-function[363]:0x2f261
    at wasm://wasm/00265406:wasm-function[555]:0x407f3
    at wasm://wasm/00265406:wasm-function[554]:0x405bd   [0m
[31m    Failed! Adobe_PDF_sample_a_1024x768_50Frms.264_x.yuv Case Index 455:SHA-1(Current--Benchmark): NULL-----4c746a63bb765d3e5e99352009bf26c6fdbeecd7  [0m
[31m            ----YUVSHA1:  NULL,  9aa9a4d9598eb3e1093311826844f37c43e4c521  [0m
[31m           Aborted(Cannot enlarge memory arrays to size 19111936 bytes (OOM). Either (1) compile with -sINITIAL_MEMORY=X with X higher than the current value 16777216, (2) compile with -sALLOW_MEMORY_GROWTH which allows increasing the size at runtime, or (3) if you want malloc to return NULL (0) instead of this abort, compile with -sABORTING_MALLOC=0)
/home/test/workspace/openh264/test/encoder_binary_comparison/AllTestData/Adobe_PDF_sample_a_1024x768_50Frms.264/h264enc.js:167
      throw ex;
      ^

RuntimeError: Aborted(Cannot enlarge memory arrays to size 19111936 bytes (OOM). Either (1) compile with -sINITIAL_MEMORY=X with X higher than the current value 16777216, (2) compile with -sALLOW_MEMORY_GROWTH which allows increasing the size at runtime, or (3) if you want malloc to return NULL (0) instead of this abort, compile with -sABORTING_MALLOC=0)
    at abort (/home/test/workspace/openh264/test/encoder_binary_comparison/AllTestData/Adobe_PDF_sample_a_1024x768_50Frms.264/h264enc.js:1031:11)
    at abortOnCannotGrowMemory (/home/test/workspace/openh264/test/encoder_binary_comparison/AllTestData/Adobe_PDF_sample_a_1024x768_50Frms.264/h264enc.js:4914:7)
    at _emscripten_resize_heap (/home/test/workspace/openh264/test/encoder_binary_comparison/AllTestData/Adobe_PDF_sample_a_1024x768_50Frms.264/h264enc.js:4919:7)
    at wasm://wasm/00265406:wasm-function[1133]:0x705f0
    at wasm://wasm/00265406:wasm-function[1121]:0x6e28d
    at wasm://wasm/00265406:wasm-function[775]:0x60eb2
    at wasm://wasm/00265406:wasm-function[357]:0x2e8f3
    at wasm://wasm/00265406:wasm-function[363]:0x2f261
    at wasm://wasm/00265406:wasm-function[555]:0x407f3
    at wasm://wasm/00265406:wasm-function[554]:0x405bd   [0m
[31m    Failed! Adobe_PDF_sample_a_1024x768_50Frms.264_x.yuv Case Index 456:SHA-1(Current--Benchmark): NULL-----4c746a63bb765d3e5e99352009bf26c6fdbeecd7  [0m
[31m            ----YUVSHA1:  NULL,  9aa9a4d9598eb3e1093311826844f37c43e4c521  [0m
[31m           Aborted(Cannot enlarge memory arrays to size 19111936 bytes (OOM). Either (1) compile with -sINITIAL_MEMORY=X with X higher than the current value 16777216, (2) compile with -sALLOW_MEMORY_GROWTH which allows increasing the size at runtime, or (3) if you want malloc to return NULL (0) instead of this abort, compile with -sABORTING_MALLOC=0)
/home/test/workspace/openh264/test/encoder_binary_comparison/AllTestData/Adobe_PDF_sample_a_1024x768_50Frms.264/h264enc.js:167
      throw ex;
      ^

RuntimeError: Aborted(Cannot enlarge memory arrays to size 19111936 bytes (OOM). Either (1) compile with -sINITIAL_MEMORY=X with X higher than the current value 16777216, (2) compile with -sALLOW_MEMORY_GROWTH which allows increasing the size at runtime, or (3) if you want malloc to return NULL (0) instead of this abort, compile with -sABORTING_MALLOC=0)
    at abort (/home/test/workspace/openh264/test/encoder_binary_comparison/AllTestData/Adobe_PDF_sample_a_1024x768_50Frms.264/h264enc.js:1031:11)
    at abortOnCannotGrowMemory (/home/test/workspace/openh264/test/encoder_binary_comparison/AllTestData/Adobe_PDF_sample_a_1024x768_50Frms.264/h264enc.js:4914:7)
    at _emscripten_resize_heap (/home/test/workspace/openh264/test/encoder_binary_comparison/AllTestData/Adobe_PDF_sample_a_1024x768_50Frms.264/h264enc.js:4919:7)
    at wasm://wasm/00265406:wasm-function[1133]:0x705f0
    at wasm://wasm/00265406:wasm-function[1121]:0x6e28d
    at wasm://wasm/00265406:wasm-function[775]:0x60eb2
    at wasm://wasm/00265406:wasm-function[357]:0x2e8f3
    at wasm://wasm/00265406:wasm-function[363]:0x2f261
    at wasm://wasm/00265406:wasm-function[555]:0x407f3
    at wasm://wasm/00265406:wasm-function[554]:0x405bd   [0m
[31m    Failed! Adobe_PDF_sample_a_1024x768_50Frms.264_x.yuv Case Index 457:SHA-1(Current--Benchmark): NULL-----4c746a63bb765d3e5e99352009bf26c6fdbeecd7  [0m
[31m            ----YUVSHA1:  NULL,  9aa9a4d9598eb3e1093311826844f37c43e4c521  [0m
[31m           Aborted(Cannot enlarge memory arrays to size 19111936 bytes (OOM). Either (1) compile with -sINITIAL_MEMORY=X with X higher than the current value 16777216, (2) compile with -sALLOW_MEMORY_GROWTH which allows increasing the size at runtime, or (3) if you want malloc to return NULL (0) instead of this abort, compile with -sABORTING_MALLOC=0)
/home/test/workspace/openh264/test/encoder_binary_comparison/AllTestData/Adobe_PDF_sample_a_1024x768_50Frms.264/h264enc.js:167
      throw ex;
      ^

RuntimeError: Aborted(Cannot enlarge memory arrays to size 19111936 bytes (OOM). Either (1) compile with -sINITIAL_MEMORY=X with X higher than the current value 16777216, (2) compile with -sALLOW_MEMORY_GROWTH which allows increasing the size at runtime, or (3) if you want malloc to return NULL (0) instead of this abort, compile with -sABORTING_MALLOC=0)
    at abort (/home/test/workspace/openh264/test/encoder_binary_comparison/AllTestData/Adobe_PDF_sample_a_1024x768_50Frms.264/h264enc.js:1031:11)
    at abortOnCannotGrowMemory (/home/test/workspace/openh264/test/encoder_binary_comparison/AllTestData/Adobe_PDF_sample_a_1024x768_50Frms.264/h264enc.js:4914:7)
    at _emscripten_resize_heap (/home/test/workspace/openh264/test/encoder_binary_comparison/AllTestData/Adobe_PDF_sample_a_1024x768_50Frms.264/h264enc.js:4919:7)
    at wasm://wasm/00265406:wasm-function[1133]:0x705f0
    at wasm://wasm/00265406:wasm-function[1121]:0x6e28d
    at wasm://wasm/00265406:wasm-function[775]:0x60eb2
    at wasm://wasm/00265406:wasm-function[357]:0x2e8f3
    at wasm://wasm/00265406:wasm-function[363]:0x2f261
    at wasm://wasm/00265406:wasm-function[555]:0x407f3
    at wasm://wasm/00265406:wasm-function[554]:0x405bd   [0m
[31m    Failed! Adobe_PDF_sample_a_1024x768_50Frms.264_x.yuv Case Index 458:SHA-1(Current--Benchmark): NULL-----4c746a63bb765d3e5e99352009bf26c6fdbeecd7  [0m
[31m            ----YUVSHA1:  NULL,  9aa9a4d9598eb3e1093311826844f37c43e4c521  [0m
[31m           Aborted(Cannot enlarge memory arrays to size 19111936 bytes (OOM). Either (1) compile with -sINITIAL_MEMORY=X with X higher than the current value 16777216, (2) compile with -sALLOW_MEMORY_GROWTH which allows increasing the size at runtime, or (3) if you want malloc to return NULL (0) instead of this abort, compile with -sABORTING_MALLOC=0)
/home/test/workspace/openh264/test/encoder_binary_comparison/AllTestData/Adobe_PDF_sample_a_1024x768_50Frms.264/h264enc.js:167
      throw ex;
      ^

RuntimeError: Aborted(Cannot enlarge memory arrays to size 19111936 bytes (OOM). Either (1) compile with -sINITIAL_MEMORY=X with X higher than the current value 16777216, (2) compile with -sALLOW_MEMORY_GROWTH which allows increasing the size at runtime, or (3) if you want malloc to return NULL (0) instead of this abort, compile with -sABORTING_MALLOC=0)
    at abort (/home/test/workspace/openh264/test/encoder_binary_comparison/AllTestData/Adobe_PDF_sample_a_1024x768_50Frms.264/h264enc.js:1031:11)
    at abortOnCannotGrowMemory (/home/test/workspace/openh264/test/encoder_binary_comparison/AllTestData/Adobe_PDF_sample_a_1024x768_50Frms.264/h264enc.js:4914:7)
    at _emscripten_resize_heap (/home/test/workspace/openh264/test/encoder_binary_comparison/AllTestData/Adobe_PDF_sample_a_1024x768_50Frms.264/h264enc.js:4919:7)
    at wasm://wasm/00265406:wasm-function[1133]:0x705f0
    at wasm://wasm/00265406:wasm-function[1121]:0x6e28d
    at wasm://wasm/00265406:wasm-function[775]:0x60eb2
    at wasm://wasm/00265406:wasm-function[357]:0x2e8f3
    at wasm://wasm/00265406:wasm-function[363]:0x2f261
    at wasm://wasm/00265406:wasm-function[555]:0x407f3
    at wasm://wasm/00265406:wasm-function[554]:0x405bd   [0m
[31m    Failed! Adobe_PDF_sample_a_1024x768_50Frms.264_x.yuv Case Index 459:SHA-1(Current--Benchmark): NULL-----4c746a63bb765d3e5e99352009bf26c6fdbeecd7  [0m
[31m            ----YUVSHA1:  NULL,  9aa9a4d9598eb3e1093311826844f37c43e4c521  [0m
[31m           Aborted(Cannot enlarge memory arrays to size 19111936 bytes (OOM). Either (1) compile with -sINITIAL_MEMORY=X with X higher than the current value 16777216, (2) compile with -sALLOW_MEMORY_GROWTH which allows increasing the size at runtime, or (3) if you want malloc to return NULL (0) instead of this abort, compile with -sABORTING_MALLOC=0)
/home/test/workspace/openh264/test/encoder_binary_comparison/AllTestData/Adobe_PDF_sample_a_1024x768_50Frms.264/h264enc.js:167
      throw ex;
      ^

RuntimeError: Aborted(Cannot enlarge memory arrays to size 19111936 bytes (OOM). Either (1) compile with -sINITIAL_MEMORY=X with X higher than the current value 16777216, (2) compile with -sALLOW_MEMORY_GROWTH which allows increasing the size at runtime, or (3) if you want malloc to return NULL (0) instead of this abort, compile with -sABORTING_MALLOC=0)
    at abort (/home/test/workspace/openh264/test/encoder_binary_comparison/AllTestData/Adobe_PDF_sample_a_1024x768_50Frms.264/h264enc.js:1031:11)
    at abortOnCannotGrowMemory (/home/test/workspace/openh264/test/encoder_binary_comparison/AllTestData/Adobe_PDF_sample_a_1024x768_50Frms.264/h264enc.js:4914:7)
    at _emscripten_resize_heap (/home/test/workspace/openh264/test/encoder_binary_comparison/AllTestData/Adobe_PDF_sample_a_1024x768_50Frms.264/h264enc.js:4919:7)
    at wasm://wasm/00265406:wasm-function[1133]:0x705f0
    at wasm://wasm/00265406:wasm-function[1121]:0x6e28d
    at wasm://wasm/00265406:wasm-function[775]:0x60eb2
    at wasm://wasm/00265406:wasm-function[357]:0x2e8f3
    at wasm://wasm/00265406:wasm-function[363]:0x2f261
    at wasm://wasm/00265406:wasm-function[555]:0x407f3
    at wasm://wasm/00265406:wasm-function[554]:0x405bd   [0m
[31m    Failed! Adobe_PDF_sample_a_1024x768_50Frms.264_x.yuv Case Index 460:SHA-1(Current--Benchmark): NULL-----4c746a63bb765d3e5e99352009bf26c6fdbeecd7  [0m
[31m            ----YUVSHA1:  NULL,  9aa9a4d9598eb3e1093311826844f37c43e4c521  [0m
[31m           Aborted(Cannot enlarge memory arrays to size 19111936 bytes (OOM). Either (1) compile with -sINITIAL_MEMORY=X with X higher than the current value 16777216, (2) compile with -sALLOW_MEMORY_GROWTH which allows increasing the size at runtime, or (3) if you want malloc to return NULL (0) instead of this abort, compile with -sABORTING_MALLOC=0)
/home/test/workspace/openh264/test/encoder_binary_comparison/AllTestData/Adobe_PDF_sample_a_1024x768_50Frms.264/h264enc.js:167
      throw ex;
      ^

RuntimeError: Aborted(Cannot enlarge memory arrays to size 19111936 bytes (OOM). Either (1) compile with -sINITIAL_MEMORY=X with X higher than the current value 16777216, (2) compile with -sALLOW_MEMORY_GROWTH which allows increasing the size at runtime, or (3) if you want malloc to return NULL (0) instead of this abort, compile with -sABORTING_MALLOC=0)
    at abort (/home/test/workspace/openh264/test/encoder_binary_comparison/AllTestData/Adobe_PDF_sample_a_1024x768_50Frms.264/h264enc.js:1031:11)
    at abortOnCannotGrowMemory (/home/test/workspace/openh264/test/encoder_binary_comparison/AllTestData/Adobe_PDF_sample_a_1024x768_50Frms.264/h264enc.js:4914:7)
    at _emscripten_resize_heap (/home/test/workspace/openh264/test/encoder_binary_comparison/AllTestData/Adobe_PDF_sample_a_1024x768_50Frms.264/h264enc.js:4919:7)
    at wasm://wasm/00265406:wasm-function[1133]:0x705f0
    at wasm://wasm/00265406:wasm-function[1121]:0x6e28d
    at wasm://wasm/00265406:wasm-function[775]:0x60eb2
    at wasm://wasm/00265406:wasm-function[357]:0x2e8f3
    at wasm://wasm/00265406:wasm-function[363]:0x2f261
    at wasm://wasm/00265406:wasm-function[555]:0x407f3
    at wasm://wasm/00265406:wasm-function[554]:0x405bd   [0m
[31m    Failed! Adobe_PDF_sample_a_1024x768_50Frms.264_x.yuv Case Index 461:SHA-1(Current--Benchmark): NULL-----4c746a63bb765d3e5e99352009bf26c6fdbeecd7  [0m
[31m            ----YUVSHA1:  NULL,  9aa9a4d9598eb3e1093311826844f37c43e4c521  [0m
[31m           Aborted(Cannot enlarge memory arrays to size 19111936 bytes (OOM). Either (1) compile with -sINITIAL_MEMORY=X with X higher than the current value 16777216, (2) compile with -sALLOW_MEMORY_GROWTH which allows increasing the size at runtime, or (3) if you want malloc to return NULL (0) instead of this abort, compile with -sABORTING_MALLOC=0)
/home/test/workspace/openh264/test/encoder_binary_comparison/AllTestData/Adobe_PDF_sample_a_1024x768_50Frms.264/h264enc.js:167
      throw ex;
      ^

RuntimeError: Aborted(Cannot enlarge memory arrays to size 19111936 bytes (OOM). Either (1) compile with -sINITIAL_MEMORY=X with X higher than the current value 16777216, (2) compile with -sALLOW_MEMORY_GROWTH which allows increasing the size at runtime, or (3) if you want malloc to return NULL (0) instead of this abort, compile with -sABORTING_MALLOC=0)
    at abort (/home/test/workspace/openh264/test/encoder_binary_comparison/AllTestData/Adobe_PDF_sample_a_1024x768_50Frms.264/h264enc.js:1031:11)
    at abortOnCannotGrowMemory (/home/test/workspace/openh264/test/encoder_binary_comparison/AllTestData/Adobe_PDF_sample_a_1024x768_50Frms.264/h264enc.js:4914:7)
    at _emscripten_resize_heap (/home/test/workspace/openh264/test/encoder_binary_comparison/AllTestData/Adobe_PDF_sample_a_1024x768_50Frms.264/h264enc.js:4919:7)
    at wasm://wasm/00265406:wasm-function[1133]:0x705f0
    at wasm://wasm/00265406:wasm-function[1121]:0x6e28d
    at wasm://wasm/00265406:wasm-function[775]:0x60eb2
    at wasm://wasm/00265406:wasm-function[357]:0x2e8f3
    at wasm://wasm/00265406:wasm-function[363]:0x2f261
    at wasm://wasm/00265406:wasm-function[555]:0x407f3
    at wasm://wasm/00265406:wasm-function[554]:0x405bd   [0m
[31m    Failed! Adobe_PDF_sample_a_1024x768_50Frms.264_x.yuv Case Index 462:SHA-1(Current--Benchmark): NULL-----4c746a63bb765d3e5e99352009bf26c6fdbeecd7  [0m
[31m            ----YUVSHA1:  NULL,  9aa9a4d9598eb3e1093311826844f37c43e4c521  [0m
[31m           Aborted(Cannot enlarge memory arrays to size 19111936 bytes (OOM). Either (1) compile with -sINITIAL_MEMORY=X with X higher than the current value 16777216, (2) compile with -sALLOW_MEMORY_GROWTH which allows increasing the size at runtime, or (3) if you want malloc to return NULL (0) instead of this abort, compile with -sABORTING_MALLOC=0)
/home/test/workspace/openh264/test/encoder_binary_comparison/AllTestData/Adobe_PDF_sample_a_1024x768_50Frms.264/h264enc.js:167
      throw ex;
      ^

RuntimeError: Aborted(Cannot enlarge memory arrays to size 19111936 bytes (OOM). Either (1) compile with -sINITIAL_MEMORY=X with X higher than the current value 16777216, (2) compile with -sALLOW_MEMORY_GROWTH which allows increasing the size at runtime, or (3) if you want malloc to return NULL (0) instead of this abort, compile with -sABORTING_MALLOC=0)
    at abort (/home/test/workspace/openh264/test/encoder_binary_comparison/AllTestData/Adobe_PDF_sample_a_1024x768_50Frms.264/h264enc.js:1031:11)
    at abortOnCannotGrowMemory (/home/test/workspace/openh264/test/encoder_binary_comparison/AllTestData/Adobe_PDF_sample_a_1024x768_50Frms.264/h264enc.js:4914:7)
    at _emscripten_resize_heap (/home/test/workspace/openh264/test/encoder_binary_comparison/AllTestData/Adobe_PDF_sample_a_1024x768_50Frms.264/h264enc.js:4919:7)
    at wasm://wasm/00265406:wasm-function[1133]:0x705f0
    at wasm://wasm/00265406:wasm-function[1121]:0x6e28d
    at wasm://wasm/00265406:wasm-function[775]:0x60eb2
    at wasm://wasm/00265406:wasm-function[357]:0x2e8f3
    at wasm://wasm/00265406:wasm-function[363]:0x2f261
    at wasm://wasm/00265406:wasm-function[555]:0x407f3
    at wasm://wasm/00265406:wasm-function[554]:0x405bd   [0m
[31m    Failed! Adobe_PDF_sample_a_1024x768_50Frms.264_x.yuv Case Index 463:SHA-1(Current--Benchmark): NULL-----4c746a63bb765d3e5e99352009bf26c6fdbeecd7  [0m
[31m            ----YUVSHA1:  NULL,  9aa9a4d9598eb3e1093311826844f37c43e4c521  [0m
[31m           Aborted(Cannot enlarge memory arrays to size 19111936 bytes (OOM). Either (1) compile with -sINITIAL_MEMORY=X with X higher than the current value 16777216, (2) compile with -sALLOW_MEMORY_GROWTH which allows increasing the size at runtime, or (3) if you want malloc to return NULL (0) instead of this abort, compile with -sABORTING_MALLOC=0)
/home/test/workspace/openh264/test/encoder_binary_comparison/AllTestData/Adobe_PDF_sample_a_1024x768_50Frms.264/h264enc.js:167
      throw ex;
      ^

RuntimeError: Aborted(Cannot enlarge memory arrays to size 19111936 bytes (OOM). Either (1) compile with -sINITIAL_MEMORY=X with X higher than the current value 16777216, (2) compile with -sALLOW_MEMORY_GROWTH which allows increasing the size at runtime, or (3) if you want malloc to return NULL (0) instead of this abort, compile with -sABORTING_MALLOC=0)
    at abort (/home/test/workspace/openh264/test/encoder_binary_comparison/AllTestData/Adobe_PDF_sample_a_1024x768_50Frms.264/h264enc.js:1031:11)
    at abortOnCannotGrowMemory (/home/test/workspace/openh264/test/encoder_binary_comparison/AllTestData/Adobe_PDF_sample_a_1024x768_50Frms.264/h264enc.js:4914:7)
    at _emscripten_resize_heap (/home/test/workspace/openh264/test/encoder_binary_comparison/AllTestData/Adobe_PDF_sample_a_1024x768_50Frms.264/h264enc.js:4919:7)
    at wasm://wasm/00265406:wasm-function[1133]:0x705f0
    at wasm://wasm/00265406:wasm-function[1121]:0x6e28d
    at wasm://wasm/00265406:wasm-function[775]:0x60eb2
    at wasm://wasm/00265406:wasm-function[357]:0x2e8f3
    at wasm://wasm/00265406:wasm-function[363]:0x2f261
    at wasm://wasm/00265406:wasm-function[555]:0x407f3
    at wasm://wasm/00265406:wasm-function[554]:0x405bd   [0m
[31m    Failed! Adobe_PDF_sample_a_1024x768_50Frms.264_x.yuv Case Index 464:SHA-1(Current--Benchmark): NULL-----4c746a63bb765d3e5e99352009bf26c6fdbeecd7  [0m
[31m            ----YUVSHA1:  NULL,  9aa9a4d9598eb3e1093311826844f37c43e4c521  [0m
[31m           Aborted(Cannot enlarge memory arrays to size 19111936 bytes (OOM). Either (1) compile with -sINITIAL_MEMORY=X with X higher than the current value 16777216, (2) compile with -sALLOW_MEMORY_GROWTH which allows increasing the size at runtime, or (3) if you want malloc to return NULL (0) instead of this abort, compile with -sABORTING_MALLOC=0)
/home/test/workspace/openh264/test/encoder_binary_comparison/AllTestData/Adobe_PDF_sample_a_1024x768_50Frms.264/h264enc.js:167
      throw ex;
      ^

RuntimeError: Aborted(Cannot enlarge memory arrays to size 19111936 bytes (OOM). Either (1) compile with -sINITIAL_MEMORY=X with X higher than the current value 16777216, (2) compile with -sALLOW_MEMORY_GROWTH which allows increasing the size at runtime, or (3) if you want malloc to return NULL (0) instead of this abort, compile with -sABORTING_MALLOC=0)
    at abort (/home/test/workspace/openh264/test/encoder_binary_comparison/AllTestData/Adobe_PDF_sample_a_1024x768_50Frms.264/h264enc.js:1031:11)
    at abortOnCannotGrowMemory (/home/test/workspace/openh264/test/encoder_binary_comparison/AllTestData/Adobe_PDF_sample_a_1024x768_50Frms.264/h264enc.js:4914:7)
    at _emscripten_resize_heap (/home/test/workspace/openh264/test/encoder_binary_comparison/AllTestData/Adobe_PDF_sample_a_1024x768_50Frms.264/h264enc.js:4919:7)
    at wasm://wasm/00265406:wasm-function[1133]:0x705f0
    at wasm://wasm/00265406:wasm-function[1121]:0x6e28d
    at wasm://wasm/00265406:wasm-function[775]:0x60eb2
    at wasm://wasm/00265406:wasm-function[357]:0x2e8f3
    at wasm://wasm/00265406:wasm-function[363]:0x2f261
    at wasm://wasm/00265406:wasm-function[555]:0x407f3
    at wasm://wasm/00265406:wasm-function[554]:0x405bd   [0m
[31m    Failed! Adobe_PDF_sample_a_1024x768_50Frms.264_x.yuv Case Index 465:SHA-1(Current--Benchmark): NULL-----4c746a63bb765d3e5e99352009bf26c6fdbeecd7  [0m
[31m            ----YUVSHA1:  NULL,  9aa9a4d9598eb3e1093311826844f37c43e4c521  [0m
[31m           Aborted(Cannot enlarge memory arrays to size 19111936 bytes (OOM). Either (1) compile with -sINITIAL_MEMORY=X with X higher than the current value 16777216, (2) compile with -sALLOW_MEMORY_GROWTH which allows increasing the size at runtime, or (3) if you want malloc to return NULL (0) instead of this abort, compile with -sABORTING_MALLOC=0)
/home/test/workspace/openh264/test/encoder_binary_comparison/AllTestData/Adobe_PDF_sample_a_1024x768_50Frms.264/h264enc.js:167
      throw ex;
      ^

RuntimeError: Aborted(Cannot enlarge memory arrays to size 19111936 bytes (OOM). Either (1) compile with -sINITIAL_MEMORY=X with X higher than the current value 16777216, (2) compile with -sALLOW_MEMORY_GROWTH which allows increasing the size at runtime, or (3) if you want malloc to return NULL (0) instead of this abort, compile with -sABORTING_MALLOC=0)
    at abort (/home/test/workspace/openh264/test/encoder_binary_comparison/AllTestData/Adobe_PDF_sample_a_1024x768_50Frms.264/h264enc.js:1031:11)
    at abortOnCannotGrowMemory (/home/test/workspace/openh264/test/encoder_binary_comparison/AllTestData/Adobe_PDF_sample_a_1024x768_50Frms.264/h264enc.js:4914:7)
    at _emscripten_resize_heap (/home/test/workspace/openh264/test/encoder_binary_comparison/AllTestData/Adobe_PDF_sample_a_1024x768_50Frms.264/h264enc.js:4919:7)
    at wasm://wasm/00265406:wasm-function[1133]:0x705f0
    at wasm://wasm/00265406:wasm-function[1121]:0x6e28d
    at wasm://wasm/00265406:wasm-function[775]:0x60eb2
    at wasm://wasm/00265406:wasm-function[357]:0x2e8f3
    at wasm://wasm/00265406:wasm-function[363]:0x2f261
    at wasm://wasm/00265406:wasm-function[555]:0x407f3
    at wasm://wasm/00265406:wasm-function[554]:0x405bd   [0m
[31m    Failed! Adobe_PDF_sample_a_1024x768_50Frms.264_x.yuv Case Index 466:SHA-1(Current--Benchmark): NULL-----4c746a63bb765d3e5e99352009bf26c6fdbeecd7  [0m
[31m            ----YUVSHA1:  NULL,  9aa9a4d9598eb3e1093311826844f37c43e4c521  [0m
[31m           Aborted(Cannot enlarge memory arrays to size 19111936 bytes (OOM). Either (1) compile with -sINITIAL_MEMORY=X with X higher than the current value 16777216, (2) compile with -sALLOW_MEMORY_GROWTH which allows increasing the size at runtime, or (3) if you want malloc to return NULL (0) instead of this abort, compile with -sABORTING_MALLOC=0)
/home/test/workspace/openh264/test/encoder_binary_comparison/AllTestData/Adobe_PDF_sample_a_1024x768_50Frms.264/h264enc.js:167
      throw ex;
      ^

RuntimeError: Aborted(Cannot enlarge memory arrays to size 19111936 bytes (OOM). Either (1) compile with -sINITIAL_MEMORY=X with X higher than the current value 16777216, (2) compile with -sALLOW_MEMORY_GROWTH which allows increasing the size at runtime, or (3) if you want malloc to return NULL (0) instead of this abort, compile with -sABORTING_MALLOC=0)
    at abort (/home/test/workspace/openh264/test/encoder_binary_comparison/AllTestData/Adobe_PDF_sample_a_1024x768_50Frms.264/h264enc.js:1031:11)
    at abortOnCannotGrowMemory (/home/test/workspace/openh264/test/encoder_binary_comparison/AllTestData/Adobe_PDF_sample_a_1024x768_50Frms.264/h264enc.js:4914:7)
    at _emscripten_resize_heap (/home/test/workspace/openh264/test/encoder_binary_comparison/AllTestData/Adobe_PDF_sample_a_1024x768_50Frms.264/h264enc.js:4919:7)
    at wasm://wasm/00265406:wasm-function[1133]:0x705f0
    at wasm://wasm/00265406:wasm-function[1121]:0x6e28d
    at wasm://wasm/00265406:wasm-function[775]:0x60eb2
    at wasm://wasm/00265406:wasm-function[357]:0x2e8f3
    at wasm://wasm/00265406:wasm-function[363]:0x2f261
    at wasm://wasm/00265406:wasm-function[555]:0x407f3
    at wasm://wasm/00265406:wasm-function[554]:0x405bd   [0m
[31m    Failed! Adobe_PDF_sample_a_1024x768_50Frms.264_x.yuv Case Index 467:SHA-1(Current--Benchmark): NULL-----4c746a63bb765d3e5e99352009bf26c6fdbeecd7  [0m
[31m            ----YUVSHA1:  NULL,  9aa9a4d9598eb3e1093311826844f37c43e4c521  [0m
[31m           Aborted(Cannot enlarge memory arrays to size 19111936 bytes (OOM). Either (1) compile with -sINITIAL_MEMORY=X with X higher than the current value 16777216, (2) compile with -sALLOW_MEMORY_GROWTH which allows increasing the size at runtime, or (3) if you want malloc to return NULL (0) instead of this abort, compile with -sABORTING_MALLOC=0)
/home/test/workspace/openh264/test/encoder_binary_comparison/AllTestData/Adobe_PDF_sample_a_1024x768_50Frms.264/h264enc.js:167
      throw ex;
      ^

RuntimeError: Aborted(Cannot enlarge memory arrays to size 19111936 bytes (OOM). Either (1) compile with -sINITIAL_MEMORY=X with X higher than the current value 16777216, (2) compile with -sALLOW_MEMORY_GROWTH which allows increasing the size at runtime, or (3) if you want malloc to return NULL (0) instead of this abort, compile with -sABORTING_MALLOC=0)
    at abort (/home/test/workspace/openh264/test/encoder_binary_comparison/AllTestData/Adobe_PDF_sample_a_1024x768_50Frms.264/h264enc.js:1031:11)
    at abortOnCannotGrowMemory (/home/test/workspace/openh264/test/encoder_binary_comparison/AllTestData/Adobe_PDF_sample_a_1024x768_50Frms.264/h264enc.js:4914:7)
    at _emscripten_resize_heap (/home/test/workspace/openh264/test/encoder_binary_comparison/AllTestData/Adobe_PDF_sample_a_1024x768_50Frms.264/h264enc.js:4919:7)
    at wasm://wasm/00265406:wasm-function[1133]:0x705f0
    at wasm://wasm/00265406:wasm-function[1121]:0x6e28d
    at wasm://wasm/00265406:wasm-function[775]:0x60eb2
    at wasm://wasm/00265406:wasm-function[357]:0x2e8f3
    at wasm://wasm/00265406:wasm-function[363]:0x2f261
    at wasm://wasm/00265406:wasm-function[555]:0x407f3
    at wasm://wasm/00265406:wasm-function[554]:0x405bd   [0m
[31m    Failed! Adobe_PDF_sample_a_1024x768_50Frms.264_x.yuv Case Index 468:SHA-1(Current--Benchmark): NULL-----4c746a63bb765d3e5e99352009bf26c6fdbeecd7  [0m
[31m            ----YUVSHA1:  NULL,  9aa9a4d9598eb3e1093311826844f37c43e4c521  [0m
[31m           Aborted(Cannot enlarge memory arrays to size 19111936 bytes (OOM). Either (1) compile with -sINITIAL_MEMORY=X with X higher than the current value 16777216, (2) compile with -sALLOW_MEMORY_GROWTH which allows increasing the size at runtime, or (3) if you want malloc to return NULL (0) instead of this abort, compile with -sABORTING_MALLOC=0)
/home/test/workspace/openh264/test/encoder_binary_comparison/AllTestData/Adobe_PDF_sample_a_1024x768_50Frms.264/h264enc.js:167
      throw ex;
      ^

RuntimeError: Aborted(Cannot enlarge memory arrays to size 19111936 bytes (OOM). Either (1) compile with -sINITIAL_MEMORY=X with X higher than the current value 16777216, (2) compile with -sALLOW_MEMORY_GROWTH which allows increasing the size at runtime, or (3) if you want malloc to return NULL (0) instead of this abort, compile with -sABORTING_MALLOC=0)
    at abort (/home/test/workspace/openh264/test/encoder_binary_comparison/AllTestData/Adobe_PDF_sample_a_1024x768_50Frms.264/h264enc.js:1031:11)
    at abortOnCannotGrowMemory (/home/test/workspace/openh264/test/encoder_binary_comparison/AllTestData/Adobe_PDF_sample_a_1024x768_50Frms.264/h264enc.js:4914:7)
    at _emscripten_resize_heap (/home/test/workspace/openh264/test/encoder_binary_comparison/AllTestData/Adobe_PDF_sample_a_1024x768_50Frms.264/h264enc.js:4919:7)
    at wasm://wasm/00265406:wasm-function[1133]:0x705f0
    at wasm://wasm/00265406:wasm-function[1121]:0x6e28d
    at wasm://wasm/00265406:wasm-function[775]:0x60eb2
    at wasm://wasm/00265406:wasm-function[357]:0x2e8f3
    at wasm://wasm/00265406:wasm-function[363]:0x2f261
    at wasm://wasm/00265406:wasm-function[555]:0x407f3
    at wasm://wasm/00265406:wasm-function[554]:0x405bd   [0m
[31m    Failed! Adobe_PDF_sample_a_1024x768_50Frms.264_x.yuv Case Index 469:SHA-1(Current--Benchmark): NULL-----4c746a63bb765d3e5e99352009bf26c6fdbeecd7  [0m
[31m            ----YUVSHA1:  NULL,  9aa9a4d9598eb3e1093311826844f37c43e4c521  [0m
[31m           Aborted(Cannot enlarge memory arrays to size 19111936 bytes (OOM). Either (1) compile with -sINITIAL_MEMORY=X with X higher than the current value 16777216, (2) compile with -sALLOW_MEMORY_GROWTH which allows increasing the size at runtime, or (3) if you want malloc to return NULL (0) instead of this abort, compile with -sABORTING_MALLOC=0)
/home/test/workspace/openh264/test/encoder_binary_comparison/AllTestData/Adobe_PDF_sample_a_1024x768_50Frms.264/h264enc.js:167
      throw ex;
      ^

RuntimeError: Aborted(Cannot enlarge memory arrays to size 19111936 bytes (OOM). Either (1) compile with -sINITIAL_MEMORY=X with X higher than the current value 16777216, (2) compile with -sALLOW_MEMORY_GROWTH which allows increasing the size at runtime, or (3) if you want malloc to return NULL (0) instead of this abort, compile with -sABORTING_MALLOC=0)
    at abort (/home/test/workspace/openh264/test/encoder_binary_comparison/AllTestData/Adobe_PDF_sample_a_1024x768_50Frms.264/h264enc.js:1031:11)
    at abortOnCannotGrowMemory (/home/test/workspace/openh264/test/encoder_binary_comparison/AllTestData/Adobe_PDF_sample_a_1024x768_50Frms.264/h264enc.js:4914:7)
    at _emscripten_resize_heap (/home/test/workspace/openh264/test/encoder_binary_comparison/AllTestData/Adobe_PDF_sample_a_1024x768_50Frms.264/h264enc.js:4919:7)
    at wasm://wasm/00265406:wasm-function[1133]:0x705f0
    at wasm://wasm/00265406:wasm-function[1121]:0x6e28d
    at wasm://wasm/00265406:wasm-function[775]:0x60eb2
    at wasm://wasm/00265406:wasm-function[357]:0x2e8f3
    at wasm://wasm/00265406:wasm-function[363]:0x2f261
    at wasm://wasm/00265406:wasm-function[555]:0x407f3
    at wasm://wasm/00265406:wasm-function[554]:0x405bd   [0m
[31m    Failed! Adobe_PDF_sample_a_1024x768_50Frms.264_x.yuv Case Index 470:SHA-1(Current--Benchmark): NULL-----4c746a63bb765d3e5e99352009bf26c6fdbeecd7  [0m
[31m            ----YUVSHA1:  NULL,  9aa9a4d9598eb3e1093311826844f37c43e4c521  [0m
[31m           Aborted(Cannot enlarge memory arrays to size 19111936 bytes (OOM). Either (1) compile with -sINITIAL_MEMORY=X with X higher than the current value 16777216, (2) compile with -sALLOW_MEMORY_GROWTH which allows increasing the size at runtime, or (3) if you want malloc to return NULL (0) instead of this abort, compile with -sABORTING_MALLOC=0)
/home/test/workspace/openh264/test/encoder_binary_comparison/AllTestData/Adobe_PDF_sample_a_1024x768_50Frms.264/h264enc.js:167
      throw ex;
      ^

RuntimeError: Aborted(Cannot enlarge memory arrays to size 19111936 bytes (OOM). Either (1) compile with -sINITIAL_MEMORY=X with X higher than the current value 16777216, (2) compile with -sALLOW_MEMORY_GROWTH which allows increasing the size at runtime, or (3) if you want malloc to return NULL (0) instead of this abort, compile with -sABORTING_MALLOC=0)
    at abort (/home/test/workspace/openh264/test/encoder_binary_comparison/AllTestData/Adobe_PDF_sample_a_1024x768_50Frms.264/h264enc.js:1031:11)
    at abortOnCannotGrowMemory (/home/test/workspace/openh264/test/encoder_binary_comparison/AllTestData/Adobe_PDF_sample_a_1024x768_50Frms.264/h264enc.js:4914:7)
    at _emscripten_resize_heap (/home/test/workspace/openh264/test/encoder_binary_comparison/AllTestData/Adobe_PDF_sample_a_1024x768_50Frms.264/h264enc.js:4919:7)
    at wasm://wasm/00265406:wasm-function[1133]:0x705f0
    at wasm://wasm/00265406:wasm-function[1121]:0x6e28d
    at wasm://wasm/00265406:wasm-function[775]:0x60eb2
    at wasm://wasm/00265406:wasm-function[357]:0x2e8f3
    at wasm://wasm/00265406:wasm-function[363]:0x2f261
    at wasm://wasm/00265406:wasm-function[555]:0x407f3
    at wasm://wasm/00265406:wasm-function[554]:0x405bd   [0m
[31m    Failed! Adobe_PDF_sample_a_1024x768_50Frms.264_x.yuv Case Index 471:SHA-1(Current--Benchmark): NULL-----4c746a63bb765d3e5e99352009bf26c6fdbeecd7  [0m
[31m            ----YUVSHA1:  NULL,  9aa9a4d9598eb3e1093311826844f37c43e4c521  [0m
[31m           Aborted(Cannot enlarge memory arrays to size 19111936 bytes (OOM). Either (1) compile with -sINITIAL_MEMORY=X with X higher than the current value 16777216, (2) compile with -sALLOW_MEMORY_GROWTH which allows increasing the size at runtime, or (3) if you want malloc to return NULL (0) instead of this abort, compile with -sABORTING_MALLOC=0)
/home/test/workspace/openh264/test/encoder_binary_comparison/AllTestData/Adobe_PDF_sample_a_1024x768_50Frms.264/h264enc.js:167
      throw ex;
      ^

RuntimeError: Aborted(Cannot enlarge memory arrays to size 19111936 bytes (OOM). Either (1) compile with -sINITIAL_MEMORY=X with X higher than the current value 16777216, (2) compile with -sALLOW_MEMORY_GROWTH which allows increasing the size at runtime, or (3) if you want malloc to return NULL (0) instead of this abort, compile with -sABORTING_MALLOC=0)
    at abort (/home/test/workspace/openh264/test/encoder_binary_comparison/AllTestData/Adobe_PDF_sample_a_1024x768_50Frms.264/h264enc.js:1031:11)
    at abortOnCannotGrowMemory (/home/test/workspace/openh264/test/encoder_binary_comparison/AllTestData/Adobe_PDF_sample_a_1024x768_50Frms.264/h264enc.js:4914:7)
    at _emscripten_resize_heap (/home/test/workspace/openh264/test/encoder_binary_comparison/AllTestData/Adobe_PDF_sample_a_1024x768_50Frms.264/h264enc.js:4919:7)
    at wasm://wasm/00265406:wasm-function[1133]:0x705f0
    at wasm://wasm/00265406:wasm-function[1121]:0x6e28d
    at wasm://wasm/00265406:wasm-function[775]:0x60eb2
    at wasm://wasm/00265406:wasm-function[357]:0x2e8f3
    at wasm://wasm/00265406:wasm-function[363]:0x2f261
    at wasm://wasm/00265406:wasm-function[555]:0x407f3
    at wasm://wasm/00265406:wasm-function[554]:0x405bd   [0m
[31m    Failed! Adobe_PDF_sample_a_1024x768_50Frms.264_x.yuv Case Index 472:SHA-1(Current--Benchmark): NULL-----4c746a63bb765d3e5e99352009bf26c6fdbeecd7  [0m
[31m            ----YUVSHA1:  NULL,  9aa9a4d9598eb3e1093311826844f37c43e4c521  [0m
[31m           Aborted(Cannot enlarge memory arrays to size 19111936 bytes (OOM). Either (1) compile with -sINITIAL_MEMORY=X with X higher than the current value 16777216, (2) compile with -sALLOW_MEMORY_GROWTH which allows increasing the size at runtime, or (3) if you want malloc to return NULL (0) instead of this abort, compile with -sABORTING_MALLOC=0)
/home/test/workspace/openh264/test/encoder_binary_comparison/AllTestData/Adobe_PDF_sample_a_1024x768_50Frms.264/h264enc.js:167
      throw ex;
      ^

RuntimeError: Aborted(Cannot enlarge memory arrays to size 19111936 bytes (OOM). Either (1) compile with -sINITIAL_MEMORY=X with X higher than the current value 16777216, (2) compile with -sALLOW_MEMORY_GROWTH which allows increasing the size at runtime, or (3) if you want malloc to return NULL (0) instead of this abort, compile with -sABORTING_MALLOC=0)
    at abort (/home/test/workspace/openh264/test/encoder_binary_comparison/AllTestData/Adobe_PDF_sample_a_1024x768_50Frms.264/h264enc.js:1031:11)
    at abortOnCannotGrowMemory (/home/test/workspace/openh264/test/encoder_binary_comparison/AllTestData/Adobe_PDF_sample_a_1024x768_50Frms.264/h264enc.js:4914:7)
    at _emscripten_resize_heap (/home/test/workspace/openh264/test/encoder_binary_comparison/AllTestData/Adobe_PDF_sample_a_1024x768_50Frms.264/h264enc.js:4919:7)
    at wasm://wasm/00265406:wasm-function[1133]:0x705f0
    at wasm://wasm/00265406:wasm-function[1121]:0x6e28d
    at wasm://wasm/00265406:wasm-function[775]:0x60eb2
    at wasm://wasm/00265406:wasm-function[357]:0x2e8f3
    at wasm://wasm/00265406:wasm-function[363]:0x2f261
    at wasm://wasm/00265406:wasm-function[555]:0x407f3
    at wasm://wasm/00265406:wasm-function[554]:0x405bd   [0m
[31m    Failed! Adobe_PDF_sample_a_1024x768_50Frms.264_x.yuv Case Index 473:SHA-1(Current--Benchmark): NULL-----4c746a63bb765d3e5e99352009bf26c6fdbeecd7  [0m
[31m            ----YUVSHA1:  NULL,  9aa9a4d9598eb3e1093311826844f37c43e4c521  [0m
[31m           Aborted(Cannot enlarge memory arrays to size 19111936 bytes (OOM). Either (1) compile with -sINITIAL_MEMORY=X with X higher than the current value 16777216, (2) compile with -sALLOW_MEMORY_GROWTH which allows increasing the size at runtime, or (3) if you want malloc to return NULL (0) instead of this abort, compile with -sABORTING_MALLOC=0)
/home/test/workspace/openh264/test/encoder_binary_comparison/AllTestData/Adobe_PDF_sample_a_1024x768_50Frms.264/h264enc.js:167
      throw ex;
      ^

RuntimeError: Aborted(Cannot enlarge memory arrays to size 19111936 bytes (OOM). Either (1) compile with -sINITIAL_MEMORY=X with X higher than the current value 16777216, (2) compile with -sALLOW_MEMORY_GROWTH which allows increasing the size at runtime, or (3) if you want malloc to return NULL (0) instead of this abort, compile with -sABORTING_MALLOC=0)
    at abort (/home/test/workspace/openh264/test/encoder_binary_comparison/AllTestData/Adobe_PDF_sample_a_1024x768_50Frms.264/h264enc.js:1031:11)
    at abortOnCannotGrowMemory (/home/test/workspace/openh264/test/encoder_binary_comparison/AllTestData/Adobe_PDF_sample_a_1024x768_50Frms.264/h264enc.js:4914:7)
    at _emscripten_resize_heap (/home/test/workspace/openh264/test/encoder_binary_comparison/AllTestData/Adobe_PDF_sample_a_1024x768_50Frms.264/h264enc.js:4919:7)
    at wasm://wasm/00265406:wasm-function[1133]:0x705f0
    at wasm://wasm/00265406:wasm-function[1121]:0x6e28d
    at wasm://wasm/00265406:wasm-function[775]:0x60eb2
    at wasm://wasm/00265406:wasm-function[357]:0x2e8f3
    at wasm://wasm/00265406:wasm-function[363]:0x2f261
    at wasm://wasm/00265406:wasm-function[555]:0x407f3
    at wasm://wasm/00265406:wasm-function[554]:0x405bd   [0m
[31m    Failed! Adobe_PDF_sample_a_1024x768_50Frms.264_x.yuv Case Index 474:SHA-1(Current--Benchmark): NULL-----4c746a63bb765d3e5e99352009bf26c6fdbeecd7  [0m
[31m            ----YUVSHA1:  NULL,  9aa9a4d9598eb3e1093311826844f37c43e4c521  [0m
[31m           Aborted(Cannot enlarge memory arrays to size 19111936 bytes (OOM). Either (1) compile with -sINITIAL_MEMORY=X with X higher than the current value 16777216, (2) compile with -sALLOW_MEMORY_GROWTH which allows increasing the size at runtime, or (3) if you want malloc to return NULL (0) instead of this abort, compile with -sABORTING_MALLOC=0)
/home/test/workspace/openh264/test/encoder_binary_comparison/AllTestData/Adobe_PDF_sample_a_1024x768_50Frms.264/h264enc.js:167
      throw ex;
      ^

RuntimeError: Aborted(Cannot enlarge memory arrays to size 19111936 bytes (OOM). Either (1) compile with -sINITIAL_MEMORY=X with X higher than the current value 16777216, (2) compile with -sALLOW_MEMORY_GROWTH which allows increasing the size at runtime, or (3) if you want malloc to return NULL (0) instead of this abort, compile with -sABORTING_MALLOC=0)
    at abort (/home/test/workspace/openh264/test/encoder_binary_comparison/AllTestData/Adobe_PDF_sample_a_1024x768_50Frms.264/h264enc.js:1031:11)
    at abortOnCannotGrowMemory (/home/test/workspace/openh264/test/encoder_binary_comparison/AllTestData/Adobe_PDF_sample_a_1024x768_50Frms.264/h264enc.js:4914:7)
    at _emscripten_resize_heap (/home/test/workspace/openh264/test/encoder_binary_comparison/AllTestData/Adobe_PDF_sample_a_1024x768_50Frms.264/h264enc.js:4919:7)
    at wasm://wasm/00265406:wasm-function[1133]:0x705f0
    at wasm://wasm/00265406:wasm-function[1121]:0x6e28d
    at wasm://wasm/00265406:wasm-function[775]:0x60eb2
    at wasm://wasm/00265406:wasm-function[357]:0x2e8f3
    at wasm://wasm/00265406:wasm-function[363]:0x2f261
    at wasm://wasm/00265406:wasm-function[555]:0x407f3
    at wasm://wasm/00265406:wasm-function[554]:0x405bd   [0m
[31m    Failed! Adobe_PDF_sample_a_1024x768_50Frms.264_x.yuv Case Index 475:SHA-1(Current--Benchmark): NULL-----4c746a63bb765d3e5e99352009bf26c6fdbeecd7  [0m
[31m            ----YUVSHA1:  NULL,  9aa9a4d9598eb3e1093311826844f37c43e4c521  [0m
[31m           Aborted(Cannot enlarge memory arrays to size 19111936 bytes (OOM). Either (1) compile with -sINITIAL_MEMORY=X with X higher than the current value 16777216, (2) compile with -sALLOW_MEMORY_GROWTH which allows increasing the size at runtime, or (3) if you want malloc to return NULL (0) instead of this abort, compile with -sABORTING_MALLOC=0)
/home/test/workspace/openh264/test/encoder_binary_comparison/AllTestData/Adobe_PDF_sample_a_1024x768_50Frms.264/h264enc.js:167
      throw ex;
      ^

RuntimeError: Aborted(Cannot enlarge memory arrays to size 19111936 bytes (OOM). Either (1) compile with -sINITIAL_MEMORY=X with X higher than the current value 16777216, (2) compile with -sALLOW_MEMORY_GROWTH which allows increasing the size at runtime, or (3) if you want malloc to return NULL (0) instead of this abort, compile with -sABORTING_MALLOC=0)
    at abort (/home/test/workspace/openh264/test/encoder_binary_comparison/AllTestData/Adobe_PDF_sample_a_1024x768_50Frms.264/h264enc.js:1031:11)
    at abortOnCannotGrowMemory (/home/test/workspace/openh264/test/encoder_binary_comparison/AllTestData/Adobe_PDF_sample_a_1024x768_50Frms.264/h264enc.js:4914:7)
    at _emscripten_resize_heap (/home/test/workspace/openh264/test/encoder_binary_comparison/AllTestData/Adobe_PDF_sample_a_1024x768_50Frms.264/h264enc.js:4919:7)
    at wasm://wasm/00265406:wasm-function[1133]:0x705f0
    at wasm://wasm/00265406:wasm-function[1121]:0x6e28d
    at wasm://wasm/00265406:wasm-function[775]:0x60eb2
    at wasm://wasm/00265406:wasm-function[357]:0x2e8f3
    at wasm://wasm/00265406:wasm-function[363]:0x2f261
    at wasm://wasm/00265406:wasm-function[555]:0x407f3
    at wasm://wasm/00265406:wasm-function[554]:0x405bd   [0m
[31m    Failed! Adobe_PDF_sample_a_1024x768_50Frms.264_x.yuv Case Index 476:SHA-1(Current--Benchmark): NULL-----4c746a63bb765d3e5e99352009bf26c6fdbeecd7  [0m
[31m            ----YUVSHA1:  NULL,  9aa9a4d9598eb3e1093311826844f37c43e4c521  [0m
[31m           Aborted(Cannot enlarge memory arrays to size 19111936 bytes (OOM). Either (1) compile with -sINITIAL_MEMORY=X with X higher than the current value 16777216, (2) compile with -sALLOW_MEMORY_GROWTH which allows increasing the size at runtime, or (3) if you want malloc to return NULL (0) instead of this abort, compile with -sABORTING_MALLOC=0)
/home/test/workspace/openh264/test/encoder_binary_comparison/AllTestData/Adobe_PDF_sample_a_1024x768_50Frms.264/h264enc.js:167
      throw ex;
      ^

RuntimeError: Aborted(Cannot enlarge memory arrays to size 19111936 bytes (OOM). Either (1) compile with -sINITIAL_MEMORY=X with X higher than the current value 16777216, (2) compile with -sALLOW_MEMORY_GROWTH which allows increasing the size at runtime, or (3) if you want malloc to return NULL (0) instead of this abort, compile with -sABORTING_MALLOC=0)
    at abort (/home/test/workspace/openh264/test/encoder_binary_comparison/AllTestData/Adobe_PDF_sample_a_1024x768_50Frms.264/h264enc.js:1031:11)
    at abortOnCannotGrowMemory (/home/test/workspace/openh264/test/encoder_binary_comparison/AllTestData/Adobe_PDF_sample_a_1024x768_50Frms.264/h264enc.js:4914:7)
    at _emscripten_resize_heap (/home/test/workspace/openh264/test/encoder_binary_comparison/AllTestData/Adobe_PDF_sample_a_1024x768_50Frms.264/h264enc.js:4919:7)
    at wasm://wasm/00265406:wasm-function[1133]:0x705f0
    at wasm://wasm/00265406:wasm-function[1121]:0x6e28d
    at wasm://wasm/00265406:wasm-function[775]:0x60eb2
    at wasm://wasm/00265406:wasm-function[357]:0x2e8f3
    at wasm://wasm/00265406:wasm-function[363]:0x2f261
    at wasm://wasm/00265406:wasm-function[555]:0x407f3
    at wasm://wasm/00265406:wasm-function[554]:0x405bd   [0m
[31m    Failed! Adobe_PDF_sample_a_1024x768_50Frms.264_x.yuv Case Index 477:SHA-1(Current--Benchmark): NULL-----4c746a63bb765d3e5e99352009bf26c6fdbeecd7  [0m
[31m            ----YUVSHA1:  NULL,  9aa9a4d9598eb3e1093311826844f37c43e4c521  [0m
[31m           Aborted(Cannot enlarge memory arrays to size 19111936 bytes (OOM). Either (1) compile with -sINITIAL_MEMORY=X with X higher than the current value 16777216, (2) compile with -sALLOW_MEMORY_GROWTH which allows increasing the size at runtime, or (3) if you want malloc to return NULL (0) instead of this abort, compile with -sABORTING_MALLOC=0)
/home/test/workspace/openh264/test/encoder_binary_comparison/AllTestData/Adobe_PDF_sample_a_1024x768_50Frms.264/h264enc.js:167
      throw ex;
      ^

RuntimeError: Aborted(Cannot enlarge memory arrays to size 19111936 bytes (OOM). Either (1) compile with -sINITIAL_MEMORY=X with X higher than the current value 16777216, (2) compile with -sALLOW_MEMORY_GROWTH which allows increasing the size at runtime, or (3) if you want malloc to return NULL (0) instead of this abort, compile with -sABORTING_MALLOC=0)
    at abort (/home/test/workspace/openh264/test/encoder_binary_comparison/AllTestData/Adobe_PDF_sample_a_1024x768_50Frms.264/h264enc.js:1031:11)
    at abortOnCannotGrowMemory (/home/test/workspace/openh264/test/encoder_binary_comparison/AllTestData/Adobe_PDF_sample_a_1024x768_50Frms.264/h264enc.js:4914:7)
    at _emscripten_resize_heap (/home/test/workspace/openh264/test/encoder_binary_comparison/AllTestData/Adobe_PDF_sample_a_1024x768_50Frms.264/h264enc.js:4919:7)
    at wasm://wasm/00265406:wasm-function[1133]:0x705f0
    at wasm://wasm/00265406:wasm-function[1121]:0x6e28d
    at wasm://wasm/00265406:wasm-function[775]:0x60eb2
    at wasm://wasm/00265406:wasm-function[357]:0x2e8f3
    at wasm://wasm/00265406:wasm-function[363]:0x2f261
    at wasm://wasm/00265406:wasm-function[555]:0x407f3
    at wasm://wasm/00265406:wasm-function[554]:0x405bd   [0m
[31m    Failed! Adobe_PDF_sample_a_1024x768_50Frms.264_x.yuv Case Index 478:SHA-1(Current--Benchmark): NULL-----4c746a63bb765d3e5e99352009bf26c6fdbeecd7  [0m
[31m            ----YUVSHA1:  NULL,  9aa9a4d9598eb3e1093311826844f37c43e4c521  [0m
[31m           Aborted(Cannot enlarge memory arrays to size 19111936 bytes (OOM). Either (1) compile with -sINITIAL_MEMORY=X with X higher than the current value 16777216, (2) compile with -sALLOW_MEMORY_GROWTH which allows increasing the size at runtime, or (3) if you want malloc to return NULL (0) instead of this abort, compile with -sABORTING_MALLOC=0)
/home/test/workspace/openh264/test/encoder_binary_comparison/AllTestData/Adobe_PDF_sample_a_1024x768_50Frms.264/h264enc.js:167
      throw ex;
      ^

RuntimeError: Aborted(Cannot enlarge memory arrays to size 19111936 bytes (OOM). Either (1) compile with -sINITIAL_MEMORY=X with X higher than the current value 16777216, (2) compile with -sALLOW_MEMORY_GROWTH which allows increasing the size at runtime, or (3) if you want malloc to return NULL (0) instead of this abort, compile with -sABORTING_MALLOC=0)
    at abort (/home/test/workspace/openh264/test/encoder_binary_comparison/AllTestData/Adobe_PDF_sample_a_1024x768_50Frms.264/h264enc.js:1031:11)
    at abortOnCannotGrowMemory (/home/test/workspace/openh264/test/encoder_binary_comparison/AllTestData/Adobe_PDF_sample_a_1024x768_50Frms.264/h264enc.js:4914:7)
    at _emscripten_resize_heap (/home/test/workspace/openh264/test/encoder_binary_comparison/AllTestData/Adobe_PDF_sample_a_1024x768_50Frms.264/h264enc.js:4919:7)
    at wasm://wasm/00265406:wasm-function[1133]:0x705f0
    at wasm://wasm/00265406:wasm-function[1121]:0x6e28d
    at wasm://wasm/00265406:wasm-function[775]:0x60eb2
    at wasm://wasm/00265406:wasm-function[357]:0x2e8f3
    at wasm://wasm/00265406:wasm-function[363]:0x2f261
    at wasm://wasm/00265406:wasm-function[555]:0x407f3
    at wasm://wasm/00265406:wasm-function[554]:0x405bd   [0m
[31m    Failed! Adobe_PDF_sample_a_1024x768_50Frms.264_x.yuv Case Index 479:SHA-1(Current--Benchmark): NULL-----4c746a63bb765d3e5e99352009bf26c6fdbeecd7  [0m
[31m            ----YUVSHA1:  NULL,  9aa9a4d9598eb3e1093311826844f37c43e4c521  [0m
[31m           Aborted(Cannot enlarge memory arrays to size 19111936 bytes (OOM). Either (1) compile with -sINITIAL_MEMORY=X with X higher than the current value 16777216, (2) compile with -sALLOW_MEMORY_GROWTH which allows increasing the size at runtime, or (3) if you want malloc to return NULL (0) instead of this abort, compile with -sABORTING_MALLOC=0)
/home/test/workspace/openh264/test/encoder_binary_comparison/AllTestData/Adobe_PDF_sample_a_1024x768_50Frms.264/h264enc.js:167
      throw ex;
      ^

RuntimeError: Aborted(Cannot enlarge memory arrays to size 19111936 bytes (OOM). Either (1) compile with -sINITIAL_MEMORY=X with X higher than the current value 16777216, (2) compile with -sALLOW_MEMORY_GROWTH which allows increasing the size at runtime, or (3) if you want malloc to return NULL (0) instead of this abort, compile with -sABORTING_MALLOC=0)
    at abort (/home/test/workspace/openh264/test/encoder_binary_comparison/AllTestData/Adobe_PDF_sample_a_1024x768_50Frms.264/h264enc.js:1031:11)
    at abortOnCannotGrowMemory (/home/test/workspace/openh264/test/encoder_binary_comparison/AllTestData/Adobe_PDF_sample_a_1024x768_50Frms.264/h264enc.js:4914:7)
    at _emscripten_resize_heap (/home/test/workspace/openh264/test/encoder_binary_comparison/AllTestData/Adobe_PDF_sample_a_1024x768_50Frms.264/h264enc.js:4919:7)
    at wasm://wasm/00265406:wasm-function[1133]:0x705f0
    at wasm://wasm/00265406:wasm-function[1121]:0x6e28d
    at wasm://wasm/00265406:wasm-function[775]:0x60eb2
    at wasm://wasm/00265406:wasm-function[357]:0x2e8f3
    at wasm://wasm/00265406:wasm-function[363]:0x2f261
    at wasm://wasm/00265406:wasm-function[555]:0x407f3
    at wasm://wasm/00265406:wasm-function[554]:0x405bd   [0m
[31m    Failed! Adobe_PDF_sample_a_1024x768_50Frms.264_x.yuv Case Index 480:SHA-1(Current--Benchmark): NULL-----8c6d64629262ce949b7f3139dc1b1f37147ef1d8  [0m
[31m            ----YUVSHA1:  NULL,  9aa9a4d9598eb3e1093311826844f37c43e4c521  [0m
[31m           Aborted(Cannot enlarge memory arrays to size 19111936 bytes (OOM). Either (1) compile with -sINITIAL_MEMORY=X with X higher than the current value 16777216, (2) compile with -sALLOW_MEMORY_GROWTH which allows increasing the size at runtime, or (3) if you want malloc to return NULL (0) instead of this abort, compile with -sABORTING_MALLOC=0)
/home/test/workspace/openh264/test/encoder_binary_comparison/AllTestData/Adobe_PDF_sample_a_1024x768_50Frms.264/h264enc.js:167
      throw ex;
      ^

RuntimeError: Aborted(Cannot enlarge memory arrays to size 19111936 bytes (OOM). Either (1) compile with -sINITIAL_MEMORY=X with X higher than the current value 16777216, (2) compile with -sALLOW_MEMORY_GROWTH which allows increasing the size at runtime, or (3) if you want malloc to return NULL (0) instead of this abort, compile with -sABORTING_MALLOC=0)
    at abort (/home/test/workspace/openh264/test/encoder_binary_comparison/AllTestData/Adobe_PDF_sample_a_1024x768_50Frms.264/h264enc.js:1031:11)
    at abortOnCannotGrowMemory (/home/test/workspace/openh264/test/encoder_binary_comparison/AllTestData/Adobe_PDF_sample_a_1024x768_50Frms.264/h264enc.js:4914:7)
    at _emscripten_resize_heap (/home/test/workspace/openh264/test/encoder_binary_comparison/AllTestData/Adobe_PDF_sample_a_1024x768_50Frms.264/h264enc.js:4919:7)
    at wasm://wasm/00265406:wasm-function[1133]:0x705f0
    at wasm://wasm/00265406:wasm-function[1121]:0x6e28d
    at wasm://wasm/00265406:wasm-function[775]:0x60eb2
    at wasm://wasm/00265406:wasm-function[357]:0x2e8f3
    at wasm://wasm/00265406:wasm-function[363]:0x2f261
    at wasm://wasm/00265406:wasm-function[555]:0x407f3
    at wasm://wasm/00265406:wasm-function[554]:0x405bd   [0m
[31m    Failed! Adobe_PDF_sample_a_1024x768_50Frms.264_x.yuv Case Index 481:SHA-1(Current--Benchmark): NULL-----8c6d64629262ce949b7f3139dc1b1f37147ef1d8  [0m
[31m            ----YUVSHA1:  NULL,  9aa9a4d9598eb3e1093311826844f37c43e4c521  [0m
[31m           Aborted(Cannot enlarge memory arrays to size 19111936 bytes (OOM). Either (1) compile with -sINITIAL_MEMORY=X with X higher than the current value 16777216, (2) compile with -sALLOW_MEMORY_GROWTH which allows increasing the size at runtime, or (3) if you want malloc to return NULL (0) instead of this abort, compile with -sABORTING_MALLOC=0)
/home/test/workspace/openh264/test/encoder_binary_comparison/AllTestData/Adobe_PDF_sample_a_1024x768_50Frms.264/h264enc.js:167
      throw ex;
      ^

RuntimeError: Aborted(Cannot enlarge memory arrays to size 19111936 bytes (OOM). Either (1) compile with -sINITIAL_MEMORY=X with X higher than the current value 16777216, (2) compile with -sALLOW_MEMORY_GROWTH which allows increasing the size at runtime, or (3) if you want malloc to return NULL (0) instead of this abort, compile with -sABORTING_MALLOC=0)
    at abort (/home/test/workspace/openh264/test/encoder_binary_comparison/AllTestData/Adobe_PDF_sample_a_1024x768_50Frms.264/h264enc.js:1031:11)
    at abortOnCannotGrowMemory (/home/test/workspace/openh264/test/encoder_binary_comparison/AllTestData/Adobe_PDF_sample_a_1024x768_50Frms.264/h264enc.js:4914:7)
    at _emscripten_resize_heap (/home/test/workspace/openh264/test/encoder_binary_comparison/AllTestData/Adobe_PDF_sample_a_1024x768_50Frms.264/h264enc.js:4919:7)
    at wasm://wasm/00265406:wasm-function[1133]:0x705f0
    at wasm://wasm/00265406:wasm-function[1121]:0x6e28d
    at wasm://wasm/00265406:wasm-function[775]:0x60eb2
    at wasm://wasm/00265406:wasm-function[357]:0x2e8f3
    at wasm://wasm/00265406:wasm-function[363]:0x2f261
    at wasm://wasm/00265406:wasm-function[555]:0x407f3
    at wasm://wasm/00265406:wasm-function[554]:0x405bd   [0m
[31m    Failed! Adobe_PDF_sample_a_1024x768_50Frms.264_x.yuv Case Index 482:SHA-1(Current--Benchmark): NULL-----8c6d64629262ce949b7f3139dc1b1f37147ef1d8  [0m
[31m            ----YUVSHA1:  NULL,  9aa9a4d9598eb3e1093311826844f37c43e4c521  [0m
[31m           Aborted(Cannot enlarge memory arrays to size 19111936 bytes (OOM). Either (1) compile with -sINITIAL_MEMORY=X with X higher than the current value 16777216, (2) compile with -sALLOW_MEMORY_GROWTH which allows increasing the size at runtime, or (3) if you want malloc to return NULL (0) instead of this abort, compile with -sABORTING_MALLOC=0)
/home/test/workspace/openh264/test/encoder_binary_comparison/AllTestData/Adobe_PDF_sample_a_1024x768_50Frms.264/h264enc.js:167
      throw ex;
      ^

RuntimeError: Aborted(Cannot enlarge memory arrays to size 19111936 bytes (OOM). Either (1) compile with -sINITIAL_MEMORY=X with X higher than the current value 16777216, (2) compile with -sALLOW_MEMORY_GROWTH which allows increasing the size at runtime, or (3) if you want malloc to return NULL (0) instead of this abort, compile with -sABORTING_MALLOC=0)
    at abort (/home/test/workspace/openh264/test/encoder_binary_comparison/AllTestData/Adobe_PDF_sample_a_1024x768_50Frms.264/h264enc.js:1031:11)
    at abortOnCannotGrowMemory (/home/test/workspace/openh264/test/encoder_binary_comparison/AllTestData/Adobe_PDF_sample_a_1024x768_50Frms.264/h264enc.js:4914:7)
    at _emscripten_resize_heap (/home/test/workspace/openh264/test/encoder_binary_comparison/AllTestData/Adobe_PDF_sample_a_1024x768_50Frms.264/h264enc.js:4919:7)
    at wasm://wasm/00265406:wasm-function[1133]:0x705f0
    at wasm://wasm/00265406:wasm-function[1121]:0x6e28d
    at wasm://wasm/00265406:wasm-function[775]:0x60eb2
    at wasm://wasm/00265406:wasm-function[357]:0x2e8f3
    at wasm://wasm/00265406:wasm-function[363]:0x2f261
    at wasm://wasm/00265406:wasm-function[555]:0x407f3
    at wasm://wasm/00265406:wasm-function[554]:0x405bd   [0m
[31m    Failed! Adobe_PDF_sample_a_1024x768_50Frms.264_x.yuv Case Index 483:SHA-1(Current--Benchmark): NULL-----8c6d64629262ce949b7f3139dc1b1f37147ef1d8  [0m
[31m            ----YUVSHA1:  NULL,  9aa9a4d9598eb3e1093311826844f37c43e4c521  [0m
[31m           Aborted(Cannot enlarge memory arrays to size 19111936 bytes (OOM). Either (1) compile with -sINITIAL_MEMORY=X with X higher than the current value 16777216, (2) compile with -sALLOW_MEMORY_GROWTH which allows increasing the size at runtime, or (3) if you want malloc to return NULL (0) instead of this abort, compile with -sABORTING_MALLOC=0)
/home/test/workspace/openh264/test/encoder_binary_comparison/AllTestData/Adobe_PDF_sample_a_1024x768_50Frms.264/h264enc.js:167
      throw ex;
      ^

RuntimeError: Aborted(Cannot enlarge memory arrays to size 19111936 bytes (OOM). Either (1) compile with -sINITIAL_MEMORY=X with X higher than the current value 16777216, (2) compile with -sALLOW_MEMORY_GROWTH which allows increasing the size at runtime, or (3) if you want malloc to return NULL (0) instead of this abort, compile with -sABORTING_MALLOC=0)
    at abort (/home/test/workspace/openh264/test/encoder_binary_comparison/AllTestData/Adobe_PDF_sample_a_1024x768_50Frms.264/h264enc.js:1031:11)
    at abortOnCannotGrowMemory (/home/test/workspace/openh264/test/encoder_binary_comparison/AllTestData/Adobe_PDF_sample_a_1024x768_50Frms.264/h264enc.js:4914:7)
    at _emscripten_resize_heap (/home/test/workspace/openh264/test/encoder_binary_comparison/AllTestData/Adobe_PDF_sample_a_1024x768_50Frms.264/h264enc.js:4919:7)
    at wasm://wasm/00265406:wasm-function[1133]:0x705f0
    at wasm://wasm/00265406:wasm-function[1121]:0x6e28d
    at wasm://wasm/00265406:wasm-function[775]:0x60eb2
    at wasm://wasm/00265406:wasm-function[357]:0x2e8f3
    at wasm://wasm/00265406:wasm-function[363]:0x2f261
    at wasm://wasm/00265406:wasm-function[555]:0x407f3
    at wasm://wasm/00265406:wasm-function[554]:0x405bd   [0m
[31m    Failed! Adobe_PDF_sample_a_1024x768_50Frms.264_x.yuv Case Index 484:SHA-1(Current--Benchmark): NULL-----8c6d64629262ce949b7f3139dc1b1f37147ef1d8  [0m
[31m            ----YUVSHA1:  NULL,  9aa9a4d9598eb3e1093311826844f37c43e4c521  [0m
[31m           Aborted(Cannot enlarge memory arrays to size 19111936 bytes (OOM). Either (1) compile with -sINITIAL_MEMORY=X with X higher than the current value 16777216, (2) compile with -sALLOW_MEMORY_GROWTH which allows increasing the size at runtime, or (3) if you want malloc to return NULL (0) instead of this abort, compile with -sABORTING_MALLOC=0)
/home/test/workspace/openh264/test/encoder_binary_comparison/AllTestData/Adobe_PDF_sample_a_1024x768_50Frms.264/h264enc.js:167
      throw ex;
      ^

RuntimeError: Aborted(Cannot enlarge memory arrays to size 19111936 bytes (OOM). Either (1) compile with -sINITIAL_MEMORY=X with X higher than the current value 16777216, (2) compile with -sALLOW_MEMORY_GROWTH which allows increasing the size at runtime, or (3) if you want malloc to return NULL (0) instead of this abort, compile with -sABORTING_MALLOC=0)
    at abort (/home/test/workspace/openh264/test/encoder_binary_comparison/AllTestData/Adobe_PDF_sample_a_1024x768_50Frms.264/h264enc.js:1031:11)
    at abortOnCannotGrowMemory (/home/test/workspace/openh264/test/encoder_binary_comparison/AllTestData/Adobe_PDF_sample_a_1024x768_50Frms.264/h264enc.js:4914:7)
    at _emscripten_resize_heap (/home/test/workspace/openh264/test/encoder_binary_comparison/AllTestData/Adobe_PDF_sample_a_1024x768_50Frms.264/h264enc.js:4919:7)
    at wasm://wasm/00265406:wasm-function[1133]:0x705f0
    at wasm://wasm/00265406:wasm-function[1121]:0x6e28d
    at wasm://wasm/00265406:wasm-function[775]:0x60eb2
    at wasm://wasm/00265406:wasm-function[357]:0x2e8f3
    at wasm://wasm/00265406:wasm-function[363]:0x2f261
    at wasm://wasm/00265406:wasm-function[555]:0x407f3
    at wasm://wasm/00265406:wasm-function[554]:0x405bd   [0m
[31m    Failed! Adobe_PDF_sample_a_1024x768_50Frms.264_x.yuv Case Index 485:SHA-1(Current--Benchmark): NULL-----8c6d64629262ce949b7f3139dc1b1f37147ef1d8  [0m
[31m            ----YUVSHA1:  NULL,  9aa9a4d9598eb3e1093311826844f37c43e4c521  [0m
[31m           Aborted(Cannot enlarge memory arrays to size 19111936 bytes (OOM). Either (1) compile with -sINITIAL_MEMORY=X with X higher than the current value 16777216, (2) compile with -sALLOW_MEMORY_GROWTH which allows increasing the size at runtime, or (3) if you want malloc to return NULL (0) instead of this abort, compile with -sABORTING_MALLOC=0)
/home/test/workspace/openh264/test/encoder_binary_comparison/AllTestData/Adobe_PDF_sample_a_1024x768_50Frms.264/h264enc.js:167
      throw ex;
      ^

RuntimeError: Aborted(Cannot enlarge memory arrays to size 19111936 bytes (OOM). Either (1) compile with -sINITIAL_MEMORY=X with X higher than the current value 16777216, (2) compile with -sALLOW_MEMORY_GROWTH which allows increasing the size at runtime, or (3) if you want malloc to return NULL (0) instead of this abort, compile with -sABORTING_MALLOC=0)
    at abort (/home/test/workspace/openh264/test/encoder_binary_comparison/AllTestData/Adobe_PDF_sample_a_1024x768_50Frms.264/h264enc.js:1031:11)
    at abortOnCannotGrowMemory (/home/test/workspace/openh264/test/encoder_binary_comparison/AllTestData/Adobe_PDF_sample_a_1024x768_50Frms.264/h264enc.js:4914:7)
    at _emscripten_resize_heap (/home/test/workspace/openh264/test/encoder_binary_comparison/AllTestData/Adobe_PDF_sample_a_1024x768_50Frms.264/h264enc.js:4919:7)
    at wasm://wasm/00265406:wasm-function[1133]:0x705f0
    at wasm://wasm/00265406:wasm-function[1121]:0x6e28d
    at wasm://wasm/00265406:wasm-function[775]:0x60eb2
    at wasm://wasm/00265406:wasm-function[357]:0x2e8f3
    at wasm://wasm/00265406:wasm-function[363]:0x2f261
    at wasm://wasm/00265406:wasm-function[555]:0x407f3
    at wasm://wasm/00265406:wasm-function[554]:0x405bd   [0m
[31m    Failed! Adobe_PDF_sample_a_1024x768_50Frms.264_x.yuv Case Index 486:SHA-1(Current--Benchmark): NULL-----8c6d64629262ce949b7f3139dc1b1f37147ef1d8  [0m
[31m            ----YUVSHA1:  NULL,  9aa9a4d9598eb3e1093311826844f37c43e4c521  [0m
[31m           Aborted(Cannot enlarge memory arrays to size 19111936 bytes (OOM). Either (1) compile with -sINITIAL_MEMORY=X with X higher than the current value 16777216, (2) compile with -sALLOW_MEMORY_GROWTH which allows increasing the size at runtime, or (3) if you want malloc to return NULL (0) instead of this abort, compile with -sABORTING_MALLOC=0)
/home/test/workspace/openh264/test/encoder_binary_comparison/AllTestData/Adobe_PDF_sample_a_1024x768_50Frms.264/h264enc.js:167
      throw ex;
      ^

RuntimeError: Aborted(Cannot enlarge memory arrays to size 19111936 bytes (OOM). Either (1) compile with -sINITIAL_MEMORY=X with X higher than the current value 16777216, (2) compile with -sALLOW_MEMORY_GROWTH which allows increasing the size at runtime, or (3) if you want malloc to return NULL (0) instead of this abort, compile with -sABORTING_MALLOC=0)
    at abort (/home/test/workspace/openh264/test/encoder_binary_comparison/AllTestData/Adobe_PDF_sample_a_1024x768_50Frms.264/h264enc.js:1031:11)
    at abortOnCannotGrowMemory (/home/test/workspace/openh264/test/encoder_binary_comparison/AllTestData/Adobe_PDF_sample_a_1024x768_50Frms.264/h264enc.js:4914:7)
    at _emscripten_resize_heap (/home/test/workspace/openh264/test/encoder_binary_comparison/AllTestData/Adobe_PDF_sample_a_1024x768_50Frms.264/h264enc.js:4919:7)
    at wasm://wasm/00265406:wasm-function[1133]:0x705f0
    at wasm://wasm/00265406:wasm-function[1121]:0x6e28d
    at wasm://wasm/00265406:wasm-function[775]:0x60eb2
    at wasm://wasm/00265406:wasm-function[357]:0x2e8f3
    at wasm://wasm/00265406:wasm-function[363]:0x2f261
    at wasm://wasm/00265406:wasm-function[555]:0x407f3
    at wasm://wasm/00265406:wasm-function[554]:0x405bd   [0m
[31m    Failed! Adobe_PDF_sample_a_1024x768_50Frms.264_x.yuv Case Index 487:SHA-1(Current--Benchmark): NULL-----8c6d64629262ce949b7f3139dc1b1f37147ef1d8  [0m
[31m            ----YUVSHA1:  NULL,  9aa9a4d9598eb3e1093311826844f37c43e4c521  [0m
[31m           Aborted(Cannot enlarge memory arrays to size 19111936 bytes (OOM). Either (1) compile with -sINITIAL_MEMORY=X with X higher than the current value 16777216, (2) compile with -sALLOW_MEMORY_GROWTH which allows increasing the size at runtime, or (3) if you want malloc to return NULL (0) instead of this abort, compile with -sABORTING_MALLOC=0)
/home/test/workspace/openh264/test/encoder_binary_comparison/AllTestData/Adobe_PDF_sample_a_1024x768_50Frms.264/h264enc.js:167
      throw ex;
      ^

RuntimeError: Aborted(Cannot enlarge memory arrays to size 19111936 bytes (OOM). Either (1) compile with -sINITIAL_MEMORY=X with X higher than the current value 16777216, (2) compile with -sALLOW_MEMORY_GROWTH which allows increasing the size at runtime, or (3) if you want malloc to return NULL (0) instead of this abort, compile with -sABORTING_MALLOC=0)
    at abort (/home/test/workspace/openh264/test/encoder_binary_comparison/AllTestData/Adobe_PDF_sample_a_1024x768_50Frms.264/h264enc.js:1031:11)
    at abortOnCannotGrowMemory (/home/test/workspace/openh264/test/encoder_binary_comparison/AllTestData/Adobe_PDF_sample_a_1024x768_50Frms.264/h264enc.js:4914:7)
    at _emscripten_resize_heap (/home/test/workspace/openh264/test/encoder_binary_comparison/AllTestData/Adobe_PDF_sample_a_1024x768_50Frms.264/h264enc.js:4919:7)
    at wasm://wasm/00265406:wasm-function[1133]:0x705f0
    at wasm://wasm/00265406:wasm-function[1121]:0x6e28d
    at wasm://wasm/00265406:wasm-function[775]:0x60eb2
    at wasm://wasm/00265406:wasm-function[357]:0x2e8f3
    at wasm://wasm/00265406:wasm-function[363]:0x2f261
    at wasm://wasm/00265406:wasm-function[555]:0x407f3
    at wasm://wasm/00265406:wasm-function[554]:0x405bd   [0m
[31m    Failed! Adobe_PDF_sample_a_1024x768_50Frms.264_x.yuv Case Index 488:SHA-1(Current--Benchmark): NULL-----8c6d64629262ce949b7f3139dc1b1f37147ef1d8  [0m
[31m            ----YUVSHA1:  NULL,  9aa9a4d9598eb3e1093311826844f37c43e4c521  [0m
[31m           Aborted(Cannot enlarge memory arrays to size 19111936 bytes (OOM). Either (1) compile with -sINITIAL_MEMORY=X with X higher than the current value 16777216, (2) compile with -sALLOW_MEMORY_GROWTH which allows increasing the size at runtime, or (3) if you want malloc to return NULL (0) instead of this abort, compile with -sABORTING_MALLOC=0)
/home/test/workspace/openh264/test/encoder_binary_comparison/AllTestData/Adobe_PDF_sample_a_1024x768_50Frms.264/h264enc.js:167
      throw ex;
      ^

RuntimeError: Aborted(Cannot enlarge memory arrays to size 19111936 bytes (OOM). Either (1) compile with -sINITIAL_MEMORY=X with X higher than the current value 16777216, (2) compile with -sALLOW_MEMORY_GROWTH which allows increasing the size at runtime, or (3) if you want malloc to return NULL (0) instead of this abort, compile with -sABORTING_MALLOC=0)
    at abort (/home/test/workspace/openh264/test/encoder_binary_comparison/AllTestData/Adobe_PDF_sample_a_1024x768_50Frms.264/h264enc.js:1031:11)
    at abortOnCannotGrowMemory (/home/test/workspace/openh264/test/encoder_binary_comparison/AllTestData/Adobe_PDF_sample_a_1024x768_50Frms.264/h264enc.js:4914:7)
    at _emscripten_resize_heap (/home/test/workspace/openh264/test/encoder_binary_comparison/AllTestData/Adobe_PDF_sample_a_1024x768_50Frms.264/h264enc.js:4919:7)
    at wasm://wasm/00265406:wasm-function[1133]:0x705f0
    at wasm://wasm/00265406:wasm-function[1121]:0x6e28d
    at wasm://wasm/00265406:wasm-function[775]:0x60eb2
    at wasm://wasm/00265406:wasm-function[357]:0x2e8f3
    at wasm://wasm/00265406:wasm-function[363]:0x2f261
    at wasm://wasm/00265406:wasm-function[555]:0x407f3
    at wasm://wasm/00265406:wasm-function[554]:0x405bd   [0m
[31m    Failed! Adobe_PDF_sample_a_1024x768_50Frms.264_x.yuv Case Index 489:SHA-1(Current--Benchmark): NULL-----8c6d64629262ce949b7f3139dc1b1f37147ef1d8  [0m
[31m            ----YUVSHA1:  NULL,  9aa9a4d9598eb3e1093311826844f37c43e4c521  [0m
[31m           Aborted(Cannot enlarge memory arrays to size 19111936 bytes (OOM). Either (1) compile with -sINITIAL_MEMORY=X with X higher than the current value 16777216, (2) compile with -sALLOW_MEMORY_GROWTH which allows increasing the size at runtime, or (3) if you want malloc to return NULL (0) instead of this abort, compile with -sABORTING_MALLOC=0)
/home/test/workspace/openh264/test/encoder_binary_comparison/AllTestData/Adobe_PDF_sample_a_1024x768_50Frms.264/h264enc.js:167
      throw ex;
      ^

RuntimeError: Aborted(Cannot enlarge memory arrays to size 19111936 bytes (OOM). Either (1) compile with -sINITIAL_MEMORY=X with X higher than the current value 16777216, (2) compile with -sALLOW_MEMORY_GROWTH which allows increasing the size at runtime, or (3) if you want malloc to return NULL (0) instead of this abort, compile with -sABORTING_MALLOC=0)
    at abort (/home/test/workspace/openh264/test/encoder_binary_comparison/AllTestData/Adobe_PDF_sample_a_1024x768_50Frms.264/h264enc.js:1031:11)
    at abortOnCannotGrowMemory (/home/test/workspace/openh264/test/encoder_binary_comparison/AllTestData/Adobe_PDF_sample_a_1024x768_50Frms.264/h264enc.js:4914:7)
    at _emscripten_resize_heap (/home/test/workspace/openh264/test/encoder_binary_comparison/AllTestData/Adobe_PDF_sample_a_1024x768_50Frms.264/h264enc.js:4919:7)
    at wasm://wasm/00265406:wasm-function[1133]:0x705f0
    at wasm://wasm/00265406:wasm-function[1121]:0x6e28d
    at wasm://wasm/00265406:wasm-function[775]:0x60eb2
    at wasm://wasm/00265406:wasm-function[357]:0x2e8f3
    at wasm://wasm/00265406:wasm-function[363]:0x2f261
    at wasm://wasm/00265406:wasm-function[555]:0x407f3
    at wasm://wasm/00265406:wasm-function[554]:0x405bd   [0m
[31m    Failed! Adobe_PDF_sample_a_1024x768_50Frms.264_x.yuv Case Index 490:SHA-1(Current--Benchmark): NULL-----8c6d64629262ce949b7f3139dc1b1f37147ef1d8  [0m
[31m            ----YUVSHA1:  NULL,  9aa9a4d9598eb3e1093311826844f37c43e4c521  [0m
[31m           Aborted(Cannot enlarge memory arrays to size 19111936 bytes (OOM). Either (1) compile with -sINITIAL_MEMORY=X with X higher than the current value 16777216, (2) compile with -sALLOW_MEMORY_GROWTH which allows increasing the size at runtime, or (3) if you want malloc to return NULL (0) instead of this abort, compile with -sABORTING_MALLOC=0)
/home/test/workspace/openh264/test/encoder_binary_comparison/AllTestData/Adobe_PDF_sample_a_1024x768_50Frms.264/h264enc.js:167
      throw ex;
      ^

RuntimeError: Aborted(Cannot enlarge memory arrays to size 19111936 bytes (OOM). Either (1) compile with -sINITIAL_MEMORY=X with X higher than the current value 16777216, (2) compile with -sALLOW_MEMORY_GROWTH which allows increasing the size at runtime, or (3) if you want malloc to return NULL (0) instead of this abort, compile with -sABORTING_MALLOC=0)
    at abort (/home/test/workspace/openh264/test/encoder_binary_comparison/AllTestData/Adobe_PDF_sample_a_1024x768_50Frms.264/h264enc.js:1031:11)
    at abortOnCannotGrowMemory (/home/test/workspace/openh264/test/encoder_binary_comparison/AllTestData/Adobe_PDF_sample_a_1024x768_50Frms.264/h264enc.js:4914:7)
    at _emscripten_resize_heap (/home/test/workspace/openh264/test/encoder_binary_comparison/AllTestData/Adobe_PDF_sample_a_1024x768_50Frms.264/h264enc.js:4919:7)
    at wasm://wasm/00265406:wasm-function[1133]:0x705f0
    at wasm://wasm/00265406:wasm-function[1121]:0x6e28d
    at wasm://wasm/00265406:wasm-function[775]:0x60eb2
    at wasm://wasm/00265406:wasm-function[357]:0x2e8f3
    at wasm://wasm/00265406:wasm-function[363]:0x2f261
    at wasm://wasm/00265406:wasm-function[555]:0x407f3
    at wasm://wasm/00265406:wasm-function[554]:0x405bd   [0m
[31m    Failed! Adobe_PDF_sample_a_1024x768_50Frms.264_x.yuv Case Index 491:SHA-1(Current--Benchmark): NULL-----8c6d64629262ce949b7f3139dc1b1f37147ef1d8  [0m
[31m            ----YUVSHA1:  NULL,  9aa9a4d9598eb3e1093311826844f37c43e4c521  [0m
[31m           Aborted(Cannot enlarge memory arrays to size 19111936 bytes (OOM). Either (1) compile with -sINITIAL_MEMORY=X with X higher than the current value 16777216, (2) compile with -sALLOW_MEMORY_GROWTH which allows increasing the size at runtime, or (3) if you want malloc to return NULL (0) instead of this abort, compile with -sABORTING_MALLOC=0)
/home/test/workspace/openh264/test/encoder_binary_comparison/AllTestData/Adobe_PDF_sample_a_1024x768_50Frms.264/h264enc.js:167
      throw ex;
      ^

RuntimeError: Aborted(Cannot enlarge memory arrays to size 19111936 bytes (OOM). Either (1) compile with -sINITIAL_MEMORY=X with X higher than the current value 16777216, (2) compile with -sALLOW_MEMORY_GROWTH which allows increasing the size at runtime, or (3) if you want malloc to return NULL (0) instead of this abort, compile with -sABORTING_MALLOC=0)
    at abort (/home/test/workspace/openh264/test/encoder_binary_comparison/AllTestData/Adobe_PDF_sample_a_1024x768_50Frms.264/h264enc.js:1031:11)
    at abortOnCannotGrowMemory (/home/test/workspace/openh264/test/encoder_binary_comparison/AllTestData/Adobe_PDF_sample_a_1024x768_50Frms.264/h264enc.js:4914:7)
    at _emscripten_resize_heap (/home/test/workspace/openh264/test/encoder_binary_comparison/AllTestData/Adobe_PDF_sample_a_1024x768_50Frms.264/h264enc.js:4919:7)
    at wasm://wasm/00265406:wasm-function[1133]:0x705f0
    at wasm://wasm/00265406:wasm-function[1121]:0x6e28d
    at wasm://wasm/00265406:wasm-function[775]:0x60eb2
    at wasm://wasm/00265406:wasm-function[357]:0x2e8f3
    at wasm://wasm/00265406:wasm-function[363]:0x2f261
    at wasm://wasm/00265406:wasm-function[555]:0x407f3
    at wasm://wasm/00265406:wasm-function[554]:0x405bd   [0m
[31m    Failed! Adobe_PDF_sample_a_1024x768_50Frms.264_x.yuv Case Index 492:SHA-1(Current--Benchmark): NULL-----8c6d64629262ce949b7f3139dc1b1f37147ef1d8  [0m
[31m            ----YUVSHA1:  NULL,  9aa9a4d9598eb3e1093311826844f37c43e4c521  [0m
[31m           Aborted(Cannot enlarge memory arrays to size 19111936 bytes (OOM). Either (1) compile with -sINITIAL_MEMORY=X with X higher than the current value 16777216, (2) compile with -sALLOW_MEMORY_GROWTH which allows increasing the size at runtime, or (3) if you want malloc to return NULL (0) instead of this abort, compile with -sABORTING_MALLOC=0)
/home/test/workspace/openh264/test/encoder_binary_comparison/AllTestData/Adobe_PDF_sample_a_1024x768_50Frms.264/h264enc.js:167
      throw ex;
      ^

RuntimeError: Aborted(Cannot enlarge memory arrays to size 19111936 bytes (OOM). Either (1) compile with -sINITIAL_MEMORY=X with X higher than the current value 16777216, (2) compile with -sALLOW_MEMORY_GROWTH which allows increasing the size at runtime, or (3) if you want malloc to return NULL (0) instead of this abort, compile with -sABORTING_MALLOC=0)
    at abort (/home/test/workspace/openh264/test/encoder_binary_comparison/AllTestData/Adobe_PDF_sample_a_1024x768_50Frms.264/h264enc.js:1031:11)
    at abortOnCannotGrowMemory (/home/test/workspace/openh264/test/encoder_binary_comparison/AllTestData/Adobe_PDF_sample_a_1024x768_50Frms.264/h264enc.js:4914:7)
    at _emscripten_resize_heap (/home/test/workspace/openh264/test/encoder_binary_comparison/AllTestData/Adobe_PDF_sample_a_1024x768_50Frms.264/h264enc.js:4919:7)
    at wasm://wasm/00265406:wasm-function[1133]:0x705f0
    at wasm://wasm/00265406:wasm-function[1121]:0x6e28d
    at wasm://wasm/00265406:wasm-function[775]:0x60eb2
    at wasm://wasm/00265406:wasm-function[357]:0x2e8f3
    at wasm://wasm/00265406:wasm-function[363]:0x2f261
    at wasm://wasm/00265406:wasm-function[555]:0x407f3
    at wasm://wasm/00265406:wasm-function[554]:0x405bd   [0m
[31m    Failed! Adobe_PDF_sample_a_1024x768_50Frms.264_x.yuv Case Index 493:SHA-1(Current--Benchmark): NULL-----8c6d64629262ce949b7f3139dc1b1f37147ef1d8  [0m
[31m            ----YUVSHA1:  NULL,  9aa9a4d9598eb3e1093311826844f37c43e4c521  [0m
[31m           Aborted(Cannot enlarge memory arrays to size 19111936 bytes (OOM). Either (1) compile with -sINITIAL_MEMORY=X with X higher than the current value 16777216, (2) compile with -sALLOW_MEMORY_GROWTH which allows increasing the size at runtime, or (3) if you want malloc to return NULL (0) instead of this abort, compile with -sABORTING_MALLOC=0)
/home/test/workspace/openh264/test/encoder_binary_comparison/AllTestData/Adobe_PDF_sample_a_1024x768_50Frms.264/h264enc.js:167
      throw ex;
      ^

RuntimeError: Aborted(Cannot enlarge memory arrays to size 19111936 bytes (OOM). Either (1) compile with -sINITIAL_MEMORY=X with X higher than the current value 16777216, (2) compile with -sALLOW_MEMORY_GROWTH which allows increasing the size at runtime, or (3) if you want malloc to return NULL (0) instead of this abort, compile with -sABORTING_MALLOC=0)
    at abort (/home/test/workspace/openh264/test/encoder_binary_comparison/AllTestData/Adobe_PDF_sample_a_1024x768_50Frms.264/h264enc.js:1031:11)
    at abortOnCannotGrowMemory (/home/test/workspace/openh264/test/encoder_binary_comparison/AllTestData/Adobe_PDF_sample_a_1024x768_50Frms.264/h264enc.js:4914:7)
    at _emscripten_resize_heap (/home/test/workspace/openh264/test/encoder_binary_comparison/AllTestData/Adobe_PDF_sample_a_1024x768_50Frms.264/h264enc.js:4919:7)
    at wasm://wasm/00265406:wasm-function[1133]:0x705f0
    at wasm://wasm/00265406:wasm-function[1121]:0x6e28d
    at wasm://wasm/00265406:wasm-function[775]:0x60eb2
    at wasm://wasm/00265406:wasm-function[357]:0x2e8f3
    at wasm://wasm/00265406:wasm-function[363]:0x2f261
    at wasm://wasm/00265406:wasm-function[555]:0x407f3
    at wasm://wasm/00265406:wasm-function[554]:0x405bd   [0m
[31m    Failed! Adobe_PDF_sample_a_1024x768_50Frms.264_x.yuv Case Index 494:SHA-1(Current--Benchmark): NULL-----8c6d64629262ce949b7f3139dc1b1f37147ef1d8  [0m
[31m            ----YUVSHA1:  NULL,  9aa9a4d9598eb3e1093311826844f37c43e4c521  [0m
[31m           Aborted(Cannot enlarge memory arrays to size 19111936 bytes (OOM). Either (1) compile with -sINITIAL_MEMORY=X with X higher than the current value 16777216, (2) compile with -sALLOW_MEMORY_GROWTH which allows increasing the size at runtime, or (3) if you want malloc to return NULL (0) instead of this abort, compile with -sABORTING_MALLOC=0)
/home/test/workspace/openh264/test/encoder_binary_comparison/AllTestData/Adobe_PDF_sample_a_1024x768_50Frms.264/h264enc.js:167
      throw ex;
      ^

RuntimeError: Aborted(Cannot enlarge memory arrays to size 19111936 bytes (OOM). Either (1) compile with -sINITIAL_MEMORY=X with X higher than the current value 16777216, (2) compile with -sALLOW_MEMORY_GROWTH which allows increasing the size at runtime, or (3) if you want malloc to return NULL (0) instead of this abort, compile with -sABORTING_MALLOC=0)
    at abort (/home/test/workspace/openh264/test/encoder_binary_comparison/AllTestData/Adobe_PDF_sample_a_1024x768_50Frms.264/h264enc.js:1031:11)
    at abortOnCannotGrowMemory (/home/test/workspace/openh264/test/encoder_binary_comparison/AllTestData/Adobe_PDF_sample_a_1024x768_50Frms.264/h264enc.js:4914:7)
    at _emscripten_resize_heap (/home/test/workspace/openh264/test/encoder_binary_comparison/AllTestData/Adobe_PDF_sample_a_1024x768_50Frms.264/h264enc.js:4919:7)
    at wasm://wasm/00265406:wasm-function[1133]:0x705f0
    at wasm://wasm/00265406:wasm-function[1121]:0x6e28d
    at wasm://wasm/00265406:wasm-function[775]:0x60eb2
    at wasm://wasm/00265406:wasm-function[357]:0x2e8f3
    at wasm://wasm/00265406:wasm-function[363]:0x2f261
    at wasm://wasm/00265406:wasm-function[555]:0x407f3
    at wasm://wasm/00265406:wasm-function[554]:0x405bd   [0m
[31m    Failed! Adobe_PDF_sample_a_1024x768_50Frms.264_x.yuv Case Index 495:SHA-1(Current--Benchmark): NULL-----8c6d64629262ce949b7f3139dc1b1f37147ef1d8  [0m
[31m            ----YUVSHA1:  NULL,  9aa9a4d9598eb3e1093311826844f37c43e4c521  [0m
[31m           Aborted(Cannot enlarge memory arrays to size 19111936 bytes (OOM). Either (1) compile with -sINITIAL_MEMORY=X with X higher than the current value 16777216, (2) compile with -sALLOW_MEMORY_GROWTH which allows increasing the size at runtime, or (3) if you want malloc to return NULL (0) instead of this abort, compile with -sABORTING_MALLOC=0)
/home/test/workspace/openh264/test/encoder_binary_comparison/AllTestData/Adobe_PDF_sample_a_1024x768_50Frms.264/h264enc.js:167
      throw ex;
      ^

RuntimeError: Aborted(Cannot enlarge memory arrays to size 19111936 bytes (OOM). Either (1) compile with -sINITIAL_MEMORY=X with X higher than the current value 16777216, (2) compile with -sALLOW_MEMORY_GROWTH which allows increasing the size at runtime, or (3) if you want malloc to return NULL (0) instead of this abort, compile with -sABORTING_MALLOC=0)
    at abort (/home/test/workspace/openh264/test/encoder_binary_comparison/AllTestData/Adobe_PDF_sample_a_1024x768_50Frms.264/h264enc.js:1031:11)
    at abortOnCannotGrowMemory (/home/test/workspace/openh264/test/encoder_binary_comparison/AllTestData/Adobe_PDF_sample_a_1024x768_50Frms.264/h264enc.js:4914:7)
    at _emscripten_resize_heap (/home/test/workspace/openh264/test/encoder_binary_comparison/AllTestData/Adobe_PDF_sample_a_1024x768_50Frms.264/h264enc.js:4919:7)
    at wasm://wasm/00265406:wasm-function[1133]:0x705f0
    at wasm://wasm/00265406:wasm-function[1121]:0x6e28d
    at wasm://wasm/00265406:wasm-function[775]:0x60eb2
    at wasm://wasm/00265406:wasm-function[357]:0x2e8f3
    at wasm://wasm/00265406:wasm-function[363]:0x2f261
    at wasm://wasm/00265406:wasm-function[555]:0x407f3
    at wasm://wasm/00265406:wasm-function[554]:0x405bd   [0m
[31m    Failed! Adobe_PDF_sample_a_1024x768_50Frms.264_x.yuv Case Index 496:SHA-1(Current--Benchmark): NULL-----8c6d64629262ce949b7f3139dc1b1f37147ef1d8  [0m
[31m            ----YUVSHA1:  NULL,  9aa9a4d9598eb3e1093311826844f37c43e4c521  [0m
[31m           Aborted(Cannot enlarge memory arrays to size 19111936 bytes (OOM). Either (1) compile with -sINITIAL_MEMORY=X with X higher than the current value 16777216, (2) compile with -sALLOW_MEMORY_GROWTH which allows increasing the size at runtime, or (3) if you want malloc to return NULL (0) instead of this abort, compile with -sABORTING_MALLOC=0)
/home/test/workspace/openh264/test/encoder_binary_comparison/AllTestData/Adobe_PDF_sample_a_1024x768_50Frms.264/h264enc.js:167
      throw ex;
      ^

RuntimeError: Aborted(Cannot enlarge memory arrays to size 19111936 bytes (OOM). Either (1) compile with -sINITIAL_MEMORY=X with X higher than the current value 16777216, (2) compile with -sALLOW_MEMORY_GROWTH which allows increasing the size at runtime, or (3) if you want malloc to return NULL (0) instead of this abort, compile with -sABORTING_MALLOC=0)
    at abort (/home/test/workspace/openh264/test/encoder_binary_comparison/AllTestData/Adobe_PDF_sample_a_1024x768_50Frms.264/h264enc.js:1031:11)
    at abortOnCannotGrowMemory (/home/test/workspace/openh264/test/encoder_binary_comparison/AllTestData/Adobe_PDF_sample_a_1024x768_50Frms.264/h264enc.js:4914:7)
    at _emscripten_resize_heap (/home/test/workspace/openh264/test/encoder_binary_comparison/AllTestData/Adobe_PDF_sample_a_1024x768_50Frms.264/h264enc.js:4919:7)
    at wasm://wasm/00265406:wasm-function[1133]:0x705f0
    at wasm://wasm/00265406:wasm-function[1121]:0x6e28d
    at wasm://wasm/00265406:wasm-function[775]:0x60eb2
    at wasm://wasm/00265406:wasm-function[357]:0x2e8f3
    at wasm://wasm/00265406:wasm-function[363]:0x2f261
    at wasm://wasm/00265406:wasm-function[555]:0x407f3
    at wasm://wasm/00265406:wasm-function[554]:0x405bd   [0m
[31m    Failed! Adobe_PDF_sample_a_1024x768_50Frms.264_x.yuv Case Index 497:SHA-1(Current--Benchmark): NULL-----8c6d64629262ce949b7f3139dc1b1f37147ef1d8  [0m
[31m            ----YUVSHA1:  NULL,  9aa9a4d9598eb3e1093311826844f37c43e4c521  [0m
[31m           Aborted(Cannot enlarge memory arrays to size 19111936 bytes (OOM). Either (1) compile with -sINITIAL_MEMORY=X with X higher than the current value 16777216, (2) compile with -sALLOW_MEMORY_GROWTH which allows increasing the size at runtime, or (3) if you want malloc to return NULL (0) instead of this abort, compile with -sABORTING_MALLOC=0)
/home/test/workspace/openh264/test/encoder_binary_comparison/AllTestData/Adobe_PDF_sample_a_1024x768_50Frms.264/h264enc.js:167
      throw ex;
      ^

RuntimeError: Aborted(Cannot enlarge memory arrays to size 19111936 bytes (OOM). Either (1) compile with -sINITIAL_MEMORY=X with X higher than the current value 16777216, (2) compile with -sALLOW_MEMORY_GROWTH which allows increasing the size at runtime, or (3) if you want malloc to return NULL (0) instead of this abort, compile with -sABORTING_MALLOC=0)
    at abort (/home/test/workspace/openh264/test/encoder_binary_comparison/AllTestData/Adobe_PDF_sample_a_1024x768_50Frms.264/h264enc.js:1031:11)
    at abortOnCannotGrowMemory (/home/test/workspace/openh264/test/encoder_binary_comparison/AllTestData/Adobe_PDF_sample_a_1024x768_50Frms.264/h264enc.js:4914:7)
    at _emscripten_resize_heap (/home/test/workspace/openh264/test/encoder_binary_comparison/AllTestData/Adobe_PDF_sample_a_1024x768_50Frms.264/h264enc.js:4919:7)
    at wasm://wasm/00265406:wasm-function[1133]:0x705f0
    at wasm://wasm/00265406:wasm-function[1121]:0x6e28d
    at wasm://wasm/00265406:wasm-function[775]:0x60eb2
    at wasm://wasm/00265406:wasm-function[357]:0x2e8f3
    at wasm://wasm/00265406:wasm-function[363]:0x2f261
    at wasm://wasm/00265406:wasm-function[555]:0x407f3
    at wasm://wasm/00265406:wasm-function[554]:0x405bd   [0m
[31m    Failed! Adobe_PDF_sample_a_1024x768_50Frms.264_x.yuv Case Index 498:SHA-1(Current--Benchmark): NULL-----8c6d64629262ce949b7f3139dc1b1f37147ef1d8  [0m
[31m            ----YUVSHA1:  NULL,  9aa9a4d9598eb3e1093311826844f37c43e4c521  [0m
[31m           Aborted(Cannot enlarge memory arrays to size 19111936 bytes (OOM). Either (1) compile with -sINITIAL_MEMORY=X with X higher than the current value 16777216, (2) compile with -sALLOW_MEMORY_GROWTH which allows increasing the size at runtime, or (3) if you want malloc to return NULL (0) instead of this abort, compile with -sABORTING_MALLOC=0)
/home/test/workspace/openh264/test/encoder_binary_comparison/AllTestData/Adobe_PDF_sample_a_1024x768_50Frms.264/h264enc.js:167
      throw ex;
      ^

RuntimeError: Aborted(Cannot enlarge memory arrays to size 19111936 bytes (OOM). Either (1) compile with -sINITIAL_MEMORY=X with X higher than the current value 16777216, (2) compile with -sALLOW_MEMORY_GROWTH which allows increasing the size at runtime, or (3) if you want malloc to return NULL (0) instead of this abort, compile with -sABORTING_MALLOC=0)
    at abort (/home/test/workspace/openh264/test/encoder_binary_comparison/AllTestData/Adobe_PDF_sample_a_1024x768_50Frms.264/h264enc.js:1031:11)
    at abortOnCannotGrowMemory (/home/test/workspace/openh264/test/encoder_binary_comparison/AllTestData/Adobe_PDF_sample_a_1024x768_50Frms.264/h264enc.js:4914:7)
    at _emscripten_resize_heap (/home/test/workspace/openh264/test/encoder_binary_comparison/AllTestData/Adobe_PDF_sample_a_1024x768_50Frms.264/h264enc.js:4919:7)
    at wasm://wasm/00265406:wasm-function[1133]:0x705f0
    at wasm://wasm/00265406:wasm-function[1121]:0x6e28d
    at wasm://wasm/00265406:wasm-function[775]:0x60eb2
    at wasm://wasm/00265406:wasm-function[357]:0x2e8f3
    at wasm://wasm/00265406:wasm-function[363]:0x2f261
    at wasm://wasm/00265406:wasm-function[555]:0x407f3
    at wasm://wasm/00265406:wasm-function[554]:0x405bd   [0m
[31m    Failed! Adobe_PDF_sample_a_1024x768_50Frms.264_x.yuv Case Index 499:SHA-1(Current--Benchmark): NULL-----8c6d64629262ce949b7f3139dc1b1f37147ef1d8  [0m
[31m            ----YUVSHA1:  NULL,  9aa9a4d9598eb3e1093311826844f37c43e4c521  [0m
[31m           Aborted(Cannot enlarge memory arrays to size 19111936 bytes (OOM). Either (1) compile with -sINITIAL_MEMORY=X with X higher than the current value 16777216, (2) compile with -sALLOW_MEMORY_GROWTH which allows increasing the size at runtime, or (3) if you want malloc to return NULL (0) instead of this abort, compile with -sABORTING_MALLOC=0)
/home/test/workspace/openh264/test/encoder_binary_comparison/AllTestData/Adobe_PDF_sample_a_1024x768_50Frms.264/h264enc.js:167
      throw ex;
      ^

RuntimeError: Aborted(Cannot enlarge memory arrays to size 19111936 bytes (OOM). Either (1) compile with -sINITIAL_MEMORY=X with X higher than the current value 16777216, (2) compile with -sALLOW_MEMORY_GROWTH which allows increasing the size at runtime, or (3) if you want malloc to return NULL (0) instead of this abort, compile with -sABORTING_MALLOC=0)
    at abort (/home/test/workspace/openh264/test/encoder_binary_comparison/AllTestData/Adobe_PDF_sample_a_1024x768_50Frms.264/h264enc.js:1031:11)
    at abortOnCannotGrowMemory (/home/test/workspace/openh264/test/encoder_binary_comparison/AllTestData/Adobe_PDF_sample_a_1024x768_50Frms.264/h264enc.js:4914:7)
    at _emscripten_resize_heap (/home/test/workspace/openh264/test/encoder_binary_comparison/AllTestData/Adobe_PDF_sample_a_1024x768_50Frms.264/h264enc.js:4919:7)
    at wasm://wasm/00265406:wasm-function[1133]:0x705f0
    at wasm://wasm/00265406:wasm-function[1121]:0x6e28d
    at wasm://wasm/00265406:wasm-function[775]:0x60eb2
    at wasm://wasm/00265406:wasm-function[357]:0x2e8f3
    at wasm://wasm/00265406:wasm-function[363]:0x2f261
    at wasm://wasm/00265406:wasm-function[555]:0x407f3
    at wasm://wasm/00265406:wasm-function[554]:0x405bd   [0m
[31m    Failed! Adobe_PDF_sample_a_1024x768_50Frms.264_x.yuv Case Index 500:SHA-1(Current--Benchmark): NULL-----8c6d64629262ce949b7f3139dc1b1f37147ef1d8  [0m
[31m            ----YUVSHA1:  NULL,  9aa9a4d9598eb3e1093311826844f37c43e4c521  [0m
[31m           Aborted(Cannot enlarge memory arrays to size 19111936 bytes (OOM). Either (1) compile with -sINITIAL_MEMORY=X with X higher than the current value 16777216, (2) compile with -sALLOW_MEMORY_GROWTH which allows increasing the size at runtime, or (3) if you want malloc to return NULL (0) instead of this abort, compile with -sABORTING_MALLOC=0)
/home/test/workspace/openh264/test/encoder_binary_comparison/AllTestData/Adobe_PDF_sample_a_1024x768_50Frms.264/h264enc.js:167
      throw ex;
      ^

RuntimeError: Aborted(Cannot enlarge memory arrays to size 19111936 bytes (OOM). Either (1) compile with -sINITIAL_MEMORY=X with X higher than the current value 16777216, (2) compile with -sALLOW_MEMORY_GROWTH which allows increasing the size at runtime, or (3) if you want malloc to return NULL (0) instead of this abort, compile with -sABORTING_MALLOC=0)
    at abort (/home/test/workspace/openh264/test/encoder_binary_comparison/AllTestData/Adobe_PDF_sample_a_1024x768_50Frms.264/h264enc.js:1031:11)
    at abortOnCannotGrowMemory (/home/test/workspace/openh264/test/encoder_binary_comparison/AllTestData/Adobe_PDF_sample_a_1024x768_50Frms.264/h264enc.js:4914:7)
    at _emscripten_resize_heap (/home/test/workspace/openh264/test/encoder_binary_comparison/AllTestData/Adobe_PDF_sample_a_1024x768_50Frms.264/h264enc.js:4919:7)
    at wasm://wasm/00265406:wasm-function[1133]:0x705f0
    at wasm://wasm/00265406:wasm-function[1121]:0x6e28d
    at wasm://wasm/00265406:wasm-function[775]:0x60eb2
    at wasm://wasm/00265406:wasm-function[357]:0x2e8f3
    at wasm://wasm/00265406:wasm-function[363]:0x2f261
    at wasm://wasm/00265406:wasm-function[555]:0x407f3
    at wasm://wasm/00265406:wasm-function[554]:0x405bd   [0m
[31m    Failed! Adobe_PDF_sample_a_1024x768_50Frms.264_x.yuv Case Index 501:SHA-1(Current--Benchmark): NULL-----8c6d64629262ce949b7f3139dc1b1f37147ef1d8  [0m
[31m            ----YUVSHA1:  NULL,  9aa9a4d9598eb3e1093311826844f37c43e4c521  [0m
[31m           Aborted(Cannot enlarge memory arrays to size 19111936 bytes (OOM). Either (1) compile with -sINITIAL_MEMORY=X with X higher than the current value 16777216, (2) compile with -sALLOW_MEMORY_GROWTH which allows increasing the size at runtime, or (3) if you want malloc to return NULL (0) instead of this abort, compile with -sABORTING_MALLOC=0)
/home/test/workspace/openh264/test/encoder_binary_comparison/AllTestData/Adobe_PDF_sample_a_1024x768_50Frms.264/h264enc.js:167
      throw ex;
      ^

RuntimeError: Aborted(Cannot enlarge memory arrays to size 19111936 bytes (OOM). Either (1) compile with -sINITIAL_MEMORY=X with X higher than the current value 16777216, (2) compile with -sALLOW_MEMORY_GROWTH which allows increasing the size at runtime, or (3) if you want malloc to return NULL (0) instead of this abort, compile with -sABORTING_MALLOC=0)
    at abort (/home/test/workspace/openh264/test/encoder_binary_comparison/AllTestData/Adobe_PDF_sample_a_1024x768_50Frms.264/h264enc.js:1031:11)
    at abortOnCannotGrowMemory (/home/test/workspace/openh264/test/encoder_binary_comparison/AllTestData/Adobe_PDF_sample_a_1024x768_50Frms.264/h264enc.js:4914:7)
    at _emscripten_resize_heap (/home/test/workspace/openh264/test/encoder_binary_comparison/AllTestData/Adobe_PDF_sample_a_1024x768_50Frms.264/h264enc.js:4919:7)
    at wasm://wasm/00265406:wasm-function[1133]:0x705f0
    at wasm://wasm/00265406:wasm-function[1121]:0x6e28d
    at wasm://wasm/00265406:wasm-function[775]:0x60eb2
    at wasm://wasm/00265406:wasm-function[357]:0x2e8f3
    at wasm://wasm/00265406:wasm-function[363]:0x2f261
    at wasm://wasm/00265406:wasm-function[555]:0x407f3
    at wasm://wasm/00265406:wasm-function[554]:0x405bd   [0m
[31m    Failed! Adobe_PDF_sample_a_1024x768_50Frms.264_x.yuv Case Index 502:SHA-1(Current--Benchmark): NULL-----8c6d64629262ce949b7f3139dc1b1f37147ef1d8  [0m
[31m            ----YUVSHA1:  NULL,  9aa9a4d9598eb3e1093311826844f37c43e4c521  [0m
[31m           Aborted(Cannot enlarge memory arrays to size 19111936 bytes (OOM). Either (1) compile with -sINITIAL_MEMORY=X with X higher than the current value 16777216, (2) compile with -sALLOW_MEMORY_GROWTH which allows increasing the size at runtime, or (3) if you want malloc to return NULL (0) instead of this abort, compile with -sABORTING_MALLOC=0)
/home/test/workspace/openh264/test/encoder_binary_comparison/AllTestData/Adobe_PDF_sample_a_1024x768_50Frms.264/h264enc.js:167
      throw ex;
      ^

RuntimeError: Aborted(Cannot enlarge memory arrays to size 19111936 bytes (OOM). Either (1) compile with -sINITIAL_MEMORY=X with X higher than the current value 16777216, (2) compile with -sALLOW_MEMORY_GROWTH which allows increasing the size at runtime, or (3) if you want malloc to return NULL (0) instead of this abort, compile with -sABORTING_MALLOC=0)
    at abort (/home/test/workspace/openh264/test/encoder_binary_comparison/AllTestData/Adobe_PDF_sample_a_1024x768_50Frms.264/h264enc.js:1031:11)
    at abortOnCannotGrowMemory (/home/test/workspace/openh264/test/encoder_binary_comparison/AllTestData/Adobe_PDF_sample_a_1024x768_50Frms.264/h264enc.js:4914:7)
    at _emscripten_resize_heap (/home/test/workspace/openh264/test/encoder_binary_comparison/AllTestData/Adobe_PDF_sample_a_1024x768_50Frms.264/h264enc.js:4919:7)
    at wasm://wasm/00265406:wasm-function[1133]:0x705f0
    at wasm://wasm/00265406:wasm-function[1121]:0x6e28d
    at wasm://wasm/00265406:wasm-function[775]:0x60eb2
    at wasm://wasm/00265406:wasm-function[357]:0x2e8f3
    at wasm://wasm/00265406:wasm-function[363]:0x2f261
    at wasm://wasm/00265406:wasm-function[555]:0x407f3
    at wasm://wasm/00265406:wasm-function[554]:0x405bd   [0m
[31m    Failed! Adobe_PDF_sample_a_1024x768_50Frms.264_x.yuv Case Index 503:SHA-1(Current--Benchmark): NULL-----8c6d64629262ce949b7f3139dc1b1f37147ef1d8  [0m
[31m            ----YUVSHA1:  NULL,  9aa9a4d9598eb3e1093311826844f37c43e4c521  [0m
[31m           Aborted(Cannot enlarge memory arrays to size 19111936 bytes (OOM). Either (1) compile with -sINITIAL_MEMORY=X with X higher than the current value 16777216, (2) compile with -sALLOW_MEMORY_GROWTH which allows increasing the size at runtime, or (3) if you want malloc to return NULL (0) instead of this abort, compile with -sABORTING_MALLOC=0)
/home/test/workspace/openh264/test/encoder_binary_comparison/AllTestData/Adobe_PDF_sample_a_1024x768_50Frms.264/h264enc.js:167
      throw ex;
      ^

RuntimeError: Aborted(Cannot enlarge memory arrays to size 19111936 bytes (OOM). Either (1) compile with -sINITIAL_MEMORY=X with X higher than the current value 16777216, (2) compile with -sALLOW_MEMORY_GROWTH which allows increasing the size at runtime, or (3) if you want malloc to return NULL (0) instead of this abort, compile with -sABORTING_MALLOC=0)
    at abort (/home/test/workspace/openh264/test/encoder_binary_comparison/AllTestData/Adobe_PDF_sample_a_1024x768_50Frms.264/h264enc.js:1031:11)
    at abortOnCannotGrowMemory (/home/test/workspace/openh264/test/encoder_binary_comparison/AllTestData/Adobe_PDF_sample_a_1024x768_50Frms.264/h264enc.js:4914:7)
    at _emscripten_resize_heap (/home/test/workspace/openh264/test/encoder_binary_comparison/AllTestData/Adobe_PDF_sample_a_1024x768_50Frms.264/h264enc.js:4919:7)
    at wasm://wasm/00265406:wasm-function[1133]:0x705f0
    at wasm://wasm/00265406:wasm-function[1121]:0x6e28d
    at wasm://wasm/00265406:wasm-function[775]:0x60eb2
    at wasm://wasm/00265406:wasm-function[357]:0x2e8f3
    at wasm://wasm/00265406:wasm-function[363]:0x2f261
    at wasm://wasm/00265406:wasm-function[555]:0x407f3
    at wasm://wasm/00265406:wasm-function[554]:0x405bd   [0m
[31m    Failed! Adobe_PDF_sample_a_1024x768_50Frms.264_x.yuv Case Index 504:SHA-1(Current--Benchmark): NULL-----8c6d64629262ce949b7f3139dc1b1f37147ef1d8  [0m
[31m            ----YUVSHA1:  NULL,  9aa9a4d9598eb3e1093311826844f37c43e4c521  [0m
[31m           Aborted(Cannot enlarge memory arrays to size 19111936 bytes (OOM). Either (1) compile with -sINITIAL_MEMORY=X with X higher than the current value 16777216, (2) compile with -sALLOW_MEMORY_GROWTH which allows increasing the size at runtime, or (3) if you want malloc to return NULL (0) instead of this abort, compile with -sABORTING_MALLOC=0)
/home/test/workspace/openh264/test/encoder_binary_comparison/AllTestData/Adobe_PDF_sample_a_1024x768_50Frms.264/h264enc.js:167
      throw ex;
      ^

RuntimeError: Aborted(Cannot enlarge memory arrays to size 19111936 bytes (OOM). Either (1) compile with -sINITIAL_MEMORY=X with X higher than the current value 16777216, (2) compile with -sALLOW_MEMORY_GROWTH which allows increasing the size at runtime, or (3) if you want malloc to return NULL (0) instead of this abort, compile with -sABORTING_MALLOC=0)
    at abort (/home/test/workspace/openh264/test/encoder_binary_comparison/AllTestData/Adobe_PDF_sample_a_1024x768_50Frms.264/h264enc.js:1031:11)
    at abortOnCannotGrowMemory (/home/test/workspace/openh264/test/encoder_binary_comparison/AllTestData/Adobe_PDF_sample_a_1024x768_50Frms.264/h264enc.js:4914:7)
    at _emscripten_resize_heap (/home/test/workspace/openh264/test/encoder_binary_comparison/AllTestData/Adobe_PDF_sample_a_1024x768_50Frms.264/h264enc.js:4919:7)
    at wasm://wasm/00265406:wasm-function[1133]:0x705f0
    at wasm://wasm/00265406:wasm-function[1121]:0x6e28d
    at wasm://wasm/00265406:wasm-function[775]:0x60eb2
    at wasm://wasm/00265406:wasm-function[357]:0x2e8f3
    at wasm://wasm/00265406:wasm-function[363]:0x2f261
    at wasm://wasm/00265406:wasm-function[555]:0x407f3
    at wasm://wasm/00265406:wasm-function[554]:0x405bd   [0m
[31m    Failed! Adobe_PDF_sample_a_1024x768_50Frms.264_x.yuv Case Index 505:SHA-1(Current--Benchmark): NULL-----8c6d64629262ce949b7f3139dc1b1f37147ef1d8  [0m
[31m            ----YUVSHA1:  NULL,  9aa9a4d9598eb3e1093311826844f37c43e4c521  [0m
[31m           Aborted(Cannot enlarge memory arrays to size 19111936 bytes (OOM). Either (1) compile with -sINITIAL_MEMORY=X with X higher than the current value 16777216, (2) compile with -sALLOW_MEMORY_GROWTH which allows increasing the size at runtime, or (3) if you want malloc to return NULL (0) instead of this abort, compile with -sABORTING_MALLOC=0)
/home/test/workspace/openh264/test/encoder_binary_comparison/AllTestData/Adobe_PDF_sample_a_1024x768_50Frms.264/h264enc.js:167
      throw ex;
      ^

RuntimeError: Aborted(Cannot enlarge memory arrays to size 19111936 bytes (OOM). Either (1) compile with -sINITIAL_MEMORY=X with X higher than the current value 16777216, (2) compile with -sALLOW_MEMORY_GROWTH which allows increasing the size at runtime, or (3) if you want malloc to return NULL (0) instead of this abort, compile with -sABORTING_MALLOC=0)
    at abort (/home/test/workspace/openh264/test/encoder_binary_comparison/AllTestData/Adobe_PDF_sample_a_1024x768_50Frms.264/h264enc.js:1031:11)
    at abortOnCannotGrowMemory (/home/test/workspace/openh264/test/encoder_binary_comparison/AllTestData/Adobe_PDF_sample_a_1024x768_50Frms.264/h264enc.js:4914:7)
    at _emscripten_resize_heap (/home/test/workspace/openh264/test/encoder_binary_comparison/AllTestData/Adobe_PDF_sample_a_1024x768_50Frms.264/h264enc.js:4919:7)
    at wasm://wasm/00265406:wasm-function[1133]:0x705f0
    at wasm://wasm/00265406:wasm-function[1121]:0x6e28d
    at wasm://wasm/00265406:wasm-function[775]:0x60eb2
    at wasm://wasm/00265406:wasm-function[357]:0x2e8f3
    at wasm://wasm/00265406:wasm-function[363]:0x2f261
    at wasm://wasm/00265406:wasm-function[555]:0x407f3
    at wasm://wasm/00265406:wasm-function[554]:0x405bd   [0m
[31m    Failed! Adobe_PDF_sample_a_1024x768_50Frms.264_x.yuv Case Index 506:SHA-1(Current--Benchmark): NULL-----8c6d64629262ce949b7f3139dc1b1f37147ef1d8  [0m
[31m            ----YUVSHA1:  NULL,  9aa9a4d9598eb3e1093311826844f37c43e4c521  [0m
[31m           Aborted(Cannot enlarge memory arrays to size 19111936 bytes (OOM). Either (1) compile with -sINITIAL_MEMORY=X with X higher than the current value 16777216, (2) compile with -sALLOW_MEMORY_GROWTH which allows increasing the size at runtime, or (3) if you want malloc to return NULL (0) instead of this abort, compile with -sABORTING_MALLOC=0)
/home/test/workspace/openh264/test/encoder_binary_comparison/AllTestData/Adobe_PDF_sample_a_1024x768_50Frms.264/h264enc.js:167
      throw ex;
      ^

RuntimeError: Aborted(Cannot enlarge memory arrays to size 19111936 bytes (OOM). Either (1) compile with -sINITIAL_MEMORY=X with X higher than the current value 16777216, (2) compile with -sALLOW_MEMORY_GROWTH which allows increasing the size at runtime, or (3) if you want malloc to return NULL (0) instead of this abort, compile with -sABORTING_MALLOC=0)
    at abort (/home/test/workspace/openh264/test/encoder_binary_comparison/AllTestData/Adobe_PDF_sample_a_1024x768_50Frms.264/h264enc.js:1031:11)
    at abortOnCannotGrowMemory (/home/test/workspace/openh264/test/encoder_binary_comparison/AllTestData/Adobe_PDF_sample_a_1024x768_50Frms.264/h264enc.js:4914:7)
    at _emscripten_resize_heap (/home/test/workspace/openh264/test/encoder_binary_comparison/AllTestData/Adobe_PDF_sample_a_1024x768_50Frms.264/h264enc.js:4919:7)
    at wasm://wasm/00265406:wasm-function[1133]:0x705f0
    at wasm://wasm/00265406:wasm-function[1121]:0x6e28d
    at wasm://wasm/00265406:wasm-function[775]:0x60eb2
    at wasm://wasm/00265406:wasm-function[357]:0x2e8f3
    at wasm://wasm/00265406:wasm-function[363]:0x2f261
    at wasm://wasm/00265406:wasm-function[555]:0x407f3
    at wasm://wasm/00265406:wasm-function[554]:0x405bd   [0m
[31m    Failed! Adobe_PDF_sample_a_1024x768_50Frms.264_x.yuv Case Index 507:SHA-1(Current--Benchmark): NULL-----8c6d64629262ce949b7f3139dc1b1f37147ef1d8  [0m
[31m            ----YUVSHA1:  NULL,  9aa9a4d9598eb3e1093311826844f37c43e4c521  [0m
[31m           Aborted(Cannot enlarge memory arrays to size 19111936 bytes (OOM). Either (1) compile with -sINITIAL_MEMORY=X with X higher than the current value 16777216, (2) compile with -sALLOW_MEMORY_GROWTH which allows increasing the size at runtime, or (3) if you want malloc to return NULL (0) instead of this abort, compile with -sABORTING_MALLOC=0)
/home/test/workspace/openh264/test/encoder_binary_comparison/AllTestData/Adobe_PDF_sample_a_1024x768_50Frms.264/h264enc.js:167
      throw ex;
      ^

RuntimeError: Aborted(Cannot enlarge memory arrays to size 19111936 bytes (OOM). Either (1) compile with -sINITIAL_MEMORY=X with X higher than the current value 16777216, (2) compile with -sALLOW_MEMORY_GROWTH which allows increasing the size at runtime, or (3) if you want malloc to return NULL (0) instead of this abort, compile with -sABORTING_MALLOC=0)
    at abort (/home/test/workspace/openh264/test/encoder_binary_comparison/AllTestData/Adobe_PDF_sample_a_1024x768_50Frms.264/h264enc.js:1031:11)
    at abortOnCannotGrowMemory (/home/test/workspace/openh264/test/encoder_binary_comparison/AllTestData/Adobe_PDF_sample_a_1024x768_50Frms.264/h264enc.js:4914:7)
    at _emscripten_resize_heap (/home/test/workspace/openh264/test/encoder_binary_comparison/AllTestData/Adobe_PDF_sample_a_1024x768_50Frms.264/h264enc.js:4919:7)
    at wasm://wasm/00265406:wasm-function[1133]:0x705f0
    at wasm://wasm/00265406:wasm-function[1121]:0x6e28d
    at wasm://wasm/00265406:wasm-function[775]:0x60eb2
    at wasm://wasm/00265406:wasm-function[357]:0x2e8f3
    at wasm://wasm/00265406:wasm-function[363]:0x2f261
    at wasm://wasm/00265406:wasm-function[555]:0x407f3
    at wasm://wasm/00265406:wasm-function[554]:0x405bd   [0m
[31m    Failed! Adobe_PDF_sample_a_1024x768_50Frms.264_x.yuv Case Index 508:SHA-1(Current--Benchmark): NULL-----8c6d64629262ce949b7f3139dc1b1f37147ef1d8  [0m
[31m            ----YUVSHA1:  NULL,  9aa9a4d9598eb3e1093311826844f37c43e4c521  [0m
[31m           Aborted(Cannot enlarge memory arrays to size 19111936 bytes (OOM). Either (1) compile with -sINITIAL_MEMORY=X with X higher than the current value 16777216, (2) compile with -sALLOW_MEMORY_GROWTH which allows increasing the size at runtime, or (3) if you want malloc to return NULL (0) instead of this abort, compile with -sABORTING_MALLOC=0)
/home/test/workspace/openh264/test/encoder_binary_comparison/AllTestData/Adobe_PDF_sample_a_1024x768_50Frms.264/h264enc.js:167
      throw ex;
      ^

RuntimeError: Aborted(Cannot enlarge memory arrays to size 19111936 bytes (OOM). Either (1) compile with -sINITIAL_MEMORY=X with X higher than the current value 16777216, (2) compile with -sALLOW_MEMORY_GROWTH which allows increasing the size at runtime, or (3) if you want malloc to return NULL (0) instead of this abort, compile with -sABORTING_MALLOC=0)
    at abort (/home/test/workspace/openh264/test/encoder_binary_comparison/AllTestData/Adobe_PDF_sample_a_1024x768_50Frms.264/h264enc.js:1031:11)
    at abortOnCannotGrowMemory (/home/test/workspace/openh264/test/encoder_binary_comparison/AllTestData/Adobe_PDF_sample_a_1024x768_50Frms.264/h264enc.js:4914:7)
    at _emscripten_resize_heap (/home/test/workspace/openh264/test/encoder_binary_comparison/AllTestData/Adobe_PDF_sample_a_1024x768_50Frms.264/h264enc.js:4919:7)
    at wasm://wasm/00265406:wasm-function[1133]:0x705f0
    at wasm://wasm/00265406:wasm-function[1121]:0x6e28d
    at wasm://wasm/00265406:wasm-function[775]:0x60eb2
    at wasm://wasm/00265406:wasm-function[357]:0x2e8f3
    at wasm://wasm/00265406:wasm-function[363]:0x2f261
    at wasm://wasm/00265406:wasm-function[555]:0x407f3
    at wasm://wasm/00265406:wasm-function[554]:0x405bd   [0m
[31m    Failed! Adobe_PDF_sample_a_1024x768_50Frms.264_x.yuv Case Index 509:SHA-1(Current--Benchmark): NULL-----8c6d64629262ce949b7f3139dc1b1f37147ef1d8  [0m
[31m            ----YUVSHA1:  NULL,  9aa9a4d9598eb3e1093311826844f37c43e4c521  [0m
[31m           Aborted(Cannot enlarge memory arrays to size 19111936 bytes (OOM). Either (1) compile with -sINITIAL_MEMORY=X with X higher than the current value 16777216, (2) compile with -sALLOW_MEMORY_GROWTH which allows increasing the size at runtime, or (3) if you want malloc to return NULL (0) instead of this abort, compile with -sABORTING_MALLOC=0)
/home/test/workspace/openh264/test/encoder_binary_comparison/AllTestData/Adobe_PDF_sample_a_1024x768_50Frms.264/h264enc.js:167
      throw ex;
      ^

RuntimeError: Aborted(Cannot enlarge memory arrays to size 19111936 bytes (OOM). Either (1) compile with -sINITIAL_MEMORY=X with X higher than the current value 16777216, (2) compile with -sALLOW_MEMORY_GROWTH which allows increasing the size at runtime, or (3) if you want malloc to return NULL (0) instead of this abort, compile with -sABORTING_MALLOC=0)
    at abort (/home/test/workspace/openh264/test/encoder_binary_comparison/AllTestData/Adobe_PDF_sample_a_1024x768_50Frms.264/h264enc.js:1031:11)
    at abortOnCannotGrowMemory (/home/test/workspace/openh264/test/encoder_binary_comparison/AllTestData/Adobe_PDF_sample_a_1024x768_50Frms.264/h264enc.js:4914:7)
    at _emscripten_resize_heap (/home/test/workspace/openh264/test/encoder_binary_comparison/AllTestData/Adobe_PDF_sample_a_1024x768_50Frms.264/h264enc.js:4919:7)
    at wasm://wasm/00265406:wasm-function[1133]:0x705f0
    at wasm://wasm/00265406:wasm-function[1121]:0x6e28d
    at wasm://wasm/00265406:wasm-function[775]:0x60eb2
    at wasm://wasm/00265406:wasm-function[357]:0x2e8f3
    at wasm://wasm/00265406:wasm-function[363]:0x2f261
    at wasm://wasm/00265406:wasm-function[555]:0x407f3
    at wasm://wasm/00265406:wasm-function[554]:0x405bd   [0m
[31m    Failed! Adobe_PDF_sample_a_1024x768_50Frms.264_x.yuv Case Index 510:SHA-1(Current--Benchmark): NULL-----8c6d64629262ce949b7f3139dc1b1f37147ef1d8  [0m
[31m            ----YUVSHA1:  NULL,  9aa9a4d9598eb3e1093311826844f37c43e4c521  [0m
[31m           Aborted(Cannot enlarge memory arrays to size 19111936 bytes (OOM). Either (1) compile with -sINITIAL_MEMORY=X with X higher than the current value 16777216, (2) compile with -sALLOW_MEMORY_GROWTH which allows increasing the size at runtime, or (3) if you want malloc to return NULL (0) instead of this abort, compile with -sABORTING_MALLOC=0)
/home/test/workspace/openh264/test/encoder_binary_comparison/AllTestData/Adobe_PDF_sample_a_1024x768_50Frms.264/h264enc.js:167
      throw ex;
      ^

RuntimeError: Aborted(Cannot enlarge memory arrays to size 19111936 bytes (OOM). Either (1) compile with -sINITIAL_MEMORY=X with X higher than the current value 16777216, (2) compile with -sALLOW_MEMORY_GROWTH which allows increasing the size at runtime, or (3) if you want malloc to return NULL (0) instead of this abort, compile with -sABORTING_MALLOC=0)
    at abort (/home/test/workspace/openh264/test/encoder_binary_comparison/AllTestData/Adobe_PDF_sample_a_1024x768_50Frms.264/h264enc.js:1031:11)
    at abortOnCannotGrowMemory (/home/test/workspace/openh264/test/encoder_binary_comparison/AllTestData/Adobe_PDF_sample_a_1024x768_50Frms.264/h264enc.js:4914:7)
    at _emscripten_resize_heap (/home/test/workspace/openh264/test/encoder_binary_comparison/AllTestData/Adobe_PDF_sample_a_1024x768_50Frms.264/h264enc.js:4919:7)
    at wasm://wasm/00265406:wasm-function[1133]:0x705f0
    at wasm://wasm/00265406:wasm-function[1121]:0x6e28d
    at wasm://wasm/00265406:wasm-function[775]:0x60eb2
    at wasm://wasm/00265406:wasm-function[357]:0x2e8f3
    at wasm://wasm/00265406:wasm-function[363]:0x2f261
    at wasm://wasm/00265406:wasm-function[555]:0x407f3
    at wasm://wasm/00265406:wasm-function[554]:0x405bd   [0m
[31m    Failed! Adobe_PDF_sample_a_1024x768_50Frms.264_x.yuv Case Index 511:SHA-1(Current--Benchmark): NULL-----8c6d64629262ce949b7f3139dc1b1f37147ef1d8  [0m
[31m            ----YUVSHA1:  NULL,  9aa9a4d9598eb3e1093311826844f37c43e4c521  [0m
[31m           Aborted(Cannot enlarge memory arrays to size 19111936 bytes (OOM). Either (1) compile with -sINITIAL_MEMORY=X with X higher than the current value 16777216, (2) compile with -sALLOW_MEMORY_GROWTH which allows increasing the size at runtime, or (3) if you want malloc to return NULL (0) instead of this abort, compile with -sABORTING_MALLOC=0)
/home/test/workspace/openh264/test/encoder_binary_comparison/AllTestData/Adobe_PDF_sample_a_1024x768_50Frms.264/h264enc.js:167
      throw ex;
      ^

RuntimeError: Aborted(Cannot enlarge memory arrays to size 19111936 bytes (OOM). Either (1) compile with -sINITIAL_MEMORY=X with X higher than the current value 16777216, (2) compile with -sALLOW_MEMORY_GROWTH which allows increasing the size at runtime, or (3) if you want malloc to return NULL (0) instead of this abort, compile with -sABORTING_MALLOC=0)
    at abort (/home/test/workspace/openh264/test/encoder_binary_comparison/AllTestData/Adobe_PDF_sample_a_1024x768_50Frms.264/h264enc.js:1031:11)
    at abortOnCannotGrowMemory (/home/test/workspace/openh264/test/encoder_binary_comparison/AllTestData/Adobe_PDF_sample_a_1024x768_50Frms.264/h264enc.js:4914:7)
    at _emscripten_resize_heap (/home/test/workspace/openh264/test/encoder_binary_comparison/AllTestData/Adobe_PDF_sample_a_1024x768_50Frms.264/h264enc.js:4919:7)
    at wasm://wasm/00265406:wasm-function[1133]:0x705f0
    at wasm://wasm/00265406:wasm-function[1121]:0x6e28d
    at wasm://wasm/00265406:wasm-function[775]:0x60eb2
    at wasm://wasm/00265406:wasm-function[357]:0x2e8f3
    at wasm://wasm/00265406:wasm-function[363]:0x2f261
    at wasm://wasm/00265406:wasm-function[555]:0x407f3
    at wasm://wasm/00265406:wasm-function[554]:0x405bd   [0m
[31m    Failed! Adobe_PDF_sample_a_1024x768_50Frms.264_x.yuv Case Index 512:SHA-1(Current--Benchmark): NULL-----9cfbd45e20bed343a0ca72542ef648e204051a2f  [0m
[31m            ----YUVSHA1:  NULL,  9aa9a4d9598eb3e1093311826844f37c43e4c521  [0m
[31m           [OpenH264] this = 0x0x514070, Error:ParamValidationExt(), WARNING: GOM based RC do not support SM_RASTER_SLICE!
Aborted(Cannot enlarge memory arrays to size 19111936 bytes (OOM). Either (1) compile with -sINITIAL_MEMORY=X with X higher than the current value 16777216, (2) compile with -sALLOW_MEMORY_GROWTH which allows increasing the size at runtime, or (3) if you want malloc to return NULL (0) instead of this abort, compile with -sABORTING_MALLOC=0)
/home/test/workspace/openh264/test/encoder_binary_comparison/AllTestData/Adobe_PDF_sample_a_1024x768_50Frms.264/h264enc.js:167
      throw ex;
      ^

RuntimeError: Aborted(Cannot enlarge memory arrays to size 19111936 bytes (OOM). Either (1) compile with -sINITIAL_MEMORY=X with X higher than the current value 16777216, (2) compile with -sALLOW_MEMORY_GROWTH which allows increasing the size at runtime, or (3) if you want malloc to return NULL (0) instead of this abort, compile with -sABORTING_MALLOC=0)
    at abort (/home/test/workspace/openh264/test/encoder_binary_comparison/AllTestData/Adobe_PDF_sample_a_1024x768_50Frms.264/h264enc.js:1031:11)
    at abortOnCannotGrowMemory (/home/test/workspace/openh264/test/encoder_binary_comparison/AllTestData/Adobe_PDF_sample_a_1024x768_50Frms.264/h264enc.js:4914:7)
    at _emscripten_resize_heap (/home/test/workspace/openh264/test/encoder_binary_comparison/AllTestData/Adobe_PDF_sample_a_1024x768_50Frms.264/h264enc.js:4919:7)
    at wasm://wasm/00265406:wasm-function[1133]:0x705f0
    at wasm://wasm/00265406:wasm-function[1121]:0x6e28d
    at wasm://wasm/00265406:wasm-function[775]:0x60eb2
    at wasm://wasm/00265406:wasm-function[357]:0x2e8f3
    at wasm://wasm/00265406:wasm-function[363]:0x2f261
    at wasm://wasm/00265406:wasm-function[555]:0x407f3
    at wasm://wasm/00265406:wasm-function[554]:0x405bd   [0m
[31m    Failed! Adobe_PDF_sample_a_1024x768_50Frms.264_x.yuv Case Index 513:SHA-1(Current--Benchmark): NULL-----9cfbd45e20bed343a0ca72542ef648e204051a2f  [0m
[31m            ----YUVSHA1:  NULL,  9aa9a4d9598eb3e1093311826844f37c43e4c521  [0m
[31m           [OpenH264] this = 0x0x514070, Error:ParamValidationExt(), WARNING: GOM based RC do not support SM_RASTER_SLICE!
Aborted(Cannot enlarge memory arrays to size 19111936 bytes (OOM). Either (1) compile with -sINITIAL_MEMORY=X with X higher than the current value 16777216, (2) compile with -sALLOW_MEMORY_GROWTH which allows increasing the size at runtime, or (3) if you want malloc to return NULL (0) instead of this abort, compile with -sABORTING_MALLOC=0)
/home/test/workspace/openh264/test/encoder_binary_comparison/AllTestData/Adobe_PDF_sample_a_1024x768_50Frms.264/h264enc.js:167
      throw ex;
      ^

RuntimeError: Aborted(Cannot enlarge memory arrays to size 19111936 bytes (OOM). Either (1) compile with -sINITIAL_MEMORY=X with X higher than the current value 16777216, (2) compile with -sALLOW_MEMORY_GROWTH which allows increasing the size at runtime, or (3) if you want malloc to return NULL (0) instead of this abort, compile with -sABORTING_MALLOC=0)
    at abort (/home/test/workspace/openh264/test/encoder_binary_comparison/AllTestData/Adobe_PDF_sample_a_1024x768_50Frms.264/h264enc.js:1031:11)
    at abortOnCannotGrowMemory (/home/test/workspace/openh264/test/encoder_binary_comparison/AllTestData/Adobe_PDF_sample_a_1024x768_50Frms.264/h264enc.js:4914:7)
    at _emscripten_resize_heap (/home/test/workspace/openh264/test/encoder_binary_comparison/AllTestData/Adobe_PDF_sample_a_1024x768_50Frms.264/h264enc.js:4919:7)
    at wasm://wasm/00265406:wasm-function[1133]:0x705f0
    at wasm://wasm/00265406:wasm-function[1121]:0x6e28d
    at wasm://wasm/00265406:wasm-function[775]:0x60eb2
    at wasm://wasm/00265406:wasm-function[357]:0x2e8f3
    at wasm://wasm/00265406:wasm-function[363]:0x2f261
    at wasm://wasm/00265406:wasm-function[555]:0x407f3
    at wasm://wasm/00265406:wasm-function[554]:0x405bd   [0m
[31m    Failed! Adobe_PDF_sample_a_1024x768_50Frms.264_x.yuv Case Index 514:SHA-1(Current--Benchmark): NULL-----9cfbd45e20bed343a0ca72542ef648e204051a2f  [0m
[31m            ----YUVSHA1:  NULL,  9aa9a4d9598eb3e1093311826844f37c43e4c521  [0m
[31m           [OpenH264] this = 0x0x514070, Error:ParamValidationExt(), WARNING: GOM based RC do not support SM_RASTER_SLICE!
Aborted(Cannot enlarge memory arrays to size 19111936 bytes (OOM). Either (1) compile with -sINITIAL_MEMORY=X with X higher than the current value 16777216, (2) compile with -sALLOW_MEMORY_GROWTH which allows increasing the size at runtime, or (3) if you want malloc to return NULL (0) instead of this abort, compile with -sABORTING_MALLOC=0)
/home/test/workspace/openh264/test/encoder_binary_comparison/AllTestData/Adobe_PDF_sample_a_1024x768_50Frms.264/h264enc.js:167
      throw ex;
      ^

RuntimeError: Aborted(Cannot enlarge memory arrays to size 19111936 bytes (OOM). Either (1) compile with -sINITIAL_MEMORY=X with X higher than the current value 16777216, (2) compile with -sALLOW_MEMORY_GROWTH which allows increasing the size at runtime, or (3) if you want malloc to return NULL (0) instead of this abort, compile with -sABORTING_MALLOC=0)
    at abort (/home/test/workspace/openh264/test/encoder_binary_comparison/AllTestData/Adobe_PDF_sample_a_1024x768_50Frms.264/h264enc.js:1031:11)
    at abortOnCannotGrowMemory (/home/test/workspace/openh264/test/encoder_binary_comparison/AllTestData/Adobe_PDF_sample_a_1024x768_50Frms.264/h264enc.js:4914:7)
    at _emscripten_resize_heap (/home/test/workspace/openh264/test/encoder_binary_comparison/AllTestData/Adobe_PDF_sample_a_1024x768_50Frms.264/h264enc.js:4919:7)
    at wasm://wasm/00265406:wasm-function[1133]:0x705f0
    at wasm://wasm/00265406:wasm-function[1121]:0x6e28d
    at wasm://wasm/00265406:wasm-function[775]:0x60eb2
    at wasm://wasm/00265406:wasm-function[357]:0x2e8f3
    at wasm://wasm/00265406:wasm-function[363]:0x2f261
    at wasm://wasm/00265406:wasm-function[555]:0x407f3
    at wasm://wasm/00265406:wasm-function[554]:0x405bd   [0m
[31m    Failed! Adobe_PDF_sample_a_1024x768_50Frms.264_x.yuv Case Index 515:SHA-1(Current--Benchmark): NULL-----9cfbd45e20bed343a0ca72542ef648e204051a2f  [0m
[31m            ----YUVSHA1:  NULL,  9aa9a4d9598eb3e1093311826844f37c43e4c521  [0m
[31m           [OpenH264] this = 0x0x514070, Error:ParamValidationExt(), WARNING: GOM based RC do not support SM_RASTER_SLICE!
Aborted(Cannot enlarge memory arrays to size 19111936 bytes (OOM). Either (1) compile with -sINITIAL_MEMORY=X with X higher than the current value 16777216, (2) compile with -sALLOW_MEMORY_GROWTH which allows increasing the size at runtime, or (3) if you want malloc to return NULL (0) instead of this abort, compile with -sABORTING_MALLOC=0)
/home/test/workspace/openh264/test/encoder_binary_comparison/AllTestData/Adobe_PDF_sample_a_1024x768_50Frms.264/h264enc.js:167
      throw ex;
      ^

RuntimeError: Aborted(Cannot enlarge memory arrays to size 19111936 bytes (OOM). Either (1) compile with -sINITIAL_MEMORY=X with X higher than the current value 16777216, (2) compile with -sALLOW_MEMORY_GROWTH which allows increasing the size at runtime, or (3) if you want malloc to return NULL (0) instead of this abort, compile with -sABORTING_MALLOC=0)
    at abort (/home/test/workspace/openh264/test/encoder_binary_comparison/AllTestData/Adobe_PDF_sample_a_1024x768_50Frms.264/h264enc.js:1031:11)
    at abortOnCannotGrowMemory (/home/test/workspace/openh264/test/encoder_binary_comparison/AllTestData/Adobe_PDF_sample_a_1024x768_50Frms.264/h264enc.js:4914:7)
    at _emscripten_resize_heap (/home/test/workspace/openh264/test/encoder_binary_comparison/AllTestData/Adobe_PDF_sample_a_1024x768_50Frms.264/h264enc.js:4919:7)
    at wasm://wasm/00265406:wasm-function[1133]:0x705f0
    at wasm://wasm/00265406:wasm-function[1121]:0x6e28d
    at wasm://wasm/00265406:wasm-function[775]:0x60eb2
    at wasm://wasm/00265406:wasm-function[357]:0x2e8f3
    at wasm://wasm/00265406:wasm-function[363]:0x2f261
    at wasm://wasm/00265406:wasm-function[555]:0x407f3
    at wasm://wasm/00265406:wasm-function[554]:0x405bd   [0m
[31m    Failed! Adobe_PDF_sample_a_1024x768_50Frms.264_x.yuv Case Index 516:SHA-1(Current--Benchmark): NULL-----9cfbd45e20bed343a0ca72542ef648e204051a2f  [0m
[31m            ----YUVSHA1:  NULL,  9aa9a4d9598eb3e1093311826844f37c43e4c521  [0m
[31m           [OpenH264] this = 0x0x514070, Error:ParamValidationExt(), WARNING: GOM based RC do not support SM_RASTER_SLICE!
Aborted(Cannot enlarge memory arrays to size 19111936 bytes (OOM). Either (1) compile with -sINITIAL_MEMORY=X with X higher than the current value 16777216, (2) compile with -sALLOW_MEMORY_GROWTH which allows increasing the size at runtime, or (3) if you want malloc to return NULL (0) instead of this abort, compile with -sABORTING_MALLOC=0)
/home/test/workspace/openh264/test/encoder_binary_comparison/AllTestData/Adobe_PDF_sample_a_1024x768_50Frms.264/h264enc.js:167
      throw ex;
      ^

RuntimeError: Aborted(Cannot enlarge memory arrays to size 19111936 bytes (OOM). Either (1) compile with -sINITIAL_MEMORY=X with X higher than the current value 16777216, (2) compile with -sALLOW_MEMORY_GROWTH which allows increasing the size at runtime, or (3) if you want malloc to return NULL (0) instead of this abort, compile with -sABORTING_MALLOC=0)
    at abort (/home/test/workspace/openh264/test/encoder_binary_comparison/AllTestData/Adobe_PDF_sample_a_1024x768_50Frms.264/h264enc.js:1031:11)
    at abortOnCannotGrowMemory (/home/test/workspace/openh264/test/encoder_binary_comparison/AllTestData/Adobe_PDF_sample_a_1024x768_50Frms.264/h264enc.js:4914:7)
    at _emscripten_resize_heap (/home/test/workspace/openh264/test/encoder_binary_comparison/AllTestData/Adobe_PDF_sample_a_1024x768_50Frms.264/h264enc.js:4919:7)
    at wasm://wasm/00265406:wasm-function[1133]:0x705f0
    at wasm://wasm/00265406:wasm-function[1121]:0x6e28d
    at wasm://wasm/00265406:wasm-function[775]:0x60eb2
    at wasm://wasm/00265406:wasm-function[357]:0x2e8f3
    at wasm://wasm/00265406:wasm-function[363]:0x2f261
    at wasm://wasm/00265406:wasm-function[555]:0x407f3
    at wasm://wasm/00265406:wasm-function[554]:0x405bd   [0m
[31m    Failed! Adobe_PDF_sample_a_1024x768_50Frms.264_x.yuv Case Index 517:SHA-1(Current--Benchmark): NULL-----9cfbd45e20bed343a0ca72542ef648e204051a2f  [0m
[31m            ----YUVSHA1:  NULL,  9aa9a4d9598eb3e1093311826844f37c43e4c521  [0m
[31m           [OpenH264] this = 0x0x514070, Error:ParamValidationExt(), WARNING: GOM based RC do not support SM_RASTER_SLICE!
Aborted(Cannot enlarge memory arrays to size 19111936 bytes (OOM). Either (1) compile with -sINITIAL_MEMORY=X with X higher than the current value 16777216, (2) compile with -sALLOW_MEMORY_GROWTH which allows increasing the size at runtime, or (3) if you want malloc to return NULL (0) instead of this abort, compile with -sABORTING_MALLOC=0)
/home/test/workspace/openh264/test/encoder_binary_comparison/AllTestData/Adobe_PDF_sample_a_1024x768_50Frms.264/h264enc.js:167
      throw ex;
      ^

RuntimeError: Aborted(Cannot enlarge memory arrays to size 19111936 bytes (OOM). Either (1) compile with -sINITIAL_MEMORY=X with X higher than the current value 16777216, (2) compile with -sALLOW_MEMORY_GROWTH which allows increasing the size at runtime, or (3) if you want malloc to return NULL (0) instead of this abort, compile with -sABORTING_MALLOC=0)
    at abort (/home/test/workspace/openh264/test/encoder_binary_comparison/AllTestData/Adobe_PDF_sample_a_1024x768_50Frms.264/h264enc.js:1031:11)
    at abortOnCannotGrowMemory (/home/test/workspace/openh264/test/encoder_binary_comparison/AllTestData/Adobe_PDF_sample_a_1024x768_50Frms.264/h264enc.js:4914:7)
    at _emscripten_resize_heap (/home/test/workspace/openh264/test/encoder_binary_comparison/AllTestData/Adobe_PDF_sample_a_1024x768_50Frms.264/h264enc.js:4919:7)
    at wasm://wasm/00265406:wasm-function[1133]:0x705f0
    at wasm://wasm/00265406:wasm-function[1121]:0x6e28d
    at wasm://wasm/00265406:wasm-function[775]:0x60eb2
    at wasm://wasm/00265406:wasm-function[357]:0x2e8f3
    at wasm://wasm/00265406:wasm-function[363]:0x2f261
    at wasm://wasm/00265406:wasm-function[555]:0x407f3
    at wasm://wasm/00265406:wasm-function[554]:0x405bd   [0m
[31m    Failed! Adobe_PDF_sample_a_1024x768_50Frms.264_x.yuv Case Index 518:SHA-1(Current--Benchmark): NULL-----9cfbd45e20bed343a0ca72542ef648e204051a2f  [0m
[31m            ----YUVSHA1:  NULL,  9aa9a4d9598eb3e1093311826844f37c43e4c521  [0m
[31m           [OpenH264] this = 0x0x514070, Error:ParamValidationExt(), WARNING: GOM based RC do not support SM_RASTER_SLICE!
Aborted(Cannot enlarge memory arrays to size 19111936 bytes (OOM). Either (1) compile with -sINITIAL_MEMORY=X with X higher than the current value 16777216, (2) compile with -sALLOW_MEMORY_GROWTH which allows increasing the size at runtime, or (3) if you want malloc to return NULL (0) instead of this abort, compile with -sABORTING_MALLOC=0)
/home/test/workspace/openh264/test/encoder_binary_comparison/AllTestData/Adobe_PDF_sample_a_1024x768_50Frms.264/h264enc.js:167
      throw ex;
      ^

RuntimeError: Aborted(Cannot enlarge memory arrays to size 19111936 bytes (OOM). Either (1) compile with -sINITIAL_MEMORY=X with X higher than the current value 16777216, (2) compile with -sALLOW_MEMORY_GROWTH which allows increasing the size at runtime, or (3) if you want malloc to return NULL (0) instead of this abort, compile with -sABORTING_MALLOC=0)
    at abort (/home/test/workspace/openh264/test/encoder_binary_comparison/AllTestData/Adobe_PDF_sample_a_1024x768_50Frms.264/h264enc.js:1031:11)
    at abortOnCannotGrowMemory (/home/test/workspace/openh264/test/encoder_binary_comparison/AllTestData/Adobe_PDF_sample_a_1024x768_50Frms.264/h264enc.js:4914:7)
    at _emscripten_resize_heap (/home/test/workspace/openh264/test/encoder_binary_comparison/AllTestData/Adobe_PDF_sample_a_1024x768_50Frms.264/h264enc.js:4919:7)
    at wasm://wasm/00265406:wasm-function[1133]:0x705f0
    at wasm://wasm/00265406:wasm-function[1121]:0x6e28d
    at wasm://wasm/00265406:wasm-function[775]:0x60eb2
    at wasm://wasm/00265406:wasm-function[357]:0x2e8f3
    at wasm://wasm/00265406:wasm-function[363]:0x2f261
    at wasm://wasm/00265406:wasm-function[555]:0x407f3
    at wasm://wasm/00265406:wasm-function[554]:0x405bd   [0m
[31m    Failed! Adobe_PDF_sample_a_1024x768_50Frms.264_x.yuv Case Index 519:SHA-1(Current--Benchmark): NULL-----9cfbd45e20bed343a0ca72542ef648e204051a2f  [0m
[31m            ----YUVSHA1:  NULL,  9aa9a4d9598eb3e1093311826844f37c43e4c521  [0m
[31m           [OpenH264] this = 0x0x514070, Error:ParamValidationExt(), WARNING: GOM based RC do not support SM_RASTER_SLICE!
Aborted(Cannot enlarge memory arrays to size 19111936 bytes (OOM). Either (1) compile with -sINITIAL_MEMORY=X with X higher than the current value 16777216, (2) compile with -sALLOW_MEMORY_GROWTH which allows increasing the size at runtime, or (3) if you want malloc to return NULL (0) instead of this abort, compile with -sABORTING_MALLOC=0)
/home/test/workspace/openh264/test/encoder_binary_comparison/AllTestData/Adobe_PDF_sample_a_1024x768_50Frms.264/h264enc.js:167
      throw ex;
      ^

RuntimeError: Aborted(Cannot enlarge memory arrays to size 19111936 bytes (OOM). Either (1) compile with -sINITIAL_MEMORY=X with X higher than the current value 16777216, (2) compile with -sALLOW_MEMORY_GROWTH which allows increasing the size at runtime, or (3) if you want malloc to return NULL (0) instead of this abort, compile with -sABORTING_MALLOC=0)
    at abort (/home/test/workspace/openh264/test/encoder_binary_comparison/AllTestData/Adobe_PDF_sample_a_1024x768_50Frms.264/h264enc.js:1031:11)
    at abortOnCannotGrowMemory (/home/test/workspace/openh264/test/encoder_binary_comparison/AllTestData/Adobe_PDF_sample_a_1024x768_50Frms.264/h264enc.js:4914:7)
    at _emscripten_resize_heap (/home/test/workspace/openh264/test/encoder_binary_comparison/AllTestData/Adobe_PDF_sample_a_1024x768_50Frms.264/h264enc.js:4919:7)
    at wasm://wasm/00265406:wasm-function[1133]:0x705f0
    at wasm://wasm/00265406:wasm-function[1121]:0x6e28d
    at wasm://wasm/00265406:wasm-function[775]:0x60eb2
    at wasm://wasm/00265406:wasm-function[357]:0x2e8f3
    at wasm://wasm/00265406:wasm-function[363]:0x2f261
    at wasm://wasm/00265406:wasm-function[555]:0x407f3
    at wasm://wasm/00265406:wasm-function[554]:0x405bd   [0m
[31m    Failed! Adobe_PDF_sample_a_1024x768_50Frms.264_x.yuv Case Index 520:SHA-1(Current--Benchmark): NULL-----9cfbd45e20bed343a0ca72542ef648e204051a2f  [0m
[31m            ----YUVSHA1:  NULL,  9aa9a4d9598eb3e1093311826844f37c43e4c521  [0m
[31m           [OpenH264] this = 0x0x514070, Error:ParamValidationExt(), WARNING: GOM based RC do not support SM_RASTER_SLICE!
Aborted(Cannot enlarge memory arrays to size 19111936 bytes (OOM). Either (1) compile with -sINITIAL_MEMORY=X with X higher than the current value 16777216, (2) compile with -sALLOW_MEMORY_GROWTH which allows increasing the size at runtime, or (3) if you want malloc to return NULL (0) instead of this abort, compile with -sABORTING_MALLOC=0)
/home/test/workspace/openh264/test/encoder_binary_comparison/AllTestData/Adobe_PDF_sample_a_1024x768_50Frms.264/h264enc.js:167
      throw ex;
      ^

RuntimeError: Aborted(Cannot enlarge memory arrays to size 19111936 bytes (OOM). Either (1) compile with -sINITIAL_MEMORY=X with X higher than the current value 16777216, (2) compile with -sALLOW_MEMORY_GROWTH which allows increasing the size at runtime, or (3) if you want malloc to return NULL (0) instead of this abort, compile with -sABORTING_MALLOC=0)
    at abort (/home/test/workspace/openh264/test/encoder_binary_comparison/AllTestData/Adobe_PDF_sample_a_1024x768_50Frms.264/h264enc.js:1031:11)
    at abortOnCannotGrowMemory (/home/test/workspace/openh264/test/encoder_binary_comparison/AllTestData/Adobe_PDF_sample_a_1024x768_50Frms.264/h264enc.js:4914:7)
    at _emscripten_resize_heap (/home/test/workspace/openh264/test/encoder_binary_comparison/AllTestData/Adobe_PDF_sample_a_1024x768_50Frms.264/h264enc.js:4919:7)
    at wasm://wasm/00265406:wasm-function[1133]:0x705f0
    at wasm://wasm/00265406:wasm-function[1121]:0x6e28d
    at wasm://wasm/00265406:wasm-function[775]:0x60eb2
    at wasm://wasm/00265406:wasm-function[357]:0x2e8f3
    at wasm://wasm/00265406:wasm-function[363]:0x2f261
    at wasm://wasm/00265406:wasm-function[555]:0x407f3
    at wasm://wasm/00265406:wasm-function[554]:0x405bd   [0m
[31m    Failed! Adobe_PDF_sample_a_1024x768_50Frms.264_x.yuv Case Index 521:SHA-1(Current--Benchmark): NULL-----9cfbd45e20bed343a0ca72542ef648e204051a2f  [0m
[31m            ----YUVSHA1:  NULL,  9aa9a4d9598eb3e1093311826844f37c43e4c521  [0m
[31m           [OpenH264] this = 0x0x514070, Error:ParamValidationExt(), WARNING: GOM based RC do not support SM_RASTER_SLICE!
Aborted(Cannot enlarge memory arrays to size 19111936 bytes (OOM). Either (1) compile with -sINITIAL_MEMORY=X with X higher than the current value 16777216, (2) compile with -sALLOW_MEMORY_GROWTH which allows increasing the size at runtime, or (3) if you want malloc to return NULL (0) instead of this abort, compile with -sABORTING_MALLOC=0)
/home/test/workspace/openh264/test/encoder_binary_comparison/AllTestData/Adobe_PDF_sample_a_1024x768_50Frms.264/h264enc.js:167
      throw ex;
      ^

RuntimeError: Aborted(Cannot enlarge memory arrays to size 19111936 bytes (OOM). Either (1) compile with -sINITIAL_MEMORY=X with X higher than the current value 16777216, (2) compile with -sALLOW_MEMORY_GROWTH which allows increasing the size at runtime, or (3) if you want malloc to return NULL (0) instead of this abort, compile with -sABORTING_MALLOC=0)
    at abort (/home/test/workspace/openh264/test/encoder_binary_comparison/AllTestData/Adobe_PDF_sample_a_1024x768_50Frms.264/h264enc.js:1031:11)
    at abortOnCannotGrowMemory (/home/test/workspace/openh264/test/encoder_binary_comparison/AllTestData/Adobe_PDF_sample_a_1024x768_50Frms.264/h264enc.js:4914:7)
    at _emscripten_resize_heap (/home/test/workspace/openh264/test/encoder_binary_comparison/AllTestData/Adobe_PDF_sample_a_1024x768_50Frms.264/h264enc.js:4919:7)
    at wasm://wasm/00265406:wasm-function[1133]:0x705f0
    at wasm://wasm/00265406:wasm-function[1121]:0x6e28d
    at wasm://wasm/00265406:wasm-function[775]:0x60eb2
    at wasm://wasm/00265406:wasm-function[357]:0x2e8f3
    at wasm://wasm/00265406:wasm-function[363]:0x2f261
    at wasm://wasm/00265406:wasm-function[555]:0x407f3
    at wasm://wasm/00265406:wasm-function[554]:0x405bd   [0m
[31m    Failed! Adobe_PDF_sample_a_1024x768_50Frms.264_x.yuv Case Index 522:SHA-1(Current--Benchmark): NULL-----9cfbd45e20bed343a0ca72542ef648e204051a2f  [0m
[31m            ----YUVSHA1:  NULL,  9aa9a4d9598eb3e1093311826844f37c43e4c521  [0m
[31m           [OpenH264] this = 0x0x514070, Error:ParamValidationExt(), WARNING: GOM based RC do not support SM_RASTER_SLICE!
Aborted(Cannot enlarge memory arrays to size 19111936 bytes (OOM). Either (1) compile with -sINITIAL_MEMORY=X with X higher than the current value 16777216, (2) compile with -sALLOW_MEMORY_GROWTH which allows increasing the size at runtime, or (3) if you want malloc to return NULL (0) instead of this abort, compile with -sABORTING_MALLOC=0)
/home/test/workspace/openh264/test/encoder_binary_comparison/AllTestData/Adobe_PDF_sample_a_1024x768_50Frms.264/h264enc.js:167
      throw ex;
      ^

RuntimeError: Aborted(Cannot enlarge memory arrays to size 19111936 bytes (OOM). Either (1) compile with -sINITIAL_MEMORY=X with X higher than the current value 16777216, (2) compile with -sALLOW_MEMORY_GROWTH which allows increasing the size at runtime, or (3) if you want malloc to return NULL (0) instead of this abort, compile with -sABORTING_MALLOC=0)
    at abort (/home/test/workspace/openh264/test/encoder_binary_comparison/AllTestData/Adobe_PDF_sample_a_1024x768_50Frms.264/h264enc.js:1031:11)
    at abortOnCannotGrowMemory (/home/test/workspace/openh264/test/encoder_binary_comparison/AllTestData/Adobe_PDF_sample_a_1024x768_50Frms.264/h264enc.js:4914:7)
    at _emscripten_resize_heap (/home/test/workspace/openh264/test/encoder_binary_comparison/AllTestData/Adobe_PDF_sample_a_1024x768_50Frms.264/h264enc.js:4919:7)
    at wasm://wasm/00265406:wasm-function[1133]:0x705f0
    at wasm://wasm/00265406:wasm-function[1121]:0x6e28d
    at wasm://wasm/00265406:wasm-function[775]:0x60eb2
    at wasm://wasm/00265406:wasm-function[357]:0x2e8f3
    at wasm://wasm/00265406:wasm-function[363]:0x2f261
    at wasm://wasm/00265406:wasm-function[555]:0x407f3
    at wasm://wasm/00265406:wasm-function[554]:0x405bd   [0m
[31m    Failed! Adobe_PDF_sample_a_1024x768_50Frms.264_x.yuv Case Index 523:SHA-1(Current--Benchmark): NULL-----9cfbd45e20bed343a0ca72542ef648e204051a2f  [0m
[31m            ----YUVSHA1:  NULL,  9aa9a4d9598eb3e1093311826844f37c43e4c521  [0m
[31m           [OpenH264] this = 0x0x514070, Error:ParamValidationExt(), WARNING: GOM based RC do not support SM_RASTER_SLICE!
Aborted(Cannot enlarge memory arrays to size 19111936 bytes (OOM). Either (1) compile with -sINITIAL_MEMORY=X with X higher than the current value 16777216, (2) compile with -sALLOW_MEMORY_GROWTH which allows increasing the size at runtime, or (3) if you want malloc to return NULL (0) instead of this abort, compile with -sABORTING_MALLOC=0)
/home/test/workspace/openh264/test/encoder_binary_comparison/AllTestData/Adobe_PDF_sample_a_1024x768_50Frms.264/h264enc.js:167
      throw ex;
      ^

RuntimeError: Aborted(Cannot enlarge memory arrays to size 19111936 bytes (OOM). Either (1) compile with -sINITIAL_MEMORY=X with X higher than the current value 16777216, (2) compile with -sALLOW_MEMORY_GROWTH which allows increasing the size at runtime, or (3) if you want malloc to return NULL (0) instead of this abort, compile with -sABORTING_MALLOC=0)
    at abort (/home/test/workspace/openh264/test/encoder_binary_comparison/AllTestData/Adobe_PDF_sample_a_1024x768_50Frms.264/h264enc.js:1031:11)
    at abortOnCannotGrowMemory (/home/test/workspace/openh264/test/encoder_binary_comparison/AllTestData/Adobe_PDF_sample_a_1024x768_50Frms.264/h264enc.js:4914:7)
    at _emscripten_resize_heap (/home/test/workspace/openh264/test/encoder_binary_comparison/AllTestData/Adobe_PDF_sample_a_1024x768_50Frms.264/h264enc.js:4919:7)
    at wasm://wasm/00265406:wasm-function[1133]:0x705f0
    at wasm://wasm/00265406:wasm-function[1121]:0x6e28d
    at wasm://wasm/00265406:wasm-function[775]:0x60eb2
    at wasm://wasm/00265406:wasm-function[357]:0x2e8f3
    at wasm://wasm/00265406:wasm-function[363]:0x2f261
    at wasm://wasm/00265406:wasm-function[555]:0x407f3
    at wasm://wasm/00265406:wasm-function[554]:0x405bd   [0m
[31m    Failed! Adobe_PDF_sample_a_1024x768_50Frms.264_x.yuv Case Index 524:SHA-1(Current--Benchmark): NULL-----9cfbd45e20bed343a0ca72542ef648e204051a2f  [0m
[31m            ----YUVSHA1:  NULL,  9aa9a4d9598eb3e1093311826844f37c43e4c521  [0m
[31m           [OpenH264] this = 0x0x514070, Error:ParamValidationExt(), WARNING: GOM based RC do not support SM_RASTER_SLICE!
Aborted(Cannot enlarge memory arrays to size 19111936 bytes (OOM). Either (1) compile with -sINITIAL_MEMORY=X with X higher than the current value 16777216, (2) compile with -sALLOW_MEMORY_GROWTH which allows increasing the size at runtime, or (3) if you want malloc to return NULL (0) instead of this abort, compile with -sABORTING_MALLOC=0)
/home/test/workspace/openh264/test/encoder_binary_comparison/AllTestData/Adobe_PDF_sample_a_1024x768_50Frms.264/h264enc.js:167
      throw ex;
      ^

RuntimeError: Aborted(Cannot enlarge memory arrays to size 19111936 bytes (OOM). Either (1) compile with -sINITIAL_MEMORY=X with X higher than the current value 16777216, (2) compile with -sALLOW_MEMORY_GROWTH which allows increasing the size at runtime, or (3) if you want malloc to return NULL (0) instead of this abort, compile with -sABORTING_MALLOC=0)
    at abort (/home/test/workspace/openh264/test/encoder_binary_comparison/AllTestData/Adobe_PDF_sample_a_1024x768_50Frms.264/h264enc.js:1031:11)
    at abortOnCannotGrowMemory (/home/test/workspace/openh264/test/encoder_binary_comparison/AllTestData/Adobe_PDF_sample_a_1024x768_50Frms.264/h264enc.js:4914:7)
    at _emscripten_resize_heap (/home/test/workspace/openh264/test/encoder_binary_comparison/AllTestData/Adobe_PDF_sample_a_1024x768_50Frms.264/h264enc.js:4919:7)
    at wasm://wasm/00265406:wasm-function[1133]:0x705f0
    at wasm://wasm/00265406:wasm-function[1121]:0x6e28d
    at wasm://wasm/00265406:wasm-function[775]:0x60eb2
    at wasm://wasm/00265406:wasm-function[357]:0x2e8f3
    at wasm://wasm/00265406:wasm-function[363]:0x2f261
    at wasm://wasm/00265406:wasm-function[555]:0x407f3
    at wasm://wasm/00265406:wasm-function[554]:0x405bd   [0m
[31m    Failed! Adobe_PDF_sample_a_1024x768_50Frms.264_x.yuv Case Index 525:SHA-1(Current--Benchmark): NULL-----9cfbd45e20bed343a0ca72542ef648e204051a2f  [0m
[31m            ----YUVSHA1:  NULL,  9aa9a4d9598eb3e1093311826844f37c43e4c521  [0m
[31m           [OpenH264] this = 0x0x514070, Error:ParamValidationExt(), WARNING: GOM based RC do not support SM_RASTER_SLICE!
Aborted(Cannot enlarge memory arrays to size 19111936 bytes (OOM). Either (1) compile with -sINITIAL_MEMORY=X with X higher than the current value 16777216, (2) compile with -sALLOW_MEMORY_GROWTH which allows increasing the size at runtime, or (3) if you want malloc to return NULL (0) instead of this abort, compile with -sABORTING_MALLOC=0)
/home/test/workspace/openh264/test/encoder_binary_comparison/AllTestData/Adobe_PDF_sample_a_1024x768_50Frms.264/h264enc.js:167
      throw ex;
      ^

RuntimeError: Aborted(Cannot enlarge memory arrays to size 19111936 bytes (OOM). Either (1) compile with -sINITIAL_MEMORY=X with X higher than the current value 16777216, (2) compile with -sALLOW_MEMORY_GROWTH which allows increasing the size at runtime, or (3) if you want malloc to return NULL (0) instead of this abort, compile with -sABORTING_MALLOC=0)
    at abort (/home/test/workspace/openh264/test/encoder_binary_comparison/AllTestData/Adobe_PDF_sample_a_1024x768_50Frms.264/h264enc.js:1031:11)
    at abortOnCannotGrowMemory (/home/test/workspace/openh264/test/encoder_binary_comparison/AllTestData/Adobe_PDF_sample_a_1024x768_50Frms.264/h264enc.js:4914:7)
    at _emscripten_resize_heap (/home/test/workspace/openh264/test/encoder_binary_comparison/AllTestData/Adobe_PDF_sample_a_1024x768_50Frms.264/h264enc.js:4919:7)
    at wasm://wasm/00265406:wasm-function[1133]:0x705f0
    at wasm://wasm/00265406:wasm-function[1121]:0x6e28d
    at wasm://wasm/00265406:wasm-function[775]:0x60eb2
    at wasm://wasm/00265406:wasm-function[357]:0x2e8f3
    at wasm://wasm/00265406:wasm-function[363]:0x2f261
    at wasm://wasm/00265406:wasm-function[555]:0x407f3
    at wasm://wasm/00265406:wasm-function[554]:0x405bd   [0m
[31m    Failed! Adobe_PDF_sample_a_1024x768_50Frms.264_x.yuv Case Index 526:SHA-1(Current--Benchmark): NULL-----9cfbd45e20bed343a0ca72542ef648e204051a2f  [0m
[31m            ----YUVSHA1:  NULL,  9aa9a4d9598eb3e1093311826844f37c43e4c521  [0m
[31m           [OpenH264] this = 0x0x514070, Error:ParamValidationExt(), WARNING: GOM based RC do not support SM_RASTER_SLICE!
Aborted(Cannot enlarge memory arrays to size 19111936 bytes (OOM). Either (1) compile with -sINITIAL_MEMORY=X with X higher than the current value 16777216, (2) compile with -sALLOW_MEMORY_GROWTH which allows increasing the size at runtime, or (3) if you want malloc to return NULL (0) instead of this abort, compile with -sABORTING_MALLOC=0)
/home/test/workspace/openh264/test/encoder_binary_comparison/AllTestData/Adobe_PDF_sample_a_1024x768_50Frms.264/h264enc.js:167
      throw ex;
      ^

RuntimeError: Aborted(Cannot enlarge memory arrays to size 19111936 bytes (OOM). Either (1) compile with -sINITIAL_MEMORY=X with X higher than the current value 16777216, (2) compile with -sALLOW_MEMORY_GROWTH which allows increasing the size at runtime, or (3) if you want malloc to return NULL (0) instead of this abort, compile with -sABORTING_MALLOC=0)
    at abort (/home/test/workspace/openh264/test/encoder_binary_comparison/AllTestData/Adobe_PDF_sample_a_1024x768_50Frms.264/h264enc.js:1031:11)
    at abortOnCannotGrowMemory (/home/test/workspace/openh264/test/encoder_binary_comparison/AllTestData/Adobe_PDF_sample_a_1024x768_50Frms.264/h264enc.js:4914:7)
    at _emscripten_resize_heap (/home/test/workspace/openh264/test/encoder_binary_comparison/AllTestData/Adobe_PDF_sample_a_1024x768_50Frms.264/h264enc.js:4919:7)
    at wasm://wasm/00265406:wasm-function[1133]:0x705f0
    at wasm://wasm/00265406:wasm-function[1121]:0x6e28d
    at wasm://wasm/00265406:wasm-function[775]:0x60eb2
    at wasm://wasm/00265406:wasm-function[357]:0x2e8f3
    at wasm://wasm/00265406:wasm-function[363]:0x2f261
    at wasm://wasm/00265406:wasm-function[555]:0x407f3
    at wasm://wasm/00265406:wasm-function[554]:0x405bd   [0m
[31m    Failed! Adobe_PDF_sample_a_1024x768_50Frms.264_x.yuv Case Index 527:SHA-1(Current--Benchmark): NULL-----9cfbd45e20bed343a0ca72542ef648e204051a2f  [0m
[31m            ----YUVSHA1:  NULL,  9aa9a4d9598eb3e1093311826844f37c43e4c521  [0m
[31m           [OpenH264] this = 0x0x514070, Error:ParamValidationExt(), WARNING: GOM based RC do not support SM_RASTER_SLICE!
Aborted(Cannot enlarge memory arrays to size 19111936 bytes (OOM). Either (1) compile with -sINITIAL_MEMORY=X with X higher than the current value 16777216, (2) compile with -sALLOW_MEMORY_GROWTH which allows increasing the size at runtime, or (3) if you want malloc to return NULL (0) instead of this abort, compile with -sABORTING_MALLOC=0)
/home/test/workspace/openh264/test/encoder_binary_comparison/AllTestData/Adobe_PDF_sample_a_1024x768_50Frms.264/h264enc.js:167
      throw ex;
      ^

RuntimeError: Aborted(Cannot enlarge memory arrays to size 19111936 bytes (OOM). Either (1) compile with -sINITIAL_MEMORY=X with X higher than the current value 16777216, (2) compile with -sALLOW_MEMORY_GROWTH which allows increasing the size at runtime, or (3) if you want malloc to return NULL (0) instead of this abort, compile with -sABORTING_MALLOC=0)
    at abort (/home/test/workspace/openh264/test/encoder_binary_comparison/AllTestData/Adobe_PDF_sample_a_1024x768_50Frms.264/h264enc.js:1031:11)
    at abortOnCannotGrowMemory (/home/test/workspace/openh264/test/encoder_binary_comparison/AllTestData/Adobe_PDF_sample_a_1024x768_50Frms.264/h264enc.js:4914:7)
    at _emscripten_resize_heap (/home/test/workspace/openh264/test/encoder_binary_comparison/AllTestData/Adobe_PDF_sample_a_1024x768_50Frms.264/h264enc.js:4919:7)
    at wasm://wasm/00265406:wasm-function[1133]:0x705f0
    at wasm://wasm/00265406:wasm-function[1121]:0x6e28d
    at wasm://wasm/00265406:wasm-function[775]:0x60eb2
    at wasm://wasm/00265406:wasm-function[357]:0x2e8f3
    at wasm://wasm/00265406:wasm-function[363]:0x2f261
    at wasm://wasm/00265406:wasm-function[555]:0x407f3
    at wasm://wasm/00265406:wasm-function[554]:0x405bd   [0m
[31m    Failed! Adobe_PDF_sample_a_1024x768_50Frms.264_x.yuv Case Index 528:SHA-1(Current--Benchmark): NULL-----9cfbd45e20bed343a0ca72542ef648e204051a2f  [0m
[31m            ----YUVSHA1:  NULL,  9aa9a4d9598eb3e1093311826844f37c43e4c521  [0m
[31m           [OpenH264] this = 0x0x514070, Error:ParamValidationExt(), WARNING: GOM based RC do not support SM_RASTER_SLICE!
Aborted(Cannot enlarge memory arrays to size 19111936 bytes (OOM). Either (1) compile with -sINITIAL_MEMORY=X with X higher than the current value 16777216, (2) compile with -sALLOW_MEMORY_GROWTH which allows increasing the size at runtime, or (3) if you want malloc to return NULL (0) instead of this abort, compile with -sABORTING_MALLOC=0)
/home/test/workspace/openh264/test/encoder_binary_comparison/AllTestData/Adobe_PDF_sample_a_1024x768_50Frms.264/h264enc.js:167
      throw ex;
      ^

RuntimeError: Aborted(Cannot enlarge memory arrays to size 19111936 bytes (OOM). Either (1) compile with -sINITIAL_MEMORY=X with X higher than the current value 16777216, (2) compile with -sALLOW_MEMORY_GROWTH which allows increasing the size at runtime, or (3) if you want malloc to return NULL (0) instead of this abort, compile with -sABORTING_MALLOC=0)
    at abort (/home/test/workspace/openh264/test/encoder_binary_comparison/AllTestData/Adobe_PDF_sample_a_1024x768_50Frms.264/h264enc.js:1031:11)
    at abortOnCannotGrowMemory (/home/test/workspace/openh264/test/encoder_binary_comparison/AllTestData/Adobe_PDF_sample_a_1024x768_50Frms.264/h264enc.js:4914:7)
    at _emscripten_resize_heap (/home/test/workspace/openh264/test/encoder_binary_comparison/AllTestData/Adobe_PDF_sample_a_1024x768_50Frms.264/h264enc.js:4919:7)
    at wasm://wasm/00265406:wasm-function[1133]:0x705f0
    at wasm://wasm/00265406:wasm-function[1121]:0x6e28d
    at wasm://wasm/00265406:wasm-function[775]:0x60eb2
    at wasm://wasm/00265406:wasm-function[357]:0x2e8f3
    at wasm://wasm/00265406:wasm-function[363]:0x2f261
    at wasm://wasm/00265406:wasm-function[555]:0x407f3
    at wasm://wasm/00265406:wasm-function[554]:0x405bd   [0m
[31m    Failed! Adobe_PDF_sample_a_1024x768_50Frms.264_x.yuv Case Index 529:SHA-1(Current--Benchmark): NULL-----9cfbd45e20bed343a0ca72542ef648e204051a2f  [0m
[31m            ----YUVSHA1:  NULL,  9aa9a4d9598eb3e1093311826844f37c43e4c521  [0m
[31m           [OpenH264] this = 0x0x514070, Error:ParamValidationExt(), WARNING: GOM based RC do not support SM_RASTER_SLICE!
Aborted(Cannot enlarge memory arrays to size 19111936 bytes (OOM). Either (1) compile with -sINITIAL_MEMORY=X with X higher than the current value 16777216, (2) compile with -sALLOW_MEMORY_GROWTH which allows increasing the size at runtime, or (3) if you want malloc to return NULL (0) instead of this abort, compile with -sABORTING_MALLOC=0)
/home/test/workspace/openh264/test/encoder_binary_comparison/AllTestData/Adobe_PDF_sample_a_1024x768_50Frms.264/h264enc.js:167
      throw ex;
      ^

RuntimeError: Aborted(Cannot enlarge memory arrays to size 19111936 bytes (OOM). Either (1) compile with -sINITIAL_MEMORY=X with X higher than the current value 16777216, (2) compile with -sALLOW_MEMORY_GROWTH which allows increasing the size at runtime, or (3) if you want malloc to return NULL (0) instead of this abort, compile with -sABORTING_MALLOC=0)
    at abort (/home/test/workspace/openh264/test/encoder_binary_comparison/AllTestData/Adobe_PDF_sample_a_1024x768_50Frms.264/h264enc.js:1031:11)
    at abortOnCannotGrowMemory (/home/test/workspace/openh264/test/encoder_binary_comparison/AllTestData/Adobe_PDF_sample_a_1024x768_50Frms.264/h264enc.js:4914:7)
    at _emscripten_resize_heap (/home/test/workspace/openh264/test/encoder_binary_comparison/AllTestData/Adobe_PDF_sample_a_1024x768_50Frms.264/h264enc.js:4919:7)
    at wasm://wasm/00265406:wasm-function[1133]:0x705f0
    at wasm://wasm/00265406:wasm-function[1121]:0x6e28d
    at wasm://wasm/00265406:wasm-function[775]:0x60eb2
    at wasm://wasm/00265406:wasm-function[357]:0x2e8f3
    at wasm://wasm/00265406:wasm-function[363]:0x2f261
    at wasm://wasm/00265406:wasm-function[555]:0x407f3
    at wasm://wasm/00265406:wasm-function[554]:0x405bd   [0m
[31m    Failed! Adobe_PDF_sample_a_1024x768_50Frms.264_x.yuv Case Index 530:SHA-1(Current--Benchmark): NULL-----9cfbd45e20bed343a0ca72542ef648e204051a2f  [0m
[31m            ----YUVSHA1:  NULL,  9aa9a4d9598eb3e1093311826844f37c43e4c521  [0m
[31m           [OpenH264] this = 0x0x514070, Error:ParamValidationExt(), WARNING: GOM based RC do not support SM_RASTER_SLICE!
Aborted(Cannot enlarge memory arrays to size 19111936 bytes (OOM). Either (1) compile with -sINITIAL_MEMORY=X with X higher than the current value 16777216, (2) compile with -sALLOW_MEMORY_GROWTH which allows increasing the size at runtime, or (3) if you want malloc to return NULL (0) instead of this abort, compile with -sABORTING_MALLOC=0)
/home/test/workspace/openh264/test/encoder_binary_comparison/AllTestData/Adobe_PDF_sample_a_1024x768_50Frms.264/h264enc.js:167
      throw ex;
      ^

RuntimeError: Aborted(Cannot enlarge memory arrays to size 19111936 bytes (OOM). Either (1) compile with -sINITIAL_MEMORY=X with X higher than the current value 16777216, (2) compile with -sALLOW_MEMORY_GROWTH which allows increasing the size at runtime, or (3) if you want malloc to return NULL (0) instead of this abort, compile with -sABORTING_MALLOC=0)
    at abort (/home/test/workspace/openh264/test/encoder_binary_comparison/AllTestData/Adobe_PDF_sample_a_1024x768_50Frms.264/h264enc.js:1031:11)
    at abortOnCannotGrowMemory (/home/test/workspace/openh264/test/encoder_binary_comparison/AllTestData/Adobe_PDF_sample_a_1024x768_50Frms.264/h264enc.js:4914:7)
    at _emscripten_resize_heap (/home/test/workspace/openh264/test/encoder_binary_comparison/AllTestData/Adobe_PDF_sample_a_1024x768_50Frms.264/h264enc.js:4919:7)
    at wasm://wasm/00265406:wasm-function[1133]:0x705f0
    at wasm://wasm/00265406:wasm-function[1121]:0x6e28d
    at wasm://wasm/00265406:wasm-function[775]:0x60eb2
    at wasm://wasm/00265406:wasm-function[357]:0x2e8f3
    at wasm://wasm/00265406:wasm-function[363]:0x2f261
    at wasm://wasm/00265406:wasm-function[555]:0x407f3
    at wasm://wasm/00265406:wasm-function[554]:0x405bd   [0m
[31m    Failed! Adobe_PDF_sample_a_1024x768_50Frms.264_x.yuv Case Index 531:SHA-1(Current--Benchmark): NULL-----9cfbd45e20bed343a0ca72542ef648e204051a2f  [0m
[31m            ----YUVSHA1:  NULL,  9aa9a4d9598eb3e1093311826844f37c43e4c521  [0m
[31m           [OpenH264] this = 0x0x514070, Error:ParamValidationExt(), WARNING: GOM based RC do not support SM_RASTER_SLICE!
Aborted(Cannot enlarge memory arrays to size 19111936 bytes (OOM). Either (1) compile with -sINITIAL_MEMORY=X with X higher than the current value 16777216, (2) compile with -sALLOW_MEMORY_GROWTH which allows increasing the size at runtime, or (3) if you want malloc to return NULL (0) instead of this abort, compile with -sABORTING_MALLOC=0)
/home/test/workspace/openh264/test/encoder_binary_comparison/AllTestData/Adobe_PDF_sample_a_1024x768_50Frms.264/h264enc.js:167
      throw ex;
      ^

RuntimeError: Aborted(Cannot enlarge memory arrays to size 19111936 bytes (OOM). Either (1) compile with -sINITIAL_MEMORY=X with X higher than the current value 16777216, (2) compile with -sALLOW_MEMORY_GROWTH which allows increasing the size at runtime, or (3) if you want malloc to return NULL (0) instead of this abort, compile with -sABORTING_MALLOC=0)
    at abort (/home/test/workspace/openh264/test/encoder_binary_comparison/AllTestData/Adobe_PDF_sample_a_1024x768_50Frms.264/h264enc.js:1031:11)
    at abortOnCannotGrowMemory (/home/test/workspace/openh264/test/encoder_binary_comparison/AllTestData/Adobe_PDF_sample_a_1024x768_50Frms.264/h264enc.js:4914:7)
    at _emscripten_resize_heap (/home/test/workspace/openh264/test/encoder_binary_comparison/AllTestData/Adobe_PDF_sample_a_1024x768_50Frms.264/h264enc.js:4919:7)
    at wasm://wasm/00265406:wasm-function[1133]:0x705f0
    at wasm://wasm/00265406:wasm-function[1121]:0x6e28d
    at wasm://wasm/00265406:wasm-function[775]:0x60eb2
    at wasm://wasm/00265406:wasm-function[357]:0x2e8f3
    at wasm://wasm/00265406:wasm-function[363]:0x2f261
    at wasm://wasm/00265406:wasm-function[555]:0x407f3
    at wasm://wasm/00265406:wasm-function[554]:0x405bd   [0m
[31m    Failed! Adobe_PDF_sample_a_1024x768_50Frms.264_x.yuv Case Index 532:SHA-1(Current--Benchmark): NULL-----9cfbd45e20bed343a0ca72542ef648e204051a2f  [0m
[31m            ----YUVSHA1:  NULL,  9aa9a4d9598eb3e1093311826844f37c43e4c521  [0m
[31m           [OpenH264] this = 0x0x514070, Error:ParamValidationExt(), WARNING: GOM based RC do not support SM_RASTER_SLICE!
Aborted(Cannot enlarge memory arrays to size 19111936 bytes (OOM). Either (1) compile with -sINITIAL_MEMORY=X with X higher than the current value 16777216, (2) compile with -sALLOW_MEMORY_GROWTH which allows increasing the size at runtime, or (3) if you want malloc to return NULL (0) instead of this abort, compile with -sABORTING_MALLOC=0)
/home/test/workspace/openh264/test/encoder_binary_comparison/AllTestData/Adobe_PDF_sample_a_1024x768_50Frms.264/h264enc.js:167
      throw ex;
      ^

RuntimeError: Aborted(Cannot enlarge memory arrays to size 19111936 bytes (OOM). Either (1) compile with -sINITIAL_MEMORY=X with X higher than the current value 16777216, (2) compile with -sALLOW_MEMORY_GROWTH which allows increasing the size at runtime, or (3) if you want malloc to return NULL (0) instead of this abort, compile with -sABORTING_MALLOC=0)
    at abort (/home/test/workspace/openh264/test/encoder_binary_comparison/AllTestData/Adobe_PDF_sample_a_1024x768_50Frms.264/h264enc.js:1031:11)
    at abortOnCannotGrowMemory (/home/test/workspace/openh264/test/encoder_binary_comparison/AllTestData/Adobe_PDF_sample_a_1024x768_50Frms.264/h264enc.js:4914:7)
    at _emscripten_resize_heap (/home/test/workspace/openh264/test/encoder_binary_comparison/AllTestData/Adobe_PDF_sample_a_1024x768_50Frms.264/h264enc.js:4919:7)
    at wasm://wasm/00265406:wasm-function[1133]:0x705f0
    at wasm://wasm/00265406:wasm-function[1121]:0x6e28d
    at wasm://wasm/00265406:wasm-function[775]:0x60eb2
    at wasm://wasm/00265406:wasm-function[357]:0x2e8f3
    at wasm://wasm/00265406:wasm-function[363]:0x2f261
    at wasm://wasm/00265406:wasm-function[555]:0x407f3
    at wasm://wasm/00265406:wasm-function[554]:0x405bd   [0m
[31m    Failed! Adobe_PDF_sample_a_1024x768_50Frms.264_x.yuv Case Index 533:SHA-1(Current--Benchmark): NULL-----9cfbd45e20bed343a0ca72542ef648e204051a2f  [0m
[31m            ----YUVSHA1:  NULL,  9aa9a4d9598eb3e1093311826844f37c43e4c521  [0m
[31m           [OpenH264] this = 0x0x514070, Error:ParamValidationExt(), WARNING: GOM based RC do not support SM_RASTER_SLICE!
Aborted(Cannot enlarge memory arrays to size 19111936 bytes (OOM). Either (1) compile with -sINITIAL_MEMORY=X with X higher than the current value 16777216, (2) compile with -sALLOW_MEMORY_GROWTH which allows increasing the size at runtime, or (3) if you want malloc to return NULL (0) instead of this abort, compile with -sABORTING_MALLOC=0)
/home/test/workspace/openh264/test/encoder_binary_comparison/AllTestData/Adobe_PDF_sample_a_1024x768_50Frms.264/h264enc.js:167
      throw ex;
      ^

RuntimeError: Aborted(Cannot enlarge memory arrays to size 19111936 bytes (OOM). Either (1) compile with -sINITIAL_MEMORY=X with X higher than the current value 16777216, (2) compile with -sALLOW_MEMORY_GROWTH which allows increasing the size at runtime, or (3) if you want malloc to return NULL (0) instead of this abort, compile with -sABORTING_MALLOC=0)
    at abort (/home/test/workspace/openh264/test/encoder_binary_comparison/AllTestData/Adobe_PDF_sample_a_1024x768_50Frms.264/h264enc.js:1031:11)
    at abortOnCannotGrowMemory (/home/test/workspace/openh264/test/encoder_binary_comparison/AllTestData/Adobe_PDF_sample_a_1024x768_50Frms.264/h264enc.js:4914:7)
    at _emscripten_resize_heap (/home/test/workspace/openh264/test/encoder_binary_comparison/AllTestData/Adobe_PDF_sample_a_1024x768_50Frms.264/h264enc.js:4919:7)
    at wasm://wasm/00265406:wasm-function[1133]:0x705f0
    at wasm://wasm/00265406:wasm-function[1121]:0x6e28d
    at wasm://wasm/00265406:wasm-function[775]:0x60eb2
    at wasm://wasm/00265406:wasm-function[357]:0x2e8f3
    at wasm://wasm/00265406:wasm-function[363]:0x2f261
    at wasm://wasm/00265406:wasm-function[555]:0x407f3
    at wasm://wasm/00265406:wasm-function[554]:0x405bd   [0m
[31m    Failed! Adobe_PDF_sample_a_1024x768_50Frms.264_x.yuv Case Index 534:SHA-1(Current--Benchmark): NULL-----9cfbd45e20bed343a0ca72542ef648e204051a2f  [0m
[31m            ----YUVSHA1:  NULL,  9aa9a4d9598eb3e1093311826844f37c43e4c521  [0m
[31m           [OpenH264] this = 0x0x514070, Error:ParamValidationExt(), WARNING: GOM based RC do not support SM_RASTER_SLICE!
Aborted(Cannot enlarge memory arrays to size 19111936 bytes (OOM). Either (1) compile with -sINITIAL_MEMORY=X with X higher than the current value 16777216, (2) compile with -sALLOW_MEMORY_GROWTH which allows increasing the size at runtime, or (3) if you want malloc to return NULL (0) instead of this abort, compile with -sABORTING_MALLOC=0)
/home/test/workspace/openh264/test/encoder_binary_comparison/AllTestData/Adobe_PDF_sample_a_1024x768_50Frms.264/h264enc.js:167
      throw ex;
      ^

RuntimeError: Aborted(Cannot enlarge memory arrays to size 19111936 bytes (OOM). Either (1) compile with -sINITIAL_MEMORY=X with X higher than the current value 16777216, (2) compile with -sALLOW_MEMORY_GROWTH which allows increasing the size at runtime, or (3) if you want malloc to return NULL (0) instead of this abort, compile with -sABORTING_MALLOC=0)
    at abort (/home/test/workspace/openh264/test/encoder_binary_comparison/AllTestData/Adobe_PDF_sample_a_1024x768_50Frms.264/h264enc.js:1031:11)
    at abortOnCannotGrowMemory (/home/test/workspace/openh264/test/encoder_binary_comparison/AllTestData/Adobe_PDF_sample_a_1024x768_50Frms.264/h264enc.js:4914:7)
    at _emscripten_resize_heap (/home/test/workspace/openh264/test/encoder_binary_comparison/AllTestData/Adobe_PDF_sample_a_1024x768_50Frms.264/h264enc.js:4919:7)
    at wasm://wasm/00265406:wasm-function[1133]:0x705f0
    at wasm://wasm/00265406:wasm-function[1121]:0x6e28d
    at wasm://wasm/00265406:wasm-function[775]:0x60eb2
    at wasm://wasm/00265406:wasm-function[357]:0x2e8f3
    at wasm://wasm/00265406:wasm-function[363]:0x2f261
    at wasm://wasm/00265406:wasm-function[555]:0x407f3
    at wasm://wasm/00265406:wasm-function[554]:0x405bd   [0m
[31m    Failed! Adobe_PDF_sample_a_1024x768_50Frms.264_x.yuv Case Index 535:SHA-1(Current--Benchmark): NULL-----9cfbd45e20bed343a0ca72542ef648e204051a2f  [0m
[31m            ----YUVSHA1:  NULL,  9aa9a4d9598eb3e1093311826844f37c43e4c521  [0m
[31m           [OpenH264] this = 0x0x514070, Error:ParamValidationExt(), WARNING: GOM based RC do not support SM_RASTER_SLICE!
Aborted(Cannot enlarge memory arrays to size 19111936 bytes (OOM). Either (1) compile with -sINITIAL_MEMORY=X with X higher than the current value 16777216, (2) compile with -sALLOW_MEMORY_GROWTH which allows increasing the size at runtime, or (3) if you want malloc to return NULL (0) instead of this abort, compile with -sABORTING_MALLOC=0)
/home/test/workspace/openh264/test/encoder_binary_comparison/AllTestData/Adobe_PDF_sample_a_1024x768_50Frms.264/h264enc.js:167
      throw ex;
      ^

RuntimeError: Aborted(Cannot enlarge memory arrays to size 19111936 bytes (OOM). Either (1) compile with -sINITIAL_MEMORY=X with X higher than the current value 16777216, (2) compile with -sALLOW_MEMORY_GROWTH which allows increasing the size at runtime, or (3) if you want malloc to return NULL (0) instead of this abort, compile with -sABORTING_MALLOC=0)
    at abort (/home/test/workspace/openh264/test/encoder_binary_comparison/AllTestData/Adobe_PDF_sample_a_1024x768_50Frms.264/h264enc.js:1031:11)
    at abortOnCannotGrowMemory (/home/test/workspace/openh264/test/encoder_binary_comparison/AllTestData/Adobe_PDF_sample_a_1024x768_50Frms.264/h264enc.js:4914:7)
    at _emscripten_resize_heap (/home/test/workspace/openh264/test/encoder_binary_comparison/AllTestData/Adobe_PDF_sample_a_1024x768_50Frms.264/h264enc.js:4919:7)
    at wasm://wasm/00265406:wasm-function[1133]:0x705f0
    at wasm://wasm/00265406:wasm-function[1121]:0x6e28d
    at wasm://wasm/00265406:wasm-function[775]:0x60eb2
    at wasm://wasm/00265406:wasm-function[357]:0x2e8f3
    at wasm://wasm/00265406:wasm-function[363]:0x2f261
    at wasm://wasm/00265406:wasm-function[555]:0x407f3
    at wasm://wasm/00265406:wasm-function[554]:0x405bd   [0m
[31m    Failed! Adobe_PDF_sample_a_1024x768_50Frms.264_x.yuv Case Index 536:SHA-1(Current--Benchmark): NULL-----9cfbd45e20bed343a0ca72542ef648e204051a2f  [0m
[31m            ----YUVSHA1:  NULL,  9aa9a4d9598eb3e1093311826844f37c43e4c521  [0m
[31m           [OpenH264] this = 0x0x514070, Error:ParamValidationExt(), WARNING: GOM based RC do not support SM_RASTER_SLICE!
Aborted(Cannot enlarge memory arrays to size 19111936 bytes (OOM). Either (1) compile with -sINITIAL_MEMORY=X with X higher than the current value 16777216, (2) compile with -sALLOW_MEMORY_GROWTH which allows increasing the size at runtime, or (3) if you want malloc to return NULL (0) instead of this abort, compile with -sABORTING_MALLOC=0)
/home/test/workspace/openh264/test/encoder_binary_comparison/AllTestData/Adobe_PDF_sample_a_1024x768_50Frms.264/h264enc.js:167
      throw ex;
      ^

RuntimeError: Aborted(Cannot enlarge memory arrays to size 19111936 bytes (OOM). Either (1) compile with -sINITIAL_MEMORY=X with X higher than the current value 16777216, (2) compile with -sALLOW_MEMORY_GROWTH which allows increasing the size at runtime, or (3) if you want malloc to return NULL (0) instead of this abort, compile with -sABORTING_MALLOC=0)
    at abort (/home/test/workspace/openh264/test/encoder_binary_comparison/AllTestData/Adobe_PDF_sample_a_1024x768_50Frms.264/h264enc.js:1031:11)
    at abortOnCannotGrowMemory (/home/test/workspace/openh264/test/encoder_binary_comparison/AllTestData/Adobe_PDF_sample_a_1024x768_50Frms.264/h264enc.js:4914:7)
    at _emscripten_resize_heap (/home/test/workspace/openh264/test/encoder_binary_comparison/AllTestData/Adobe_PDF_sample_a_1024x768_50Frms.264/h264enc.js:4919:7)
    at wasm://wasm/00265406:wasm-function[1133]:0x705f0
    at wasm://wasm/00265406:wasm-function[1121]:0x6e28d
    at wasm://wasm/00265406:wasm-function[775]:0x60eb2
    at wasm://wasm/00265406:wasm-function[357]:0x2e8f3
    at wasm://wasm/00265406:wasm-function[363]:0x2f261
    at wasm://wasm/00265406:wasm-function[555]:0x407f3
    at wasm://wasm/00265406:wasm-function[554]:0x405bd   [0m
[31m    Failed! Adobe_PDF_sample_a_1024x768_50Frms.264_x.yuv Case Index 537:SHA-1(Current--Benchmark): NULL-----9cfbd45e20bed343a0ca72542ef648e204051a2f  [0m
[31m            ----YUVSHA1:  NULL,  9aa9a4d9598eb3e1093311826844f37c43e4c521  [0m
[31m           [OpenH264] this = 0x0x514070, Error:ParamValidationExt(), WARNING: GOM based RC do not support SM_RASTER_SLICE!
Aborted(Cannot enlarge memory arrays to size 19111936 bytes (OOM). Either (1) compile with -sINITIAL_MEMORY=X with X higher than the current value 16777216, (2) compile with -sALLOW_MEMORY_GROWTH which allows increasing the size at runtime, or (3) if you want malloc to return NULL (0) instead of this abort, compile with -sABORTING_MALLOC=0)
/home/test/workspace/openh264/test/encoder_binary_comparison/AllTestData/Adobe_PDF_sample_a_1024x768_50Frms.264/h264enc.js:167
      throw ex;
      ^

RuntimeError: Aborted(Cannot enlarge memory arrays to size 19111936 bytes (OOM). Either (1) compile with -sINITIAL_MEMORY=X with X higher than the current value 16777216, (2) compile with -sALLOW_MEMORY_GROWTH which allows increasing the size at runtime, or (3) if you want malloc to return NULL (0) instead of this abort, compile with -sABORTING_MALLOC=0)
    at abort (/home/test/workspace/openh264/test/encoder_binary_comparison/AllTestData/Adobe_PDF_sample_a_1024x768_50Frms.264/h264enc.js:1031:11)
    at abortOnCannotGrowMemory (/home/test/workspace/openh264/test/encoder_binary_comparison/AllTestData/Adobe_PDF_sample_a_1024x768_50Frms.264/h264enc.js:4914:7)
    at _emscripten_resize_heap (/home/test/workspace/openh264/test/encoder_binary_comparison/AllTestData/Adobe_PDF_sample_a_1024x768_50Frms.264/h264enc.js:4919:7)
    at wasm://wasm/00265406:wasm-function[1133]:0x705f0
    at wasm://wasm/00265406:wasm-function[1121]:0x6e28d
    at wasm://wasm/00265406:wasm-function[775]:0x60eb2
    at wasm://wasm/00265406:wasm-function[357]:0x2e8f3
    at wasm://wasm/00265406:wasm-function[363]:0x2f261
    at wasm://wasm/00265406:wasm-function[555]:0x407f3
    at wasm://wasm/00265406:wasm-function[554]:0x405bd   [0m
[31m    Failed! Adobe_PDF_sample_a_1024x768_50Frms.264_x.yuv Case Index 538:SHA-1(Current--Benchmark): NULL-----9cfbd45e20bed343a0ca72542ef648e204051a2f  [0m
[31m            ----YUVSHA1:  NULL,  9aa9a4d9598eb3e1093311826844f37c43e4c521  [0m
[31m           [OpenH264] this = 0x0x514070, Error:ParamValidationExt(), WARNING: GOM based RC do not support SM_RASTER_SLICE!
Aborted(Cannot enlarge memory arrays to size 19111936 bytes (OOM). Either (1) compile with -sINITIAL_MEMORY=X with X higher than the current value 16777216, (2) compile with -sALLOW_MEMORY_GROWTH which allows increasing the size at runtime, or (3) if you want malloc to return NULL (0) instead of this abort, compile with -sABORTING_MALLOC=0)
/home/test/workspace/openh264/test/encoder_binary_comparison/AllTestData/Adobe_PDF_sample_a_1024x768_50Frms.264/h264enc.js:167
      throw ex;
      ^

RuntimeError: Aborted(Cannot enlarge memory arrays to size 19111936 bytes (OOM). Either (1) compile with -sINITIAL_MEMORY=X with X higher than the current value 16777216, (2) compile with -sALLOW_MEMORY_GROWTH which allows increasing the size at runtime, or (3) if you want malloc to return NULL (0) instead of this abort, compile with -sABORTING_MALLOC=0)
    at abort (/home/test/workspace/openh264/test/encoder_binary_comparison/AllTestData/Adobe_PDF_sample_a_1024x768_50Frms.264/h264enc.js:1031:11)
    at abortOnCannotGrowMemory (/home/test/workspace/openh264/test/encoder_binary_comparison/AllTestData/Adobe_PDF_sample_a_1024x768_50Frms.264/h264enc.js:4914:7)
    at _emscripten_resize_heap (/home/test/workspace/openh264/test/encoder_binary_comparison/AllTestData/Adobe_PDF_sample_a_1024x768_50Frms.264/h264enc.js:4919:7)
    at wasm://wasm/00265406:wasm-function[1133]:0x705f0
    at wasm://wasm/00265406:wasm-function[1121]:0x6e28d
    at wasm://wasm/00265406:wasm-function[775]:0x60eb2
    at wasm://wasm/00265406:wasm-function[357]:0x2e8f3
    at wasm://wasm/00265406:wasm-function[363]:0x2f261
    at wasm://wasm/00265406:wasm-function[555]:0x407f3
    at wasm://wasm/00265406:wasm-function[554]:0x405bd   [0m
[31m    Failed! Adobe_PDF_sample_a_1024x768_50Frms.264_x.yuv Case Index 539:SHA-1(Current--Benchmark): NULL-----9cfbd45e20bed343a0ca72542ef648e204051a2f  [0m
[31m            ----YUVSHA1:  NULL,  9aa9a4d9598eb3e1093311826844f37c43e4c521  [0m
[31m           [OpenH264] this = 0x0x514070, Error:ParamValidationExt(), WARNING: GOM based RC do not support SM_RASTER_SLICE!
Aborted(Cannot enlarge memory arrays to size 19111936 bytes (OOM). Either (1) compile with -sINITIAL_MEMORY=X with X higher than the current value 16777216, (2) compile with -sALLOW_MEMORY_GROWTH which allows increasing the size at runtime, or (3) if you want malloc to return NULL (0) instead of this abort, compile with -sABORTING_MALLOC=0)
/home/test/workspace/openh264/test/encoder_binary_comparison/AllTestData/Adobe_PDF_sample_a_1024x768_50Frms.264/h264enc.js:167
      throw ex;
      ^

RuntimeError: Aborted(Cannot enlarge memory arrays to size 19111936 bytes (OOM). Either (1) compile with -sINITIAL_MEMORY=X with X higher than the current value 16777216, (2) compile with -sALLOW_MEMORY_GROWTH which allows increasing the size at runtime, or (3) if you want malloc to return NULL (0) instead of this abort, compile with -sABORTING_MALLOC=0)
    at abort (/home/test/workspace/openh264/test/encoder_binary_comparison/AllTestData/Adobe_PDF_sample_a_1024x768_50Frms.264/h264enc.js:1031:11)
    at abortOnCannotGrowMemory (/home/test/workspace/openh264/test/encoder_binary_comparison/AllTestData/Adobe_PDF_sample_a_1024x768_50Frms.264/h264enc.js:4914:7)
    at _emscripten_resize_heap (/home/test/workspace/openh264/test/encoder_binary_comparison/AllTestData/Adobe_PDF_sample_a_1024x768_50Frms.264/h264enc.js:4919:7)
    at wasm://wasm/00265406:wasm-function[1133]:0x705f0
    at wasm://wasm/00265406:wasm-function[1121]:0x6e28d
    at wasm://wasm/00265406:wasm-function[775]:0x60eb2
    at wasm://wasm/00265406:wasm-function[357]:0x2e8f3
    at wasm://wasm/00265406:wasm-function[363]:0x2f261
    at wasm://wasm/00265406:wasm-function[555]:0x407f3
    at wasm://wasm/00265406:wasm-function[554]:0x405bd   [0m
[31m    Failed! Adobe_PDF_sample_a_1024x768_50Frms.264_x.yuv Case Index 540:SHA-1(Current--Benchmark): NULL-----9cfbd45e20bed343a0ca72542ef648e204051a2f  [0m
[31m            ----YUVSHA1:  NULL,  9aa9a4d9598eb3e1093311826844f37c43e4c521  [0m
[31m           [OpenH264] this = 0x0x514070, Error:ParamValidationExt(), WARNING: GOM based RC do not support SM_RASTER_SLICE!
Aborted(Cannot enlarge memory arrays to size 19111936 bytes (OOM). Either (1) compile with -sINITIAL_MEMORY=X with X higher than the current value 16777216, (2) compile with -sALLOW_MEMORY_GROWTH which allows increasing the size at runtime, or (3) if you want malloc to return NULL (0) instead of this abort, compile with -sABORTING_MALLOC=0)
/home/test/workspace/openh264/test/encoder_binary_comparison/AllTestData/Adobe_PDF_sample_a_1024x768_50Frms.264/h264enc.js:167
      throw ex;
      ^

RuntimeError: Aborted(Cannot enlarge memory arrays to size 19111936 bytes (OOM). Either (1) compile with -sINITIAL_MEMORY=X with X higher than the current value 16777216, (2) compile with -sALLOW_MEMORY_GROWTH which allows increasing the size at runtime, or (3) if you want malloc to return NULL (0) instead of this abort, compile with -sABORTING_MALLOC=0)
    at abort (/home/test/workspace/openh264/test/encoder_binary_comparison/AllTestData/Adobe_PDF_sample_a_1024x768_50Frms.264/h264enc.js:1031:11)
    at abortOnCannotGrowMemory (/home/test/workspace/openh264/test/encoder_binary_comparison/AllTestData/Adobe_PDF_sample_a_1024x768_50Frms.264/h264enc.js:4914:7)
    at _emscripten_resize_heap (/home/test/workspace/openh264/test/encoder_binary_comparison/AllTestData/Adobe_PDF_sample_a_1024x768_50Frms.264/h264enc.js:4919:7)
    at wasm://wasm/00265406:wasm-function[1133]:0x705f0
    at wasm://wasm/00265406:wasm-function[1121]:0x6e28d
    at wasm://wasm/00265406:wasm-function[775]:0x60eb2
    at wasm://wasm/00265406:wasm-function[357]:0x2e8f3
    at wasm://wasm/00265406:wasm-function[363]:0x2f261
    at wasm://wasm/00265406:wasm-function[555]:0x407f3
    at wasm://wasm/00265406:wasm-function[554]:0x405bd   [0m
[31m    Failed! Adobe_PDF_sample_a_1024x768_50Frms.264_x.yuv Case Index 541:SHA-1(Current--Benchmark): NULL-----9cfbd45e20bed343a0ca72542ef648e204051a2f  [0m
[31m            ----YUVSHA1:  NULL,  9aa9a4d9598eb3e1093311826844f37c43e4c521  [0m
[31m           [OpenH264] this = 0x0x514070, Error:ParamValidationExt(), WARNING: GOM based RC do not support SM_RASTER_SLICE!
Aborted(Cannot enlarge memory arrays to size 19111936 bytes (OOM). Either (1) compile with -sINITIAL_MEMORY=X with X higher than the current value 16777216, (2) compile with -sALLOW_MEMORY_GROWTH which allows increasing the size at runtime, or (3) if you want malloc to return NULL (0) instead of this abort, compile with -sABORTING_MALLOC=0)
/home/test/workspace/openh264/test/encoder_binary_comparison/AllTestData/Adobe_PDF_sample_a_1024x768_50Frms.264/h264enc.js:167
      throw ex;
      ^

RuntimeError: Aborted(Cannot enlarge memory arrays to size 19111936 bytes (OOM). Either (1) compile with -sINITIAL_MEMORY=X with X higher than the current value 16777216, (2) compile with -sALLOW_MEMORY_GROWTH which allows increasing the size at runtime, or (3) if you want malloc to return NULL (0) instead of this abort, compile with -sABORTING_MALLOC=0)
    at abort (/home/test/workspace/openh264/test/encoder_binary_comparison/AllTestData/Adobe_PDF_sample_a_1024x768_50Frms.264/h264enc.js:1031:11)
    at abortOnCannotGrowMemory (/home/test/workspace/openh264/test/encoder_binary_comparison/AllTestData/Adobe_PDF_sample_a_1024x768_50Frms.264/h264enc.js:4914:7)
    at _emscripten_resize_heap (/home/test/workspace/openh264/test/encoder_binary_comparison/AllTestData/Adobe_PDF_sample_a_1024x768_50Frms.264/h264enc.js:4919:7)
    at wasm://wasm/00265406:wasm-function[1133]:0x705f0
    at wasm://wasm/00265406:wasm-function[1121]:0x6e28d
    at wasm://wasm/00265406:wasm-function[775]:0x60eb2
    at wasm://wasm/00265406:wasm-function[357]:0x2e8f3
    at wasm://wasm/00265406:wasm-function[363]:0x2f261
    at wasm://wasm/00265406:wasm-function[555]:0x407f3
    at wasm://wasm/00265406:wasm-function[554]:0x405bd   [0m
[31m    Failed! Adobe_PDF_sample_a_1024x768_50Frms.264_x.yuv Case Index 542:SHA-1(Current--Benchmark): NULL-----9cfbd45e20bed343a0ca72542ef648e204051a2f  [0m
[31m            ----YUVSHA1:  NULL,  9aa9a4d9598eb3e1093311826844f37c43e4c521  [0m
[31m           [OpenH264] this = 0x0x514070, Error:ParamValidationExt(), WARNING: GOM based RC do not support SM_RASTER_SLICE!
Aborted(Cannot enlarge memory arrays to size 19111936 bytes (OOM). Either (1) compile with -sINITIAL_MEMORY=X with X higher than the current value 16777216, (2) compile with -sALLOW_MEMORY_GROWTH which allows increasing the size at runtime, or (3) if you want malloc to return NULL (0) instead of this abort, compile with -sABORTING_MALLOC=0)
/home/test/workspace/openh264/test/encoder_binary_comparison/AllTestData/Adobe_PDF_sample_a_1024x768_50Frms.264/h264enc.js:167
      throw ex;
      ^

RuntimeError: Aborted(Cannot enlarge memory arrays to size 19111936 bytes (OOM). Either (1) compile with -sINITIAL_MEMORY=X with X higher than the current value 16777216, (2) compile with -sALLOW_MEMORY_GROWTH which allows increasing the size at runtime, or (3) if you want malloc to return NULL (0) instead of this abort, compile with -sABORTING_MALLOC=0)
    at abort (/home/test/workspace/openh264/test/encoder_binary_comparison/AllTestData/Adobe_PDF_sample_a_1024x768_50Frms.264/h264enc.js:1031:11)
    at abortOnCannotGrowMemory (/home/test/workspace/openh264/test/encoder_binary_comparison/AllTestData/Adobe_PDF_sample_a_1024x768_50Frms.264/h264enc.js:4914:7)
    at _emscripten_resize_heap (/home/test/workspace/openh264/test/encoder_binary_comparison/AllTestData/Adobe_PDF_sample_a_1024x768_50Frms.264/h264enc.js:4919:7)
    at wasm://wasm/00265406:wasm-function[1133]:0x705f0
    at wasm://wasm/00265406:wasm-function[1121]:0x6e28d
    at wasm://wasm/00265406:wasm-function[775]:0x60eb2
    at wasm://wasm/00265406:wasm-function[357]:0x2e8f3
    at wasm://wasm/00265406:wasm-function[363]:0x2f261
    at wasm://wasm/00265406:wasm-function[555]:0x407f3
    at wasm://wasm/00265406:wasm-function[554]:0x405bd   [0m
[31m    Failed! Adobe_PDF_sample_a_1024x768_50Frms.264_x.yuv Case Index 543:SHA-1(Current--Benchmark): NULL-----9cfbd45e20bed343a0ca72542ef648e204051a2f  [0m
[31m            ----YUVSHA1:  NULL,  9aa9a4d9598eb3e1093311826844f37c43e4c521  [0m
[31m           [OpenH264] this = 0x0x514070, Error:ParamValidationExt(), WARNING: GOM based RC do not support SM_RASTER_SLICE!
Aborted(Cannot enlarge memory arrays to size 19111936 bytes (OOM). Either (1) compile with -sINITIAL_MEMORY=X with X higher than the current value 16777216, (2) compile with -sALLOW_MEMORY_GROWTH which allows increasing the size at runtime, or (3) if you want malloc to return NULL (0) instead of this abort, compile with -sABORTING_MALLOC=0)
/home/test/workspace/openh264/test/encoder_binary_comparison/AllTestData/Adobe_PDF_sample_a_1024x768_50Frms.264/h264enc.js:167
      throw ex;
      ^

RuntimeError: Aborted(Cannot enlarge memory arrays to size 19111936 bytes (OOM). Either (1) compile with -sINITIAL_MEMORY=X with X higher than the current value 16777216, (2) compile with -sALLOW_MEMORY_GROWTH which allows increasing the size at runtime, or (3) if you want malloc to return NULL (0) instead of this abort, compile with -sABORTING_MALLOC=0)
    at abort (/home/test/workspace/openh264/test/encoder_binary_comparison/AllTestData/Adobe_PDF_sample_a_1024x768_50Frms.264/h264enc.js:1031:11)
    at abortOnCannotGrowMemory (/home/test/workspace/openh264/test/encoder_binary_comparison/AllTestData/Adobe_PDF_sample_a_1024x768_50Frms.264/h264enc.js:4914:7)
    at _emscripten_resize_heap (/home/test/workspace/openh264/test/encoder_binary_comparison/AllTestData/Adobe_PDF_sample_a_1024x768_50Frms.264/h264enc.js:4919:7)
    at wasm://wasm/00265406:wasm-function[1133]:0x705f0
    at wasm://wasm/00265406:wasm-function[1121]:0x6e28d
    at wasm://wasm/00265406:wasm-function[775]:0x60eb2
    at wasm://wasm/00265406:wasm-function[357]:0x2e8f3
    at wasm://wasm/00265406:wasm-function[363]:0x2f261
    at wasm://wasm/00265406:wasm-function[555]:0x407f3
    at wasm://wasm/00265406:wasm-function[554]:0x405bd   [0m
[31m    Failed! Adobe_PDF_sample_a_1024x768_50Frms.264_x.yuv Case Index 544:SHA-1(Current--Benchmark): NULL-----f2e0e40454580c5e9fc74bb1fdd488a9c7b2246b  [0m
[31m            ----YUVSHA1:  NULL,  9aa9a4d9598eb3e1093311826844f37c43e4c521  [0m
[31m           Aborted(Cannot enlarge memory arrays to size 19116032 bytes (OOM). Either (1) compile with -sINITIAL_MEMORY=X with X higher than the current value 16777216, (2) compile with -sALLOW_MEMORY_GROWTH which allows increasing the size at runtime, or (3) if you want malloc to return NULL (0) instead of this abort, compile with -sABORTING_MALLOC=0)
/home/test/workspace/openh264/test/encoder_binary_comparison/AllTestData/Adobe_PDF_sample_a_1024x768_50Frms.264/h264enc.js:167
      throw ex;
      ^

RuntimeError: Aborted(Cannot enlarge memory arrays to size 19116032 bytes (OOM). Either (1) compile with -sINITIAL_MEMORY=X with X higher than the current value 16777216, (2) compile with -sALLOW_MEMORY_GROWTH which allows increasing the size at runtime, or (3) if you want malloc to return NULL (0) instead of this abort, compile with -sABORTING_MALLOC=0)
    at abort (/home/test/workspace/openh264/test/encoder_binary_comparison/AllTestData/Adobe_PDF_sample_a_1024x768_50Frms.264/h264enc.js:1031:11)
    at abortOnCannotGrowMemory (/home/test/workspace/openh264/test/encoder_binary_comparison/AllTestData/Adobe_PDF_sample_a_1024x768_50Frms.264/h264enc.js:4914:7)
    at _emscripten_resize_heap (/home/test/workspace/openh264/test/encoder_binary_comparison/AllTestData/Adobe_PDF_sample_a_1024x768_50Frms.264/h264enc.js:4919:7)
    at wasm://wasm/00265406:wasm-function[1133]:0x705f0
    at wasm://wasm/00265406:wasm-function[1121]:0x6e28d
    at wasm://wasm/00265406:wasm-function[775]:0x60eb2
    at wasm://wasm/00265406:wasm-function[357]:0x2e8f3
    at wasm://wasm/00265406:wasm-function[363]:0x2f261
    at wasm://wasm/00265406:wasm-function[555]:0x407f3
    at wasm://wasm/00265406:wasm-function[554]:0x405bd   [0m
[31m    Failed! Adobe_PDF_sample_a_1024x768_50Frms.264_x.yuv Case Index 545:SHA-1(Current--Benchmark): NULL-----f2e0e40454580c5e9fc74bb1fdd488a9c7b2246b  [0m
[31m            ----YUVSHA1:  NULL,  9aa9a4d9598eb3e1093311826844f37c43e4c521  [0m
[31m           Aborted(Cannot enlarge memory arrays to size 19116032 bytes (OOM). Either (1) compile with -sINITIAL_MEMORY=X with X higher than the current value 16777216, (2) compile with -sALLOW_MEMORY_GROWTH which allows increasing the size at runtime, or (3) if you want malloc to return NULL (0) instead of this abort, compile with -sABORTING_MALLOC=0)
/home/test/workspace/openh264/test/encoder_binary_comparison/AllTestData/Adobe_PDF_sample_a_1024x768_50Frms.264/h264enc.js:167
      throw ex;
      ^

RuntimeError: Aborted(Cannot enlarge memory arrays to size 19116032 bytes (OOM). Either (1) compile with -sINITIAL_MEMORY=X with X higher than the current value 16777216, (2) compile with -sALLOW_MEMORY_GROWTH which allows increasing the size at runtime, or (3) if you want malloc to return NULL (0) instead of this abort, compile with -sABORTING_MALLOC=0)
    at abort (/home/test/workspace/openh264/test/encoder_binary_comparison/AllTestData/Adobe_PDF_sample_a_1024x768_50Frms.264/h264enc.js:1031:11)
    at abortOnCannotGrowMemory (/home/test/workspace/openh264/test/encoder_binary_comparison/AllTestData/Adobe_PDF_sample_a_1024x768_50Frms.264/h264enc.js:4914:7)
    at _emscripten_resize_heap (/home/test/workspace/openh264/test/encoder_binary_comparison/AllTestData/Adobe_PDF_sample_a_1024x768_50Frms.264/h264enc.js:4919:7)
    at wasm://wasm/00265406:wasm-function[1133]:0x705f0
    at wasm://wasm/00265406:wasm-function[1121]:0x6e28d
    at wasm://wasm/00265406:wasm-function[775]:0x60eb2
    at wasm://wasm/00265406:wasm-function[357]:0x2e8f3
    at wasm://wasm/00265406:wasm-function[363]:0x2f261
    at wasm://wasm/00265406:wasm-function[555]:0x407f3
    at wasm://wasm/00265406:wasm-function[554]:0x405bd   [0m
[31m    Failed! Adobe_PDF_sample_a_1024x768_50Frms.264_x.yuv Case Index 546:SHA-1(Current--Benchmark): NULL-----f2e0e40454580c5e9fc74bb1fdd488a9c7b2246b  [0m
[31m            ----YUVSHA1:  NULL,  9aa9a4d9598eb3e1093311826844f37c43e4c521  [0m
[31m           Aborted(Cannot enlarge memory arrays to size 19116032 bytes (OOM). Either (1) compile with -sINITIAL_MEMORY=X with X higher than the current value 16777216, (2) compile with -sALLOW_MEMORY_GROWTH which allows increasing the size at runtime, or (3) if you want malloc to return NULL (0) instead of this abort, compile with -sABORTING_MALLOC=0)
/home/test/workspace/openh264/test/encoder_binary_comparison/AllTestData/Adobe_PDF_sample_a_1024x768_50Frms.264/h264enc.js:167
      throw ex;
      ^

RuntimeError: Aborted(Cannot enlarge memory arrays to size 19116032 bytes (OOM). Either (1) compile with -sINITIAL_MEMORY=X with X higher than the current value 16777216, (2) compile with -sALLOW_MEMORY_GROWTH which allows increasing the size at runtime, or (3) if you want malloc to return NULL (0) instead of this abort, compile with -sABORTING_MALLOC=0)
    at abort (/home/test/workspace/openh264/test/encoder_binary_comparison/AllTestData/Adobe_PDF_sample_a_1024x768_50Frms.264/h264enc.js:1031:11)
    at abortOnCannotGrowMemory (/home/test/workspace/openh264/test/encoder_binary_comparison/AllTestData/Adobe_PDF_sample_a_1024x768_50Frms.264/h264enc.js:4914:7)
    at _emscripten_resize_heap (/home/test/workspace/openh264/test/encoder_binary_comparison/AllTestData/Adobe_PDF_sample_a_1024x768_50Frms.264/h264enc.js:4919:7)
    at wasm://wasm/00265406:wasm-function[1133]:0x705f0
    at wasm://wasm/00265406:wasm-function[1121]:0x6e28d
    at wasm://wasm/00265406:wasm-function[775]:0x60eb2
    at wasm://wasm/00265406:wasm-function[357]:0x2e8f3
    at wasm://wasm/00265406:wasm-function[363]:0x2f261
    at wasm://wasm/00265406:wasm-function[555]:0x407f3
    at wasm://wasm/00265406:wasm-function[554]:0x405bd   [0m
[31m    Failed! Adobe_PDF_sample_a_1024x768_50Frms.264_x.yuv Case Index 547:SHA-1(Current--Benchmark): NULL-----f2e0e40454580c5e9fc74bb1fdd488a9c7b2246b  [0m
[31m            ----YUVSHA1:  NULL,  9aa9a4d9598eb3e1093311826844f37c43e4c521  [0m
[31m           Aborted(Cannot enlarge memory arrays to size 19116032 bytes (OOM). Either (1) compile with -sINITIAL_MEMORY=X with X higher than the current value 16777216, (2) compile with -sALLOW_MEMORY_GROWTH which allows increasing the size at runtime, or (3) if you want malloc to return NULL (0) instead of this abort, compile with -sABORTING_MALLOC=0)
/home/test/workspace/openh264/test/encoder_binary_comparison/AllTestData/Adobe_PDF_sample_a_1024x768_50Frms.264/h264enc.js:167
      throw ex;
      ^

RuntimeError: Aborted(Cannot enlarge memory arrays to size 19116032 bytes (OOM). Either (1) compile with -sINITIAL_MEMORY=X with X higher than the current value 16777216, (2) compile with -sALLOW_MEMORY_GROWTH which allows increasing the size at runtime, or (3) if you want malloc to return NULL (0) instead of this abort, compile with -sABORTING_MALLOC=0)
    at abort (/home/test/workspace/openh264/test/encoder_binary_comparison/AllTestData/Adobe_PDF_sample_a_1024x768_50Frms.264/h264enc.js:1031:11)
    at abortOnCannotGrowMemory (/home/test/workspace/openh264/test/encoder_binary_comparison/AllTestData/Adobe_PDF_sample_a_1024x768_50Frms.264/h264enc.js:4914:7)
    at _emscripten_resize_heap (/home/test/workspace/openh264/test/encoder_binary_comparison/AllTestData/Adobe_PDF_sample_a_1024x768_50Frms.264/h264enc.js:4919:7)
    at wasm://wasm/00265406:wasm-function[1133]:0x705f0
    at wasm://wasm/00265406:wasm-function[1121]:0x6e28d
    at wasm://wasm/00265406:wasm-function[775]:0x60eb2
    at wasm://wasm/00265406:wasm-function[357]:0x2e8f3
    at wasm://wasm/00265406:wasm-function[363]:0x2f261
    at wasm://wasm/00265406:wasm-function[555]:0x407f3
    at wasm://wasm/00265406:wasm-function[554]:0x405bd   [0m
[31m    Failed! Adobe_PDF_sample_a_1024x768_50Frms.264_x.yuv Case Index 548:SHA-1(Current--Benchmark): NULL-----f2e0e40454580c5e9fc74bb1fdd488a9c7b2246b  [0m
[31m            ----YUVSHA1:  NULL,  9aa9a4d9598eb3e1093311826844f37c43e4c521  [0m
[31m           Aborted(Cannot enlarge memory arrays to size 19116032 bytes (OOM). Either (1) compile with -sINITIAL_MEMORY=X with X higher than the current value 16777216, (2) compile with -sALLOW_MEMORY_GROWTH which allows increasing the size at runtime, or (3) if you want malloc to return NULL (0) instead of this abort, compile with -sABORTING_MALLOC=0)
/home/test/workspace/openh264/test/encoder_binary_comparison/AllTestData/Adobe_PDF_sample_a_1024x768_50Frms.264/h264enc.js:167
      throw ex;
      ^

RuntimeError: Aborted(Cannot enlarge memory arrays to size 19116032 bytes (OOM). Either (1) compile with -sINITIAL_MEMORY=X with X higher than the current value 16777216, (2) compile with -sALLOW_MEMORY_GROWTH which allows increasing the size at runtime, or (3) if you want malloc to return NULL (0) instead of this abort, compile with -sABORTING_MALLOC=0)
    at abort (/home/test/workspace/openh264/test/encoder_binary_comparison/AllTestData/Adobe_PDF_sample_a_1024x768_50Frms.264/h264enc.js:1031:11)
    at abortOnCannotGrowMemory (/home/test/workspace/openh264/test/encoder_binary_comparison/AllTestData/Adobe_PDF_sample_a_1024x768_50Frms.264/h264enc.js:4914:7)
    at _emscripten_resize_heap (/home/test/workspace/openh264/test/encoder_binary_comparison/AllTestData/Adobe_PDF_sample_a_1024x768_50Frms.264/h264enc.js:4919:7)
    at wasm://wasm/00265406:wasm-function[1133]:0x705f0
    at wasm://wasm/00265406:wasm-function[1121]:0x6e28d
    at wasm://wasm/00265406:wasm-function[775]:0x60eb2
    at wasm://wasm/00265406:wasm-function[357]:0x2e8f3
    at wasm://wasm/00265406:wasm-function[363]:0x2f261
    at wasm://wasm/00265406:wasm-function[555]:0x407f3
    at wasm://wasm/00265406:wasm-function[554]:0x405bd   [0m
[31m    Failed! Adobe_PDF_sample_a_1024x768_50Frms.264_x.yuv Case Index 549:SHA-1(Current--Benchmark): NULL-----f2e0e40454580c5e9fc74bb1fdd488a9c7b2246b  [0m
[31m            ----YUVSHA1:  NULL,  9aa9a4d9598eb3e1093311826844f37c43e4c521  [0m
[31m           Aborted(Cannot enlarge memory arrays to size 19116032 bytes (OOM). Either (1) compile with -sINITIAL_MEMORY=X with X higher than the current value 16777216, (2) compile with -sALLOW_MEMORY_GROWTH which allows increasing the size at runtime, or (3) if you want malloc to return NULL (0) instead of this abort, compile with -sABORTING_MALLOC=0)
/home/test/workspace/openh264/test/encoder_binary_comparison/AllTestData/Adobe_PDF_sample_a_1024x768_50Frms.264/h264enc.js:167
      throw ex;
      ^

RuntimeError: Aborted(Cannot enlarge memory arrays to size 19116032 bytes (OOM). Either (1) compile with -sINITIAL_MEMORY=X with X higher than the current value 16777216, (2) compile with -sALLOW_MEMORY_GROWTH which allows increasing the size at runtime, or (3) if you want malloc to return NULL (0) instead of this abort, compile with -sABORTING_MALLOC=0)
    at abort (/home/test/workspace/openh264/test/encoder_binary_comparison/AllTestData/Adobe_PDF_sample_a_1024x768_50Frms.264/h264enc.js:1031:11)
    at abortOnCannotGrowMemory (/home/test/workspace/openh264/test/encoder_binary_comparison/AllTestData/Adobe_PDF_sample_a_1024x768_50Frms.264/h264enc.js:4914:7)
    at _emscripten_resize_heap (/home/test/workspace/openh264/test/encoder_binary_comparison/AllTestData/Adobe_PDF_sample_a_1024x768_50Frms.264/h264enc.js:4919:7)
    at wasm://wasm/00265406:wasm-function[1133]:0x705f0
    at wasm://wasm/00265406:wasm-function[1121]:0x6e28d
    at wasm://wasm/00265406:wasm-function[775]:0x60eb2
    at wasm://wasm/00265406:wasm-function[357]:0x2e8f3
    at wasm://wasm/00265406:wasm-function[363]:0x2f261
    at wasm://wasm/00265406:wasm-function[555]:0x407f3
    at wasm://wasm/00265406:wasm-function[554]:0x405bd   [0m
[31m    Failed! Adobe_PDF_sample_a_1024x768_50Frms.264_x.yuv Case Index 550:SHA-1(Current--Benchmark): NULL-----f2e0e40454580c5e9fc74bb1fdd488a9c7b2246b  [0m
[31m            ----YUVSHA1:  NULL,  9aa9a4d9598eb3e1093311826844f37c43e4c521  [0m
[31m           Aborted(Cannot enlarge memory arrays to size 19116032 bytes (OOM). Either (1) compile with -sINITIAL_MEMORY=X with X higher than the current value 16777216, (2) compile with -sALLOW_MEMORY_GROWTH which allows increasing the size at runtime, or (3) if you want malloc to return NULL (0) instead of this abort, compile with -sABORTING_MALLOC=0)
/home/test/workspace/openh264/test/encoder_binary_comparison/AllTestData/Adobe_PDF_sample_a_1024x768_50Frms.264/h264enc.js:167
      throw ex;
      ^

RuntimeError: Aborted(Cannot enlarge memory arrays to size 19116032 bytes (OOM). Either (1) compile with -sINITIAL_MEMORY=X with X higher than the current value 16777216, (2) compile with -sALLOW_MEMORY_GROWTH which allows increasing the size at runtime, or (3) if you want malloc to return NULL (0) instead of this abort, compile with -sABORTING_MALLOC=0)
    at abort (/home/test/workspace/openh264/test/encoder_binary_comparison/AllTestData/Adobe_PDF_sample_a_1024x768_50Frms.264/h264enc.js:1031:11)
    at abortOnCannotGrowMemory (/home/test/workspace/openh264/test/encoder_binary_comparison/AllTestData/Adobe_PDF_sample_a_1024x768_50Frms.264/h264enc.js:4914:7)
    at _emscripten_resize_heap (/home/test/workspace/openh264/test/encoder_binary_comparison/AllTestData/Adobe_PDF_sample_a_1024x768_50Frms.264/h264enc.js:4919:7)
    at wasm://wasm/00265406:wasm-function[1133]:0x705f0
    at wasm://wasm/00265406:wasm-function[1121]:0x6e28d
    at wasm://wasm/00265406:wasm-function[775]:0x60eb2
    at wasm://wasm/00265406:wasm-function[357]:0x2e8f3
    at wasm://wasm/00265406:wasm-function[363]:0x2f261
    at wasm://wasm/00265406:wasm-function[555]:0x407f3
    at wasm://wasm/00265406:wasm-function[554]:0x405bd   [0m
[31m    Failed! Adobe_PDF_sample_a_1024x768_50Frms.264_x.yuv Case Index 551:SHA-1(Current--Benchmark): NULL-----f2e0e40454580c5e9fc74bb1fdd488a9c7b2246b  [0m
[31m            ----YUVSHA1:  NULL,  9aa9a4d9598eb3e1093311826844f37c43e4c521  [0m
[31m           Aborted(Cannot enlarge memory arrays to size 19116032 bytes (OOM). Either (1) compile with -sINITIAL_MEMORY=X with X higher than the current value 16777216, (2) compile with -sALLOW_MEMORY_GROWTH which allows increasing the size at runtime, or (3) if you want malloc to return NULL (0) instead of this abort, compile with -sABORTING_MALLOC=0)
/home/test/workspace/openh264/test/encoder_binary_comparison/AllTestData/Adobe_PDF_sample_a_1024x768_50Frms.264/h264enc.js:167
      throw ex;
      ^

RuntimeError: Aborted(Cannot enlarge memory arrays to size 19116032 bytes (OOM). Either (1) compile with -sINITIAL_MEMORY=X with X higher than the current value 16777216, (2) compile with -sALLOW_MEMORY_GROWTH which allows increasing the size at runtime, or (3) if you want malloc to return NULL (0) instead of this abort, compile with -sABORTING_MALLOC=0)
    at abort (/home/test/workspace/openh264/test/encoder_binary_comparison/AllTestData/Adobe_PDF_sample_a_1024x768_50Frms.264/h264enc.js:1031:11)
    at abortOnCannotGrowMemory (/home/test/workspace/openh264/test/encoder_binary_comparison/AllTestData/Adobe_PDF_sample_a_1024x768_50Frms.264/h264enc.js:4914:7)
    at _emscripten_resize_heap (/home/test/workspace/openh264/test/encoder_binary_comparison/AllTestData/Adobe_PDF_sample_a_1024x768_50Frms.264/h264enc.js:4919:7)
    at wasm://wasm/00265406:wasm-function[1133]:0x705f0
    at wasm://wasm/00265406:wasm-function[1121]:0x6e28d
    at wasm://wasm/00265406:wasm-function[775]:0x60eb2
    at wasm://wasm/00265406:wasm-function[357]:0x2e8f3
    at wasm://wasm/00265406:wasm-function[363]:0x2f261
    at wasm://wasm/00265406:wasm-function[555]:0x407f3
    at wasm://wasm/00265406:wasm-function[554]:0x405bd   [0m
[31m    Failed! Adobe_PDF_sample_a_1024x768_50Frms.264_x.yuv Case Index 552:SHA-1(Current--Benchmark): NULL-----f2e0e40454580c5e9fc74bb1fdd488a9c7b2246b  [0m
[31m            ----YUVSHA1:  NULL,  9aa9a4d9598eb3e1093311826844f37c43e4c521  [0m
[31m           Aborted(Cannot enlarge memory arrays to size 19116032 bytes (OOM). Either (1) compile with -sINITIAL_MEMORY=X with X higher than the current value 16777216, (2) compile with -sALLOW_MEMORY_GROWTH which allows increasing the size at runtime, or (3) if you want malloc to return NULL (0) instead of this abort, compile with -sABORTING_MALLOC=0)
/home/test/workspace/openh264/test/encoder_binary_comparison/AllTestData/Adobe_PDF_sample_a_1024x768_50Frms.264/h264enc.js:167
      throw ex;
      ^

RuntimeError: Aborted(Cannot enlarge memory arrays to size 19116032 bytes (OOM). Either (1) compile with -sINITIAL_MEMORY=X with X higher than the current value 16777216, (2) compile with -sALLOW_MEMORY_GROWTH which allows increasing the size at runtime, or (3) if you want malloc to return NULL (0) instead of this abort, compile with -sABORTING_MALLOC=0)
    at abort (/home/test/workspace/openh264/test/encoder_binary_comparison/AllTestData/Adobe_PDF_sample_a_1024x768_50Frms.264/h264enc.js:1031:11)
    at abortOnCannotGrowMemory (/home/test/workspace/openh264/test/encoder_binary_comparison/AllTestData/Adobe_PDF_sample_a_1024x768_50Frms.264/h264enc.js:4914:7)
    at _emscripten_resize_heap (/home/test/workspace/openh264/test/encoder_binary_comparison/AllTestData/Adobe_PDF_sample_a_1024x768_50Frms.264/h264enc.js:4919:7)
    at wasm://wasm/00265406:wasm-function[1133]:0x705f0
    at wasm://wasm/00265406:wasm-function[1121]:0x6e28d
    at wasm://wasm/00265406:wasm-function[775]:0x60eb2
    at wasm://wasm/00265406:wasm-function[357]:0x2e8f3
    at wasm://wasm/00265406:wasm-function[363]:0x2f261
    at wasm://wasm/00265406:wasm-function[555]:0x407f3
    at wasm://wasm/00265406:wasm-function[554]:0x405bd   [0m
[31m    Failed! Adobe_PDF_sample_a_1024x768_50Frms.264_x.yuv Case Index 553:SHA-1(Current--Benchmark): NULL-----f2e0e40454580c5e9fc74bb1fdd488a9c7b2246b  [0m
[31m            ----YUVSHA1:  NULL,  9aa9a4d9598eb3e1093311826844f37c43e4c521  [0m
[31m           Aborted(Cannot enlarge memory arrays to size 19116032 bytes (OOM). Either (1) compile with -sINITIAL_MEMORY=X with X higher than the current value 16777216, (2) compile with -sALLOW_MEMORY_GROWTH which allows increasing the size at runtime, or (3) if you want malloc to return NULL (0) instead of this abort, compile with -sABORTING_MALLOC=0)
/home/test/workspace/openh264/test/encoder_binary_comparison/AllTestData/Adobe_PDF_sample_a_1024x768_50Frms.264/h264enc.js:167
      throw ex;
      ^

RuntimeError: Aborted(Cannot enlarge memory arrays to size 19116032 bytes (OOM). Either (1) compile with -sINITIAL_MEMORY=X with X higher than the current value 16777216, (2) compile with -sALLOW_MEMORY_GROWTH which allows increasing the size at runtime, or (3) if you want malloc to return NULL (0) instead of this abort, compile with -sABORTING_MALLOC=0)
    at abort (/home/test/workspace/openh264/test/encoder_binary_comparison/AllTestData/Adobe_PDF_sample_a_1024x768_50Frms.264/h264enc.js:1031:11)
    at abortOnCannotGrowMemory (/home/test/workspace/openh264/test/encoder_binary_comparison/AllTestData/Adobe_PDF_sample_a_1024x768_50Frms.264/h264enc.js:4914:7)
    at _emscripten_resize_heap (/home/test/workspace/openh264/test/encoder_binary_comparison/AllTestData/Adobe_PDF_sample_a_1024x768_50Frms.264/h264enc.js:4919:7)
    at wasm://wasm/00265406:wasm-function[1133]:0x705f0
    at wasm://wasm/00265406:wasm-function[1121]:0x6e28d
    at wasm://wasm/00265406:wasm-function[775]:0x60eb2
    at wasm://wasm/00265406:wasm-function[357]:0x2e8f3
    at wasm://wasm/00265406:wasm-function[363]:0x2f261
    at wasm://wasm/00265406:wasm-function[555]:0x407f3
    at wasm://wasm/00265406:wasm-function[554]:0x405bd   [0m
[31m    Failed! Adobe_PDF_sample_a_1024x768_50Frms.264_x.yuv Case Index 554:SHA-1(Current--Benchmark): NULL-----f2e0e40454580c5e9fc74bb1fdd488a9c7b2246b  [0m
[31m            ----YUVSHA1:  NULL,  9aa9a4d9598eb3e1093311826844f37c43e4c521  [0m
[31m           Aborted(Cannot enlarge memory arrays to size 19116032 bytes (OOM). Either (1) compile with -sINITIAL_MEMORY=X with X higher than the current value 16777216, (2) compile with -sALLOW_MEMORY_GROWTH which allows increasing the size at runtime, or (3) if you want malloc to return NULL (0) instead of this abort, compile with -sABORTING_MALLOC=0)
/home/test/workspace/openh264/test/encoder_binary_comparison/AllTestData/Adobe_PDF_sample_a_1024x768_50Frms.264/h264enc.js:167
      throw ex;
      ^

RuntimeError: Aborted(Cannot enlarge memory arrays to size 19116032 bytes (OOM). Either (1) compile with -sINITIAL_MEMORY=X with X higher than the current value 16777216, (2) compile with -sALLOW_MEMORY_GROWTH which allows increasing the size at runtime, or (3) if you want malloc to return NULL (0) instead of this abort, compile with -sABORTING_MALLOC=0)
    at abort (/home/test/workspace/openh264/test/encoder_binary_comparison/AllTestData/Adobe_PDF_sample_a_1024x768_50Frms.264/h264enc.js:1031:11)
    at abortOnCannotGrowMemory (/home/test/workspace/openh264/test/encoder_binary_comparison/AllTestData/Adobe_PDF_sample_a_1024x768_50Frms.264/h264enc.js:4914:7)
    at _emscripten_resize_heap (/home/test/workspace/openh264/test/encoder_binary_comparison/AllTestData/Adobe_PDF_sample_a_1024x768_50Frms.264/h264enc.js:4919:7)
    at wasm://wasm/00265406:wasm-function[1133]:0x705f0
    at wasm://wasm/00265406:wasm-function[1121]:0x6e28d
    at wasm://wasm/00265406:wasm-function[775]:0x60eb2
    at wasm://wasm/00265406:wasm-function[357]:0x2e8f3
    at wasm://wasm/00265406:wasm-function[363]:0x2f261
    at wasm://wasm/00265406:wasm-function[555]:0x407f3
    at wasm://wasm/00265406:wasm-function[554]:0x405bd   [0m
[31m    Failed! Adobe_PDF_sample_a_1024x768_50Frms.264_x.yuv Case Index 555:SHA-1(Current--Benchmark): NULL-----f2e0e40454580c5e9fc74bb1fdd488a9c7b2246b  [0m
[31m            ----YUVSHA1:  NULL,  9aa9a4d9598eb3e1093311826844f37c43e4c521  [0m
[31m           Aborted(Cannot enlarge memory arrays to size 19116032 bytes (OOM). Either (1) compile with -sINITIAL_MEMORY=X with X higher than the current value 16777216, (2) compile with -sALLOW_MEMORY_GROWTH which allows increasing the size at runtime, or (3) if you want malloc to return NULL (0) instead of this abort, compile with -sABORTING_MALLOC=0)
/home/test/workspace/openh264/test/encoder_binary_comparison/AllTestData/Adobe_PDF_sample_a_1024x768_50Frms.264/h264enc.js:167
      throw ex;
      ^

RuntimeError: Aborted(Cannot enlarge memory arrays to size 19116032 bytes (OOM). Either (1) compile with -sINITIAL_MEMORY=X with X higher than the current value 16777216, (2) compile with -sALLOW_MEMORY_GROWTH which allows increasing the size at runtime, or (3) if you want malloc to return NULL (0) instead of this abort, compile with -sABORTING_MALLOC=0)
    at abort (/home/test/workspace/openh264/test/encoder_binary_comparison/AllTestData/Adobe_PDF_sample_a_1024x768_50Frms.264/h264enc.js:1031:11)
    at abortOnCannotGrowMemory (/home/test/workspace/openh264/test/encoder_binary_comparison/AllTestData/Adobe_PDF_sample_a_1024x768_50Frms.264/h264enc.js:4914:7)
    at _emscripten_resize_heap (/home/test/workspace/openh264/test/encoder_binary_comparison/AllTestData/Adobe_PDF_sample_a_1024x768_50Frms.264/h264enc.js:4919:7)
    at wasm://wasm/00265406:wasm-function[1133]:0x705f0
    at wasm://wasm/00265406:wasm-function[1121]:0x6e28d
    at wasm://wasm/00265406:wasm-function[775]:0x60eb2
    at wasm://wasm/00265406:wasm-function[357]:0x2e8f3
    at wasm://wasm/00265406:wasm-function[363]:0x2f261
    at wasm://wasm/00265406:wasm-function[555]:0x407f3
    at wasm://wasm/00265406:wasm-function[554]:0x405bd   [0m
[31m    Failed! Adobe_PDF_sample_a_1024x768_50Frms.264_x.yuv Case Index 556:SHA-1(Current--Benchmark): NULL-----f2e0e40454580c5e9fc74bb1fdd488a9c7b2246b  [0m
[31m            ----YUVSHA1:  NULL,  9aa9a4d9598eb3e1093311826844f37c43e4c521  [0m
[31m           Aborted(Cannot enlarge memory arrays to size 19116032 bytes (OOM). Either (1) compile with -sINITIAL_MEMORY=X with X higher than the current value 16777216, (2) compile with -sALLOW_MEMORY_GROWTH which allows increasing the size at runtime, or (3) if you want malloc to return NULL (0) instead of this abort, compile with -sABORTING_MALLOC=0)
/home/test/workspace/openh264/test/encoder_binary_comparison/AllTestData/Adobe_PDF_sample_a_1024x768_50Frms.264/h264enc.js:167
      throw ex;
      ^

RuntimeError: Aborted(Cannot enlarge memory arrays to size 19116032 bytes (OOM). Either (1) compile with -sINITIAL_MEMORY=X with X higher than the current value 16777216, (2) compile with -sALLOW_MEMORY_GROWTH which allows increasing the size at runtime, or (3) if you want malloc to return NULL (0) instead of this abort, compile with -sABORTING_MALLOC=0)
    at abort (/home/test/workspace/openh264/test/encoder_binary_comparison/AllTestData/Adobe_PDF_sample_a_1024x768_50Frms.264/h264enc.js:1031:11)
    at abortOnCannotGrowMemory (/home/test/workspace/openh264/test/encoder_binary_comparison/AllTestData/Adobe_PDF_sample_a_1024x768_50Frms.264/h264enc.js:4914:7)
    at _emscripten_resize_heap (/home/test/workspace/openh264/test/encoder_binary_comparison/AllTestData/Adobe_PDF_sample_a_1024x768_50Frms.264/h264enc.js:4919:7)
    at wasm://wasm/00265406:wasm-function[1133]:0x705f0
    at wasm://wasm/00265406:wasm-function[1121]:0x6e28d
    at wasm://wasm/00265406:wasm-function[775]:0x60eb2
    at wasm://wasm/00265406:wasm-function[357]:0x2e8f3
    at wasm://wasm/00265406:wasm-function[363]:0x2f261
    at wasm://wasm/00265406:wasm-function[555]:0x407f3
    at wasm://wasm/00265406:wasm-function[554]:0x405bd   [0m
[31m    Failed! Adobe_PDF_sample_a_1024x768_50Frms.264_x.yuv Case Index 557:SHA-1(Current--Benchmark): NULL-----f2e0e40454580c5e9fc74bb1fdd488a9c7b2246b  [0m
[31m            ----YUVSHA1:  NULL,  9aa9a4d9598eb3e1093311826844f37c43e4c521  [0m
[31m           Aborted(Cannot enlarge memory arrays to size 19116032 bytes (OOM). Either (1) compile with -sINITIAL_MEMORY=X with X higher than the current value 16777216, (2) compile with -sALLOW_MEMORY_GROWTH which allows increasing the size at runtime, or (3) if you want malloc to return NULL (0) instead of this abort, compile with -sABORTING_MALLOC=0)
/home/test/workspace/openh264/test/encoder_binary_comparison/AllTestData/Adobe_PDF_sample_a_1024x768_50Frms.264/h264enc.js:167
      throw ex;
      ^

RuntimeError: Aborted(Cannot enlarge memory arrays to size 19116032 bytes (OOM). Either (1) compile with -sINITIAL_MEMORY=X with X higher than the current value 16777216, (2) compile with -sALLOW_MEMORY_GROWTH which allows increasing the size at runtime, or (3) if you want malloc to return NULL (0) instead of this abort, compile with -sABORTING_MALLOC=0)
    at abort (/home/test/workspace/openh264/test/encoder_binary_comparison/AllTestData/Adobe_PDF_sample_a_1024x768_50Frms.264/h264enc.js:1031:11)
    at abortOnCannotGrowMemory (/home/test/workspace/openh264/test/encoder_binary_comparison/AllTestData/Adobe_PDF_sample_a_1024x768_50Frms.264/h264enc.js:4914:7)
    at _emscripten_resize_heap (/home/test/workspace/openh264/test/encoder_binary_comparison/AllTestData/Adobe_PDF_sample_a_1024x768_50Frms.264/h264enc.js:4919:7)
    at wasm://wasm/00265406:wasm-function[1133]:0x705f0
    at wasm://wasm/00265406:wasm-function[1121]:0x6e28d
    at wasm://wasm/00265406:wasm-function[775]:0x60eb2
    at wasm://wasm/00265406:wasm-function[357]:0x2e8f3
    at wasm://wasm/00265406:wasm-function[363]:0x2f261
    at wasm://wasm/00265406:wasm-function[555]:0x407f3
    at wasm://wasm/00265406:wasm-function[554]:0x405bd   [0m
[31m    Failed! Adobe_PDF_sample_a_1024x768_50Frms.264_x.yuv Case Index 558:SHA-1(Current--Benchmark): NULL-----f2e0e40454580c5e9fc74bb1fdd488a9c7b2246b  [0m
[31m            ----YUVSHA1:  NULL,  9aa9a4d9598eb3e1093311826844f37c43e4c521  [0m
[31m           Aborted(Cannot enlarge memory arrays to size 19116032 bytes (OOM). Either (1) compile with -sINITIAL_MEMORY=X with X higher than the current value 16777216, (2) compile with -sALLOW_MEMORY_GROWTH which allows increasing the size at runtime, or (3) if you want malloc to return NULL (0) instead of this abort, compile with -sABORTING_MALLOC=0)
/home/test/workspace/openh264/test/encoder_binary_comparison/AllTestData/Adobe_PDF_sample_a_1024x768_50Frms.264/h264enc.js:167
      throw ex;
      ^

RuntimeError: Aborted(Cannot enlarge memory arrays to size 19116032 bytes (OOM). Either (1) compile with -sINITIAL_MEMORY=X with X higher than the current value 16777216, (2) compile with -sALLOW_MEMORY_GROWTH which allows increasing the size at runtime, or (3) if you want malloc to return NULL (0) instead of this abort, compile with -sABORTING_MALLOC=0)
    at abort (/home/test/workspace/openh264/test/encoder_binary_comparison/AllTestData/Adobe_PDF_sample_a_1024x768_50Frms.264/h264enc.js:1031:11)
    at abortOnCannotGrowMemory (/home/test/workspace/openh264/test/encoder_binary_comparison/AllTestData/Adobe_PDF_sample_a_1024x768_50Frms.264/h264enc.js:4914:7)
    at _emscripten_resize_heap (/home/test/workspace/openh264/test/encoder_binary_comparison/AllTestData/Adobe_PDF_sample_a_1024x768_50Frms.264/h264enc.js:4919:7)
    at wasm://wasm/00265406:wasm-function[1133]:0x705f0
    at wasm://wasm/00265406:wasm-function[1121]:0x6e28d
    at wasm://wasm/00265406:wasm-function[775]:0x60eb2
    at wasm://wasm/00265406:wasm-function[357]:0x2e8f3
    at wasm://wasm/00265406:wasm-function[363]:0x2f261
    at wasm://wasm/00265406:wasm-function[555]:0x407f3
    at wasm://wasm/00265406:wasm-function[554]:0x405bd   [0m
[31m    Failed! Adobe_PDF_sample_a_1024x768_50Frms.264_x.yuv Case Index 559:SHA-1(Current--Benchmark): NULL-----f2e0e40454580c5e9fc74bb1fdd488a9c7b2246b  [0m
[31m            ----YUVSHA1:  NULL,  9aa9a4d9598eb3e1093311826844f37c43e4c521  [0m
[31m           Aborted(Cannot enlarge memory arrays to size 19116032 bytes (OOM). Either (1) compile with -sINITIAL_MEMORY=X with X higher than the current value 16777216, (2) compile with -sALLOW_MEMORY_GROWTH which allows increasing the size at runtime, or (3) if you want malloc to return NULL (0) instead of this abort, compile with -sABORTING_MALLOC=0)
/home/test/workspace/openh264/test/encoder_binary_comparison/AllTestData/Adobe_PDF_sample_a_1024x768_50Frms.264/h264enc.js:167
      throw ex;
      ^

RuntimeError: Aborted(Cannot enlarge memory arrays to size 19116032 bytes (OOM). Either (1) compile with -sINITIAL_MEMORY=X with X higher than the current value 16777216, (2) compile with -sALLOW_MEMORY_GROWTH which allows increasing the size at runtime, or (3) if you want malloc to return NULL (0) instead of this abort, compile with -sABORTING_MALLOC=0)
    at abort (/home/test/workspace/openh264/test/encoder_binary_comparison/AllTestData/Adobe_PDF_sample_a_1024x768_50Frms.264/h264enc.js:1031:11)
    at abortOnCannotGrowMemory (/home/test/workspace/openh264/test/encoder_binary_comparison/AllTestData/Adobe_PDF_sample_a_1024x768_50Frms.264/h264enc.js:4914:7)
    at _emscripten_resize_heap (/home/test/workspace/openh264/test/encoder_binary_comparison/AllTestData/Adobe_PDF_sample_a_1024x768_50Frms.264/h264enc.js:4919:7)
    at wasm://wasm/00265406:wasm-function[1133]:0x705f0
    at wasm://wasm/00265406:wasm-function[1121]:0x6e28d
    at wasm://wasm/00265406:wasm-function[775]:0x60eb2
    at wasm://wasm/00265406:wasm-function[357]:0x2e8f3
    at wasm://wasm/00265406:wasm-function[363]:0x2f261
    at wasm://wasm/00265406:wasm-function[555]:0x407f3
    at wasm://wasm/00265406:wasm-function[554]:0x405bd   [0m
[31m    Failed! Adobe_PDF_sample_a_1024x768_50Frms.264_x.yuv Case Index 560:SHA-1(Current--Benchmark): NULL-----f2e0e40454580c5e9fc74bb1fdd488a9c7b2246b  [0m
[31m            ----YUVSHA1:  NULL,  9aa9a4d9598eb3e1093311826844f37c43e4c521  [0m
[31m           Aborted(Cannot enlarge memory arrays to size 19116032 bytes (OOM). Either (1) compile with -sINITIAL_MEMORY=X with X higher than the current value 16777216, (2) compile with -sALLOW_MEMORY_GROWTH which allows increasing the size at runtime, or (3) if you want malloc to return NULL (0) instead of this abort, compile with -sABORTING_MALLOC=0)
/home/test/workspace/openh264/test/encoder_binary_comparison/AllTestData/Adobe_PDF_sample_a_1024x768_50Frms.264/h264enc.js:167
      throw ex;
      ^

RuntimeError: Aborted(Cannot enlarge memory arrays to size 19116032 bytes (OOM). Either (1) compile with -sINITIAL_MEMORY=X with X higher than the current value 16777216, (2) compile with -sALLOW_MEMORY_GROWTH which allows increasing the size at runtime, or (3) if you want malloc to return NULL (0) instead of this abort, compile with -sABORTING_MALLOC=0)
    at abort (/home/test/workspace/openh264/test/encoder_binary_comparison/AllTestData/Adobe_PDF_sample_a_1024x768_50Frms.264/h264enc.js:1031:11)
    at abortOnCannotGrowMemory (/home/test/workspace/openh264/test/encoder_binary_comparison/AllTestData/Adobe_PDF_sample_a_1024x768_50Frms.264/h264enc.js:4914:7)
    at _emscripten_resize_heap (/home/test/workspace/openh264/test/encoder_binary_comparison/AllTestData/Adobe_PDF_sample_a_1024x768_50Frms.264/h264enc.js:4919:7)
    at wasm://wasm/00265406:wasm-function[1133]:0x705f0
    at wasm://wasm/00265406:wasm-function[1121]:0x6e28d
    at wasm://wasm/00265406:wasm-function[775]:0x60eb2
    at wasm://wasm/00265406:wasm-function[357]:0x2e8f3
    at wasm://wasm/00265406:wasm-function[363]:0x2f261
    at wasm://wasm/00265406:wasm-function[555]:0x407f3
    at wasm://wasm/00265406:wasm-function[554]:0x405bd   [0m
[31m    Failed! Adobe_PDF_sample_a_1024x768_50Frms.264_x.yuv Case Index 561:SHA-1(Current--Benchmark): NULL-----f2e0e40454580c5e9fc74bb1fdd488a9c7b2246b  [0m
[31m            ----YUVSHA1:  NULL,  9aa9a4d9598eb3e1093311826844f37c43e4c521  [0m
[31m           Aborted(Cannot enlarge memory arrays to size 19116032 bytes (OOM). Either (1) compile with -sINITIAL_MEMORY=X with X higher than the current value 16777216, (2) compile with -sALLOW_MEMORY_GROWTH which allows increasing the size at runtime, or (3) if you want malloc to return NULL (0) instead of this abort, compile with -sABORTING_MALLOC=0)
/home/test/workspace/openh264/test/encoder_binary_comparison/AllTestData/Adobe_PDF_sample_a_1024x768_50Frms.264/h264enc.js:167
      throw ex;
      ^

RuntimeError: Aborted(Cannot enlarge memory arrays to size 19116032 bytes (OOM). Either (1) compile with -sINITIAL_MEMORY=X with X higher than the current value 16777216, (2) compile with -sALLOW_MEMORY_GROWTH which allows increasing the size at runtime, or (3) if you want malloc to return NULL (0) instead of this abort, compile with -sABORTING_MALLOC=0)
    at abort (/home/test/workspace/openh264/test/encoder_binary_comparison/AllTestData/Adobe_PDF_sample_a_1024x768_50Frms.264/h264enc.js:1031:11)
    at abortOnCannotGrowMemory (/home/test/workspace/openh264/test/encoder_binary_comparison/AllTestData/Adobe_PDF_sample_a_1024x768_50Frms.264/h264enc.js:4914:7)
    at _emscripten_resize_heap (/home/test/workspace/openh264/test/encoder_binary_comparison/AllTestData/Adobe_PDF_sample_a_1024x768_50Frms.264/h264enc.js:4919:7)
    at wasm://wasm/00265406:wasm-function[1133]:0x705f0
    at wasm://wasm/00265406:wasm-function[1121]:0x6e28d
    at wasm://wasm/00265406:wasm-function[775]:0x60eb2
    at wasm://wasm/00265406:wasm-function[357]:0x2e8f3
    at wasm://wasm/00265406:wasm-function[363]:0x2f261
    at wasm://wasm/00265406:wasm-function[555]:0x407f3
    at wasm://wasm/00265406:wasm-function[554]:0x405bd   [0m
[31m    Failed! Adobe_PDF_sample_a_1024x768_50Frms.264_x.yuv Case Index 562:SHA-1(Current--Benchmark): NULL-----f2e0e40454580c5e9fc74bb1fdd488a9c7b2246b  [0m
[31m            ----YUVSHA1:  NULL,  9aa9a4d9598eb3e1093311826844f37c43e4c521  [0m
[31m           Aborted(Cannot enlarge memory arrays to size 19116032 bytes (OOM). Either (1) compile with -sINITIAL_MEMORY=X with X higher than the current value 16777216, (2) compile with -sALLOW_MEMORY_GROWTH which allows increasing the size at runtime, or (3) if you want malloc to return NULL (0) instead of this abort, compile with -sABORTING_MALLOC=0)
/home/test/workspace/openh264/test/encoder_binary_comparison/AllTestData/Adobe_PDF_sample_a_1024x768_50Frms.264/h264enc.js:167
      throw ex;
      ^

RuntimeError: Aborted(Cannot enlarge memory arrays to size 19116032 bytes (OOM). Either (1) compile with -sINITIAL_MEMORY=X with X higher than the current value 16777216, (2) compile with -sALLOW_MEMORY_GROWTH which allows increasing the size at runtime, or (3) if you want malloc to return NULL (0) instead of this abort, compile with -sABORTING_MALLOC=0)
    at abort (/home/test/workspace/openh264/test/encoder_binary_comparison/AllTestData/Adobe_PDF_sample_a_1024x768_50Frms.264/h264enc.js:1031:11)
    at abortOnCannotGrowMemory (/home/test/workspace/openh264/test/encoder_binary_comparison/AllTestData/Adobe_PDF_sample_a_1024x768_50Frms.264/h264enc.js:4914:7)
    at _emscripten_resize_heap (/home/test/workspace/openh264/test/encoder_binary_comparison/AllTestData/Adobe_PDF_sample_a_1024x768_50Frms.264/h264enc.js:4919:7)
    at wasm://wasm/00265406:wasm-function[1133]:0x705f0
    at wasm://wasm/00265406:wasm-function[1121]:0x6e28d
    at wasm://wasm/00265406:wasm-function[775]:0x60eb2
    at wasm://wasm/00265406:wasm-function[357]:0x2e8f3
    at wasm://wasm/00265406:wasm-function[363]:0x2f261
    at wasm://wasm/00265406:wasm-function[555]:0x407f3
    at wasm://wasm/00265406:wasm-function[554]:0x405bd   [0m
[31m    Failed! Adobe_PDF_sample_a_1024x768_50Frms.264_x.yuv Case Index 563:SHA-1(Current--Benchmark): NULL-----f2e0e40454580c5e9fc74bb1fdd488a9c7b2246b  [0m
[31m            ----YUVSHA1:  NULL,  9aa9a4d9598eb3e1093311826844f37c43e4c521  [0m
[31m           Aborted(Cannot enlarge memory arrays to size 19116032 bytes (OOM). Either (1) compile with -sINITIAL_MEMORY=X with X higher than the current value 16777216, (2) compile with -sALLOW_MEMORY_GROWTH which allows increasing the size at runtime, or (3) if you want malloc to return NULL (0) instead of this abort, compile with -sABORTING_MALLOC=0)
/home/test/workspace/openh264/test/encoder_binary_comparison/AllTestData/Adobe_PDF_sample_a_1024x768_50Frms.264/h264enc.js:167
      throw ex;
      ^

RuntimeError: Aborted(Cannot enlarge memory arrays to size 19116032 bytes (OOM). Either (1) compile with -sINITIAL_MEMORY=X with X higher than the current value 16777216, (2) compile with -sALLOW_MEMORY_GROWTH which allows increasing the size at runtime, or (3) if you want malloc to return NULL (0) instead of this abort, compile with -sABORTING_MALLOC=0)
    at abort (/home/test/workspace/openh264/test/encoder_binary_comparison/AllTestData/Adobe_PDF_sample_a_1024x768_50Frms.264/h264enc.js:1031:11)
    at abortOnCannotGrowMemory (/home/test/workspace/openh264/test/encoder_binary_comparison/AllTestData/Adobe_PDF_sample_a_1024x768_50Frms.264/h264enc.js:4914:7)
    at _emscripten_resize_heap (/home/test/workspace/openh264/test/encoder_binary_comparison/AllTestData/Adobe_PDF_sample_a_1024x768_50Frms.264/h264enc.js:4919:7)
    at wasm://wasm/00265406:wasm-function[1133]:0x705f0
    at wasm://wasm/00265406:wasm-function[1121]:0x6e28d
    at wasm://wasm/00265406:wasm-function[775]:0x60eb2
    at wasm://wasm/00265406:wasm-function[357]:0x2e8f3
    at wasm://wasm/00265406:wasm-function[363]:0x2f261
    at wasm://wasm/00265406:wasm-function[555]:0x407f3
    at wasm://wasm/00265406:wasm-function[554]:0x405bd   [0m
[31m    Failed! Adobe_PDF_sample_a_1024x768_50Frms.264_x.yuv Case Index 564:SHA-1(Current--Benchmark): NULL-----f2e0e40454580c5e9fc74bb1fdd488a9c7b2246b  [0m
[31m            ----YUVSHA1:  NULL,  9aa9a4d9598eb3e1093311826844f37c43e4c521  [0m
[31m           Aborted(Cannot enlarge memory arrays to size 19116032 bytes (OOM). Either (1) compile with -sINITIAL_MEMORY=X with X higher than the current value 16777216, (2) compile with -sALLOW_MEMORY_GROWTH which allows increasing the size at runtime, or (3) if you want malloc to return NULL (0) instead of this abort, compile with -sABORTING_MALLOC=0)
/home/test/workspace/openh264/test/encoder_binary_comparison/AllTestData/Adobe_PDF_sample_a_1024x768_50Frms.264/h264enc.js:167
      throw ex;
      ^

RuntimeError: Aborted(Cannot enlarge memory arrays to size 19116032 bytes (OOM). Either (1) compile with -sINITIAL_MEMORY=X with X higher than the current value 16777216, (2) compile with -sALLOW_MEMORY_GROWTH which allows increasing the size at runtime, or (3) if you want malloc to return NULL (0) instead of this abort, compile with -sABORTING_MALLOC=0)
    at abort (/home/test/workspace/openh264/test/encoder_binary_comparison/AllTestData/Adobe_PDF_sample_a_1024x768_50Frms.264/h264enc.js:1031:11)
    at abortOnCannotGrowMemory (/home/test/workspace/openh264/test/encoder_binary_comparison/AllTestData/Adobe_PDF_sample_a_1024x768_50Frms.264/h264enc.js:4914:7)
    at _emscripten_resize_heap (/home/test/workspace/openh264/test/encoder_binary_comparison/AllTestData/Adobe_PDF_sample_a_1024x768_50Frms.264/h264enc.js:4919:7)
    at wasm://wasm/00265406:wasm-function[1133]:0x705f0
    at wasm://wasm/00265406:wasm-function[1121]:0x6e28d
    at wasm://wasm/00265406:wasm-function[775]:0x60eb2
    at wasm://wasm/00265406:wasm-function[357]:0x2e8f3
    at wasm://wasm/00265406:wasm-function[363]:0x2f261
    at wasm://wasm/00265406:wasm-function[555]:0x407f3
    at wasm://wasm/00265406:wasm-function[554]:0x405bd   [0m
[31m    Failed! Adobe_PDF_sample_a_1024x768_50Frms.264_x.yuv Case Index 565:SHA-1(Current--Benchmark): NULL-----f2e0e40454580c5e9fc74bb1fdd488a9c7b2246b  [0m
[31m            ----YUVSHA1:  NULL,  9aa9a4d9598eb3e1093311826844f37c43e4c521  [0m
[31m           Aborted(Cannot enlarge memory arrays to size 19116032 bytes (OOM). Either (1) compile with -sINITIAL_MEMORY=X with X higher than the current value 16777216, (2) compile with -sALLOW_MEMORY_GROWTH which allows increasing the size at runtime, or (3) if you want malloc to return NULL (0) instead of this abort, compile with -sABORTING_MALLOC=0)
/home/test/workspace/openh264/test/encoder_binary_comparison/AllTestData/Adobe_PDF_sample_a_1024x768_50Frms.264/h264enc.js:167
      throw ex;
      ^

RuntimeError: Aborted(Cannot enlarge memory arrays to size 19116032 bytes (OOM). Either (1) compile with -sINITIAL_MEMORY=X with X higher than the current value 16777216, (2) compile with -sALLOW_MEMORY_GROWTH which allows increasing the size at runtime, or (3) if you want malloc to return NULL (0) instead of this abort, compile with -sABORTING_MALLOC=0)
    at abort (/home/test/workspace/openh264/test/encoder_binary_comparison/AllTestData/Adobe_PDF_sample_a_1024x768_50Frms.264/h264enc.js:1031:11)
    at abortOnCannotGrowMemory (/home/test/workspace/openh264/test/encoder_binary_comparison/AllTestData/Adobe_PDF_sample_a_1024x768_50Frms.264/h264enc.js:4914:7)
    at _emscripten_resize_heap (/home/test/workspace/openh264/test/encoder_binary_comparison/AllTestData/Adobe_PDF_sample_a_1024x768_50Frms.264/h264enc.js:4919:7)
    at wasm://wasm/00265406:wasm-function[1133]:0x705f0
    at wasm://wasm/00265406:wasm-function[1121]:0x6e28d
    at wasm://wasm/00265406:wasm-function[775]:0x60eb2
    at wasm://wasm/00265406:wasm-function[357]:0x2e8f3
    at wasm://wasm/00265406:wasm-function[363]:0x2f261
    at wasm://wasm/00265406:wasm-function[555]:0x407f3
    at wasm://wasm/00265406:wasm-function[554]:0x405bd   [0m
[31m    Failed! Adobe_PDF_sample_a_1024x768_50Frms.264_x.yuv Case Index 566:SHA-1(Current--Benchmark): NULL-----f2e0e40454580c5e9fc74bb1fdd488a9c7b2246b  [0m
[31m            ----YUVSHA1:  NULL,  9aa9a4d9598eb3e1093311826844f37c43e4c521  [0m
[31m           Aborted(Cannot enlarge memory arrays to size 19116032 bytes (OOM). Either (1) compile with -sINITIAL_MEMORY=X with X higher than the current value 16777216, (2) compile with -sALLOW_MEMORY_GROWTH which allows increasing the size at runtime, or (3) if you want malloc to return NULL (0) instead of this abort, compile with -sABORTING_MALLOC=0)
/home/test/workspace/openh264/test/encoder_binary_comparison/AllTestData/Adobe_PDF_sample_a_1024x768_50Frms.264/h264enc.js:167
      throw ex;
      ^

RuntimeError: Aborted(Cannot enlarge memory arrays to size 19116032 bytes (OOM). Either (1) compile with -sINITIAL_MEMORY=X with X higher than the current value 16777216, (2) compile with -sALLOW_MEMORY_GROWTH which allows increasing the size at runtime, or (3) if you want malloc to return NULL (0) instead of this abort, compile with -sABORTING_MALLOC=0)
    at abort (/home/test/workspace/openh264/test/encoder_binary_comparison/AllTestData/Adobe_PDF_sample_a_1024x768_50Frms.264/h264enc.js:1031:11)
    at abortOnCannotGrowMemory (/home/test/workspace/openh264/test/encoder_binary_comparison/AllTestData/Adobe_PDF_sample_a_1024x768_50Frms.264/h264enc.js:4914:7)
    at _emscripten_resize_heap (/home/test/workspace/openh264/test/encoder_binary_comparison/AllTestData/Adobe_PDF_sample_a_1024x768_50Frms.264/h264enc.js:4919:7)
    at wasm://wasm/00265406:wasm-function[1133]:0x705f0
    at wasm://wasm/00265406:wasm-function[1121]:0x6e28d
    at wasm://wasm/00265406:wasm-function[775]:0x60eb2
    at wasm://wasm/00265406:wasm-function[357]:0x2e8f3
    at wasm://wasm/00265406:wasm-function[363]:0x2f261
    at wasm://wasm/00265406:wasm-function[555]:0x407f3
    at wasm://wasm/00265406:wasm-function[554]:0x405bd   [0m
[31m    Failed! Adobe_PDF_sample_a_1024x768_50Frms.264_x.yuv Case Index 567:SHA-1(Current--Benchmark): NULL-----f2e0e40454580c5e9fc74bb1fdd488a9c7b2246b  [0m
[31m            ----YUVSHA1:  NULL,  9aa9a4d9598eb3e1093311826844f37c43e4c521  [0m
[31m           Aborted(Cannot enlarge memory arrays to size 19116032 bytes (OOM). Either (1) compile with -sINITIAL_MEMORY=X with X higher than the current value 16777216, (2) compile with -sALLOW_MEMORY_GROWTH which allows increasing the size at runtime, or (3) if you want malloc to return NULL (0) instead of this abort, compile with -sABORTING_MALLOC=0)
/home/test/workspace/openh264/test/encoder_binary_comparison/AllTestData/Adobe_PDF_sample_a_1024x768_50Frms.264/h264enc.js:167
      throw ex;
      ^

RuntimeError: Aborted(Cannot enlarge memory arrays to size 19116032 bytes (OOM). Either (1) compile with -sINITIAL_MEMORY=X with X higher than the current value 16777216, (2) compile with -sALLOW_MEMORY_GROWTH which allows increasing the size at runtime, or (3) if you want malloc to return NULL (0) instead of this abort, compile with -sABORTING_MALLOC=0)
    at abort (/home/test/workspace/openh264/test/encoder_binary_comparison/AllTestData/Adobe_PDF_sample_a_1024x768_50Frms.264/h264enc.js:1031:11)
    at abortOnCannotGrowMemory (/home/test/workspace/openh264/test/encoder_binary_comparison/AllTestData/Adobe_PDF_sample_a_1024x768_50Frms.264/h264enc.js:4914:7)
    at _emscripten_resize_heap (/home/test/workspace/openh264/test/encoder_binary_comparison/AllTestData/Adobe_PDF_sample_a_1024x768_50Frms.264/h264enc.js:4919:7)
    at wasm://wasm/00265406:wasm-function[1133]:0x705f0
    at wasm://wasm/00265406:wasm-function[1121]:0x6e28d
    at wasm://wasm/00265406:wasm-function[775]:0x60eb2
    at wasm://wasm/00265406:wasm-function[357]:0x2e8f3
    at wasm://wasm/00265406:wasm-function[363]:0x2f261
    at wasm://wasm/00265406:wasm-function[555]:0x407f3
    at wasm://wasm/00265406:wasm-function[554]:0x405bd   [0m
[31m    Failed! Adobe_PDF_sample_a_1024x768_50Frms.264_x.yuv Case Index 568:SHA-1(Current--Benchmark): NULL-----f2e0e40454580c5e9fc74bb1fdd488a9c7b2246b  [0m
[31m            ----YUVSHA1:  NULL,  9aa9a4d9598eb3e1093311826844f37c43e4c521  [0m
[31m           Aborted(Cannot enlarge memory arrays to size 19116032 bytes (OOM). Either (1) compile with -sINITIAL_MEMORY=X with X higher than the current value 16777216, (2) compile with -sALLOW_MEMORY_GROWTH which allows increasing the size at runtime, or (3) if you want malloc to return NULL (0) instead of this abort, compile with -sABORTING_MALLOC=0)
/home/test/workspace/openh264/test/encoder_binary_comparison/AllTestData/Adobe_PDF_sample_a_1024x768_50Frms.264/h264enc.js:167
      throw ex;
      ^

RuntimeError: Aborted(Cannot enlarge memory arrays to size 19116032 bytes (OOM). Either (1) compile with -sINITIAL_MEMORY=X with X higher than the current value 16777216, (2) compile with -sALLOW_MEMORY_GROWTH which allows increasing the size at runtime, or (3) if you want malloc to return NULL (0) instead of this abort, compile with -sABORTING_MALLOC=0)
    at abort (/home/test/workspace/openh264/test/encoder_binary_comparison/AllTestData/Adobe_PDF_sample_a_1024x768_50Frms.264/h264enc.js:1031:11)
    at abortOnCannotGrowMemory (/home/test/workspace/openh264/test/encoder_binary_comparison/AllTestData/Adobe_PDF_sample_a_1024x768_50Frms.264/h264enc.js:4914:7)
    at _emscripten_resize_heap (/home/test/workspace/openh264/test/encoder_binary_comparison/AllTestData/Adobe_PDF_sample_a_1024x768_50Frms.264/h264enc.js:4919:7)
    at wasm://wasm/00265406:wasm-function[1133]:0x705f0
    at wasm://wasm/00265406:wasm-function[1121]:0x6e28d
    at wasm://wasm/00265406:wasm-function[775]:0x60eb2
    at wasm://wasm/00265406:wasm-function[357]:0x2e8f3
    at wasm://wasm/00265406:wasm-function[363]:0x2f261
    at wasm://wasm/00265406:wasm-function[555]:0x407f3
    at wasm://wasm/00265406:wasm-function[554]:0x405bd   [0m
[31m    Failed! Adobe_PDF_sample_a_1024x768_50Frms.264_x.yuv Case Index 569:SHA-1(Current--Benchmark): NULL-----f2e0e40454580c5e9fc74bb1fdd488a9c7b2246b  [0m
[31m            ----YUVSHA1:  NULL,  9aa9a4d9598eb3e1093311826844f37c43e4c521  [0m
[31m           Aborted(Cannot enlarge memory arrays to size 19116032 bytes (OOM). Either (1) compile with -sINITIAL_MEMORY=X with X higher than the current value 16777216, (2) compile with -sALLOW_MEMORY_GROWTH which allows increasing the size at runtime, or (3) if you want malloc to return NULL (0) instead of this abort, compile with -sABORTING_MALLOC=0)
/home/test/workspace/openh264/test/encoder_binary_comparison/AllTestData/Adobe_PDF_sample_a_1024x768_50Frms.264/h264enc.js:167
      throw ex;
      ^

RuntimeError: Aborted(Cannot enlarge memory arrays to size 19116032 bytes (OOM). Either (1) compile with -sINITIAL_MEMORY=X with X higher than the current value 16777216, (2) compile with -sALLOW_MEMORY_GROWTH which allows increasing the size at runtime, or (3) if you want malloc to return NULL (0) instead of this abort, compile with -sABORTING_MALLOC=0)
    at abort (/home/test/workspace/openh264/test/encoder_binary_comparison/AllTestData/Adobe_PDF_sample_a_1024x768_50Frms.264/h264enc.js:1031:11)
    at abortOnCannotGrowMemory (/home/test/workspace/openh264/test/encoder_binary_comparison/AllTestData/Adobe_PDF_sample_a_1024x768_50Frms.264/h264enc.js:4914:7)
    at _emscripten_resize_heap (/home/test/workspace/openh264/test/encoder_binary_comparison/AllTestData/Adobe_PDF_sample_a_1024x768_50Frms.264/h264enc.js:4919:7)
    at wasm://wasm/00265406:wasm-function[1133]:0x705f0
    at wasm://wasm/00265406:wasm-function[1121]:0x6e28d
    at wasm://wasm/00265406:wasm-function[775]:0x60eb2
    at wasm://wasm/00265406:wasm-function[357]:0x2e8f3
    at wasm://wasm/00265406:wasm-function[363]:0x2f261
    at wasm://wasm/00265406:wasm-function[555]:0x407f3
    at wasm://wasm/00265406:wasm-function[554]:0x405bd   [0m
[31m    Failed! Adobe_PDF_sample_a_1024x768_50Frms.264_x.yuv Case Index 570:SHA-1(Current--Benchmark): NULL-----f2e0e40454580c5e9fc74bb1fdd488a9c7b2246b  [0m
[31m            ----YUVSHA1:  NULL,  9aa9a4d9598eb3e1093311826844f37c43e4c521  [0m
[31m           Aborted(Cannot enlarge memory arrays to size 19116032 bytes (OOM). Either (1) compile with -sINITIAL_MEMORY=X with X higher than the current value 16777216, (2) compile with -sALLOW_MEMORY_GROWTH which allows increasing the size at runtime, or (3) if you want malloc to return NULL (0) instead of this abort, compile with -sABORTING_MALLOC=0)
/home/test/workspace/openh264/test/encoder_binary_comparison/AllTestData/Adobe_PDF_sample_a_1024x768_50Frms.264/h264enc.js:167
      throw ex;
      ^

RuntimeError: Aborted(Cannot enlarge memory arrays to size 19116032 bytes (OOM). Either (1) compile with -sINITIAL_MEMORY=X with X higher than the current value 16777216, (2) compile with -sALLOW_MEMORY_GROWTH which allows increasing the size at runtime, or (3) if you want malloc to return NULL (0) instead of this abort, compile with -sABORTING_MALLOC=0)
    at abort (/home/test/workspace/openh264/test/encoder_binary_comparison/AllTestData/Adobe_PDF_sample_a_1024x768_50Frms.264/h264enc.js:1031:11)
    at abortOnCannotGrowMemory (/home/test/workspace/openh264/test/encoder_binary_comparison/AllTestData/Adobe_PDF_sample_a_1024x768_50Frms.264/h264enc.js:4914:7)
    at _emscripten_resize_heap (/home/test/workspace/openh264/test/encoder_binary_comparison/AllTestData/Adobe_PDF_sample_a_1024x768_50Frms.264/h264enc.js:4919:7)
    at wasm://wasm/00265406:wasm-function[1133]:0x705f0
    at wasm://wasm/00265406:wasm-function[1121]:0x6e28d
    at wasm://wasm/00265406:wasm-function[775]:0x60eb2
    at wasm://wasm/00265406:wasm-function[357]:0x2e8f3
    at wasm://wasm/00265406:wasm-function[363]:0x2f261
    at wasm://wasm/00265406:wasm-function[555]:0x407f3
    at wasm://wasm/00265406:wasm-function[554]:0x405bd   [0m
[31m    Failed! Adobe_PDF_sample_a_1024x768_50Frms.264_x.yuv Case Index 571:SHA-1(Current--Benchmark): NULL-----f2e0e40454580c5e9fc74bb1fdd488a9c7b2246b  [0m
[31m            ----YUVSHA1:  NULL,  9aa9a4d9598eb3e1093311826844f37c43e4c521  [0m
[31m           Aborted(Cannot enlarge memory arrays to size 19116032 bytes (OOM). Either (1) compile with -sINITIAL_MEMORY=X with X higher than the current value 16777216, (2) compile with -sALLOW_MEMORY_GROWTH which allows increasing the size at runtime, or (3) if you want malloc to return NULL (0) instead of this abort, compile with -sABORTING_MALLOC=0)
/home/test/workspace/openh264/test/encoder_binary_comparison/AllTestData/Adobe_PDF_sample_a_1024x768_50Frms.264/h264enc.js:167
      throw ex;
      ^

RuntimeError: Aborted(Cannot enlarge memory arrays to size 19116032 bytes (OOM). Either (1) compile with -sINITIAL_MEMORY=X with X higher than the current value 16777216, (2) compile with -sALLOW_MEMORY_GROWTH which allows increasing the size at runtime, or (3) if you want malloc to return NULL (0) instead of this abort, compile with -sABORTING_MALLOC=0)
    at abort (/home/test/workspace/openh264/test/encoder_binary_comparison/AllTestData/Adobe_PDF_sample_a_1024x768_50Frms.264/h264enc.js:1031:11)
    at abortOnCannotGrowMemory (/home/test/workspace/openh264/test/encoder_binary_comparison/AllTestData/Adobe_PDF_sample_a_1024x768_50Frms.264/h264enc.js:4914:7)
    at _emscripten_resize_heap (/home/test/workspace/openh264/test/encoder_binary_comparison/AllTestData/Adobe_PDF_sample_a_1024x768_50Frms.264/h264enc.js:4919:7)
    at wasm://wasm/00265406:wasm-function[1133]:0x705f0
    at wasm://wasm/00265406:wasm-function[1121]:0x6e28d
    at wasm://wasm/00265406:wasm-function[775]:0x60eb2
    at wasm://wasm/00265406:wasm-function[357]:0x2e8f3
    at wasm://wasm/00265406:wasm-function[363]:0x2f261
    at wasm://wasm/00265406:wasm-function[555]:0x407f3
    at wasm://wasm/00265406:wasm-function[554]:0x405bd   [0m
[31m    Failed! Adobe_PDF_sample_a_1024x768_50Frms.264_x.yuv Case Index 572:SHA-1(Current--Benchmark): NULL-----f2e0e40454580c5e9fc74bb1fdd488a9c7b2246b  [0m
[31m            ----YUVSHA1:  NULL,  9aa9a4d9598eb3e1093311826844f37c43e4c521  [0m
[31m           Aborted(Cannot enlarge memory arrays to size 19116032 bytes (OOM). Either (1) compile with -sINITIAL_MEMORY=X with X higher than the current value 16777216, (2) compile with -sALLOW_MEMORY_GROWTH which allows increasing the size at runtime, or (3) if you want malloc to return NULL (0) instead of this abort, compile with -sABORTING_MALLOC=0)
/home/test/workspace/openh264/test/encoder_binary_comparison/AllTestData/Adobe_PDF_sample_a_1024x768_50Frms.264/h264enc.js:167
      throw ex;
      ^

RuntimeError: Aborted(Cannot enlarge memory arrays to size 19116032 bytes (OOM). Either (1) compile with -sINITIAL_MEMORY=X with X higher than the current value 16777216, (2) compile with -sALLOW_MEMORY_GROWTH which allows increasing the size at runtime, or (3) if you want malloc to return NULL (0) instead of this abort, compile with -sABORTING_MALLOC=0)
    at abort (/home/test/workspace/openh264/test/encoder_binary_comparison/AllTestData/Adobe_PDF_sample_a_1024x768_50Frms.264/h264enc.js:1031:11)
    at abortOnCannotGrowMemory (/home/test/workspace/openh264/test/encoder_binary_comparison/AllTestData/Adobe_PDF_sample_a_1024x768_50Frms.264/h264enc.js:4914:7)
    at _emscripten_resize_heap (/home/test/workspace/openh264/test/encoder_binary_comparison/AllTestData/Adobe_PDF_sample_a_1024x768_50Frms.264/h264enc.js:4919:7)
    at wasm://wasm/00265406:wasm-function[1133]:0x705f0
    at wasm://wasm/00265406:wasm-function[1121]:0x6e28d
    at wasm://wasm/00265406:wasm-function[775]:0x60eb2
    at wasm://wasm/00265406:wasm-function[357]:0x2e8f3
    at wasm://wasm/00265406:wasm-function[363]:0x2f261
    at wasm://wasm/00265406:wasm-function[555]:0x407f3
    at wasm://wasm/00265406:wasm-function[554]:0x405bd   [0m
[31m    Failed! Adobe_PDF_sample_a_1024x768_50Frms.264_x.yuv Case Index 573:SHA-1(Current--Benchmark): NULL-----f2e0e40454580c5e9fc74bb1fdd488a9c7b2246b  [0m
[31m            ----YUVSHA1:  NULL,  9aa9a4d9598eb3e1093311826844f37c43e4c521  [0m
[31m           Aborted(Cannot enlarge memory arrays to size 19116032 bytes (OOM). Either (1) compile with -sINITIAL_MEMORY=X with X higher than the current value 16777216, (2) compile with -sALLOW_MEMORY_GROWTH which allows increasing the size at runtime, or (3) if you want malloc to return NULL (0) instead of this abort, compile with -sABORTING_MALLOC=0)
/home/test/workspace/openh264/test/encoder_binary_comparison/AllTestData/Adobe_PDF_sample_a_1024x768_50Frms.264/h264enc.js:167
      throw ex;
      ^

RuntimeError: Aborted(Cannot enlarge memory arrays to size 19116032 bytes (OOM). Either (1) compile with -sINITIAL_MEMORY=X with X higher than the current value 16777216, (2) compile with -sALLOW_MEMORY_GROWTH which allows increasing the size at runtime, or (3) if you want malloc to return NULL (0) instead of this abort, compile with -sABORTING_MALLOC=0)
    at abort (/home/test/workspace/openh264/test/encoder_binary_comparison/AllTestData/Adobe_PDF_sample_a_1024x768_50Frms.264/h264enc.js:1031:11)
    at abortOnCannotGrowMemory (/home/test/workspace/openh264/test/encoder_binary_comparison/AllTestData/Adobe_PDF_sample_a_1024x768_50Frms.264/h264enc.js:4914:7)
    at _emscripten_resize_heap (/home/test/workspace/openh264/test/encoder_binary_comparison/AllTestData/Adobe_PDF_sample_a_1024x768_50Frms.264/h264enc.js:4919:7)
    at wasm://wasm/00265406:wasm-function[1133]:0x705f0
    at wasm://wasm/00265406:wasm-function[1121]:0x6e28d
    at wasm://wasm/00265406:wasm-function[775]:0x60eb2
    at wasm://wasm/00265406:wasm-function[357]:0x2e8f3
    at wasm://wasm/00265406:wasm-function[363]:0x2f261
    at wasm://wasm/00265406:wasm-function[555]:0x407f3
    at wasm://wasm/00265406:wasm-function[554]:0x405bd   [0m
[31m    Failed! Adobe_PDF_sample_a_1024x768_50Frms.264_x.yuv Case Index 574:SHA-1(Current--Benchmark): NULL-----f2e0e40454580c5e9fc74bb1fdd488a9c7b2246b  [0m
[31m            ----YUVSHA1:  NULL,  9aa9a4d9598eb3e1093311826844f37c43e4c521  [0m
[31m           Aborted(Cannot enlarge memory arrays to size 19116032 bytes (OOM). Either (1) compile with -sINITIAL_MEMORY=X with X higher than the current value 16777216, (2) compile with -sALLOW_MEMORY_GROWTH which allows increasing the size at runtime, or (3) if you want malloc to return NULL (0) instead of this abort, compile with -sABORTING_MALLOC=0)
/home/test/workspace/openh264/test/encoder_binary_comparison/AllTestData/Adobe_PDF_sample_a_1024x768_50Frms.264/h264enc.js:167
      throw ex;
      ^

RuntimeError: Aborted(Cannot enlarge memory arrays to size 19116032 bytes (OOM). Either (1) compile with -sINITIAL_MEMORY=X with X higher than the current value 16777216, (2) compile with -sALLOW_MEMORY_GROWTH which allows increasing the size at runtime, or (3) if you want malloc to return NULL (0) instead of this abort, compile with -sABORTING_MALLOC=0)
    at abort (/home/test/workspace/openh264/test/encoder_binary_comparison/AllTestData/Adobe_PDF_sample_a_1024x768_50Frms.264/h264enc.js:1031:11)
    at abortOnCannotGrowMemory (/home/test/workspace/openh264/test/encoder_binary_comparison/AllTestData/Adobe_PDF_sample_a_1024x768_50Frms.264/h264enc.js:4914:7)
    at _emscripten_resize_heap (/home/test/workspace/openh264/test/encoder_binary_comparison/AllTestData/Adobe_PDF_sample_a_1024x768_50Frms.264/h264enc.js:4919:7)
    at wasm://wasm/00265406:wasm-function[1133]:0x705f0
    at wasm://wasm/00265406:wasm-function[1121]:0x6e28d
    at wasm://wasm/00265406:wasm-function[775]:0x60eb2
    at wasm://wasm/00265406:wasm-function[357]:0x2e8f3
    at wasm://wasm/00265406:wasm-function[363]:0x2f261
    at wasm://wasm/00265406:wasm-function[555]:0x407f3
    at wasm://wasm/00265406:wasm-function[554]:0x405bd   [0m
[31m    Failed! Adobe_PDF_sample_a_1024x768_50Frms.264_x.yuv Case Index 575:SHA-1(Current--Benchmark): NULL-----f2e0e40454580c5e9fc74bb1fdd488a9c7b2246b  [0m
[31m            ----YUVSHA1:  NULL,  9aa9a4d9598eb3e1093311826844f37c43e4c521  [0m
[31m           Aborted(Cannot enlarge memory arrays to size 19116032 bytes (OOM). Either (1) compile with -sINITIAL_MEMORY=X with X higher than the current value 16777216, (2) compile with -sALLOW_MEMORY_GROWTH which allows increasing the size at runtime, or (3) if you want malloc to return NULL (0) instead of this abort, compile with -sABORTING_MALLOC=0)
/home/test/workspace/openh264/test/encoder_binary_comparison/AllTestData/Adobe_PDF_sample_a_1024x768_50Frms.264/h264enc.js:167
      throw ex;
      ^

RuntimeError: Aborted(Cannot enlarge memory arrays to size 19116032 bytes (OOM). Either (1) compile with -sINITIAL_MEMORY=X with X higher than the current value 16777216, (2) compile with -sALLOW_MEMORY_GROWTH which allows increasing the size at runtime, or (3) if you want malloc to return NULL (0) instead of this abort, compile with -sABORTING_MALLOC=0)
    at abort (/home/test/workspace/openh264/test/encoder_binary_comparison/AllTestData/Adobe_PDF_sample_a_1024x768_50Frms.264/h264enc.js:1031:11)
    at abortOnCannotGrowMemory (/home/test/workspace/openh264/test/encoder_binary_comparison/AllTestData/Adobe_PDF_sample_a_1024x768_50Frms.264/h264enc.js:4914:7)
    at _emscripten_resize_heap (/home/test/workspace/openh264/test/encoder_binary_comparison/AllTestData/Adobe_PDF_sample_a_1024x768_50Frms.264/h264enc.js:4919:7)
    at wasm://wasm/00265406:wasm-function[1133]:0x705f0
    at wasm://wasm/00265406:wasm-function[1121]:0x6e28d
    at wasm://wasm/00265406:wasm-function[775]:0x60eb2
    at wasm://wasm/00265406:wasm-function[357]:0x2e8f3
    at wasm://wasm/00265406:wasm-function[363]:0x2f261
    at wasm://wasm/00265406:wasm-function[555]:0x407f3
    at wasm://wasm/00265406:wasm-function[554]:0x405bd   [0m
[31m    Failed! Adobe_PDF_sample_a_1024x768_50Frms.264_x.yuv Case Index 576:SHA-1(Current--Benchmark): NULL-----b5d329af069b402a240d5a72b4244c6bdb7b1699  [0m
[31m            ----YUVSHA1:  NULL,  9aa9a4d9598eb3e1093311826844f37c43e4c521  [0m
[31m           Aborted(Cannot enlarge memory arrays to size 19124224 bytes (OOM). Either (1) compile with -sINITIAL_MEMORY=X with X higher than the current value 16777216, (2) compile with -sALLOW_MEMORY_GROWTH which allows increasing the size at runtime, or (3) if you want malloc to return NULL (0) instead of this abort, compile with -sABORTING_MALLOC=0)
/home/test/workspace/openh264/test/encoder_binary_comparison/AllTestData/Adobe_PDF_sample_a_1024x768_50Frms.264/h264enc.js:167
      throw ex;
      ^

RuntimeError: Aborted(Cannot enlarge memory arrays to size 19124224 bytes (OOM). Either (1) compile with -sINITIAL_MEMORY=X with X higher than the current value 16777216, (2) compile with -sALLOW_MEMORY_GROWTH which allows increasing the size at runtime, or (3) if you want malloc to return NULL (0) instead of this abort, compile with -sABORTING_MALLOC=0)
    at abort (/home/test/workspace/openh264/test/encoder_binary_comparison/AllTestData/Adobe_PDF_sample_a_1024x768_50Frms.264/h264enc.js:1031:11)
    at abortOnCannotGrowMemory (/home/test/workspace/openh264/test/encoder_binary_comparison/AllTestData/Adobe_PDF_sample_a_1024x768_50Frms.264/h264enc.js:4914:7)
    at _emscripten_resize_heap (/home/test/workspace/openh264/test/encoder_binary_comparison/AllTestData/Adobe_PDF_sample_a_1024x768_50Frms.264/h264enc.js:4919:7)
    at wasm://wasm/00265406:wasm-function[1133]:0x705f0
    at wasm://wasm/00265406:wasm-function[1121]:0x6e28d
    at wasm://wasm/00265406:wasm-function[775]:0x60eb2
    at wasm://wasm/00265406:wasm-function[357]:0x2e8f3
    at wasm://wasm/00265406:wasm-function[363]:0x2f261
    at wasm://wasm/00265406:wasm-function[555]:0x407f3
    at wasm://wasm/00265406:wasm-function[554]:0x405bd   [0m
[31m    Failed! Adobe_PDF_sample_a_1024x768_50Frms.264_x.yuv Case Index 577:SHA-1(Current--Benchmark): NULL-----b5d329af069b402a240d5a72b4244c6bdb7b1699  [0m
[31m            ----YUVSHA1:  NULL,  9aa9a4d9598eb3e1093311826844f37c43e4c521  [0m
[31m           Aborted(Cannot enlarge memory arrays to size 19124224 bytes (OOM). Either (1) compile with -sINITIAL_MEMORY=X with X higher than the current value 16777216, (2) compile with -sALLOW_MEMORY_GROWTH which allows increasing the size at runtime, or (3) if you want malloc to return NULL (0) instead of this abort, compile with -sABORTING_MALLOC=0)
/home/test/workspace/openh264/test/encoder_binary_comparison/AllTestData/Adobe_PDF_sample_a_1024x768_50Frms.264/h264enc.js:167
      throw ex;
      ^

RuntimeError: Aborted(Cannot enlarge memory arrays to size 19124224 bytes (OOM). Either (1) compile with -sINITIAL_MEMORY=X with X higher than the current value 16777216, (2) compile with -sALLOW_MEMORY_GROWTH which allows increasing the size at runtime, or (3) if you want malloc to return NULL (0) instead of this abort, compile with -sABORTING_MALLOC=0)
    at abort (/home/test/workspace/openh264/test/encoder_binary_comparison/AllTestData/Adobe_PDF_sample_a_1024x768_50Frms.264/h264enc.js:1031:11)
    at abortOnCannotGrowMemory (/home/test/workspace/openh264/test/encoder_binary_comparison/AllTestData/Adobe_PDF_sample_a_1024x768_50Frms.264/h264enc.js:4914:7)
    at _emscripten_resize_heap (/home/test/workspace/openh264/test/encoder_binary_comparison/AllTestData/Adobe_PDF_sample_a_1024x768_50Frms.264/h264enc.js:4919:7)
    at wasm://wasm/00265406:wasm-function[1133]:0x705f0
    at wasm://wasm/00265406:wasm-function[1121]:0x6e28d
    at wasm://wasm/00265406:wasm-function[775]:0x60eb2
    at wasm://wasm/00265406:wasm-function[357]:0x2e8f3
    at wasm://wasm/00265406:wasm-function[363]:0x2f261
    at wasm://wasm/00265406:wasm-function[555]:0x407f3
    at wasm://wasm/00265406:wasm-function[554]:0x405bd   [0m
[31m    Failed! Adobe_PDF_sample_a_1024x768_50Frms.264_x.yuv Case Index 578:SHA-1(Current--Benchmark): NULL-----b5d329af069b402a240d5a72b4244c6bdb7b1699  [0m
[31m            ----YUVSHA1:  NULL,  9aa9a4d9598eb3e1093311826844f37c43e4c521  [0m
[31m           Aborted(Cannot enlarge memory arrays to size 19124224 bytes (OOM). Either (1) compile with -sINITIAL_MEMORY=X with X higher than the current value 16777216, (2) compile with -sALLOW_MEMORY_GROWTH which allows increasing the size at runtime, or (3) if you want malloc to return NULL (0) instead of this abort, compile with -sABORTING_MALLOC=0)
/home/test/workspace/openh264/test/encoder_binary_comparison/AllTestData/Adobe_PDF_sample_a_1024x768_50Frms.264/h264enc.js:167
      throw ex;
      ^

RuntimeError: Aborted(Cannot enlarge memory arrays to size 19124224 bytes (OOM). Either (1) compile with -sINITIAL_MEMORY=X with X higher than the current value 16777216, (2) compile with -sALLOW_MEMORY_GROWTH which allows increasing the size at runtime, or (3) if you want malloc to return NULL (0) instead of this abort, compile with -sABORTING_MALLOC=0)
    at abort (/home/test/workspace/openh264/test/encoder_binary_comparison/AllTestData/Adobe_PDF_sample_a_1024x768_50Frms.264/h264enc.js:1031:11)
    at abortOnCannotGrowMemory (/home/test/workspace/openh264/test/encoder_binary_comparison/AllTestData/Adobe_PDF_sample_a_1024x768_50Frms.264/h264enc.js:4914:7)
    at _emscripten_resize_heap (/home/test/workspace/openh264/test/encoder_binary_comparison/AllTestData/Adobe_PDF_sample_a_1024x768_50Frms.264/h264enc.js:4919:7)
    at wasm://wasm/00265406:wasm-function[1133]:0x705f0
    at wasm://wasm/00265406:wasm-function[1121]:0x6e28d
    at wasm://wasm/00265406:wasm-function[775]:0x60eb2
    at wasm://wasm/00265406:wasm-function[357]:0x2e8f3
    at wasm://wasm/00265406:wasm-function[363]:0x2f261
    at wasm://wasm/00265406:wasm-function[555]:0x407f3
    at wasm://wasm/00265406:wasm-function[554]:0x405bd   [0m
[31m    Failed! Adobe_PDF_sample_a_1024x768_50Frms.264_x.yuv Case Index 579:SHA-1(Current--Benchmark): NULL-----b5d329af069b402a240d5a72b4244c6bdb7b1699  [0m
[31m            ----YUVSHA1:  NULL,  9aa9a4d9598eb3e1093311826844f37c43e4c521  [0m
[31m           Aborted(Cannot enlarge memory arrays to size 19124224 bytes (OOM). Either (1) compile with -sINITIAL_MEMORY=X with X higher than the current value 16777216, (2) compile with -sALLOW_MEMORY_GROWTH which allows increasing the size at runtime, or (3) if you want malloc to return NULL (0) instead of this abort, compile with -sABORTING_MALLOC=0)
/home/test/workspace/openh264/test/encoder_binary_comparison/AllTestData/Adobe_PDF_sample_a_1024x768_50Frms.264/h264enc.js:167
      throw ex;
      ^

RuntimeError: Aborted(Cannot enlarge memory arrays to size 19124224 bytes (OOM). Either (1) compile with -sINITIAL_MEMORY=X with X higher than the current value 16777216, (2) compile with -sALLOW_MEMORY_GROWTH which allows increasing the size at runtime, or (3) if you want malloc to return NULL (0) instead of this abort, compile with -sABORTING_MALLOC=0)
    at abort (/home/test/workspace/openh264/test/encoder_binary_comparison/AllTestData/Adobe_PDF_sample_a_1024x768_50Frms.264/h264enc.js:1031:11)
    at abortOnCannotGrowMemory (/home/test/workspace/openh264/test/encoder_binary_comparison/AllTestData/Adobe_PDF_sample_a_1024x768_50Frms.264/h264enc.js:4914:7)
    at _emscripten_resize_heap (/home/test/workspace/openh264/test/encoder_binary_comparison/AllTestData/Adobe_PDF_sample_a_1024x768_50Frms.264/h264enc.js:4919:7)
    at wasm://wasm/00265406:wasm-function[1133]:0x705f0
    at wasm://wasm/00265406:wasm-function[1121]:0x6e28d
    at wasm://wasm/00265406:wasm-function[775]:0x60eb2
    at wasm://wasm/00265406:wasm-function[357]:0x2e8f3
    at wasm://wasm/00265406:wasm-function[363]:0x2f261
    at wasm://wasm/00265406:wasm-function[555]:0x407f3
    at wasm://wasm/00265406:wasm-function[554]:0x405bd   [0m
[31m    Failed! Adobe_PDF_sample_a_1024x768_50Frms.264_x.yuv Case Index 580:SHA-1(Current--Benchmark): NULL-----b5d329af069b402a240d5a72b4244c6bdb7b1699  [0m
[31m            ----YUVSHA1:  NULL,  9aa9a4d9598eb3e1093311826844f37c43e4c521  [0m
[31m           Aborted(Cannot enlarge memory arrays to size 19124224 bytes (OOM). Either (1) compile with -sINITIAL_MEMORY=X with X higher than the current value 16777216, (2) compile with -sALLOW_MEMORY_GROWTH which allows increasing the size at runtime, or (3) if you want malloc to return NULL (0) instead of this abort, compile with -sABORTING_MALLOC=0)
/home/test/workspace/openh264/test/encoder_binary_comparison/AllTestData/Adobe_PDF_sample_a_1024x768_50Frms.264/h264enc.js:167
      throw ex;
      ^

RuntimeError: Aborted(Cannot enlarge memory arrays to size 19124224 bytes (OOM). Either (1) compile with -sINITIAL_MEMORY=X with X higher than the current value 16777216, (2) compile with -sALLOW_MEMORY_GROWTH which allows increasing the size at runtime, or (3) if you want malloc to return NULL (0) instead of this abort, compile with -sABORTING_MALLOC=0)
    at abort (/home/test/workspace/openh264/test/encoder_binary_comparison/AllTestData/Adobe_PDF_sample_a_1024x768_50Frms.264/h264enc.js:1031:11)
    at abortOnCannotGrowMemory (/home/test/workspace/openh264/test/encoder_binary_comparison/AllTestData/Adobe_PDF_sample_a_1024x768_50Frms.264/h264enc.js:4914:7)
    at _emscripten_resize_heap (/home/test/workspace/openh264/test/encoder_binary_comparison/AllTestData/Adobe_PDF_sample_a_1024x768_50Frms.264/h264enc.js:4919:7)
    at wasm://wasm/00265406:wasm-function[1133]:0x705f0
    at wasm://wasm/00265406:wasm-function[1121]:0x6e28d
    at wasm://wasm/00265406:wasm-function[775]:0x60eb2
    at wasm://wasm/00265406:wasm-function[357]:0x2e8f3
    at wasm://wasm/00265406:wasm-function[363]:0x2f261
    at wasm://wasm/00265406:wasm-function[555]:0x407f3
    at wasm://wasm/00265406:wasm-function[554]:0x405bd   [0m
[31m    Failed! Adobe_PDF_sample_a_1024x768_50Frms.264_x.yuv Case Index 581:SHA-1(Current--Benchmark): NULL-----b5d329af069b402a240d5a72b4244c6bdb7b1699  [0m
[31m            ----YUVSHA1:  NULL,  9aa9a4d9598eb3e1093311826844f37c43e4c521  [0m
[31m           Aborted(Cannot enlarge memory arrays to size 19124224 bytes (OOM). Either (1) compile with -sINITIAL_MEMORY=X with X higher than the current value 16777216, (2) compile with -sALLOW_MEMORY_GROWTH which allows increasing the size at runtime, or (3) if you want malloc to return NULL (0) instead of this abort, compile with -sABORTING_MALLOC=0)
/home/test/workspace/openh264/test/encoder_binary_comparison/AllTestData/Adobe_PDF_sample_a_1024x768_50Frms.264/h264enc.js:167
      throw ex;
      ^

RuntimeError: Aborted(Cannot enlarge memory arrays to size 19124224 bytes (OOM). Either (1) compile with -sINITIAL_MEMORY=X with X higher than the current value 16777216, (2) compile with -sALLOW_MEMORY_GROWTH which allows increasing the size at runtime, or (3) if you want malloc to return NULL (0) instead of this abort, compile with -sABORTING_MALLOC=0)
    at abort (/home/test/workspace/openh264/test/encoder_binary_comparison/AllTestData/Adobe_PDF_sample_a_1024x768_50Frms.264/h264enc.js:1031:11)
    at abortOnCannotGrowMemory (/home/test/workspace/openh264/test/encoder_binary_comparison/AllTestData/Adobe_PDF_sample_a_1024x768_50Frms.264/h264enc.js:4914:7)
    at _emscripten_resize_heap (/home/test/workspace/openh264/test/encoder_binary_comparison/AllTestData/Adobe_PDF_sample_a_1024x768_50Frms.264/h264enc.js:4919:7)
    at wasm://wasm/00265406:wasm-function[1133]:0x705f0
    at wasm://wasm/00265406:wasm-function[1121]:0x6e28d
    at wasm://wasm/00265406:wasm-function[775]:0x60eb2
    at wasm://wasm/00265406:wasm-function[357]:0x2e8f3
    at wasm://wasm/00265406:wasm-function[363]:0x2f261
    at wasm://wasm/00265406:wasm-function[555]:0x407f3
    at wasm://wasm/00265406:wasm-function[554]:0x405bd   [0m
[31m    Failed! Adobe_PDF_sample_a_1024x768_50Frms.264_x.yuv Case Index 582:SHA-1(Current--Benchmark): NULL-----b5d329af069b402a240d5a72b4244c6bdb7b1699  [0m
[31m            ----YUVSHA1:  NULL,  9aa9a4d9598eb3e1093311826844f37c43e4c521  [0m
[31m           Aborted(Cannot enlarge memory arrays to size 19124224 bytes (OOM). Either (1) compile with -sINITIAL_MEMORY=X with X higher than the current value 16777216, (2) compile with -sALLOW_MEMORY_GROWTH which allows increasing the size at runtime, or (3) if you want malloc to return NULL (0) instead of this abort, compile with -sABORTING_MALLOC=0)
/home/test/workspace/openh264/test/encoder_binary_comparison/AllTestData/Adobe_PDF_sample_a_1024x768_50Frms.264/h264enc.js:167
      throw ex;
      ^

RuntimeError: Aborted(Cannot enlarge memory arrays to size 19124224 bytes (OOM). Either (1) compile with -sINITIAL_MEMORY=X with X higher than the current value 16777216, (2) compile with -sALLOW_MEMORY_GROWTH which allows increasing the size at runtime, or (3) if you want malloc to return NULL (0) instead of this abort, compile with -sABORTING_MALLOC=0)
    at abort (/home/test/workspace/openh264/test/encoder_binary_comparison/AllTestData/Adobe_PDF_sample_a_1024x768_50Frms.264/h264enc.js:1031:11)
    at abortOnCannotGrowMemory (/home/test/workspace/openh264/test/encoder_binary_comparison/AllTestData/Adobe_PDF_sample_a_1024x768_50Frms.264/h264enc.js:4914:7)
    at _emscripten_resize_heap (/home/test/workspace/openh264/test/encoder_binary_comparison/AllTestData/Adobe_PDF_sample_a_1024x768_50Frms.264/h264enc.js:4919:7)
    at wasm://wasm/00265406:wasm-function[1133]:0x705f0
    at wasm://wasm/00265406:wasm-function[1121]:0x6e28d
    at wasm://wasm/00265406:wasm-function[775]:0x60eb2
    at wasm://wasm/00265406:wasm-function[357]:0x2e8f3
    at wasm://wasm/00265406:wasm-function[363]:0x2f261
    at wasm://wasm/00265406:wasm-function[555]:0x407f3
    at wasm://wasm/00265406:wasm-function[554]:0x405bd   [0m
[31m    Failed! Adobe_PDF_sample_a_1024x768_50Frms.264_x.yuv Case Index 583:SHA-1(Current--Benchmark): NULL-----b5d329af069b402a240d5a72b4244c6bdb7b1699  [0m
[31m            ----YUVSHA1:  NULL,  9aa9a4d9598eb3e1093311826844f37c43e4c521  [0m
[31m           Aborted(Cannot enlarge memory arrays to size 19124224 bytes (OOM). Either (1) compile with -sINITIAL_MEMORY=X with X higher than the current value 16777216, (2) compile with -sALLOW_MEMORY_GROWTH which allows increasing the size at runtime, or (3) if you want malloc to return NULL (0) instead of this abort, compile with -sABORTING_MALLOC=0)
/home/test/workspace/openh264/test/encoder_binary_comparison/AllTestData/Adobe_PDF_sample_a_1024x768_50Frms.264/h264enc.js:167
      throw ex;
      ^

RuntimeError: Aborted(Cannot enlarge memory arrays to size 19124224 bytes (OOM). Either (1) compile with -sINITIAL_MEMORY=X with X higher than the current value 16777216, (2) compile with -sALLOW_MEMORY_GROWTH which allows increasing the size at runtime, or (3) if you want malloc to return NULL (0) instead of this abort, compile with -sABORTING_MALLOC=0)
    at abort (/home/test/workspace/openh264/test/encoder_binary_comparison/AllTestData/Adobe_PDF_sample_a_1024x768_50Frms.264/h264enc.js:1031:11)
    at abortOnCannotGrowMemory (/home/test/workspace/openh264/test/encoder_binary_comparison/AllTestData/Adobe_PDF_sample_a_1024x768_50Frms.264/h264enc.js:4914:7)
    at _emscripten_resize_heap (/home/test/workspace/openh264/test/encoder_binary_comparison/AllTestData/Adobe_PDF_sample_a_1024x768_50Frms.264/h264enc.js:4919:7)
    at wasm://wasm/00265406:wasm-function[1133]:0x705f0
    at wasm://wasm/00265406:wasm-function[1121]:0x6e28d
    at wasm://wasm/00265406:wasm-function[775]:0x60eb2
    at wasm://wasm/00265406:wasm-function[357]:0x2e8f3
    at wasm://wasm/00265406:wasm-function[363]:0x2f261
    at wasm://wasm/00265406:wasm-function[555]:0x407f3
    at wasm://wasm/00265406:wasm-function[554]:0x405bd   [0m
[31m    Failed! Adobe_PDF_sample_a_1024x768_50Frms.264_x.yuv Case Index 584:SHA-1(Current--Benchmark): NULL-----b5d329af069b402a240d5a72b4244c6bdb7b1699  [0m
[31m            ----YUVSHA1:  NULL,  9aa9a4d9598eb3e1093311826844f37c43e4c521  [0m
[31m           Aborted(Cannot enlarge memory arrays to size 19124224 bytes (OOM). Either (1) compile with -sINITIAL_MEMORY=X with X higher than the current value 16777216, (2) compile with -sALLOW_MEMORY_GROWTH which allows increasing the size at runtime, or (3) if you want malloc to return NULL (0) instead of this abort, compile with -sABORTING_MALLOC=0)
/home/test/workspace/openh264/test/encoder_binary_comparison/AllTestData/Adobe_PDF_sample_a_1024x768_50Frms.264/h264enc.js:167
      throw ex;
      ^

RuntimeError: Aborted(Cannot enlarge memory arrays to size 19124224 bytes (OOM). Either (1) compile with -sINITIAL_MEMORY=X with X higher than the current value 16777216, (2) compile with -sALLOW_MEMORY_GROWTH which allows increasing the size at runtime, or (3) if you want malloc to return NULL (0) instead of this abort, compile with -sABORTING_MALLOC=0)
    at abort (/home/test/workspace/openh264/test/encoder_binary_comparison/AllTestData/Adobe_PDF_sample_a_1024x768_50Frms.264/h264enc.js:1031:11)
    at abortOnCannotGrowMemory (/home/test/workspace/openh264/test/encoder_binary_comparison/AllTestData/Adobe_PDF_sample_a_1024x768_50Frms.264/h264enc.js:4914:7)
    at _emscripten_resize_heap (/home/test/workspace/openh264/test/encoder_binary_comparison/AllTestData/Adobe_PDF_sample_a_1024x768_50Frms.264/h264enc.js:4919:7)
    at wasm://wasm/00265406:wasm-function[1133]:0x705f0
    at wasm://wasm/00265406:wasm-function[1121]:0x6e28d
    at wasm://wasm/00265406:wasm-function[775]:0x60eb2
    at wasm://wasm/00265406:wasm-function[357]:0x2e8f3
    at wasm://wasm/00265406:wasm-function[363]:0x2f261
    at wasm://wasm/00265406:wasm-function[555]:0x407f3
    at wasm://wasm/00265406:wasm-function[554]:0x405bd   [0m
[31m    Failed! Adobe_PDF_sample_a_1024x768_50Frms.264_x.yuv Case Index 585:SHA-1(Current--Benchmark): NULL-----b5d329af069b402a240d5a72b4244c6bdb7b1699  [0m
[31m            ----YUVSHA1:  NULL,  9aa9a4d9598eb3e1093311826844f37c43e4c521  [0m
[31m           Aborted(Cannot enlarge memory arrays to size 19124224 bytes (OOM). Either (1) compile with -sINITIAL_MEMORY=X with X higher than the current value 16777216, (2) compile with -sALLOW_MEMORY_GROWTH which allows increasing the size at runtime, or (3) if you want malloc to return NULL (0) instead of this abort, compile with -sABORTING_MALLOC=0)
/home/test/workspace/openh264/test/encoder_binary_comparison/AllTestData/Adobe_PDF_sample_a_1024x768_50Frms.264/h264enc.js:167
      throw ex;
      ^

RuntimeError: Aborted(Cannot enlarge memory arrays to size 19124224 bytes (OOM). Either (1) compile with -sINITIAL_MEMORY=X with X higher than the current value 16777216, (2) compile with -sALLOW_MEMORY_GROWTH which allows increasing the size at runtime, or (3) if you want malloc to return NULL (0) instead of this abort, compile with -sABORTING_MALLOC=0)
    at abort (/home/test/workspace/openh264/test/encoder_binary_comparison/AllTestData/Adobe_PDF_sample_a_1024x768_50Frms.264/h264enc.js:1031:11)
    at abortOnCannotGrowMemory (/home/test/workspace/openh264/test/encoder_binary_comparison/AllTestData/Adobe_PDF_sample_a_1024x768_50Frms.264/h264enc.js:4914:7)
    at _emscripten_resize_heap (/home/test/workspace/openh264/test/encoder_binary_comparison/AllTestData/Adobe_PDF_sample_a_1024x768_50Frms.264/h264enc.js:4919:7)
    at wasm://wasm/00265406:wasm-function[1133]:0x705f0
    at wasm://wasm/00265406:wasm-function[1121]:0x6e28d
    at wasm://wasm/00265406:wasm-function[775]:0x60eb2
    at wasm://wasm/00265406:wasm-function[357]:0x2e8f3
    at wasm://wasm/00265406:wasm-function[363]:0x2f261
    at wasm://wasm/00265406:wasm-function[555]:0x407f3
    at wasm://wasm/00265406:wasm-function[554]:0x405bd   [0m
[31m    Failed! Adobe_PDF_sample_a_1024x768_50Frms.264_x.yuv Case Index 586:SHA-1(Current--Benchmark): NULL-----b5d329af069b402a240d5a72b4244c6bdb7b1699  [0m
[31m            ----YUVSHA1:  NULL,  9aa9a4d9598eb3e1093311826844f37c43e4c521  [0m
[31m           Aborted(Cannot enlarge memory arrays to size 19124224 bytes (OOM). Either (1) compile with -sINITIAL_MEMORY=X with X higher than the current value 16777216, (2) compile with -sALLOW_MEMORY_GROWTH which allows increasing the size at runtime, or (3) if you want malloc to return NULL (0) instead of this abort, compile with -sABORTING_MALLOC=0)
/home/test/workspace/openh264/test/encoder_binary_comparison/AllTestData/Adobe_PDF_sample_a_1024x768_50Frms.264/h264enc.js:167
      throw ex;
      ^

RuntimeError: Aborted(Cannot enlarge memory arrays to size 19124224 bytes (OOM). Either (1) compile with -sINITIAL_MEMORY=X with X higher than the current value 16777216, (2) compile with -sALLOW_MEMORY_GROWTH which allows increasing the size at runtime, or (3) if you want malloc to return NULL (0) instead of this abort, compile with -sABORTING_MALLOC=0)
    at abort (/home/test/workspace/openh264/test/encoder_binary_comparison/AllTestData/Adobe_PDF_sample_a_1024x768_50Frms.264/h264enc.js:1031:11)
    at abortOnCannotGrowMemory (/home/test/workspace/openh264/test/encoder_binary_comparison/AllTestData/Adobe_PDF_sample_a_1024x768_50Frms.264/h264enc.js:4914:7)
    at _emscripten_resize_heap (/home/test/workspace/openh264/test/encoder_binary_comparison/AllTestData/Adobe_PDF_sample_a_1024x768_50Frms.264/h264enc.js:4919:7)
    at wasm://wasm/00265406:wasm-function[1133]:0x705f0
    at wasm://wasm/00265406:wasm-function[1121]:0x6e28d
    at wasm://wasm/00265406:wasm-function[775]:0x60eb2
    at wasm://wasm/00265406:wasm-function[357]:0x2e8f3
    at wasm://wasm/00265406:wasm-function[363]:0x2f261
    at wasm://wasm/00265406:wasm-function[555]:0x407f3
    at wasm://wasm/00265406:wasm-function[554]:0x405bd   [0m
[31m    Failed! Adobe_PDF_sample_a_1024x768_50Frms.264_x.yuv Case Index 587:SHA-1(Current--Benchmark): NULL-----b5d329af069b402a240d5a72b4244c6bdb7b1699  [0m
[31m            ----YUVSHA1:  NULL,  9aa9a4d9598eb3e1093311826844f37c43e4c521  [0m
[31m           Aborted(Cannot enlarge memory arrays to size 19124224 bytes (OOM). Either (1) compile with -sINITIAL_MEMORY=X with X higher than the current value 16777216, (2) compile with -sALLOW_MEMORY_GROWTH which allows increasing the size at runtime, or (3) if you want malloc to return NULL (0) instead of this abort, compile with -sABORTING_MALLOC=0)
/home/test/workspace/openh264/test/encoder_binary_comparison/AllTestData/Adobe_PDF_sample_a_1024x768_50Frms.264/h264enc.js:167
      throw ex;
      ^

RuntimeError: Aborted(Cannot enlarge memory arrays to size 19124224 bytes (OOM). Either (1) compile with -sINITIAL_MEMORY=X with X higher than the current value 16777216, (2) compile with -sALLOW_MEMORY_GROWTH which allows increasing the size at runtime, or (3) if you want malloc to return NULL (0) instead of this abort, compile with -sABORTING_MALLOC=0)
    at abort (/home/test/workspace/openh264/test/encoder_binary_comparison/AllTestData/Adobe_PDF_sample_a_1024x768_50Frms.264/h264enc.js:1031:11)
    at abortOnCannotGrowMemory (/home/test/workspace/openh264/test/encoder_binary_comparison/AllTestData/Adobe_PDF_sample_a_1024x768_50Frms.264/h264enc.js:4914:7)
    at _emscripten_resize_heap (/home/test/workspace/openh264/test/encoder_binary_comparison/AllTestData/Adobe_PDF_sample_a_1024x768_50Frms.264/h264enc.js:4919:7)
    at wasm://wasm/00265406:wasm-function[1133]:0x705f0
    at wasm://wasm/00265406:wasm-function[1121]:0x6e28d
    at wasm://wasm/00265406:wasm-function[775]:0x60eb2
    at wasm://wasm/00265406:wasm-function[357]:0x2e8f3
    at wasm://wasm/00265406:wasm-function[363]:0x2f261
    at wasm://wasm/00265406:wasm-function[555]:0x407f3
    at wasm://wasm/00265406:wasm-function[554]:0x405bd   [0m
[31m    Failed! Adobe_PDF_sample_a_1024x768_50Frms.264_x.yuv Case Index 588:SHA-1(Current--Benchmark): NULL-----b5d329af069b402a240d5a72b4244c6bdb7b1699  [0m
[31m            ----YUVSHA1:  NULL,  9aa9a4d9598eb3e1093311826844f37c43e4c521  [0m
[31m           Aborted(Cannot enlarge memory arrays to size 19124224 bytes (OOM). Either (1) compile with -sINITIAL_MEMORY=X with X higher than the current value 16777216, (2) compile with -sALLOW_MEMORY_GROWTH which allows increasing the size at runtime, or (3) if you want malloc to return NULL (0) instead of this abort, compile with -sABORTING_MALLOC=0)
/home/test/workspace/openh264/test/encoder_binary_comparison/AllTestData/Adobe_PDF_sample_a_1024x768_50Frms.264/h264enc.js:167
      throw ex;
      ^

RuntimeError: Aborted(Cannot enlarge memory arrays to size 19124224 bytes (OOM). Either (1) compile with -sINITIAL_MEMORY=X with X higher than the current value 16777216, (2) compile with -sALLOW_MEMORY_GROWTH which allows increasing the size at runtime, or (3) if you want malloc to return NULL (0) instead of this abort, compile with -sABORTING_MALLOC=0)
    at abort (/home/test/workspace/openh264/test/encoder_binary_comparison/AllTestData/Adobe_PDF_sample_a_1024x768_50Frms.264/h264enc.js:1031:11)
    at abortOnCannotGrowMemory (/home/test/workspace/openh264/test/encoder_binary_comparison/AllTestData/Adobe_PDF_sample_a_1024x768_50Frms.264/h264enc.js:4914:7)
    at _emscripten_resize_heap (/home/test/workspace/openh264/test/encoder_binary_comparison/AllTestData/Adobe_PDF_sample_a_1024x768_50Frms.264/h264enc.js:4919:7)
    at wasm://wasm/00265406:wasm-function[1133]:0x705f0
    at wasm://wasm/00265406:wasm-function[1121]:0x6e28d
    at wasm://wasm/00265406:wasm-function[775]:0x60eb2
    at wasm://wasm/00265406:wasm-function[357]:0x2e8f3
    at wasm://wasm/00265406:wasm-function[363]:0x2f261
    at wasm://wasm/00265406:wasm-function[555]:0x407f3
    at wasm://wasm/00265406:wasm-function[554]:0x405bd   [0m
[31m    Failed! Adobe_PDF_sample_a_1024x768_50Frms.264_x.yuv Case Index 589:SHA-1(Current--Benchmark): NULL-----b5d329af069b402a240d5a72b4244c6bdb7b1699  [0m
[31m            ----YUVSHA1:  NULL,  9aa9a4d9598eb3e1093311826844f37c43e4c521  [0m
[31m           Aborted(Cannot enlarge memory arrays to size 19124224 bytes (OOM). Either (1) compile with -sINITIAL_MEMORY=X with X higher than the current value 16777216, (2) compile with -sALLOW_MEMORY_GROWTH which allows increasing the size at runtime, or (3) if you want malloc to return NULL (0) instead of this abort, compile with -sABORTING_MALLOC=0)
/home/test/workspace/openh264/test/encoder_binary_comparison/AllTestData/Adobe_PDF_sample_a_1024x768_50Frms.264/h264enc.js:167
      throw ex;
      ^

RuntimeError: Aborted(Cannot enlarge memory arrays to size 19124224 bytes (OOM). Either (1) compile with -sINITIAL_MEMORY=X with X higher than the current value 16777216, (2) compile with -sALLOW_MEMORY_GROWTH which allows increasing the size at runtime, or (3) if you want malloc to return NULL (0) instead of this abort, compile with -sABORTING_MALLOC=0)
    at abort (/home/test/workspace/openh264/test/encoder_binary_comparison/AllTestData/Adobe_PDF_sample_a_1024x768_50Frms.264/h264enc.js:1031:11)
    at abortOnCannotGrowMemory (/home/test/workspace/openh264/test/encoder_binary_comparison/AllTestData/Adobe_PDF_sample_a_1024x768_50Frms.264/h264enc.js:4914:7)
    at _emscripten_resize_heap (/home/test/workspace/openh264/test/encoder_binary_comparison/AllTestData/Adobe_PDF_sample_a_1024x768_50Frms.264/h264enc.js:4919:7)
    at wasm://wasm/00265406:wasm-function[1133]:0x705f0
    at wasm://wasm/00265406:wasm-function[1121]:0x6e28d
    at wasm://wasm/00265406:wasm-function[775]:0x60eb2
    at wasm://wasm/00265406:wasm-function[357]:0x2e8f3
    at wasm://wasm/00265406:wasm-function[363]:0x2f261
    at wasm://wasm/00265406:wasm-function[555]:0x407f3
    at wasm://wasm/00265406:wasm-function[554]:0x405bd   [0m
[31m    Failed! Adobe_PDF_sample_a_1024x768_50Frms.264_x.yuv Case Index 590:SHA-1(Current--Benchmark): NULL-----b5d329af069b402a240d5a72b4244c6bdb7b1699  [0m
[31m            ----YUVSHA1:  NULL,  9aa9a4d9598eb3e1093311826844f37c43e4c521  [0m
[31m           Aborted(Cannot enlarge memory arrays to size 19124224 bytes (OOM). Either (1) compile with -sINITIAL_MEMORY=X with X higher than the current value 16777216, (2) compile with -sALLOW_MEMORY_GROWTH which allows increasing the size at runtime, or (3) if you want malloc to return NULL (0) instead of this abort, compile with -sABORTING_MALLOC=0)
/home/test/workspace/openh264/test/encoder_binary_comparison/AllTestData/Adobe_PDF_sample_a_1024x768_50Frms.264/h264enc.js:167
      throw ex;
      ^

RuntimeError: Aborted(Cannot enlarge memory arrays to size 19124224 bytes (OOM). Either (1) compile with -sINITIAL_MEMORY=X with X higher than the current value 16777216, (2) compile with -sALLOW_MEMORY_GROWTH which allows increasing the size at runtime, or (3) if you want malloc to return NULL (0) instead of this abort, compile with -sABORTING_MALLOC=0)
    at abort (/home/test/workspace/openh264/test/encoder_binary_comparison/AllTestData/Adobe_PDF_sample_a_1024x768_50Frms.264/h264enc.js:1031:11)
    at abortOnCannotGrowMemory (/home/test/workspace/openh264/test/encoder_binary_comparison/AllTestData/Adobe_PDF_sample_a_1024x768_50Frms.264/h264enc.js:4914:7)
    at _emscripten_resize_heap (/home/test/workspace/openh264/test/encoder_binary_comparison/AllTestData/Adobe_PDF_sample_a_1024x768_50Frms.264/h264enc.js:4919:7)
    at wasm://wasm/00265406:wasm-function[1133]:0x705f0
    at wasm://wasm/00265406:wasm-function[1121]:0x6e28d
    at wasm://wasm/00265406:wasm-function[775]:0x60eb2
    at wasm://wasm/00265406:wasm-function[357]:0x2e8f3
    at wasm://wasm/00265406:wasm-function[363]:0x2f261
    at wasm://wasm/00265406:wasm-function[555]:0x407f3
    at wasm://wasm/00265406:wasm-function[554]:0x405bd   [0m
[31m    Failed! Adobe_PDF_sample_a_1024x768_50Frms.264_x.yuv Case Index 591:SHA-1(Current--Benchmark): NULL-----b5d329af069b402a240d5a72b4244c6bdb7b1699  [0m
[31m            ----YUVSHA1:  NULL,  9aa9a4d9598eb3e1093311826844f37c43e4c521  [0m
[31m           Aborted(Cannot enlarge memory arrays to size 19124224 bytes (OOM). Either (1) compile with -sINITIAL_MEMORY=X with X higher than the current value 16777216, (2) compile with -sALLOW_MEMORY_GROWTH which allows increasing the size at runtime, or (3) if you want malloc to return NULL (0) instead of this abort, compile with -sABORTING_MALLOC=0)
/home/test/workspace/openh264/test/encoder_binary_comparison/AllTestData/Adobe_PDF_sample_a_1024x768_50Frms.264/h264enc.js:167
      throw ex;
      ^

RuntimeError: Aborted(Cannot enlarge memory arrays to size 19124224 bytes (OOM). Either (1) compile with -sINITIAL_MEMORY=X with X higher than the current value 16777216, (2) compile with -sALLOW_MEMORY_GROWTH which allows increasing the size at runtime, or (3) if you want malloc to return NULL (0) instead of this abort, compile with -sABORTING_MALLOC=0)
    at abort (/home/test/workspace/openh264/test/encoder_binary_comparison/AllTestData/Adobe_PDF_sample_a_1024x768_50Frms.264/h264enc.js:1031:11)
    at abortOnCannotGrowMemory (/home/test/workspace/openh264/test/encoder_binary_comparison/AllTestData/Adobe_PDF_sample_a_1024x768_50Frms.264/h264enc.js:4914:7)
    at _emscripten_resize_heap (/home/test/workspace/openh264/test/encoder_binary_comparison/AllTestData/Adobe_PDF_sample_a_1024x768_50Frms.264/h264enc.js:4919:7)
    at wasm://wasm/00265406:wasm-function[1133]:0x705f0
    at wasm://wasm/00265406:wasm-function[1121]:0x6e28d
    at wasm://wasm/00265406:wasm-function[775]:0x60eb2
    at wasm://wasm/00265406:wasm-function[357]:0x2e8f3
    at wasm://wasm/00265406:wasm-function[363]:0x2f261
    at wasm://wasm/00265406:wasm-function[555]:0x407f3
    at wasm://wasm/00265406:wasm-function[554]:0x405bd   [0m
[31m    Failed! Adobe_PDF_sample_a_1024x768_50Frms.264_x.yuv Case Index 592:SHA-1(Current--Benchmark): NULL-----f5bad0efa4d64f463c8bcf2a606af00b9b9d464b  [0m
[31m            ----YUVSHA1:  NULL,  9aa9a4d9598eb3e1093311826844f37c43e4c521  [0m
[31m           Aborted(Cannot enlarge memory arrays to size 19124224 bytes (OOM). Either (1) compile with -sINITIAL_MEMORY=X with X higher than the current value 16777216, (2) compile with -sALLOW_MEMORY_GROWTH which allows increasing the size at runtime, or (3) if you want malloc to return NULL (0) instead of this abort, compile with -sABORTING_MALLOC=0)
/home/test/workspace/openh264/test/encoder_binary_comparison/AllTestData/Adobe_PDF_sample_a_1024x768_50Frms.264/h264enc.js:167
      throw ex;
      ^

RuntimeError: Aborted(Cannot enlarge memory arrays to size 19124224 bytes (OOM). Either (1) compile with -sINITIAL_MEMORY=X with X higher than the current value 16777216, (2) compile with -sALLOW_MEMORY_GROWTH which allows increasing the size at runtime, or (3) if you want malloc to return NULL (0) instead of this abort, compile with -sABORTING_MALLOC=0)
    at abort (/home/test/workspace/openh264/test/encoder_binary_comparison/AllTestData/Adobe_PDF_sample_a_1024x768_50Frms.264/h264enc.js:1031:11)
    at abortOnCannotGrowMemory (/home/test/workspace/openh264/test/encoder_binary_comparison/AllTestData/Adobe_PDF_sample_a_1024x768_50Frms.264/h264enc.js:4914:7)
    at _emscripten_resize_heap (/home/test/workspace/openh264/test/encoder_binary_comparison/AllTestData/Adobe_PDF_sample_a_1024x768_50Frms.264/h264enc.js:4919:7)
    at wasm://wasm/00265406:wasm-function[1133]:0x705f0
    at wasm://wasm/00265406:wasm-function[1121]:0x6e28d
    at wasm://wasm/00265406:wasm-function[775]:0x60eb2
    at wasm://wasm/00265406:wasm-function[357]:0x2e8f3
    at wasm://wasm/00265406:wasm-function[363]:0x2f261
    at wasm://wasm/00265406:wasm-function[555]:0x407f3
    at wasm://wasm/00265406:wasm-function[554]:0x405bd   [0m
[31m    Failed! Adobe_PDF_sample_a_1024x768_50Frms.264_x.yuv Case Index 593:SHA-1(Current--Benchmark): NULL-----f5bad0efa4d64f463c8bcf2a606af00b9b9d464b  [0m
[31m            ----YUVSHA1:  NULL,  9aa9a4d9598eb3e1093311826844f37c43e4c521  [0m
[31m           Aborted(Cannot enlarge memory arrays to size 19124224 bytes (OOM). Either (1) compile with -sINITIAL_MEMORY=X with X higher than the current value 16777216, (2) compile with -sALLOW_MEMORY_GROWTH which allows increasing the size at runtime, or (3) if you want malloc to return NULL (0) instead of this abort, compile with -sABORTING_MALLOC=0)
/home/test/workspace/openh264/test/encoder_binary_comparison/AllTestData/Adobe_PDF_sample_a_1024x768_50Frms.264/h264enc.js:167
      throw ex;
      ^

RuntimeError: Aborted(Cannot enlarge memory arrays to size 19124224 bytes (OOM). Either (1) compile with -sINITIAL_MEMORY=X with X higher than the current value 16777216, (2) compile with -sALLOW_MEMORY_GROWTH which allows increasing the size at runtime, or (3) if you want malloc to return NULL (0) instead of this abort, compile with -sABORTING_MALLOC=0)
    at abort (/home/test/workspace/openh264/test/encoder_binary_comparison/AllTestData/Adobe_PDF_sample_a_1024x768_50Frms.264/h264enc.js:1031:11)
    at abortOnCannotGrowMemory (/home/test/workspace/openh264/test/encoder_binary_comparison/AllTestData/Adobe_PDF_sample_a_1024x768_50Frms.264/h264enc.js:4914:7)
    at _emscripten_resize_heap (/home/test/workspace/openh264/test/encoder_binary_comparison/AllTestData/Adobe_PDF_sample_a_1024x768_50Frms.264/h264enc.js:4919:7)
    at wasm://wasm/00265406:wasm-function[1133]:0x705f0
    at wasm://wasm/00265406:wasm-function[1121]:0x6e28d
    at wasm://wasm/00265406:wasm-function[775]:0x60eb2
    at wasm://wasm/00265406:wasm-function[357]:0x2e8f3
    at wasm://wasm/00265406:wasm-function[363]:0x2f261
    at wasm://wasm/00265406:wasm-function[555]:0x407f3
    at wasm://wasm/00265406:wasm-function[554]:0x405bd   [0m
[31m    Failed! Adobe_PDF_sample_a_1024x768_50Frms.264_x.yuv Case Index 594:SHA-1(Current--Benchmark): NULL-----f5bad0efa4d64f463c8bcf2a606af00b9b9d464b  [0m
[31m            ----YUVSHA1:  NULL,  9aa9a4d9598eb3e1093311826844f37c43e4c521  [0m
[31m           Aborted(Cannot enlarge memory arrays to size 19124224 bytes (OOM). Either (1) compile with -sINITIAL_MEMORY=X with X higher than the current value 16777216, (2) compile with -sALLOW_MEMORY_GROWTH which allows increasing the size at runtime, or (3) if you want malloc to return NULL (0) instead of this abort, compile with -sABORTING_MALLOC=0)
/home/test/workspace/openh264/test/encoder_binary_comparison/AllTestData/Adobe_PDF_sample_a_1024x768_50Frms.264/h264enc.js:167
      throw ex;
      ^

RuntimeError: Aborted(Cannot enlarge memory arrays to size 19124224 bytes (OOM). Either (1) compile with -sINITIAL_MEMORY=X with X higher than the current value 16777216, (2) compile with -sALLOW_MEMORY_GROWTH which allows increasing the size at runtime, or (3) if you want malloc to return NULL (0) instead of this abort, compile with -sABORTING_MALLOC=0)
    at abort (/home/test/workspace/openh264/test/encoder_binary_comparison/AllTestData/Adobe_PDF_sample_a_1024x768_50Frms.264/h264enc.js:1031:11)
    at abortOnCannotGrowMemory (/home/test/workspace/openh264/test/encoder_binary_comparison/AllTestData/Adobe_PDF_sample_a_1024x768_50Frms.264/h264enc.js:4914:7)
    at _emscripten_resize_heap (/home/test/workspace/openh264/test/encoder_binary_comparison/AllTestData/Adobe_PDF_sample_a_1024x768_50Frms.264/h264enc.js:4919:7)
    at wasm://wasm/00265406:wasm-function[1133]:0x705f0
    at wasm://wasm/00265406:wasm-function[1121]:0x6e28d
    at wasm://wasm/00265406:wasm-function[775]:0x60eb2
    at wasm://wasm/00265406:wasm-function[357]:0x2e8f3
    at wasm://wasm/00265406:wasm-function[363]:0x2f261
    at wasm://wasm/00265406:wasm-function[555]:0x407f3
    at wasm://wasm/00265406:wasm-function[554]:0x405bd   [0m
[31m    Failed! Adobe_PDF_sample_a_1024x768_50Frms.264_x.yuv Case Index 595:SHA-1(Current--Benchmark): NULL-----f5bad0efa4d64f463c8bcf2a606af00b9b9d464b  [0m
[31m            ----YUVSHA1:  NULL,  9aa9a4d9598eb3e1093311826844f37c43e4c521  [0m
[31m           Aborted(Cannot enlarge memory arrays to size 19124224 bytes (OOM). Either (1) compile with -sINITIAL_MEMORY=X with X higher than the current value 16777216, (2) compile with -sALLOW_MEMORY_GROWTH which allows increasing the size at runtime, or (3) if you want malloc to return NULL (0) instead of this abort, compile with -sABORTING_MALLOC=0)
/home/test/workspace/openh264/test/encoder_binary_comparison/AllTestData/Adobe_PDF_sample_a_1024x768_50Frms.264/h264enc.js:167
      throw ex;
      ^

RuntimeError: Aborted(Cannot enlarge memory arrays to size 19124224 bytes (OOM). Either (1) compile with -sINITIAL_MEMORY=X with X higher than the current value 16777216, (2) compile with -sALLOW_MEMORY_GROWTH which allows increasing the size at runtime, or (3) if you want malloc to return NULL (0) instead of this abort, compile with -sABORTING_MALLOC=0)
    at abort (/home/test/workspace/openh264/test/encoder_binary_comparison/AllTestData/Adobe_PDF_sample_a_1024x768_50Frms.264/h264enc.js:1031:11)
    at abortOnCannotGrowMemory (/home/test/workspace/openh264/test/encoder_binary_comparison/AllTestData/Adobe_PDF_sample_a_1024x768_50Frms.264/h264enc.js:4914:7)
    at _emscripten_resize_heap (/home/test/workspace/openh264/test/encoder_binary_comparison/AllTestData/Adobe_PDF_sample_a_1024x768_50Frms.264/h264enc.js:4919:7)
    at wasm://wasm/00265406:wasm-function[1133]:0x705f0
    at wasm://wasm/00265406:wasm-function[1121]:0x6e28d
    at wasm://wasm/00265406:wasm-function[775]:0x60eb2
    at wasm://wasm/00265406:wasm-function[357]:0x2e8f3
    at wasm://wasm/00265406:wasm-function[363]:0x2f261
    at wasm://wasm/00265406:wasm-function[555]:0x407f3
    at wasm://wasm/00265406:wasm-function[554]:0x405bd   [0m
[31m    Failed! Adobe_PDF_sample_a_1024x768_50Frms.264_x.yuv Case Index 596:SHA-1(Current--Benchmark): NULL-----f5bad0efa4d64f463c8bcf2a606af00b9b9d464b  [0m
[31m            ----YUVSHA1:  NULL,  9aa9a4d9598eb3e1093311826844f37c43e4c521  [0m
[31m           Aborted(Cannot enlarge memory arrays to size 19124224 bytes (OOM). Either (1) compile with -sINITIAL_MEMORY=X with X higher than the current value 16777216, (2) compile with -sALLOW_MEMORY_GROWTH which allows increasing the size at runtime, or (3) if you want malloc to return NULL (0) instead of this abort, compile with -sABORTING_MALLOC=0)
/home/test/workspace/openh264/test/encoder_binary_comparison/AllTestData/Adobe_PDF_sample_a_1024x768_50Frms.264/h264enc.js:167
      throw ex;
      ^

RuntimeError: Aborted(Cannot enlarge memory arrays to size 19124224 bytes (OOM). Either (1) compile with -sINITIAL_MEMORY=X with X higher than the current value 16777216, (2) compile with -sALLOW_MEMORY_GROWTH which allows increasing the size at runtime, or (3) if you want malloc to return NULL (0) instead of this abort, compile with -sABORTING_MALLOC=0)
    at abort (/home/test/workspace/openh264/test/encoder_binary_comparison/AllTestData/Adobe_PDF_sample_a_1024x768_50Frms.264/h264enc.js:1031:11)
    at abortOnCannotGrowMemory (/home/test/workspace/openh264/test/encoder_binary_comparison/AllTestData/Adobe_PDF_sample_a_1024x768_50Frms.264/h264enc.js:4914:7)
    at _emscripten_resize_heap (/home/test/workspace/openh264/test/encoder_binary_comparison/AllTestData/Adobe_PDF_sample_a_1024x768_50Frms.264/h264enc.js:4919:7)
    at wasm://wasm/00265406:wasm-function[1133]:0x705f0
    at wasm://wasm/00265406:wasm-function[1121]:0x6e28d
    at wasm://wasm/00265406:wasm-function[775]:0x60eb2
    at wasm://wasm/00265406:wasm-function[357]:0x2e8f3
    at wasm://wasm/00265406:wasm-function[363]:0x2f261
    at wasm://wasm/00265406:wasm-function[555]:0x407f3
    at wasm://wasm/00265406:wasm-function[554]:0x405bd   [0m
[31m    Failed! Adobe_PDF_sample_a_1024x768_50Frms.264_x.yuv Case Index 597:SHA-1(Current--Benchmark): NULL-----f5bad0efa4d64f463c8bcf2a606af00b9b9d464b  [0m
[31m            ----YUVSHA1:  NULL,  9aa9a4d9598eb3e1093311826844f37c43e4c521  [0m
[31m           Aborted(Cannot enlarge memory arrays to size 19124224 bytes (OOM). Either (1) compile with -sINITIAL_MEMORY=X with X higher than the current value 16777216, (2) compile with -sALLOW_MEMORY_GROWTH which allows increasing the size at runtime, or (3) if you want malloc to return NULL (0) instead of this abort, compile with -sABORTING_MALLOC=0)
/home/test/workspace/openh264/test/encoder_binary_comparison/AllTestData/Adobe_PDF_sample_a_1024x768_50Frms.264/h264enc.js:167
      throw ex;
      ^

RuntimeError: Aborted(Cannot enlarge memory arrays to size 19124224 bytes (OOM). Either (1) compile with -sINITIAL_MEMORY=X with X higher than the current value 16777216, (2) compile with -sALLOW_MEMORY_GROWTH which allows increasing the size at runtime, or (3) if you want malloc to return NULL (0) instead of this abort, compile with -sABORTING_MALLOC=0)
    at abort (/home/test/workspace/openh264/test/encoder_binary_comparison/AllTestData/Adobe_PDF_sample_a_1024x768_50Frms.264/h264enc.js:1031:11)
    at abortOnCannotGrowMemory (/home/test/workspace/openh264/test/encoder_binary_comparison/AllTestData/Adobe_PDF_sample_a_1024x768_50Frms.264/h264enc.js:4914:7)
    at _emscripten_resize_heap (/home/test/workspace/openh264/test/encoder_binary_comparison/AllTestData/Adobe_PDF_sample_a_1024x768_50Frms.264/h264enc.js:4919:7)
    at wasm://wasm/00265406:wasm-function[1133]:0x705f0
    at wasm://wasm/00265406:wasm-function[1121]:0x6e28d
    at wasm://wasm/00265406:wasm-function[775]:0x60eb2
    at wasm://wasm/00265406:wasm-function[357]:0x2e8f3
    at wasm://wasm/00265406:wasm-function[363]:0x2f261
    at wasm://wasm/00265406:wasm-function[555]:0x407f3
    at wasm://wasm/00265406:wasm-function[554]:0x405bd   [0m
[31m    Failed! Adobe_PDF_sample_a_1024x768_50Frms.264_x.yuv Case Index 598:SHA-1(Current--Benchmark): NULL-----f5bad0efa4d64f463c8bcf2a606af00b9b9d464b  [0m
[31m            ----YUVSHA1:  NULL,  9aa9a4d9598eb3e1093311826844f37c43e4c521  [0m
[31m           Aborted(Cannot enlarge memory arrays to size 19124224 bytes (OOM). Either (1) compile with -sINITIAL_MEMORY=X with X higher than the current value 16777216, (2) compile with -sALLOW_MEMORY_GROWTH which allows increasing the size at runtime, or (3) if you want malloc to return NULL (0) instead of this abort, compile with -sABORTING_MALLOC=0)
/home/test/workspace/openh264/test/encoder_binary_comparison/AllTestData/Adobe_PDF_sample_a_1024x768_50Frms.264/h264enc.js:167
      throw ex;
      ^

RuntimeError: Aborted(Cannot enlarge memory arrays to size 19124224 bytes (OOM). Either (1) compile with -sINITIAL_MEMORY=X with X higher than the current value 16777216, (2) compile with -sALLOW_MEMORY_GROWTH which allows increasing the size at runtime, or (3) if you want malloc to return NULL (0) instead of this abort, compile with -sABORTING_MALLOC=0)
    at abort (/home/test/workspace/openh264/test/encoder_binary_comparison/AllTestData/Adobe_PDF_sample_a_1024x768_50Frms.264/h264enc.js:1031:11)
    at abortOnCannotGrowMemory (/home/test/workspace/openh264/test/encoder_binary_comparison/AllTestData/Adobe_PDF_sample_a_1024x768_50Frms.264/h264enc.js:4914:7)
    at _emscripten_resize_heap (/home/test/workspace/openh264/test/encoder_binary_comparison/AllTestData/Adobe_PDF_sample_a_1024x768_50Frms.264/h264enc.js:4919:7)
    at wasm://wasm/00265406:wasm-function[1133]:0x705f0
    at wasm://wasm/00265406:wasm-function[1121]:0x6e28d
    at wasm://wasm/00265406:wasm-function[775]:0x60eb2
    at wasm://wasm/00265406:wasm-function[357]:0x2e8f3
    at wasm://wasm/00265406:wasm-function[363]:0x2f261
    at wasm://wasm/00265406:wasm-function[555]:0x407f3
    at wasm://wasm/00265406:wasm-function[554]:0x405bd   [0m
[31m    Failed! Adobe_PDF_sample_a_1024x768_50Frms.264_x.yuv Case Index 599:SHA-1(Current--Benchmark): NULL-----f5bad0efa4d64f463c8bcf2a606af00b9b9d464b  [0m
[31m            ----YUVSHA1:  NULL,  9aa9a4d9598eb3e1093311826844f37c43e4c521  [0m
[31m           Aborted(Cannot enlarge memory arrays to size 19124224 bytes (OOM). Either (1) compile with -sINITIAL_MEMORY=X with X higher than the current value 16777216, (2) compile with -sALLOW_MEMORY_GROWTH which allows increasing the size at runtime, or (3) if you want malloc to return NULL (0) instead of this abort, compile with -sABORTING_MALLOC=0)
/home/test/workspace/openh264/test/encoder_binary_comparison/AllTestData/Adobe_PDF_sample_a_1024x768_50Frms.264/h264enc.js:167
      throw ex;
      ^

RuntimeError: Aborted(Cannot enlarge memory arrays to size 19124224 bytes (OOM). Either (1) compile with -sINITIAL_MEMORY=X with X higher than the current value 16777216, (2) compile with -sALLOW_MEMORY_GROWTH which allows increasing the size at runtime, or (3) if you want malloc to return NULL (0) instead of this abort, compile with -sABORTING_MALLOC=0)
    at abort (/home/test/workspace/openh264/test/encoder_binary_comparison/AllTestData/Adobe_PDF_sample_a_1024x768_50Frms.264/h264enc.js:1031:11)
    at abortOnCannotGrowMemory (/home/test/workspace/openh264/test/encoder_binary_comparison/AllTestData/Adobe_PDF_sample_a_1024x768_50Frms.264/h264enc.js:4914:7)
    at _emscripten_resize_heap (/home/test/workspace/openh264/test/encoder_binary_comparison/AllTestData/Adobe_PDF_sample_a_1024x768_50Frms.264/h264enc.js:4919:7)
    at wasm://wasm/00265406:wasm-function[1133]:0x705f0
    at wasm://wasm/00265406:wasm-function[1121]:0x6e28d
    at wasm://wasm/00265406:wasm-function[775]:0x60eb2
    at wasm://wasm/00265406:wasm-function[357]:0x2e8f3
    at wasm://wasm/00265406:wasm-function[363]:0x2f261
    at wasm://wasm/00265406:wasm-function[555]:0x407f3
    at wasm://wasm/00265406:wasm-function[554]:0x405bd   [0m
[31m    Failed! Adobe_PDF_sample_a_1024x768_50Frms.264_x.yuv Case Index 600:SHA-1(Current--Benchmark): NULL-----f5bad0efa4d64f463c8bcf2a606af00b9b9d464b  [0m
[31m            ----YUVSHA1:  NULL,  9aa9a4d9598eb3e1093311826844f37c43e4c521  [0m
[31m           Aborted(Cannot enlarge memory arrays to size 19124224 bytes (OOM). Either (1) compile with -sINITIAL_MEMORY=X with X higher than the current value 16777216, (2) compile with -sALLOW_MEMORY_GROWTH which allows increasing the size at runtime, or (3) if you want malloc to return NULL (0) instead of this abort, compile with -sABORTING_MALLOC=0)
/home/test/workspace/openh264/test/encoder_binary_comparison/AllTestData/Adobe_PDF_sample_a_1024x768_50Frms.264/h264enc.js:167
      throw ex;
      ^

RuntimeError: Aborted(Cannot enlarge memory arrays to size 19124224 bytes (OOM). Either (1) compile with -sINITIAL_MEMORY=X with X higher than the current value 16777216, (2) compile with -sALLOW_MEMORY_GROWTH which allows increasing the size at runtime, or (3) if you want malloc to return NULL (0) instead of this abort, compile with -sABORTING_MALLOC=0)
    at abort (/home/test/workspace/openh264/test/encoder_binary_comparison/AllTestData/Adobe_PDF_sample_a_1024x768_50Frms.264/h264enc.js:1031:11)
    at abortOnCannotGrowMemory (/home/test/workspace/openh264/test/encoder_binary_comparison/AllTestData/Adobe_PDF_sample_a_1024x768_50Frms.264/h264enc.js:4914:7)
    at _emscripten_resize_heap (/home/test/workspace/openh264/test/encoder_binary_comparison/AllTestData/Adobe_PDF_sample_a_1024x768_50Frms.264/h264enc.js:4919:7)
    at wasm://wasm/00265406:wasm-function[1133]:0x705f0
    at wasm://wasm/00265406:wasm-function[1121]:0x6e28d
    at wasm://wasm/00265406:wasm-function[775]:0x60eb2
    at wasm://wasm/00265406:wasm-function[357]:0x2e8f3
    at wasm://wasm/00265406:wasm-function[363]:0x2f261
    at wasm://wasm/00265406:wasm-function[555]:0x407f3
    at wasm://wasm/00265406:wasm-function[554]:0x405bd   [0m
[31m    Failed! Adobe_PDF_sample_a_1024x768_50Frms.264_x.yuv Case Index 601:SHA-1(Current--Benchmark): NULL-----f5bad0efa4d64f463c8bcf2a606af00b9b9d464b  [0m
[31m            ----YUVSHA1:  NULL,  9aa9a4d9598eb3e1093311826844f37c43e4c521  [0m
[31m           Aborted(Cannot enlarge memory arrays to size 19124224 bytes (OOM). Either (1) compile with -sINITIAL_MEMORY=X with X higher than the current value 16777216, (2) compile with -sALLOW_MEMORY_GROWTH which allows increasing the size at runtime, or (3) if you want malloc to return NULL (0) instead of this abort, compile with -sABORTING_MALLOC=0)
/home/test/workspace/openh264/test/encoder_binary_comparison/AllTestData/Adobe_PDF_sample_a_1024x768_50Frms.264/h264enc.js:167
      throw ex;
      ^

RuntimeError: Aborted(Cannot enlarge memory arrays to size 19124224 bytes (OOM). Either (1) compile with -sINITIAL_MEMORY=X with X higher than the current value 16777216, (2) compile with -sALLOW_MEMORY_GROWTH which allows increasing the size at runtime, or (3) if you want malloc to return NULL (0) instead of this abort, compile with -sABORTING_MALLOC=0)
    at abort (/home/test/workspace/openh264/test/encoder_binary_comparison/AllTestData/Adobe_PDF_sample_a_1024x768_50Frms.264/h264enc.js:1031:11)
    at abortOnCannotGrowMemory (/home/test/workspace/openh264/test/encoder_binary_comparison/AllTestData/Adobe_PDF_sample_a_1024x768_50Frms.264/h264enc.js:4914:7)
    at _emscripten_resize_heap (/home/test/workspace/openh264/test/encoder_binary_comparison/AllTestData/Adobe_PDF_sample_a_1024x768_50Frms.264/h264enc.js:4919:7)
    at wasm://wasm/00265406:wasm-function[1133]:0x705f0
    at wasm://wasm/00265406:wasm-function[1121]:0x6e28d
    at wasm://wasm/00265406:wasm-function[775]:0x60eb2
    at wasm://wasm/00265406:wasm-function[357]:0x2e8f3
    at wasm://wasm/00265406:wasm-function[363]:0x2f261
    at wasm://wasm/00265406:wasm-function[555]:0x407f3
    at wasm://wasm/00265406:wasm-function[554]:0x405bd   [0m
[31m    Failed! Adobe_PDF_sample_a_1024x768_50Frms.264_x.yuv Case Index 602:SHA-1(Current--Benchmark): NULL-----f5bad0efa4d64f463c8bcf2a606af00b9b9d464b  [0m
[31m            ----YUVSHA1:  NULL,  9aa9a4d9598eb3e1093311826844f37c43e4c521  [0m
[31m           Aborted(Cannot enlarge memory arrays to size 19124224 bytes (OOM). Either (1) compile with -sINITIAL_MEMORY=X with X higher than the current value 16777216, (2) compile with -sALLOW_MEMORY_GROWTH which allows increasing the size at runtime, or (3) if you want malloc to return NULL (0) instead of this abort, compile with -sABORTING_MALLOC=0)
/home/test/workspace/openh264/test/encoder_binary_comparison/AllTestData/Adobe_PDF_sample_a_1024x768_50Frms.264/h264enc.js:167
      throw ex;
      ^

RuntimeError: Aborted(Cannot enlarge memory arrays to size 19124224 bytes (OOM). Either (1) compile with -sINITIAL_MEMORY=X with X higher than the current value 16777216, (2) compile with -sALLOW_MEMORY_GROWTH which allows increasing the size at runtime, or (3) if you want malloc to return NULL (0) instead of this abort, compile with -sABORTING_MALLOC=0)
    at abort (/home/test/workspace/openh264/test/encoder_binary_comparison/AllTestData/Adobe_PDF_sample_a_1024x768_50Frms.264/h264enc.js:1031:11)
    at abortOnCannotGrowMemory (/home/test/workspace/openh264/test/encoder_binary_comparison/AllTestData/Adobe_PDF_sample_a_1024x768_50Frms.264/h264enc.js:4914:7)
    at _emscripten_resize_heap (/home/test/workspace/openh264/test/encoder_binary_comparison/AllTestData/Adobe_PDF_sample_a_1024x768_50Frms.264/h264enc.js:4919:7)
    at wasm://wasm/00265406:wasm-function[1133]:0x705f0
    at wasm://wasm/00265406:wasm-function[1121]:0x6e28d
    at wasm://wasm/00265406:wasm-function[775]:0x60eb2
    at wasm://wasm/00265406:wasm-function[357]:0x2e8f3
    at wasm://wasm/00265406:wasm-function[363]:0x2f261
    at wasm://wasm/00265406:wasm-function[555]:0x407f3
    at wasm://wasm/00265406:wasm-function[554]:0x405bd   [0m
[31m    Failed! Adobe_PDF_sample_a_1024x768_50Frms.264_x.yuv Case Index 603:SHA-1(Current--Benchmark): NULL-----f5bad0efa4d64f463c8bcf2a606af00b9b9d464b  [0m
[31m            ----YUVSHA1:  NULL,  9aa9a4d9598eb3e1093311826844f37c43e4c521  [0m
[31m           Aborted(Cannot enlarge memory arrays to size 19124224 bytes (OOM). Either (1) compile with -sINITIAL_MEMORY=X with X higher than the current value 16777216, (2) compile with -sALLOW_MEMORY_GROWTH which allows increasing the size at runtime, or (3) if you want malloc to return NULL (0) instead of this abort, compile with -sABORTING_MALLOC=0)
/home/test/workspace/openh264/test/encoder_binary_comparison/AllTestData/Adobe_PDF_sample_a_1024x768_50Frms.264/h264enc.js:167
      throw ex;
      ^

RuntimeError: Aborted(Cannot enlarge memory arrays to size 19124224 bytes (OOM). Either (1) compile with -sINITIAL_MEMORY=X with X higher than the current value 16777216, (2) compile with -sALLOW_MEMORY_GROWTH which allows increasing the size at runtime, or (3) if you want malloc to return NULL (0) instead of this abort, compile with -sABORTING_MALLOC=0)
    at abort (/home/test/workspace/openh264/test/encoder_binary_comparison/AllTestData/Adobe_PDF_sample_a_1024x768_50Frms.264/h264enc.js:1031:11)
    at abortOnCannotGrowMemory (/home/test/workspace/openh264/test/encoder_binary_comparison/AllTestData/Adobe_PDF_sample_a_1024x768_50Frms.264/h264enc.js:4914:7)
    at _emscripten_resize_heap (/home/test/workspace/openh264/test/encoder_binary_comparison/AllTestData/Adobe_PDF_sample_a_1024x768_50Frms.264/h264enc.js:4919:7)
    at wasm://wasm/00265406:wasm-function[1133]:0x705f0
    at wasm://wasm/00265406:wasm-function[1121]:0x6e28d
    at wasm://wasm/00265406:wasm-function[775]:0x60eb2
    at wasm://wasm/00265406:wasm-function[357]:0x2e8f3
    at wasm://wasm/00265406:wasm-function[363]:0x2f261
    at wasm://wasm/00265406:wasm-function[555]:0x407f3
    at wasm://wasm/00265406:wasm-function[554]:0x405bd   [0m
[31m    Failed! Adobe_PDF_sample_a_1024x768_50Frms.264_x.yuv Case Index 604:SHA-1(Current--Benchmark): NULL-----f5bad0efa4d64f463c8bcf2a606af00b9b9d464b  [0m
[31m            ----YUVSHA1:  NULL,  9aa9a4d9598eb3e1093311826844f37c43e4c521  [0m
[31m           Aborted(Cannot enlarge memory arrays to size 19124224 bytes (OOM). Either (1) compile with -sINITIAL_MEMORY=X with X higher than the current value 16777216, (2) compile with -sALLOW_MEMORY_GROWTH which allows increasing the size at runtime, or (3) if you want malloc to return NULL (0) instead of this abort, compile with -sABORTING_MALLOC=0)
/home/test/workspace/openh264/test/encoder_binary_comparison/AllTestData/Adobe_PDF_sample_a_1024x768_50Frms.264/h264enc.js:167
      throw ex;
      ^

RuntimeError: Aborted(Cannot enlarge memory arrays to size 19124224 bytes (OOM). Either (1) compile with -sINITIAL_MEMORY=X with X higher than the current value 16777216, (2) compile with -sALLOW_MEMORY_GROWTH which allows increasing the size at runtime, or (3) if you want malloc to return NULL (0) instead of this abort, compile with -sABORTING_MALLOC=0)
    at abort (/home/test/workspace/openh264/test/encoder_binary_comparison/AllTestData/Adobe_PDF_sample_a_1024x768_50Frms.264/h264enc.js:1031:11)
    at abortOnCannotGrowMemory (/home/test/workspace/openh264/test/encoder_binary_comparison/AllTestData/Adobe_PDF_sample_a_1024x768_50Frms.264/h264enc.js:4914:7)
    at _emscripten_resize_heap (/home/test/workspace/openh264/test/encoder_binary_comparison/AllTestData/Adobe_PDF_sample_a_1024x768_50Frms.264/h264enc.js:4919:7)
    at wasm://wasm/00265406:wasm-function[1133]:0x705f0
    at wasm://wasm/00265406:wasm-function[1121]:0x6e28d
    at wasm://wasm/00265406:wasm-function[775]:0x60eb2
    at wasm://wasm/00265406:wasm-function[357]:0x2e8f3
    at wasm://wasm/00265406:wasm-function[363]:0x2f261
    at wasm://wasm/00265406:wasm-function[555]:0x407f3
    at wasm://wasm/00265406:wasm-function[554]:0x405bd   [0m
[31m    Failed! Adobe_PDF_sample_a_1024x768_50Frms.264_x.yuv Case Index 605:SHA-1(Current--Benchmark): NULL-----f5bad0efa4d64f463c8bcf2a606af00b9b9d464b  [0m
[31m            ----YUVSHA1:  NULL,  9aa9a4d9598eb3e1093311826844f37c43e4c521  [0m
[31m           Aborted(Cannot enlarge memory arrays to size 19124224 bytes (OOM). Either (1) compile with -sINITIAL_MEMORY=X with X higher than the current value 16777216, (2) compile with -sALLOW_MEMORY_GROWTH which allows increasing the size at runtime, or (3) if you want malloc to return NULL (0) instead of this abort, compile with -sABORTING_MALLOC=0)
/home/test/workspace/openh264/test/encoder_binary_comparison/AllTestData/Adobe_PDF_sample_a_1024x768_50Frms.264/h264enc.js:167
      throw ex;
      ^

RuntimeError: Aborted(Cannot enlarge memory arrays to size 19124224 bytes (OOM). Either (1) compile with -sINITIAL_MEMORY=X with X higher than the current value 16777216, (2) compile with -sALLOW_MEMORY_GROWTH which allows increasing the size at runtime, or (3) if you want malloc to return NULL (0) instead of this abort, compile with -sABORTING_MALLOC=0)
    at abort (/home/test/workspace/openh264/test/encoder_binary_comparison/AllTestData/Adobe_PDF_sample_a_1024x768_50Frms.264/h264enc.js:1031:11)
    at abortOnCannotGrowMemory (/home/test/workspace/openh264/test/encoder_binary_comparison/AllTestData/Adobe_PDF_sample_a_1024x768_50Frms.264/h264enc.js:4914:7)
    at _emscripten_resize_heap (/home/test/workspace/openh264/test/encoder_binary_comparison/AllTestData/Adobe_PDF_sample_a_1024x768_50Frms.264/h264enc.js:4919:7)
    at wasm://wasm/00265406:wasm-function[1133]:0x705f0
    at wasm://wasm/00265406:wasm-function[1121]:0x6e28d
    at wasm://wasm/00265406:wasm-function[775]:0x60eb2
    at wasm://wasm/00265406:wasm-function[357]:0x2e8f3
    at wasm://wasm/00265406:wasm-function[363]:0x2f261
    at wasm://wasm/00265406:wasm-function[555]:0x407f3
    at wasm://wasm/00265406:wasm-function[554]:0x405bd   [0m
[31m    Failed! Adobe_PDF_sample_a_1024x768_50Frms.264_x.yuv Case Index 606:SHA-1(Current--Benchmark): NULL-----f5bad0efa4d64f463c8bcf2a606af00b9b9d464b  [0m
[31m            ----YUVSHA1:  NULL,  9aa9a4d9598eb3e1093311826844f37c43e4c521  [0m
[31m           Aborted(Cannot enlarge memory arrays to size 19124224 bytes (OOM). Either (1) compile with -sINITIAL_MEMORY=X with X higher than the current value 16777216, (2) compile with -sALLOW_MEMORY_GROWTH which allows increasing the size at runtime, or (3) if you want malloc to return NULL (0) instead of this abort, compile with -sABORTING_MALLOC=0)
/home/test/workspace/openh264/test/encoder_binary_comparison/AllTestData/Adobe_PDF_sample_a_1024x768_50Frms.264/h264enc.js:167
      throw ex;
      ^

RuntimeError: Aborted(Cannot enlarge memory arrays to size 19124224 bytes (OOM). Either (1) compile with -sINITIAL_MEMORY=X with X higher than the current value 16777216, (2) compile with -sALLOW_MEMORY_GROWTH which allows increasing the size at runtime, or (3) if you want malloc to return NULL (0) instead of this abort, compile with -sABORTING_MALLOC=0)
    at abort (/home/test/workspace/openh264/test/encoder_binary_comparison/AllTestData/Adobe_PDF_sample_a_1024x768_50Frms.264/h264enc.js:1031:11)
    at abortOnCannotGrowMemory (/home/test/workspace/openh264/test/encoder_binary_comparison/AllTestData/Adobe_PDF_sample_a_1024x768_50Frms.264/h264enc.js:4914:7)
    at _emscripten_resize_heap (/home/test/workspace/openh264/test/encoder_binary_comparison/AllTestData/Adobe_PDF_sample_a_1024x768_50Frms.264/h264enc.js:4919:7)
    at wasm://wasm/00265406:wasm-function[1133]:0x705f0
    at wasm://wasm/00265406:wasm-function[1121]:0x6e28d
    at wasm://wasm/00265406:wasm-function[775]:0x60eb2
    at wasm://wasm/00265406:wasm-function[357]:0x2e8f3
    at wasm://wasm/00265406:wasm-function[363]:0x2f261
    at wasm://wasm/00265406:wasm-function[555]:0x407f3
    at wasm://wasm/00265406:wasm-function[554]:0x405bd   [0m
[31m    Failed! Adobe_PDF_sample_a_1024x768_50Frms.264_x.yuv Case Index 607:SHA-1(Current--Benchmark): NULL-----f5bad0efa4d64f463c8bcf2a606af00b9b9d464b  [0m
[31m            ----YUVSHA1:  NULL,  9aa9a4d9598eb3e1093311826844f37c43e4c521  [0m
[31m           Aborted(Cannot enlarge memory arrays to size 19124224 bytes (OOM). Either (1) compile with -sINITIAL_MEMORY=X with X higher than the current value 16777216, (2) compile with -sALLOW_MEMORY_GROWTH which allows increasing the size at runtime, or (3) if you want malloc to return NULL (0) instead of this abort, compile with -sABORTING_MALLOC=0)
/home/test/workspace/openh264/test/encoder_binary_comparison/AllTestData/Adobe_PDF_sample_a_1024x768_50Frms.264/h264enc.js:167
      throw ex;
      ^

RuntimeError: Aborted(Cannot enlarge memory arrays to size 19124224 bytes (OOM). Either (1) compile with -sINITIAL_MEMORY=X with X higher than the current value 16777216, (2) compile with -sALLOW_MEMORY_GROWTH which allows increasing the size at runtime, or (3) if you want malloc to return NULL (0) instead of this abort, compile with -sABORTING_MALLOC=0)
    at abort (/home/test/workspace/openh264/test/encoder_binary_comparison/AllTestData/Adobe_PDF_sample_a_1024x768_50Frms.264/h264enc.js:1031:11)
    at abortOnCannotGrowMemory (/home/test/workspace/openh264/test/encoder_binary_comparison/AllTestData/Adobe_PDF_sample_a_1024x768_50Frms.264/h264enc.js:4914:7)
    at _emscripten_resize_heap (/home/test/workspace/openh264/test/encoder_binary_comparison/AllTestData/Adobe_PDF_sample_a_1024x768_50Frms.264/h264enc.js:4919:7)
    at wasm://wasm/00265406:wasm-function[1133]:0x705f0
    at wasm://wasm/00265406:wasm-function[1121]:0x6e28d
    at wasm://wasm/00265406:wasm-function[775]:0x60eb2
    at wasm://wasm/00265406:wasm-function[357]:0x2e8f3
    at wasm://wasm/00265406:wasm-function[363]:0x2f261
    at wasm://wasm/00265406:wasm-function[555]:0x407f3
    at wasm://wasm/00265406:wasm-function[554]:0x405bd   [0m
[31m    Failed! Adobe_PDF_sample_a_1024x768_50Frms.264_x.yuv Case Index 608:SHA-1(Current--Benchmark): NULL-----f5bad0efa4d64f463c8bcf2a606af00b9b9d464b  [0m
[31m            ----YUVSHA1:  NULL,  9aa9a4d9598eb3e1093311826844f37c43e4c521  [0m
[31m           Aborted(Cannot enlarge memory arrays to size 19124224 bytes (OOM). Either (1) compile with -sINITIAL_MEMORY=X with X higher than the current value 16777216, (2) compile with -sALLOW_MEMORY_GROWTH which allows increasing the size at runtime, or (3) if you want malloc to return NULL (0) instead of this abort, compile with -sABORTING_MALLOC=0)
/home/test/workspace/openh264/test/encoder_binary_comparison/AllTestData/Adobe_PDF_sample_a_1024x768_50Frms.264/h264enc.js:167
      throw ex;
      ^

RuntimeError: Aborted(Cannot enlarge memory arrays to size 19124224 bytes (OOM). Either (1) compile with -sINITIAL_MEMORY=X with X higher than the current value 16777216, (2) compile with -sALLOW_MEMORY_GROWTH which allows increasing the size at runtime, or (3) if you want malloc to return NULL (0) instead of this abort, compile with -sABORTING_MALLOC=0)
    at abort (/home/test/workspace/openh264/test/encoder_binary_comparison/AllTestData/Adobe_PDF_sample_a_1024x768_50Frms.264/h264enc.js:1031:11)
    at abortOnCannotGrowMemory (/home/test/workspace/openh264/test/encoder_binary_comparison/AllTestData/Adobe_PDF_sample_a_1024x768_50Frms.264/h264enc.js:4914:7)
    at _emscripten_resize_heap (/home/test/workspace/openh264/test/encoder_binary_comparison/AllTestData/Adobe_PDF_sample_a_1024x768_50Frms.264/h264enc.js:4919:7)
    at wasm://wasm/00265406:wasm-function[1133]:0x705f0
    at wasm://wasm/00265406:wasm-function[1121]:0x6e28d
    at wasm://wasm/00265406:wasm-function[775]:0x60eb2
    at wasm://wasm/00265406:wasm-function[357]:0x2e8f3
    at wasm://wasm/00265406:wasm-function[363]:0x2f261
    at wasm://wasm/00265406:wasm-function[555]:0x407f3
    at wasm://wasm/00265406:wasm-function[554]:0x405bd   [0m
[31m    Failed! Adobe_PDF_sample_a_1024x768_50Frms.264_x.yuv Case Index 609:SHA-1(Current--Benchmark): NULL-----f5bad0efa4d64f463c8bcf2a606af00b9b9d464b  [0m
[31m            ----YUVSHA1:  NULL,  9aa9a4d9598eb3e1093311826844f37c43e4c521  [0m
[31m           Aborted(Cannot enlarge memory arrays to size 19124224 bytes (OOM). Either (1) compile with -sINITIAL_MEMORY=X with X higher than the current value 16777216, (2) compile with -sALLOW_MEMORY_GROWTH which allows increasing the size at runtime, or (3) if you want malloc to return NULL (0) instead of this abort, compile with -sABORTING_MALLOC=0)
/home/test/workspace/openh264/test/encoder_binary_comparison/AllTestData/Adobe_PDF_sample_a_1024x768_50Frms.264/h264enc.js:167
      throw ex;
      ^

RuntimeError: Aborted(Cannot enlarge memory arrays to size 19124224 bytes (OOM). Either (1) compile with -sINITIAL_MEMORY=X with X higher than the current value 16777216, (2) compile with -sALLOW_MEMORY_GROWTH which allows increasing the size at runtime, or (3) if you want malloc to return NULL (0) instead of this abort, compile with -sABORTING_MALLOC=0)
    at abort (/home/test/workspace/openh264/test/encoder_binary_comparison/AllTestData/Adobe_PDF_sample_a_1024x768_50Frms.264/h264enc.js:1031:11)
    at abortOnCannotGrowMemory (/home/test/workspace/openh264/test/encoder_binary_comparison/AllTestData/Adobe_PDF_sample_a_1024x768_50Frms.264/h264enc.js:4914:7)
    at _emscripten_resize_heap (/home/test/workspace/openh264/test/encoder_binary_comparison/AllTestData/Adobe_PDF_sample_a_1024x768_50Frms.264/h264enc.js:4919:7)
    at wasm://wasm/00265406:wasm-function[1133]:0x705f0
    at wasm://wasm/00265406:wasm-function[1121]:0x6e28d
    at wasm://wasm/00265406:wasm-function[775]:0x60eb2
    at wasm://wasm/00265406:wasm-function[357]:0x2e8f3
    at wasm://wasm/00265406:wasm-function[363]:0x2f261
    at wasm://wasm/00265406:wasm-function[555]:0x407f3
    at wasm://wasm/00265406:wasm-function[554]:0x405bd   [0m
[31m    Failed! Adobe_PDF_sample_a_1024x768_50Frms.264_x.yuv Case Index 610:SHA-1(Current--Benchmark): NULL-----f5bad0efa4d64f463c8bcf2a606af00b9b9d464b  [0m
[31m            ----YUVSHA1:  NULL,  9aa9a4d9598eb3e1093311826844f37c43e4c521  [0m
[31m           Aborted(Cannot enlarge memory arrays to size 19124224 bytes (OOM). Either (1) compile with -sINITIAL_MEMORY=X with X higher than the current value 16777216, (2) compile with -sALLOW_MEMORY_GROWTH which allows increasing the size at runtime, or (3) if you want malloc to return NULL (0) instead of this abort, compile with -sABORTING_MALLOC=0)
/home/test/workspace/openh264/test/encoder_binary_comparison/AllTestData/Adobe_PDF_sample_a_1024x768_50Frms.264/h264enc.js:167
      throw ex;
      ^

RuntimeError: Aborted(Cannot enlarge memory arrays to size 19124224 bytes (OOM). Either (1) compile with -sINITIAL_MEMORY=X with X higher than the current value 16777216, (2) compile with -sALLOW_MEMORY_GROWTH which allows increasing the size at runtime, or (3) if you want malloc to return NULL (0) instead of this abort, compile with -sABORTING_MALLOC=0)
    at abort (/home/test/workspace/openh264/test/encoder_binary_comparison/AllTestData/Adobe_PDF_sample_a_1024x768_50Frms.264/h264enc.js:1031:11)
    at abortOnCannotGrowMemory (/home/test/workspace/openh264/test/encoder_binary_comparison/AllTestData/Adobe_PDF_sample_a_1024x768_50Frms.264/h264enc.js:4914:7)
    at _emscripten_resize_heap (/home/test/workspace/openh264/test/encoder_binary_comparison/AllTestData/Adobe_PDF_sample_a_1024x768_50Frms.264/h264enc.js:4919:7)
    at wasm://wasm/00265406:wasm-function[1133]:0x705f0
    at wasm://wasm/00265406:wasm-function[1121]:0x6e28d
    at wasm://wasm/00265406:wasm-function[775]:0x60eb2
    at wasm://wasm/00265406:wasm-function[357]:0x2e8f3
    at wasm://wasm/00265406:wasm-function[363]:0x2f261
    at wasm://wasm/00265406:wasm-function[555]:0x407f3
    at wasm://wasm/00265406:wasm-function[554]:0x405bd   [0m
[31m    Failed! Adobe_PDF_sample_a_1024x768_50Frms.264_x.yuv Case Index 611:SHA-1(Current--Benchmark): NULL-----f5bad0efa4d64f463c8bcf2a606af00b9b9d464b  [0m
[31m            ----YUVSHA1:  NULL,  9aa9a4d9598eb3e1093311826844f37c43e4c521  [0m
[31m           Aborted(Cannot enlarge memory arrays to size 19124224 bytes (OOM). Either (1) compile with -sINITIAL_MEMORY=X with X higher than the current value 16777216, (2) compile with -sALLOW_MEMORY_GROWTH which allows increasing the size at runtime, or (3) if you want malloc to return NULL (0) instead of this abort, compile with -sABORTING_MALLOC=0)
/home/test/workspace/openh264/test/encoder_binary_comparison/AllTestData/Adobe_PDF_sample_a_1024x768_50Frms.264/h264enc.js:167
      throw ex;
      ^

RuntimeError: Aborted(Cannot enlarge memory arrays to size 19124224 bytes (OOM). Either (1) compile with -sINITIAL_MEMORY=X with X higher than the current value 16777216, (2) compile with -sALLOW_MEMORY_GROWTH which allows increasing the size at runtime, or (3) if you want malloc to return NULL (0) instead of this abort, compile with -sABORTING_MALLOC=0)
    at abort (/home/test/workspace/openh264/test/encoder_binary_comparison/AllTestData/Adobe_PDF_sample_a_1024x768_50Frms.264/h264enc.js:1031:11)
    at abortOnCannotGrowMemory (/home/test/workspace/openh264/test/encoder_binary_comparison/AllTestData/Adobe_PDF_sample_a_1024x768_50Frms.264/h264enc.js:4914:7)
    at _emscripten_resize_heap (/home/test/workspace/openh264/test/encoder_binary_comparison/AllTestData/Adobe_PDF_sample_a_1024x768_50Frms.264/h264enc.js:4919:7)
    at wasm://wasm/00265406:wasm-function[1133]:0x705f0
    at wasm://wasm/00265406:wasm-function[1121]:0x6e28d
    at wasm://wasm/00265406:wasm-function[775]:0x60eb2
    at wasm://wasm/00265406:wasm-function[357]:0x2e8f3
    at wasm://wasm/00265406:wasm-function[363]:0x2f261
    at wasm://wasm/00265406:wasm-function[555]:0x407f3
    at wasm://wasm/00265406:wasm-function[554]:0x405bd   [0m
[31m    Failed! Adobe_PDF_sample_a_1024x768_50Frms.264_x.yuv Case Index 612:SHA-1(Current--Benchmark): NULL-----f5bad0efa4d64f463c8bcf2a606af00b9b9d464b  [0m
[31m            ----YUVSHA1:  NULL,  9aa9a4d9598eb3e1093311826844f37c43e4c521  [0m
[31m           Aborted(Cannot enlarge memory arrays to size 19124224 bytes (OOM). Either (1) compile with -sINITIAL_MEMORY=X with X higher than the current value 16777216, (2) compile with -sALLOW_MEMORY_GROWTH which allows increasing the size at runtime, or (3) if you want malloc to return NULL (0) instead of this abort, compile with -sABORTING_MALLOC=0)
/home/test/workspace/openh264/test/encoder_binary_comparison/AllTestData/Adobe_PDF_sample_a_1024x768_50Frms.264/h264enc.js:167
      throw ex;
      ^

RuntimeError: Aborted(Cannot enlarge memory arrays to size 19124224 bytes (OOM). Either (1) compile with -sINITIAL_MEMORY=X with X higher than the current value 16777216, (2) compile with -sALLOW_MEMORY_GROWTH which allows increasing the size at runtime, or (3) if you want malloc to return NULL (0) instead of this abort, compile with -sABORTING_MALLOC=0)
    at abort (/home/test/workspace/openh264/test/encoder_binary_comparison/AllTestData/Adobe_PDF_sample_a_1024x768_50Frms.264/h264enc.js:1031:11)
    at abortOnCannotGrowMemory (/home/test/workspace/openh264/test/encoder_binary_comparison/AllTestData/Adobe_PDF_sample_a_1024x768_50Frms.264/h264enc.js:4914:7)
    at _emscripten_resize_heap (/home/test/workspace/openh264/test/encoder_binary_comparison/AllTestData/Adobe_PDF_sample_a_1024x768_50Frms.264/h264enc.js:4919:7)
    at wasm://wasm/00265406:wasm-function[1133]:0x705f0
    at wasm://wasm/00265406:wasm-function[1121]:0x6e28d
    at wasm://wasm/00265406:wasm-function[775]:0x60eb2
    at wasm://wasm/00265406:wasm-function[357]:0x2e8f3
    at wasm://wasm/00265406:wasm-function[363]:0x2f261
    at wasm://wasm/00265406:wasm-function[555]:0x407f3
    at wasm://wasm/00265406:wasm-function[554]:0x405bd   [0m
[31m    Failed! Adobe_PDF_sample_a_1024x768_50Frms.264_x.yuv Case Index 613:SHA-1(Current--Benchmark): NULL-----f5bad0efa4d64f463c8bcf2a606af00b9b9d464b  [0m
[31m            ----YUVSHA1:  NULL,  9aa9a4d9598eb3e1093311826844f37c43e4c521  [0m
[31m           Aborted(Cannot enlarge memory arrays to size 19124224 bytes (OOM). Either (1) compile with -sINITIAL_MEMORY=X with X higher than the current value 16777216, (2) compile with -sALLOW_MEMORY_GROWTH which allows increasing the size at runtime, or (3) if you want malloc to return NULL (0) instead of this abort, compile with -sABORTING_MALLOC=0)
/home/test/workspace/openh264/test/encoder_binary_comparison/AllTestData/Adobe_PDF_sample_a_1024x768_50Frms.264/h264enc.js:167
      throw ex;
      ^

RuntimeError: Aborted(Cannot enlarge memory arrays to size 19124224 bytes (OOM). Either (1) compile with -sINITIAL_MEMORY=X with X higher than the current value 16777216, (2) compile with -sALLOW_MEMORY_GROWTH which allows increasing the size at runtime, or (3) if you want malloc to return NULL (0) instead of this abort, compile with -sABORTING_MALLOC=0)
    at abort (/home/test/workspace/openh264/test/encoder_binary_comparison/AllTestData/Adobe_PDF_sample_a_1024x768_50Frms.264/h264enc.js:1031:11)
    at abortOnCannotGrowMemory (/home/test/workspace/openh264/test/encoder_binary_comparison/AllTestData/Adobe_PDF_sample_a_1024x768_50Frms.264/h264enc.js:4914:7)
    at _emscripten_resize_heap (/home/test/workspace/openh264/test/encoder_binary_comparison/AllTestData/Adobe_PDF_sample_a_1024x768_50Frms.264/h264enc.js:4919:7)
    at wasm://wasm/00265406:wasm-function[1133]:0x705f0
    at wasm://wasm/00265406:wasm-function[1121]:0x6e28d
    at wasm://wasm/00265406:wasm-function[775]:0x60eb2
    at wasm://wasm/00265406:wasm-function[357]:0x2e8f3
    at wasm://wasm/00265406:wasm-function[363]:0x2f261
    at wasm://wasm/00265406:wasm-function[555]:0x407f3
    at wasm://wasm/00265406:wasm-function[554]:0x405bd   [0m
[31m    Failed! Adobe_PDF_sample_a_1024x768_50Frms.264_x.yuv Case Index 614:SHA-1(Current--Benchmark): NULL-----f5bad0efa4d64f463c8bcf2a606af00b9b9d464b  [0m
[31m            ----YUVSHA1:  NULL,  9aa9a4d9598eb3e1093311826844f37c43e4c521  [0m
[31m           Aborted(Cannot enlarge memory arrays to size 19124224 bytes (OOM). Either (1) compile with -sINITIAL_MEMORY=X with X higher than the current value 16777216, (2) compile with -sALLOW_MEMORY_GROWTH which allows increasing the size at runtime, or (3) if you want malloc to return NULL (0) instead of this abort, compile with -sABORTING_MALLOC=0)
/home/test/workspace/openh264/test/encoder_binary_comparison/AllTestData/Adobe_PDF_sample_a_1024x768_50Frms.264/h264enc.js:167
      throw ex;
      ^

RuntimeError: Aborted(Cannot enlarge memory arrays to size 19124224 bytes (OOM). Either (1) compile with -sINITIAL_MEMORY=X with X higher than the current value 16777216, (2) compile with -sALLOW_MEMORY_GROWTH which allows increasing the size at runtime, or (3) if you want malloc to return NULL (0) instead of this abort, compile with -sABORTING_MALLOC=0)
    at abort (/home/test/workspace/openh264/test/encoder_binary_comparison/AllTestData/Adobe_PDF_sample_a_1024x768_50Frms.264/h264enc.js:1031:11)
    at abortOnCannotGrowMemory (/home/test/workspace/openh264/test/encoder_binary_comparison/AllTestData/Adobe_PDF_sample_a_1024x768_50Frms.264/h264enc.js:4914:7)
    at _emscripten_resize_heap (/home/test/workspace/openh264/test/encoder_binary_comparison/AllTestData/Adobe_PDF_sample_a_1024x768_50Frms.264/h264enc.js:4919:7)
    at wasm://wasm/00265406:wasm-function[1133]:0x705f0
    at wasm://wasm/00265406:wasm-function[1121]:0x6e28d
    at wasm://wasm/00265406:wasm-function[775]:0x60eb2
    at wasm://wasm/00265406:wasm-function[357]:0x2e8f3
    at wasm://wasm/00265406:wasm-function[363]:0x2f261
    at wasm://wasm/00265406:wasm-function[555]:0x407f3
    at wasm://wasm/00265406:wasm-function[554]:0x405bd   [0m
[31m    Failed! Adobe_PDF_sample_a_1024x768_50Frms.264_x.yuv Case Index 615:SHA-1(Current--Benchmark): NULL-----f5bad0efa4d64f463c8bcf2a606af00b9b9d464b  [0m
[31m            ----YUVSHA1:  NULL,  9aa9a4d9598eb3e1093311826844f37c43e4c521  [0m
[31m           Aborted(Cannot enlarge memory arrays to size 19124224 bytes (OOM). Either (1) compile with -sINITIAL_MEMORY=X with X higher than the current value 16777216, (2) compile with -sALLOW_MEMORY_GROWTH which allows increasing the size at runtime, or (3) if you want malloc to return NULL (0) instead of this abort, compile with -sABORTING_MALLOC=0)
/home/test/workspace/openh264/test/encoder_binary_comparison/AllTestData/Adobe_PDF_sample_a_1024x768_50Frms.264/h264enc.js:167
      throw ex;
      ^

RuntimeError: Aborted(Cannot enlarge memory arrays to size 19124224 bytes (OOM). Either (1) compile with -sINITIAL_MEMORY=X with X higher than the current value 16777216, (2) compile with -sALLOW_MEMORY_GROWTH which allows increasing the size at runtime, or (3) if you want malloc to return NULL (0) instead of this abort, compile with -sABORTING_MALLOC=0)
    at abort (/home/test/workspace/openh264/test/encoder_binary_comparison/AllTestData/Adobe_PDF_sample_a_1024x768_50Frms.264/h264enc.js:1031:11)
    at abortOnCannotGrowMemory (/home/test/workspace/openh264/test/encoder_binary_comparison/AllTestData/Adobe_PDF_sample_a_1024x768_50Frms.264/h264enc.js:4914:7)
    at _emscripten_resize_heap (/home/test/workspace/openh264/test/encoder_binary_comparison/AllTestData/Adobe_PDF_sample_a_1024x768_50Frms.264/h264enc.js:4919:7)
    at wasm://wasm/00265406:wasm-function[1133]:0x705f0
    at wasm://wasm/00265406:wasm-function[1121]:0x6e28d
    at wasm://wasm/00265406:wasm-function[775]:0x60eb2
    at wasm://wasm/00265406:wasm-function[357]:0x2e8f3
    at wasm://wasm/00265406:wasm-function[363]:0x2f261
    at wasm://wasm/00265406:wasm-function[555]:0x407f3
    at wasm://wasm/00265406:wasm-function[554]:0x405bd   [0m
[31m    Failed! Adobe_PDF_sample_a_1024x768_50Frms.264_x.yuv Case Index 616:SHA-1(Current--Benchmark): NULL-----f5bad0efa4d64f463c8bcf2a606af00b9b9d464b  [0m
[31m            ----YUVSHA1:  NULL,  9aa9a4d9598eb3e1093311826844f37c43e4c521  [0m
[31m           Aborted(Cannot enlarge memory arrays to size 19124224 bytes (OOM). Either (1) compile with -sINITIAL_MEMORY=X with X higher than the current value 16777216, (2) compile with -sALLOW_MEMORY_GROWTH which allows increasing the size at runtime, or (3) if you want malloc to return NULL (0) instead of this abort, compile with -sABORTING_MALLOC=0)
/home/test/workspace/openh264/test/encoder_binary_comparison/AllTestData/Adobe_PDF_sample_a_1024x768_50Frms.264/h264enc.js:167
      throw ex;
      ^

RuntimeError: Aborted(Cannot enlarge memory arrays to size 19124224 bytes (OOM). Either (1) compile with -sINITIAL_MEMORY=X with X higher than the current value 16777216, (2) compile with -sALLOW_MEMORY_GROWTH which allows increasing the size at runtime, or (3) if you want malloc to return NULL (0) instead of this abort, compile with -sABORTING_MALLOC=0)
    at abort (/home/test/workspace/openh264/test/encoder_binary_comparison/AllTestData/Adobe_PDF_sample_a_1024x768_50Frms.264/h264enc.js:1031:11)
    at abortOnCannotGrowMemory (/home/test/workspace/openh264/test/encoder_binary_comparison/AllTestData/Adobe_PDF_sample_a_1024x768_50Frms.264/h264enc.js:4914:7)
    at _emscripten_resize_heap (/home/test/workspace/openh264/test/encoder_binary_comparison/AllTestData/Adobe_PDF_sample_a_1024x768_50Frms.264/h264enc.js:4919:7)
    at wasm://wasm/00265406:wasm-function[1133]:0x705f0
    at wasm://wasm/00265406:wasm-function[1121]:0x6e28d
    at wasm://wasm/00265406:wasm-function[775]:0x60eb2
    at wasm://wasm/00265406:wasm-function[357]:0x2e8f3
    at wasm://wasm/00265406:wasm-function[363]:0x2f261
    at wasm://wasm/00265406:wasm-function[555]:0x407f3
    at wasm://wasm/00265406:wasm-function[554]:0x405bd   [0m
[31m    Failed! Adobe_PDF_sample_a_1024x768_50Frms.264_x.yuv Case Index 617:SHA-1(Current--Benchmark): NULL-----f5bad0efa4d64f463c8bcf2a606af00b9b9d464b  [0m
[31m            ----YUVSHA1:  NULL,  9aa9a4d9598eb3e1093311826844f37c43e4c521  [0m
[31m           Aborted(Cannot enlarge memory arrays to size 19124224 bytes (OOM). Either (1) compile with -sINITIAL_MEMORY=X with X higher than the current value 16777216, (2) compile with -sALLOW_MEMORY_GROWTH which allows increasing the size at runtime, or (3) if you want malloc to return NULL (0) instead of this abort, compile with -sABORTING_MALLOC=0)
/home/test/workspace/openh264/test/encoder_binary_comparison/AllTestData/Adobe_PDF_sample_a_1024x768_50Frms.264/h264enc.js:167
      throw ex;
      ^

RuntimeError: Aborted(Cannot enlarge memory arrays to size 19124224 bytes (OOM). Either (1) compile with -sINITIAL_MEMORY=X with X higher than the current value 16777216, (2) compile with -sALLOW_MEMORY_GROWTH which allows increasing the size at runtime, or (3) if you want malloc to return NULL (0) instead of this abort, compile with -sABORTING_MALLOC=0)
    at abort (/home/test/workspace/openh264/test/encoder_binary_comparison/AllTestData/Adobe_PDF_sample_a_1024x768_50Frms.264/h264enc.js:1031:11)
    at abortOnCannotGrowMemory (/home/test/workspace/openh264/test/encoder_binary_comparison/AllTestData/Adobe_PDF_sample_a_1024x768_50Frms.264/h264enc.js:4914:7)
    at _emscripten_resize_heap (/home/test/workspace/openh264/test/encoder_binary_comparison/AllTestData/Adobe_PDF_sample_a_1024x768_50Frms.264/h264enc.js:4919:7)
    at wasm://wasm/00265406:wasm-function[1133]:0x705f0
    at wasm://wasm/00265406:wasm-function[1121]:0x6e28d
    at wasm://wasm/00265406:wasm-function[775]:0x60eb2
    at wasm://wasm/00265406:wasm-function[357]:0x2e8f3
    at wasm://wasm/00265406:wasm-function[363]:0x2f261
    at wasm://wasm/00265406:wasm-function[555]:0x407f3
    at wasm://wasm/00265406:wasm-function[554]:0x405bd   [0m
[31m    Failed! Adobe_PDF_sample_a_1024x768_50Frms.264_x.yuv Case Index 618:SHA-1(Current--Benchmark): NULL-----f5bad0efa4d64f463c8bcf2a606af00b9b9d464b  [0m
[31m            ----YUVSHA1:  NULL,  9aa9a4d9598eb3e1093311826844f37c43e4c521  [0m
[31m           Aborted(Cannot enlarge memory arrays to size 19124224 bytes (OOM). Either (1) compile with -sINITIAL_MEMORY=X with X higher than the current value 16777216, (2) compile with -sALLOW_MEMORY_GROWTH which allows increasing the size at runtime, or (3) if you want malloc to return NULL (0) instead of this abort, compile with -sABORTING_MALLOC=0)
/home/test/workspace/openh264/test/encoder_binary_comparison/AllTestData/Adobe_PDF_sample_a_1024x768_50Frms.264/h264enc.js:167
      throw ex;
      ^

RuntimeError: Aborted(Cannot enlarge memory arrays to size 19124224 bytes (OOM). Either (1) compile with -sINITIAL_MEMORY=X with X higher than the current value 16777216, (2) compile with -sALLOW_MEMORY_GROWTH which allows increasing the size at runtime, or (3) if you want malloc to return NULL (0) instead of this abort, compile with -sABORTING_MALLOC=0)
    at abort (/home/test/workspace/openh264/test/encoder_binary_comparison/AllTestData/Adobe_PDF_sample_a_1024x768_50Frms.264/h264enc.js:1031:11)
    at abortOnCannotGrowMemory (/home/test/workspace/openh264/test/encoder_binary_comparison/AllTestData/Adobe_PDF_sample_a_1024x768_50Frms.264/h264enc.js:4914:7)
    at _emscripten_resize_heap (/home/test/workspace/openh264/test/encoder_binary_comparison/AllTestData/Adobe_PDF_sample_a_1024x768_50Frms.264/h264enc.js:4919:7)
    at wasm://wasm/00265406:wasm-function[1133]:0x705f0
    at wasm://wasm/00265406:wasm-function[1121]:0x6e28d
    at wasm://wasm/00265406:wasm-function[775]:0x60eb2
    at wasm://wasm/00265406:wasm-function[357]:0x2e8f3
    at wasm://wasm/00265406:wasm-function[363]:0x2f261
    at wasm://wasm/00265406:wasm-function[555]:0x407f3
    at wasm://wasm/00265406:wasm-function[554]:0x405bd   [0m
[31m    Failed! Adobe_PDF_sample_a_1024x768_50Frms.264_x.yuv Case Index 619:SHA-1(Current--Benchmark): NULL-----f5bad0efa4d64f463c8bcf2a606af00b9b9d464b  [0m
[31m            ----YUVSHA1:  NULL,  9aa9a4d9598eb3e1093311826844f37c43e4c521  [0m
[31m           Aborted(Cannot enlarge memory arrays to size 19124224 bytes (OOM). Either (1) compile with -sINITIAL_MEMORY=X with X higher than the current value 16777216, (2) compile with -sALLOW_MEMORY_GROWTH which allows increasing the size at runtime, or (3) if you want malloc to return NULL (0) instead of this abort, compile with -sABORTING_MALLOC=0)
/home/test/workspace/openh264/test/encoder_binary_comparison/AllTestData/Adobe_PDF_sample_a_1024x768_50Frms.264/h264enc.js:167
      throw ex;
      ^

RuntimeError: Aborted(Cannot enlarge memory arrays to size 19124224 bytes (OOM). Either (1) compile with -sINITIAL_MEMORY=X with X higher than the current value 16777216, (2) compile with -sALLOW_MEMORY_GROWTH which allows increasing the size at runtime, or (3) if you want malloc to return NULL (0) instead of this abort, compile with -sABORTING_MALLOC=0)
    at abort (/home/test/workspace/openh264/test/encoder_binary_comparison/AllTestData/Adobe_PDF_sample_a_1024x768_50Frms.264/h264enc.js:1031:11)
    at abortOnCannotGrowMemory (/home/test/workspace/openh264/test/encoder_binary_comparison/AllTestData/Adobe_PDF_sample_a_1024x768_50Frms.264/h264enc.js:4914:7)
    at _emscripten_resize_heap (/home/test/workspace/openh264/test/encoder_binary_comparison/AllTestData/Adobe_PDF_sample_a_1024x768_50Frms.264/h264enc.js:4919:7)
    at wasm://wasm/00265406:wasm-function[1133]:0x705f0
    at wasm://wasm/00265406:wasm-function[1121]:0x6e28d
    at wasm://wasm/00265406:wasm-function[775]:0x60eb2
    at wasm://wasm/00265406:wasm-function[357]:0x2e8f3
    at wasm://wasm/00265406:wasm-function[363]:0x2f261
    at wasm://wasm/00265406:wasm-function[555]:0x407f3
    at wasm://wasm/00265406:wasm-function[554]:0x405bd   [0m
[31m    Failed! Adobe_PDF_sample_a_1024x768_50Frms.264_x.yuv Case Index 620:SHA-1(Current--Benchmark): NULL-----f5bad0efa4d64f463c8bcf2a606af00b9b9d464b  [0m
[31m            ----YUVSHA1:  NULL,  9aa9a4d9598eb3e1093311826844f37c43e4c521  [0m
[31m           Aborted(Cannot enlarge memory arrays to size 19124224 bytes (OOM). Either (1) compile with -sINITIAL_MEMORY=X with X higher than the current value 16777216, (2) compile with -sALLOW_MEMORY_GROWTH which allows increasing the size at runtime, or (3) if you want malloc to return NULL (0) instead of this abort, compile with -sABORTING_MALLOC=0)
/home/test/workspace/openh264/test/encoder_binary_comparison/AllTestData/Adobe_PDF_sample_a_1024x768_50Frms.264/h264enc.js:167
      throw ex;
      ^

RuntimeError: Aborted(Cannot enlarge memory arrays to size 19124224 bytes (OOM). Either (1) compile with -sINITIAL_MEMORY=X with X higher than the current value 16777216, (2) compile with -sALLOW_MEMORY_GROWTH which allows increasing the size at runtime, or (3) if you want malloc to return NULL (0) instead of this abort, compile with -sABORTING_MALLOC=0)
    at abort (/home/test/workspace/openh264/test/encoder_binary_comparison/AllTestData/Adobe_PDF_sample_a_1024x768_50Frms.264/h264enc.js:1031:11)
    at abortOnCannotGrowMemory (/home/test/workspace/openh264/test/encoder_binary_comparison/AllTestData/Adobe_PDF_sample_a_1024x768_50Frms.264/h264enc.js:4914:7)
    at _emscripten_resize_heap (/home/test/workspace/openh264/test/encoder_binary_comparison/AllTestData/Adobe_PDF_sample_a_1024x768_50Frms.264/h264enc.js:4919:7)
    at wasm://wasm/00265406:wasm-function[1133]:0x705f0
    at wasm://wasm/00265406:wasm-function[1121]:0x6e28d
    at wasm://wasm/00265406:wasm-function[775]:0x60eb2
    at wasm://wasm/00265406:wasm-function[357]:0x2e8f3
    at wasm://wasm/00265406:wasm-function[363]:0x2f261
    at wasm://wasm/00265406:wasm-function[555]:0x407f3
    at wasm://wasm/00265406:wasm-function[554]:0x405bd   [0m
[31m    Failed! Adobe_PDF_sample_a_1024x768_50Frms.264_x.yuv Case Index 621:SHA-1(Current--Benchmark): NULL-----f5bad0efa4d64f463c8bcf2a606af00b9b9d464b  [0m
[31m            ----YUVSHA1:  NULL,  9aa9a4d9598eb3e1093311826844f37c43e4c521  [0m
[31m           Aborted(Cannot enlarge memory arrays to size 19124224 bytes (OOM). Either (1) compile with -sINITIAL_MEMORY=X with X higher than the current value 16777216, (2) compile with -sALLOW_MEMORY_GROWTH which allows increasing the size at runtime, or (3) if you want malloc to return NULL (0) instead of this abort, compile with -sABORTING_MALLOC=0)
/home/test/workspace/openh264/test/encoder_binary_comparison/AllTestData/Adobe_PDF_sample_a_1024x768_50Frms.264/h264enc.js:167
      throw ex;
      ^

RuntimeError: Aborted(Cannot enlarge memory arrays to size 19124224 bytes (OOM). Either (1) compile with -sINITIAL_MEMORY=X with X higher than the current value 16777216, (2) compile with -sALLOW_MEMORY_GROWTH which allows increasing the size at runtime, or (3) if you want malloc to return NULL (0) instead of this abort, compile with -sABORTING_MALLOC=0)
    at abort (/home/test/workspace/openh264/test/encoder_binary_comparison/AllTestData/Adobe_PDF_sample_a_1024x768_50Frms.264/h264enc.js:1031:11)
    at abortOnCannotGrowMemory (/home/test/workspace/openh264/test/encoder_binary_comparison/AllTestData/Adobe_PDF_sample_a_1024x768_50Frms.264/h264enc.js:4914:7)
    at _emscripten_resize_heap (/home/test/workspace/openh264/test/encoder_binary_comparison/AllTestData/Adobe_PDF_sample_a_1024x768_50Frms.264/h264enc.js:4919:7)
    at wasm://wasm/00265406:wasm-function[1133]:0x705f0
    at wasm://wasm/00265406:wasm-function[1121]:0x6e28d
    at wasm://wasm/00265406:wasm-function[775]:0x60eb2
    at wasm://wasm/00265406:wasm-function[357]:0x2e8f3
    at wasm://wasm/00265406:wasm-function[363]:0x2f261
    at wasm://wasm/00265406:wasm-function[555]:0x407f3
    at wasm://wasm/00265406:wasm-function[554]:0x405bd   [0m
[31m    Failed! Adobe_PDF_sample_a_1024x768_50Frms.264_x.yuv Case Index 622:SHA-1(Current--Benchmark): NULL-----f5bad0efa4d64f463c8bcf2a606af00b9b9d464b  [0m
[31m            ----YUVSHA1:  NULL,  9aa9a4d9598eb3e1093311826844f37c43e4c521  [0m
[31m           Aborted(Cannot enlarge memory arrays to size 19124224 bytes (OOM). Either (1) compile with -sINITIAL_MEMORY=X with X higher than the current value 16777216, (2) compile with -sALLOW_MEMORY_GROWTH which allows increasing the size at runtime, or (3) if you want malloc to return NULL (0) instead of this abort, compile with -sABORTING_MALLOC=0)
/home/test/workspace/openh264/test/encoder_binary_comparison/AllTestData/Adobe_PDF_sample_a_1024x768_50Frms.264/h264enc.js:167
      throw ex;
      ^

RuntimeError: Aborted(Cannot enlarge memory arrays to size 19124224 bytes (OOM). Either (1) compile with -sINITIAL_MEMORY=X with X higher than the current value 16777216, (2) compile with -sALLOW_MEMORY_GROWTH which allows increasing the size at runtime, or (3) if you want malloc to return NULL (0) instead of this abort, compile with -sABORTING_MALLOC=0)
    at abort (/home/test/workspace/openh264/test/encoder_binary_comparison/AllTestData/Adobe_PDF_sample_a_1024x768_50Frms.264/h264enc.js:1031:11)
    at abortOnCannotGrowMemory (/home/test/workspace/openh264/test/encoder_binary_comparison/AllTestData/Adobe_PDF_sample_a_1024x768_50Frms.264/h264enc.js:4914:7)
    at _emscripten_resize_heap (/home/test/workspace/openh264/test/encoder_binary_comparison/AllTestData/Adobe_PDF_sample_a_1024x768_50Frms.264/h264enc.js:4919:7)
    at wasm://wasm/00265406:wasm-function[1133]:0x705f0
    at wasm://wasm/00265406:wasm-function[1121]:0x6e28d
    at wasm://wasm/00265406:wasm-function[775]:0x60eb2
    at wasm://wasm/00265406:wasm-function[357]:0x2e8f3
    at wasm://wasm/00265406:wasm-function[363]:0x2f261
    at wasm://wasm/00265406:wasm-function[555]:0x407f3
    at wasm://wasm/00265406:wasm-function[554]:0x405bd   [0m
[31m    Failed! Adobe_PDF_sample_a_1024x768_50Frms.264_x.yuv Case Index 623:SHA-1(Current--Benchmark): NULL-----f5bad0efa4d64f463c8bcf2a606af00b9b9d464b  [0m
[31m            ----YUVSHA1:  NULL,  9aa9a4d9598eb3e1093311826844f37c43e4c521  [0m
[31m           Aborted(Cannot enlarge memory arrays to size 19124224 bytes (OOM). Either (1) compile with -sINITIAL_MEMORY=X with X higher than the current value 16777216, (2) compile with -sALLOW_MEMORY_GROWTH which allows increasing the size at runtime, or (3) if you want malloc to return NULL (0) instead of this abort, compile with -sABORTING_MALLOC=0)
/home/test/workspace/openh264/test/encoder_binary_comparison/AllTestData/Adobe_PDF_sample_a_1024x768_50Frms.264/h264enc.js:167
      throw ex;
      ^

RuntimeError: Aborted(Cannot enlarge memory arrays to size 19124224 bytes (OOM). Either (1) compile with -sINITIAL_MEMORY=X with X higher than the current value 16777216, (2) compile with -sALLOW_MEMORY_GROWTH which allows increasing the size at runtime, or (3) if you want malloc to return NULL (0) instead of this abort, compile with -sABORTING_MALLOC=0)
    at abort (/home/test/workspace/openh264/test/encoder_binary_comparison/AllTestData/Adobe_PDF_sample_a_1024x768_50Frms.264/h264enc.js:1031:11)
    at abortOnCannotGrowMemory (/home/test/workspace/openh264/test/encoder_binary_comparison/AllTestData/Adobe_PDF_sample_a_1024x768_50Frms.264/h264enc.js:4914:7)
    at _emscripten_resize_heap (/home/test/workspace/openh264/test/encoder_binary_comparison/AllTestData/Adobe_PDF_sample_a_1024x768_50Frms.264/h264enc.js:4919:7)
    at wasm://wasm/00265406:wasm-function[1133]:0x705f0
    at wasm://wasm/00265406:wasm-function[1121]:0x6e28d
    at wasm://wasm/00265406:wasm-function[775]:0x60eb2
    at wasm://wasm/00265406:wasm-function[357]:0x2e8f3
    at wasm://wasm/00265406:wasm-function[363]:0x2f261
    at wasm://wasm/00265406:wasm-function[555]:0x407f3
    at wasm://wasm/00265406:wasm-function[554]:0x405bd   [0m
[31m    Failed! Adobe_PDF_sample_a_1024x768_50Frms.264_x.yuv Case Index 624:SHA-1(Current--Benchmark): NULL-----3dbabcb9c4a49e5334d2f6296bc253ef853e307b  [0m
[31m            ----YUVSHA1:  NULL,  9aa9a4d9598eb3e1093311826844f37c43e4c521  [0m
[31m           Aborted(Cannot enlarge memory arrays to size 19124224 bytes (OOM). Either (1) compile with -sINITIAL_MEMORY=X with X higher than the current value 16777216, (2) compile with -sALLOW_MEMORY_GROWTH which allows increasing the size at runtime, or (3) if you want malloc to return NULL (0) instead of this abort, compile with -sABORTING_MALLOC=0)
/home/test/workspace/openh264/test/encoder_binary_comparison/AllTestData/Adobe_PDF_sample_a_1024x768_50Frms.264/h264enc.js:167
      throw ex;
      ^

RuntimeError: Aborted(Cannot enlarge memory arrays to size 19124224 bytes (OOM). Either (1) compile with -sINITIAL_MEMORY=X with X higher than the current value 16777216, (2) compile with -sALLOW_MEMORY_GROWTH which allows increasing the size at runtime, or (3) if you want malloc to return NULL (0) instead of this abort, compile with -sABORTING_MALLOC=0)
    at abort (/home/test/workspace/openh264/test/encoder_binary_comparison/AllTestData/Adobe_PDF_sample_a_1024x768_50Frms.264/h264enc.js:1031:11)
    at abortOnCannotGrowMemory (/home/test/workspace/openh264/test/encoder_binary_comparison/AllTestData/Adobe_PDF_sample_a_1024x768_50Frms.264/h264enc.js:4914:7)
    at _emscripten_resize_heap (/home/test/workspace/openh264/test/encoder_binary_comparison/AllTestData/Adobe_PDF_sample_a_1024x768_50Frms.264/h264enc.js:4919:7)
    at wasm://wasm/00265406:wasm-function[1133]:0x705f0
    at wasm://wasm/00265406:wasm-function[1121]:0x6e28d
    at wasm://wasm/00265406:wasm-function[775]:0x60eb2
    at wasm://wasm/00265406:wasm-function[357]:0x2e8f3
    at wasm://wasm/00265406:wasm-function[363]:0x2f261
    at wasm://wasm/00265406:wasm-function[555]:0x407f3
    at wasm://wasm/00265406:wasm-function[554]:0x405bd   [0m
[31m    Failed! Adobe_PDF_sample_a_1024x768_50Frms.264_x.yuv Case Index 625:SHA-1(Current--Benchmark): NULL-----3dbabcb9c4a49e5334d2f6296bc253ef853e307b  [0m
[31m            ----YUVSHA1:  NULL,  9aa9a4d9598eb3e1093311826844f37c43e4c521  [0m
[31m           Aborted(Cannot enlarge memory arrays to size 19124224 bytes (OOM). Either (1) compile with -sINITIAL_MEMORY=X with X higher than the current value 16777216, (2) compile with -sALLOW_MEMORY_GROWTH which allows increasing the size at runtime, or (3) if you want malloc to return NULL (0) instead of this abort, compile with -sABORTING_MALLOC=0)
/home/test/workspace/openh264/test/encoder_binary_comparison/AllTestData/Adobe_PDF_sample_a_1024x768_50Frms.264/h264enc.js:167
      throw ex;
      ^

RuntimeError: Aborted(Cannot enlarge memory arrays to size 19124224 bytes (OOM). Either (1) compile with -sINITIAL_MEMORY=X with X higher than the current value 16777216, (2) compile with -sALLOW_MEMORY_GROWTH which allows increasing the size at runtime, or (3) if you want malloc to return NULL (0) instead of this abort, compile with -sABORTING_MALLOC=0)
    at abort (/home/test/workspace/openh264/test/encoder_binary_comparison/AllTestData/Adobe_PDF_sample_a_1024x768_50Frms.264/h264enc.js:1031:11)
    at abortOnCannotGrowMemory (/home/test/workspace/openh264/test/encoder_binary_comparison/AllTestData/Adobe_PDF_sample_a_1024x768_50Frms.264/h264enc.js:4914:7)
    at _emscripten_resize_heap (/home/test/workspace/openh264/test/encoder_binary_comparison/AllTestData/Adobe_PDF_sample_a_1024x768_50Frms.264/h264enc.js:4919:7)
    at wasm://wasm/00265406:wasm-function[1133]:0x705f0
    at wasm://wasm/00265406:wasm-function[1121]:0x6e28d
    at wasm://wasm/00265406:wasm-function[775]:0x60eb2
    at wasm://wasm/00265406:wasm-function[357]:0x2e8f3
    at wasm://wasm/00265406:wasm-function[363]:0x2f261
    at wasm://wasm/00265406:wasm-function[555]:0x407f3
    at wasm://wasm/00265406:wasm-function[554]:0x405bd   [0m
[31m    Failed! Adobe_PDF_sample_a_1024x768_50Frms.264_x.yuv Case Index 626:SHA-1(Current--Benchmark): NULL-----3dbabcb9c4a49e5334d2f6296bc253ef853e307b  [0m
[31m            ----YUVSHA1:  NULL,  9aa9a4d9598eb3e1093311826844f37c43e4c521  [0m
[31m           Aborted(Cannot enlarge memory arrays to size 19124224 bytes (OOM). Either (1) compile with -sINITIAL_MEMORY=X with X higher than the current value 16777216, (2) compile with -sALLOW_MEMORY_GROWTH which allows increasing the size at runtime, or (3) if you want malloc to return NULL (0) instead of this abort, compile with -sABORTING_MALLOC=0)
/home/test/workspace/openh264/test/encoder_binary_comparison/AllTestData/Adobe_PDF_sample_a_1024x768_50Frms.264/h264enc.js:167
      throw ex;
      ^

RuntimeError: Aborted(Cannot enlarge memory arrays to size 19124224 bytes (OOM). Either (1) compile with -sINITIAL_MEMORY=X with X higher than the current value 16777216, (2) compile with -sALLOW_MEMORY_GROWTH which allows increasing the size at runtime, or (3) if you want malloc to return NULL (0) instead of this abort, compile with -sABORTING_MALLOC=0)
    at abort (/home/test/workspace/openh264/test/encoder_binary_comparison/AllTestData/Adobe_PDF_sample_a_1024x768_50Frms.264/h264enc.js:1031:11)
    at abortOnCannotGrowMemory (/home/test/workspace/openh264/test/encoder_binary_comparison/AllTestData/Adobe_PDF_sample_a_1024x768_50Frms.264/h264enc.js:4914:7)
    at _emscripten_resize_heap (/home/test/workspace/openh264/test/encoder_binary_comparison/AllTestData/Adobe_PDF_sample_a_1024x768_50Frms.264/h264enc.js:4919:7)
    at wasm://wasm/00265406:wasm-function[1133]:0x705f0
    at wasm://wasm/00265406:wasm-function[1121]:0x6e28d
    at wasm://wasm/00265406:wasm-function[775]:0x60eb2
    at wasm://wasm/00265406:wasm-function[357]:0x2e8f3
    at wasm://wasm/00265406:wasm-function[363]:0x2f261
    at wasm://wasm/00265406:wasm-function[555]:0x407f3
    at wasm://wasm/00265406:wasm-function[554]:0x405bd   [0m
[31m    Failed! Adobe_PDF_sample_a_1024x768_50Frms.264_x.yuv Case Index 627:SHA-1(Current--Benchmark): NULL-----3dbabcb9c4a49e5334d2f6296bc253ef853e307b  [0m
[31m            ----YUVSHA1:  NULL,  9aa9a4d9598eb3e1093311826844f37c43e4c521  [0m
[31m           Aborted(Cannot enlarge memory arrays to size 19124224 bytes (OOM). Either (1) compile with -sINITIAL_MEMORY=X with X higher than the current value 16777216, (2) compile with -sALLOW_MEMORY_GROWTH which allows increasing the size at runtime, or (3) if you want malloc to return NULL (0) instead of this abort, compile with -sABORTING_MALLOC=0)
/home/test/workspace/openh264/test/encoder_binary_comparison/AllTestData/Adobe_PDF_sample_a_1024x768_50Frms.264/h264enc.js:167
      throw ex;
      ^

RuntimeError: Aborted(Cannot enlarge memory arrays to size 19124224 bytes (OOM). Either (1) compile with -sINITIAL_MEMORY=X with X higher than the current value 16777216, (2) compile with -sALLOW_MEMORY_GROWTH which allows increasing the size at runtime, or (3) if you want malloc to return NULL (0) instead of this abort, compile with -sABORTING_MALLOC=0)
    at abort (/home/test/workspace/openh264/test/encoder_binary_comparison/AllTestData/Adobe_PDF_sample_a_1024x768_50Frms.264/h264enc.js:1031:11)
    at abortOnCannotGrowMemory (/home/test/workspace/openh264/test/encoder_binary_comparison/AllTestData/Adobe_PDF_sample_a_1024x768_50Frms.264/h264enc.js:4914:7)
    at _emscripten_resize_heap (/home/test/workspace/openh264/test/encoder_binary_comparison/AllTestData/Adobe_PDF_sample_a_1024x768_50Frms.264/h264enc.js:4919:7)
    at wasm://wasm/00265406:wasm-function[1133]:0x705f0
    at wasm://wasm/00265406:wasm-function[1121]:0x6e28d
    at wasm://wasm/00265406:wasm-function[775]:0x60eb2
    at wasm://wasm/00265406:wasm-function[357]:0x2e8f3
    at wasm://wasm/00265406:wasm-function[363]:0x2f261
    at wasm://wasm/00265406:wasm-function[555]:0x407f3
    at wasm://wasm/00265406:wasm-function[554]:0x405bd   [0m
[31m    Failed! Adobe_PDF_sample_a_1024x768_50Frms.264_x.yuv Case Index 628:SHA-1(Current--Benchmark): NULL-----3dbabcb9c4a49e5334d2f6296bc253ef853e307b  [0m
[31m            ----YUVSHA1:  NULL,  9aa9a4d9598eb3e1093311826844f37c43e4c521  [0m
[31m           Aborted(Cannot enlarge memory arrays to size 19124224 bytes (OOM). Either (1) compile with -sINITIAL_MEMORY=X with X higher than the current value 16777216, (2) compile with -sALLOW_MEMORY_GROWTH which allows increasing the size at runtime, or (3) if you want malloc to return NULL (0) instead of this abort, compile with -sABORTING_MALLOC=0)
/home/test/workspace/openh264/test/encoder_binary_comparison/AllTestData/Adobe_PDF_sample_a_1024x768_50Frms.264/h264enc.js:167
      throw ex;
      ^

RuntimeError: Aborted(Cannot enlarge memory arrays to size 19124224 bytes (OOM). Either (1) compile with -sINITIAL_MEMORY=X with X higher than the current value 16777216, (2) compile with -sALLOW_MEMORY_GROWTH which allows increasing the size at runtime, or (3) if you want malloc to return NULL (0) instead of this abort, compile with -sABORTING_MALLOC=0)
    at abort (/home/test/workspace/openh264/test/encoder_binary_comparison/AllTestData/Adobe_PDF_sample_a_1024x768_50Frms.264/h264enc.js:1031:11)
    at abortOnCannotGrowMemory (/home/test/workspace/openh264/test/encoder_binary_comparison/AllTestData/Adobe_PDF_sample_a_1024x768_50Frms.264/h264enc.js:4914:7)
    at _emscripten_resize_heap (/home/test/workspace/openh264/test/encoder_binary_comparison/AllTestData/Adobe_PDF_sample_a_1024x768_50Frms.264/h264enc.js:4919:7)
    at wasm://wasm/00265406:wasm-function[1133]:0x705f0
    at wasm://wasm/00265406:wasm-function[1121]:0x6e28d
    at wasm://wasm/00265406:wasm-function[775]:0x60eb2
    at wasm://wasm/00265406:wasm-function[357]:0x2e8f3
    at wasm://wasm/00265406:wasm-function[363]:0x2f261
    at wasm://wasm/00265406:wasm-function[555]:0x407f3
    at wasm://wasm/00265406:wasm-function[554]:0x405bd   [0m
[31m    Failed! Adobe_PDF_sample_a_1024x768_50Frms.264_x.yuv Case Index 629:SHA-1(Current--Benchmark): NULL-----3dbabcb9c4a49e5334d2f6296bc253ef853e307b  [0m
[31m            ----YUVSHA1:  NULL,  9aa9a4d9598eb3e1093311826844f37c43e4c521  [0m
[31m           Aborted(Cannot enlarge memory arrays to size 19124224 bytes (OOM). Either (1) compile with -sINITIAL_MEMORY=X with X higher than the current value 16777216, (2) compile with -sALLOW_MEMORY_GROWTH which allows increasing the size at runtime, or (3) if you want malloc to return NULL (0) instead of this abort, compile with -sABORTING_MALLOC=0)
/home/test/workspace/openh264/test/encoder_binary_comparison/AllTestData/Adobe_PDF_sample_a_1024x768_50Frms.264/h264enc.js:167
      throw ex;
      ^

RuntimeError: Aborted(Cannot enlarge memory arrays to size 19124224 bytes (OOM). Either (1) compile with -sINITIAL_MEMORY=X with X higher than the current value 16777216, (2) compile with -sALLOW_MEMORY_GROWTH which allows increasing the size at runtime, or (3) if you want malloc to return NULL (0) instead of this abort, compile with -sABORTING_MALLOC=0)
    at abort (/home/test/workspace/openh264/test/encoder_binary_comparison/AllTestData/Adobe_PDF_sample_a_1024x768_50Frms.264/h264enc.js:1031:11)
    at abortOnCannotGrowMemory (/home/test/workspace/openh264/test/encoder_binary_comparison/AllTestData/Adobe_PDF_sample_a_1024x768_50Frms.264/h264enc.js:4914:7)
    at _emscripten_resize_heap (/home/test/workspace/openh264/test/encoder_binary_comparison/AllTestData/Adobe_PDF_sample_a_1024x768_50Frms.264/h264enc.js:4919:7)
    at wasm://wasm/00265406:wasm-function[1133]:0x705f0
    at wasm://wasm/00265406:wasm-function[1121]:0x6e28d
    at wasm://wasm/00265406:wasm-function[775]:0x60eb2
    at wasm://wasm/00265406:wasm-function[357]:0x2e8f3
    at wasm://wasm/00265406:wasm-function[363]:0x2f261
    at wasm://wasm/00265406:wasm-function[555]:0x407f3
    at wasm://wasm/00265406:wasm-function[554]:0x405bd   [0m
[31m    Failed! Adobe_PDF_sample_a_1024x768_50Frms.264_x.yuv Case Index 630:SHA-1(Current--Benchmark): NULL-----3dbabcb9c4a49e5334d2f6296bc253ef853e307b  [0m
[31m            ----YUVSHA1:  NULL,  9aa9a4d9598eb3e1093311826844f37c43e4c521  [0m
[31m           Aborted(Cannot enlarge memory arrays to size 19124224 bytes (OOM). Either (1) compile with -sINITIAL_MEMORY=X with X higher than the current value 16777216, (2) compile with -sALLOW_MEMORY_GROWTH which allows increasing the size at runtime, or (3) if you want malloc to return NULL (0) instead of this abort, compile with -sABORTING_MALLOC=0)
/home/test/workspace/openh264/test/encoder_binary_comparison/AllTestData/Adobe_PDF_sample_a_1024x768_50Frms.264/h264enc.js:167
      throw ex;
      ^

RuntimeError: Aborted(Cannot enlarge memory arrays to size 19124224 bytes (OOM). Either (1) compile with -sINITIAL_MEMORY=X with X higher than the current value 16777216, (2) compile with -sALLOW_MEMORY_GROWTH which allows increasing the size at runtime, or (3) if you want malloc to return NULL (0) instead of this abort, compile with -sABORTING_MALLOC=0)
    at abort (/home/test/workspace/openh264/test/encoder_binary_comparison/AllTestData/Adobe_PDF_sample_a_1024x768_50Frms.264/h264enc.js:1031:11)
    at abortOnCannotGrowMemory (/home/test/workspace/openh264/test/encoder_binary_comparison/AllTestData/Adobe_PDF_sample_a_1024x768_50Frms.264/h264enc.js:4914:7)
    at _emscripten_resize_heap (/home/test/workspace/openh264/test/encoder_binary_comparison/AllTestData/Adobe_PDF_sample_a_1024x768_50Frms.264/h264enc.js:4919:7)
    at wasm://wasm/00265406:wasm-function[1133]:0x705f0
    at wasm://wasm/00265406:wasm-function[1121]:0x6e28d
    at wasm://wasm/00265406:wasm-function[775]:0x60eb2
    at wasm://wasm/00265406:wasm-function[357]:0x2e8f3
    at wasm://wasm/00265406:wasm-function[363]:0x2f261
    at wasm://wasm/00265406:wasm-function[555]:0x407f3
    at wasm://wasm/00265406:wasm-function[554]:0x405bd   [0m
[31m    Failed! Adobe_PDF_sample_a_1024x768_50Frms.264_x.yuv Case Index 631:SHA-1(Current--Benchmark): NULL-----3dbabcb9c4a49e5334d2f6296bc253ef853e307b  [0m
[31m            ----YUVSHA1:  NULL,  9aa9a4d9598eb3e1093311826844f37c43e4c521  [0m
[31m           Aborted(Cannot enlarge memory arrays to size 19124224 bytes (OOM). Either (1) compile with -sINITIAL_MEMORY=X with X higher than the current value 16777216, (2) compile with -sALLOW_MEMORY_GROWTH which allows increasing the size at runtime, or (3) if you want malloc to return NULL (0) instead of this abort, compile with -sABORTING_MALLOC=0)
/home/test/workspace/openh264/test/encoder_binary_comparison/AllTestData/Adobe_PDF_sample_a_1024x768_50Frms.264/h264enc.js:167
      throw ex;
      ^

RuntimeError: Aborted(Cannot enlarge memory arrays to size 19124224 bytes (OOM). Either (1) compile with -sINITIAL_MEMORY=X with X higher than the current value 16777216, (2) compile with -sALLOW_MEMORY_GROWTH which allows increasing the size at runtime, or (3) if you want malloc to return NULL (0) instead of this abort, compile with -sABORTING_MALLOC=0)
    at abort (/home/test/workspace/openh264/test/encoder_binary_comparison/AllTestData/Adobe_PDF_sample_a_1024x768_50Frms.264/h264enc.js:1031:11)
    at abortOnCannotGrowMemory (/home/test/workspace/openh264/test/encoder_binary_comparison/AllTestData/Adobe_PDF_sample_a_1024x768_50Frms.264/h264enc.js:4914:7)
    at _emscripten_resize_heap (/home/test/workspace/openh264/test/encoder_binary_comparison/AllTestData/Adobe_PDF_sample_a_1024x768_50Frms.264/h264enc.js:4919:7)
    at wasm://wasm/00265406:wasm-function[1133]:0x705f0
    at wasm://wasm/00265406:wasm-function[1121]:0x6e28d
    at wasm://wasm/00265406:wasm-function[775]:0x60eb2
    at wasm://wasm/00265406:wasm-function[357]:0x2e8f3
    at wasm://wasm/00265406:wasm-function[363]:0x2f261
    at wasm://wasm/00265406:wasm-function[555]:0x407f3
    at wasm://wasm/00265406:wasm-function[554]:0x405bd   [0m
[31m    Failed! Adobe_PDF_sample_a_1024x768_50Frms.264_x.yuv Case Index 632:SHA-1(Current--Benchmark): NULL-----3dbabcb9c4a49e5334d2f6296bc253ef853e307b  [0m
[31m            ----YUVSHA1:  NULL,  9aa9a4d9598eb3e1093311826844f37c43e4c521  [0m
[31m           Aborted(Cannot enlarge memory arrays to size 19124224 bytes (OOM). Either (1) compile with -sINITIAL_MEMORY=X with X higher than the current value 16777216, (2) compile with -sALLOW_MEMORY_GROWTH which allows increasing the size at runtime, or (3) if you want malloc to return NULL (0) instead of this abort, compile with -sABORTING_MALLOC=0)
/home/test/workspace/openh264/test/encoder_binary_comparison/AllTestData/Adobe_PDF_sample_a_1024x768_50Frms.264/h264enc.js:167
      throw ex;
      ^

RuntimeError: Aborted(Cannot enlarge memory arrays to size 19124224 bytes (OOM). Either (1) compile with -sINITIAL_MEMORY=X with X higher than the current value 16777216, (2) compile with -sALLOW_MEMORY_GROWTH which allows increasing the size at runtime, or (3) if you want malloc to return NULL (0) instead of this abort, compile with -sABORTING_MALLOC=0)
    at abort (/home/test/workspace/openh264/test/encoder_binary_comparison/AllTestData/Adobe_PDF_sample_a_1024x768_50Frms.264/h264enc.js:1031:11)
    at abortOnCannotGrowMemory (/home/test/workspace/openh264/test/encoder_binary_comparison/AllTestData/Adobe_PDF_sample_a_1024x768_50Frms.264/h264enc.js:4914:7)
    at _emscripten_resize_heap (/home/test/workspace/openh264/test/encoder_binary_comparison/AllTestData/Adobe_PDF_sample_a_1024x768_50Frms.264/h264enc.js:4919:7)
    at wasm://wasm/00265406:wasm-function[1133]:0x705f0
    at wasm://wasm/00265406:wasm-function[1121]:0x6e28d
    at wasm://wasm/00265406:wasm-function[775]:0x60eb2
    at wasm://wasm/00265406:wasm-function[357]:0x2e8f3
    at wasm://wasm/00265406:wasm-function[363]:0x2f261
    at wasm://wasm/00265406:wasm-function[555]:0x407f3
    at wasm://wasm/00265406:wasm-function[554]:0x405bd   [0m
[31m    Failed! Adobe_PDF_sample_a_1024x768_50Frms.264_x.yuv Case Index 633:SHA-1(Current--Benchmark): NULL-----3dbabcb9c4a49e5334d2f6296bc253ef853e307b  [0m
[31m            ----YUVSHA1:  NULL,  9aa9a4d9598eb3e1093311826844f37c43e4c521  [0m
[31m           Aborted(Cannot enlarge memory arrays to size 19124224 bytes (OOM). Either (1) compile with -sINITIAL_MEMORY=X with X higher than the current value 16777216, (2) compile with -sALLOW_MEMORY_GROWTH which allows increasing the size at runtime, or (3) if you want malloc to return NULL (0) instead of this abort, compile with -sABORTING_MALLOC=0)
/home/test/workspace/openh264/test/encoder_binary_comparison/AllTestData/Adobe_PDF_sample_a_1024x768_50Frms.264/h264enc.js:167
      throw ex;
      ^

RuntimeError: Aborted(Cannot enlarge memory arrays to size 19124224 bytes (OOM). Either (1) compile with -sINITIAL_MEMORY=X with X higher than the current value 16777216, (2) compile with -sALLOW_MEMORY_GROWTH which allows increasing the size at runtime, or (3) if you want malloc to return NULL (0) instead of this abort, compile with -sABORTING_MALLOC=0)
    at abort (/home/test/workspace/openh264/test/encoder_binary_comparison/AllTestData/Adobe_PDF_sample_a_1024x768_50Frms.264/h264enc.js:1031:11)
    at abortOnCannotGrowMemory (/home/test/workspace/openh264/test/encoder_binary_comparison/AllTestData/Adobe_PDF_sample_a_1024x768_50Frms.264/h264enc.js:4914:7)
    at _emscripten_resize_heap (/home/test/workspace/openh264/test/encoder_binary_comparison/AllTestData/Adobe_PDF_sample_a_1024x768_50Frms.264/h264enc.js:4919:7)
    at wasm://wasm/00265406:wasm-function[1133]:0x705f0
    at wasm://wasm/00265406:wasm-function[1121]:0x6e28d
    at wasm://wasm/00265406:wasm-function[775]:0x60eb2
    at wasm://wasm/00265406:wasm-function[357]:0x2e8f3
    at wasm://wasm/00265406:wasm-function[363]:0x2f261
    at wasm://wasm/00265406:wasm-function[555]:0x407f3
    at wasm://wasm/00265406:wasm-function[554]:0x405bd   [0m
[31m    Failed! Adobe_PDF_sample_a_1024x768_50Frms.264_x.yuv Case Index 634:SHA-1(Current--Benchmark): NULL-----3dbabcb9c4a49e5334d2f6296bc253ef853e307b  [0m
[31m            ----YUVSHA1:  NULL,  9aa9a4d9598eb3e1093311826844f37c43e4c521  [0m
[31m           Aborted(Cannot enlarge memory arrays to size 19124224 bytes (OOM). Either (1) compile with -sINITIAL_MEMORY=X with X higher than the current value 16777216, (2) compile with -sALLOW_MEMORY_GROWTH which allows increasing the size at runtime, or (3) if you want malloc to return NULL (0) instead of this abort, compile with -sABORTING_MALLOC=0)
/home/test/workspace/openh264/test/encoder_binary_comparison/AllTestData/Adobe_PDF_sample_a_1024x768_50Frms.264/h264enc.js:167
      throw ex;
      ^

RuntimeError: Aborted(Cannot enlarge memory arrays to size 19124224 bytes (OOM). Either (1) compile with -sINITIAL_MEMORY=X with X higher than the current value 16777216, (2) compile with -sALLOW_MEMORY_GROWTH which allows increasing the size at runtime, or (3) if you want malloc to return NULL (0) instead of this abort, compile with -sABORTING_MALLOC=0)
    at abort (/home/test/workspace/openh264/test/encoder_binary_comparison/AllTestData/Adobe_PDF_sample_a_1024x768_50Frms.264/h264enc.js:1031:11)
    at abortOnCannotGrowMemory (/home/test/workspace/openh264/test/encoder_binary_comparison/AllTestData/Adobe_PDF_sample_a_1024x768_50Frms.264/h264enc.js:4914:7)
    at _emscripten_resize_heap (/home/test/workspace/openh264/test/encoder_binary_comparison/AllTestData/Adobe_PDF_sample_a_1024x768_50Frms.264/h264enc.js:4919:7)
    at wasm://wasm/00265406:wasm-function[1133]:0x705f0
    at wasm://wasm/00265406:wasm-function[1121]:0x6e28d
    at wasm://wasm/00265406:wasm-function[775]:0x60eb2
    at wasm://wasm/00265406:wasm-function[357]:0x2e8f3
    at wasm://wasm/00265406:wasm-function[363]:0x2f261
    at wasm://wasm/00265406:wasm-function[555]:0x407f3
    at wasm://wasm/00265406:wasm-function[554]:0x405bd   [0m
[31m    Failed! Adobe_PDF_sample_a_1024x768_50Frms.264_x.yuv Case Index 635:SHA-1(Current--Benchmark): NULL-----3dbabcb9c4a49e5334d2f6296bc253ef853e307b  [0m
[31m            ----YUVSHA1:  NULL,  9aa9a4d9598eb3e1093311826844f37c43e4c521  [0m
[31m           Aborted(Cannot enlarge memory arrays to size 19124224 bytes (OOM). Either (1) compile with -sINITIAL_MEMORY=X with X higher than the current value 16777216, (2) compile with -sALLOW_MEMORY_GROWTH which allows increasing the size at runtime, or (3) if you want malloc to return NULL (0) instead of this abort, compile with -sABORTING_MALLOC=0)
/home/test/workspace/openh264/test/encoder_binary_comparison/AllTestData/Adobe_PDF_sample_a_1024x768_50Frms.264/h264enc.js:167
      throw ex;
      ^

RuntimeError: Aborted(Cannot enlarge memory arrays to size 19124224 bytes (OOM). Either (1) compile with -sINITIAL_MEMORY=X with X higher than the current value 16777216, (2) compile with -sALLOW_MEMORY_GROWTH which allows increasing the size at runtime, or (3) if you want malloc to return NULL (0) instead of this abort, compile with -sABORTING_MALLOC=0)
    at abort (/home/test/workspace/openh264/test/encoder_binary_comparison/AllTestData/Adobe_PDF_sample_a_1024x768_50Frms.264/h264enc.js:1031:11)
    at abortOnCannotGrowMemory (/home/test/workspace/openh264/test/encoder_binary_comparison/AllTestData/Adobe_PDF_sample_a_1024x768_50Frms.264/h264enc.js:4914:7)
    at _emscripten_resize_heap (/home/test/workspace/openh264/test/encoder_binary_comparison/AllTestData/Adobe_PDF_sample_a_1024x768_50Frms.264/h264enc.js:4919:7)
    at wasm://wasm/00265406:wasm-function[1133]:0x705f0
    at wasm://wasm/00265406:wasm-function[1121]:0x6e28d
    at wasm://wasm/00265406:wasm-function[775]:0x60eb2
    at wasm://wasm/00265406:wasm-function[357]:0x2e8f3
    at wasm://wasm/00265406:wasm-function[363]:0x2f261
    at wasm://wasm/00265406:wasm-function[555]:0x407f3
    at wasm://wasm/00265406:wasm-function[554]:0x405bd   [0m
[31m    Failed! Adobe_PDF_sample_a_1024x768_50Frms.264_x.yuv Case Index 636:SHA-1(Current--Benchmark): NULL-----3dbabcb9c4a49e5334d2f6296bc253ef853e307b  [0m
[31m            ----YUVSHA1:  NULL,  9aa9a4d9598eb3e1093311826844f37c43e4c521  [0m
[31m           Aborted(Cannot enlarge memory arrays to size 19124224 bytes (OOM). Either (1) compile with -sINITIAL_MEMORY=X with X higher than the current value 16777216, (2) compile with -sALLOW_MEMORY_GROWTH which allows increasing the size at runtime, or (3) if you want malloc to return NULL (0) instead of this abort, compile with -sABORTING_MALLOC=0)
/home/test/workspace/openh264/test/encoder_binary_comparison/AllTestData/Adobe_PDF_sample_a_1024x768_50Frms.264/h264enc.js:167
      throw ex;
      ^

RuntimeError: Aborted(Cannot enlarge memory arrays to size 19124224 bytes (OOM). Either (1) compile with -sINITIAL_MEMORY=X with X higher than the current value 16777216, (2) compile with -sALLOW_MEMORY_GROWTH which allows increasing the size at runtime, or (3) if you want malloc to return NULL (0) instead of this abort, compile with -sABORTING_MALLOC=0)
    at abort (/home/test/workspace/openh264/test/encoder_binary_comparison/AllTestData/Adobe_PDF_sample_a_1024x768_50Frms.264/h264enc.js:1031:11)
    at abortOnCannotGrowMemory (/home/test/workspace/openh264/test/encoder_binary_comparison/AllTestData/Adobe_PDF_sample_a_1024x768_50Frms.264/h264enc.js:4914:7)
    at _emscripten_resize_heap (/home/test/workspace/openh264/test/encoder_binary_comparison/AllTestData/Adobe_PDF_sample_a_1024x768_50Frms.264/h264enc.js:4919:7)
    at wasm://wasm/00265406:wasm-function[1133]:0x705f0
    at wasm://wasm/00265406:wasm-function[1121]:0x6e28d
    at wasm://wasm/00265406:wasm-function[775]:0x60eb2
    at wasm://wasm/00265406:wasm-function[357]:0x2e8f3
    at wasm://wasm/00265406:wasm-function[363]:0x2f261
    at wasm://wasm/00265406:wasm-function[555]:0x407f3
    at wasm://wasm/00265406:wasm-function[554]:0x405bd   [0m
[31m    Failed! Adobe_PDF_sample_a_1024x768_50Frms.264_x.yuv Case Index 637:SHA-1(Current--Benchmark): NULL-----3dbabcb9c4a49e5334d2f6296bc253ef853e307b  [0m
[31m            ----YUVSHA1:  NULL,  9aa9a4d9598eb3e1093311826844f37c43e4c521  [0m
[31m           Aborted(Cannot enlarge memory arrays to size 19124224 bytes (OOM). Either (1) compile with -sINITIAL_MEMORY=X with X higher than the current value 16777216, (2) compile with -sALLOW_MEMORY_GROWTH which allows increasing the size at runtime, or (3) if you want malloc to return NULL (0) instead of this abort, compile with -sABORTING_MALLOC=0)
/home/test/workspace/openh264/test/encoder_binary_comparison/AllTestData/Adobe_PDF_sample_a_1024x768_50Frms.264/h264enc.js:167
      throw ex;
      ^

RuntimeError: Aborted(Cannot enlarge memory arrays to size 19124224 bytes (OOM). Either (1) compile with -sINITIAL_MEMORY=X with X higher than the current value 16777216, (2) compile with -sALLOW_MEMORY_GROWTH which allows increasing the size at runtime, or (3) if you want malloc to return NULL (0) instead of this abort, compile with -sABORTING_MALLOC=0)
    at abort (/home/test/workspace/openh264/test/encoder_binary_comparison/AllTestData/Adobe_PDF_sample_a_1024x768_50Frms.264/h264enc.js:1031:11)
    at abortOnCannotGrowMemory (/home/test/workspace/openh264/test/encoder_binary_comparison/AllTestData/Adobe_PDF_sample_a_1024x768_50Frms.264/h264enc.js:4914:7)
    at _emscripten_resize_heap (/home/test/workspace/openh264/test/encoder_binary_comparison/AllTestData/Adobe_PDF_sample_a_1024x768_50Frms.264/h264enc.js:4919:7)
    at wasm://wasm/00265406:wasm-function[1133]:0x705f0
    at wasm://wasm/00265406:wasm-function[1121]:0x6e28d
    at wasm://wasm/00265406:wasm-function[775]:0x60eb2
    at wasm://wasm/00265406:wasm-function[357]:0x2e8f3
    at wasm://wasm/00265406:wasm-function[363]:0x2f261
    at wasm://wasm/00265406:wasm-function[555]:0x407f3
    at wasm://wasm/00265406:wasm-function[554]:0x405bd   [0m
[31m    Failed! Adobe_PDF_sample_a_1024x768_50Frms.264_x.yuv Case Index 638:SHA-1(Current--Benchmark): NULL-----3dbabcb9c4a49e5334d2f6296bc253ef853e307b  [0m
[31m            ----YUVSHA1:  NULL,  9aa9a4d9598eb3e1093311826844f37c43e4c521  [0m
[31m           Aborted(Cannot enlarge memory arrays to size 19124224 bytes (OOM). Either (1) compile with -sINITIAL_MEMORY=X with X higher than the current value 16777216, (2) compile with -sALLOW_MEMORY_GROWTH which allows increasing the size at runtime, or (3) if you want malloc to return NULL (0) instead of this abort, compile with -sABORTING_MALLOC=0)
/home/test/workspace/openh264/test/encoder_binary_comparison/AllTestData/Adobe_PDF_sample_a_1024x768_50Frms.264/h264enc.js:167
      throw ex;
      ^

RuntimeError: Aborted(Cannot enlarge memory arrays to size 19124224 bytes (OOM). Either (1) compile with -sINITIAL_MEMORY=X with X higher than the current value 16777216, (2) compile with -sALLOW_MEMORY_GROWTH which allows increasing the size at runtime, or (3) if you want malloc to return NULL (0) instead of this abort, compile with -sABORTING_MALLOC=0)
    at abort (/home/test/workspace/openh264/test/encoder_binary_comparison/AllTestData/Adobe_PDF_sample_a_1024x768_50Frms.264/h264enc.js:1031:11)
    at abortOnCannotGrowMemory (/home/test/workspace/openh264/test/encoder_binary_comparison/AllTestData/Adobe_PDF_sample_a_1024x768_50Frms.264/h264enc.js:4914:7)
    at _emscripten_resize_heap (/home/test/workspace/openh264/test/encoder_binary_comparison/AllTestData/Adobe_PDF_sample_a_1024x768_50Frms.264/h264enc.js:4919:7)
    at wasm://wasm/00265406:wasm-function[1133]:0x705f0
    at wasm://wasm/00265406:wasm-function[1121]:0x6e28d
    at wasm://wasm/00265406:wasm-function[775]:0x60eb2
    at wasm://wasm/00265406:wasm-function[357]:0x2e8f3
    at wasm://wasm/00265406:wasm-function[363]:0x2f261
    at wasm://wasm/00265406:wasm-function[555]:0x407f3
    at wasm://wasm/00265406:wasm-function[554]:0x405bd   [0m
[31m    Failed! Adobe_PDF_sample_a_1024x768_50Frms.264_x.yuv Case Index 639:SHA-1(Current--Benchmark): NULL-----3dbabcb9c4a49e5334d2f6296bc253ef853e307b  [0m
[31m            ----YUVSHA1:  NULL,  9aa9a4d9598eb3e1093311826844f37c43e4c521  [0m
[31m           Aborted(Cannot enlarge memory arrays to size 19124224 bytes (OOM). Either (1) compile with -sINITIAL_MEMORY=X with X higher than the current value 16777216, (2) compile with -sALLOW_MEMORY_GROWTH which allows increasing the size at runtime, or (3) if you want malloc to return NULL (0) instead of this abort, compile with -sABORTING_MALLOC=0)
/home/test/workspace/openh264/test/encoder_binary_comparison/AllTestData/Adobe_PDF_sample_a_1024x768_50Frms.264/h264enc.js:167
      throw ex;
      ^

RuntimeError: Aborted(Cannot enlarge memory arrays to size 19124224 bytes (OOM). Either (1) compile with -sINITIAL_MEMORY=X with X higher than the current value 16777216, (2) compile with -sALLOW_MEMORY_GROWTH which allows increasing the size at runtime, or (3) if you want malloc to return NULL (0) instead of this abort, compile with -sABORTING_MALLOC=0)
    at abort (/home/test/workspace/openh264/test/encoder_binary_comparison/AllTestData/Adobe_PDF_sample_a_1024x768_50Frms.264/h264enc.js:1031:11)
    at abortOnCannotGrowMemory (/home/test/workspace/openh264/test/encoder_binary_comparison/AllTestData/Adobe_PDF_sample_a_1024x768_50Frms.264/h264enc.js:4914:7)
    at _emscripten_resize_heap (/home/test/workspace/openh264/test/encoder_binary_comparison/AllTestData/Adobe_PDF_sample_a_1024x768_50Frms.264/h264enc.js:4919:7)
    at wasm://wasm/00265406:wasm-function[1133]:0x705f0
    at wasm://wasm/00265406:wasm-function[1121]:0x6e28d
    at wasm://wasm/00265406:wasm-function[775]:0x60eb2
    at wasm://wasm/00265406:wasm-function[357]:0x2e8f3
    at wasm://wasm/00265406:wasm-function[363]:0x2f261
    at wasm://wasm/00265406:wasm-function[555]:0x407f3
    at wasm://wasm/00265406:wasm-function[554]:0x405bd   [0m
[31m    Failed! Adobe_PDF_sample_a_1024x768_50Frms.264_x.yuv Case Index 640:SHA-1(Current--Benchmark): NULL-----3dbabcb9c4a49e5334d2f6296bc253ef853e307b  [0m
[31m            ----YUVSHA1:  NULL,  9aa9a4d9598eb3e1093311826844f37c43e4c521  [0m
[31m           Aborted(Cannot enlarge memory arrays to size 19124224 bytes (OOM). Either (1) compile with -sINITIAL_MEMORY=X with X higher than the current value 16777216, (2) compile with -sALLOW_MEMORY_GROWTH which allows increasing the size at runtime, or (3) if you want malloc to return NULL (0) instead of this abort, compile with -sABORTING_MALLOC=0)
/home/test/workspace/openh264/test/encoder_binary_comparison/AllTestData/Adobe_PDF_sample_a_1024x768_50Frms.264/h264enc.js:167
      throw ex;
      ^

RuntimeError: Aborted(Cannot enlarge memory arrays to size 19124224 bytes (OOM). Either (1) compile with -sINITIAL_MEMORY=X with X higher than the current value 16777216, (2) compile with -sALLOW_MEMORY_GROWTH which allows increasing the size at runtime, or (3) if you want malloc to return NULL (0) instead of this abort, compile with -sABORTING_MALLOC=0)
    at abort (/home/test/workspace/openh264/test/encoder_binary_comparison/AllTestData/Adobe_PDF_sample_a_1024x768_50Frms.264/h264enc.js:1031:11)
    at abortOnCannotGrowMemory (/home/test/workspace/openh264/test/encoder_binary_comparison/AllTestData/Adobe_PDF_sample_a_1024x768_50Frms.264/h264enc.js:4914:7)
    at _emscripten_resize_heap (/home/test/workspace/openh264/test/encoder_binary_comparison/AllTestData/Adobe_PDF_sample_a_1024x768_50Frms.264/h264enc.js:4919:7)
    at wasm://wasm/00265406:wasm-function[1133]:0x705f0
    at wasm://wasm/00265406:wasm-function[1121]:0x6e28d
    at wasm://wasm/00265406:wasm-function[775]:0x60eb2
    at wasm://wasm/00265406:wasm-function[357]:0x2e8f3
    at wasm://wasm/00265406:wasm-function[363]:0x2f261
    at wasm://wasm/00265406:wasm-function[555]:0x407f3
    at wasm://wasm/00265406:wasm-function[554]:0x405bd   [0m
[31m    Failed! Adobe_PDF_sample_a_1024x768_50Frms.264_x.yuv Case Index 641:SHA-1(Current--Benchmark): NULL-----3dbabcb9c4a49e5334d2f6296bc253ef853e307b  [0m
[31m            ----YUVSHA1:  NULL,  9aa9a4d9598eb3e1093311826844f37c43e4c521  [0m
[31m           Aborted(Cannot enlarge memory arrays to size 19124224 bytes (OOM). Either (1) compile with -sINITIAL_MEMORY=X with X higher than the current value 16777216, (2) compile with -sALLOW_MEMORY_GROWTH which allows increasing the size at runtime, or (3) if you want malloc to return NULL (0) instead of this abort, compile with -sABORTING_MALLOC=0)
/home/test/workspace/openh264/test/encoder_binary_comparison/AllTestData/Adobe_PDF_sample_a_1024x768_50Frms.264/h264enc.js:167
      throw ex;
      ^

RuntimeError: Aborted(Cannot enlarge memory arrays to size 19124224 bytes (OOM). Either (1) compile with -sINITIAL_MEMORY=X with X higher than the current value 16777216, (2) compile with -sALLOW_MEMORY_GROWTH which allows increasing the size at runtime, or (3) if you want malloc to return NULL (0) instead of this abort, compile with -sABORTING_MALLOC=0)
    at abort (/home/test/workspace/openh264/test/encoder_binary_comparison/AllTestData/Adobe_PDF_sample_a_1024x768_50Frms.264/h264enc.js:1031:11)
    at abortOnCannotGrowMemory (/home/test/workspace/openh264/test/encoder_binary_comparison/AllTestData/Adobe_PDF_sample_a_1024x768_50Frms.264/h264enc.js:4914:7)
    at _emscripten_resize_heap (/home/test/workspace/openh264/test/encoder_binary_comparison/AllTestData/Adobe_PDF_sample_a_1024x768_50Frms.264/h264enc.js:4919:7)
    at wasm://wasm/00265406:wasm-function[1133]:0x705f0
    at wasm://wasm/00265406:wasm-function[1121]:0x6e28d
    at wasm://wasm/00265406:wasm-function[775]:0x60eb2
    at wasm://wasm/00265406:wasm-function[357]:0x2e8f3
    at wasm://wasm/00265406:wasm-function[363]:0x2f261
    at wasm://wasm/00265406:wasm-function[555]:0x407f3
    at wasm://wasm/00265406:wasm-function[554]:0x405bd   [0m
[31m    Failed! Adobe_PDF_sample_a_1024x768_50Frms.264_x.yuv Case Index 642:SHA-1(Current--Benchmark): NULL-----3dbabcb9c4a49e5334d2f6296bc253ef853e307b  [0m
[31m            ----YUVSHA1:  NULL,  9aa9a4d9598eb3e1093311826844f37c43e4c521  [0m
[31m           Aborted(Cannot enlarge memory arrays to size 19124224 bytes (OOM). Either (1) compile with -sINITIAL_MEMORY=X with X higher than the current value 16777216, (2) compile with -sALLOW_MEMORY_GROWTH which allows increasing the size at runtime, or (3) if you want malloc to return NULL (0) instead of this abort, compile with -sABORTING_MALLOC=0)
/home/test/workspace/openh264/test/encoder_binary_comparison/AllTestData/Adobe_PDF_sample_a_1024x768_50Frms.264/h264enc.js:167
      throw ex;
      ^

RuntimeError: Aborted(Cannot enlarge memory arrays to size 19124224 bytes (OOM). Either (1) compile with -sINITIAL_MEMORY=X with X higher than the current value 16777216, (2) compile with -sALLOW_MEMORY_GROWTH which allows increasing the size at runtime, or (3) if you want malloc to return NULL (0) instead of this abort, compile with -sABORTING_MALLOC=0)
    at abort (/home/test/workspace/openh264/test/encoder_binary_comparison/AllTestData/Adobe_PDF_sample_a_1024x768_50Frms.264/h264enc.js:1031:11)
    at abortOnCannotGrowMemory (/home/test/workspace/openh264/test/encoder_binary_comparison/AllTestData/Adobe_PDF_sample_a_1024x768_50Frms.264/h264enc.js:4914:7)
    at _emscripten_resize_heap (/home/test/workspace/openh264/test/encoder_binary_comparison/AllTestData/Adobe_PDF_sample_a_1024x768_50Frms.264/h264enc.js:4919:7)
    at wasm://wasm/00265406:wasm-function[1133]:0x705f0
    at wasm://wasm/00265406:wasm-function[1121]:0x6e28d
    at wasm://wasm/00265406:wasm-function[775]:0x60eb2
    at wasm://wasm/00265406:wasm-function[357]:0x2e8f3
    at wasm://wasm/00265406:wasm-function[363]:0x2f261
    at wasm://wasm/00265406:wasm-function[555]:0x407f3
    at wasm://wasm/00265406:wasm-function[554]:0x405bd   [0m
[31m    Failed! Adobe_PDF_sample_a_1024x768_50Frms.264_x.yuv Case Index 643:SHA-1(Current--Benchmark): NULL-----3dbabcb9c4a49e5334d2f6296bc253ef853e307b  [0m
[31m            ----YUVSHA1:  NULL,  9aa9a4d9598eb3e1093311826844f37c43e4c521  [0m
[31m           Aborted(Cannot enlarge memory arrays to size 19124224 bytes (OOM). Either (1) compile with -sINITIAL_MEMORY=X with X higher than the current value 16777216, (2) compile with -sALLOW_MEMORY_GROWTH which allows increasing the size at runtime, or (3) if you want malloc to return NULL (0) instead of this abort, compile with -sABORTING_MALLOC=0)
/home/test/workspace/openh264/test/encoder_binary_comparison/AllTestData/Adobe_PDF_sample_a_1024x768_50Frms.264/h264enc.js:167
      throw ex;
      ^

RuntimeError: Aborted(Cannot enlarge memory arrays to size 19124224 bytes (OOM). Either (1) compile with -sINITIAL_MEMORY=X with X higher than the current value 16777216, (2) compile with -sALLOW_MEMORY_GROWTH which allows increasing the size at runtime, or (3) if you want malloc to return NULL (0) instead of this abort, compile with -sABORTING_MALLOC=0)
    at abort (/home/test/workspace/openh264/test/encoder_binary_comparison/AllTestData/Adobe_PDF_sample_a_1024x768_50Frms.264/h264enc.js:1031:11)
    at abortOnCannotGrowMemory (/home/test/workspace/openh264/test/encoder_binary_comparison/AllTestData/Adobe_PDF_sample_a_1024x768_50Frms.264/h264enc.js:4914:7)
    at _emscripten_resize_heap (/home/test/workspace/openh264/test/encoder_binary_comparison/AllTestData/Adobe_PDF_sample_a_1024x768_50Frms.264/h264enc.js:4919:7)
    at wasm://wasm/00265406:wasm-function[1133]:0x705f0
    at wasm://wasm/00265406:wasm-function[1121]:0x6e28d
    at wasm://wasm/00265406:wasm-function[775]:0x60eb2
    at wasm://wasm/00265406:wasm-function[357]:0x2e8f3
    at wasm://wasm/00265406:wasm-function[363]:0x2f261
    at wasm://wasm/00265406:wasm-function[555]:0x407f3
    at wasm://wasm/00265406:wasm-function[554]:0x405bd   [0m
[31m    Failed! Adobe_PDF_sample_a_1024x768_50Frms.264_x.yuv Case Index 644:SHA-1(Current--Benchmark): NULL-----3dbabcb9c4a49e5334d2f6296bc253ef853e307b  [0m
[31m            ----YUVSHA1:  NULL,  9aa9a4d9598eb3e1093311826844f37c43e4c521  [0m
[31m           Aborted(Cannot enlarge memory arrays to size 19124224 bytes (OOM). Either (1) compile with -sINITIAL_MEMORY=X with X higher than the current value 16777216, (2) compile with -sALLOW_MEMORY_GROWTH which allows increasing the size at runtime, or (3) if you want malloc to return NULL (0) instead of this abort, compile with -sABORTING_MALLOC=0)
/home/test/workspace/openh264/test/encoder_binary_comparison/AllTestData/Adobe_PDF_sample_a_1024x768_50Frms.264/h264enc.js:167
      throw ex;
      ^

RuntimeError: Aborted(Cannot enlarge memory arrays to size 19124224 bytes (OOM). Either (1) compile with -sINITIAL_MEMORY=X with X higher than the current value 16777216, (2) compile with -sALLOW_MEMORY_GROWTH which allows increasing the size at runtime, or (3) if you want malloc to return NULL (0) instead of this abort, compile with -sABORTING_MALLOC=0)
    at abort (/home/test/workspace/openh264/test/encoder_binary_comparison/AllTestData/Adobe_PDF_sample_a_1024x768_50Frms.264/h264enc.js:1031:11)
    at abortOnCannotGrowMemory (/home/test/workspace/openh264/test/encoder_binary_comparison/AllTestData/Adobe_PDF_sample_a_1024x768_50Frms.264/h264enc.js:4914:7)
    at _emscripten_resize_heap (/home/test/workspace/openh264/test/encoder_binary_comparison/AllTestData/Adobe_PDF_sample_a_1024x768_50Frms.264/h264enc.js:4919:7)
    at wasm://wasm/00265406:wasm-function[1133]:0x705f0
    at wasm://wasm/00265406:wasm-function[1121]:0x6e28d
    at wasm://wasm/00265406:wasm-function[775]:0x60eb2
    at wasm://wasm/00265406:wasm-function[357]:0x2e8f3
    at wasm://wasm/00265406:wasm-function[363]:0x2f261
    at wasm://wasm/00265406:wasm-function[555]:0x407f3
    at wasm://wasm/00265406:wasm-function[554]:0x405bd   [0m
[31m    Failed! Adobe_PDF_sample_a_1024x768_50Frms.264_x.yuv Case Index 645:SHA-1(Current--Benchmark): NULL-----3dbabcb9c4a49e5334d2f6296bc253ef853e307b  [0m
[31m            ----YUVSHA1:  NULL,  9aa9a4d9598eb3e1093311826844f37c43e4c521  [0m
[31m           Aborted(Cannot enlarge memory arrays to size 19124224 bytes (OOM). Either (1) compile with -sINITIAL_MEMORY=X with X higher than the current value 16777216, (2) compile with -sALLOW_MEMORY_GROWTH which allows increasing the size at runtime, or (3) if you want malloc to return NULL (0) instead of this abort, compile with -sABORTING_MALLOC=0)
/home/test/workspace/openh264/test/encoder_binary_comparison/AllTestData/Adobe_PDF_sample_a_1024x768_50Frms.264/h264enc.js:167
      throw ex;
      ^

RuntimeError: Aborted(Cannot enlarge memory arrays to size 19124224 bytes (OOM). Either (1) compile with -sINITIAL_MEMORY=X with X higher than the current value 16777216, (2) compile with -sALLOW_MEMORY_GROWTH which allows increasing the size at runtime, or (3) if you want malloc to return NULL (0) instead of this abort, compile with -sABORTING_MALLOC=0)
    at abort (/home/test/workspace/openh264/test/encoder_binary_comparison/AllTestData/Adobe_PDF_sample_a_1024x768_50Frms.264/h264enc.js:1031:11)
    at abortOnCannotGrowMemory (/home/test/workspace/openh264/test/encoder_binary_comparison/AllTestData/Adobe_PDF_sample_a_1024x768_50Frms.264/h264enc.js:4914:7)
    at _emscripten_resize_heap (/home/test/workspace/openh264/test/encoder_binary_comparison/AllTestData/Adobe_PDF_sample_a_1024x768_50Frms.264/h264enc.js:4919:7)
    at wasm://wasm/00265406:wasm-function[1133]:0x705f0
    at wasm://wasm/00265406:wasm-function[1121]:0x6e28d
    at wasm://wasm/00265406:wasm-function[775]:0x60eb2
    at wasm://wasm/00265406:wasm-function[357]:0x2e8f3
    at wasm://wasm/00265406:wasm-function[363]:0x2f261
    at wasm://wasm/00265406:wasm-function[555]:0x407f3
    at wasm://wasm/00265406:wasm-function[554]:0x405bd   [0m
[31m    Failed! Adobe_PDF_sample_a_1024x768_50Frms.264_x.yuv Case Index 646:SHA-1(Current--Benchmark): NULL-----3dbabcb9c4a49e5334d2f6296bc253ef853e307b  [0m
[31m            ----YUVSHA1:  NULL,  9aa9a4d9598eb3e1093311826844f37c43e4c521  [0m
[31m           Aborted(Cannot enlarge memory arrays to size 19124224 bytes (OOM). Either (1) compile with -sINITIAL_MEMORY=X with X higher than the current value 16777216, (2) compile with -sALLOW_MEMORY_GROWTH which allows increasing the size at runtime, or (3) if you want malloc to return NULL (0) instead of this abort, compile with -sABORTING_MALLOC=0)
/home/test/workspace/openh264/test/encoder_binary_comparison/AllTestData/Adobe_PDF_sample_a_1024x768_50Frms.264/h264enc.js:167
      throw ex;
      ^

RuntimeError: Aborted(Cannot enlarge memory arrays to size 19124224 bytes (OOM). Either (1) compile with -sINITIAL_MEMORY=X with X higher than the current value 16777216, (2) compile with -sALLOW_MEMORY_GROWTH which allows increasing the size at runtime, or (3) if you want malloc to return NULL (0) instead of this abort, compile with -sABORTING_MALLOC=0)
    at abort (/home/test/workspace/openh264/test/encoder_binary_comparison/AllTestData/Adobe_PDF_sample_a_1024x768_50Frms.264/h264enc.js:1031:11)
    at abortOnCannotGrowMemory (/home/test/workspace/openh264/test/encoder_binary_comparison/AllTestData/Adobe_PDF_sample_a_1024x768_50Frms.264/h264enc.js:4914:7)
    at _emscripten_resize_heap (/home/test/workspace/openh264/test/encoder_binary_comparison/AllTestData/Adobe_PDF_sample_a_1024x768_50Frms.264/h264enc.js:4919:7)
    at wasm://wasm/00265406:wasm-function[1133]:0x705f0
    at wasm://wasm/00265406:wasm-function[1121]:0x6e28d
    at wasm://wasm/00265406:wasm-function[775]:0x60eb2
    at wasm://wasm/00265406:wasm-function[357]:0x2e8f3
    at wasm://wasm/00265406:wasm-function[363]:0x2f261
    at wasm://wasm/00265406:wasm-function[555]:0x407f3
    at wasm://wasm/00265406:wasm-function[554]:0x405bd   [0m
[31m    Failed! Adobe_PDF_sample_a_1024x768_50Frms.264_x.yuv Case Index 647:SHA-1(Current--Benchmark): NULL-----3dbabcb9c4a49e5334d2f6296bc253ef853e307b  [0m
[31m            ----YUVSHA1:  NULL,  9aa9a4d9598eb3e1093311826844f37c43e4c521  [0m
[31m           Aborted(Cannot enlarge memory arrays to size 19124224 bytes (OOM). Either (1) compile with -sINITIAL_MEMORY=X with X higher than the current value 16777216, (2) compile with -sALLOW_MEMORY_GROWTH which allows increasing the size at runtime, or (3) if you want malloc to return NULL (0) instead of this abort, compile with -sABORTING_MALLOC=0)
/home/test/workspace/openh264/test/encoder_binary_comparison/AllTestData/Adobe_PDF_sample_a_1024x768_50Frms.264/h264enc.js:167
      throw ex;
      ^

RuntimeError: Aborted(Cannot enlarge memory arrays to size 19124224 bytes (OOM). Either (1) compile with -sINITIAL_MEMORY=X with X higher than the current value 16777216, (2) compile with -sALLOW_MEMORY_GROWTH which allows increasing the size at runtime, or (3) if you want malloc to return NULL (0) instead of this abort, compile with -sABORTING_MALLOC=0)
    at abort (/home/test/workspace/openh264/test/encoder_binary_comparison/AllTestData/Adobe_PDF_sample_a_1024x768_50Frms.264/h264enc.js:1031:11)
    at abortOnCannotGrowMemory (/home/test/workspace/openh264/test/encoder_binary_comparison/AllTestData/Adobe_PDF_sample_a_1024x768_50Frms.264/h264enc.js:4914:7)
    at _emscripten_resize_heap (/home/test/workspace/openh264/test/encoder_binary_comparison/AllTestData/Adobe_PDF_sample_a_1024x768_50Frms.264/h264enc.js:4919:7)
    at wasm://wasm/00265406:wasm-function[1133]:0x705f0
    at wasm://wasm/00265406:wasm-function[1121]:0x6e28d
    at wasm://wasm/00265406:wasm-function[775]:0x60eb2
    at wasm://wasm/00265406:wasm-function[357]:0x2e8f3
    at wasm://wasm/00265406:wasm-function[363]:0x2f261
    at wasm://wasm/00265406:wasm-function[555]:0x407f3
    at wasm://wasm/00265406:wasm-function[554]:0x405bd   [0m
[31m    Failed! Adobe_PDF_sample_a_1024x768_50Frms.264_x.yuv Case Index 648:SHA-1(Current--Benchmark): NULL-----3dbabcb9c4a49e5334d2f6296bc253ef853e307b  [0m
[31m            ----YUVSHA1:  NULL,  9aa9a4d9598eb3e1093311826844f37c43e4c521  [0m
[31m           Aborted(Cannot enlarge memory arrays to size 19124224 bytes (OOM). Either (1) compile with -sINITIAL_MEMORY=X with X higher than the current value 16777216, (2) compile with -sALLOW_MEMORY_GROWTH which allows increasing the size at runtime, or (3) if you want malloc to return NULL (0) instead of this abort, compile with -sABORTING_MALLOC=0)
/home/test/workspace/openh264/test/encoder_binary_comparison/AllTestData/Adobe_PDF_sample_a_1024x768_50Frms.264/h264enc.js:167
      throw ex;
      ^

RuntimeError: Aborted(Cannot enlarge memory arrays to size 19124224 bytes (OOM). Either (1) compile with -sINITIAL_MEMORY=X with X higher than the current value 16777216, (2) compile with -sALLOW_MEMORY_GROWTH which allows increasing the size at runtime, or (3) if you want malloc to return NULL (0) instead of this abort, compile with -sABORTING_MALLOC=0)
    at abort (/home/test/workspace/openh264/test/encoder_binary_comparison/AllTestData/Adobe_PDF_sample_a_1024x768_50Frms.264/h264enc.js:1031:11)
    at abortOnCannotGrowMemory (/home/test/workspace/openh264/test/encoder_binary_comparison/AllTestData/Adobe_PDF_sample_a_1024x768_50Frms.264/h264enc.js:4914:7)
    at _emscripten_resize_heap (/home/test/workspace/openh264/test/encoder_binary_comparison/AllTestData/Adobe_PDF_sample_a_1024x768_50Frms.264/h264enc.js:4919:7)
    at wasm://wasm/00265406:wasm-function[1133]:0x705f0
    at wasm://wasm/00265406:wasm-function[1121]:0x6e28d
    at wasm://wasm/00265406:wasm-function[775]:0x60eb2
    at wasm://wasm/00265406:wasm-function[357]:0x2e8f3
    at wasm://wasm/00265406:wasm-function[363]:0x2f261
    at wasm://wasm/00265406:wasm-function[555]:0x407f3
    at wasm://wasm/00265406:wasm-function[554]:0x405bd   [0m
[31m    Failed! Adobe_PDF_sample_a_1024x768_50Frms.264_x.yuv Case Index 649:SHA-1(Current--Benchmark): NULL-----3dbabcb9c4a49e5334d2f6296bc253ef853e307b  [0m
[31m            ----YUVSHA1:  NULL,  9aa9a4d9598eb3e1093311826844f37c43e4c521  [0m
[31m           Aborted(Cannot enlarge memory arrays to size 19124224 bytes (OOM). Either (1) compile with -sINITIAL_MEMORY=X with X higher than the current value 16777216, (2) compile with -sALLOW_MEMORY_GROWTH which allows increasing the size at runtime, or (3) if you want malloc to return NULL (0) instead of this abort, compile with -sABORTING_MALLOC=0)
/home/test/workspace/openh264/test/encoder_binary_comparison/AllTestData/Adobe_PDF_sample_a_1024x768_50Frms.264/h264enc.js:167
      throw ex;
      ^

RuntimeError: Aborted(Cannot enlarge memory arrays to size 19124224 bytes (OOM). Either (1) compile with -sINITIAL_MEMORY=X with X higher than the current value 16777216, (2) compile with -sALLOW_MEMORY_GROWTH which allows increasing the size at runtime, or (3) if you want malloc to return NULL (0) instead of this abort, compile with -sABORTING_MALLOC=0)
    at abort (/home/test/workspace/openh264/test/encoder_binary_comparison/AllTestData/Adobe_PDF_sample_a_1024x768_50Frms.264/h264enc.js:1031:11)
    at abortOnCannotGrowMemory (/home/test/workspace/openh264/test/encoder_binary_comparison/AllTestData/Adobe_PDF_sample_a_1024x768_50Frms.264/h264enc.js:4914:7)
    at _emscripten_resize_heap (/home/test/workspace/openh264/test/encoder_binary_comparison/AllTestData/Adobe_PDF_sample_a_1024x768_50Frms.264/h264enc.js:4919:7)
    at wasm://wasm/00265406:wasm-function[1133]:0x705f0
    at wasm://wasm/00265406:wasm-function[1121]:0x6e28d
    at wasm://wasm/00265406:wasm-function[775]:0x60eb2
    at wasm://wasm/00265406:wasm-function[357]:0x2e8f3
    at wasm://wasm/00265406:wasm-function[363]:0x2f261
    at wasm://wasm/00265406:wasm-function[555]:0x407f3
    at wasm://wasm/00265406:wasm-function[554]:0x405bd   [0m
[31m    Failed! Adobe_PDF_sample_a_1024x768_50Frms.264_x.yuv Case Index 650:SHA-1(Current--Benchmark): NULL-----3dbabcb9c4a49e5334d2f6296bc253ef853e307b  [0m
[31m            ----YUVSHA1:  NULL,  9aa9a4d9598eb3e1093311826844f37c43e4c521  [0m
[31m           Aborted(Cannot enlarge memory arrays to size 19124224 bytes (OOM). Either (1) compile with -sINITIAL_MEMORY=X with X higher than the current value 16777216, (2) compile with -sALLOW_MEMORY_GROWTH which allows increasing the size at runtime, or (3) if you want malloc to return NULL (0) instead of this abort, compile with -sABORTING_MALLOC=0)
/home/test/workspace/openh264/test/encoder_binary_comparison/AllTestData/Adobe_PDF_sample_a_1024x768_50Frms.264/h264enc.js:167
      throw ex;
      ^

RuntimeError: Aborted(Cannot enlarge memory arrays to size 19124224 bytes (OOM). Either (1) compile with -sINITIAL_MEMORY=X with X higher than the current value 16777216, (2) compile with -sALLOW_MEMORY_GROWTH which allows increasing the size at runtime, or (3) if you want malloc to return NULL (0) instead of this abort, compile with -sABORTING_MALLOC=0)
    at abort (/home/test/workspace/openh264/test/encoder_binary_comparison/AllTestData/Adobe_PDF_sample_a_1024x768_50Frms.264/h264enc.js:1031:11)
    at abortOnCannotGrowMemory (/home/test/workspace/openh264/test/encoder_binary_comparison/AllTestData/Adobe_PDF_sample_a_1024x768_50Frms.264/h264enc.js:4914:7)
    at _emscripten_resize_heap (/home/test/workspace/openh264/test/encoder_binary_comparison/AllTestData/Adobe_PDF_sample_a_1024x768_50Frms.264/h264enc.js:4919:7)
    at wasm://wasm/00265406:wasm-function[1133]:0x705f0
    at wasm://wasm/00265406:wasm-function[1121]:0x6e28d
    at wasm://wasm/00265406:wasm-function[775]:0x60eb2
    at wasm://wasm/00265406:wasm-function[357]:0x2e8f3
    at wasm://wasm/00265406:wasm-function[363]:0x2f261
    at wasm://wasm/00265406:wasm-function[555]:0x407f3
    at wasm://wasm/00265406:wasm-function[554]:0x405bd   [0m
[31m    Failed! Adobe_PDF_sample_a_1024x768_50Frms.264_x.yuv Case Index 651:SHA-1(Current--Benchmark): NULL-----3dbabcb9c4a49e5334d2f6296bc253ef853e307b  [0m
[31m            ----YUVSHA1:  NULL,  9aa9a4d9598eb3e1093311826844f37c43e4c521  [0m
[31m           Aborted(Cannot enlarge memory arrays to size 19124224 bytes (OOM). Either (1) compile with -sINITIAL_MEMORY=X with X higher than the current value 16777216, (2) compile with -sALLOW_MEMORY_GROWTH which allows increasing the size at runtime, or (3) if you want malloc to return NULL (0) instead of this abort, compile with -sABORTING_MALLOC=0)
/home/test/workspace/openh264/test/encoder_binary_comparison/AllTestData/Adobe_PDF_sample_a_1024x768_50Frms.264/h264enc.js:167
      throw ex;
      ^

RuntimeError: Aborted(Cannot enlarge memory arrays to size 19124224 bytes (OOM). Either (1) compile with -sINITIAL_MEMORY=X with X higher than the current value 16777216, (2) compile with -sALLOW_MEMORY_GROWTH which allows increasing the size at runtime, or (3) if you want malloc to return NULL (0) instead of this abort, compile with -sABORTING_MALLOC=0)
    at abort (/home/test/workspace/openh264/test/encoder_binary_comparison/AllTestData/Adobe_PDF_sample_a_1024x768_50Frms.264/h264enc.js:1031:11)
    at abortOnCannotGrowMemory (/home/test/workspace/openh264/test/encoder_binary_comparison/AllTestData/Adobe_PDF_sample_a_1024x768_50Frms.264/h264enc.js:4914:7)
    at _emscripten_resize_heap (/home/test/workspace/openh264/test/encoder_binary_comparison/AllTestData/Adobe_PDF_sample_a_1024x768_50Frms.264/h264enc.js:4919:7)
    at wasm://wasm/00265406:wasm-function[1133]:0x705f0
    at wasm://wasm/00265406:wasm-function[1121]:0x6e28d
    at wasm://wasm/00265406:wasm-function[775]:0x60eb2
    at wasm://wasm/00265406:wasm-function[357]:0x2e8f3
    at wasm://wasm/00265406:wasm-function[363]:0x2f261
    at wasm://wasm/00265406:wasm-function[555]:0x407f3
    at wasm://wasm/00265406:wasm-function[554]:0x405bd   [0m
[31m    Failed! Adobe_PDF_sample_a_1024x768_50Frms.264_x.yuv Case Index 652:SHA-1(Current--Benchmark): NULL-----3dbabcb9c4a49e5334d2f6296bc253ef853e307b  [0m
[31m            ----YUVSHA1:  NULL,  9aa9a4d9598eb3e1093311826844f37c43e4c521  [0m
[31m           Aborted(Cannot enlarge memory arrays to size 19124224 bytes (OOM). Either (1) compile with -sINITIAL_MEMORY=X with X higher than the current value 16777216, (2) compile with -sALLOW_MEMORY_GROWTH which allows increasing the size at runtime, or (3) if you want malloc to return NULL (0) instead of this abort, compile with -sABORTING_MALLOC=0)
/home/test/workspace/openh264/test/encoder_binary_comparison/AllTestData/Adobe_PDF_sample_a_1024x768_50Frms.264/h264enc.js:167
      throw ex;
      ^

RuntimeError: Aborted(Cannot enlarge memory arrays to size 19124224 bytes (OOM). Either (1) compile with -sINITIAL_MEMORY=X with X higher than the current value 16777216, (2) compile with -sALLOW_MEMORY_GROWTH which allows increasing the size at runtime, or (3) if you want malloc to return NULL (0) instead of this abort, compile with -sABORTING_MALLOC=0)
    at abort (/home/test/workspace/openh264/test/encoder_binary_comparison/AllTestData/Adobe_PDF_sample_a_1024x768_50Frms.264/h264enc.js:1031:11)
    at abortOnCannotGrowMemory (/home/test/workspace/openh264/test/encoder_binary_comparison/AllTestData/Adobe_PDF_sample_a_1024x768_50Frms.264/h264enc.js:4914:7)
    at _emscripten_resize_heap (/home/test/workspace/openh264/test/encoder_binary_comparison/AllTestData/Adobe_PDF_sample_a_1024x768_50Frms.264/h264enc.js:4919:7)
    at wasm://wasm/00265406:wasm-function[1133]:0x705f0
    at wasm://wasm/00265406:wasm-function[1121]:0x6e28d
    at wasm://wasm/00265406:wasm-function[775]:0x60eb2
    at wasm://wasm/00265406:wasm-function[357]:0x2e8f3
    at wasm://wasm/00265406:wasm-function[363]:0x2f261
    at wasm://wasm/00265406:wasm-function[555]:0x407f3
    at wasm://wasm/00265406:wasm-function[554]:0x405bd   [0m
[31m    Failed! Adobe_PDF_sample_a_1024x768_50Frms.264_x.yuv Case Index 653:SHA-1(Current--Benchmark): NULL-----3dbabcb9c4a49e5334d2f6296bc253ef853e307b  [0m
[31m            ----YUVSHA1:  NULL,  9aa9a4d9598eb3e1093311826844f37c43e4c521  [0m
[31m           Aborted(Cannot enlarge memory arrays to size 19124224 bytes (OOM). Either (1) compile with -sINITIAL_MEMORY=X with X higher than the current value 16777216, (2) compile with -sALLOW_MEMORY_GROWTH which allows increasing the size at runtime, or (3) if you want malloc to return NULL (0) instead of this abort, compile with -sABORTING_MALLOC=0)
/home/test/workspace/openh264/test/encoder_binary_comparison/AllTestData/Adobe_PDF_sample_a_1024x768_50Frms.264/h264enc.js:167
      throw ex;
      ^

RuntimeError: Aborted(Cannot enlarge memory arrays to size 19124224 bytes (OOM). Either (1) compile with -sINITIAL_MEMORY=X with X higher than the current value 16777216, (2) compile with -sALLOW_MEMORY_GROWTH which allows increasing the size at runtime, or (3) if you want malloc to return NULL (0) instead of this abort, compile with -sABORTING_MALLOC=0)
    at abort (/home/test/workspace/openh264/test/encoder_binary_comparison/AllTestData/Adobe_PDF_sample_a_1024x768_50Frms.264/h264enc.js:1031:11)
    at abortOnCannotGrowMemory (/home/test/workspace/openh264/test/encoder_binary_comparison/AllTestData/Adobe_PDF_sample_a_1024x768_50Frms.264/h264enc.js:4914:7)
    at _emscripten_resize_heap (/home/test/workspace/openh264/test/encoder_binary_comparison/AllTestData/Adobe_PDF_sample_a_1024x768_50Frms.264/h264enc.js:4919:7)
    at wasm://wasm/00265406:wasm-function[1133]:0x705f0
    at wasm://wasm/00265406:wasm-function[1121]:0x6e28d
    at wasm://wasm/00265406:wasm-function[775]:0x60eb2
    at wasm://wasm/00265406:wasm-function[357]:0x2e8f3
    at wasm://wasm/00265406:wasm-function[363]:0x2f261
    at wasm://wasm/00265406:wasm-function[555]:0x407f3
    at wasm://wasm/00265406:wasm-function[554]:0x405bd   [0m
[31m    Failed! Adobe_PDF_sample_a_1024x768_50Frms.264_x.yuv Case Index 654:SHA-1(Current--Benchmark): NULL-----3dbabcb9c4a49e5334d2f6296bc253ef853e307b  [0m
[31m            ----YUVSHA1:  NULL,  9aa9a4d9598eb3e1093311826844f37c43e4c521  [0m
[31m           Aborted(Cannot enlarge memory arrays to size 19124224 bytes (OOM). Either (1) compile with -sINITIAL_MEMORY=X with X higher than the current value 16777216, (2) compile with -sALLOW_MEMORY_GROWTH which allows increasing the size at runtime, or (3) if you want malloc to return NULL (0) instead of this abort, compile with -sABORTING_MALLOC=0)
/home/test/workspace/openh264/test/encoder_binary_comparison/AllTestData/Adobe_PDF_sample_a_1024x768_50Frms.264/h264enc.js:167
      throw ex;
      ^

RuntimeError: Aborted(Cannot enlarge memory arrays to size 19124224 bytes (OOM). Either (1) compile with -sINITIAL_MEMORY=X with X higher than the current value 16777216, (2) compile with -sALLOW_MEMORY_GROWTH which allows increasing the size at runtime, or (3) if you want malloc to return NULL (0) instead of this abort, compile with -sABORTING_MALLOC=0)
    at abort (/home/test/workspace/openh264/test/encoder_binary_comparison/AllTestData/Adobe_PDF_sample_a_1024x768_50Frms.264/h264enc.js:1031:11)
    at abortOnCannotGrowMemory (/home/test/workspace/openh264/test/encoder_binary_comparison/AllTestData/Adobe_PDF_sample_a_1024x768_50Frms.264/h264enc.js:4914:7)
    at _emscripten_resize_heap (/home/test/workspace/openh264/test/encoder_binary_comparison/AllTestData/Adobe_PDF_sample_a_1024x768_50Frms.264/h264enc.js:4919:7)
    at wasm://wasm/00265406:wasm-function[1133]:0x705f0
    at wasm://wasm/00265406:wasm-function[1121]:0x6e28d
    at wasm://wasm/00265406:wasm-function[775]:0x60eb2
    at wasm://wasm/00265406:wasm-function[357]:0x2e8f3
    at wasm://wasm/00265406:wasm-function[363]:0x2f261
    at wasm://wasm/00265406:wasm-function[555]:0x407f3
    at wasm://wasm/00265406:wasm-function[554]:0x405bd   [0m
[31m    Failed! Adobe_PDF_sample_a_1024x768_50Frms.264_x.yuv Case Index 655:SHA-1(Current--Benchmark): NULL-----3dbabcb9c4a49e5334d2f6296bc253ef853e307b  [0m
[31m            ----YUVSHA1:  NULL,  9aa9a4d9598eb3e1093311826844f37c43e4c521  [0m
[31m           Aborted(Cannot enlarge memory arrays to size 19124224 bytes (OOM). Either (1) compile with -sINITIAL_MEMORY=X with X higher than the current value 16777216, (2) compile with -sALLOW_MEMORY_GROWTH which allows increasing the size at runtime, or (3) if you want malloc to return NULL (0) instead of this abort, compile with -sABORTING_MALLOC=0)
/home/test/workspace/openh264/test/encoder_binary_comparison/AllTestData/Adobe_PDF_sample_a_1024x768_50Frms.264/h264enc.js:167
      throw ex;
      ^

RuntimeError: Aborted(Cannot enlarge memory arrays to size 19124224 bytes (OOM). Either (1) compile with -sINITIAL_MEMORY=X with X higher than the current value 16777216, (2) compile with -sALLOW_MEMORY_GROWTH which allows increasing the size at runtime, or (3) if you want malloc to return NULL (0) instead of this abort, compile with -sABORTING_MALLOC=0)
    at abort (/home/test/workspace/openh264/test/encoder_binary_comparison/AllTestData/Adobe_PDF_sample_a_1024x768_50Frms.264/h264enc.js:1031:11)
    at abortOnCannotGrowMemory (/home/test/workspace/openh264/test/encoder_binary_comparison/AllTestData/Adobe_PDF_sample_a_1024x768_50Frms.264/h264enc.js:4914:7)
    at _emscripten_resize_heap (/home/test/workspace/openh264/test/encoder_binary_comparison/AllTestData/Adobe_PDF_sample_a_1024x768_50Frms.264/h264enc.js:4919:7)
    at wasm://wasm/00265406:wasm-function[1133]:0x705f0
    at wasm://wasm/00265406:wasm-function[1121]:0x6e28d
    at wasm://wasm/00265406:wasm-function[775]:0x60eb2
    at wasm://wasm/00265406:wasm-function[357]:0x2e8f3
    at wasm://wasm/00265406:wasm-function[363]:0x2f261
    at wasm://wasm/00265406:wasm-function[555]:0x407f3
    at wasm://wasm/00265406:wasm-function[554]:0x405bd   [0m
[31m    Failed! Adobe_PDF_sample_a_1024x768_50Frms.264_x.yuv Case Index 656:SHA-1(Current--Benchmark): NULL-----42f58468c4c1ee26349c0d00e25d2d32fa44c0d4  [0m
[31m            ----YUVSHA1:  NULL,  9aa9a4d9598eb3e1093311826844f37c43e4c521  [0m
[31m           [OpenH264] this = 0x0x514070, Error:ParamValidationExt(), WARNING: GOM based RC do not support SM_RASTER_SLICE!
Aborted(Cannot enlarge memory arrays to size 19124224 bytes (OOM). Either (1) compile with -sINITIAL_MEMORY=X with X higher than the current value 16777216, (2) compile with -sALLOW_MEMORY_GROWTH which allows increasing the size at runtime, or (3) if you want malloc to return NULL (0) instead of this abort, compile with -sABORTING_MALLOC=0)
/home/test/workspace/openh264/test/encoder_binary_comparison/AllTestData/Adobe_PDF_sample_a_1024x768_50Frms.264/h264enc.js:167
      throw ex;
      ^

RuntimeError: Aborted(Cannot enlarge memory arrays to size 19124224 bytes (OOM). Either (1) compile with -sINITIAL_MEMORY=X with X higher than the current value 16777216, (2) compile with -sALLOW_MEMORY_GROWTH which allows increasing the size at runtime, or (3) if you want malloc to return NULL (0) instead of this abort, compile with -sABORTING_MALLOC=0)
    at abort (/home/test/workspace/openh264/test/encoder_binary_comparison/AllTestData/Adobe_PDF_sample_a_1024x768_50Frms.264/h264enc.js:1031:11)
    at abortOnCannotGrowMemory (/home/test/workspace/openh264/test/encoder_binary_comparison/AllTestData/Adobe_PDF_sample_a_1024x768_50Frms.264/h264enc.js:4914:7)
    at _emscripten_resize_heap (/home/test/workspace/openh264/test/encoder_binary_comparison/AllTestData/Adobe_PDF_sample_a_1024x768_50Frms.264/h264enc.js:4919:7)
    at wasm://wasm/00265406:wasm-function[1133]:0x705f0
    at wasm://wasm/00265406:wasm-function[1121]:0x6e28d
    at wasm://wasm/00265406:wasm-function[775]:0x60eb2
    at wasm://wasm/00265406:wasm-function[357]:0x2e8f3
    at wasm://wasm/00265406:wasm-function[363]:0x2f261
    at wasm://wasm/00265406:wasm-function[555]:0x407f3
    at wasm://wasm/00265406:wasm-function[554]:0x405bd   [0m
[31m    Failed! Adobe_PDF_sample_a_1024x768_50Frms.264_x.yuv Case Index 657:SHA-1(Current--Benchmark): NULL-----42f58468c4c1ee26349c0d00e25d2d32fa44c0d4  [0m
[31m            ----YUVSHA1:  NULL,  9aa9a4d9598eb3e1093311826844f37c43e4c521  [0m
[31m           [OpenH264] this = 0x0x514070, Error:ParamValidationExt(), WARNING: GOM based RC do not support SM_RASTER_SLICE!
Aborted(Cannot enlarge memory arrays to size 19124224 bytes (OOM). Either (1) compile with -sINITIAL_MEMORY=X with X higher than the current value 16777216, (2) compile with -sALLOW_MEMORY_GROWTH which allows increasing the size at runtime, or (3) if you want malloc to return NULL (0) instead of this abort, compile with -sABORTING_MALLOC=0)
/home/test/workspace/openh264/test/encoder_binary_comparison/AllTestData/Adobe_PDF_sample_a_1024x768_50Frms.264/h264enc.js:167
      throw ex;
      ^

RuntimeError: Aborted(Cannot enlarge memory arrays to size 19124224 bytes (OOM). Either (1) compile with -sINITIAL_MEMORY=X with X higher than the current value 16777216, (2) compile with -sALLOW_MEMORY_GROWTH which allows increasing the size at runtime, or (3) if you want malloc to return NULL (0) instead of this abort, compile with -sABORTING_MALLOC=0)
    at abort (/home/test/workspace/openh264/test/encoder_binary_comparison/AllTestData/Adobe_PDF_sample_a_1024x768_50Frms.264/h264enc.js:1031:11)
    at abortOnCannotGrowMemory (/home/test/workspace/openh264/test/encoder_binary_comparison/AllTestData/Adobe_PDF_sample_a_1024x768_50Frms.264/h264enc.js:4914:7)
    at _emscripten_resize_heap (/home/test/workspace/openh264/test/encoder_binary_comparison/AllTestData/Adobe_PDF_sample_a_1024x768_50Frms.264/h264enc.js:4919:7)
    at wasm://wasm/00265406:wasm-function[1133]:0x705f0
    at wasm://wasm/00265406:wasm-function[1121]:0x6e28d
    at wasm://wasm/00265406:wasm-function[775]:0x60eb2
    at wasm://wasm/00265406:wasm-function[357]:0x2e8f3
    at wasm://wasm/00265406:wasm-function[363]:0x2f261
    at wasm://wasm/00265406:wasm-function[555]:0x407f3
    at wasm://wasm/00265406:wasm-function[554]:0x405bd   [0m
[31m    Failed! Adobe_PDF_sample_a_1024x768_50Frms.264_x.yuv Case Index 658:SHA-1(Current--Benchmark): NULL-----42f58468c4c1ee26349c0d00e25d2d32fa44c0d4  [0m
[31m            ----YUVSHA1:  NULL,  9aa9a4d9598eb3e1093311826844f37c43e4c521  [0m
[31m           [OpenH264] this = 0x0x514070, Error:ParamValidationExt(), WARNING: GOM based RC do not support SM_RASTER_SLICE!
Aborted(Cannot enlarge memory arrays to size 19124224 bytes (OOM). Either (1) compile with -sINITIAL_MEMORY=X with X higher than the current value 16777216, (2) compile with -sALLOW_MEMORY_GROWTH which allows increasing the size at runtime, or (3) if you want malloc to return NULL (0) instead of this abort, compile with -sABORTING_MALLOC=0)
/home/test/workspace/openh264/test/encoder_binary_comparison/AllTestData/Adobe_PDF_sample_a_1024x768_50Frms.264/h264enc.js:167
      throw ex;
      ^

RuntimeError: Aborted(Cannot enlarge memory arrays to size 19124224 bytes (OOM). Either (1) compile with -sINITIAL_MEMORY=X with X higher than the current value 16777216, (2) compile with -sALLOW_MEMORY_GROWTH which allows increasing the size at runtime, or (3) if you want malloc to return NULL (0) instead of this abort, compile with -sABORTING_MALLOC=0)
    at abort (/home/test/workspace/openh264/test/encoder_binary_comparison/AllTestData/Adobe_PDF_sample_a_1024x768_50Frms.264/h264enc.js:1031:11)
    at abortOnCannotGrowMemory (/home/test/workspace/openh264/test/encoder_binary_comparison/AllTestData/Adobe_PDF_sample_a_1024x768_50Frms.264/h264enc.js:4914:7)
    at _emscripten_resize_heap (/home/test/workspace/openh264/test/encoder_binary_comparison/AllTestData/Adobe_PDF_sample_a_1024x768_50Frms.264/h264enc.js:4919:7)
    at wasm://wasm/00265406:wasm-function[1133]:0x705f0
    at wasm://wasm/00265406:wasm-function[1121]:0x6e28d
    at wasm://wasm/00265406:wasm-function[775]:0x60eb2
    at wasm://wasm/00265406:wasm-function[357]:0x2e8f3
    at wasm://wasm/00265406:wasm-function[363]:0x2f261
    at wasm://wasm/00265406:wasm-function[555]:0x407f3
    at wasm://wasm/00265406:wasm-function[554]:0x405bd   [0m
[31m    Failed! Adobe_PDF_sample_a_1024x768_50Frms.264_x.yuv Case Index 659:SHA-1(Current--Benchmark): NULL-----42f58468c4c1ee26349c0d00e25d2d32fa44c0d4  [0m
[31m            ----YUVSHA1:  NULL,  9aa9a4d9598eb3e1093311826844f37c43e4c521  [0m
[31m           [OpenH264] this = 0x0x514070, Error:ParamValidationExt(), WARNING: GOM based RC do not support SM_RASTER_SLICE!
Aborted(Cannot enlarge memory arrays to size 19124224 bytes (OOM). Either (1) compile with -sINITIAL_MEMORY=X with X higher than the current value 16777216, (2) compile with -sALLOW_MEMORY_GROWTH which allows increasing the size at runtime, or (3) if you want malloc to return NULL (0) instead of this abort, compile with -sABORTING_MALLOC=0)
/home/test/workspace/openh264/test/encoder_binary_comparison/AllTestData/Adobe_PDF_sample_a_1024x768_50Frms.264/h264enc.js:167
      throw ex;
      ^

RuntimeError: Aborted(Cannot enlarge memory arrays to size 19124224 bytes (OOM). Either (1) compile with -sINITIAL_MEMORY=X with X higher than the current value 16777216, (2) compile with -sALLOW_MEMORY_GROWTH which allows increasing the size at runtime, or (3) if you want malloc to return NULL (0) instead of this abort, compile with -sABORTING_MALLOC=0)
    at abort (/home/test/workspace/openh264/test/encoder_binary_comparison/AllTestData/Adobe_PDF_sample_a_1024x768_50Frms.264/h264enc.js:1031:11)
    at abortOnCannotGrowMemory (/home/test/workspace/openh264/test/encoder_binary_comparison/AllTestData/Adobe_PDF_sample_a_1024x768_50Frms.264/h264enc.js:4914:7)
    at _emscripten_resize_heap (/home/test/workspace/openh264/test/encoder_binary_comparison/AllTestData/Adobe_PDF_sample_a_1024x768_50Frms.264/h264enc.js:4919:7)
    at wasm://wasm/00265406:wasm-function[1133]:0x705f0
    at wasm://wasm/00265406:wasm-function[1121]:0x6e28d
    at wasm://wasm/00265406:wasm-function[775]:0x60eb2
    at wasm://wasm/00265406:wasm-function[357]:0x2e8f3
    at wasm://wasm/00265406:wasm-function[363]:0x2f261
    at wasm://wasm/00265406:wasm-function[555]:0x407f3
    at wasm://wasm/00265406:wasm-function[554]:0x405bd   [0m
[31m    Failed! Adobe_PDF_sample_a_1024x768_50Frms.264_x.yuv Case Index 660:SHA-1(Current--Benchmark): NULL-----42f58468c4c1ee26349c0d00e25d2d32fa44c0d4  [0m
[31m            ----YUVSHA1:  NULL,  9aa9a4d9598eb3e1093311826844f37c43e4c521  [0m
[31m           [OpenH264] this = 0x0x514070, Error:ParamValidationExt(), WARNING: GOM based RC do not support SM_RASTER_SLICE!
Aborted(Cannot enlarge memory arrays to size 19124224 bytes (OOM). Either (1) compile with -sINITIAL_MEMORY=X with X higher than the current value 16777216, (2) compile with -sALLOW_MEMORY_GROWTH which allows increasing the size at runtime, or (3) if you want malloc to return NULL (0) instead of this abort, compile with -sABORTING_MALLOC=0)
/home/test/workspace/openh264/test/encoder_binary_comparison/AllTestData/Adobe_PDF_sample_a_1024x768_50Frms.264/h264enc.js:167
      throw ex;
      ^

RuntimeError: Aborted(Cannot enlarge memory arrays to size 19124224 bytes (OOM). Either (1) compile with -sINITIAL_MEMORY=X with X higher than the current value 16777216, (2) compile with -sALLOW_MEMORY_GROWTH which allows increasing the size at runtime, or (3) if you want malloc to return NULL (0) instead of this abort, compile with -sABORTING_MALLOC=0)
    at abort (/home/test/workspace/openh264/test/encoder_binary_comparison/AllTestData/Adobe_PDF_sample_a_1024x768_50Frms.264/h264enc.js:1031:11)
    at abortOnCannotGrowMemory (/home/test/workspace/openh264/test/encoder_binary_comparison/AllTestData/Adobe_PDF_sample_a_1024x768_50Frms.264/h264enc.js:4914:7)
    at _emscripten_resize_heap (/home/test/workspace/openh264/test/encoder_binary_comparison/AllTestData/Adobe_PDF_sample_a_1024x768_50Frms.264/h264enc.js:4919:7)
    at wasm://wasm/00265406:wasm-function[1133]:0x705f0
    at wasm://wasm/00265406:wasm-function[1121]:0x6e28d
    at wasm://wasm/00265406:wasm-function[775]:0x60eb2
    at wasm://wasm/00265406:wasm-function[357]:0x2e8f3
    at wasm://wasm/00265406:wasm-function[363]:0x2f261
    at wasm://wasm/00265406:wasm-function[555]:0x407f3
    at wasm://wasm/00265406:wasm-function[554]:0x405bd   [0m
[31m    Failed! Adobe_PDF_sample_a_1024x768_50Frms.264_x.yuv Case Index 661:SHA-1(Current--Benchmark): NULL-----42f58468c4c1ee26349c0d00e25d2d32fa44c0d4  [0m
[31m            ----YUVSHA1:  NULL,  9aa9a4d9598eb3e1093311826844f37c43e4c521  [0m
[31m           [OpenH264] this = 0x0x514070, Error:ParamValidationExt(), WARNING: GOM based RC do not support SM_RASTER_SLICE!
Aborted(Cannot enlarge memory arrays to size 19124224 bytes (OOM). Either (1) compile with -sINITIAL_MEMORY=X with X higher than the current value 16777216, (2) compile with -sALLOW_MEMORY_GROWTH which allows increasing the size at runtime, or (3) if you want malloc to return NULL (0) instead of this abort, compile with -sABORTING_MALLOC=0)
/home/test/workspace/openh264/test/encoder_binary_comparison/AllTestData/Adobe_PDF_sample_a_1024x768_50Frms.264/h264enc.js:167
      throw ex;
      ^

RuntimeError: Aborted(Cannot enlarge memory arrays to size 19124224 bytes (OOM). Either (1) compile with -sINITIAL_MEMORY=X with X higher than the current value 16777216, (2) compile with -sALLOW_MEMORY_GROWTH which allows increasing the size at runtime, or (3) if you want malloc to return NULL (0) instead of this abort, compile with -sABORTING_MALLOC=0)
    at abort (/home/test/workspace/openh264/test/encoder_binary_comparison/AllTestData/Adobe_PDF_sample_a_1024x768_50Frms.264/h264enc.js:1031:11)
    at abortOnCannotGrowMemory (/home/test/workspace/openh264/test/encoder_binary_comparison/AllTestData/Adobe_PDF_sample_a_1024x768_50Frms.264/h264enc.js:4914:7)
    at _emscripten_resize_heap (/home/test/workspace/openh264/test/encoder_binary_comparison/AllTestData/Adobe_PDF_sample_a_1024x768_50Frms.264/h264enc.js:4919:7)
    at wasm://wasm/00265406:wasm-function[1133]:0x705f0
    at wasm://wasm/00265406:wasm-function[1121]:0x6e28d
    at wasm://wasm/00265406:wasm-function[775]:0x60eb2
    at wasm://wasm/00265406:wasm-function[357]:0x2e8f3
    at wasm://wasm/00265406:wasm-function[363]:0x2f261
    at wasm://wasm/00265406:wasm-function[555]:0x407f3
    at wasm://wasm/00265406:wasm-function[554]:0x405bd   [0m
[31m    Failed! Adobe_PDF_sample_a_1024x768_50Frms.264_x.yuv Case Index 662:SHA-1(Current--Benchmark): NULL-----42f58468c4c1ee26349c0d00e25d2d32fa44c0d4  [0m
[31m            ----YUVSHA1:  NULL,  9aa9a4d9598eb3e1093311826844f37c43e4c521  [0m
[31m           [OpenH264] this = 0x0x514070, Error:ParamValidationExt(), WARNING: GOM based RC do not support SM_RASTER_SLICE!
Aborted(Cannot enlarge memory arrays to size 19124224 bytes (OOM). Either (1) compile with -sINITIAL_MEMORY=X with X higher than the current value 16777216, (2) compile with -sALLOW_MEMORY_GROWTH which allows increasing the size at runtime, or (3) if you want malloc to return NULL (0) instead of this abort, compile with -sABORTING_MALLOC=0)
/home/test/workspace/openh264/test/encoder_binary_comparison/AllTestData/Adobe_PDF_sample_a_1024x768_50Frms.264/h264enc.js:167
      throw ex;
      ^

RuntimeError: Aborted(Cannot enlarge memory arrays to size 19124224 bytes (OOM). Either (1) compile with -sINITIAL_MEMORY=X with X higher than the current value 16777216, (2) compile with -sALLOW_MEMORY_GROWTH which allows increasing the size at runtime, or (3) if you want malloc to return NULL (0) instead of this abort, compile with -sABORTING_MALLOC=0)
    at abort (/home/test/workspace/openh264/test/encoder_binary_comparison/AllTestData/Adobe_PDF_sample_a_1024x768_50Frms.264/h264enc.js:1031:11)
    at abortOnCannotGrowMemory (/home/test/workspace/openh264/test/encoder_binary_comparison/AllTestData/Adobe_PDF_sample_a_1024x768_50Frms.264/h264enc.js:4914:7)
    at _emscripten_resize_heap (/home/test/workspace/openh264/test/encoder_binary_comparison/AllTestData/Adobe_PDF_sample_a_1024x768_50Frms.264/h264enc.js:4919:7)
    at wasm://wasm/00265406:wasm-function[1133]:0x705f0
    at wasm://wasm/00265406:wasm-function[1121]:0x6e28d
    at wasm://wasm/00265406:wasm-function[775]:0x60eb2
    at wasm://wasm/00265406:wasm-function[357]:0x2e8f3
    at wasm://wasm/00265406:wasm-function[363]:0x2f261
    at wasm://wasm/00265406:wasm-function[555]:0x407f3
    at wasm://wasm/00265406:wasm-function[554]:0x405bd   [0m
[31m    Failed! Adobe_PDF_sample_a_1024x768_50Frms.264_x.yuv Case Index 663:SHA-1(Current--Benchmark): NULL-----42f58468c4c1ee26349c0d00e25d2d32fa44c0d4  [0m
[31m            ----YUVSHA1:  NULL,  9aa9a4d9598eb3e1093311826844f37c43e4c521  [0m
[31m           [OpenH264] this = 0x0x514070, Error:ParamValidationExt(), WARNING: GOM based RC do not support SM_RASTER_SLICE!
Aborted(Cannot enlarge memory arrays to size 19124224 bytes (OOM). Either (1) compile with -sINITIAL_MEMORY=X with X higher than the current value 16777216, (2) compile with -sALLOW_MEMORY_GROWTH which allows increasing the size at runtime, or (3) if you want malloc to return NULL (0) instead of this abort, compile with -sABORTING_MALLOC=0)
/home/test/workspace/openh264/test/encoder_binary_comparison/AllTestData/Adobe_PDF_sample_a_1024x768_50Frms.264/h264enc.js:167
      throw ex;
      ^

RuntimeError: Aborted(Cannot enlarge memory arrays to size 19124224 bytes (OOM). Either (1) compile with -sINITIAL_MEMORY=X with X higher than the current value 16777216, (2) compile with -sALLOW_MEMORY_GROWTH which allows increasing the size at runtime, or (3) if you want malloc to return NULL (0) instead of this abort, compile with -sABORTING_MALLOC=0)
    at abort (/home/test/workspace/openh264/test/encoder_binary_comparison/AllTestData/Adobe_PDF_sample_a_1024x768_50Frms.264/h264enc.js:1031:11)
    at abortOnCannotGrowMemory (/home/test/workspace/openh264/test/encoder_binary_comparison/AllTestData/Adobe_PDF_sample_a_1024x768_50Frms.264/h264enc.js:4914:7)
    at _emscripten_resize_heap (/home/test/workspace/openh264/test/encoder_binary_comparison/AllTestData/Adobe_PDF_sample_a_1024x768_50Frms.264/h264enc.js:4919:7)
    at wasm://wasm/00265406:wasm-function[1133]:0x705f0
    at wasm://wasm/00265406:wasm-function[1121]:0x6e28d
    at wasm://wasm/00265406:wasm-function[775]:0x60eb2
    at wasm://wasm/00265406:wasm-function[357]:0x2e8f3
    at wasm://wasm/00265406:wasm-function[363]:0x2f261
    at wasm://wasm/00265406:wasm-function[555]:0x407f3
    at wasm://wasm/00265406:wasm-function[554]:0x405bd   [0m
[31m    Failed! Adobe_PDF_sample_a_1024x768_50Frms.264_x.yuv Case Index 664:SHA-1(Current--Benchmark): NULL-----42f58468c4c1ee26349c0d00e25d2d32fa44c0d4  [0m
[31m            ----YUVSHA1:  NULL,  9aa9a4d9598eb3e1093311826844f37c43e4c521  [0m
[31m           [OpenH264] this = 0x0x514070, Error:ParamValidationExt(), WARNING: GOM based RC do not support SM_RASTER_SLICE!
Aborted(Cannot enlarge memory arrays to size 19124224 bytes (OOM). Either (1) compile with -sINITIAL_MEMORY=X with X higher than the current value 16777216, (2) compile with -sALLOW_MEMORY_GROWTH which allows increasing the size at runtime, or (3) if you want malloc to return NULL (0) instead of this abort, compile with -sABORTING_MALLOC=0)
/home/test/workspace/openh264/test/encoder_binary_comparison/AllTestData/Adobe_PDF_sample_a_1024x768_50Frms.264/h264enc.js:167
      throw ex;
      ^

RuntimeError: Aborted(Cannot enlarge memory arrays to size 19124224 bytes (OOM). Either (1) compile with -sINITIAL_MEMORY=X with X higher than the current value 16777216, (2) compile with -sALLOW_MEMORY_GROWTH which allows increasing the size at runtime, or (3) if you want malloc to return NULL (0) instead of this abort, compile with -sABORTING_MALLOC=0)
    at abort (/home/test/workspace/openh264/test/encoder_binary_comparison/AllTestData/Adobe_PDF_sample_a_1024x768_50Frms.264/h264enc.js:1031:11)
    at abortOnCannotGrowMemory (/home/test/workspace/openh264/test/encoder_binary_comparison/AllTestData/Adobe_PDF_sample_a_1024x768_50Frms.264/h264enc.js:4914:7)
    at _emscripten_resize_heap (/home/test/workspace/openh264/test/encoder_binary_comparison/AllTestData/Adobe_PDF_sample_a_1024x768_50Frms.264/h264enc.js:4919:7)
    at wasm://wasm/00265406:wasm-function[1133]:0x705f0
    at wasm://wasm/00265406:wasm-function[1121]:0x6e28d
    at wasm://wasm/00265406:wasm-function[775]:0x60eb2
    at wasm://wasm/00265406:wasm-function[357]:0x2e8f3
    at wasm://wasm/00265406:wasm-function[363]:0x2f261
    at wasm://wasm/00265406:wasm-function[555]:0x407f3
    at wasm://wasm/00265406:wasm-function[554]:0x405bd   [0m
[31m    Failed! Adobe_PDF_sample_a_1024x768_50Frms.264_x.yuv Case Index 665:SHA-1(Current--Benchmark): NULL-----42f58468c4c1ee26349c0d00e25d2d32fa44c0d4  [0m
[31m            ----YUVSHA1:  NULL,  9aa9a4d9598eb3e1093311826844f37c43e4c521  [0m
[31m           [OpenH264] this = 0x0x514070, Error:ParamValidationExt(), WARNING: GOM based RC do not support SM_RASTER_SLICE!
Aborted(Cannot enlarge memory arrays to size 19124224 bytes (OOM). Either (1) compile with -sINITIAL_MEMORY=X with X higher than the current value 16777216, (2) compile with -sALLOW_MEMORY_GROWTH which allows increasing the size at runtime, or (3) if you want malloc to return NULL (0) instead of this abort, compile with -sABORTING_MALLOC=0)
/home/test/workspace/openh264/test/encoder_binary_comparison/AllTestData/Adobe_PDF_sample_a_1024x768_50Frms.264/h264enc.js:167
      throw ex;
      ^

RuntimeError: Aborted(Cannot enlarge memory arrays to size 19124224 bytes (OOM). Either (1) compile with -sINITIAL_MEMORY=X with X higher than the current value 16777216, (2) compile with -sALLOW_MEMORY_GROWTH which allows increasing the size at runtime, or (3) if you want malloc to return NULL (0) instead of this abort, compile with -sABORTING_MALLOC=0)
    at abort (/home/test/workspace/openh264/test/encoder_binary_comparison/AllTestData/Adobe_PDF_sample_a_1024x768_50Frms.264/h264enc.js:1031:11)
    at abortOnCannotGrowMemory (/home/test/workspace/openh264/test/encoder_binary_comparison/AllTestData/Adobe_PDF_sample_a_1024x768_50Frms.264/h264enc.js:4914:7)
    at _emscripten_resize_heap (/home/test/workspace/openh264/test/encoder_binary_comparison/AllTestData/Adobe_PDF_sample_a_1024x768_50Frms.264/h264enc.js:4919:7)
    at wasm://wasm/00265406:wasm-function[1133]:0x705f0
    at wasm://wasm/00265406:wasm-function[1121]:0x6e28d
    at wasm://wasm/00265406:wasm-function[775]:0x60eb2
    at wasm://wasm/00265406:wasm-function[357]:0x2e8f3
    at wasm://wasm/00265406:wasm-function[363]:0x2f261
    at wasm://wasm/00265406:wasm-function[555]:0x407f3
    at wasm://wasm/00265406:wasm-function[554]:0x405bd   [0m
[31m    Failed! Adobe_PDF_sample_a_1024x768_50Frms.264_x.yuv Case Index 666:SHA-1(Current--Benchmark): NULL-----42f58468c4c1ee26349c0d00e25d2d32fa44c0d4  [0m
[31m            ----YUVSHA1:  NULL,  9aa9a4d9598eb3e1093311826844f37c43e4c521  [0m
[31m           [OpenH264] this = 0x0x514070, Error:ParamValidationExt(), WARNING: GOM based RC do not support SM_RASTER_SLICE!
Aborted(Cannot enlarge memory arrays to size 19124224 bytes (OOM). Either (1) compile with -sINITIAL_MEMORY=X with X higher than the current value 16777216, (2) compile with -sALLOW_MEMORY_GROWTH which allows increasing the size at runtime, or (3) if you want malloc to return NULL (0) instead of this abort, compile with -sABORTING_MALLOC=0)
/home/test/workspace/openh264/test/encoder_binary_comparison/AllTestData/Adobe_PDF_sample_a_1024x768_50Frms.264/h264enc.js:167
      throw ex;
      ^

RuntimeError: Aborted(Cannot enlarge memory arrays to size 19124224 bytes (OOM). Either (1) compile with -sINITIAL_MEMORY=X with X higher than the current value 16777216, (2) compile with -sALLOW_MEMORY_GROWTH which allows increasing the size at runtime, or (3) if you want malloc to return NULL (0) instead of this abort, compile with -sABORTING_MALLOC=0)
    at abort (/home/test/workspace/openh264/test/encoder_binary_comparison/AllTestData/Adobe_PDF_sample_a_1024x768_50Frms.264/h264enc.js:1031:11)
    at abortOnCannotGrowMemory (/home/test/workspace/openh264/test/encoder_binary_comparison/AllTestData/Adobe_PDF_sample_a_1024x768_50Frms.264/h264enc.js:4914:7)
    at _emscripten_resize_heap (/home/test/workspace/openh264/test/encoder_binary_comparison/AllTestData/Adobe_PDF_sample_a_1024x768_50Frms.264/h264enc.js:4919:7)
    at wasm://wasm/00265406:wasm-function[1133]:0x705f0
    at wasm://wasm/00265406:wasm-function[1121]:0x6e28d
    at wasm://wasm/00265406:wasm-function[775]:0x60eb2
    at wasm://wasm/00265406:wasm-function[357]:0x2e8f3
    at wasm://wasm/00265406:wasm-function[363]:0x2f261
    at wasm://wasm/00265406:wasm-function[555]:0x407f3
    at wasm://wasm/00265406:wasm-function[554]:0x405bd   [0m
[31m    Failed! Adobe_PDF_sample_a_1024x768_50Frms.264_x.yuv Case Index 667:SHA-1(Current--Benchmark): NULL-----42f58468c4c1ee26349c0d00e25d2d32fa44c0d4  [0m
[31m            ----YUVSHA1:  NULL,  9aa9a4d9598eb3e1093311826844f37c43e4c521  [0m
[31m           [OpenH264] this = 0x0x514070, Error:ParamValidationExt(), WARNING: GOM based RC do not support SM_RASTER_SLICE!
Aborted(Cannot enlarge memory arrays to size 19124224 bytes (OOM). Either (1) compile with -sINITIAL_MEMORY=X with X higher than the current value 16777216, (2) compile with -sALLOW_MEMORY_GROWTH which allows increasing the size at runtime, or (3) if you want malloc to return NULL (0) instead of this abort, compile with -sABORTING_MALLOC=0)
/home/test/workspace/openh264/test/encoder_binary_comparison/AllTestData/Adobe_PDF_sample_a_1024x768_50Frms.264/h264enc.js:167
      throw ex;
      ^

RuntimeError: Aborted(Cannot enlarge memory arrays to size 19124224 bytes (OOM). Either (1) compile with -sINITIAL_MEMORY=X with X higher than the current value 16777216, (2) compile with -sALLOW_MEMORY_GROWTH which allows increasing the size at runtime, or (3) if you want malloc to return NULL (0) instead of this abort, compile with -sABORTING_MALLOC=0)
    at abort (/home/test/workspace/openh264/test/encoder_binary_comparison/AllTestData/Adobe_PDF_sample_a_1024x768_50Frms.264/h264enc.js:1031:11)
    at abortOnCannotGrowMemory (/home/test/workspace/openh264/test/encoder_binary_comparison/AllTestData/Adobe_PDF_sample_a_1024x768_50Frms.264/h264enc.js:4914:7)
    at _emscripten_resize_heap (/home/test/workspace/openh264/test/encoder_binary_comparison/AllTestData/Adobe_PDF_sample_a_1024x768_50Frms.264/h264enc.js:4919:7)
    at wasm://wasm/00265406:wasm-function[1133]:0x705f0
    at wasm://wasm/00265406:wasm-function[1121]:0x6e28d
    at wasm://wasm/00265406:wasm-function[775]:0x60eb2
    at wasm://wasm/00265406:wasm-function[357]:0x2e8f3
    at wasm://wasm/00265406:wasm-function[363]:0x2f261
    at wasm://wasm/00265406:wasm-function[555]:0x407f3
    at wasm://wasm/00265406:wasm-function[554]:0x405bd   [0m
[31m    Failed! Adobe_PDF_sample_a_1024x768_50Frms.264_x.yuv Case Index 668:SHA-1(Current--Benchmark): NULL-----42f58468c4c1ee26349c0d00e25d2d32fa44c0d4  [0m
[31m            ----YUVSHA1:  NULL,  9aa9a4d9598eb3e1093311826844f37c43e4c521  [0m
[31m           [OpenH264] this = 0x0x514070, Error:ParamValidationExt(), WARNING: GOM based RC do not support SM_RASTER_SLICE!
Aborted(Cannot enlarge memory arrays to size 19124224 bytes (OOM). Either (1) compile with -sINITIAL_MEMORY=X with X higher than the current value 16777216, (2) compile with -sALLOW_MEMORY_GROWTH which allows increasing the size at runtime, or (3) if you want malloc to return NULL (0) instead of this abort, compile with -sABORTING_MALLOC=0)
/home/test/workspace/openh264/test/encoder_binary_comparison/AllTestData/Adobe_PDF_sample_a_1024x768_50Frms.264/h264enc.js:167
      throw ex;
      ^

RuntimeError: Aborted(Cannot enlarge memory arrays to size 19124224 bytes (OOM). Either (1) compile with -sINITIAL_MEMORY=X with X higher than the current value 16777216, (2) compile with -sALLOW_MEMORY_GROWTH which allows increasing the size at runtime, or (3) if you want malloc to return NULL (0) instead of this abort, compile with -sABORTING_MALLOC=0)
    at abort (/home/test/workspace/openh264/test/encoder_binary_comparison/AllTestData/Adobe_PDF_sample_a_1024x768_50Frms.264/h264enc.js:1031:11)
    at abortOnCannotGrowMemory (/home/test/workspace/openh264/test/encoder_binary_comparison/AllTestData/Adobe_PDF_sample_a_1024x768_50Frms.264/h264enc.js:4914:7)
    at _emscripten_resize_heap (/home/test/workspace/openh264/test/encoder_binary_comparison/AllTestData/Adobe_PDF_sample_a_1024x768_50Frms.264/h264enc.js:4919:7)
    at wasm://wasm/00265406:wasm-function[1133]:0x705f0
    at wasm://wasm/00265406:wasm-function[1121]:0x6e28d
    at wasm://wasm/00265406:wasm-function[775]:0x60eb2
    at wasm://wasm/00265406:wasm-function[357]:0x2e8f3
    at wasm://wasm/00265406:wasm-function[363]:0x2f261
    at wasm://wasm/00265406:wasm-function[555]:0x407f3
    at wasm://wasm/00265406:wasm-function[554]:0x405bd   [0m
[31m    Failed! Adobe_PDF_sample_a_1024x768_50Frms.264_x.yuv Case Index 669:SHA-1(Current--Benchmark): NULL-----42f58468c4c1ee26349c0d00e25d2d32fa44c0d4  [0m
[31m            ----YUVSHA1:  NULL,  9aa9a4d9598eb3e1093311826844f37c43e4c521  [0m
[31m           [OpenH264] this = 0x0x514070, Error:ParamValidationExt(), WARNING: GOM based RC do not support SM_RASTER_SLICE!
Aborted(Cannot enlarge memory arrays to size 19124224 bytes (OOM). Either (1) compile with -sINITIAL_MEMORY=X with X higher than the current value 16777216, (2) compile with -sALLOW_MEMORY_GROWTH which allows increasing the size at runtime, or (3) if you want malloc to return NULL (0) instead of this abort, compile with -sABORTING_MALLOC=0)
/home/test/workspace/openh264/test/encoder_binary_comparison/AllTestData/Adobe_PDF_sample_a_1024x768_50Frms.264/h264enc.js:167
      throw ex;
      ^

RuntimeError: Aborted(Cannot enlarge memory arrays to size 19124224 bytes (OOM). Either (1) compile with -sINITIAL_MEMORY=X with X higher than the current value 16777216, (2) compile with -sALLOW_MEMORY_GROWTH which allows increasing the size at runtime, or (3) if you want malloc to return NULL (0) instead of this abort, compile with -sABORTING_MALLOC=0)
    at abort (/home/test/workspace/openh264/test/encoder_binary_comparison/AllTestData/Adobe_PDF_sample_a_1024x768_50Frms.264/h264enc.js:1031:11)
    at abortOnCannotGrowMemory (/home/test/workspace/openh264/test/encoder_binary_comparison/AllTestData/Adobe_PDF_sample_a_1024x768_50Frms.264/h264enc.js:4914:7)
    at _emscripten_resize_heap (/home/test/workspace/openh264/test/encoder_binary_comparison/AllTestData/Adobe_PDF_sample_a_1024x768_50Frms.264/h264enc.js:4919:7)
    at wasm://wasm/00265406:wasm-function[1133]:0x705f0
    at wasm://wasm/00265406:wasm-function[1121]:0x6e28d
    at wasm://wasm/00265406:wasm-function[775]:0x60eb2
    at wasm://wasm/00265406:wasm-function[357]:0x2e8f3
    at wasm://wasm/00265406:wasm-function[363]:0x2f261
    at wasm://wasm/00265406:wasm-function[555]:0x407f3
    at wasm://wasm/00265406:wasm-function[554]:0x405bd   [0m
[31m    Failed! Adobe_PDF_sample_a_1024x768_50Frms.264_x.yuv Case Index 670:SHA-1(Current--Benchmark): NULL-----42f58468c4c1ee26349c0d00e25d2d32fa44c0d4  [0m
[31m            ----YUVSHA1:  NULL,  9aa9a4d9598eb3e1093311826844f37c43e4c521  [0m
[31m           [OpenH264] this = 0x0x514070, Error:ParamValidationExt(), WARNING: GOM based RC do not support SM_RASTER_SLICE!
Aborted(Cannot enlarge memory arrays to size 19124224 bytes (OOM). Either (1) compile with -sINITIAL_MEMORY=X with X higher than the current value 16777216, (2) compile with -sALLOW_MEMORY_GROWTH which allows increasing the size at runtime, or (3) if you want malloc to return NULL (0) instead of this abort, compile with -sABORTING_MALLOC=0)
/home/test/workspace/openh264/test/encoder_binary_comparison/AllTestData/Adobe_PDF_sample_a_1024x768_50Frms.264/h264enc.js:167
      throw ex;
      ^

RuntimeError: Aborted(Cannot enlarge memory arrays to size 19124224 bytes (OOM). Either (1) compile with -sINITIAL_MEMORY=X with X higher than the current value 16777216, (2) compile with -sALLOW_MEMORY_GROWTH which allows increasing the size at runtime, or (3) if you want malloc to return NULL (0) instead of this abort, compile with -sABORTING_MALLOC=0)
    at abort (/home/test/workspace/openh264/test/encoder_binary_comparison/AllTestData/Adobe_PDF_sample_a_1024x768_50Frms.264/h264enc.js:1031:11)
    at abortOnCannotGrowMemory (/home/test/workspace/openh264/test/encoder_binary_comparison/AllTestData/Adobe_PDF_sample_a_1024x768_50Frms.264/h264enc.js:4914:7)
    at _emscripten_resize_heap (/home/test/workspace/openh264/test/encoder_binary_comparison/AllTestData/Adobe_PDF_sample_a_1024x768_50Frms.264/h264enc.js:4919:7)
    at wasm://wasm/00265406:wasm-function[1133]:0x705f0
    at wasm://wasm/00265406:wasm-function[1121]:0x6e28d
    at wasm://wasm/00265406:wasm-function[775]:0x60eb2
    at wasm://wasm/00265406:wasm-function[357]:0x2e8f3
    at wasm://wasm/00265406:wasm-function[363]:0x2f261
    at wasm://wasm/00265406:wasm-function[555]:0x407f3
    at wasm://wasm/00265406:wasm-function[554]:0x405bd   [0m
[31m    Failed! Adobe_PDF_sample_a_1024x768_50Frms.264_x.yuv Case Index 671:SHA-1(Current--Benchmark): NULL-----42f58468c4c1ee26349c0d00e25d2d32fa44c0d4  [0m
[31m            ----YUVSHA1:  NULL,  9aa9a4d9598eb3e1093311826844f37c43e4c521  [0m
[31m           [OpenH264] this = 0x0x514070, Error:ParamValidationExt(), WARNING: GOM based RC do not support SM_RASTER_SLICE!
Aborted(Cannot enlarge memory arrays to size 19124224 bytes (OOM). Either (1) compile with -sINITIAL_MEMORY=X with X higher than the current value 16777216, (2) compile with -sALLOW_MEMORY_GROWTH which allows increasing the size at runtime, or (3) if you want malloc to return NULL (0) instead of this abort, compile with -sABORTING_MALLOC=0)
/home/test/workspace/openh264/test/encoder_binary_comparison/AllTestData/Adobe_PDF_sample_a_1024x768_50Frms.264/h264enc.js:167
      throw ex;
      ^

RuntimeError: Aborted(Cannot enlarge memory arrays to size 19124224 bytes (OOM). Either (1) compile with -sINITIAL_MEMORY=X with X higher than the current value 16777216, (2) compile with -sALLOW_MEMORY_GROWTH which allows increasing the size at runtime, or (3) if you want malloc to return NULL (0) instead of this abort, compile with -sABORTING_MALLOC=0)
    at abort (/home/test/workspace/openh264/test/encoder_binary_comparison/AllTestData/Adobe_PDF_sample_a_1024x768_50Frms.264/h264enc.js:1031:11)
    at abortOnCannotGrowMemory (/home/test/workspace/openh264/test/encoder_binary_comparison/AllTestData/Adobe_PDF_sample_a_1024x768_50Frms.264/h264enc.js:4914:7)
    at _emscripten_resize_heap (/home/test/workspace/openh264/test/encoder_binary_comparison/AllTestData/Adobe_PDF_sample_a_1024x768_50Frms.264/h264enc.js:4919:7)
    at wasm://wasm/00265406:wasm-function[1133]:0x705f0
    at wasm://wasm/00265406:wasm-function[1121]:0x6e28d
    at wasm://wasm/00265406:wasm-function[775]:0x60eb2
    at wasm://wasm/00265406:wasm-function[357]:0x2e8f3
    at wasm://wasm/00265406:wasm-function[363]:0x2f261
    at wasm://wasm/00265406:wasm-function[555]:0x407f3
    at wasm://wasm/00265406:wasm-function[554]:0x405bd   [0m
[31m    Failed! Adobe_PDF_sample_a_1024x768_50Frms.264_x.yuv Case Index 672:SHA-1(Current--Benchmark): NULL-----42f58468c4c1ee26349c0d00e25d2d32fa44c0d4  [0m
[31m            ----YUVSHA1:  NULL,  9aa9a4d9598eb3e1093311826844f37c43e4c521  [0m
[31m           [OpenH264] this = 0x0x514070, Error:ParamValidationExt(), WARNING: GOM based RC do not support SM_RASTER_SLICE!
Aborted(Cannot enlarge memory arrays to size 19124224 bytes (OOM). Either (1) compile with -sINITIAL_MEMORY=X with X higher than the current value 16777216, (2) compile with -sALLOW_MEMORY_GROWTH which allows increasing the size at runtime, or (3) if you want malloc to return NULL (0) instead of this abort, compile with -sABORTING_MALLOC=0)
/home/test/workspace/openh264/test/encoder_binary_comparison/AllTestData/Adobe_PDF_sample_a_1024x768_50Frms.264/h264enc.js:167
      throw ex;
      ^

RuntimeError: Aborted(Cannot enlarge memory arrays to size 19124224 bytes (OOM). Either (1) compile with -sINITIAL_MEMORY=X with X higher than the current value 16777216, (2) compile with -sALLOW_MEMORY_GROWTH which allows increasing the size at runtime, or (3) if you want malloc to return NULL (0) instead of this abort, compile with -sABORTING_MALLOC=0)
    at abort (/home/test/workspace/openh264/test/encoder_binary_comparison/AllTestData/Adobe_PDF_sample_a_1024x768_50Frms.264/h264enc.js:1031:11)
    at abortOnCannotGrowMemory (/home/test/workspace/openh264/test/encoder_binary_comparison/AllTestData/Adobe_PDF_sample_a_1024x768_50Frms.264/h264enc.js:4914:7)
    at _emscripten_resize_heap (/home/test/workspace/openh264/test/encoder_binary_comparison/AllTestData/Adobe_PDF_sample_a_1024x768_50Frms.264/h264enc.js:4919:7)
    at wasm://wasm/00265406:wasm-function[1133]:0x705f0
    at wasm://wasm/00265406:wasm-function[1121]:0x6e28d
    at wasm://wasm/00265406:wasm-function[775]:0x60eb2
    at wasm://wasm/00265406:wasm-function[357]:0x2e8f3
    at wasm://wasm/00265406:wasm-function[363]:0x2f261
    at wasm://wasm/00265406:wasm-function[555]:0x407f3
    at wasm://wasm/00265406:wasm-function[554]:0x405bd   [0m
[31m    Failed! Adobe_PDF_sample_a_1024x768_50Frms.264_x.yuv Case Index 673:SHA-1(Current--Benchmark): NULL-----42f58468c4c1ee26349c0d00e25d2d32fa44c0d4  [0m
[31m            ----YUVSHA1:  NULL,  9aa9a4d9598eb3e1093311826844f37c43e4c521  [0m
[31m           [OpenH264] this = 0x0x514070, Error:ParamValidationExt(), WARNING: GOM based RC do not support SM_RASTER_SLICE!
Aborted(Cannot enlarge memory arrays to size 19124224 bytes (OOM). Either (1) compile with -sINITIAL_MEMORY=X with X higher than the current value 16777216, (2) compile with -sALLOW_MEMORY_GROWTH which allows increasing the size at runtime, or (3) if you want malloc to return NULL (0) instead of this abort, compile with -sABORTING_MALLOC=0)
/home/test/workspace/openh264/test/encoder_binary_comparison/AllTestData/Adobe_PDF_sample_a_1024x768_50Frms.264/h264enc.js:167
      throw ex;
      ^

RuntimeError: Aborted(Cannot enlarge memory arrays to size 19124224 bytes (OOM). Either (1) compile with -sINITIAL_MEMORY=X with X higher than the current value 16777216, (2) compile with -sALLOW_MEMORY_GROWTH which allows increasing the size at runtime, or (3) if you want malloc to return NULL (0) instead of this abort, compile with -sABORTING_MALLOC=0)
    at abort (/home/test/workspace/openh264/test/encoder_binary_comparison/AllTestData/Adobe_PDF_sample_a_1024x768_50Frms.264/h264enc.js:1031:11)
    at abortOnCannotGrowMemory (/home/test/workspace/openh264/test/encoder_binary_comparison/AllTestData/Adobe_PDF_sample_a_1024x768_50Frms.264/h264enc.js:4914:7)
    at _emscripten_resize_heap (/home/test/workspace/openh264/test/encoder_binary_comparison/AllTestData/Adobe_PDF_sample_a_1024x768_50Frms.264/h264enc.js:4919:7)
    at wasm://wasm/00265406:wasm-function[1133]:0x705f0
    at wasm://wasm/00265406:wasm-function[1121]:0x6e28d
    at wasm://wasm/00265406:wasm-function[775]:0x60eb2
    at wasm://wasm/00265406:wasm-function[357]:0x2e8f3
    at wasm://wasm/00265406:wasm-function[363]:0x2f261
    at wasm://wasm/00265406:wasm-function[555]:0x407f3
    at wasm://wasm/00265406:wasm-function[554]:0x405bd   [0m
[31m    Failed! Adobe_PDF_sample_a_1024x768_50Frms.264_x.yuv Case Index 674:SHA-1(Current--Benchmark): NULL-----42f58468c4c1ee26349c0d00e25d2d32fa44c0d4  [0m
[31m            ----YUVSHA1:  NULL,  9aa9a4d9598eb3e1093311826844f37c43e4c521  [0m
[31m           [OpenH264] this = 0x0x514070, Error:ParamValidationExt(), WARNING: GOM based RC do not support SM_RASTER_SLICE!
Aborted(Cannot enlarge memory arrays to size 19124224 bytes (OOM). Either (1) compile with -sINITIAL_MEMORY=X with X higher than the current value 16777216, (2) compile with -sALLOW_MEMORY_GROWTH which allows increasing the size at runtime, or (3) if you want malloc to return NULL (0) instead of this abort, compile with -sABORTING_MALLOC=0)
/home/test/workspace/openh264/test/encoder_binary_comparison/AllTestData/Adobe_PDF_sample_a_1024x768_50Frms.264/h264enc.js:167
      throw ex;
      ^

RuntimeError: Aborted(Cannot enlarge memory arrays to size 19124224 bytes (OOM). Either (1) compile with -sINITIAL_MEMORY=X with X higher than the current value 16777216, (2) compile with -sALLOW_MEMORY_GROWTH which allows increasing the size at runtime, or (3) if you want malloc to return NULL (0) instead of this abort, compile with -sABORTING_MALLOC=0)
    at abort (/home/test/workspace/openh264/test/encoder_binary_comparison/AllTestData/Adobe_PDF_sample_a_1024x768_50Frms.264/h264enc.js:1031:11)
    at abortOnCannotGrowMemory (/home/test/workspace/openh264/test/encoder_binary_comparison/AllTestData/Adobe_PDF_sample_a_1024x768_50Frms.264/h264enc.js:4914:7)
    at _emscripten_resize_heap (/home/test/workspace/openh264/test/encoder_binary_comparison/AllTestData/Adobe_PDF_sample_a_1024x768_50Frms.264/h264enc.js:4919:7)
    at wasm://wasm/00265406:wasm-function[1133]:0x705f0
    at wasm://wasm/00265406:wasm-function[1121]:0x6e28d
    at wasm://wasm/00265406:wasm-function[775]:0x60eb2
    at wasm://wasm/00265406:wasm-function[357]:0x2e8f3
    at wasm://wasm/00265406:wasm-function[363]:0x2f261
    at wasm://wasm/00265406:wasm-function[555]:0x407f3
    at wasm://wasm/00265406:wasm-function[554]:0x405bd   [0m
[31m    Failed! Adobe_PDF_sample_a_1024x768_50Frms.264_x.yuv Case Index 675:SHA-1(Current--Benchmark): NULL-----42f58468c4c1ee26349c0d00e25d2d32fa44c0d4  [0m
[31m            ----YUVSHA1:  NULL,  9aa9a4d9598eb3e1093311826844f37c43e4c521  [0m
[31m           [OpenH264] this = 0x0x514070, Error:ParamValidationExt(), WARNING: GOM based RC do not support SM_RASTER_SLICE!
Aborted(Cannot enlarge memory arrays to size 19124224 bytes (OOM). Either (1) compile with -sINITIAL_MEMORY=X with X higher than the current value 16777216, (2) compile with -sALLOW_MEMORY_GROWTH which allows increasing the size at runtime, or (3) if you want malloc to return NULL (0) instead of this abort, compile with -sABORTING_MALLOC=0)
/home/test/workspace/openh264/test/encoder_binary_comparison/AllTestData/Adobe_PDF_sample_a_1024x768_50Frms.264/h264enc.js:167
      throw ex;
      ^

RuntimeError: Aborted(Cannot enlarge memory arrays to size 19124224 bytes (OOM). Either (1) compile with -sINITIAL_MEMORY=X with X higher than the current value 16777216, (2) compile with -sALLOW_MEMORY_GROWTH which allows increasing the size at runtime, or (3) if you want malloc to return NULL (0) instead of this abort, compile with -sABORTING_MALLOC=0)
    at abort (/home/test/workspace/openh264/test/encoder_binary_comparison/AllTestData/Adobe_PDF_sample_a_1024x768_50Frms.264/h264enc.js:1031:11)
    at abortOnCannotGrowMemory (/home/test/workspace/openh264/test/encoder_binary_comparison/AllTestData/Adobe_PDF_sample_a_1024x768_50Frms.264/h264enc.js:4914:7)
    at _emscripten_resize_heap (/home/test/workspace/openh264/test/encoder_binary_comparison/AllTestData/Adobe_PDF_sample_a_1024x768_50Frms.264/h264enc.js:4919:7)
    at wasm://wasm/00265406:wasm-function[1133]:0x705f0
    at wasm://wasm/00265406:wasm-function[1121]:0x6e28d
    at wasm://wasm/00265406:wasm-function[775]:0x60eb2
    at wasm://wasm/00265406:wasm-function[357]:0x2e8f3
    at wasm://wasm/00265406:wasm-function[363]:0x2f261
    at wasm://wasm/00265406:wasm-function[555]:0x407f3
    at wasm://wasm/00265406:wasm-function[554]:0x405bd   [0m
[31m    Failed! Adobe_PDF_sample_a_1024x768_50Frms.264_x.yuv Case Index 676:SHA-1(Current--Benchmark): NULL-----42f58468c4c1ee26349c0d00e25d2d32fa44c0d4  [0m
[31m            ----YUVSHA1:  NULL,  9aa9a4d9598eb3e1093311826844f37c43e4c521  [0m
[31m           [OpenH264] this = 0x0x514070, Error:ParamValidationExt(), WARNING: GOM based RC do not support SM_RASTER_SLICE!
Aborted(Cannot enlarge memory arrays to size 19124224 bytes (OOM). Either (1) compile with -sINITIAL_MEMORY=X with X higher than the current value 16777216, (2) compile with -sALLOW_MEMORY_GROWTH which allows increasing the size at runtime, or (3) if you want malloc to return NULL (0) instead of this abort, compile with -sABORTING_MALLOC=0)
/home/test/workspace/openh264/test/encoder_binary_comparison/AllTestData/Adobe_PDF_sample_a_1024x768_50Frms.264/h264enc.js:167
      throw ex;
      ^

RuntimeError: Aborted(Cannot enlarge memory arrays to size 19124224 bytes (OOM). Either (1) compile with -sINITIAL_MEMORY=X with X higher than the current value 16777216, (2) compile with -sALLOW_MEMORY_GROWTH which allows increasing the size at runtime, or (3) if you want malloc to return NULL (0) instead of this abort, compile with -sABORTING_MALLOC=0)
    at abort (/home/test/workspace/openh264/test/encoder_binary_comparison/AllTestData/Adobe_PDF_sample_a_1024x768_50Frms.264/h264enc.js:1031:11)
    at abortOnCannotGrowMemory (/home/test/workspace/openh264/test/encoder_binary_comparison/AllTestData/Adobe_PDF_sample_a_1024x768_50Frms.264/h264enc.js:4914:7)
    at _emscripten_resize_heap (/home/test/workspace/openh264/test/encoder_binary_comparison/AllTestData/Adobe_PDF_sample_a_1024x768_50Frms.264/h264enc.js:4919:7)
    at wasm://wasm/00265406:wasm-function[1133]:0x705f0
    at wasm://wasm/00265406:wasm-function[1121]:0x6e28d
    at wasm://wasm/00265406:wasm-function[775]:0x60eb2
    at wasm://wasm/00265406:wasm-function[357]:0x2e8f3
    at wasm://wasm/00265406:wasm-function[363]:0x2f261
    at wasm://wasm/00265406:wasm-function[555]:0x407f3
    at wasm://wasm/00265406:wasm-function[554]:0x405bd   [0m
[31m    Failed! Adobe_PDF_sample_a_1024x768_50Frms.264_x.yuv Case Index 677:SHA-1(Current--Benchmark): NULL-----42f58468c4c1ee26349c0d00e25d2d32fa44c0d4  [0m
[31m            ----YUVSHA1:  NULL,  9aa9a4d9598eb3e1093311826844f37c43e4c521  [0m
[31m           [OpenH264] this = 0x0x514070, Error:ParamValidationExt(), WARNING: GOM based RC do not support SM_RASTER_SLICE!
Aborted(Cannot enlarge memory arrays to size 19124224 bytes (OOM). Either (1) compile with -sINITIAL_MEMORY=X with X higher than the current value 16777216, (2) compile with -sALLOW_MEMORY_GROWTH which allows increasing the size at runtime, or (3) if you want malloc to return NULL (0) instead of this abort, compile with -sABORTING_MALLOC=0)
/home/test/workspace/openh264/test/encoder_binary_comparison/AllTestData/Adobe_PDF_sample_a_1024x768_50Frms.264/h264enc.js:167
      throw ex;
      ^

RuntimeError: Aborted(Cannot enlarge memory arrays to size 19124224 bytes (OOM). Either (1) compile with -sINITIAL_MEMORY=X with X higher than the current value 16777216, (2) compile with -sALLOW_MEMORY_GROWTH which allows increasing the size at runtime, or (3) if you want malloc to return NULL (0) instead of this abort, compile with -sABORTING_MALLOC=0)
    at abort (/home/test/workspace/openh264/test/encoder_binary_comparison/AllTestData/Adobe_PDF_sample_a_1024x768_50Frms.264/h264enc.js:1031:11)
    at abortOnCannotGrowMemory (/home/test/workspace/openh264/test/encoder_binary_comparison/AllTestData/Adobe_PDF_sample_a_1024x768_50Frms.264/h264enc.js:4914:7)
    at _emscripten_resize_heap (/home/test/workspace/openh264/test/encoder_binary_comparison/AllTestData/Adobe_PDF_sample_a_1024x768_50Frms.264/h264enc.js:4919:7)
    at wasm://wasm/00265406:wasm-function[1133]:0x705f0
    at wasm://wasm/00265406:wasm-function[1121]:0x6e28d
    at wasm://wasm/00265406:wasm-function[775]:0x60eb2
    at wasm://wasm/00265406:wasm-function[357]:0x2e8f3
    at wasm://wasm/00265406:wasm-function[363]:0x2f261
    at wasm://wasm/00265406:wasm-function[555]:0x407f3
    at wasm://wasm/00265406:wasm-function[554]:0x405bd   [0m
[31m    Failed! Adobe_PDF_sample_a_1024x768_50Frms.264_x.yuv Case Index 678:SHA-1(Current--Benchmark): NULL-----42f58468c4c1ee26349c0d00e25d2d32fa44c0d4  [0m
[31m            ----YUVSHA1:  NULL,  9aa9a4d9598eb3e1093311826844f37c43e4c521  [0m
[31m           [OpenH264] this = 0x0x514070, Error:ParamValidationExt(), WARNING: GOM based RC do not support SM_RASTER_SLICE!
Aborted(Cannot enlarge memory arrays to size 19124224 bytes (OOM). Either (1) compile with -sINITIAL_MEMORY=X with X higher than the current value 16777216, (2) compile with -sALLOW_MEMORY_GROWTH which allows increasing the size at runtime, or (3) if you want malloc to return NULL (0) instead of this abort, compile with -sABORTING_MALLOC=0)
/home/test/workspace/openh264/test/encoder_binary_comparison/AllTestData/Adobe_PDF_sample_a_1024x768_50Frms.264/h264enc.js:167
      throw ex;
      ^

RuntimeError: Aborted(Cannot enlarge memory arrays to size 19124224 bytes (OOM). Either (1) compile with -sINITIAL_MEMORY=X with X higher than the current value 16777216, (2) compile with -sALLOW_MEMORY_GROWTH which allows increasing the size at runtime, or (3) if you want malloc to return NULL (0) instead of this abort, compile with -sABORTING_MALLOC=0)
    at abort (/home/test/workspace/openh264/test/encoder_binary_comparison/AllTestData/Adobe_PDF_sample_a_1024x768_50Frms.264/h264enc.js:1031:11)
    at abortOnCannotGrowMemory (/home/test/workspace/openh264/test/encoder_binary_comparison/AllTestData/Adobe_PDF_sample_a_1024x768_50Frms.264/h264enc.js:4914:7)
    at _emscripten_resize_heap (/home/test/workspace/openh264/test/encoder_binary_comparison/AllTestData/Adobe_PDF_sample_a_1024x768_50Frms.264/h264enc.js:4919:7)
    at wasm://wasm/00265406:wasm-function[1133]:0x705f0
    at wasm://wasm/00265406:wasm-function[1121]:0x6e28d
    at wasm://wasm/00265406:wasm-function[775]:0x60eb2
    at wasm://wasm/00265406:wasm-function[357]:0x2e8f3
    at wasm://wasm/00265406:wasm-function[363]:0x2f261
    at wasm://wasm/00265406:wasm-function[555]:0x407f3
    at wasm://wasm/00265406:wasm-function[554]:0x405bd   [0m
[31m    Failed! Adobe_PDF_sample_a_1024x768_50Frms.264_x.yuv Case Index 679:SHA-1(Current--Benchmark): NULL-----42f58468c4c1ee26349c0d00e25d2d32fa44c0d4  [0m
[31m            ----YUVSHA1:  NULL,  9aa9a4d9598eb3e1093311826844f37c43e4c521  [0m
[31m           [OpenH264] this = 0x0x514070, Error:ParamValidationExt(), WARNING: GOM based RC do not support SM_RASTER_SLICE!
Aborted(Cannot enlarge memory arrays to size 19124224 bytes (OOM). Either (1) compile with -sINITIAL_MEMORY=X with X higher than the current value 16777216, (2) compile with -sALLOW_MEMORY_GROWTH which allows increasing the size at runtime, or (3) if you want malloc to return NULL (0) instead of this abort, compile with -sABORTING_MALLOC=0)
/home/test/workspace/openh264/test/encoder_binary_comparison/AllTestData/Adobe_PDF_sample_a_1024x768_50Frms.264/h264enc.js:167
      throw ex;
      ^

RuntimeError: Aborted(Cannot enlarge memory arrays to size 19124224 bytes (OOM). Either (1) compile with -sINITIAL_MEMORY=X with X higher than the current value 16777216, (2) compile with -sALLOW_MEMORY_GROWTH which allows increasing the size at runtime, or (3) if you want malloc to return NULL (0) instead of this abort, compile with -sABORTING_MALLOC=0)
    at abort (/home/test/workspace/openh264/test/encoder_binary_comparison/AllTestData/Adobe_PDF_sample_a_1024x768_50Frms.264/h264enc.js:1031:11)
    at abortOnCannotGrowMemory (/home/test/workspace/openh264/test/encoder_binary_comparison/AllTestData/Adobe_PDF_sample_a_1024x768_50Frms.264/h264enc.js:4914:7)
    at _emscripten_resize_heap (/home/test/workspace/openh264/test/encoder_binary_comparison/AllTestData/Adobe_PDF_sample_a_1024x768_50Frms.264/h264enc.js:4919:7)
    at wasm://wasm/00265406:wasm-function[1133]:0x705f0
    at wasm://wasm/00265406:wasm-function[1121]:0x6e28d
    at wasm://wasm/00265406:wasm-function[775]:0x60eb2
    at wasm://wasm/00265406:wasm-function[357]:0x2e8f3
    at wasm://wasm/00265406:wasm-function[363]:0x2f261
    at wasm://wasm/00265406:wasm-function[555]:0x407f3
    at wasm://wasm/00265406:wasm-function[554]:0x405bd   [0m
[31m    Failed! Adobe_PDF_sample_a_1024x768_50Frms.264_x.yuv Case Index 680:SHA-1(Current--Benchmark): NULL-----42f58468c4c1ee26349c0d00e25d2d32fa44c0d4  [0m
[31m            ----YUVSHA1:  NULL,  9aa9a4d9598eb3e1093311826844f37c43e4c521  [0m
[31m           [OpenH264] this = 0x0x514070, Error:ParamValidationExt(), WARNING: GOM based RC do not support SM_RASTER_SLICE!
Aborted(Cannot enlarge memory arrays to size 19124224 bytes (OOM). Either (1) compile with -sINITIAL_MEMORY=X with X higher than the current value 16777216, (2) compile with -sALLOW_MEMORY_GROWTH which allows increasing the size at runtime, or (3) if you want malloc to return NULL (0) instead of this abort, compile with -sABORTING_MALLOC=0)
/home/test/workspace/openh264/test/encoder_binary_comparison/AllTestData/Adobe_PDF_sample_a_1024x768_50Frms.264/h264enc.js:167
      throw ex;
      ^

RuntimeError: Aborted(Cannot enlarge memory arrays to size 19124224 bytes (OOM). Either (1) compile with -sINITIAL_MEMORY=X with X higher than the current value 16777216, (2) compile with -sALLOW_MEMORY_GROWTH which allows increasing the size at runtime, or (3) if you want malloc to return NULL (0) instead of this abort, compile with -sABORTING_MALLOC=0)
    at abort (/home/test/workspace/openh264/test/encoder_binary_comparison/AllTestData/Adobe_PDF_sample_a_1024x768_50Frms.264/h264enc.js:1031:11)
    at abortOnCannotGrowMemory (/home/test/workspace/openh264/test/encoder_binary_comparison/AllTestData/Adobe_PDF_sample_a_1024x768_50Frms.264/h264enc.js:4914:7)
    at _emscripten_resize_heap (/home/test/workspace/openh264/test/encoder_binary_comparison/AllTestData/Adobe_PDF_sample_a_1024x768_50Frms.264/h264enc.js:4919:7)
    at wasm://wasm/00265406:wasm-function[1133]:0x705f0
    at wasm://wasm/00265406:wasm-function[1121]:0x6e28d
    at wasm://wasm/00265406:wasm-function[775]:0x60eb2
    at wasm://wasm/00265406:wasm-function[357]:0x2e8f3
    at wasm://wasm/00265406:wasm-function[363]:0x2f261
    at wasm://wasm/00265406:wasm-function[555]:0x407f3
    at wasm://wasm/00265406:wasm-function[554]:0x405bd   [0m
[31m    Failed! Adobe_PDF_sample_a_1024x768_50Frms.264_x.yuv Case Index 681:SHA-1(Current--Benchmark): NULL-----42f58468c4c1ee26349c0d00e25d2d32fa44c0d4  [0m
[31m            ----YUVSHA1:  NULL,  9aa9a4d9598eb3e1093311826844f37c43e4c521  [0m
[31m           [OpenH264] this = 0x0x514070, Error:ParamValidationExt(), WARNING: GOM based RC do not support SM_RASTER_SLICE!
Aborted(Cannot enlarge memory arrays to size 19124224 bytes (OOM). Either (1) compile with -sINITIAL_MEMORY=X with X higher than the current value 16777216, (2) compile with -sALLOW_MEMORY_GROWTH which allows increasing the size at runtime, or (3) if you want malloc to return NULL (0) instead of this abort, compile with -sABORTING_MALLOC=0)
/home/test/workspace/openh264/test/encoder_binary_comparison/AllTestData/Adobe_PDF_sample_a_1024x768_50Frms.264/h264enc.js:167
      throw ex;
      ^

RuntimeError: Aborted(Cannot enlarge memory arrays to size 19124224 bytes (OOM). Either (1) compile with -sINITIAL_MEMORY=X with X higher than the current value 16777216, (2) compile with -sALLOW_MEMORY_GROWTH which allows increasing the size at runtime, or (3) if you want malloc to return NULL (0) instead of this abort, compile with -sABORTING_MALLOC=0)
    at abort (/home/test/workspace/openh264/test/encoder_binary_comparison/AllTestData/Adobe_PDF_sample_a_1024x768_50Frms.264/h264enc.js:1031:11)
    at abortOnCannotGrowMemory (/home/test/workspace/openh264/test/encoder_binary_comparison/AllTestData/Adobe_PDF_sample_a_1024x768_50Frms.264/h264enc.js:4914:7)
    at _emscripten_resize_heap (/home/test/workspace/openh264/test/encoder_binary_comparison/AllTestData/Adobe_PDF_sample_a_1024x768_50Frms.264/h264enc.js:4919:7)
    at wasm://wasm/00265406:wasm-function[1133]:0x705f0
    at wasm://wasm/00265406:wasm-function[1121]:0x6e28d
    at wasm://wasm/00265406:wasm-function[775]:0x60eb2
    at wasm://wasm/00265406:wasm-function[357]:0x2e8f3
    at wasm://wasm/00265406:wasm-function[363]:0x2f261
    at wasm://wasm/00265406:wasm-function[555]:0x407f3
    at wasm://wasm/00265406:wasm-function[554]:0x405bd   [0m
[31m    Failed! Adobe_PDF_sample_a_1024x768_50Frms.264_x.yuv Case Index 682:SHA-1(Current--Benchmark): NULL-----42f58468c4c1ee26349c0d00e25d2d32fa44c0d4  [0m
[31m            ----YUVSHA1:  NULL,  9aa9a4d9598eb3e1093311826844f37c43e4c521  [0m
[31m           [OpenH264] this = 0x0x514070, Error:ParamValidationExt(), WARNING: GOM based RC do not support SM_RASTER_SLICE!
Aborted(Cannot enlarge memory arrays to size 19124224 bytes (OOM). Either (1) compile with -sINITIAL_MEMORY=X with X higher than the current value 16777216, (2) compile with -sALLOW_MEMORY_GROWTH which allows increasing the size at runtime, or (3) if you want malloc to return NULL (0) instead of this abort, compile with -sABORTING_MALLOC=0)
/home/test/workspace/openh264/test/encoder_binary_comparison/AllTestData/Adobe_PDF_sample_a_1024x768_50Frms.264/h264enc.js:167
      throw ex;
      ^

RuntimeError: Aborted(Cannot enlarge memory arrays to size 19124224 bytes (OOM). Either (1) compile with -sINITIAL_MEMORY=X with X higher than the current value 16777216, (2) compile with -sALLOW_MEMORY_GROWTH which allows increasing the size at runtime, or (3) if you want malloc to return NULL (0) instead of this abort, compile with -sABORTING_MALLOC=0)
    at abort (/home/test/workspace/openh264/test/encoder_binary_comparison/AllTestData/Adobe_PDF_sample_a_1024x768_50Frms.264/h264enc.js:1031:11)
    at abortOnCannotGrowMemory (/home/test/workspace/openh264/test/encoder_binary_comparison/AllTestData/Adobe_PDF_sample_a_1024x768_50Frms.264/h264enc.js:4914:7)
    at _emscripten_resize_heap (/home/test/workspace/openh264/test/encoder_binary_comparison/AllTestData/Adobe_PDF_sample_a_1024x768_50Frms.264/h264enc.js:4919:7)
    at wasm://wasm/00265406:wasm-function[1133]:0x705f0
    at wasm://wasm/00265406:wasm-function[1121]:0x6e28d
    at wasm://wasm/00265406:wasm-function[775]:0x60eb2
    at wasm://wasm/00265406:wasm-function[357]:0x2e8f3
    at wasm://wasm/00265406:wasm-function[363]:0x2f261
    at wasm://wasm/00265406:wasm-function[555]:0x407f3
    at wasm://wasm/00265406:wasm-function[554]:0x405bd   [0m
[31m    Failed! Adobe_PDF_sample_a_1024x768_50Frms.264_x.yuv Case Index 683:SHA-1(Current--Benchmark): NULL-----42f58468c4c1ee26349c0d00e25d2d32fa44c0d4  [0m
[31m            ----YUVSHA1:  NULL,  9aa9a4d9598eb3e1093311826844f37c43e4c521  [0m
[31m           [OpenH264] this = 0x0x514070, Error:ParamValidationExt(), WARNING: GOM based RC do not support SM_RASTER_SLICE!
Aborted(Cannot enlarge memory arrays to size 19124224 bytes (OOM). Either (1) compile with -sINITIAL_MEMORY=X with X higher than the current value 16777216, (2) compile with -sALLOW_MEMORY_GROWTH which allows increasing the size at runtime, or (3) if you want malloc to return NULL (0) instead of this abort, compile with -sABORTING_MALLOC=0)
/home/test/workspace/openh264/test/encoder_binary_comparison/AllTestData/Adobe_PDF_sample_a_1024x768_50Frms.264/h264enc.js:167
      throw ex;
      ^

RuntimeError: Aborted(Cannot enlarge memory arrays to size 19124224 bytes (OOM). Either (1) compile with -sINITIAL_MEMORY=X with X higher than the current value 16777216, (2) compile with -sALLOW_MEMORY_GROWTH which allows increasing the size at runtime, or (3) if you want malloc to return NULL (0) instead of this abort, compile with -sABORTING_MALLOC=0)
    at abort (/home/test/workspace/openh264/test/encoder_binary_comparison/AllTestData/Adobe_PDF_sample_a_1024x768_50Frms.264/h264enc.js:1031:11)
    at abortOnCannotGrowMemory (/home/test/workspace/openh264/test/encoder_binary_comparison/AllTestData/Adobe_PDF_sample_a_1024x768_50Frms.264/h264enc.js:4914:7)
    at _emscripten_resize_heap (/home/test/workspace/openh264/test/encoder_binary_comparison/AllTestData/Adobe_PDF_sample_a_1024x768_50Frms.264/h264enc.js:4919:7)
    at wasm://wasm/00265406:wasm-function[1133]:0x705f0
    at wasm://wasm/00265406:wasm-function[1121]:0x6e28d
    at wasm://wasm/00265406:wasm-function[775]:0x60eb2
    at wasm://wasm/00265406:wasm-function[357]:0x2e8f3
    at wasm://wasm/00265406:wasm-function[363]:0x2f261
    at wasm://wasm/00265406:wasm-function[555]:0x407f3
    at wasm://wasm/00265406:wasm-function[554]:0x405bd   [0m
[31m    Failed! Adobe_PDF_sample_a_1024x768_50Frms.264_x.yuv Case Index 684:SHA-1(Current--Benchmark): NULL-----42f58468c4c1ee26349c0d00e25d2d32fa44c0d4  [0m
[31m            ----YUVSHA1:  NULL,  9aa9a4d9598eb3e1093311826844f37c43e4c521  [0m
[31m           [OpenH264] this = 0x0x514070, Error:ParamValidationExt(), WARNING: GOM based RC do not support SM_RASTER_SLICE!
Aborted(Cannot enlarge memory arrays to size 19124224 bytes (OOM). Either (1) compile with -sINITIAL_MEMORY=X with X higher than the current value 16777216, (2) compile with -sALLOW_MEMORY_GROWTH which allows increasing the size at runtime, or (3) if you want malloc to return NULL (0) instead of this abort, compile with -sABORTING_MALLOC=0)
/home/test/workspace/openh264/test/encoder_binary_comparison/AllTestData/Adobe_PDF_sample_a_1024x768_50Frms.264/h264enc.js:167
      throw ex;
      ^

RuntimeError: Aborted(Cannot enlarge memory arrays to size 19124224 bytes (OOM). Either (1) compile with -sINITIAL_MEMORY=X with X higher than the current value 16777216, (2) compile with -sALLOW_MEMORY_GROWTH which allows increasing the size at runtime, or (3) if you want malloc to return NULL (0) instead of this abort, compile with -sABORTING_MALLOC=0)
    at abort (/home/test/workspace/openh264/test/encoder_binary_comparison/AllTestData/Adobe_PDF_sample_a_1024x768_50Frms.264/h264enc.js:1031:11)
    at abortOnCannotGrowMemory (/home/test/workspace/openh264/test/encoder_binary_comparison/AllTestData/Adobe_PDF_sample_a_1024x768_50Frms.264/h264enc.js:4914:7)
    at _emscripten_resize_heap (/home/test/workspace/openh264/test/encoder_binary_comparison/AllTestData/Adobe_PDF_sample_a_1024x768_50Frms.264/h264enc.js:4919:7)
    at wasm://wasm/00265406:wasm-function[1133]:0x705f0
    at wasm://wasm/00265406:wasm-function[1121]:0x6e28d
    at wasm://wasm/00265406:wasm-function[775]:0x60eb2
    at wasm://wasm/00265406:wasm-function[357]:0x2e8f3
    at wasm://wasm/00265406:wasm-function[363]:0x2f261
    at wasm://wasm/00265406:wasm-function[555]:0x407f3
    at wasm://wasm/00265406:wasm-function[554]:0x405bd   [0m
[31m    Failed! Adobe_PDF_sample_a_1024x768_50Frms.264_x.yuv Case Index 685:SHA-1(Current--Benchmark): NULL-----42f58468c4c1ee26349c0d00e25d2d32fa44c0d4  [0m
[31m            ----YUVSHA1:  NULL,  9aa9a4d9598eb3e1093311826844f37c43e4c521  [0m
[31m           [OpenH264] this = 0x0x514070, Error:ParamValidationExt(), WARNING: GOM based RC do not support SM_RASTER_SLICE!
Aborted(Cannot enlarge memory arrays to size 19124224 bytes (OOM). Either (1) compile with -sINITIAL_MEMORY=X with X higher than the current value 16777216, (2) compile with -sALLOW_MEMORY_GROWTH which allows increasing the size at runtime, or (3) if you want malloc to return NULL (0) instead of this abort, compile with -sABORTING_MALLOC=0)
/home/test/workspace/openh264/test/encoder_binary_comparison/AllTestData/Adobe_PDF_sample_a_1024x768_50Frms.264/h264enc.js:167
      throw ex;
      ^

RuntimeError: Aborted(Cannot enlarge memory arrays to size 19124224 bytes (OOM). Either (1) compile with -sINITIAL_MEMORY=X with X higher than the current value 16777216, (2) compile with -sALLOW_MEMORY_GROWTH which allows increasing the size at runtime, or (3) if you want malloc to return NULL (0) instead of this abort, compile with -sABORTING_MALLOC=0)
    at abort (/home/test/workspace/openh264/test/encoder_binary_comparison/AllTestData/Adobe_PDF_sample_a_1024x768_50Frms.264/h264enc.js:1031:11)
    at abortOnCannotGrowMemory (/home/test/workspace/openh264/test/encoder_binary_comparison/AllTestData/Adobe_PDF_sample_a_1024x768_50Frms.264/h264enc.js:4914:7)
    at _emscripten_resize_heap (/home/test/workspace/openh264/test/encoder_binary_comparison/AllTestData/Adobe_PDF_sample_a_1024x768_50Frms.264/h264enc.js:4919:7)
    at wasm://wasm/00265406:wasm-function[1133]:0x705f0
    at wasm://wasm/00265406:wasm-function[1121]:0x6e28d
    at wasm://wasm/00265406:wasm-function[775]:0x60eb2
    at wasm://wasm/00265406:wasm-function[357]:0x2e8f3
    at wasm://wasm/00265406:wasm-function[363]:0x2f261
    at wasm://wasm/00265406:wasm-function[555]:0x407f3
    at wasm://wasm/00265406:wasm-function[554]:0x405bd   [0m
[31m    Failed! Adobe_PDF_sample_a_1024x768_50Frms.264_x.yuv Case Index 686:SHA-1(Current--Benchmark): NULL-----42f58468c4c1ee26349c0d00e25d2d32fa44c0d4  [0m
[31m            ----YUVSHA1:  NULL,  9aa9a4d9598eb3e1093311826844f37c43e4c521  [0m
[31m           [OpenH264] this = 0x0x514070, Error:ParamValidationExt(), WARNING: GOM based RC do not support SM_RASTER_SLICE!
Aborted(Cannot enlarge memory arrays to size 19124224 bytes (OOM). Either (1) compile with -sINITIAL_MEMORY=X with X higher than the current value 16777216, (2) compile with -sALLOW_MEMORY_GROWTH which allows increasing the size at runtime, or (3) if you want malloc to return NULL (0) instead of this abort, compile with -sABORTING_MALLOC=0)
/home/test/workspace/openh264/test/encoder_binary_comparison/AllTestData/Adobe_PDF_sample_a_1024x768_50Frms.264/h264enc.js:167
      throw ex;
      ^

RuntimeError: Aborted(Cannot enlarge memory arrays to size 19124224 bytes (OOM). Either (1) compile with -sINITIAL_MEMORY=X with X higher than the current value 16777216, (2) compile with -sALLOW_MEMORY_GROWTH which allows increasing the size at runtime, or (3) if you want malloc to return NULL (0) instead of this abort, compile with -sABORTING_MALLOC=0)
    at abort (/home/test/workspace/openh264/test/encoder_binary_comparison/AllTestData/Adobe_PDF_sample_a_1024x768_50Frms.264/h264enc.js:1031:11)
    at abortOnCannotGrowMemory (/home/test/workspace/openh264/test/encoder_binary_comparison/AllTestData/Adobe_PDF_sample_a_1024x768_50Frms.264/h264enc.js:4914:7)
    at _emscripten_resize_heap (/home/test/workspace/openh264/test/encoder_binary_comparison/AllTestData/Adobe_PDF_sample_a_1024x768_50Frms.264/h264enc.js:4919:7)
    at wasm://wasm/00265406:wasm-function[1133]:0x705f0
    at wasm://wasm/00265406:wasm-function[1121]:0x6e28d
    at wasm://wasm/00265406:wasm-function[775]:0x60eb2
    at wasm://wasm/00265406:wasm-function[357]:0x2e8f3
    at wasm://wasm/00265406:wasm-function[363]:0x2f261
    at wasm://wasm/00265406:wasm-function[555]:0x407f3
    at wasm://wasm/00265406:wasm-function[554]:0x405bd   [0m
[31m    Failed! Adobe_PDF_sample_a_1024x768_50Frms.264_x.yuv Case Index 687:SHA-1(Current--Benchmark): NULL-----42f58468c4c1ee26349c0d00e25d2d32fa44c0d4  [0m
[31m            ----YUVSHA1:  NULL,  9aa9a4d9598eb3e1093311826844f37c43e4c521  [0m
[31m           [OpenH264] this = 0x0x514070, Error:ParamValidationExt(), WARNING: GOM based RC do not support SM_RASTER_SLICE!
Aborted(Cannot enlarge memory arrays to size 19124224 bytes (OOM). Either (1) compile with -sINITIAL_MEMORY=X with X higher than the current value 16777216, (2) compile with -sALLOW_MEMORY_GROWTH which allows increasing the size at runtime, or (3) if you want malloc to return NULL (0) instead of this abort, compile with -sABORTING_MALLOC=0)
/home/test/workspace/openh264/test/encoder_binary_comparison/AllTestData/Adobe_PDF_sample_a_1024x768_50Frms.264/h264enc.js:167
      throw ex;
      ^

RuntimeError: Aborted(Cannot enlarge memory arrays to size 19124224 bytes (OOM). Either (1) compile with -sINITIAL_MEMORY=X with X higher than the current value 16777216, (2) compile with -sALLOW_MEMORY_GROWTH which allows increasing the size at runtime, or (3) if you want malloc to return NULL (0) instead of this abort, compile with -sABORTING_MALLOC=0)
    at abort (/home/test/workspace/openh264/test/encoder_binary_comparison/AllTestData/Adobe_PDF_sample_a_1024x768_50Frms.264/h264enc.js:1031:11)
    at abortOnCannotGrowMemory (/home/test/workspace/openh264/test/encoder_binary_comparison/AllTestData/Adobe_PDF_sample_a_1024x768_50Frms.264/h264enc.js:4914:7)
    at _emscripten_resize_heap (/home/test/workspace/openh264/test/encoder_binary_comparison/AllTestData/Adobe_PDF_sample_a_1024x768_50Frms.264/h264enc.js:4919:7)
    at wasm://wasm/00265406:wasm-function[1133]:0x705f0
    at wasm://wasm/00265406:wasm-function[1121]:0x6e28d
    at wasm://wasm/00265406:wasm-function[775]:0x60eb2
    at wasm://wasm/00265406:wasm-function[357]:0x2e8f3
    at wasm://wasm/00265406:wasm-function[363]:0x2f261
    at wasm://wasm/00265406:wasm-function[555]:0x407f3
    at wasm://wasm/00265406:wasm-function[554]:0x405bd   [0m
[31m    Failed! Adobe_PDF_sample_a_1024x768_50Frms.264_x.yuv Case Index 688:SHA-1(Current--Benchmark): NULL-----27c71e2922b1cbbc574cf5e31b5f450954bb36d8  [0m
[31m            ----YUVSHA1:  NULL,  9aa9a4d9598eb3e1093311826844f37c43e4c521  [0m
[31m           Aborted(Cannot enlarge memory arrays to size 19128320 bytes (OOM). Either (1) compile with -sINITIAL_MEMORY=X with X higher than the current value 16777216, (2) compile with -sALLOW_MEMORY_GROWTH which allows increasing the size at runtime, or (3) if you want malloc to return NULL (0) instead of this abort, compile with -sABORTING_MALLOC=0)
/home/test/workspace/openh264/test/encoder_binary_comparison/AllTestData/Adobe_PDF_sample_a_1024x768_50Frms.264/h264enc.js:167
      throw ex;
      ^

RuntimeError: Aborted(Cannot enlarge memory arrays to size 19128320 bytes (OOM). Either (1) compile with -sINITIAL_MEMORY=X with X higher than the current value 16777216, (2) compile with -sALLOW_MEMORY_GROWTH which allows increasing the size at runtime, or (3) if you want malloc to return NULL (0) instead of this abort, compile with -sABORTING_MALLOC=0)
    at abort (/home/test/workspace/openh264/test/encoder_binary_comparison/AllTestData/Adobe_PDF_sample_a_1024x768_50Frms.264/h264enc.js:1031:11)
    at abortOnCannotGrowMemory (/home/test/workspace/openh264/test/encoder_binary_comparison/AllTestData/Adobe_PDF_sample_a_1024x768_50Frms.264/h264enc.js:4914:7)
    at _emscripten_resize_heap (/home/test/workspace/openh264/test/encoder_binary_comparison/AllTestData/Adobe_PDF_sample_a_1024x768_50Frms.264/h264enc.js:4919:7)
    at wasm://wasm/00265406:wasm-function[1133]:0x705f0
    at wasm://wasm/00265406:wasm-function[1121]:0x6e28d
    at wasm://wasm/00265406:wasm-function[775]:0x60eb2
    at wasm://wasm/00265406:wasm-function[357]:0x2e8f3
    at wasm://wasm/00265406:wasm-function[363]:0x2f261
    at wasm://wasm/00265406:wasm-function[555]:0x407f3
    at wasm://wasm/00265406:wasm-function[554]:0x405bd   [0m
[31m    Failed! Adobe_PDF_sample_a_1024x768_50Frms.264_x.yuv Case Index 689:SHA-1(Current--Benchmark): NULL-----27c71e2922b1cbbc574cf5e31b5f450954bb36d8  [0m
[31m            ----YUVSHA1:  NULL,  9aa9a4d9598eb3e1093311826844f37c43e4c521  [0m
[31m           Aborted(Cannot enlarge memory arrays to size 19128320 bytes (OOM). Either (1) compile with -sINITIAL_MEMORY=X with X higher than the current value 16777216, (2) compile with -sALLOW_MEMORY_GROWTH which allows increasing the size at runtime, or (3) if you want malloc to return NULL (0) instead of this abort, compile with -sABORTING_MALLOC=0)
/home/test/workspace/openh264/test/encoder_binary_comparison/AllTestData/Adobe_PDF_sample_a_1024x768_50Frms.264/h264enc.js:167
      throw ex;
      ^

RuntimeError: Aborted(Cannot enlarge memory arrays to size 19128320 bytes (OOM). Either (1) compile with -sINITIAL_MEMORY=X with X higher than the current value 16777216, (2) compile with -sALLOW_MEMORY_GROWTH which allows increasing the size at runtime, or (3) if you want malloc to return NULL (0) instead of this abort, compile with -sABORTING_MALLOC=0)
    at abort (/home/test/workspace/openh264/test/encoder_binary_comparison/AllTestData/Adobe_PDF_sample_a_1024x768_50Frms.264/h264enc.js:1031:11)
    at abortOnCannotGrowMemory (/home/test/workspace/openh264/test/encoder_binary_comparison/AllTestData/Adobe_PDF_sample_a_1024x768_50Frms.264/h264enc.js:4914:7)
    at _emscripten_resize_heap (/home/test/workspace/openh264/test/encoder_binary_comparison/AllTestData/Adobe_PDF_sample_a_1024x768_50Frms.264/h264enc.js:4919:7)
    at wasm://wasm/00265406:wasm-function[1133]:0x705f0
    at wasm://wasm/00265406:wasm-function[1121]:0x6e28d
    at wasm://wasm/00265406:wasm-function[775]:0x60eb2
    at wasm://wasm/00265406:wasm-function[357]:0x2e8f3
    at wasm://wasm/00265406:wasm-function[363]:0x2f261
    at wasm://wasm/00265406:wasm-function[555]:0x407f3
    at wasm://wasm/00265406:wasm-function[554]:0x405bd   [0m
[31m    Failed! Adobe_PDF_sample_a_1024x768_50Frms.264_x.yuv Case Index 690:SHA-1(Current--Benchmark): NULL-----27c71e2922b1cbbc574cf5e31b5f450954bb36d8  [0m
[31m            ----YUVSHA1:  NULL,  9aa9a4d9598eb3e1093311826844f37c43e4c521  [0m
[31m           Aborted(Cannot enlarge memory arrays to size 19128320 bytes (OOM). Either (1) compile with -sINITIAL_MEMORY=X with X higher than the current value 16777216, (2) compile with -sALLOW_MEMORY_GROWTH which allows increasing the size at runtime, or (3) if you want malloc to return NULL (0) instead of this abort, compile with -sABORTING_MALLOC=0)
/home/test/workspace/openh264/test/encoder_binary_comparison/AllTestData/Adobe_PDF_sample_a_1024x768_50Frms.264/h264enc.js:167
      throw ex;
      ^

RuntimeError: Aborted(Cannot enlarge memory arrays to size 19128320 bytes (OOM). Either (1) compile with -sINITIAL_MEMORY=X with X higher than the current value 16777216, (2) compile with -sALLOW_MEMORY_GROWTH which allows increasing the size at runtime, or (3) if you want malloc to return NULL (0) instead of this abort, compile with -sABORTING_MALLOC=0)
    at abort (/home/test/workspace/openh264/test/encoder_binary_comparison/AllTestData/Adobe_PDF_sample_a_1024x768_50Frms.264/h264enc.js:1031:11)
    at abortOnCannotGrowMemory (/home/test/workspace/openh264/test/encoder_binary_comparison/AllTestData/Adobe_PDF_sample_a_1024x768_50Frms.264/h264enc.js:4914:7)
    at _emscripten_resize_heap (/home/test/workspace/openh264/test/encoder_binary_comparison/AllTestData/Adobe_PDF_sample_a_1024x768_50Frms.264/h264enc.js:4919:7)
    at wasm://wasm/00265406:wasm-function[1133]:0x705f0
    at wasm://wasm/00265406:wasm-function[1121]:0x6e28d
    at wasm://wasm/00265406:wasm-function[775]:0x60eb2
    at wasm://wasm/00265406:wasm-function[357]:0x2e8f3
    at wasm://wasm/00265406:wasm-function[363]:0x2f261
    at wasm://wasm/00265406:wasm-function[555]:0x407f3
    at wasm://wasm/00265406:wasm-function[554]:0x405bd   [0m
[31m    Failed! Adobe_PDF_sample_a_1024x768_50Frms.264_x.yuv Case Index 691:SHA-1(Current--Benchmark): NULL-----27c71e2922b1cbbc574cf5e31b5f450954bb36d8  [0m
[31m            ----YUVSHA1:  NULL,  9aa9a4d9598eb3e1093311826844f37c43e4c521  [0m
[31m           Aborted(Cannot enlarge memory arrays to size 19128320 bytes (OOM). Either (1) compile with -sINITIAL_MEMORY=X with X higher than the current value 16777216, (2) compile with -sALLOW_MEMORY_GROWTH which allows increasing the size at runtime, or (3) if you want malloc to return NULL (0) instead of this abort, compile with -sABORTING_MALLOC=0)
/home/test/workspace/openh264/test/encoder_binary_comparison/AllTestData/Adobe_PDF_sample_a_1024x768_50Frms.264/h264enc.js:167
      throw ex;
      ^

RuntimeError: Aborted(Cannot enlarge memory arrays to size 19128320 bytes (OOM). Either (1) compile with -sINITIAL_MEMORY=X with X higher than the current value 16777216, (2) compile with -sALLOW_MEMORY_GROWTH which allows increasing the size at runtime, or (3) if you want malloc to return NULL (0) instead of this abort, compile with -sABORTING_MALLOC=0)
    at abort (/home/test/workspace/openh264/test/encoder_binary_comparison/AllTestData/Adobe_PDF_sample_a_1024x768_50Frms.264/h264enc.js:1031:11)
    at abortOnCannotGrowMemory (/home/test/workspace/openh264/test/encoder_binary_comparison/AllTestData/Adobe_PDF_sample_a_1024x768_50Frms.264/h264enc.js:4914:7)
    at _emscripten_resize_heap (/home/test/workspace/openh264/test/encoder_binary_comparison/AllTestData/Adobe_PDF_sample_a_1024x768_50Frms.264/h264enc.js:4919:7)
    at wasm://wasm/00265406:wasm-function[1133]:0x705f0
    at wasm://wasm/00265406:wasm-function[1121]:0x6e28d
    at wasm://wasm/00265406:wasm-function[775]:0x60eb2
    at wasm://wasm/00265406:wasm-function[357]:0x2e8f3
    at wasm://wasm/00265406:wasm-function[363]:0x2f261
    at wasm://wasm/00265406:wasm-function[555]:0x407f3
    at wasm://wasm/00265406:wasm-function[554]:0x405bd   [0m
[31m    Failed! Adobe_PDF_sample_a_1024x768_50Frms.264_x.yuv Case Index 692:SHA-1(Current--Benchmark): NULL-----27c71e2922b1cbbc574cf5e31b5f450954bb36d8  [0m
[31m            ----YUVSHA1:  NULL,  9aa9a4d9598eb3e1093311826844f37c43e4c521  [0m
[31m           Aborted(Cannot enlarge memory arrays to size 19128320 bytes (OOM). Either (1) compile with -sINITIAL_MEMORY=X with X higher than the current value 16777216, (2) compile with -sALLOW_MEMORY_GROWTH which allows increasing the size at runtime, or (3) if you want malloc to return NULL (0) instead of this abort, compile with -sABORTING_MALLOC=0)
/home/test/workspace/openh264/test/encoder_binary_comparison/AllTestData/Adobe_PDF_sample_a_1024x768_50Frms.264/h264enc.js:167
      throw ex;
      ^

RuntimeError: Aborted(Cannot enlarge memory arrays to size 19128320 bytes (OOM). Either (1) compile with -sINITIAL_MEMORY=X with X higher than the current value 16777216, (2) compile with -sALLOW_MEMORY_GROWTH which allows increasing the size at runtime, or (3) if you want malloc to return NULL (0) instead of this abort, compile with -sABORTING_MALLOC=0)
    at abort (/home/test/workspace/openh264/test/encoder_binary_comparison/AllTestData/Adobe_PDF_sample_a_1024x768_50Frms.264/h264enc.js:1031:11)
    at abortOnCannotGrowMemory (/home/test/workspace/openh264/test/encoder_binary_comparison/AllTestData/Adobe_PDF_sample_a_1024x768_50Frms.264/h264enc.js:4914:7)
    at _emscripten_resize_heap (/home/test/workspace/openh264/test/encoder_binary_comparison/AllTestData/Adobe_PDF_sample_a_1024x768_50Frms.264/h264enc.js:4919:7)
    at wasm://wasm/00265406:wasm-function[1133]:0x705f0
    at wasm://wasm/00265406:wasm-function[1121]:0x6e28d
    at wasm://wasm/00265406:wasm-function[775]:0x60eb2
    at wasm://wasm/00265406:wasm-function[357]:0x2e8f3
    at wasm://wasm/00265406:wasm-function[363]:0x2f261
    at wasm://wasm/00265406:wasm-function[555]:0x407f3
    at wasm://wasm/00265406:wasm-function[554]:0x405bd   [0m
[31m    Failed! Adobe_PDF_sample_a_1024x768_50Frms.264_x.yuv Case Index 693:SHA-1(Current--Benchmark): NULL-----27c71e2922b1cbbc574cf5e31b5f450954bb36d8  [0m
[31m            ----YUVSHA1:  NULL,  9aa9a4d9598eb3e1093311826844f37c43e4c521  [0m
[31m           Aborted(Cannot enlarge memory arrays to size 19128320 bytes (OOM). Either (1) compile with -sINITIAL_MEMORY=X with X higher than the current value 16777216, (2) compile with -sALLOW_MEMORY_GROWTH which allows increasing the size at runtime, or (3) if you want malloc to return NULL (0) instead of this abort, compile with -sABORTING_MALLOC=0)
/home/test/workspace/openh264/test/encoder_binary_comparison/AllTestData/Adobe_PDF_sample_a_1024x768_50Frms.264/h264enc.js:167
      throw ex;
      ^

RuntimeError: Aborted(Cannot enlarge memory arrays to size 19128320 bytes (OOM). Either (1) compile with -sINITIAL_MEMORY=X with X higher than the current value 16777216, (2) compile with -sALLOW_MEMORY_GROWTH which allows increasing the size at runtime, or (3) if you want malloc to return NULL (0) instead of this abort, compile with -sABORTING_MALLOC=0)
    at abort (/home/test/workspace/openh264/test/encoder_binary_comparison/AllTestData/Adobe_PDF_sample_a_1024x768_50Frms.264/h264enc.js:1031:11)
    at abortOnCannotGrowMemory (/home/test/workspace/openh264/test/encoder_binary_comparison/AllTestData/Adobe_PDF_sample_a_1024x768_50Frms.264/h264enc.js:4914:7)
    at _emscripten_resize_heap (/home/test/workspace/openh264/test/encoder_binary_comparison/AllTestData/Adobe_PDF_sample_a_1024x768_50Frms.264/h264enc.js:4919:7)
    at wasm://wasm/00265406:wasm-function[1133]:0x705f0
    at wasm://wasm/00265406:wasm-function[1121]:0x6e28d
    at wasm://wasm/00265406:wasm-function[775]:0x60eb2
    at wasm://wasm/00265406:wasm-function[357]:0x2e8f3
    at wasm://wasm/00265406:wasm-function[363]:0x2f261
    at wasm://wasm/00265406:wasm-function[555]:0x407f3
    at wasm://wasm/00265406:wasm-function[554]:0x405bd   [0m
[31m    Failed! Adobe_PDF_sample_a_1024x768_50Frms.264_x.yuv Case Index 694:SHA-1(Current--Benchmark): NULL-----27c71e2922b1cbbc574cf5e31b5f450954bb36d8  [0m
[31m            ----YUVSHA1:  NULL,  9aa9a4d9598eb3e1093311826844f37c43e4c521  [0m
[31m           Aborted(Cannot enlarge memory arrays to size 19128320 bytes (OOM). Either (1) compile with -sINITIAL_MEMORY=X with X higher than the current value 16777216, (2) compile with -sALLOW_MEMORY_GROWTH which allows increasing the size at runtime, or (3) if you want malloc to return NULL (0) instead of this abort, compile with -sABORTING_MALLOC=0)
/home/test/workspace/openh264/test/encoder_binary_comparison/AllTestData/Adobe_PDF_sample_a_1024x768_50Frms.264/h264enc.js:167
      throw ex;
      ^

RuntimeError: Aborted(Cannot enlarge memory arrays to size 19128320 bytes (OOM). Either (1) compile with -sINITIAL_MEMORY=X with X higher than the current value 16777216, (2) compile with -sALLOW_MEMORY_GROWTH which allows increasing the size at runtime, or (3) if you want malloc to return NULL (0) instead of this abort, compile with -sABORTING_MALLOC=0)
    at abort (/home/test/workspace/openh264/test/encoder_binary_comparison/AllTestData/Adobe_PDF_sample_a_1024x768_50Frms.264/h264enc.js:1031:11)
    at abortOnCannotGrowMemory (/home/test/workspace/openh264/test/encoder_binary_comparison/AllTestData/Adobe_PDF_sample_a_1024x768_50Frms.264/h264enc.js:4914:7)
    at _emscripten_resize_heap (/home/test/workspace/openh264/test/encoder_binary_comparison/AllTestData/Adobe_PDF_sample_a_1024x768_50Frms.264/h264enc.js:4919:7)
    at wasm://wasm/00265406:wasm-function[1133]:0x705f0
    at wasm://wasm/00265406:wasm-function[1121]:0x6e28d
    at wasm://wasm/00265406:wasm-function[775]:0x60eb2
    at wasm://wasm/00265406:wasm-function[357]:0x2e8f3
    at wasm://wasm/00265406:wasm-function[363]:0x2f261
    at wasm://wasm/00265406:wasm-function[555]:0x407f3
    at wasm://wasm/00265406:wasm-function[554]:0x405bd   [0m
[31m    Failed! Adobe_PDF_sample_a_1024x768_50Frms.264_x.yuv Case Index 695:SHA-1(Current--Benchmark): NULL-----27c71e2922b1cbbc574cf5e31b5f450954bb36d8  [0m
[31m            ----YUVSHA1:  NULL,  9aa9a4d9598eb3e1093311826844f37c43e4c521  [0m
[31m           Aborted(Cannot enlarge memory arrays to size 19128320 bytes (OOM). Either (1) compile with -sINITIAL_MEMORY=X with X higher than the current value 16777216, (2) compile with -sALLOW_MEMORY_GROWTH which allows increasing the size at runtime, or (3) if you want malloc to return NULL (0) instead of this abort, compile with -sABORTING_MALLOC=0)
/home/test/workspace/openh264/test/encoder_binary_comparison/AllTestData/Adobe_PDF_sample_a_1024x768_50Frms.264/h264enc.js:167
      throw ex;
      ^

RuntimeError: Aborted(Cannot enlarge memory arrays to size 19128320 bytes (OOM). Either (1) compile with -sINITIAL_MEMORY=X with X higher than the current value 16777216, (2) compile with -sALLOW_MEMORY_GROWTH which allows increasing the size at runtime, or (3) if you want malloc to return NULL (0) instead of this abort, compile with -sABORTING_MALLOC=0)
    at abort (/home/test/workspace/openh264/test/encoder_binary_comparison/AllTestData/Adobe_PDF_sample_a_1024x768_50Frms.264/h264enc.js:1031:11)
    at abortOnCannotGrowMemory (/home/test/workspace/openh264/test/encoder_binary_comparison/AllTestData/Adobe_PDF_sample_a_1024x768_50Frms.264/h264enc.js:4914:7)
    at _emscripten_resize_heap (/home/test/workspace/openh264/test/encoder_binary_comparison/AllTestData/Adobe_PDF_sample_a_1024x768_50Frms.264/h264enc.js:4919:7)
    at wasm://wasm/00265406:wasm-function[1133]:0x705f0
    at wasm://wasm/00265406:wasm-function[1121]:0x6e28d
    at wasm://wasm/00265406:wasm-function[775]:0x60eb2
    at wasm://wasm/00265406:wasm-function[357]:0x2e8f3
    at wasm://wasm/00265406:wasm-function[363]:0x2f261
    at wasm://wasm/00265406:wasm-function[555]:0x407f3
    at wasm://wasm/00265406:wasm-function[554]:0x405bd   [0m
[31m    Failed! Adobe_PDF_sample_a_1024x768_50Frms.264_x.yuv Case Index 696:SHA-1(Current--Benchmark): NULL-----27c71e2922b1cbbc574cf5e31b5f450954bb36d8  [0m
[31m            ----YUVSHA1:  NULL,  9aa9a4d9598eb3e1093311826844f37c43e4c521  [0m
[31m           Aborted(Cannot enlarge memory arrays to size 19128320 bytes (OOM). Either (1) compile with -sINITIAL_MEMORY=X with X higher than the current value 16777216, (2) compile with -sALLOW_MEMORY_GROWTH which allows increasing the size at runtime, or (3) if you want malloc to return NULL (0) instead of this abort, compile with -sABORTING_MALLOC=0)
/home/test/workspace/openh264/test/encoder_binary_comparison/AllTestData/Adobe_PDF_sample_a_1024x768_50Frms.264/h264enc.js:167
      throw ex;
      ^

RuntimeError: Aborted(Cannot enlarge memory arrays to size 19128320 bytes (OOM). Either (1) compile with -sINITIAL_MEMORY=X with X higher than the current value 16777216, (2) compile with -sALLOW_MEMORY_GROWTH which allows increasing the size at runtime, or (3) if you want malloc to return NULL (0) instead of this abort, compile with -sABORTING_MALLOC=0)
    at abort (/home/test/workspace/openh264/test/encoder_binary_comparison/AllTestData/Adobe_PDF_sample_a_1024x768_50Frms.264/h264enc.js:1031:11)
    at abortOnCannotGrowMemory (/home/test/workspace/openh264/test/encoder_binary_comparison/AllTestData/Adobe_PDF_sample_a_1024x768_50Frms.264/h264enc.js:4914:7)
    at _emscripten_resize_heap (/home/test/workspace/openh264/test/encoder_binary_comparison/AllTestData/Adobe_PDF_sample_a_1024x768_50Frms.264/h264enc.js:4919:7)
    at wasm://wasm/00265406:wasm-function[1133]:0x705f0
    at wasm://wasm/00265406:wasm-function[1121]:0x6e28d
    at wasm://wasm/00265406:wasm-function[775]:0x60eb2
    at wasm://wasm/00265406:wasm-function[357]:0x2e8f3
    at wasm://wasm/00265406:wasm-function[363]:0x2f261
    at wasm://wasm/00265406:wasm-function[555]:0x407f3
    at wasm://wasm/00265406:wasm-function[554]:0x405bd   [0m
[31m    Failed! Adobe_PDF_sample_a_1024x768_50Frms.264_x.yuv Case Index 697:SHA-1(Current--Benchmark): NULL-----27c71e2922b1cbbc574cf5e31b5f450954bb36d8  [0m
[31m            ----YUVSHA1:  NULL,  9aa9a4d9598eb3e1093311826844f37c43e4c521  [0m
[31m           Aborted(Cannot enlarge memory arrays to size 19128320 bytes (OOM). Either (1) compile with -sINITIAL_MEMORY=X with X higher than the current value 16777216, (2) compile with -sALLOW_MEMORY_GROWTH which allows increasing the size at runtime, or (3) if you want malloc to return NULL (0) instead of this abort, compile with -sABORTING_MALLOC=0)
/home/test/workspace/openh264/test/encoder_binary_comparison/AllTestData/Adobe_PDF_sample_a_1024x768_50Frms.264/h264enc.js:167
      throw ex;
      ^

RuntimeError: Aborted(Cannot enlarge memory arrays to size 19128320 bytes (OOM). Either (1) compile with -sINITIAL_MEMORY=X with X higher than the current value 16777216, (2) compile with -sALLOW_MEMORY_GROWTH which allows increasing the size at runtime, or (3) if you want malloc to return NULL (0) instead of this abort, compile with -sABORTING_MALLOC=0)
    at abort (/home/test/workspace/openh264/test/encoder_binary_comparison/AllTestData/Adobe_PDF_sample_a_1024x768_50Frms.264/h264enc.js:1031:11)
    at abortOnCannotGrowMemory (/home/test/workspace/openh264/test/encoder_binary_comparison/AllTestData/Adobe_PDF_sample_a_1024x768_50Frms.264/h264enc.js:4914:7)
    at _emscripten_resize_heap (/home/test/workspace/openh264/test/encoder_binary_comparison/AllTestData/Adobe_PDF_sample_a_1024x768_50Frms.264/h264enc.js:4919:7)
    at wasm://wasm/00265406:wasm-function[1133]:0x705f0
    at wasm://wasm/00265406:wasm-function[1121]:0x6e28d
    at wasm://wasm/00265406:wasm-function[775]:0x60eb2
    at wasm://wasm/00265406:wasm-function[357]:0x2e8f3
    at wasm://wasm/00265406:wasm-function[363]:0x2f261
    at wasm://wasm/00265406:wasm-function[555]:0x407f3
    at wasm://wasm/00265406:wasm-function[554]:0x405bd   [0m
[31m    Failed! Adobe_PDF_sample_a_1024x768_50Frms.264_x.yuv Case Index 698:SHA-1(Current--Benchmark): NULL-----27c71e2922b1cbbc574cf5e31b5f450954bb36d8  [0m
[31m            ----YUVSHA1:  NULL,  9aa9a4d9598eb3e1093311826844f37c43e4c521  [0m
[31m           Aborted(Cannot enlarge memory arrays to size 19128320 bytes (OOM). Either (1) compile with -sINITIAL_MEMORY=X with X higher than the current value 16777216, (2) compile with -sALLOW_MEMORY_GROWTH which allows increasing the size at runtime, or (3) if you want malloc to return NULL (0) instead of this abort, compile with -sABORTING_MALLOC=0)
/home/test/workspace/openh264/test/encoder_binary_comparison/AllTestData/Adobe_PDF_sample_a_1024x768_50Frms.264/h264enc.js:167
      throw ex;
      ^

RuntimeError: Aborted(Cannot enlarge memory arrays to size 19128320 bytes (OOM). Either (1) compile with -sINITIAL_MEMORY=X with X higher than the current value 16777216, (2) compile with -sALLOW_MEMORY_GROWTH which allows increasing the size at runtime, or (3) if you want malloc to return NULL (0) instead of this abort, compile with -sABORTING_MALLOC=0)
    at abort (/home/test/workspace/openh264/test/encoder_binary_comparison/AllTestData/Adobe_PDF_sample_a_1024x768_50Frms.264/h264enc.js:1031:11)
    at abortOnCannotGrowMemory (/home/test/workspace/openh264/test/encoder_binary_comparison/AllTestData/Adobe_PDF_sample_a_1024x768_50Frms.264/h264enc.js:4914:7)
    at _emscripten_resize_heap (/home/test/workspace/openh264/test/encoder_binary_comparison/AllTestData/Adobe_PDF_sample_a_1024x768_50Frms.264/h264enc.js:4919:7)
    at wasm://wasm/00265406:wasm-function[1133]:0x705f0
    at wasm://wasm/00265406:wasm-function[1121]:0x6e28d
    at wasm://wasm/00265406:wasm-function[775]:0x60eb2
    at wasm://wasm/00265406:wasm-function[357]:0x2e8f3
    at wasm://wasm/00265406:wasm-function[363]:0x2f261
    at wasm://wasm/00265406:wasm-function[555]:0x407f3
    at wasm://wasm/00265406:wasm-function[554]:0x405bd   [0m
[31m    Failed! Adobe_PDF_sample_a_1024x768_50Frms.264_x.yuv Case Index 699:SHA-1(Current--Benchmark): NULL-----27c71e2922b1cbbc574cf5e31b5f450954bb36d8  [0m
[31m            ----YUVSHA1:  NULL,  9aa9a4d9598eb3e1093311826844f37c43e4c521  [0m
[31m           Aborted(Cannot enlarge memory arrays to size 19128320 bytes (OOM). Either (1) compile with -sINITIAL_MEMORY=X with X higher than the current value 16777216, (2) compile with -sALLOW_MEMORY_GROWTH which allows increasing the size at runtime, or (3) if you want malloc to return NULL (0) instead of this abort, compile with -sABORTING_MALLOC=0)
/home/test/workspace/openh264/test/encoder_binary_comparison/AllTestData/Adobe_PDF_sample_a_1024x768_50Frms.264/h264enc.js:167
      throw ex;
      ^

RuntimeError: Aborted(Cannot enlarge memory arrays to size 19128320 bytes (OOM). Either (1) compile with -sINITIAL_MEMORY=X with X higher than the current value 16777216, (2) compile with -sALLOW_MEMORY_GROWTH which allows increasing the size at runtime, or (3) if you want malloc to return NULL (0) instead of this abort, compile with -sABORTING_MALLOC=0)
    at abort (/home/test/workspace/openh264/test/encoder_binary_comparison/AllTestData/Adobe_PDF_sample_a_1024x768_50Frms.264/h264enc.js:1031:11)
    at abortOnCannotGrowMemory (/home/test/workspace/openh264/test/encoder_binary_comparison/AllTestData/Adobe_PDF_sample_a_1024x768_50Frms.264/h264enc.js:4914:7)
    at _emscripten_resize_heap (/home/test/workspace/openh264/test/encoder_binary_comparison/AllTestData/Adobe_PDF_sample_a_1024x768_50Frms.264/h264enc.js:4919:7)
    at wasm://wasm/00265406:wasm-function[1133]:0x705f0
    at wasm://wasm/00265406:wasm-function[1121]:0x6e28d
    at wasm://wasm/00265406:wasm-function[775]:0x60eb2
    at wasm://wasm/00265406:wasm-function[357]:0x2e8f3
    at wasm://wasm/00265406:wasm-function[363]:0x2f261
    at wasm://wasm/00265406:wasm-function[555]:0x407f3
    at wasm://wasm/00265406:wasm-function[554]:0x405bd   [0m
[31m    Failed! Adobe_PDF_sample_a_1024x768_50Frms.264_x.yuv Case Index 700:SHA-1(Current--Benchmark): NULL-----27c71e2922b1cbbc574cf5e31b5f450954bb36d8  [0m
[31m            ----YUVSHA1:  NULL,  9aa9a4d9598eb3e1093311826844f37c43e4c521  [0m
[31m           Aborted(Cannot enlarge memory arrays to size 19128320 bytes (OOM). Either (1) compile with -sINITIAL_MEMORY=X with X higher than the current value 16777216, (2) compile with -sALLOW_MEMORY_GROWTH which allows increasing the size at runtime, or (3) if you want malloc to return NULL (0) instead of this abort, compile with -sABORTING_MALLOC=0)
/home/test/workspace/openh264/test/encoder_binary_comparison/AllTestData/Adobe_PDF_sample_a_1024x768_50Frms.264/h264enc.js:167
      throw ex;
      ^

RuntimeError: Aborted(Cannot enlarge memory arrays to size 19128320 bytes (OOM). Either (1) compile with -sINITIAL_MEMORY=X with X higher than the current value 16777216, (2) compile with -sALLOW_MEMORY_GROWTH which allows increasing the size at runtime, or (3) if you want malloc to return NULL (0) instead of this abort, compile with -sABORTING_MALLOC=0)
    at abort (/home/test/workspace/openh264/test/encoder_binary_comparison/AllTestData/Adobe_PDF_sample_a_1024x768_50Frms.264/h264enc.js:1031:11)
    at abortOnCannotGrowMemory (/home/test/workspace/openh264/test/encoder_binary_comparison/AllTestData/Adobe_PDF_sample_a_1024x768_50Frms.264/h264enc.js:4914:7)
    at _emscripten_resize_heap (/home/test/workspace/openh264/test/encoder_binary_comparison/AllTestData/Adobe_PDF_sample_a_1024x768_50Frms.264/h264enc.js:4919:7)
    at wasm://wasm/00265406:wasm-function[1133]:0x705f0
    at wasm://wasm/00265406:wasm-function[1121]:0x6e28d
    at wasm://wasm/00265406:wasm-function[775]:0x60eb2
    at wasm://wasm/00265406:wasm-function[357]:0x2e8f3
    at wasm://wasm/00265406:wasm-function[363]:0x2f261
    at wasm://wasm/00265406:wasm-function[555]:0x407f3
    at wasm://wasm/00265406:wasm-function[554]:0x405bd   [0m
[31m    Failed! Adobe_PDF_sample_a_1024x768_50Frms.264_x.yuv Case Index 701:SHA-1(Current--Benchmark): NULL-----27c71e2922b1cbbc574cf5e31b5f450954bb36d8  [0m
[31m            ----YUVSHA1:  NULL,  9aa9a4d9598eb3e1093311826844f37c43e4c521  [0m
[31m           Aborted(Cannot enlarge memory arrays to size 19128320 bytes (OOM). Either (1) compile with -sINITIAL_MEMORY=X with X higher than the current value 16777216, (2) compile with -sALLOW_MEMORY_GROWTH which allows increasing the size at runtime, or (3) if you want malloc to return NULL (0) instead of this abort, compile with -sABORTING_MALLOC=0)
/home/test/workspace/openh264/test/encoder_binary_comparison/AllTestData/Adobe_PDF_sample_a_1024x768_50Frms.264/h264enc.js:167
      throw ex;
      ^

RuntimeError: Aborted(Cannot enlarge memory arrays to size 19128320 bytes (OOM). Either (1) compile with -sINITIAL_MEMORY=X with X higher than the current value 16777216, (2) compile with -sALLOW_MEMORY_GROWTH which allows increasing the size at runtime, or (3) if you want malloc to return NULL (0) instead of this abort, compile with -sABORTING_MALLOC=0)
    at abort (/home/test/workspace/openh264/test/encoder_binary_comparison/AllTestData/Adobe_PDF_sample_a_1024x768_50Frms.264/h264enc.js:1031:11)
    at abortOnCannotGrowMemory (/home/test/workspace/openh264/test/encoder_binary_comparison/AllTestData/Adobe_PDF_sample_a_1024x768_50Frms.264/h264enc.js:4914:7)
    at _emscripten_resize_heap (/home/test/workspace/openh264/test/encoder_binary_comparison/AllTestData/Adobe_PDF_sample_a_1024x768_50Frms.264/h264enc.js:4919:7)
    at wasm://wasm/00265406:wasm-function[1133]:0x705f0
    at wasm://wasm/00265406:wasm-function[1121]:0x6e28d
    at wasm://wasm/00265406:wasm-function[775]:0x60eb2
    at wasm://wasm/00265406:wasm-function[357]:0x2e8f3
    at wasm://wasm/00265406:wasm-function[363]:0x2f261
    at wasm://wasm/00265406:wasm-function[555]:0x407f3
    at wasm://wasm/00265406:wasm-function[554]:0x405bd   [0m
[31m    Failed! Adobe_PDF_sample_a_1024x768_50Frms.264_x.yuv Case Index 702:SHA-1(Current--Benchmark): NULL-----27c71e2922b1cbbc574cf5e31b5f450954bb36d8  [0m
[31m            ----YUVSHA1:  NULL,  9aa9a4d9598eb3e1093311826844f37c43e4c521  [0m
[31m           Aborted(Cannot enlarge memory arrays to size 19128320 bytes (OOM). Either (1) compile with -sINITIAL_MEMORY=X with X higher than the current value 16777216, (2) compile with -sALLOW_MEMORY_GROWTH which allows increasing the size at runtime, or (3) if you want malloc to return NULL (0) instead of this abort, compile with -sABORTING_MALLOC=0)
/home/test/workspace/openh264/test/encoder_binary_comparison/AllTestData/Adobe_PDF_sample_a_1024x768_50Frms.264/h264enc.js:167
      throw ex;
      ^

RuntimeError: Aborted(Cannot enlarge memory arrays to size 19128320 bytes (OOM). Either (1) compile with -sINITIAL_MEMORY=X with X higher than the current value 16777216, (2) compile with -sALLOW_MEMORY_GROWTH which allows increasing the size at runtime, or (3) if you want malloc to return NULL (0) instead of this abort, compile with -sABORTING_MALLOC=0)
    at abort (/home/test/workspace/openh264/test/encoder_binary_comparison/AllTestData/Adobe_PDF_sample_a_1024x768_50Frms.264/h264enc.js:1031:11)
    at abortOnCannotGrowMemory (/home/test/workspace/openh264/test/encoder_binary_comparison/AllTestData/Adobe_PDF_sample_a_1024x768_50Frms.264/h264enc.js:4914:7)
    at _emscripten_resize_heap (/home/test/workspace/openh264/test/encoder_binary_comparison/AllTestData/Adobe_PDF_sample_a_1024x768_50Frms.264/h264enc.js:4919:7)
    at wasm://wasm/00265406:wasm-function[1133]:0x705f0
    at wasm://wasm/00265406:wasm-function[1121]:0x6e28d
    at wasm://wasm/00265406:wasm-function[775]:0x60eb2
    at wasm://wasm/00265406:wasm-function[357]:0x2e8f3
    at wasm://wasm/00265406:wasm-function[363]:0x2f261
    at wasm://wasm/00265406:wasm-function[555]:0x407f3
    at wasm://wasm/00265406:wasm-function[554]:0x405bd   [0m
[31m    Failed! Adobe_PDF_sample_a_1024x768_50Frms.264_x.yuv Case Index 703:SHA-1(Current--Benchmark): NULL-----27c71e2922b1cbbc574cf5e31b5f450954bb36d8  [0m
[31m            ----YUVSHA1:  NULL,  9aa9a4d9598eb3e1093311826844f37c43e4c521  [0m
[31m           Aborted(Cannot enlarge memory arrays to size 19128320 bytes (OOM). Either (1) compile with -sINITIAL_MEMORY=X with X higher than the current value 16777216, (2) compile with -sALLOW_MEMORY_GROWTH which allows increasing the size at runtime, or (3) if you want malloc to return NULL (0) instead of this abort, compile with -sABORTING_MALLOC=0)
/home/test/workspace/openh264/test/encoder_binary_comparison/AllTestData/Adobe_PDF_sample_a_1024x768_50Frms.264/h264enc.js:167
      throw ex;
      ^

RuntimeError: Aborted(Cannot enlarge memory arrays to size 19128320 bytes (OOM). Either (1) compile with -sINITIAL_MEMORY=X with X higher than the current value 16777216, (2) compile with -sALLOW_MEMORY_GROWTH which allows increasing the size at runtime, or (3) if you want malloc to return NULL (0) instead of this abort, compile with -sABORTING_MALLOC=0)
    at abort (/home/test/workspace/openh264/test/encoder_binary_comparison/AllTestData/Adobe_PDF_sample_a_1024x768_50Frms.264/h264enc.js:1031:11)
    at abortOnCannotGrowMemory (/home/test/workspace/openh264/test/encoder_binary_comparison/AllTestData/Adobe_PDF_sample_a_1024x768_50Frms.264/h264enc.js:4914:7)
    at _emscripten_resize_heap (/home/test/workspace/openh264/test/encoder_binary_comparison/AllTestData/Adobe_PDF_sample_a_1024x768_50Frms.264/h264enc.js:4919:7)
    at wasm://wasm/00265406:wasm-function[1133]:0x705f0
    at wasm://wasm/00265406:wasm-function[1121]:0x6e28d
    at wasm://wasm/00265406:wasm-function[775]:0x60eb2
    at wasm://wasm/00265406:wasm-function[357]:0x2e8f3
    at wasm://wasm/00265406:wasm-function[363]:0x2f261
    at wasm://wasm/00265406:wasm-function[555]:0x407f3
    at wasm://wasm/00265406:wasm-function[554]:0x405bd   [0m
[31m    Failed! Adobe_PDF_sample_a_1024x768_50Frms.264_x.yuv Case Index 704:SHA-1(Current--Benchmark): NULL-----27c71e2922b1cbbc574cf5e31b5f450954bb36d8  [0m
[31m            ----YUVSHA1:  NULL,  9aa9a4d9598eb3e1093311826844f37c43e4c521  [0m
[31m           Aborted(Cannot enlarge memory arrays to size 19128320 bytes (OOM). Either (1) compile with -sINITIAL_MEMORY=X with X higher than the current value 16777216, (2) compile with -sALLOW_MEMORY_GROWTH which allows increasing the size at runtime, or (3) if you want malloc to return NULL (0) instead of this abort, compile with -sABORTING_MALLOC=0)
/home/test/workspace/openh264/test/encoder_binary_comparison/AllTestData/Adobe_PDF_sample_a_1024x768_50Frms.264/h264enc.js:167
      throw ex;
      ^

RuntimeError: Aborted(Cannot enlarge memory arrays to size 19128320 bytes (OOM). Either (1) compile with -sINITIAL_MEMORY=X with X higher than the current value 16777216, (2) compile with -sALLOW_MEMORY_GROWTH which allows increasing the size at runtime, or (3) if you want malloc to return NULL (0) instead of this abort, compile with -sABORTING_MALLOC=0)
    at abort (/home/test/workspace/openh264/test/encoder_binary_comparison/AllTestData/Adobe_PDF_sample_a_1024x768_50Frms.264/h264enc.js:1031:11)
    at abortOnCannotGrowMemory (/home/test/workspace/openh264/test/encoder_binary_comparison/AllTestData/Adobe_PDF_sample_a_1024x768_50Frms.264/h264enc.js:4914:7)
    at _emscripten_resize_heap (/home/test/workspace/openh264/test/encoder_binary_comparison/AllTestData/Adobe_PDF_sample_a_1024x768_50Frms.264/h264enc.js:4919:7)
    at wasm://wasm/00265406:wasm-function[1133]:0x705f0
    at wasm://wasm/00265406:wasm-function[1121]:0x6e28d
    at wasm://wasm/00265406:wasm-function[775]:0x60eb2
    at wasm://wasm/00265406:wasm-function[357]:0x2e8f3
    at wasm://wasm/00265406:wasm-function[363]:0x2f261
    at wasm://wasm/00265406:wasm-function[555]:0x407f3
    at wasm://wasm/00265406:wasm-function[554]:0x405bd   [0m
[31m    Failed! Adobe_PDF_sample_a_1024x768_50Frms.264_x.yuv Case Index 705:SHA-1(Current--Benchmark): NULL-----27c71e2922b1cbbc574cf5e31b5f450954bb36d8  [0m
[31m            ----YUVSHA1:  NULL,  9aa9a4d9598eb3e1093311826844f37c43e4c521  [0m
[31m           Aborted(Cannot enlarge memory arrays to size 19128320 bytes (OOM). Either (1) compile with -sINITIAL_MEMORY=X with X higher than the current value 16777216, (2) compile with -sALLOW_MEMORY_GROWTH which allows increasing the size at runtime, or (3) if you want malloc to return NULL (0) instead of this abort, compile with -sABORTING_MALLOC=0)
/home/test/workspace/openh264/test/encoder_binary_comparison/AllTestData/Adobe_PDF_sample_a_1024x768_50Frms.264/h264enc.js:167
      throw ex;
      ^

RuntimeError: Aborted(Cannot enlarge memory arrays to size 19128320 bytes (OOM). Either (1) compile with -sINITIAL_MEMORY=X with X higher than the current value 16777216, (2) compile with -sALLOW_MEMORY_GROWTH which allows increasing the size at runtime, or (3) if you want malloc to return NULL (0) instead of this abort, compile with -sABORTING_MALLOC=0)
    at abort (/home/test/workspace/openh264/test/encoder_binary_comparison/AllTestData/Adobe_PDF_sample_a_1024x768_50Frms.264/h264enc.js:1031:11)
    at abortOnCannotGrowMemory (/home/test/workspace/openh264/test/encoder_binary_comparison/AllTestData/Adobe_PDF_sample_a_1024x768_50Frms.264/h264enc.js:4914:7)
    at _emscripten_resize_heap (/home/test/workspace/openh264/test/encoder_binary_comparison/AllTestData/Adobe_PDF_sample_a_1024x768_50Frms.264/h264enc.js:4919:7)
    at wasm://wasm/00265406:wasm-function[1133]:0x705f0
    at wasm://wasm/00265406:wasm-function[1121]:0x6e28d
    at wasm://wasm/00265406:wasm-function[775]:0x60eb2
    at wasm://wasm/00265406:wasm-function[357]:0x2e8f3
    at wasm://wasm/00265406:wasm-function[363]:0x2f261
    at wasm://wasm/00265406:wasm-function[555]:0x407f3
    at wasm://wasm/00265406:wasm-function[554]:0x405bd   [0m
[31m    Failed! Adobe_PDF_sample_a_1024x768_50Frms.264_x.yuv Case Index 706:SHA-1(Current--Benchmark): NULL-----27c71e2922b1cbbc574cf5e31b5f450954bb36d8  [0m
[31m            ----YUVSHA1:  NULL,  9aa9a4d9598eb3e1093311826844f37c43e4c521  [0m
[31m           Aborted(Cannot enlarge memory arrays to size 19128320 bytes (OOM). Either (1) compile with -sINITIAL_MEMORY=X with X higher than the current value 16777216, (2) compile with -sALLOW_MEMORY_GROWTH which allows increasing the size at runtime, or (3) if you want malloc to return NULL (0) instead of this abort, compile with -sABORTING_MALLOC=0)
/home/test/workspace/openh264/test/encoder_binary_comparison/AllTestData/Adobe_PDF_sample_a_1024x768_50Frms.264/h264enc.js:167
      throw ex;
      ^

RuntimeError: Aborted(Cannot enlarge memory arrays to size 19128320 bytes (OOM). Either (1) compile with -sINITIAL_MEMORY=X with X higher than the current value 16777216, (2) compile with -sALLOW_MEMORY_GROWTH which allows increasing the size at runtime, or (3) if you want malloc to return NULL (0) instead of this abort, compile with -sABORTING_MALLOC=0)
    at abort (/home/test/workspace/openh264/test/encoder_binary_comparison/AllTestData/Adobe_PDF_sample_a_1024x768_50Frms.264/h264enc.js:1031:11)
    at abortOnCannotGrowMemory (/home/test/workspace/openh264/test/encoder_binary_comparison/AllTestData/Adobe_PDF_sample_a_1024x768_50Frms.264/h264enc.js:4914:7)
    at _emscripten_resize_heap (/home/test/workspace/openh264/test/encoder_binary_comparison/AllTestData/Adobe_PDF_sample_a_1024x768_50Frms.264/h264enc.js:4919:7)
    at wasm://wasm/00265406:wasm-function[1133]:0x705f0
    at wasm://wasm/00265406:wasm-function[1121]:0x6e28d
    at wasm://wasm/00265406:wasm-function[775]:0x60eb2
    at wasm://wasm/00265406:wasm-function[357]:0x2e8f3
    at wasm://wasm/00265406:wasm-function[363]:0x2f261
    at wasm://wasm/00265406:wasm-function[555]:0x407f3
    at wasm://wasm/00265406:wasm-function[554]:0x405bd   [0m
[31m    Failed! Adobe_PDF_sample_a_1024x768_50Frms.264_x.yuv Case Index 707:SHA-1(Current--Benchmark): NULL-----27c71e2922b1cbbc574cf5e31b5f450954bb36d8  [0m
[31m            ----YUVSHA1:  NULL,  9aa9a4d9598eb3e1093311826844f37c43e4c521  [0m
[31m           Aborted(Cannot enlarge memory arrays to size 19128320 bytes (OOM). Either (1) compile with -sINITIAL_MEMORY=X with X higher than the current value 16777216, (2) compile with -sALLOW_MEMORY_GROWTH which allows increasing the size at runtime, or (3) if you want malloc to return NULL (0) instead of this abort, compile with -sABORTING_MALLOC=0)
/home/test/workspace/openh264/test/encoder_binary_comparison/AllTestData/Adobe_PDF_sample_a_1024x768_50Frms.264/h264enc.js:167
      throw ex;
      ^

RuntimeError: Aborted(Cannot enlarge memory arrays to size 19128320 bytes (OOM). Either (1) compile with -sINITIAL_MEMORY=X with X higher than the current value 16777216, (2) compile with -sALLOW_MEMORY_GROWTH which allows increasing the size at runtime, or (3) if you want malloc to return NULL (0) instead of this abort, compile with -sABORTING_MALLOC=0)
    at abort (/home/test/workspace/openh264/test/encoder_binary_comparison/AllTestData/Adobe_PDF_sample_a_1024x768_50Frms.264/h264enc.js:1031:11)
    at abortOnCannotGrowMemory (/home/test/workspace/openh264/test/encoder_binary_comparison/AllTestData/Adobe_PDF_sample_a_1024x768_50Frms.264/h264enc.js:4914:7)
    at _emscripten_resize_heap (/home/test/workspace/openh264/test/encoder_binary_comparison/AllTestData/Adobe_PDF_sample_a_1024x768_50Frms.264/h264enc.js:4919:7)
    at wasm://wasm/00265406:wasm-function[1133]:0x705f0
    at wasm://wasm/00265406:wasm-function[1121]:0x6e28d
    at wasm://wasm/00265406:wasm-function[775]:0x60eb2
    at wasm://wasm/00265406:wasm-function[357]:0x2e8f3
    at wasm://wasm/00265406:wasm-function[363]:0x2f261
    at wasm://wasm/00265406:wasm-function[555]:0x407f3
    at wasm://wasm/00265406:wasm-function[554]:0x405bd   [0m
[31m    Failed! Adobe_PDF_sample_a_1024x768_50Frms.264_x.yuv Case Index 708:SHA-1(Current--Benchmark): NULL-----27c71e2922b1cbbc574cf5e31b5f450954bb36d8  [0m
[31m            ----YUVSHA1:  NULL,  9aa9a4d9598eb3e1093311826844f37c43e4c521  [0m
[31m           Aborted(Cannot enlarge memory arrays to size 19128320 bytes (OOM). Either (1) compile with -sINITIAL_MEMORY=X with X higher than the current value 16777216, (2) compile with -sALLOW_MEMORY_GROWTH which allows increasing the size at runtime, or (3) if you want malloc to return NULL (0) instead of this abort, compile with -sABORTING_MALLOC=0)
/home/test/workspace/openh264/test/encoder_binary_comparison/AllTestData/Adobe_PDF_sample_a_1024x768_50Frms.264/h264enc.js:167
      throw ex;
      ^

RuntimeError: Aborted(Cannot enlarge memory arrays to size 19128320 bytes (OOM). Either (1) compile with -sINITIAL_MEMORY=X with X higher than the current value 16777216, (2) compile with -sALLOW_MEMORY_GROWTH which allows increasing the size at runtime, or (3) if you want malloc to return NULL (0) instead of this abort, compile with -sABORTING_MALLOC=0)
    at abort (/home/test/workspace/openh264/test/encoder_binary_comparison/AllTestData/Adobe_PDF_sample_a_1024x768_50Frms.264/h264enc.js:1031:11)
    at abortOnCannotGrowMemory (/home/test/workspace/openh264/test/encoder_binary_comparison/AllTestData/Adobe_PDF_sample_a_1024x768_50Frms.264/h264enc.js:4914:7)
    at _emscripten_resize_heap (/home/test/workspace/openh264/test/encoder_binary_comparison/AllTestData/Adobe_PDF_sample_a_1024x768_50Frms.264/h264enc.js:4919:7)
    at wasm://wasm/00265406:wasm-function[1133]:0x705f0
    at wasm://wasm/00265406:wasm-function[1121]:0x6e28d
    at wasm://wasm/00265406:wasm-function[775]:0x60eb2
    at wasm://wasm/00265406:wasm-function[357]:0x2e8f3
    at wasm://wasm/00265406:wasm-function[363]:0x2f261
    at wasm://wasm/00265406:wasm-function[555]:0x407f3
    at wasm://wasm/00265406:wasm-function[554]:0x405bd   [0m
[31m    Failed! Adobe_PDF_sample_a_1024x768_50Frms.264_x.yuv Case Index 709:SHA-1(Current--Benchmark): NULL-----27c71e2922b1cbbc574cf5e31b5f450954bb36d8  [0m
[31m            ----YUVSHA1:  NULL,  9aa9a4d9598eb3e1093311826844f37c43e4c521  [0m
[31m           Aborted(Cannot enlarge memory arrays to size 19128320 bytes (OOM). Either (1) compile with -sINITIAL_MEMORY=X with X higher than the current value 16777216, (2) compile with -sALLOW_MEMORY_GROWTH which allows increasing the size at runtime, or (3) if you want malloc to return NULL (0) instead of this abort, compile with -sABORTING_MALLOC=0)
/home/test/workspace/openh264/test/encoder_binary_comparison/AllTestData/Adobe_PDF_sample_a_1024x768_50Frms.264/h264enc.js:167
      throw ex;
      ^

RuntimeError: Aborted(Cannot enlarge memory arrays to size 19128320 bytes (OOM). Either (1) compile with -sINITIAL_MEMORY=X with X higher than the current value 16777216, (2) compile with -sALLOW_MEMORY_GROWTH which allows increasing the size at runtime, or (3) if you want malloc to return NULL (0) instead of this abort, compile with -sABORTING_MALLOC=0)
    at abort (/home/test/workspace/openh264/test/encoder_binary_comparison/AllTestData/Adobe_PDF_sample_a_1024x768_50Frms.264/h264enc.js:1031:11)
    at abortOnCannotGrowMemory (/home/test/workspace/openh264/test/encoder_binary_comparison/AllTestData/Adobe_PDF_sample_a_1024x768_50Frms.264/h264enc.js:4914:7)
    at _emscripten_resize_heap (/home/test/workspace/openh264/test/encoder_binary_comparison/AllTestData/Adobe_PDF_sample_a_1024x768_50Frms.264/h264enc.js:4919:7)
    at wasm://wasm/00265406:wasm-function[1133]:0x705f0
    at wasm://wasm/00265406:wasm-function[1121]:0x6e28d
    at wasm://wasm/00265406:wasm-function[775]:0x60eb2
    at wasm://wasm/00265406:wasm-function[357]:0x2e8f3
    at wasm://wasm/00265406:wasm-function[363]:0x2f261
    at wasm://wasm/00265406:wasm-function[555]:0x407f3
    at wasm://wasm/00265406:wasm-function[554]:0x405bd   [0m
[31m    Failed! Adobe_PDF_sample_a_1024x768_50Frms.264_x.yuv Case Index 710:SHA-1(Current--Benchmark): NULL-----27c71e2922b1cbbc574cf5e31b5f450954bb36d8  [0m
[31m            ----YUVSHA1:  NULL,  9aa9a4d9598eb3e1093311826844f37c43e4c521  [0m
[31m           Aborted(Cannot enlarge memory arrays to size 19128320 bytes (OOM). Either (1) compile with -sINITIAL_MEMORY=X with X higher than the current value 16777216, (2) compile with -sALLOW_MEMORY_GROWTH which allows increasing the size at runtime, or (3) if you want malloc to return NULL (0) instead of this abort, compile with -sABORTING_MALLOC=0)
/home/test/workspace/openh264/test/encoder_binary_comparison/AllTestData/Adobe_PDF_sample_a_1024x768_50Frms.264/h264enc.js:167
      throw ex;
      ^

RuntimeError: Aborted(Cannot enlarge memory arrays to size 19128320 bytes (OOM). Either (1) compile with -sINITIAL_MEMORY=X with X higher than the current value 16777216, (2) compile with -sALLOW_MEMORY_GROWTH which allows increasing the size at runtime, or (3) if you want malloc to return NULL (0) instead of this abort, compile with -sABORTING_MALLOC=0)
    at abort (/home/test/workspace/openh264/test/encoder_binary_comparison/AllTestData/Adobe_PDF_sample_a_1024x768_50Frms.264/h264enc.js:1031:11)
    at abortOnCannotGrowMemory (/home/test/workspace/openh264/test/encoder_binary_comparison/AllTestData/Adobe_PDF_sample_a_1024x768_50Frms.264/h264enc.js:4914:7)
    at _emscripten_resize_heap (/home/test/workspace/openh264/test/encoder_binary_comparison/AllTestData/Adobe_PDF_sample_a_1024x768_50Frms.264/h264enc.js:4919:7)
    at wasm://wasm/00265406:wasm-function[1133]:0x705f0
    at wasm://wasm/00265406:wasm-function[1121]:0x6e28d
    at wasm://wasm/00265406:wasm-function[775]:0x60eb2
    at wasm://wasm/00265406:wasm-function[357]:0x2e8f3
    at wasm://wasm/00265406:wasm-function[363]:0x2f261
    at wasm://wasm/00265406:wasm-function[555]:0x407f3
    at wasm://wasm/00265406:wasm-function[554]:0x405bd   [0m
[31m    Failed! Adobe_PDF_sample_a_1024x768_50Frms.264_x.yuv Case Index 711:SHA-1(Current--Benchmark): NULL-----27c71e2922b1cbbc574cf5e31b5f450954bb36d8  [0m
[31m            ----YUVSHA1:  NULL,  9aa9a4d9598eb3e1093311826844f37c43e4c521  [0m
[31m           Aborted(Cannot enlarge memory arrays to size 19128320 bytes (OOM). Either (1) compile with -sINITIAL_MEMORY=X with X higher than the current value 16777216, (2) compile with -sALLOW_MEMORY_GROWTH which allows increasing the size at runtime, or (3) if you want malloc to return NULL (0) instead of this abort, compile with -sABORTING_MALLOC=0)
/home/test/workspace/openh264/test/encoder_binary_comparison/AllTestData/Adobe_PDF_sample_a_1024x768_50Frms.264/h264enc.js:167
      throw ex;
      ^

RuntimeError: Aborted(Cannot enlarge memory arrays to size 19128320 bytes (OOM). Either (1) compile with -sINITIAL_MEMORY=X with X higher than the current value 16777216, (2) compile with -sALLOW_MEMORY_GROWTH which allows increasing the size at runtime, or (3) if you want malloc to return NULL (0) instead of this abort, compile with -sABORTING_MALLOC=0)
    at abort (/home/test/workspace/openh264/test/encoder_binary_comparison/AllTestData/Adobe_PDF_sample_a_1024x768_50Frms.264/h264enc.js:1031:11)
    at abortOnCannotGrowMemory (/home/test/workspace/openh264/test/encoder_binary_comparison/AllTestData/Adobe_PDF_sample_a_1024x768_50Frms.264/h264enc.js:4914:7)
    at _emscripten_resize_heap (/home/test/workspace/openh264/test/encoder_binary_comparison/AllTestData/Adobe_PDF_sample_a_1024x768_50Frms.264/h264enc.js:4919:7)
    at wasm://wasm/00265406:wasm-function[1133]:0x705f0
    at wasm://wasm/00265406:wasm-function[1121]:0x6e28d
    at wasm://wasm/00265406:wasm-function[775]:0x60eb2
    at wasm://wasm/00265406:wasm-function[357]:0x2e8f3
    at wasm://wasm/00265406:wasm-function[363]:0x2f261
    at wasm://wasm/00265406:wasm-function[555]:0x407f3
    at wasm://wasm/00265406:wasm-function[554]:0x405bd   [0m
[31m    Failed! Adobe_PDF_sample_a_1024x768_50Frms.264_x.yuv Case Index 712:SHA-1(Current--Benchmark): NULL-----27c71e2922b1cbbc574cf5e31b5f450954bb36d8  [0m
[31m            ----YUVSHA1:  NULL,  9aa9a4d9598eb3e1093311826844f37c43e4c521  [0m
[31m           Aborted(Cannot enlarge memory arrays to size 19128320 bytes (OOM). Either (1) compile with -sINITIAL_MEMORY=X with X higher than the current value 16777216, (2) compile with -sALLOW_MEMORY_GROWTH which allows increasing the size at runtime, or (3) if you want malloc to return NULL (0) instead of this abort, compile with -sABORTING_MALLOC=0)
/home/test/workspace/openh264/test/encoder_binary_comparison/AllTestData/Adobe_PDF_sample_a_1024x768_50Frms.264/h264enc.js:167
      throw ex;
      ^

RuntimeError: Aborted(Cannot enlarge memory arrays to size 19128320 bytes (OOM). Either (1) compile with -sINITIAL_MEMORY=X with X higher than the current value 16777216, (2) compile with -sALLOW_MEMORY_GROWTH which allows increasing the size at runtime, or (3) if you want malloc to return NULL (0) instead of this abort, compile with -sABORTING_MALLOC=0)
    at abort (/home/test/workspace/openh264/test/encoder_binary_comparison/AllTestData/Adobe_PDF_sample_a_1024x768_50Frms.264/h264enc.js:1031:11)
    at abortOnCannotGrowMemory (/home/test/workspace/openh264/test/encoder_binary_comparison/AllTestData/Adobe_PDF_sample_a_1024x768_50Frms.264/h264enc.js:4914:7)
    at _emscripten_resize_heap (/home/test/workspace/openh264/test/encoder_binary_comparison/AllTestData/Adobe_PDF_sample_a_1024x768_50Frms.264/h264enc.js:4919:7)
    at wasm://wasm/00265406:wasm-function[1133]:0x705f0
    at wasm://wasm/00265406:wasm-function[1121]:0x6e28d
    at wasm://wasm/00265406:wasm-function[775]:0x60eb2
    at wasm://wasm/00265406:wasm-function[357]:0x2e8f3
    at wasm://wasm/00265406:wasm-function[363]:0x2f261
    at wasm://wasm/00265406:wasm-function[555]:0x407f3
    at wasm://wasm/00265406:wasm-function[554]:0x405bd   [0m
[31m    Failed! Adobe_PDF_sample_a_1024x768_50Frms.264_x.yuv Case Index 713:SHA-1(Current--Benchmark): NULL-----27c71e2922b1cbbc574cf5e31b5f450954bb36d8  [0m
[31m            ----YUVSHA1:  NULL,  9aa9a4d9598eb3e1093311826844f37c43e4c521  [0m
[31m           Aborted(Cannot enlarge memory arrays to size 19128320 bytes (OOM). Either (1) compile with -sINITIAL_MEMORY=X with X higher than the current value 16777216, (2) compile with -sALLOW_MEMORY_GROWTH which allows increasing the size at runtime, or (3) if you want malloc to return NULL (0) instead of this abort, compile with -sABORTING_MALLOC=0)
/home/test/workspace/openh264/test/encoder_binary_comparison/AllTestData/Adobe_PDF_sample_a_1024x768_50Frms.264/h264enc.js:167
      throw ex;
      ^

RuntimeError: Aborted(Cannot enlarge memory arrays to size 19128320 bytes (OOM). Either (1) compile with -sINITIAL_MEMORY=X with X higher than the current value 16777216, (2) compile with -sALLOW_MEMORY_GROWTH which allows increasing the size at runtime, or (3) if you want malloc to return NULL (0) instead of this abort, compile with -sABORTING_MALLOC=0)
    at abort (/home/test/workspace/openh264/test/encoder_binary_comparison/AllTestData/Adobe_PDF_sample_a_1024x768_50Frms.264/h264enc.js:1031:11)
    at abortOnCannotGrowMemory (/home/test/workspace/openh264/test/encoder_binary_comparison/AllTestData/Adobe_PDF_sample_a_1024x768_50Frms.264/h264enc.js:4914:7)
    at _emscripten_resize_heap (/home/test/workspace/openh264/test/encoder_binary_comparison/AllTestData/Adobe_PDF_sample_a_1024x768_50Frms.264/h264enc.js:4919:7)
    at wasm://wasm/00265406:wasm-function[1133]:0x705f0
    at wasm://wasm/00265406:wasm-function[1121]:0x6e28d
    at wasm://wasm/00265406:wasm-function[775]:0x60eb2
    at wasm://wasm/00265406:wasm-function[357]:0x2e8f3
    at wasm://wasm/00265406:wasm-function[363]:0x2f261
    at wasm://wasm/00265406:wasm-function[555]:0x407f3
    at wasm://wasm/00265406:wasm-function[554]:0x405bd   [0m
[31m    Failed! Adobe_PDF_sample_a_1024x768_50Frms.264_x.yuv Case Index 714:SHA-1(Current--Benchmark): NULL-----27c71e2922b1cbbc574cf5e31b5f450954bb36d8  [0m
[31m            ----YUVSHA1:  NULL,  9aa9a4d9598eb3e1093311826844f37c43e4c521  [0m
[31m           Aborted(Cannot enlarge memory arrays to size 19128320 bytes (OOM). Either (1) compile with -sINITIAL_MEMORY=X with X higher than the current value 16777216, (2) compile with -sALLOW_MEMORY_GROWTH which allows increasing the size at runtime, or (3) if you want malloc to return NULL (0) instead of this abort, compile with -sABORTING_MALLOC=0)
/home/test/workspace/openh264/test/encoder_binary_comparison/AllTestData/Adobe_PDF_sample_a_1024x768_50Frms.264/h264enc.js:167
      throw ex;
      ^

RuntimeError: Aborted(Cannot enlarge memory arrays to size 19128320 bytes (OOM). Either (1) compile with -sINITIAL_MEMORY=X with X higher than the current value 16777216, (2) compile with -sALLOW_MEMORY_GROWTH which allows increasing the size at runtime, or (3) if you want malloc to return NULL (0) instead of this abort, compile with -sABORTING_MALLOC=0)
    at abort (/home/test/workspace/openh264/test/encoder_binary_comparison/AllTestData/Adobe_PDF_sample_a_1024x768_50Frms.264/h264enc.js:1031:11)
    at abortOnCannotGrowMemory (/home/test/workspace/openh264/test/encoder_binary_comparison/AllTestData/Adobe_PDF_sample_a_1024x768_50Frms.264/h264enc.js:4914:7)
    at _emscripten_resize_heap (/home/test/workspace/openh264/test/encoder_binary_comparison/AllTestData/Adobe_PDF_sample_a_1024x768_50Frms.264/h264enc.js:4919:7)
    at wasm://wasm/00265406:wasm-function[1133]:0x705f0
    at wasm://wasm/00265406:wasm-function[1121]:0x6e28d
    at wasm://wasm/00265406:wasm-function[775]:0x60eb2
    at wasm://wasm/00265406:wasm-function[357]:0x2e8f3
    at wasm://wasm/00265406:wasm-function[363]:0x2f261
    at wasm://wasm/00265406:wasm-function[555]:0x407f3
    at wasm://wasm/00265406:wasm-function[554]:0x405bd   [0m
[31m    Failed! Adobe_PDF_sample_a_1024x768_50Frms.264_x.yuv Case Index 715:SHA-1(Current--Benchmark): NULL-----27c71e2922b1cbbc574cf5e31b5f450954bb36d8  [0m
[31m            ----YUVSHA1:  NULL,  9aa9a4d9598eb3e1093311826844f37c43e4c521  [0m
[31m           Aborted(Cannot enlarge memory arrays to size 19128320 bytes (OOM). Either (1) compile with -sINITIAL_MEMORY=X with X higher than the current value 16777216, (2) compile with -sALLOW_MEMORY_GROWTH which allows increasing the size at runtime, or (3) if you want malloc to return NULL (0) instead of this abort, compile with -sABORTING_MALLOC=0)
/home/test/workspace/openh264/test/encoder_binary_comparison/AllTestData/Adobe_PDF_sample_a_1024x768_50Frms.264/h264enc.js:167
      throw ex;
      ^

RuntimeError: Aborted(Cannot enlarge memory arrays to size 19128320 bytes (OOM). Either (1) compile with -sINITIAL_MEMORY=X with X higher than the current value 16777216, (2) compile with -sALLOW_MEMORY_GROWTH which allows increasing the size at runtime, or (3) if you want malloc to return NULL (0) instead of this abort, compile with -sABORTING_MALLOC=0)
    at abort (/home/test/workspace/openh264/test/encoder_binary_comparison/AllTestData/Adobe_PDF_sample_a_1024x768_50Frms.264/h264enc.js:1031:11)
    at abortOnCannotGrowMemory (/home/test/workspace/openh264/test/encoder_binary_comparison/AllTestData/Adobe_PDF_sample_a_1024x768_50Frms.264/h264enc.js:4914:7)
    at _emscripten_resize_heap (/home/test/workspace/openh264/test/encoder_binary_comparison/AllTestData/Adobe_PDF_sample_a_1024x768_50Frms.264/h264enc.js:4919:7)
    at wasm://wasm/00265406:wasm-function[1133]:0x705f0
    at wasm://wasm/00265406:wasm-function[1121]:0x6e28d
    at wasm://wasm/00265406:wasm-function[775]:0x60eb2
    at wasm://wasm/00265406:wasm-function[357]:0x2e8f3
    at wasm://wasm/00265406:wasm-function[363]:0x2f261
    at wasm://wasm/00265406:wasm-function[555]:0x407f3
    at wasm://wasm/00265406:wasm-function[554]:0x405bd   [0m
[31m    Failed! Adobe_PDF_sample_a_1024x768_50Frms.264_x.yuv Case Index 716:SHA-1(Current--Benchmark): NULL-----27c71e2922b1cbbc574cf5e31b5f450954bb36d8  [0m
[31m            ----YUVSHA1:  NULL,  9aa9a4d9598eb3e1093311826844f37c43e4c521  [0m
[31m           Aborted(Cannot enlarge memory arrays to size 19128320 bytes (OOM). Either (1) compile with -sINITIAL_MEMORY=X with X higher than the current value 16777216, (2) compile with -sALLOW_MEMORY_GROWTH which allows increasing the size at runtime, or (3) if you want malloc to return NULL (0) instead of this abort, compile with -sABORTING_MALLOC=0)
/home/test/workspace/openh264/test/encoder_binary_comparison/AllTestData/Adobe_PDF_sample_a_1024x768_50Frms.264/h264enc.js:167
      throw ex;
      ^

RuntimeError: Aborted(Cannot enlarge memory arrays to size 19128320 bytes (OOM). Either (1) compile with -sINITIAL_MEMORY=X with X higher than the current value 16777216, (2) compile with -sALLOW_MEMORY_GROWTH which allows increasing the size at runtime, or (3) if you want malloc to return NULL (0) instead of this abort, compile with -sABORTING_MALLOC=0)
    at abort (/home/test/workspace/openh264/test/encoder_binary_comparison/AllTestData/Adobe_PDF_sample_a_1024x768_50Frms.264/h264enc.js:1031:11)
    at abortOnCannotGrowMemory (/home/test/workspace/openh264/test/encoder_binary_comparison/AllTestData/Adobe_PDF_sample_a_1024x768_50Frms.264/h264enc.js:4914:7)
    at _emscripten_resize_heap (/home/test/workspace/openh264/test/encoder_binary_comparison/AllTestData/Adobe_PDF_sample_a_1024x768_50Frms.264/h264enc.js:4919:7)
    at wasm://wasm/00265406:wasm-function[1133]:0x705f0
    at wasm://wasm/00265406:wasm-function[1121]:0x6e28d
    at wasm://wasm/00265406:wasm-function[775]:0x60eb2
    at wasm://wasm/00265406:wasm-function[357]:0x2e8f3
    at wasm://wasm/00265406:wasm-function[363]:0x2f261
    at wasm://wasm/00265406:wasm-function[555]:0x407f3
    at wasm://wasm/00265406:wasm-function[554]:0x405bd   [0m
[31m    Failed! Adobe_PDF_sample_a_1024x768_50Frms.264_x.yuv Case Index 717:SHA-1(Current--Benchmark): NULL-----27c71e2922b1cbbc574cf5e31b5f450954bb36d8  [0m
[31m            ----YUVSHA1:  NULL,  9aa9a4d9598eb3e1093311826844f37c43e4c521  [0m
[31m           Aborted(Cannot enlarge memory arrays to size 19128320 bytes (OOM). Either (1) compile with -sINITIAL_MEMORY=X with X higher than the current value 16777216, (2) compile with -sALLOW_MEMORY_GROWTH which allows increasing the size at runtime, or (3) if you want malloc to return NULL (0) instead of this abort, compile with -sABORTING_MALLOC=0)
/home/test/workspace/openh264/test/encoder_binary_comparison/AllTestData/Adobe_PDF_sample_a_1024x768_50Frms.264/h264enc.js:167
      throw ex;
      ^

RuntimeError: Aborted(Cannot enlarge memory arrays to size 19128320 bytes (OOM). Either (1) compile with -sINITIAL_MEMORY=X with X higher than the current value 16777216, (2) compile with -sALLOW_MEMORY_GROWTH which allows increasing the size at runtime, or (3) if you want malloc to return NULL (0) instead of this abort, compile with -sABORTING_MALLOC=0)
    at abort (/home/test/workspace/openh264/test/encoder_binary_comparison/AllTestData/Adobe_PDF_sample_a_1024x768_50Frms.264/h264enc.js:1031:11)
    at abortOnCannotGrowMemory (/home/test/workspace/openh264/test/encoder_binary_comparison/AllTestData/Adobe_PDF_sample_a_1024x768_50Frms.264/h264enc.js:4914:7)
    at _emscripten_resize_heap (/home/test/workspace/openh264/test/encoder_binary_comparison/AllTestData/Adobe_PDF_sample_a_1024x768_50Frms.264/h264enc.js:4919:7)
    at wasm://wasm/00265406:wasm-function[1133]:0x705f0
    at wasm://wasm/00265406:wasm-function[1121]:0x6e28d
    at wasm://wasm/00265406:wasm-function[775]:0x60eb2
    at wasm://wasm/00265406:wasm-function[357]:0x2e8f3
    at wasm://wasm/00265406:wasm-function[363]:0x2f261
    at wasm://wasm/00265406:wasm-function[555]:0x407f3
    at wasm://wasm/00265406:wasm-function[554]:0x405bd   [0m
[31m    Failed! Adobe_PDF_sample_a_1024x768_50Frms.264_x.yuv Case Index 718:SHA-1(Current--Benchmark): NULL-----27c71e2922b1cbbc574cf5e31b5f450954bb36d8  [0m
[31m            ----YUVSHA1:  NULL,  9aa9a4d9598eb3e1093311826844f37c43e4c521  [0m
[31m           Aborted(Cannot enlarge memory arrays to size 19128320 bytes (OOM). Either (1) compile with -sINITIAL_MEMORY=X with X higher than the current value 16777216, (2) compile with -sALLOW_MEMORY_GROWTH which allows increasing the size at runtime, or (3) if you want malloc to return NULL (0) instead of this abort, compile with -sABORTING_MALLOC=0)
/home/test/workspace/openh264/test/encoder_binary_comparison/AllTestData/Adobe_PDF_sample_a_1024x768_50Frms.264/h264enc.js:167
      throw ex;
      ^

RuntimeError: Aborted(Cannot enlarge memory arrays to size 19128320 bytes (OOM). Either (1) compile with -sINITIAL_MEMORY=X with X higher than the current value 16777216, (2) compile with -sALLOW_MEMORY_GROWTH which allows increasing the size at runtime, or (3) if you want malloc to return NULL (0) instead of this abort, compile with -sABORTING_MALLOC=0)
    at abort (/home/test/workspace/openh264/test/encoder_binary_comparison/AllTestData/Adobe_PDF_sample_a_1024x768_50Frms.264/h264enc.js:1031:11)
    at abortOnCannotGrowMemory (/home/test/workspace/openh264/test/encoder_binary_comparison/AllTestData/Adobe_PDF_sample_a_1024x768_50Frms.264/h264enc.js:4914:7)
    at _emscripten_resize_heap (/home/test/workspace/openh264/test/encoder_binary_comparison/AllTestData/Adobe_PDF_sample_a_1024x768_50Frms.264/h264enc.js:4919:7)
    at wasm://wasm/00265406:wasm-function[1133]:0x705f0
    at wasm://wasm/00265406:wasm-function[1121]:0x6e28d
    at wasm://wasm/00265406:wasm-function[775]:0x60eb2
    at wasm://wasm/00265406:wasm-function[357]:0x2e8f3
    at wasm://wasm/00265406:wasm-function[363]:0x2f261
    at wasm://wasm/00265406:wasm-function[555]:0x407f3
    at wasm://wasm/00265406:wasm-function[554]:0x405bd   [0m
[31m    Failed! Adobe_PDF_sample_a_1024x768_50Frms.264_x.yuv Case Index 719:SHA-1(Current--Benchmark): NULL-----27c71e2922b1cbbc574cf5e31b5f450954bb36d8  [0m
[31m            ----YUVSHA1:  NULL,  9aa9a4d9598eb3e1093311826844f37c43e4c521  [0m
[31m           Aborted(Cannot enlarge memory arrays to size 19128320 bytes (OOM). Either (1) compile with -sINITIAL_MEMORY=X with X higher than the current value 16777216, (2) compile with -sALLOW_MEMORY_GROWTH which allows increasing the size at runtime, or (3) if you want malloc to return NULL (0) instead of this abort, compile with -sABORTING_MALLOC=0)
/home/test/workspace/openh264/test/encoder_binary_comparison/AllTestData/Adobe_PDF_sample_a_1024x768_50Frms.264/h264enc.js:167
      throw ex;
      ^

RuntimeError: Aborted(Cannot enlarge memory arrays to size 19128320 bytes (OOM). Either (1) compile with -sINITIAL_MEMORY=X with X higher than the current value 16777216, (2) compile with -sALLOW_MEMORY_GROWTH which allows increasing the size at runtime, or (3) if you want malloc to return NULL (0) instead of this abort, compile with -sABORTING_MALLOC=0)
    at abort (/home/test/workspace/openh264/test/encoder_binary_comparison/AllTestData/Adobe_PDF_sample_a_1024x768_50Frms.264/h264enc.js:1031:11)
    at abortOnCannotGrowMemory (/home/test/workspace/openh264/test/encoder_binary_comparison/AllTestData/Adobe_PDF_sample_a_1024x768_50Frms.264/h264enc.js:4914:7)
    at _emscripten_resize_heap (/home/test/workspace/openh264/test/encoder_binary_comparison/AllTestData/Adobe_PDF_sample_a_1024x768_50Frms.264/h264enc.js:4919:7)
    at wasm://wasm/00265406:wasm-function[1133]:0x705f0
    at wasm://wasm/00265406:wasm-function[1121]:0x6e28d
    at wasm://wasm/00265406:wasm-function[775]:0x60eb2
    at wasm://wasm/00265406:wasm-function[357]:0x2e8f3
    at wasm://wasm/00265406:wasm-function[363]:0x2f261
    at wasm://wasm/00265406:wasm-function[555]:0x407f3
    at wasm://wasm/00265406:wasm-function[554]:0x405bd   [0m
[31m    Failed! Adobe_PDF_sample_a_1024x768_50Frms.264_x.yuv Case Index 720:SHA-1(Current--Benchmark): NULL-----a884a52cc9a2ee9635b5a687b1412033c473b594  [0m
[31m            ----YUVSHA1:  NULL,  9aa9a4d9598eb3e1093311826844f37c43e4c521  [0m
[31m           Aborted(Cannot enlarge memory arrays to size 19124224 bytes (OOM). Either (1) compile with -sINITIAL_MEMORY=X with X higher than the current value 16777216, (2) compile with -sALLOW_MEMORY_GROWTH which allows increasing the size at runtime, or (3) if you want malloc to return NULL (0) instead of this abort, compile with -sABORTING_MALLOC=0)
/home/test/workspace/openh264/test/encoder_binary_comparison/AllTestData/Adobe_PDF_sample_a_1024x768_50Frms.264/h264enc.js:167
      throw ex;
      ^

RuntimeError: Aborted(Cannot enlarge memory arrays to size 19124224 bytes (OOM). Either (1) compile with -sINITIAL_MEMORY=X with X higher than the current value 16777216, (2) compile with -sALLOW_MEMORY_GROWTH which allows increasing the size at runtime, or (3) if you want malloc to return NULL (0) instead of this abort, compile with -sABORTING_MALLOC=0)
    at abort (/home/test/workspace/openh264/test/encoder_binary_comparison/AllTestData/Adobe_PDF_sample_a_1024x768_50Frms.264/h264enc.js:1031:11)
    at abortOnCannotGrowMemory (/home/test/workspace/openh264/test/encoder_binary_comparison/AllTestData/Adobe_PDF_sample_a_1024x768_50Frms.264/h264enc.js:4914:7)
    at _emscripten_resize_heap (/home/test/workspace/openh264/test/encoder_binary_comparison/AllTestData/Adobe_PDF_sample_a_1024x768_50Frms.264/h264enc.js:4919:7)
    at wasm://wasm/00265406:wasm-function[1133]:0x705f0
    at wasm://wasm/00265406:wasm-function[1121]:0x6e28d
    at wasm://wasm/00265406:wasm-function[775]:0x60eb2
    at wasm://wasm/00265406:wasm-function[357]:0x2e8f3
    at wasm://wasm/00265406:wasm-function[363]:0x2f261
    at wasm://wasm/00265406:wasm-function[555]:0x407f3
    at wasm://wasm/00265406:wasm-function[554]:0x405bd   [0m
[31m    Failed! Adobe_PDF_sample_a_1024x768_50Frms.264_x.yuv Case Index 721:SHA-1(Current--Benchmark): NULL-----a884a52cc9a2ee9635b5a687b1412033c473b594  [0m
[31m            ----YUVSHA1:  NULL,  9aa9a4d9598eb3e1093311826844f37c43e4c521  [0m
[31m           Aborted(Cannot enlarge memory arrays to size 19124224 bytes (OOM). Either (1) compile with -sINITIAL_MEMORY=X with X higher than the current value 16777216, (2) compile with -sALLOW_MEMORY_GROWTH which allows increasing the size at runtime, or (3) if you want malloc to return NULL (0) instead of this abort, compile with -sABORTING_MALLOC=0)
/home/test/workspace/openh264/test/encoder_binary_comparison/AllTestData/Adobe_PDF_sample_a_1024x768_50Frms.264/h264enc.js:167
      throw ex;
      ^

RuntimeError: Aborted(Cannot enlarge memory arrays to size 19124224 bytes (OOM). Either (1) compile with -sINITIAL_MEMORY=X with X higher than the current value 16777216, (2) compile with -sALLOW_MEMORY_GROWTH which allows increasing the size at runtime, or (3) if you want malloc to return NULL (0) instead of this abort, compile with -sABORTING_MALLOC=0)
    at abort (/home/test/workspace/openh264/test/encoder_binary_comparison/AllTestData/Adobe_PDF_sample_a_1024x768_50Frms.264/h264enc.js:1031:11)
    at abortOnCannotGrowMemory (/home/test/workspace/openh264/test/encoder_binary_comparison/AllTestData/Adobe_PDF_sample_a_1024x768_50Frms.264/h264enc.js:4914:7)
    at _emscripten_resize_heap (/home/test/workspace/openh264/test/encoder_binary_comparison/AllTestData/Adobe_PDF_sample_a_1024x768_50Frms.264/h264enc.js:4919:7)
    at wasm://wasm/00265406:wasm-function[1133]:0x705f0
    at wasm://wasm/00265406:wasm-function[1121]:0x6e28d
    at wasm://wasm/00265406:wasm-function[775]:0x60eb2
    at wasm://wasm/00265406:wasm-function[357]:0x2e8f3
    at wasm://wasm/00265406:wasm-function[363]:0x2f261
    at wasm://wasm/00265406:wasm-function[555]:0x407f3
    at wasm://wasm/00265406:wasm-function[554]:0x405bd   [0m
[31m    Failed! Adobe_PDF_sample_a_1024x768_50Frms.264_x.yuv Case Index 722:SHA-1(Current--Benchmark): NULL-----a884a52cc9a2ee9635b5a687b1412033c473b594  [0m
[31m            ----YUVSHA1:  NULL,  9aa9a4d9598eb3e1093311826844f37c43e4c521  [0m
[31m           Aborted(Cannot enlarge memory arrays to size 19124224 bytes (OOM). Either (1) compile with -sINITIAL_MEMORY=X with X higher than the current value 16777216, (2) compile with -sALLOW_MEMORY_GROWTH which allows increasing the size at runtime, or (3) if you want malloc to return NULL (0) instead of this abort, compile with -sABORTING_MALLOC=0)
/home/test/workspace/openh264/test/encoder_binary_comparison/AllTestData/Adobe_PDF_sample_a_1024x768_50Frms.264/h264enc.js:167
      throw ex;
      ^

RuntimeError: Aborted(Cannot enlarge memory arrays to size 19124224 bytes (OOM). Either (1) compile with -sINITIAL_MEMORY=X with X higher than the current value 16777216, (2) compile with -sALLOW_MEMORY_GROWTH which allows increasing the size at runtime, or (3) if you want malloc to return NULL (0) instead of this abort, compile with -sABORTING_MALLOC=0)
    at abort (/home/test/workspace/openh264/test/encoder_binary_comparison/AllTestData/Adobe_PDF_sample_a_1024x768_50Frms.264/h264enc.js:1031:11)
    at abortOnCannotGrowMemory (/home/test/workspace/openh264/test/encoder_binary_comparison/AllTestData/Adobe_PDF_sample_a_1024x768_50Frms.264/h264enc.js:4914:7)
    at _emscripten_resize_heap (/home/test/workspace/openh264/test/encoder_binary_comparison/AllTestData/Adobe_PDF_sample_a_1024x768_50Frms.264/h264enc.js:4919:7)
    at wasm://wasm/00265406:wasm-function[1133]:0x705f0
    at wasm://wasm/00265406:wasm-function[1121]:0x6e28d
    at wasm://wasm/00265406:wasm-function[775]:0x60eb2
    at wasm://wasm/00265406:wasm-function[357]:0x2e8f3
    at wasm://wasm/00265406:wasm-function[363]:0x2f261
    at wasm://wasm/00265406:wasm-function[555]:0x407f3
    at wasm://wasm/00265406:wasm-function[554]:0x405bd   [0m
[31m    Failed! Adobe_PDF_sample_a_1024x768_50Frms.264_x.yuv Case Index 723:SHA-1(Current--Benchmark): NULL-----a884a52cc9a2ee9635b5a687b1412033c473b594  [0m
[31m            ----YUVSHA1:  NULL,  9aa9a4d9598eb3e1093311826844f37c43e4c521  [0m
[31m           Aborted(Cannot enlarge memory arrays to size 19124224 bytes (OOM). Either (1) compile with -sINITIAL_MEMORY=X with X higher than the current value 16777216, (2) compile with -sALLOW_MEMORY_GROWTH which allows increasing the size at runtime, or (3) if you want malloc to return NULL (0) instead of this abort, compile with -sABORTING_MALLOC=0)
/home/test/workspace/openh264/test/encoder_binary_comparison/AllTestData/Adobe_PDF_sample_a_1024x768_50Frms.264/h264enc.js:167
      throw ex;
      ^

RuntimeError: Aborted(Cannot enlarge memory arrays to size 19124224 bytes (OOM). Either (1) compile with -sINITIAL_MEMORY=X with X higher than the current value 16777216, (2) compile with -sALLOW_MEMORY_GROWTH which allows increasing the size at runtime, or (3) if you want malloc to return NULL (0) instead of this abort, compile with -sABORTING_MALLOC=0)
    at abort (/home/test/workspace/openh264/test/encoder_binary_comparison/AllTestData/Adobe_PDF_sample_a_1024x768_50Frms.264/h264enc.js:1031:11)
    at abortOnCannotGrowMemory (/home/test/workspace/openh264/test/encoder_binary_comparison/AllTestData/Adobe_PDF_sample_a_1024x768_50Frms.264/h264enc.js:4914:7)
    at _emscripten_resize_heap (/home/test/workspace/openh264/test/encoder_binary_comparison/AllTestData/Adobe_PDF_sample_a_1024x768_50Frms.264/h264enc.js:4919:7)
    at wasm://wasm/00265406:wasm-function[1133]:0x705f0
    at wasm://wasm/00265406:wasm-function[1121]:0x6e28d
    at wasm://wasm/00265406:wasm-function[775]:0x60eb2
    at wasm://wasm/00265406:wasm-function[357]:0x2e8f3
    at wasm://wasm/00265406:wasm-function[363]:0x2f261
    at wasm://wasm/00265406:wasm-function[555]:0x407f3
    at wasm://wasm/00265406:wasm-function[554]:0x405bd   [0m
[31m    Failed! Adobe_PDF_sample_a_1024x768_50Frms.264_x.yuv Case Index 724:SHA-1(Current--Benchmark): NULL-----a884a52cc9a2ee9635b5a687b1412033c473b594  [0m
[31m            ----YUVSHA1:  NULL,  9aa9a4d9598eb3e1093311826844f37c43e4c521  [0m
[31m           Aborted(Cannot enlarge memory arrays to size 19124224 bytes (OOM). Either (1) compile with -sINITIAL_MEMORY=X with X higher than the current value 16777216, (2) compile with -sALLOW_MEMORY_GROWTH which allows increasing the size at runtime, or (3) if you want malloc to return NULL (0) instead of this abort, compile with -sABORTING_MALLOC=0)
/home/test/workspace/openh264/test/encoder_binary_comparison/AllTestData/Adobe_PDF_sample_a_1024x768_50Frms.264/h264enc.js:167
      throw ex;
      ^

RuntimeError: Aborted(Cannot enlarge memory arrays to size 19124224 bytes (OOM). Either (1) compile with -sINITIAL_MEMORY=X with X higher than the current value 16777216, (2) compile with -sALLOW_MEMORY_GROWTH which allows increasing the size at runtime, or (3) if you want malloc to return NULL (0) instead of this abort, compile with -sABORTING_MALLOC=0)
    at abort (/home/test/workspace/openh264/test/encoder_binary_comparison/AllTestData/Adobe_PDF_sample_a_1024x768_50Frms.264/h264enc.js:1031:11)
    at abortOnCannotGrowMemory (/home/test/workspace/openh264/test/encoder_binary_comparison/AllTestData/Adobe_PDF_sample_a_1024x768_50Frms.264/h264enc.js:4914:7)
    at _emscripten_resize_heap (/home/test/workspace/openh264/test/encoder_binary_comparison/AllTestData/Adobe_PDF_sample_a_1024x768_50Frms.264/h264enc.js:4919:7)
    at wasm://wasm/00265406:wasm-function[1133]:0x705f0
    at wasm://wasm/00265406:wasm-function[1121]:0x6e28d
    at wasm://wasm/00265406:wasm-function[775]:0x60eb2
    at wasm://wasm/00265406:wasm-function[357]:0x2e8f3
    at wasm://wasm/00265406:wasm-function[363]:0x2f261
    at wasm://wasm/00265406:wasm-function[555]:0x407f3
    at wasm://wasm/00265406:wasm-function[554]:0x405bd   [0m
[31m    Failed! Adobe_PDF_sample_a_1024x768_50Frms.264_x.yuv Case Index 725:SHA-1(Current--Benchmark): NULL-----a884a52cc9a2ee9635b5a687b1412033c473b594  [0m
[31m            ----YUVSHA1:  NULL,  9aa9a4d9598eb3e1093311826844f37c43e4c521  [0m
[31m           Aborted(Cannot enlarge memory arrays to size 19124224 bytes (OOM). Either (1) compile with -sINITIAL_MEMORY=X with X higher than the current value 16777216, (2) compile with -sALLOW_MEMORY_GROWTH which allows increasing the size at runtime, or (3) if you want malloc to return NULL (0) instead of this abort, compile with -sABORTING_MALLOC=0)
/home/test/workspace/openh264/test/encoder_binary_comparison/AllTestData/Adobe_PDF_sample_a_1024x768_50Frms.264/h264enc.js:167
      throw ex;
      ^

RuntimeError: Aborted(Cannot enlarge memory arrays to size 19124224 bytes (OOM). Either (1) compile with -sINITIAL_MEMORY=X with X higher than the current value 16777216, (2) compile with -sALLOW_MEMORY_GROWTH which allows increasing the size at runtime, or (3) if you want malloc to return NULL (0) instead of this abort, compile with -sABORTING_MALLOC=0)
    at abort (/home/test/workspace/openh264/test/encoder_binary_comparison/AllTestData/Adobe_PDF_sample_a_1024x768_50Frms.264/h264enc.js:1031:11)
    at abortOnCannotGrowMemory (/home/test/workspace/openh264/test/encoder_binary_comparison/AllTestData/Adobe_PDF_sample_a_1024x768_50Frms.264/h264enc.js:4914:7)
    at _emscripten_resize_heap (/home/test/workspace/openh264/test/encoder_binary_comparison/AllTestData/Adobe_PDF_sample_a_1024x768_50Frms.264/h264enc.js:4919:7)
    at wasm://wasm/00265406:wasm-function[1133]:0x705f0
    at wasm://wasm/00265406:wasm-function[1121]:0x6e28d
    at wasm://wasm/00265406:wasm-function[775]:0x60eb2
    at wasm://wasm/00265406:wasm-function[357]:0x2e8f3
    at wasm://wasm/00265406:wasm-function[363]:0x2f261
    at wasm://wasm/00265406:wasm-function[555]:0x407f3
    at wasm://wasm/00265406:wasm-function[554]:0x405bd   [0m
[31m    Failed! Adobe_PDF_sample_a_1024x768_50Frms.264_x.yuv Case Index 726:SHA-1(Current--Benchmark): NULL-----a884a52cc9a2ee9635b5a687b1412033c473b594  [0m
[31m            ----YUVSHA1:  NULL,  9aa9a4d9598eb3e1093311826844f37c43e4c521  [0m
[31m           Aborted(Cannot enlarge memory arrays to size 19124224 bytes (OOM). Either (1) compile with -sINITIAL_MEMORY=X with X higher than the current value 16777216, (2) compile with -sALLOW_MEMORY_GROWTH which allows increasing the size at runtime, or (3) if you want malloc to return NULL (0) instead of this abort, compile with -sABORTING_MALLOC=0)
/home/test/workspace/openh264/test/encoder_binary_comparison/AllTestData/Adobe_PDF_sample_a_1024x768_50Frms.264/h264enc.js:167
      throw ex;
      ^

RuntimeError: Aborted(Cannot enlarge memory arrays to size 19124224 bytes (OOM). Either (1) compile with -sINITIAL_MEMORY=X with X higher than the current value 16777216, (2) compile with -sALLOW_MEMORY_GROWTH which allows increasing the size at runtime, or (3) if you want malloc to return NULL (0) instead of this abort, compile with -sABORTING_MALLOC=0)
    at abort (/home/test/workspace/openh264/test/encoder_binary_comparison/AllTestData/Adobe_PDF_sample_a_1024x768_50Frms.264/h264enc.js:1031:11)
    at abortOnCannotGrowMemory (/home/test/workspace/openh264/test/encoder_binary_comparison/AllTestData/Adobe_PDF_sample_a_1024x768_50Frms.264/h264enc.js:4914:7)
    at _emscripten_resize_heap (/home/test/workspace/openh264/test/encoder_binary_comparison/AllTestData/Adobe_PDF_sample_a_1024x768_50Frms.264/h264enc.js:4919:7)
    at wasm://wasm/00265406:wasm-function[1133]:0x705f0
    at wasm://wasm/00265406:wasm-function[1121]:0x6e28d
    at wasm://wasm/00265406:wasm-function[775]:0x60eb2
    at wasm://wasm/00265406:wasm-function[357]:0x2e8f3
    at wasm://wasm/00265406:wasm-function[363]:0x2f261
    at wasm://wasm/00265406:wasm-function[555]:0x407f3
    at wasm://wasm/00265406:wasm-function[554]:0x405bd   [0m
[31m    Failed! Adobe_PDF_sample_a_1024x768_50Frms.264_x.yuv Case Index 727:SHA-1(Current--Benchmark): NULL-----a884a52cc9a2ee9635b5a687b1412033c473b594  [0m
[31m            ----YUVSHA1:  NULL,  9aa9a4d9598eb3e1093311826844f37c43e4c521  [0m
[31m           Aborted(Cannot enlarge memory arrays to size 19124224 bytes (OOM). Either (1) compile with -sINITIAL_MEMORY=X with X higher than the current value 16777216, (2) compile with -sALLOW_MEMORY_GROWTH which allows increasing the size at runtime, or (3) if you want malloc to return NULL (0) instead of this abort, compile with -sABORTING_MALLOC=0)
/home/test/workspace/openh264/test/encoder_binary_comparison/AllTestData/Adobe_PDF_sample_a_1024x768_50Frms.264/h264enc.js:167
      throw ex;
      ^

RuntimeError: Aborted(Cannot enlarge memory arrays to size 19124224 bytes (OOM). Either (1) compile with -sINITIAL_MEMORY=X with X higher than the current value 16777216, (2) compile with -sALLOW_MEMORY_GROWTH which allows increasing the size at runtime, or (3) if you want malloc to return NULL (0) instead of this abort, compile with -sABORTING_MALLOC=0)
    at abort (/home/test/workspace/openh264/test/encoder_binary_comparison/AllTestData/Adobe_PDF_sample_a_1024x768_50Frms.264/h264enc.js:1031:11)
    at abortOnCannotGrowMemory (/home/test/workspace/openh264/test/encoder_binary_comparison/AllTestData/Adobe_PDF_sample_a_1024x768_50Frms.264/h264enc.js:4914:7)
    at _emscripten_resize_heap (/home/test/workspace/openh264/test/encoder_binary_comparison/AllTestData/Adobe_PDF_sample_a_1024x768_50Frms.264/h264enc.js:4919:7)
    at wasm://wasm/00265406:wasm-function[1133]:0x705f0
    at wasm://wasm/00265406:wasm-function[1121]:0x6e28d
    at wasm://wasm/00265406:wasm-function[775]:0x60eb2
    at wasm://wasm/00265406:wasm-function[357]:0x2e8f3
    at wasm://wasm/00265406:wasm-function[363]:0x2f261
    at wasm://wasm/00265406:wasm-function[555]:0x407f3
    at wasm://wasm/00265406:wasm-function[554]:0x405bd   [0m
[31m    Failed! Adobe_PDF_sample_a_1024x768_50Frms.264_x.yuv Case Index 728:SHA-1(Current--Benchmark): NULL-----a884a52cc9a2ee9635b5a687b1412033c473b594  [0m
[31m            ----YUVSHA1:  NULL,  9aa9a4d9598eb3e1093311826844f37c43e4c521  [0m
[31m           Aborted(Cannot enlarge memory arrays to size 19124224 bytes (OOM). Either (1) compile with -sINITIAL_MEMORY=X with X higher than the current value 16777216, (2) compile with -sALLOW_MEMORY_GROWTH which allows increasing the size at runtime, or (3) if you want malloc to return NULL (0) instead of this abort, compile with -sABORTING_MALLOC=0)
/home/test/workspace/openh264/test/encoder_binary_comparison/AllTestData/Adobe_PDF_sample_a_1024x768_50Frms.264/h264enc.js:167
      throw ex;
      ^

RuntimeError: Aborted(Cannot enlarge memory arrays to size 19124224 bytes (OOM). Either (1) compile with -sINITIAL_MEMORY=X with X higher than the current value 16777216, (2) compile with -sALLOW_MEMORY_GROWTH which allows increasing the size at runtime, or (3) if you want malloc to return NULL (0) instead of this abort, compile with -sABORTING_MALLOC=0)
    at abort (/home/test/workspace/openh264/test/encoder_binary_comparison/AllTestData/Adobe_PDF_sample_a_1024x768_50Frms.264/h264enc.js:1031:11)
    at abortOnCannotGrowMemory (/home/test/workspace/openh264/test/encoder_binary_comparison/AllTestData/Adobe_PDF_sample_a_1024x768_50Frms.264/h264enc.js:4914:7)
    at _emscripten_resize_heap (/home/test/workspace/openh264/test/encoder_binary_comparison/AllTestData/Adobe_PDF_sample_a_1024x768_50Frms.264/h264enc.js:4919:7)
    at wasm://wasm/00265406:wasm-function[1133]:0x705f0
    at wasm://wasm/00265406:wasm-function[1121]:0x6e28d
    at wasm://wasm/00265406:wasm-function[775]:0x60eb2
    at wasm://wasm/00265406:wasm-function[357]:0x2e8f3
    at wasm://wasm/00265406:wasm-function[363]:0x2f261
    at wasm://wasm/00265406:wasm-function[555]:0x407f3
    at wasm://wasm/00265406:wasm-function[554]:0x405bd   [0m
[31m    Failed! Adobe_PDF_sample_a_1024x768_50Frms.264_x.yuv Case Index 729:SHA-1(Current--Benchmark): NULL-----a884a52cc9a2ee9635b5a687b1412033c473b594  [0m
[31m            ----YUVSHA1:  NULL,  9aa9a4d9598eb3e1093311826844f37c43e4c521  [0m
[31m           Aborted(Cannot enlarge memory arrays to size 19124224 bytes (OOM). Either (1) compile with -sINITIAL_MEMORY=X with X higher than the current value 16777216, (2) compile with -sALLOW_MEMORY_GROWTH which allows increasing the size at runtime, or (3) if you want malloc to return NULL (0) instead of this abort, compile with -sABORTING_MALLOC=0)
/home/test/workspace/openh264/test/encoder_binary_comparison/AllTestData/Adobe_PDF_sample_a_1024x768_50Frms.264/h264enc.js:167
      throw ex;
      ^

RuntimeError: Aborted(Cannot enlarge memory arrays to size 19124224 bytes (OOM). Either (1) compile with -sINITIAL_MEMORY=X with X higher than the current value 16777216, (2) compile with -sALLOW_MEMORY_GROWTH which allows increasing the size at runtime, or (3) if you want malloc to return NULL (0) instead of this abort, compile with -sABORTING_MALLOC=0)
    at abort (/home/test/workspace/openh264/test/encoder_binary_comparison/AllTestData/Adobe_PDF_sample_a_1024x768_50Frms.264/h264enc.js:1031:11)
    at abortOnCannotGrowMemory (/home/test/workspace/openh264/test/encoder_binary_comparison/AllTestData/Adobe_PDF_sample_a_1024x768_50Frms.264/h264enc.js:4914:7)
    at _emscripten_resize_heap (/home/test/workspace/openh264/test/encoder_binary_comparison/AllTestData/Adobe_PDF_sample_a_1024x768_50Frms.264/h264enc.js:4919:7)
    at wasm://wasm/00265406:wasm-function[1133]:0x705f0
    at wasm://wasm/00265406:wasm-function[1121]:0x6e28d
    at wasm://wasm/00265406:wasm-function[775]:0x60eb2
    at wasm://wasm/00265406:wasm-function[357]:0x2e8f3
    at wasm://wasm/00265406:wasm-function[363]:0x2f261
    at wasm://wasm/00265406:wasm-function[555]:0x407f3
    at wasm://wasm/00265406:wasm-function[554]:0x405bd   [0m
[31m    Failed! Adobe_PDF_sample_a_1024x768_50Frms.264_x.yuv Case Index 730:SHA-1(Current--Benchmark): NULL-----a884a52cc9a2ee9635b5a687b1412033c473b594  [0m
[31m            ----YUVSHA1:  NULL,  9aa9a4d9598eb3e1093311826844f37c43e4c521  [0m
[31m           Aborted(Cannot enlarge memory arrays to size 19124224 bytes (OOM). Either (1) compile with -sINITIAL_MEMORY=X with X higher than the current value 16777216, (2) compile with -sALLOW_MEMORY_GROWTH which allows increasing the size at runtime, or (3) if you want malloc to return NULL (0) instead of this abort, compile with -sABORTING_MALLOC=0)
/home/test/workspace/openh264/test/encoder_binary_comparison/AllTestData/Adobe_PDF_sample_a_1024x768_50Frms.264/h264enc.js:167
      throw ex;
      ^

RuntimeError: Aborted(Cannot enlarge memory arrays to size 19124224 bytes (OOM). Either (1) compile with -sINITIAL_MEMORY=X with X higher than the current value 16777216, (2) compile with -sALLOW_MEMORY_GROWTH which allows increasing the size at runtime, or (3) if you want malloc to return NULL (0) instead of this abort, compile with -sABORTING_MALLOC=0)
    at abort (/home/test/workspace/openh264/test/encoder_binary_comparison/AllTestData/Adobe_PDF_sample_a_1024x768_50Frms.264/h264enc.js:1031:11)
    at abortOnCannotGrowMemory (/home/test/workspace/openh264/test/encoder_binary_comparison/AllTestData/Adobe_PDF_sample_a_1024x768_50Frms.264/h264enc.js:4914:7)
    at _emscripten_resize_heap (/home/test/workspace/openh264/test/encoder_binary_comparison/AllTestData/Adobe_PDF_sample_a_1024x768_50Frms.264/h264enc.js:4919:7)
    at wasm://wasm/00265406:wasm-function[1133]:0x705f0
    at wasm://wasm/00265406:wasm-function[1121]:0x6e28d
    at wasm://wasm/00265406:wasm-function[775]:0x60eb2
    at wasm://wasm/00265406:wasm-function[357]:0x2e8f3
    at wasm://wasm/00265406:wasm-function[363]:0x2f261
    at wasm://wasm/00265406:wasm-function[555]:0x407f3
    at wasm://wasm/00265406:wasm-function[554]:0x405bd   [0m
[31m    Failed! Adobe_PDF_sample_a_1024x768_50Frms.264_x.yuv Case Index 731:SHA-1(Current--Benchmark): NULL-----a884a52cc9a2ee9635b5a687b1412033c473b594  [0m
[31m            ----YUVSHA1:  NULL,  9aa9a4d9598eb3e1093311826844f37c43e4c521  [0m
[31m           Aborted(Cannot enlarge memory arrays to size 19124224 bytes (OOM). Either (1) compile with -sINITIAL_MEMORY=X with X higher than the current value 16777216, (2) compile with -sALLOW_MEMORY_GROWTH which allows increasing the size at runtime, or (3) if you want malloc to return NULL (0) instead of this abort, compile with -sABORTING_MALLOC=0)
/home/test/workspace/openh264/test/encoder_binary_comparison/AllTestData/Adobe_PDF_sample_a_1024x768_50Frms.264/h264enc.js:167
      throw ex;
      ^

RuntimeError: Aborted(Cannot enlarge memory arrays to size 19124224 bytes (OOM). Either (1) compile with -sINITIAL_MEMORY=X with X higher than the current value 16777216, (2) compile with -sALLOW_MEMORY_GROWTH which allows increasing the size at runtime, or (3) if you want malloc to return NULL (0) instead of this abort, compile with -sABORTING_MALLOC=0)
    at abort (/home/test/workspace/openh264/test/encoder_binary_comparison/AllTestData/Adobe_PDF_sample_a_1024x768_50Frms.264/h264enc.js:1031:11)
    at abortOnCannotGrowMemory (/home/test/workspace/openh264/test/encoder_binary_comparison/AllTestData/Adobe_PDF_sample_a_1024x768_50Frms.264/h264enc.js:4914:7)
    at _emscripten_resize_heap (/home/test/workspace/openh264/test/encoder_binary_comparison/AllTestData/Adobe_PDF_sample_a_1024x768_50Frms.264/h264enc.js:4919:7)
    at wasm://wasm/00265406:wasm-function[1133]:0x705f0
    at wasm://wasm/00265406:wasm-function[1121]:0x6e28d
    at wasm://wasm/00265406:wasm-function[775]:0x60eb2
    at wasm://wasm/00265406:wasm-function[357]:0x2e8f3
    at wasm://wasm/00265406:wasm-function[363]:0x2f261
    at wasm://wasm/00265406:wasm-function[555]:0x407f3
    at wasm://wasm/00265406:wasm-function[554]:0x405bd   [0m
[31m    Failed! Adobe_PDF_sample_a_1024x768_50Frms.264_x.yuv Case Index 732:SHA-1(Current--Benchmark): NULL-----a884a52cc9a2ee9635b5a687b1412033c473b594  [0m
[31m            ----YUVSHA1:  NULL,  9aa9a4d9598eb3e1093311826844f37c43e4c521  [0m
[31m           Aborted(Cannot enlarge memory arrays to size 19124224 bytes (OOM). Either (1) compile with -sINITIAL_MEMORY=X with X higher than the current value 16777216, (2) compile with -sALLOW_MEMORY_GROWTH which allows increasing the size at runtime, or (3) if you want malloc to return NULL (0) instead of this abort, compile with -sABORTING_MALLOC=0)
/home/test/workspace/openh264/test/encoder_binary_comparison/AllTestData/Adobe_PDF_sample_a_1024x768_50Frms.264/h264enc.js:167
      throw ex;
      ^

RuntimeError: Aborted(Cannot enlarge memory arrays to size 19124224 bytes (OOM). Either (1) compile with -sINITIAL_MEMORY=X with X higher than the current value 16777216, (2) compile with -sALLOW_MEMORY_GROWTH which allows increasing the size at runtime, or (3) if you want malloc to return NULL (0) instead of this abort, compile with -sABORTING_MALLOC=0)
    at abort (/home/test/workspace/openh264/test/encoder_binary_comparison/AllTestData/Adobe_PDF_sample_a_1024x768_50Frms.264/h264enc.js:1031:11)
    at abortOnCannotGrowMemory (/home/test/workspace/openh264/test/encoder_binary_comparison/AllTestData/Adobe_PDF_sample_a_1024x768_50Frms.264/h264enc.js:4914:7)
    at _emscripten_resize_heap (/home/test/workspace/openh264/test/encoder_binary_comparison/AllTestData/Adobe_PDF_sample_a_1024x768_50Frms.264/h264enc.js:4919:7)
    at wasm://wasm/00265406:wasm-function[1133]:0x705f0
    at wasm://wasm/00265406:wasm-function[1121]:0x6e28d
    at wasm://wasm/00265406:wasm-function[775]:0x60eb2
    at wasm://wasm/00265406:wasm-function[357]:0x2e8f3
    at wasm://wasm/00265406:wasm-function[363]:0x2f261
    at wasm://wasm/00265406:wasm-function[555]:0x407f3
    at wasm://wasm/00265406:wasm-function[554]:0x405bd   [0m
[31m    Failed! Adobe_PDF_sample_a_1024x768_50Frms.264_x.yuv Case Index 733:SHA-1(Current--Benchmark): NULL-----a884a52cc9a2ee9635b5a687b1412033c473b594  [0m
[31m            ----YUVSHA1:  NULL,  9aa9a4d9598eb3e1093311826844f37c43e4c521  [0m
[31m           Aborted(Cannot enlarge memory arrays to size 19124224 bytes (OOM). Either (1) compile with -sINITIAL_MEMORY=X with X higher than the current value 16777216, (2) compile with -sALLOW_MEMORY_GROWTH which allows increasing the size at runtime, or (3) if you want malloc to return NULL (0) instead of this abort, compile with -sABORTING_MALLOC=0)
/home/test/workspace/openh264/test/encoder_binary_comparison/AllTestData/Adobe_PDF_sample_a_1024x768_50Frms.264/h264enc.js:167
      throw ex;
      ^

RuntimeError: Aborted(Cannot enlarge memory arrays to size 19124224 bytes (OOM). Either (1) compile with -sINITIAL_MEMORY=X with X higher than the current value 16777216, (2) compile with -sALLOW_MEMORY_GROWTH which allows increasing the size at runtime, or (3) if you want malloc to return NULL (0) instead of this abort, compile with -sABORTING_MALLOC=0)
    at abort (/home/test/workspace/openh264/test/encoder_binary_comparison/AllTestData/Adobe_PDF_sample_a_1024x768_50Frms.264/h264enc.js:1031:11)
    at abortOnCannotGrowMemory (/home/test/workspace/openh264/test/encoder_binary_comparison/AllTestData/Adobe_PDF_sample_a_1024x768_50Frms.264/h264enc.js:4914:7)
    at _emscripten_resize_heap (/home/test/workspace/openh264/test/encoder_binary_comparison/AllTestData/Adobe_PDF_sample_a_1024x768_50Frms.264/h264enc.js:4919:7)
    at wasm://wasm/00265406:wasm-function[1133]:0x705f0
    at wasm://wasm/00265406:wasm-function[1121]:0x6e28d
    at wasm://wasm/00265406:wasm-function[775]:0x60eb2
    at wasm://wasm/00265406:wasm-function[357]:0x2e8f3
    at wasm://wasm/00265406:wasm-function[363]:0x2f261
    at wasm://wasm/00265406:wasm-function[555]:0x407f3
    at wasm://wasm/00265406:wasm-function[554]:0x405bd   [0m
[31m    Failed! Adobe_PDF_sample_a_1024x768_50Frms.264_x.yuv Case Index 734:SHA-1(Current--Benchmark): NULL-----a884a52cc9a2ee9635b5a687b1412033c473b594  [0m
[31m            ----YUVSHA1:  NULL,  9aa9a4d9598eb3e1093311826844f37c43e4c521  [0m
[31m           Aborted(Cannot enlarge memory arrays to size 19124224 bytes (OOM). Either (1) compile with -sINITIAL_MEMORY=X with X higher than the current value 16777216, (2) compile with -sALLOW_MEMORY_GROWTH which allows increasing the size at runtime, or (3) if you want malloc to return NULL (0) instead of this abort, compile with -sABORTING_MALLOC=0)
/home/test/workspace/openh264/test/encoder_binary_comparison/AllTestData/Adobe_PDF_sample_a_1024x768_50Frms.264/h264enc.js:167
      throw ex;
      ^

RuntimeError: Aborted(Cannot enlarge memory arrays to size 19124224 bytes (OOM). Either (1) compile with -sINITIAL_MEMORY=X with X higher than the current value 16777216, (2) compile with -sALLOW_MEMORY_GROWTH which allows increasing the size at runtime, or (3) if you want malloc to return NULL (0) instead of this abort, compile with -sABORTING_MALLOC=0)
    at abort (/home/test/workspace/openh264/test/encoder_binary_comparison/AllTestData/Adobe_PDF_sample_a_1024x768_50Frms.264/h264enc.js:1031:11)
    at abortOnCannotGrowMemory (/home/test/workspace/openh264/test/encoder_binary_comparison/AllTestData/Adobe_PDF_sample_a_1024x768_50Frms.264/h264enc.js:4914:7)
    at _emscripten_resize_heap (/home/test/workspace/openh264/test/encoder_binary_comparison/AllTestData/Adobe_PDF_sample_a_1024x768_50Frms.264/h264enc.js:4919:7)
    at wasm://wasm/00265406:wasm-function[1133]:0x705f0
    at wasm://wasm/00265406:wasm-function[1121]:0x6e28d
    at wasm://wasm/00265406:wasm-function[775]:0x60eb2
    at wasm://wasm/00265406:wasm-function[357]:0x2e8f3
    at wasm://wasm/00265406:wasm-function[363]:0x2f261
    at wasm://wasm/00265406:wasm-function[555]:0x407f3
    at wasm://wasm/00265406:wasm-function[554]:0x405bd   [0m
[31m    Failed! Adobe_PDF_sample_a_1024x768_50Frms.264_x.yuv Case Index 735:SHA-1(Current--Benchmark): NULL-----a884a52cc9a2ee9635b5a687b1412033c473b594  [0m
[31m            ----YUVSHA1:  NULL,  9aa9a4d9598eb3e1093311826844f37c43e4c521  [0m
[31m           Aborted(Cannot enlarge memory arrays to size 19124224 bytes (OOM). Either (1) compile with -sINITIAL_MEMORY=X with X higher than the current value 16777216, (2) compile with -sALLOW_MEMORY_GROWTH which allows increasing the size at runtime, or (3) if you want malloc to return NULL (0) instead of this abort, compile with -sABORTING_MALLOC=0)
/home/test/workspace/openh264/test/encoder_binary_comparison/AllTestData/Adobe_PDF_sample_a_1024x768_50Frms.264/h264enc.js:167
      throw ex;
      ^

RuntimeError: Aborted(Cannot enlarge memory arrays to size 19124224 bytes (OOM). Either (1) compile with -sINITIAL_MEMORY=X with X higher than the current value 16777216, (2) compile with -sALLOW_MEMORY_GROWTH which allows increasing the size at runtime, or (3) if you want malloc to return NULL (0) instead of this abort, compile with -sABORTING_MALLOC=0)
    at abort (/home/test/workspace/openh264/test/encoder_binary_comparison/AllTestData/Adobe_PDF_sample_a_1024x768_50Frms.264/h264enc.js:1031:11)
    at abortOnCannotGrowMemory (/home/test/workspace/openh264/test/encoder_binary_comparison/AllTestData/Adobe_PDF_sample_a_1024x768_50Frms.264/h264enc.js:4914:7)
    at _emscripten_resize_heap (/home/test/workspace/openh264/test/encoder_binary_comparison/AllTestData/Adobe_PDF_sample_a_1024x768_50Frms.264/h264enc.js:4919:7)
    at wasm://wasm/00265406:wasm-function[1133]:0x705f0
    at wasm://wasm/00265406:wasm-function[1121]:0x6e28d
    at wasm://wasm/00265406:wasm-function[775]:0x60eb2
    at wasm://wasm/00265406:wasm-function[357]:0x2e8f3
    at wasm://wasm/00265406:wasm-function[363]:0x2f261
    at wasm://wasm/00265406:wasm-function[555]:0x407f3
    at wasm://wasm/00265406:wasm-function[554]:0x405bd   [0m
[31m    Failed! Adobe_PDF_sample_a_1024x768_50Frms.264_x.yuv Case Index 736:SHA-1(Current--Benchmark): NULL-----6e20714cc9e9dc5cefd30f24dc6907faaa976a63  [0m
[31m            ----YUVSHA1:  NULL,  9aa9a4d9598eb3e1093311826844f37c43e4c521  [0m
[31m           Aborted(Cannot enlarge memory arrays to size 19124224 bytes (OOM). Either (1) compile with -sINITIAL_MEMORY=X with X higher than the current value 16777216, (2) compile with -sALLOW_MEMORY_GROWTH which allows increasing the size at runtime, or (3) if you want malloc to return NULL (0) instead of this abort, compile with -sABORTING_MALLOC=0)
/home/test/workspace/openh264/test/encoder_binary_comparison/AllTestData/Adobe_PDF_sample_a_1024x768_50Frms.264/h264enc.js:167
      throw ex;
      ^

RuntimeError: Aborted(Cannot enlarge memory arrays to size 19124224 bytes (OOM). Either (1) compile with -sINITIAL_MEMORY=X with X higher than the current value 16777216, (2) compile with -sALLOW_MEMORY_GROWTH which allows increasing the size at runtime, or (3) if you want malloc to return NULL (0) instead of this abort, compile with -sABORTING_MALLOC=0)
    at abort (/home/test/workspace/openh264/test/encoder_binary_comparison/AllTestData/Adobe_PDF_sample_a_1024x768_50Frms.264/h264enc.js:1031:11)
    at abortOnCannotGrowMemory (/home/test/workspace/openh264/test/encoder_binary_comparison/AllTestData/Adobe_PDF_sample_a_1024x768_50Frms.264/h264enc.js:4914:7)
    at _emscripten_resize_heap (/home/test/workspace/openh264/test/encoder_binary_comparison/AllTestData/Adobe_PDF_sample_a_1024x768_50Frms.264/h264enc.js:4919:7)
    at wasm://wasm/00265406:wasm-function[1133]:0x705f0
    at wasm://wasm/00265406:wasm-function[1121]:0x6e28d
    at wasm://wasm/00265406:wasm-function[775]:0x60eb2
    at wasm://wasm/00265406:wasm-function[357]:0x2e8f3
    at wasm://wasm/00265406:wasm-function[363]:0x2f261
    at wasm://wasm/00265406:wasm-function[555]:0x407f3
    at wasm://wasm/00265406:wasm-function[554]:0x405bd   [0m
[31m    Failed! Adobe_PDF_sample_a_1024x768_50Frms.264_x.yuv Case Index 737:SHA-1(Current--Benchmark): NULL-----6e20714cc9e9dc5cefd30f24dc6907faaa976a63  [0m
[31m            ----YUVSHA1:  NULL,  9aa9a4d9598eb3e1093311826844f37c43e4c521  [0m
[31m           Aborted(Cannot enlarge memory arrays to size 19124224 bytes (OOM). Either (1) compile with -sINITIAL_MEMORY=X with X higher than the current value 16777216, (2) compile with -sALLOW_MEMORY_GROWTH which allows increasing the size at runtime, or (3) if you want malloc to return NULL (0) instead of this abort, compile with -sABORTING_MALLOC=0)
/home/test/workspace/openh264/test/encoder_binary_comparison/AllTestData/Adobe_PDF_sample_a_1024x768_50Frms.264/h264enc.js:167
      throw ex;
      ^

RuntimeError: Aborted(Cannot enlarge memory arrays to size 19124224 bytes (OOM). Either (1) compile with -sINITIAL_MEMORY=X with X higher than the current value 16777216, (2) compile with -sALLOW_MEMORY_GROWTH which allows increasing the size at runtime, or (3) if you want malloc to return NULL (0) instead of this abort, compile with -sABORTING_MALLOC=0)
    at abort (/home/test/workspace/openh264/test/encoder_binary_comparison/AllTestData/Adobe_PDF_sample_a_1024x768_50Frms.264/h264enc.js:1031:11)
    at abortOnCannotGrowMemory (/home/test/workspace/openh264/test/encoder_binary_comparison/AllTestData/Adobe_PDF_sample_a_1024x768_50Frms.264/h264enc.js:4914:7)
    at _emscripten_resize_heap (/home/test/workspace/openh264/test/encoder_binary_comparison/AllTestData/Adobe_PDF_sample_a_1024x768_50Frms.264/h264enc.js:4919:7)
    at wasm://wasm/00265406:wasm-function[1133]:0x705f0
    at wasm://wasm/00265406:wasm-function[1121]:0x6e28d
    at wasm://wasm/00265406:wasm-function[775]:0x60eb2
    at wasm://wasm/00265406:wasm-function[357]:0x2e8f3
    at wasm://wasm/00265406:wasm-function[363]:0x2f261
    at wasm://wasm/00265406:wasm-function[555]:0x407f3
    at wasm://wasm/00265406:wasm-function[554]:0x405bd   [0m
[31m    Failed! Adobe_PDF_sample_a_1024x768_50Frms.264_x.yuv Case Index 738:SHA-1(Current--Benchmark): NULL-----6e20714cc9e9dc5cefd30f24dc6907faaa976a63  [0m
[31m            ----YUVSHA1:  NULL,  9aa9a4d9598eb3e1093311826844f37c43e4c521  [0m
[31m           Aborted(Cannot enlarge memory arrays to size 19124224 bytes (OOM). Either (1) compile with -sINITIAL_MEMORY=X with X higher than the current value 16777216, (2) compile with -sALLOW_MEMORY_GROWTH which allows increasing the size at runtime, or (3) if you want malloc to return NULL (0) instead of this abort, compile with -sABORTING_MALLOC=0)
/home/test/workspace/openh264/test/encoder_binary_comparison/AllTestData/Adobe_PDF_sample_a_1024x768_50Frms.264/h264enc.js:167
      throw ex;
      ^

RuntimeError: Aborted(Cannot enlarge memory arrays to size 19124224 bytes (OOM). Either (1) compile with -sINITIAL_MEMORY=X with X higher than the current value 16777216, (2) compile with -sALLOW_MEMORY_GROWTH which allows increasing the size at runtime, or (3) if you want malloc to return NULL (0) instead of this abort, compile with -sABORTING_MALLOC=0)
    at abort (/home/test/workspace/openh264/test/encoder_binary_comparison/AllTestData/Adobe_PDF_sample_a_1024x768_50Frms.264/h264enc.js:1031:11)
    at abortOnCannotGrowMemory (/home/test/workspace/openh264/test/encoder_binary_comparison/AllTestData/Adobe_PDF_sample_a_1024x768_50Frms.264/h264enc.js:4914:7)
    at _emscripten_resize_heap (/home/test/workspace/openh264/test/encoder_binary_comparison/AllTestData/Adobe_PDF_sample_a_1024x768_50Frms.264/h264enc.js:4919:7)
    at wasm://wasm/00265406:wasm-function[1133]:0x705f0
    at wasm://wasm/00265406:wasm-function[1121]:0x6e28d
    at wasm://wasm/00265406:wasm-function[775]:0x60eb2
    at wasm://wasm/00265406:wasm-function[357]:0x2e8f3
    at wasm://wasm/00265406:wasm-function[363]:0x2f261
    at wasm://wasm/00265406:wasm-function[555]:0x407f3
    at wasm://wasm/00265406:wasm-function[554]:0x405bd   [0m
[31m    Failed! Adobe_PDF_sample_a_1024x768_50Frms.264_x.yuv Case Index 739:SHA-1(Current--Benchmark): NULL-----6e20714cc9e9dc5cefd30f24dc6907faaa976a63  [0m
[31m            ----YUVSHA1:  NULL,  9aa9a4d9598eb3e1093311826844f37c43e4c521  [0m
[31m           Aborted(Cannot enlarge memory arrays to size 19124224 bytes (OOM). Either (1) compile with -sINITIAL_MEMORY=X with X higher than the current value 16777216, (2) compile with -sALLOW_MEMORY_GROWTH which allows increasing the size at runtime, or (3) if you want malloc to return NULL (0) instead of this abort, compile with -sABORTING_MALLOC=0)
/home/test/workspace/openh264/test/encoder_binary_comparison/AllTestData/Adobe_PDF_sample_a_1024x768_50Frms.264/h264enc.js:167
      throw ex;
      ^

RuntimeError: Aborted(Cannot enlarge memory arrays to size 19124224 bytes (OOM). Either (1) compile with -sINITIAL_MEMORY=X with X higher than the current value 16777216, (2) compile with -sALLOW_MEMORY_GROWTH which allows increasing the size at runtime, or (3) if you want malloc to return NULL (0) instead of this abort, compile with -sABORTING_MALLOC=0)
    at abort (/home/test/workspace/openh264/test/encoder_binary_comparison/AllTestData/Adobe_PDF_sample_a_1024x768_50Frms.264/h264enc.js:1031:11)
    at abortOnCannotGrowMemory (/home/test/workspace/openh264/test/encoder_binary_comparison/AllTestData/Adobe_PDF_sample_a_1024x768_50Frms.264/h264enc.js:4914:7)
    at _emscripten_resize_heap (/home/test/workspace/openh264/test/encoder_binary_comparison/AllTestData/Adobe_PDF_sample_a_1024x768_50Frms.264/h264enc.js:4919:7)
    at wasm://wasm/00265406:wasm-function[1133]:0x705f0
    at wasm://wasm/00265406:wasm-function[1121]:0x6e28d
    at wasm://wasm/00265406:wasm-function[775]:0x60eb2
    at wasm://wasm/00265406:wasm-function[357]:0x2e8f3
    at wasm://wasm/00265406:wasm-function[363]:0x2f261
    at wasm://wasm/00265406:wasm-function[555]:0x407f3
    at wasm://wasm/00265406:wasm-function[554]:0x405bd   [0m
[31m    Failed! Adobe_PDF_sample_a_1024x768_50Frms.264_x.yuv Case Index 740:SHA-1(Current--Benchmark): NULL-----6e20714cc9e9dc5cefd30f24dc6907faaa976a63  [0m
[31m            ----YUVSHA1:  NULL,  9aa9a4d9598eb3e1093311826844f37c43e4c521  [0m
[31m           Aborted(Cannot enlarge memory arrays to size 19124224 bytes (OOM). Either (1) compile with -sINITIAL_MEMORY=X with X higher than the current value 16777216, (2) compile with -sALLOW_MEMORY_GROWTH which allows increasing the size at runtime, or (3) if you want malloc to return NULL (0) instead of this abort, compile with -sABORTING_MALLOC=0)
/home/test/workspace/openh264/test/encoder_binary_comparison/AllTestData/Adobe_PDF_sample_a_1024x768_50Frms.264/h264enc.js:167
      throw ex;
      ^

RuntimeError: Aborted(Cannot enlarge memory arrays to size 19124224 bytes (OOM). Either (1) compile with -sINITIAL_MEMORY=X with X higher than the current value 16777216, (2) compile with -sALLOW_MEMORY_GROWTH which allows increasing the size at runtime, or (3) if you want malloc to return NULL (0) instead of this abort, compile with -sABORTING_MALLOC=0)
    at abort (/home/test/workspace/openh264/test/encoder_binary_comparison/AllTestData/Adobe_PDF_sample_a_1024x768_50Frms.264/h264enc.js:1031:11)
    at abortOnCannotGrowMemory (/home/test/workspace/openh264/test/encoder_binary_comparison/AllTestData/Adobe_PDF_sample_a_1024x768_50Frms.264/h264enc.js:4914:7)
    at _emscripten_resize_heap (/home/test/workspace/openh264/test/encoder_binary_comparison/AllTestData/Adobe_PDF_sample_a_1024x768_50Frms.264/h264enc.js:4919:7)
    at wasm://wasm/00265406:wasm-function[1133]:0x705f0
    at wasm://wasm/00265406:wasm-function[1121]:0x6e28d
    at wasm://wasm/00265406:wasm-function[775]:0x60eb2
    at wasm://wasm/00265406:wasm-function[357]:0x2e8f3
    at wasm://wasm/00265406:wasm-function[363]:0x2f261
    at wasm://wasm/00265406:wasm-function[555]:0x407f3
    at wasm://wasm/00265406:wasm-function[554]:0x405bd   [0m
[31m    Failed! Adobe_PDF_sample_a_1024x768_50Frms.264_x.yuv Case Index 741:SHA-1(Current--Benchmark): NULL-----6e20714cc9e9dc5cefd30f24dc6907faaa976a63  [0m
[31m            ----YUVSHA1:  NULL,  9aa9a4d9598eb3e1093311826844f37c43e4c521  [0m
[31m           Aborted(Cannot enlarge memory arrays to size 19124224 bytes (OOM). Either (1) compile with -sINITIAL_MEMORY=X with X higher than the current value 16777216, (2) compile with -sALLOW_MEMORY_GROWTH which allows increasing the size at runtime, or (3) if you want malloc to return NULL (0) instead of this abort, compile with -sABORTING_MALLOC=0)
/home/test/workspace/openh264/test/encoder_binary_comparison/AllTestData/Adobe_PDF_sample_a_1024x768_50Frms.264/h264enc.js:167
      throw ex;
      ^

RuntimeError: Aborted(Cannot enlarge memory arrays to size 19124224 bytes (OOM). Either (1) compile with -sINITIAL_MEMORY=X with X higher than the current value 16777216, (2) compile with -sALLOW_MEMORY_GROWTH which allows increasing the size at runtime, or (3) if you want malloc to return NULL (0) instead of this abort, compile with -sABORTING_MALLOC=0)
    at abort (/home/test/workspace/openh264/test/encoder_binary_comparison/AllTestData/Adobe_PDF_sample_a_1024x768_50Frms.264/h264enc.js:1031:11)
    at abortOnCannotGrowMemory (/home/test/workspace/openh264/test/encoder_binary_comparison/AllTestData/Adobe_PDF_sample_a_1024x768_50Frms.264/h264enc.js:4914:7)
    at _emscripten_resize_heap (/home/test/workspace/openh264/test/encoder_binary_comparison/AllTestData/Adobe_PDF_sample_a_1024x768_50Frms.264/h264enc.js:4919:7)
    at wasm://wasm/00265406:wasm-function[1133]:0x705f0
    at wasm://wasm/00265406:wasm-function[1121]:0x6e28d
    at wasm://wasm/00265406:wasm-function[775]:0x60eb2
    at wasm://wasm/00265406:wasm-function[357]:0x2e8f3
    at wasm://wasm/00265406:wasm-function[363]:0x2f261
    at wasm://wasm/00265406:wasm-function[555]:0x407f3
    at wasm://wasm/00265406:wasm-function[554]:0x405bd   [0m
[31m    Failed! Adobe_PDF_sample_a_1024x768_50Frms.264_x.yuv Case Index 742:SHA-1(Current--Benchmark): NULL-----6e20714cc9e9dc5cefd30f24dc6907faaa976a63  [0m
[31m            ----YUVSHA1:  NULL,  9aa9a4d9598eb3e1093311826844f37c43e4c521  [0m
[31m           Aborted(Cannot enlarge memory arrays to size 19124224 bytes (OOM). Either (1) compile with -sINITIAL_MEMORY=X with X higher than the current value 16777216, (2) compile with -sALLOW_MEMORY_GROWTH which allows increasing the size at runtime, or (3) if you want malloc to return NULL (0) instead of this abort, compile with -sABORTING_MALLOC=0)
/home/test/workspace/openh264/test/encoder_binary_comparison/AllTestData/Adobe_PDF_sample_a_1024x768_50Frms.264/h264enc.js:167
      throw ex;
      ^

RuntimeError: Aborted(Cannot enlarge memory arrays to size 19124224 bytes (OOM). Either (1) compile with -sINITIAL_MEMORY=X with X higher than the current value 16777216, (2) compile with -sALLOW_MEMORY_GROWTH which allows increasing the size at runtime, or (3) if you want malloc to return NULL (0) instead of this abort, compile with -sABORTING_MALLOC=0)
    at abort (/home/test/workspace/openh264/test/encoder_binary_comparison/AllTestData/Adobe_PDF_sample_a_1024x768_50Frms.264/h264enc.js:1031:11)
    at abortOnCannotGrowMemory (/home/test/workspace/openh264/test/encoder_binary_comparison/AllTestData/Adobe_PDF_sample_a_1024x768_50Frms.264/h264enc.js:4914:7)
    at _emscripten_resize_heap (/home/test/workspace/openh264/test/encoder_binary_comparison/AllTestData/Adobe_PDF_sample_a_1024x768_50Frms.264/h264enc.js:4919:7)
    at wasm://wasm/00265406:wasm-function[1133]:0x705f0
    at wasm://wasm/00265406:wasm-function[1121]:0x6e28d
    at wasm://wasm/00265406:wasm-function[775]:0x60eb2
    at wasm://wasm/00265406:wasm-function[357]:0x2e8f3
    at wasm://wasm/00265406:wasm-function[363]:0x2f261
    at wasm://wasm/00265406:wasm-function[555]:0x407f3
    at wasm://wasm/00265406:wasm-function[554]:0x405bd   [0m
[31m    Failed! Adobe_PDF_sample_a_1024x768_50Frms.264_x.yuv Case Index 743:SHA-1(Current--Benchmark): NULL-----6e20714cc9e9dc5cefd30f24dc6907faaa976a63  [0m
[31m            ----YUVSHA1:  NULL,  9aa9a4d9598eb3e1093311826844f37c43e4c521  [0m
[31m           Aborted(Cannot enlarge memory arrays to size 19124224 bytes (OOM). Either (1) compile with -sINITIAL_MEMORY=X with X higher than the current value 16777216, (2) compile with -sALLOW_MEMORY_GROWTH which allows increasing the size at runtime, or (3) if you want malloc to return NULL (0) instead of this abort, compile with -sABORTING_MALLOC=0)
/home/test/workspace/openh264/test/encoder_binary_comparison/AllTestData/Adobe_PDF_sample_a_1024x768_50Frms.264/h264enc.js:167
      throw ex;
      ^

RuntimeError: Aborted(Cannot enlarge memory arrays to size 19124224 bytes (OOM). Either (1) compile with -sINITIAL_MEMORY=X with X higher than the current value 16777216, (2) compile with -sALLOW_MEMORY_GROWTH which allows increasing the size at runtime, or (3) if you want malloc to return NULL (0) instead of this abort, compile with -sABORTING_MALLOC=0)
    at abort (/home/test/workspace/openh264/test/encoder_binary_comparison/AllTestData/Adobe_PDF_sample_a_1024x768_50Frms.264/h264enc.js:1031:11)
    at abortOnCannotGrowMemory (/home/test/workspace/openh264/test/encoder_binary_comparison/AllTestData/Adobe_PDF_sample_a_1024x768_50Frms.264/h264enc.js:4914:7)
    at _emscripten_resize_heap (/home/test/workspace/openh264/test/encoder_binary_comparison/AllTestData/Adobe_PDF_sample_a_1024x768_50Frms.264/h264enc.js:4919:7)
    at wasm://wasm/00265406:wasm-function[1133]:0x705f0
    at wasm://wasm/00265406:wasm-function[1121]:0x6e28d
    at wasm://wasm/00265406:wasm-function[775]:0x60eb2
    at wasm://wasm/00265406:wasm-function[357]:0x2e8f3
    at wasm://wasm/00265406:wasm-function[363]:0x2f261
    at wasm://wasm/00265406:wasm-function[555]:0x407f3
    at wasm://wasm/00265406:wasm-function[554]:0x405bd   [0m
[31m    Failed! Adobe_PDF_sample_a_1024x768_50Frms.264_x.yuv Case Index 744:SHA-1(Current--Benchmark): NULL-----6e20714cc9e9dc5cefd30f24dc6907faaa976a63  [0m
[31m            ----YUVSHA1:  NULL,  9aa9a4d9598eb3e1093311826844f37c43e4c521  [0m
[31m           Aborted(Cannot enlarge memory arrays to size 19124224 bytes (OOM). Either (1) compile with -sINITIAL_MEMORY=X with X higher than the current value 16777216, (2) compile with -sALLOW_MEMORY_GROWTH which allows increasing the size at runtime, or (3) if you want malloc to return NULL (0) instead of this abort, compile with -sABORTING_MALLOC=0)
/home/test/workspace/openh264/test/encoder_binary_comparison/AllTestData/Adobe_PDF_sample_a_1024x768_50Frms.264/h264enc.js:167
      throw ex;
      ^

RuntimeError: Aborted(Cannot enlarge memory arrays to size 19124224 bytes (OOM). Either (1) compile with -sINITIAL_MEMORY=X with X higher than the current value 16777216, (2) compile with -sALLOW_MEMORY_GROWTH which allows increasing the size at runtime, or (3) if you want malloc to return NULL (0) instead of this abort, compile with -sABORTING_MALLOC=0)
    at abort (/home/test/workspace/openh264/test/encoder_binary_comparison/AllTestData/Adobe_PDF_sample_a_1024x768_50Frms.264/h264enc.js:1031:11)
    at abortOnCannotGrowMemory (/home/test/workspace/openh264/test/encoder_binary_comparison/AllTestData/Adobe_PDF_sample_a_1024x768_50Frms.264/h264enc.js:4914:7)
    at _emscripten_resize_heap (/home/test/workspace/openh264/test/encoder_binary_comparison/AllTestData/Adobe_PDF_sample_a_1024x768_50Frms.264/h264enc.js:4919:7)
    at wasm://wasm/00265406:wasm-function[1133]:0x705f0
    at wasm://wasm/00265406:wasm-function[1121]:0x6e28d
    at wasm://wasm/00265406:wasm-function[775]:0x60eb2
    at wasm://wasm/00265406:wasm-function[357]:0x2e8f3
    at wasm://wasm/00265406:wasm-function[363]:0x2f261
    at wasm://wasm/00265406:wasm-function[555]:0x407f3
    at wasm://wasm/00265406:wasm-function[554]:0x405bd   [0m
[31m    Failed! Adobe_PDF_sample_a_1024x768_50Frms.264_x.yuv Case Index 745:SHA-1(Current--Benchmark): NULL-----6e20714cc9e9dc5cefd30f24dc6907faaa976a63  [0m
[31m            ----YUVSHA1:  NULL,  9aa9a4d9598eb3e1093311826844f37c43e4c521  [0m
[31m           Aborted(Cannot enlarge memory arrays to size 19124224 bytes (OOM). Either (1) compile with -sINITIAL_MEMORY=X with X higher than the current value 16777216, (2) compile with -sALLOW_MEMORY_GROWTH which allows increasing the size at runtime, or (3) if you want malloc to return NULL (0) instead of this abort, compile with -sABORTING_MALLOC=0)
/home/test/workspace/openh264/test/encoder_binary_comparison/AllTestData/Adobe_PDF_sample_a_1024x768_50Frms.264/h264enc.js:167
      throw ex;
      ^

RuntimeError: Aborted(Cannot enlarge memory arrays to size 19124224 bytes (OOM). Either (1) compile with -sINITIAL_MEMORY=X with X higher than the current value 16777216, (2) compile with -sALLOW_MEMORY_GROWTH which allows increasing the size at runtime, or (3) if you want malloc to return NULL (0) instead of this abort, compile with -sABORTING_MALLOC=0)
    at abort (/home/test/workspace/openh264/test/encoder_binary_comparison/AllTestData/Adobe_PDF_sample_a_1024x768_50Frms.264/h264enc.js:1031:11)
    at abortOnCannotGrowMemory (/home/test/workspace/openh264/test/encoder_binary_comparison/AllTestData/Adobe_PDF_sample_a_1024x768_50Frms.264/h264enc.js:4914:7)
    at _emscripten_resize_heap (/home/test/workspace/openh264/test/encoder_binary_comparison/AllTestData/Adobe_PDF_sample_a_1024x768_50Frms.264/h264enc.js:4919:7)
    at wasm://wasm/00265406:wasm-function[1133]:0x705f0
    at wasm://wasm/00265406:wasm-function[1121]:0x6e28d
    at wasm://wasm/00265406:wasm-function[775]:0x60eb2
    at wasm://wasm/00265406:wasm-function[357]:0x2e8f3
    at wasm://wasm/00265406:wasm-function[363]:0x2f261
    at wasm://wasm/00265406:wasm-function[555]:0x407f3
    at wasm://wasm/00265406:wasm-function[554]:0x405bd   [0m
[31m    Failed! Adobe_PDF_sample_a_1024x768_50Frms.264_x.yuv Case Index 746:SHA-1(Current--Benchmark): NULL-----6e20714cc9e9dc5cefd30f24dc6907faaa976a63  [0m
[31m            ----YUVSHA1:  NULL,  9aa9a4d9598eb3e1093311826844f37c43e4c521  [0m
[31m           Aborted(Cannot enlarge memory arrays to size 19124224 bytes (OOM). Either (1) compile with -sINITIAL_MEMORY=X with X higher than the current value 16777216, (2) compile with -sALLOW_MEMORY_GROWTH which allows increasing the size at runtime, or (3) if you want malloc to return NULL (0) instead of this abort, compile with -sABORTING_MALLOC=0)
/home/test/workspace/openh264/test/encoder_binary_comparison/AllTestData/Adobe_PDF_sample_a_1024x768_50Frms.264/h264enc.js:167
      throw ex;
      ^

RuntimeError: Aborted(Cannot enlarge memory arrays to size 19124224 bytes (OOM). Either (1) compile with -sINITIAL_MEMORY=X with X higher than the current value 16777216, (2) compile with -sALLOW_MEMORY_GROWTH which allows increasing the size at runtime, or (3) if you want malloc to return NULL (0) instead of this abort, compile with -sABORTING_MALLOC=0)
    at abort (/home/test/workspace/openh264/test/encoder_binary_comparison/AllTestData/Adobe_PDF_sample_a_1024x768_50Frms.264/h264enc.js:1031:11)
    at abortOnCannotGrowMemory (/home/test/workspace/openh264/test/encoder_binary_comparison/AllTestData/Adobe_PDF_sample_a_1024x768_50Frms.264/h264enc.js:4914:7)
    at _emscripten_resize_heap (/home/test/workspace/openh264/test/encoder_binary_comparison/AllTestData/Adobe_PDF_sample_a_1024x768_50Frms.264/h264enc.js:4919:7)
    at wasm://wasm/00265406:wasm-function[1133]:0x705f0
    at wasm://wasm/00265406:wasm-function[1121]:0x6e28d
    at wasm://wasm/00265406:wasm-function[775]:0x60eb2
    at wasm://wasm/00265406:wasm-function[357]:0x2e8f3
    at wasm://wasm/00265406:wasm-function[363]:0x2f261
    at wasm://wasm/00265406:wasm-function[555]:0x407f3
    at wasm://wasm/00265406:wasm-function[554]:0x405bd   [0m
[31m    Failed! Adobe_PDF_sample_a_1024x768_50Frms.264_x.yuv Case Index 747:SHA-1(Current--Benchmark): NULL-----6e20714cc9e9dc5cefd30f24dc6907faaa976a63  [0m
[31m            ----YUVSHA1:  NULL,  9aa9a4d9598eb3e1093311826844f37c43e4c521  [0m
[31m           Aborted(Cannot enlarge memory arrays to size 19124224 bytes (OOM). Either (1) compile with -sINITIAL_MEMORY=X with X higher than the current value 16777216, (2) compile with -sALLOW_MEMORY_GROWTH which allows increasing the size at runtime, or (3) if you want malloc to return NULL (0) instead of this abort, compile with -sABORTING_MALLOC=0)
/home/test/workspace/openh264/test/encoder_binary_comparison/AllTestData/Adobe_PDF_sample_a_1024x768_50Frms.264/h264enc.js:167
      throw ex;
      ^

RuntimeError: Aborted(Cannot enlarge memory arrays to size 19124224 bytes (OOM). Either (1) compile with -sINITIAL_MEMORY=X with X higher than the current value 16777216, (2) compile with -sALLOW_MEMORY_GROWTH which allows increasing the size at runtime, or (3) if you want malloc to return NULL (0) instead of this abort, compile with -sABORTING_MALLOC=0)
    at abort (/home/test/workspace/openh264/test/encoder_binary_comparison/AllTestData/Adobe_PDF_sample_a_1024x768_50Frms.264/h264enc.js:1031:11)
    at abortOnCannotGrowMemory (/home/test/workspace/openh264/test/encoder_binary_comparison/AllTestData/Adobe_PDF_sample_a_1024x768_50Frms.264/h264enc.js:4914:7)
    at _emscripten_resize_heap (/home/test/workspace/openh264/test/encoder_binary_comparison/AllTestData/Adobe_PDF_sample_a_1024x768_50Frms.264/h264enc.js:4919:7)
    at wasm://wasm/00265406:wasm-function[1133]:0x705f0
    at wasm://wasm/00265406:wasm-function[1121]:0x6e28d
    at wasm://wasm/00265406:wasm-function[775]:0x60eb2
    at wasm://wasm/00265406:wasm-function[357]:0x2e8f3
    at wasm://wasm/00265406:wasm-function[363]:0x2f261
    at wasm://wasm/00265406:wasm-function[555]:0x407f3
    at wasm://wasm/00265406:wasm-function[554]:0x405bd   [0m
[31m    Failed! Adobe_PDF_sample_a_1024x768_50Frms.264_x.yuv Case Index 748:SHA-1(Current--Benchmark): NULL-----6e20714cc9e9dc5cefd30f24dc6907faaa976a63  [0m
[31m            ----YUVSHA1:  NULL,  9aa9a4d9598eb3e1093311826844f37c43e4c521  [0m
[31m           Aborted(Cannot enlarge memory arrays to size 19124224 bytes (OOM). Either (1) compile with -sINITIAL_MEMORY=X with X higher than the current value 16777216, (2) compile with -sALLOW_MEMORY_GROWTH which allows increasing the size at runtime, or (3) if you want malloc to return NULL (0) instead of this abort, compile with -sABORTING_MALLOC=0)
/home/test/workspace/openh264/test/encoder_binary_comparison/AllTestData/Adobe_PDF_sample_a_1024x768_50Frms.264/h264enc.js:167
      throw ex;
      ^

RuntimeError: Aborted(Cannot enlarge memory arrays to size 19124224 bytes (OOM). Either (1) compile with -sINITIAL_MEMORY=X with X higher than the current value 16777216, (2) compile with -sALLOW_MEMORY_GROWTH which allows increasing the size at runtime, or (3) if you want malloc to return NULL (0) instead of this abort, compile with -sABORTING_MALLOC=0)
    at abort (/home/test/workspace/openh264/test/encoder_binary_comparison/AllTestData/Adobe_PDF_sample_a_1024x768_50Frms.264/h264enc.js:1031:11)
    at abortOnCannotGrowMemory (/home/test/workspace/openh264/test/encoder_binary_comparison/AllTestData/Adobe_PDF_sample_a_1024x768_50Frms.264/h264enc.js:4914:7)
    at _emscripten_resize_heap (/home/test/workspace/openh264/test/encoder_binary_comparison/AllTestData/Adobe_PDF_sample_a_1024x768_50Frms.264/h264enc.js:4919:7)
    at wasm://wasm/00265406:wasm-function[1133]:0x705f0
    at wasm://wasm/00265406:wasm-function[1121]:0x6e28d
    at wasm://wasm/00265406:wasm-function[775]:0x60eb2
    at wasm://wasm/00265406:wasm-function[357]:0x2e8f3
    at wasm://wasm/00265406:wasm-function[363]:0x2f261
    at wasm://wasm/00265406:wasm-function[555]:0x407f3
    at wasm://wasm/00265406:wasm-function[554]:0x405bd   [0m
[31m    Failed! Adobe_PDF_sample_a_1024x768_50Frms.264_x.yuv Case Index 749:SHA-1(Current--Benchmark): NULL-----6e20714cc9e9dc5cefd30f24dc6907faaa976a63  [0m
[31m            ----YUVSHA1:  NULL,  9aa9a4d9598eb3e1093311826844f37c43e4c521  [0m
[31m           Aborted(Cannot enlarge memory arrays to size 19124224 bytes (OOM). Either (1) compile with -sINITIAL_MEMORY=X with X higher than the current value 16777216, (2) compile with -sALLOW_MEMORY_GROWTH which allows increasing the size at runtime, or (3) if you want malloc to return NULL (0) instead of this abort, compile with -sABORTING_MALLOC=0)
/home/test/workspace/openh264/test/encoder_binary_comparison/AllTestData/Adobe_PDF_sample_a_1024x768_50Frms.264/h264enc.js:167
      throw ex;
      ^

RuntimeError: Aborted(Cannot enlarge memory arrays to size 19124224 bytes (OOM). Either (1) compile with -sINITIAL_MEMORY=X with X higher than the current value 16777216, (2) compile with -sALLOW_MEMORY_GROWTH which allows increasing the size at runtime, or (3) if you want malloc to return NULL (0) instead of this abort, compile with -sABORTING_MALLOC=0)
    at abort (/home/test/workspace/openh264/test/encoder_binary_comparison/AllTestData/Adobe_PDF_sample_a_1024x768_50Frms.264/h264enc.js:1031:11)
    at abortOnCannotGrowMemory (/home/test/workspace/openh264/test/encoder_binary_comparison/AllTestData/Adobe_PDF_sample_a_1024x768_50Frms.264/h264enc.js:4914:7)
    at _emscripten_resize_heap (/home/test/workspace/openh264/test/encoder_binary_comparison/AllTestData/Adobe_PDF_sample_a_1024x768_50Frms.264/h264enc.js:4919:7)
    at wasm://wasm/00265406:wasm-function[1133]:0x705f0
    at wasm://wasm/00265406:wasm-function[1121]:0x6e28d
    at wasm://wasm/00265406:wasm-function[775]:0x60eb2
    at wasm://wasm/00265406:wasm-function[357]:0x2e8f3
    at wasm://wasm/00265406:wasm-function[363]:0x2f261
    at wasm://wasm/00265406:wasm-function[555]:0x407f3
    at wasm://wasm/00265406:wasm-function[554]:0x405bd   [0m
[31m    Failed! Adobe_PDF_sample_a_1024x768_50Frms.264_x.yuv Case Index 750:SHA-1(Current--Benchmark): NULL-----6e20714cc9e9dc5cefd30f24dc6907faaa976a63  [0m
[31m            ----YUVSHA1:  NULL,  9aa9a4d9598eb3e1093311826844f37c43e4c521  [0m
[31m           Aborted(Cannot enlarge memory arrays to size 19124224 bytes (OOM). Either (1) compile with -sINITIAL_MEMORY=X with X higher than the current value 16777216, (2) compile with -sALLOW_MEMORY_GROWTH which allows increasing the size at runtime, or (3) if you want malloc to return NULL (0) instead of this abort, compile with -sABORTING_MALLOC=0)
/home/test/workspace/openh264/test/encoder_binary_comparison/AllTestData/Adobe_PDF_sample_a_1024x768_50Frms.264/h264enc.js:167
      throw ex;
      ^

RuntimeError: Aborted(Cannot enlarge memory arrays to size 19124224 bytes (OOM). Either (1) compile with -sINITIAL_MEMORY=X with X higher than the current value 16777216, (2) compile with -sALLOW_MEMORY_GROWTH which allows increasing the size at runtime, or (3) if you want malloc to return NULL (0) instead of this abort, compile with -sABORTING_MALLOC=0)
    at abort (/home/test/workspace/openh264/test/encoder_binary_comparison/AllTestData/Adobe_PDF_sample_a_1024x768_50Frms.264/h264enc.js:1031:11)
    at abortOnCannotGrowMemory (/home/test/workspace/openh264/test/encoder_binary_comparison/AllTestData/Adobe_PDF_sample_a_1024x768_50Frms.264/h264enc.js:4914:7)
    at _emscripten_resize_heap (/home/test/workspace/openh264/test/encoder_binary_comparison/AllTestData/Adobe_PDF_sample_a_1024x768_50Frms.264/h264enc.js:4919:7)
    at wasm://wasm/00265406:wasm-function[1133]:0x705f0
    at wasm://wasm/00265406:wasm-function[1121]:0x6e28d
    at wasm://wasm/00265406:wasm-function[775]:0x60eb2
    at wasm://wasm/00265406:wasm-function[357]:0x2e8f3
    at wasm://wasm/00265406:wasm-function[363]:0x2f261
    at wasm://wasm/00265406:wasm-function[555]:0x407f3
    at wasm://wasm/00265406:wasm-function[554]:0x405bd   [0m
[31m    Failed! Adobe_PDF_sample_a_1024x768_50Frms.264_x.yuv Case Index 751:SHA-1(Current--Benchmark): NULL-----6e20714cc9e9dc5cefd30f24dc6907faaa976a63  [0m
[31m            ----YUVSHA1:  NULL,  9aa9a4d9598eb3e1093311826844f37c43e4c521  [0m
[31m           Aborted(Cannot enlarge memory arrays to size 19124224 bytes (OOM). Either (1) compile with -sINITIAL_MEMORY=X with X higher than the current value 16777216, (2) compile with -sALLOW_MEMORY_GROWTH which allows increasing the size at runtime, or (3) if you want malloc to return NULL (0) instead of this abort, compile with -sABORTING_MALLOC=0)
/home/test/workspace/openh264/test/encoder_binary_comparison/AllTestData/Adobe_PDF_sample_a_1024x768_50Frms.264/h264enc.js:167
      throw ex;
      ^

RuntimeError: Aborted(Cannot enlarge memory arrays to size 19124224 bytes (OOM). Either (1) compile with -sINITIAL_MEMORY=X with X higher than the current value 16777216, (2) compile with -sALLOW_MEMORY_GROWTH which allows increasing the size at runtime, or (3) if you want malloc to return NULL (0) instead of this abort, compile with -sABORTING_MALLOC=0)
    at abort (/home/test/workspace/openh264/test/encoder_binary_comparison/AllTestData/Adobe_PDF_sample_a_1024x768_50Frms.264/h264enc.js:1031:11)
    at abortOnCannotGrowMemory (/home/test/workspace/openh264/test/encoder_binary_comparison/AllTestData/Adobe_PDF_sample_a_1024x768_50Frms.264/h264enc.js:4914:7)
    at _emscripten_resize_heap (/home/test/workspace/openh264/test/encoder_binary_comparison/AllTestData/Adobe_PDF_sample_a_1024x768_50Frms.264/h264enc.js:4919:7)
    at wasm://wasm/00265406:wasm-function[1133]:0x705f0
    at wasm://wasm/00265406:wasm-function[1121]:0x6e28d
    at wasm://wasm/00265406:wasm-function[775]:0x60eb2
    at wasm://wasm/00265406:wasm-function[357]:0x2e8f3
    at wasm://wasm/00265406:wasm-function[363]:0x2f261
    at wasm://wasm/00265406:wasm-function[555]:0x407f3
    at wasm://wasm/00265406:wasm-function[554]:0x405bd   [0m
[31m    Failed! Adobe_PDF_sample_a_1024x768_50Frms.264_x.yuv Case Index 752:SHA-1(Current--Benchmark): NULL-----6e20714cc9e9dc5cefd30f24dc6907faaa976a63  [0m
[31m            ----YUVSHA1:  NULL,  9aa9a4d9598eb3e1093311826844f37c43e4c521  [0m
[31m           Aborted(Cannot enlarge memory arrays to size 19124224 bytes (OOM). Either (1) compile with -sINITIAL_MEMORY=X with X higher than the current value 16777216, (2) compile with -sALLOW_MEMORY_GROWTH which allows increasing the size at runtime, or (3) if you want malloc to return NULL (0) instead of this abort, compile with -sABORTING_MALLOC=0)
/home/test/workspace/openh264/test/encoder_binary_comparison/AllTestData/Adobe_PDF_sample_a_1024x768_50Frms.264/h264enc.js:167
      throw ex;
      ^

RuntimeError: Aborted(Cannot enlarge memory arrays to size 19124224 bytes (OOM). Either (1) compile with -sINITIAL_MEMORY=X with X higher than the current value 16777216, (2) compile with -sALLOW_MEMORY_GROWTH which allows increasing the size at runtime, or (3) if you want malloc to return NULL (0) instead of this abort, compile with -sABORTING_MALLOC=0)
    at abort (/home/test/workspace/openh264/test/encoder_binary_comparison/AllTestData/Adobe_PDF_sample_a_1024x768_50Frms.264/h264enc.js:1031:11)
    at abortOnCannotGrowMemory (/home/test/workspace/openh264/test/encoder_binary_comparison/AllTestData/Adobe_PDF_sample_a_1024x768_50Frms.264/h264enc.js:4914:7)
    at _emscripten_resize_heap (/home/test/workspace/openh264/test/encoder_binary_comparison/AllTestData/Adobe_PDF_sample_a_1024x768_50Frms.264/h264enc.js:4919:7)
    at wasm://wasm/00265406:wasm-function[1133]:0x705f0
    at wasm://wasm/00265406:wasm-function[1121]:0x6e28d
    at wasm://wasm/00265406:wasm-function[775]:0x60eb2
    at wasm://wasm/00265406:wasm-function[357]:0x2e8f3
    at wasm://wasm/00265406:wasm-function[363]:0x2f261
    at wasm://wasm/00265406:wasm-function[555]:0x407f3
    at wasm://wasm/00265406:wasm-function[554]:0x405bd   [0m
[31m    Failed! Adobe_PDF_sample_a_1024x768_50Frms.264_x.yuv Case Index 753:SHA-1(Current--Benchmark): NULL-----6e20714cc9e9dc5cefd30f24dc6907faaa976a63  [0m
[31m            ----YUVSHA1:  NULL,  9aa9a4d9598eb3e1093311826844f37c43e4c521  [0m
[31m           Aborted(Cannot enlarge memory arrays to size 19124224 bytes (OOM). Either (1) compile with -sINITIAL_MEMORY=X with X higher than the current value 16777216, (2) compile with -sALLOW_MEMORY_GROWTH which allows increasing the size at runtime, or (3) if you want malloc to return NULL (0) instead of this abort, compile with -sABORTING_MALLOC=0)
/home/test/workspace/openh264/test/encoder_binary_comparison/AllTestData/Adobe_PDF_sample_a_1024x768_50Frms.264/h264enc.js:167
      throw ex;
      ^

RuntimeError: Aborted(Cannot enlarge memory arrays to size 19124224 bytes (OOM). Either (1) compile with -sINITIAL_MEMORY=X with X higher than the current value 16777216, (2) compile with -sALLOW_MEMORY_GROWTH which allows increasing the size at runtime, or (3) if you want malloc to return NULL (0) instead of this abort, compile with -sABORTING_MALLOC=0)
    at abort (/home/test/workspace/openh264/test/encoder_binary_comparison/AllTestData/Adobe_PDF_sample_a_1024x768_50Frms.264/h264enc.js:1031:11)
    at abortOnCannotGrowMemory (/home/test/workspace/openh264/test/encoder_binary_comparison/AllTestData/Adobe_PDF_sample_a_1024x768_50Frms.264/h264enc.js:4914:7)
    at _emscripten_resize_heap (/home/test/workspace/openh264/test/encoder_binary_comparison/AllTestData/Adobe_PDF_sample_a_1024x768_50Frms.264/h264enc.js:4919:7)
    at wasm://wasm/00265406:wasm-function[1133]:0x705f0
    at wasm://wasm/00265406:wasm-function[1121]:0x6e28d
    at wasm://wasm/00265406:wasm-function[775]:0x60eb2
    at wasm://wasm/00265406:wasm-function[357]:0x2e8f3
    at wasm://wasm/00265406:wasm-function[363]:0x2f261
    at wasm://wasm/00265406:wasm-function[555]:0x407f3
    at wasm://wasm/00265406:wasm-function[554]:0x405bd   [0m
[31m    Failed! Adobe_PDF_sample_a_1024x768_50Frms.264_x.yuv Case Index 754:SHA-1(Current--Benchmark): NULL-----6e20714cc9e9dc5cefd30f24dc6907faaa976a63  [0m
[31m            ----YUVSHA1:  NULL,  9aa9a4d9598eb3e1093311826844f37c43e4c521  [0m
[31m           Aborted(Cannot enlarge memory arrays to size 19124224 bytes (OOM). Either (1) compile with -sINITIAL_MEMORY=X with X higher than the current value 16777216, (2) compile with -sALLOW_MEMORY_GROWTH which allows increasing the size at runtime, or (3) if you want malloc to return NULL (0) instead of this abort, compile with -sABORTING_MALLOC=0)
/home/test/workspace/openh264/test/encoder_binary_comparison/AllTestData/Adobe_PDF_sample_a_1024x768_50Frms.264/h264enc.js:167
      throw ex;
      ^

RuntimeError: Aborted(Cannot enlarge memory arrays to size 19124224 bytes (OOM). Either (1) compile with -sINITIAL_MEMORY=X with X higher than the current value 16777216, (2) compile with -sALLOW_MEMORY_GROWTH which allows increasing the size at runtime, or (3) if you want malloc to return NULL (0) instead of this abort, compile with -sABORTING_MALLOC=0)
    at abort (/home/test/workspace/openh264/test/encoder_binary_comparison/AllTestData/Adobe_PDF_sample_a_1024x768_50Frms.264/h264enc.js:1031:11)
    at abortOnCannotGrowMemory (/home/test/workspace/openh264/test/encoder_binary_comparison/AllTestData/Adobe_PDF_sample_a_1024x768_50Frms.264/h264enc.js:4914:7)
    at _emscripten_resize_heap (/home/test/workspace/openh264/test/encoder_binary_comparison/AllTestData/Adobe_PDF_sample_a_1024x768_50Frms.264/h264enc.js:4919:7)
    at wasm://wasm/00265406:wasm-function[1133]:0x705f0
    at wasm://wasm/00265406:wasm-function[1121]:0x6e28d
    at wasm://wasm/00265406:wasm-function[775]:0x60eb2
    at wasm://wasm/00265406:wasm-function[357]:0x2e8f3
    at wasm://wasm/00265406:wasm-function[363]:0x2f261
    at wasm://wasm/00265406:wasm-function[555]:0x407f3
    at wasm://wasm/00265406:wasm-function[554]:0x405bd   [0m
[31m    Failed! Adobe_PDF_sample_a_1024x768_50Frms.264_x.yuv Case Index 755:SHA-1(Current--Benchmark): NULL-----6e20714cc9e9dc5cefd30f24dc6907faaa976a63  [0m
[31m            ----YUVSHA1:  NULL,  9aa9a4d9598eb3e1093311826844f37c43e4c521  [0m
[31m           Aborted(Cannot enlarge memory arrays to size 19124224 bytes (OOM). Either (1) compile with -sINITIAL_MEMORY=X with X higher than the current value 16777216, (2) compile with -sALLOW_MEMORY_GROWTH which allows increasing the size at runtime, or (3) if you want malloc to return NULL (0) instead of this abort, compile with -sABORTING_MALLOC=0)
/home/test/workspace/openh264/test/encoder_binary_comparison/AllTestData/Adobe_PDF_sample_a_1024x768_50Frms.264/h264enc.js:167
      throw ex;
      ^

RuntimeError: Aborted(Cannot enlarge memory arrays to size 19124224 bytes (OOM). Either (1) compile with -sINITIAL_MEMORY=X with X higher than the current value 16777216, (2) compile with -sALLOW_MEMORY_GROWTH which allows increasing the size at runtime, or (3) if you want malloc to return NULL (0) instead of this abort, compile with -sABORTING_MALLOC=0)
    at abort (/home/test/workspace/openh264/test/encoder_binary_comparison/AllTestData/Adobe_PDF_sample_a_1024x768_50Frms.264/h264enc.js:1031:11)
    at abortOnCannotGrowMemory (/home/test/workspace/openh264/test/encoder_binary_comparison/AllTestData/Adobe_PDF_sample_a_1024x768_50Frms.264/h264enc.js:4914:7)
    at _emscripten_resize_heap (/home/test/workspace/openh264/test/encoder_binary_comparison/AllTestData/Adobe_PDF_sample_a_1024x768_50Frms.264/h264enc.js:4919:7)
    at wasm://wasm/00265406:wasm-function[1133]:0x705f0
    at wasm://wasm/00265406:wasm-function[1121]:0x6e28d
    at wasm://wasm/00265406:wasm-function[775]:0x60eb2
    at wasm://wasm/00265406:wasm-function[357]:0x2e8f3
    at wasm://wasm/00265406:wasm-function[363]:0x2f261
    at wasm://wasm/00265406:wasm-function[555]:0x407f3
    at wasm://wasm/00265406:wasm-function[554]:0x405bd   [0m
[31m    Failed! Adobe_PDF_sample_a_1024x768_50Frms.264_x.yuv Case Index 756:SHA-1(Current--Benchmark): NULL-----6e20714cc9e9dc5cefd30f24dc6907faaa976a63  [0m
[31m            ----YUVSHA1:  NULL,  9aa9a4d9598eb3e1093311826844f37c43e4c521  [0m
[31m           Aborted(Cannot enlarge memory arrays to size 19124224 bytes (OOM). Either (1) compile with -sINITIAL_MEMORY=X with X higher than the current value 16777216, (2) compile with -sALLOW_MEMORY_GROWTH which allows increasing the size at runtime, or (3) if you want malloc to return NULL (0) instead of this abort, compile with -sABORTING_MALLOC=0)
/home/test/workspace/openh264/test/encoder_binary_comparison/AllTestData/Adobe_PDF_sample_a_1024x768_50Frms.264/h264enc.js:167
      throw ex;
      ^

RuntimeError: Aborted(Cannot enlarge memory arrays to size 19124224 bytes (OOM). Either (1) compile with -sINITIAL_MEMORY=X with X higher than the current value 16777216, (2) compile with -sALLOW_MEMORY_GROWTH which allows increasing the size at runtime, or (3) if you want malloc to return NULL (0) instead of this abort, compile with -sABORTING_MALLOC=0)
    at abort (/home/test/workspace/openh264/test/encoder_binary_comparison/AllTestData/Adobe_PDF_sample_a_1024x768_50Frms.264/h264enc.js:1031:11)
    at abortOnCannotGrowMemory (/home/test/workspace/openh264/test/encoder_binary_comparison/AllTestData/Adobe_PDF_sample_a_1024x768_50Frms.264/h264enc.js:4914:7)
    at _emscripten_resize_heap (/home/test/workspace/openh264/test/encoder_binary_comparison/AllTestData/Adobe_PDF_sample_a_1024x768_50Frms.264/h264enc.js:4919:7)
    at wasm://wasm/00265406:wasm-function[1133]:0x705f0
    at wasm://wasm/00265406:wasm-function[1121]:0x6e28d
    at wasm://wasm/00265406:wasm-function[775]:0x60eb2
    at wasm://wasm/00265406:wasm-function[357]:0x2e8f3
    at wasm://wasm/00265406:wasm-function[363]:0x2f261
    at wasm://wasm/00265406:wasm-function[555]:0x407f3
    at wasm://wasm/00265406:wasm-function[554]:0x405bd   [0m
[31m    Failed! Adobe_PDF_sample_a_1024x768_50Frms.264_x.yuv Case Index 757:SHA-1(Current--Benchmark): NULL-----6e20714cc9e9dc5cefd30f24dc6907faaa976a63  [0m
[31m            ----YUVSHA1:  NULL,  9aa9a4d9598eb3e1093311826844f37c43e4c521  [0m
[31m           Aborted(Cannot enlarge memory arrays to size 19124224 bytes (OOM). Either (1) compile with -sINITIAL_MEMORY=X with X higher than the current value 16777216, (2) compile with -sALLOW_MEMORY_GROWTH which allows increasing the size at runtime, or (3) if you want malloc to return NULL (0) instead of this abort, compile with -sABORTING_MALLOC=0)
/home/test/workspace/openh264/test/encoder_binary_comparison/AllTestData/Adobe_PDF_sample_a_1024x768_50Frms.264/h264enc.js:167
      throw ex;
      ^

RuntimeError: Aborted(Cannot enlarge memory arrays to size 19124224 bytes (OOM). Either (1) compile with -sINITIAL_MEMORY=X with X higher than the current value 16777216, (2) compile with -sALLOW_MEMORY_GROWTH which allows increasing the size at runtime, or (3) if you want malloc to return NULL (0) instead of this abort, compile with -sABORTING_MALLOC=0)
    at abort (/home/test/workspace/openh264/test/encoder_binary_comparison/AllTestData/Adobe_PDF_sample_a_1024x768_50Frms.264/h264enc.js:1031:11)
    at abortOnCannotGrowMemory (/home/test/workspace/openh264/test/encoder_binary_comparison/AllTestData/Adobe_PDF_sample_a_1024x768_50Frms.264/h264enc.js:4914:7)
    at _emscripten_resize_heap (/home/test/workspace/openh264/test/encoder_binary_comparison/AllTestData/Adobe_PDF_sample_a_1024x768_50Frms.264/h264enc.js:4919:7)
    at wasm://wasm/00265406:wasm-function[1133]:0x705f0
    at wasm://wasm/00265406:wasm-function[1121]:0x6e28d
    at wasm://wasm/00265406:wasm-function[775]:0x60eb2
    at wasm://wasm/00265406:wasm-function[357]:0x2e8f3
    at wasm://wasm/00265406:wasm-function[363]:0x2f261
    at wasm://wasm/00265406:wasm-function[555]:0x407f3
    at wasm://wasm/00265406:wasm-function[554]:0x405bd   [0m
[31m    Failed! Adobe_PDF_sample_a_1024x768_50Frms.264_x.yuv Case Index 758:SHA-1(Current--Benchmark): NULL-----6e20714cc9e9dc5cefd30f24dc6907faaa976a63  [0m
[31m            ----YUVSHA1:  NULL,  9aa9a4d9598eb3e1093311826844f37c43e4c521  [0m
[31m           Aborted(Cannot enlarge memory arrays to size 19124224 bytes (OOM). Either (1) compile with -sINITIAL_MEMORY=X with X higher than the current value 16777216, (2) compile with -sALLOW_MEMORY_GROWTH which allows increasing the size at runtime, or (3) if you want malloc to return NULL (0) instead of this abort, compile with -sABORTING_MALLOC=0)
/home/test/workspace/openh264/test/encoder_binary_comparison/AllTestData/Adobe_PDF_sample_a_1024x768_50Frms.264/h264enc.js:167
      throw ex;
      ^

RuntimeError: Aborted(Cannot enlarge memory arrays to size 19124224 bytes (OOM). Either (1) compile with -sINITIAL_MEMORY=X with X higher than the current value 16777216, (2) compile with -sALLOW_MEMORY_GROWTH which allows increasing the size at runtime, or (3) if you want malloc to return NULL (0) instead of this abort, compile with -sABORTING_MALLOC=0)
    at abort (/home/test/workspace/openh264/test/encoder_binary_comparison/AllTestData/Adobe_PDF_sample_a_1024x768_50Frms.264/h264enc.js:1031:11)
    at abortOnCannotGrowMemory (/home/test/workspace/openh264/test/encoder_binary_comparison/AllTestData/Adobe_PDF_sample_a_1024x768_50Frms.264/h264enc.js:4914:7)
    at _emscripten_resize_heap (/home/test/workspace/openh264/test/encoder_binary_comparison/AllTestData/Adobe_PDF_sample_a_1024x768_50Frms.264/h264enc.js:4919:7)
    at wasm://wasm/00265406:wasm-function[1133]:0x705f0
    at wasm://wasm/00265406:wasm-function[1121]:0x6e28d
    at wasm://wasm/00265406:wasm-function[775]:0x60eb2
    at wasm://wasm/00265406:wasm-function[357]:0x2e8f3
    at wasm://wasm/00265406:wasm-function[363]:0x2f261
    at wasm://wasm/00265406:wasm-function[555]:0x407f3
    at wasm://wasm/00265406:wasm-function[554]:0x405bd   [0m
[31m    Failed! Adobe_PDF_sample_a_1024x768_50Frms.264_x.yuv Case Index 759:SHA-1(Current--Benchmark): NULL-----6e20714cc9e9dc5cefd30f24dc6907faaa976a63  [0m
[31m            ----YUVSHA1:  NULL,  9aa9a4d9598eb3e1093311826844f37c43e4c521  [0m
[31m           Aborted(Cannot enlarge memory arrays to size 19124224 bytes (OOM). Either (1) compile with -sINITIAL_MEMORY=X with X higher than the current value 16777216, (2) compile with -sALLOW_MEMORY_GROWTH which allows increasing the size at runtime, or (3) if you want malloc to return NULL (0) instead of this abort, compile with -sABORTING_MALLOC=0)
/home/test/workspace/openh264/test/encoder_binary_comparison/AllTestData/Adobe_PDF_sample_a_1024x768_50Frms.264/h264enc.js:167
      throw ex;
      ^

RuntimeError: Aborted(Cannot enlarge memory arrays to size 19124224 bytes (OOM). Either (1) compile with -sINITIAL_MEMORY=X with X higher than the current value 16777216, (2) compile with -sALLOW_MEMORY_GROWTH which allows increasing the size at runtime, or (3) if you want malloc to return NULL (0) instead of this abort, compile with -sABORTING_MALLOC=0)
    at abort (/home/test/workspace/openh264/test/encoder_binary_comparison/AllTestData/Adobe_PDF_sample_a_1024x768_50Frms.264/h264enc.js:1031:11)
    at abortOnCannotGrowMemory (/home/test/workspace/openh264/test/encoder_binary_comparison/AllTestData/Adobe_PDF_sample_a_1024x768_50Frms.264/h264enc.js:4914:7)
    at _emscripten_resize_heap (/home/test/workspace/openh264/test/encoder_binary_comparison/AllTestData/Adobe_PDF_sample_a_1024x768_50Frms.264/h264enc.js:4919:7)
    at wasm://wasm/00265406:wasm-function[1133]:0x705f0
    at wasm://wasm/00265406:wasm-function[1121]:0x6e28d
    at wasm://wasm/00265406:wasm-function[775]:0x60eb2
    at wasm://wasm/00265406:wasm-function[357]:0x2e8f3
    at wasm://wasm/00265406:wasm-function[363]:0x2f261
    at wasm://wasm/00265406:wasm-function[555]:0x407f3
    at wasm://wasm/00265406:wasm-function[554]:0x405bd   [0m
[31m    Failed! Adobe_PDF_sample_a_1024x768_50Frms.264_x.yuv Case Index 760:SHA-1(Current--Benchmark): NULL-----6e20714cc9e9dc5cefd30f24dc6907faaa976a63  [0m
[31m            ----YUVSHA1:  NULL,  9aa9a4d9598eb3e1093311826844f37c43e4c521  [0m
[31m           Aborted(Cannot enlarge memory arrays to size 19124224 bytes (OOM). Either (1) compile with -sINITIAL_MEMORY=X with X higher than the current value 16777216, (2) compile with -sALLOW_MEMORY_GROWTH which allows increasing the size at runtime, or (3) if you want malloc to return NULL (0) instead of this abort, compile with -sABORTING_MALLOC=0)
/home/test/workspace/openh264/test/encoder_binary_comparison/AllTestData/Adobe_PDF_sample_a_1024x768_50Frms.264/h264enc.js:167
      throw ex;
      ^

RuntimeError: Aborted(Cannot enlarge memory arrays to size 19124224 bytes (OOM). Either (1) compile with -sINITIAL_MEMORY=X with X higher than the current value 16777216, (2) compile with -sALLOW_MEMORY_GROWTH which allows increasing the size at runtime, or (3) if you want malloc to return NULL (0) instead of this abort, compile with -sABORTING_MALLOC=0)
    at abort (/home/test/workspace/openh264/test/encoder_binary_comparison/AllTestData/Adobe_PDF_sample_a_1024x768_50Frms.264/h264enc.js:1031:11)
    at abortOnCannotGrowMemory (/home/test/workspace/openh264/test/encoder_binary_comparison/AllTestData/Adobe_PDF_sample_a_1024x768_50Frms.264/h264enc.js:4914:7)
    at _emscripten_resize_heap (/home/test/workspace/openh264/test/encoder_binary_comparison/AllTestData/Adobe_PDF_sample_a_1024x768_50Frms.264/h264enc.js:4919:7)
    at wasm://wasm/00265406:wasm-function[1133]:0x705f0
    at wasm://wasm/00265406:wasm-function[1121]:0x6e28d
    at wasm://wasm/00265406:wasm-function[775]:0x60eb2
    at wasm://wasm/00265406:wasm-function[357]:0x2e8f3
    at wasm://wasm/00265406:wasm-function[363]:0x2f261
    at wasm://wasm/00265406:wasm-function[555]:0x407f3
    at wasm://wasm/00265406:wasm-function[554]:0x405bd   [0m
[31m    Failed! Adobe_PDF_sample_a_1024x768_50Frms.264_x.yuv Case Index 761:SHA-1(Current--Benchmark): NULL-----6e20714cc9e9dc5cefd30f24dc6907faaa976a63  [0m
[31m            ----YUVSHA1:  NULL,  9aa9a4d9598eb3e1093311826844f37c43e4c521  [0m
[31m           Aborted(Cannot enlarge memory arrays to size 19124224 bytes (OOM). Either (1) compile with -sINITIAL_MEMORY=X with X higher than the current value 16777216, (2) compile with -sALLOW_MEMORY_GROWTH which allows increasing the size at runtime, or (3) if you want malloc to return NULL (0) instead of this abort, compile with -sABORTING_MALLOC=0)
/home/test/workspace/openh264/test/encoder_binary_comparison/AllTestData/Adobe_PDF_sample_a_1024x768_50Frms.264/h264enc.js:167
      throw ex;
      ^

RuntimeError: Aborted(Cannot enlarge memory arrays to size 19124224 bytes (OOM). Either (1) compile with -sINITIAL_MEMORY=X with X higher than the current value 16777216, (2) compile with -sALLOW_MEMORY_GROWTH which allows increasing the size at runtime, or (3) if you want malloc to return NULL (0) instead of this abort, compile with -sABORTING_MALLOC=0)
    at abort (/home/test/workspace/openh264/test/encoder_binary_comparison/AllTestData/Adobe_PDF_sample_a_1024x768_50Frms.264/h264enc.js:1031:11)
    at abortOnCannotGrowMemory (/home/test/workspace/openh264/test/encoder_binary_comparison/AllTestData/Adobe_PDF_sample_a_1024x768_50Frms.264/h264enc.js:4914:7)
    at _emscripten_resize_heap (/home/test/workspace/openh264/test/encoder_binary_comparison/AllTestData/Adobe_PDF_sample_a_1024x768_50Frms.264/h264enc.js:4919:7)
    at wasm://wasm/00265406:wasm-function[1133]:0x705f0
    at wasm://wasm/00265406:wasm-function[1121]:0x6e28d
    at wasm://wasm/00265406:wasm-function[775]:0x60eb2
    at wasm://wasm/00265406:wasm-function[357]:0x2e8f3
    at wasm://wasm/00265406:wasm-function[363]:0x2f261
    at wasm://wasm/00265406:wasm-function[555]:0x407f3
    at wasm://wasm/00265406:wasm-function[554]:0x405bd   [0m
[31m    Failed! Adobe_PDF_sample_a_1024x768_50Frms.264_x.yuv Case Index 762:SHA-1(Current--Benchmark): NULL-----6e20714cc9e9dc5cefd30f24dc6907faaa976a63  [0m
[31m            ----YUVSHA1:  NULL,  9aa9a4d9598eb3e1093311826844f37c43e4c521  [0m
[31m           Aborted(Cannot enlarge memory arrays to size 19124224 bytes (OOM). Either (1) compile with -sINITIAL_MEMORY=X with X higher than the current value 16777216, (2) compile with -sALLOW_MEMORY_GROWTH which allows increasing the size at runtime, or (3) if you want malloc to return NULL (0) instead of this abort, compile with -sABORTING_MALLOC=0)
/home/test/workspace/openh264/test/encoder_binary_comparison/AllTestData/Adobe_PDF_sample_a_1024x768_50Frms.264/h264enc.js:167
      throw ex;
      ^

RuntimeError: Aborted(Cannot enlarge memory arrays to size 19124224 bytes (OOM). Either (1) compile with -sINITIAL_MEMORY=X with X higher than the current value 16777216, (2) compile with -sALLOW_MEMORY_GROWTH which allows increasing the size at runtime, or (3) if you want malloc to return NULL (0) instead of this abort, compile with -sABORTING_MALLOC=0)
    at abort (/home/test/workspace/openh264/test/encoder_binary_comparison/AllTestData/Adobe_PDF_sample_a_1024x768_50Frms.264/h264enc.js:1031:11)
    at abortOnCannotGrowMemory (/home/test/workspace/openh264/test/encoder_binary_comparison/AllTestData/Adobe_PDF_sample_a_1024x768_50Frms.264/h264enc.js:4914:7)
    at _emscripten_resize_heap (/home/test/workspace/openh264/test/encoder_binary_comparison/AllTestData/Adobe_PDF_sample_a_1024x768_50Frms.264/h264enc.js:4919:7)
    at wasm://wasm/00265406:wasm-function[1133]:0x705f0
    at wasm://wasm/00265406:wasm-function[1121]:0x6e28d
    at wasm://wasm/00265406:wasm-function[775]:0x60eb2
    at wasm://wasm/00265406:wasm-function[357]:0x2e8f3
    at wasm://wasm/00265406:wasm-function[363]:0x2f261
    at wasm://wasm/00265406:wasm-function[555]:0x407f3
    at wasm://wasm/00265406:wasm-function[554]:0x405bd   [0m
[31m    Failed! Adobe_PDF_sample_a_1024x768_50Frms.264_x.yuv Case Index 763:SHA-1(Current--Benchmark): NULL-----6e20714cc9e9dc5cefd30f24dc6907faaa976a63  [0m
[31m            ----YUVSHA1:  NULL,  9aa9a4d9598eb3e1093311826844f37c43e4c521  [0m
[31m           Aborted(Cannot enlarge memory arrays to size 19124224 bytes (OOM). Either (1) compile with -sINITIAL_MEMORY=X with X higher than the current value 16777216, (2) compile with -sALLOW_MEMORY_GROWTH which allows increasing the size at runtime, or (3) if you want malloc to return NULL (0) instead of this abort, compile with -sABORTING_MALLOC=0)
/home/test/workspace/openh264/test/encoder_binary_comparison/AllTestData/Adobe_PDF_sample_a_1024x768_50Frms.264/h264enc.js:167
      throw ex;
      ^

RuntimeError: Aborted(Cannot enlarge memory arrays to size 19124224 bytes (OOM). Either (1) compile with -sINITIAL_MEMORY=X with X higher than the current value 16777216, (2) compile with -sALLOW_MEMORY_GROWTH which allows increasing the size at runtime, or (3) if you want malloc to return NULL (0) instead of this abort, compile with -sABORTING_MALLOC=0)
    at abort (/home/test/workspace/openh264/test/encoder_binary_comparison/AllTestData/Adobe_PDF_sample_a_1024x768_50Frms.264/h264enc.js:1031:11)
    at abortOnCannotGrowMemory (/home/test/workspace/openh264/test/encoder_binary_comparison/AllTestData/Adobe_PDF_sample_a_1024x768_50Frms.264/h264enc.js:4914:7)
    at _emscripten_resize_heap (/home/test/workspace/openh264/test/encoder_binary_comparison/AllTestData/Adobe_PDF_sample_a_1024x768_50Frms.264/h264enc.js:4919:7)
    at wasm://wasm/00265406:wasm-function[1133]:0x705f0
    at wasm://wasm/00265406:wasm-function[1121]:0x6e28d
    at wasm://wasm/00265406:wasm-function[775]:0x60eb2
    at wasm://wasm/00265406:wasm-function[357]:0x2e8f3
    at wasm://wasm/00265406:wasm-function[363]:0x2f261
    at wasm://wasm/00265406:wasm-function[555]:0x407f3
    at wasm://wasm/00265406:wasm-function[554]:0x405bd   [0m
[31m    Failed! Adobe_PDF_sample_a_1024x768_50Frms.264_x.yuv Case Index 764:SHA-1(Current--Benchmark): NULL-----6e20714cc9e9dc5cefd30f24dc6907faaa976a63  [0m
[31m            ----YUVSHA1:  NULL,  9aa9a4d9598eb3e1093311826844f37c43e4c521  [0m
[31m           Aborted(Cannot enlarge memory arrays to size 19124224 bytes (OOM). Either (1) compile with -sINITIAL_MEMORY=X with X higher than the current value 16777216, (2) compile with -sALLOW_MEMORY_GROWTH which allows increasing the size at runtime, or (3) if you want malloc to return NULL (0) instead of this abort, compile with -sABORTING_MALLOC=0)
/home/test/workspace/openh264/test/encoder_binary_comparison/AllTestData/Adobe_PDF_sample_a_1024x768_50Frms.264/h264enc.js:167
      throw ex;
      ^

RuntimeError: Aborted(Cannot enlarge memory arrays to size 19124224 bytes (OOM). Either (1) compile with -sINITIAL_MEMORY=X with X higher than the current value 16777216, (2) compile with -sALLOW_MEMORY_GROWTH which allows increasing the size at runtime, or (3) if you want malloc to return NULL (0) instead of this abort, compile with -sABORTING_MALLOC=0)
    at abort (/home/test/workspace/openh264/test/encoder_binary_comparison/AllTestData/Adobe_PDF_sample_a_1024x768_50Frms.264/h264enc.js:1031:11)
    at abortOnCannotGrowMemory (/home/test/workspace/openh264/test/encoder_binary_comparison/AllTestData/Adobe_PDF_sample_a_1024x768_50Frms.264/h264enc.js:4914:7)
    at _emscripten_resize_heap (/home/test/workspace/openh264/test/encoder_binary_comparison/AllTestData/Adobe_PDF_sample_a_1024x768_50Frms.264/h264enc.js:4919:7)
    at wasm://wasm/00265406:wasm-function[1133]:0x705f0
    at wasm://wasm/00265406:wasm-function[1121]:0x6e28d
    at wasm://wasm/00265406:wasm-function[775]:0x60eb2
    at wasm://wasm/00265406:wasm-function[357]:0x2e8f3
    at wasm://wasm/00265406:wasm-function[363]:0x2f261
    at wasm://wasm/00265406:wasm-function[555]:0x407f3
    at wasm://wasm/00265406:wasm-function[554]:0x405bd   [0m
[31m    Failed! Adobe_PDF_sample_a_1024x768_50Frms.264_x.yuv Case Index 765:SHA-1(Current--Benchmark): NULL-----6e20714cc9e9dc5cefd30f24dc6907faaa976a63  [0m
[31m            ----YUVSHA1:  NULL,  9aa9a4d9598eb3e1093311826844f37c43e4c521  [0m
[31m           Aborted(Cannot enlarge memory arrays to size 19124224 bytes (OOM). Either (1) compile with -sINITIAL_MEMORY=X with X higher than the current value 16777216, (2) compile with -sALLOW_MEMORY_GROWTH which allows increasing the size at runtime, or (3) if you want malloc to return NULL (0) instead of this abort, compile with -sABORTING_MALLOC=0)
/home/test/workspace/openh264/test/encoder_binary_comparison/AllTestData/Adobe_PDF_sample_a_1024x768_50Frms.264/h264enc.js:167
      throw ex;
      ^

RuntimeError: Aborted(Cannot enlarge memory arrays to size 19124224 bytes (OOM). Either (1) compile with -sINITIAL_MEMORY=X with X higher than the current value 16777216, (2) compile with -sALLOW_MEMORY_GROWTH which allows increasing the size at runtime, or (3) if you want malloc to return NULL (0) instead of this abort, compile with -sABORTING_MALLOC=0)
    at abort (/home/test/workspace/openh264/test/encoder_binary_comparison/AllTestData/Adobe_PDF_sample_a_1024x768_50Frms.264/h264enc.js:1031:11)
    at abortOnCannotGrowMemory (/home/test/workspace/openh264/test/encoder_binary_comparison/AllTestData/Adobe_PDF_sample_a_1024x768_50Frms.264/h264enc.js:4914:7)
    at _emscripten_resize_heap (/home/test/workspace/openh264/test/encoder_binary_comparison/AllTestData/Adobe_PDF_sample_a_1024x768_50Frms.264/h264enc.js:4919:7)
    at wasm://wasm/00265406:wasm-function[1133]:0x705f0
    at wasm://wasm/00265406:wasm-function[1121]:0x6e28d
    at wasm://wasm/00265406:wasm-function[775]:0x60eb2
    at wasm://wasm/00265406:wasm-function[357]:0x2e8f3
    at wasm://wasm/00265406:wasm-function[363]:0x2f261
    at wasm://wasm/00265406:wasm-function[555]:0x407f3
    at wasm://wasm/00265406:wasm-function[554]:0x405bd   [0m
[31m    Failed! Adobe_PDF_sample_a_1024x768_50Frms.264_x.yuv Case Index 766:SHA-1(Current--Benchmark): NULL-----6e20714cc9e9dc5cefd30f24dc6907faaa976a63  [0m
[31m            ----YUVSHA1:  NULL,  9aa9a4d9598eb3e1093311826844f37c43e4c521  [0m
[31m           Aborted(Cannot enlarge memory arrays to size 19124224 bytes (OOM). Either (1) compile with -sINITIAL_MEMORY=X with X higher than the current value 16777216, (2) compile with -sALLOW_MEMORY_GROWTH which allows increasing the size at runtime, or (3) if you want malloc to return NULL (0) instead of this abort, compile with -sABORTING_MALLOC=0)
/home/test/workspace/openh264/test/encoder_binary_comparison/AllTestData/Adobe_PDF_sample_a_1024x768_50Frms.264/h264enc.js:167
      throw ex;
      ^

RuntimeError: Aborted(Cannot enlarge memory arrays to size 19124224 bytes (OOM). Either (1) compile with -sINITIAL_MEMORY=X with X higher than the current value 16777216, (2) compile with -sALLOW_MEMORY_GROWTH which allows increasing the size at runtime, or (3) if you want malloc to return NULL (0) instead of this abort, compile with -sABORTING_MALLOC=0)
    at abort (/home/test/workspace/openh264/test/encoder_binary_comparison/AllTestData/Adobe_PDF_sample_a_1024x768_50Frms.264/h264enc.js:1031:11)
    at abortOnCannotGrowMemory (/home/test/workspace/openh264/test/encoder_binary_comparison/AllTestData/Adobe_PDF_sample_a_1024x768_50Frms.264/h264enc.js:4914:7)
    at _emscripten_resize_heap (/home/test/workspace/openh264/test/encoder_binary_comparison/AllTestData/Adobe_PDF_sample_a_1024x768_50Frms.264/h264enc.js:4919:7)
    at wasm://wasm/00265406:wasm-function[1133]:0x705f0
    at wasm://wasm/00265406:wasm-function[1121]:0x6e28d
    at wasm://wasm/00265406:wasm-function[775]:0x60eb2
    at wasm://wasm/00265406:wasm-function[357]:0x2e8f3
    at wasm://wasm/00265406:wasm-function[363]:0x2f261
    at wasm://wasm/00265406:wasm-function[555]:0x407f3
    at wasm://wasm/00265406:wasm-function[554]:0x405bd   [0m
[31m    Failed! Adobe_PDF_sample_a_1024x768_50Frms.264_x.yuv Case Index 767:SHA-1(Current--Benchmark): NULL-----6e20714cc9e9dc5cefd30f24dc6907faaa976a63  [0m
[31m            ----YUVSHA1:  NULL,  9aa9a4d9598eb3e1093311826844f37c43e4c521  [0m
[31m           Aborted(Cannot enlarge memory arrays to size 19124224 bytes (OOM). Either (1) compile with -sINITIAL_MEMORY=X with X higher than the current value 16777216, (2) compile with -sALLOW_MEMORY_GROWTH which allows increasing the size at runtime, or (3) if you want malloc to return NULL (0) instead of this abort, compile with -sABORTING_MALLOC=0)
/home/test/workspace/openh264/test/encoder_binary_comparison/AllTestData/Adobe_PDF_sample_a_1024x768_50Frms.264/h264enc.js:167
      throw ex;
      ^

RuntimeError: Aborted(Cannot enlarge memory arrays to size 19124224 bytes (OOM). Either (1) compile with -sINITIAL_MEMORY=X with X higher than the current value 16777216, (2) compile with -sALLOW_MEMORY_GROWTH which allows increasing the size at runtime, or (3) if you want malloc to return NULL (0) instead of this abort, compile with -sABORTING_MALLOC=0)
    at abort (/home/test/workspace/openh264/test/encoder_binary_comparison/AllTestData/Adobe_PDF_sample_a_1024x768_50Frms.264/h264enc.js:1031:11)
    at abortOnCannotGrowMemory (/home/test/workspace/openh264/test/encoder_binary_comparison/AllTestData/Adobe_PDF_sample_a_1024x768_50Frms.264/h264enc.js:4914:7)
    at _emscripten_resize_heap (/home/test/workspace/openh264/test/encoder_binary_comparison/AllTestData/Adobe_PDF_sample_a_1024x768_50Frms.264/h264enc.js:4919:7)
    at wasm://wasm/00265406:wasm-function[1133]:0x705f0
    at wasm://wasm/00265406:wasm-function[1121]:0x6e28d
    at wasm://wasm/00265406:wasm-function[775]:0x60eb2
    at wasm://wasm/00265406:wasm-function[357]:0x2e8f3
    at wasm://wasm/00265406:wasm-function[363]:0x2f261
    at wasm://wasm/00265406:wasm-function[555]:0x407f3
    at wasm://wasm/00265406:wasm-function[554]:0x405bd   [0m
[31m    Failed! Adobe_PDF_sample_a_1024x768_50Frms.264_x.yuv Case Index 768:SHA-1(Current--Benchmark): NULL-----4c985fe22f1e603ffc81276292aad6fecfaea65e  [0m
[31m            ----YUVSHA1:  NULL,  9aa9a4d9598eb3e1093311826844f37c43e4c521  [0m
[31m           Aborted(Cannot enlarge memory arrays to size 19124224 bytes (OOM). Either (1) compile with -sINITIAL_MEMORY=X with X higher than the current value 16777216, (2) compile with -sALLOW_MEMORY_GROWTH which allows increasing the size at runtime, or (3) if you want malloc to return NULL (0) instead of this abort, compile with -sABORTING_MALLOC=0)
/home/test/workspace/openh264/test/encoder_binary_comparison/AllTestData/Adobe_PDF_sample_a_1024x768_50Frms.264/h264enc.js:167
      throw ex;
      ^

RuntimeError: Aborted(Cannot enlarge memory arrays to size 19124224 bytes (OOM). Either (1) compile with -sINITIAL_MEMORY=X with X higher than the current value 16777216, (2) compile with -sALLOW_MEMORY_GROWTH which allows increasing the size at runtime, or (3) if you want malloc to return NULL (0) instead of this abort, compile with -sABORTING_MALLOC=0)
    at abort (/home/test/workspace/openh264/test/encoder_binary_comparison/AllTestData/Adobe_PDF_sample_a_1024x768_50Frms.264/h264enc.js:1031:11)
    at abortOnCannotGrowMemory (/home/test/workspace/openh264/test/encoder_binary_comparison/AllTestData/Adobe_PDF_sample_a_1024x768_50Frms.264/h264enc.js:4914:7)
    at _emscripten_resize_heap (/home/test/workspace/openh264/test/encoder_binary_comparison/AllTestData/Adobe_PDF_sample_a_1024x768_50Frms.264/h264enc.js:4919:7)
    at wasm://wasm/00265406:wasm-function[1133]:0x705f0
    at wasm://wasm/00265406:wasm-function[1121]:0x6e28d
    at wasm://wasm/00265406:wasm-function[775]:0x60eb2
    at wasm://wasm/00265406:wasm-function[357]:0x2e8f3
    at wasm://wasm/00265406:wasm-function[363]:0x2f261
    at wasm://wasm/00265406:wasm-function[555]:0x407f3
    at wasm://wasm/00265406:wasm-function[554]:0x405bd   [0m
[31m    Failed! Adobe_PDF_sample_a_1024x768_50Frms.264_x.yuv Case Index 769:SHA-1(Current--Benchmark): NULL-----4c985fe22f1e603ffc81276292aad6fecfaea65e  [0m
[31m            ----YUVSHA1:  NULL,  9aa9a4d9598eb3e1093311826844f37c43e4c521  [0m
[31m           Aborted(Cannot enlarge memory arrays to size 19124224 bytes (OOM). Either (1) compile with -sINITIAL_MEMORY=X with X higher than the current value 16777216, (2) compile with -sALLOW_MEMORY_GROWTH which allows increasing the size at runtime, or (3) if you want malloc to return NULL (0) instead of this abort, compile with -sABORTING_MALLOC=0)
/home/test/workspace/openh264/test/encoder_binary_comparison/AllTestData/Adobe_PDF_sample_a_1024x768_50Frms.264/h264enc.js:167
      throw ex;
      ^

RuntimeError: Aborted(Cannot enlarge memory arrays to size 19124224 bytes (OOM). Either (1) compile with -sINITIAL_MEMORY=X with X higher than the current value 16777216, (2) compile with -sALLOW_MEMORY_GROWTH which allows increasing the size at runtime, or (3) if you want malloc to return NULL (0) instead of this abort, compile with -sABORTING_MALLOC=0)
    at abort (/home/test/workspace/openh264/test/encoder_binary_comparison/AllTestData/Adobe_PDF_sample_a_1024x768_50Frms.264/h264enc.js:1031:11)
    at abortOnCannotGrowMemory (/home/test/workspace/openh264/test/encoder_binary_comparison/AllTestData/Adobe_PDF_sample_a_1024x768_50Frms.264/h264enc.js:4914:7)
    at _emscripten_resize_heap (/home/test/workspace/openh264/test/encoder_binary_comparison/AllTestData/Adobe_PDF_sample_a_1024x768_50Frms.264/h264enc.js:4919:7)
    at wasm://wasm/00265406:wasm-function[1133]:0x705f0
    at wasm://wasm/00265406:wasm-function[1121]:0x6e28d
    at wasm://wasm/00265406:wasm-function[775]:0x60eb2
    at wasm://wasm/00265406:wasm-function[357]:0x2e8f3
    at wasm://wasm/00265406:wasm-function[363]:0x2f261
    at wasm://wasm/00265406:wasm-function[555]:0x407f3
    at wasm://wasm/00265406:wasm-function[554]:0x405bd   [0m
[31m    Failed! Adobe_PDF_sample_a_1024x768_50Frms.264_x.yuv Case Index 770:SHA-1(Current--Benchmark): NULL-----4c985fe22f1e603ffc81276292aad6fecfaea65e  [0m
[31m            ----YUVSHA1:  NULL,  9aa9a4d9598eb3e1093311826844f37c43e4c521  [0m
[31m           Aborted(Cannot enlarge memory arrays to size 19124224 bytes (OOM). Either (1) compile with -sINITIAL_MEMORY=X with X higher than the current value 16777216, (2) compile with -sALLOW_MEMORY_GROWTH which allows increasing the size at runtime, or (3) if you want malloc to return NULL (0) instead of this abort, compile with -sABORTING_MALLOC=0)
/home/test/workspace/openh264/test/encoder_binary_comparison/AllTestData/Adobe_PDF_sample_a_1024x768_50Frms.264/h264enc.js:167
      throw ex;
      ^

RuntimeError: Aborted(Cannot enlarge memory arrays to size 19124224 bytes (OOM). Either (1) compile with -sINITIAL_MEMORY=X with X higher than the current value 16777216, (2) compile with -sALLOW_MEMORY_GROWTH which allows increasing the size at runtime, or (3) if you want malloc to return NULL (0) instead of this abort, compile with -sABORTING_MALLOC=0)
    at abort (/home/test/workspace/openh264/test/encoder_binary_comparison/AllTestData/Adobe_PDF_sample_a_1024x768_50Frms.264/h264enc.js:1031:11)
    at abortOnCannotGrowMemory (/home/test/workspace/openh264/test/encoder_binary_comparison/AllTestData/Adobe_PDF_sample_a_1024x768_50Frms.264/h264enc.js:4914:7)
    at _emscripten_resize_heap (/home/test/workspace/openh264/test/encoder_binary_comparison/AllTestData/Adobe_PDF_sample_a_1024x768_50Frms.264/h264enc.js:4919:7)
    at wasm://wasm/00265406:wasm-function[1133]:0x705f0
    at wasm://wasm/00265406:wasm-function[1121]:0x6e28d
    at wasm://wasm/00265406:wasm-function[775]:0x60eb2
    at wasm://wasm/00265406:wasm-function[357]:0x2e8f3
    at wasm://wasm/00265406:wasm-function[363]:0x2f261
    at wasm://wasm/00265406:wasm-function[555]:0x407f3
    at wasm://wasm/00265406:wasm-function[554]:0x405bd   [0m
[31m    Failed! Adobe_PDF_sample_a_1024x768_50Frms.264_x.yuv Case Index 771:SHA-1(Current--Benchmark): NULL-----4c985fe22f1e603ffc81276292aad6fecfaea65e  [0m
[31m            ----YUVSHA1:  NULL,  9aa9a4d9598eb3e1093311826844f37c43e4c521  [0m
[31m           Aborted(Cannot enlarge memory arrays to size 19124224 bytes (OOM). Either (1) compile with -sINITIAL_MEMORY=X with X higher than the current value 16777216, (2) compile with -sALLOW_MEMORY_GROWTH which allows increasing the size at runtime, or (3) if you want malloc to return NULL (0) instead of this abort, compile with -sABORTING_MALLOC=0)
/home/test/workspace/openh264/test/encoder_binary_comparison/AllTestData/Adobe_PDF_sample_a_1024x768_50Frms.264/h264enc.js:167
      throw ex;
      ^

RuntimeError: Aborted(Cannot enlarge memory arrays to size 19124224 bytes (OOM). Either (1) compile with -sINITIAL_MEMORY=X with X higher than the current value 16777216, (2) compile with -sALLOW_MEMORY_GROWTH which allows increasing the size at runtime, or (3) if you want malloc to return NULL (0) instead of this abort, compile with -sABORTING_MALLOC=0)
    at abort (/home/test/workspace/openh264/test/encoder_binary_comparison/AllTestData/Adobe_PDF_sample_a_1024x768_50Frms.264/h264enc.js:1031:11)
    at abortOnCannotGrowMemory (/home/test/workspace/openh264/test/encoder_binary_comparison/AllTestData/Adobe_PDF_sample_a_1024x768_50Frms.264/h264enc.js:4914:7)
    at _emscripten_resize_heap (/home/test/workspace/openh264/test/encoder_binary_comparison/AllTestData/Adobe_PDF_sample_a_1024x768_50Frms.264/h264enc.js:4919:7)
    at wasm://wasm/00265406:wasm-function[1133]:0x705f0
    at wasm://wasm/00265406:wasm-function[1121]:0x6e28d
    at wasm://wasm/00265406:wasm-function[775]:0x60eb2
    at wasm://wasm/00265406:wasm-function[357]:0x2e8f3
    at wasm://wasm/00265406:wasm-function[363]:0x2f261
    at wasm://wasm/00265406:wasm-function[555]:0x407f3
    at wasm://wasm/00265406:wasm-function[554]:0x405bd   [0m
[31m    Failed! Adobe_PDF_sample_a_1024x768_50Frms.264_x.yuv Case Index 772:SHA-1(Current--Benchmark): NULL-----4c985fe22f1e603ffc81276292aad6fecfaea65e  [0m
[31m            ----YUVSHA1:  NULL,  9aa9a4d9598eb3e1093311826844f37c43e4c521  [0m
[31m           Aborted(Cannot enlarge memory arrays to size 19124224 bytes (OOM). Either (1) compile with -sINITIAL_MEMORY=X with X higher than the current value 16777216, (2) compile with -sALLOW_MEMORY_GROWTH which allows increasing the size at runtime, or (3) if you want malloc to return NULL (0) instead of this abort, compile with -sABORTING_MALLOC=0)
/home/test/workspace/openh264/test/encoder_binary_comparison/AllTestData/Adobe_PDF_sample_a_1024x768_50Frms.264/h264enc.js:167
      throw ex;
      ^

RuntimeError: Aborted(Cannot enlarge memory arrays to size 19124224 bytes (OOM). Either (1) compile with -sINITIAL_MEMORY=X with X higher than the current value 16777216, (2) compile with -sALLOW_MEMORY_GROWTH which allows increasing the size at runtime, or (3) if you want malloc to return NULL (0) instead of this abort, compile with -sABORTING_MALLOC=0)
    at abort (/home/test/workspace/openh264/test/encoder_binary_comparison/AllTestData/Adobe_PDF_sample_a_1024x768_50Frms.264/h264enc.js:1031:11)
    at abortOnCannotGrowMemory (/home/test/workspace/openh264/test/encoder_binary_comparison/AllTestData/Adobe_PDF_sample_a_1024x768_50Frms.264/h264enc.js:4914:7)
    at _emscripten_resize_heap (/home/test/workspace/openh264/test/encoder_binary_comparison/AllTestData/Adobe_PDF_sample_a_1024x768_50Frms.264/h264enc.js:4919:7)
    at wasm://wasm/00265406:wasm-function[1133]:0x705f0
    at wasm://wasm/00265406:wasm-function[1121]:0x6e28d
    at wasm://wasm/00265406:wasm-function[775]:0x60eb2
    at wasm://wasm/00265406:wasm-function[357]:0x2e8f3
    at wasm://wasm/00265406:wasm-function[363]:0x2f261
    at wasm://wasm/00265406:wasm-function[555]:0x407f3
    at wasm://wasm/00265406:wasm-function[554]:0x405bd   [0m
[31m    Failed! Adobe_PDF_sample_a_1024x768_50Frms.264_x.yuv Case Index 773:SHA-1(Current--Benchmark): NULL-----4c985fe22f1e603ffc81276292aad6fecfaea65e  [0m
[31m            ----YUVSHA1:  NULL,  9aa9a4d9598eb3e1093311826844f37c43e4c521  [0m
[31m           Aborted(Cannot enlarge memory arrays to size 19124224 bytes (OOM). Either (1) compile with -sINITIAL_MEMORY=X with X higher than the current value 16777216, (2) compile with -sALLOW_MEMORY_GROWTH which allows increasing the size at runtime, or (3) if you want malloc to return NULL (0) instead of this abort, compile with -sABORTING_MALLOC=0)
/home/test/workspace/openh264/test/encoder_binary_comparison/AllTestData/Adobe_PDF_sample_a_1024x768_50Frms.264/h264enc.js:167
      throw ex;
      ^

RuntimeError: Aborted(Cannot enlarge memory arrays to size 19124224 bytes (OOM). Either (1) compile with -sINITIAL_MEMORY=X with X higher than the current value 16777216, (2) compile with -sALLOW_MEMORY_GROWTH which allows increasing the size at runtime, or (3) if you want malloc to return NULL (0) instead of this abort, compile with -sABORTING_MALLOC=0)
    at abort (/home/test/workspace/openh264/test/encoder_binary_comparison/AllTestData/Adobe_PDF_sample_a_1024x768_50Frms.264/h264enc.js:1031:11)
    at abortOnCannotGrowMemory (/home/test/workspace/openh264/test/encoder_binary_comparison/AllTestData/Adobe_PDF_sample_a_1024x768_50Frms.264/h264enc.js:4914:7)
    at _emscripten_resize_heap (/home/test/workspace/openh264/test/encoder_binary_comparison/AllTestData/Adobe_PDF_sample_a_1024x768_50Frms.264/h264enc.js:4919:7)
    at wasm://wasm/00265406:wasm-function[1133]:0x705f0
    at wasm://wasm/00265406:wasm-function[1121]:0x6e28d
    at wasm://wasm/00265406:wasm-function[775]:0x60eb2
    at wasm://wasm/00265406:wasm-function[357]:0x2e8f3
    at wasm://wasm/00265406:wasm-function[363]:0x2f261
    at wasm://wasm/00265406:wasm-function[555]:0x407f3
    at wasm://wasm/00265406:wasm-function[554]:0x405bd   [0m
[31m    Failed! Adobe_PDF_sample_a_1024x768_50Frms.264_x.yuv Case Index 774:SHA-1(Current--Benchmark): NULL-----4c985fe22f1e603ffc81276292aad6fecfaea65e  [0m
[31m            ----YUVSHA1:  NULL,  9aa9a4d9598eb3e1093311826844f37c43e4c521  [0m
[31m           Aborted(Cannot enlarge memory arrays to size 19124224 bytes (OOM). Either (1) compile with -sINITIAL_MEMORY=X with X higher than the current value 16777216, (2) compile with -sALLOW_MEMORY_GROWTH which allows increasing the size at runtime, or (3) if you want malloc to return NULL (0) instead of this abort, compile with -sABORTING_MALLOC=0)
/home/test/workspace/openh264/test/encoder_binary_comparison/AllTestData/Adobe_PDF_sample_a_1024x768_50Frms.264/h264enc.js:167
      throw ex;
      ^

RuntimeError: Aborted(Cannot enlarge memory arrays to size 19124224 bytes (OOM). Either (1) compile with -sINITIAL_MEMORY=X with X higher than the current value 16777216, (2) compile with -sALLOW_MEMORY_GROWTH which allows increasing the size at runtime, or (3) if you want malloc to return NULL (0) instead of this abort, compile with -sABORTING_MALLOC=0)
    at abort (/home/test/workspace/openh264/test/encoder_binary_comparison/AllTestData/Adobe_PDF_sample_a_1024x768_50Frms.264/h264enc.js:1031:11)
    at abortOnCannotGrowMemory (/home/test/workspace/openh264/test/encoder_binary_comparison/AllTestData/Adobe_PDF_sample_a_1024x768_50Frms.264/h264enc.js:4914:7)
    at _emscripten_resize_heap (/home/test/workspace/openh264/test/encoder_binary_comparison/AllTestData/Adobe_PDF_sample_a_1024x768_50Frms.264/h264enc.js:4919:7)
    at wasm://wasm/00265406:wasm-function[1133]:0x705f0
    at wasm://wasm/00265406:wasm-function[1121]:0x6e28d
    at wasm://wasm/00265406:wasm-function[775]:0x60eb2
    at wasm://wasm/00265406:wasm-function[357]:0x2e8f3
    at wasm://wasm/00265406:wasm-function[363]:0x2f261
    at wasm://wasm/00265406:wasm-function[555]:0x407f3
    at wasm://wasm/00265406:wasm-function[554]:0x405bd   [0m
[31m    Failed! Adobe_PDF_sample_a_1024x768_50Frms.264_x.yuv Case Index 775:SHA-1(Current--Benchmark): NULL-----4c985fe22f1e603ffc81276292aad6fecfaea65e  [0m
[31m            ----YUVSHA1:  NULL,  9aa9a4d9598eb3e1093311826844f37c43e4c521  [0m
[31m           Aborted(Cannot enlarge memory arrays to size 19124224 bytes (OOM). Either (1) compile with -sINITIAL_MEMORY=X with X higher than the current value 16777216, (2) compile with -sALLOW_MEMORY_GROWTH which allows increasing the size at runtime, or (3) if you want malloc to return NULL (0) instead of this abort, compile with -sABORTING_MALLOC=0)
/home/test/workspace/openh264/test/encoder_binary_comparison/AllTestData/Adobe_PDF_sample_a_1024x768_50Frms.264/h264enc.js:167
      throw ex;
      ^

RuntimeError: Aborted(Cannot enlarge memory arrays to size 19124224 bytes (OOM). Either (1) compile with -sINITIAL_MEMORY=X with X higher than the current value 16777216, (2) compile with -sALLOW_MEMORY_GROWTH which allows increasing the size at runtime, or (3) if you want malloc to return NULL (0) instead of this abort, compile with -sABORTING_MALLOC=0)
    at abort (/home/test/workspace/openh264/test/encoder_binary_comparison/AllTestData/Adobe_PDF_sample_a_1024x768_50Frms.264/h264enc.js:1031:11)
    at abortOnCannotGrowMemory (/home/test/workspace/openh264/test/encoder_binary_comparison/AllTestData/Adobe_PDF_sample_a_1024x768_50Frms.264/h264enc.js:4914:7)
    at _emscripten_resize_heap (/home/test/workspace/openh264/test/encoder_binary_comparison/AllTestData/Adobe_PDF_sample_a_1024x768_50Frms.264/h264enc.js:4919:7)
    at wasm://wasm/00265406:wasm-function[1133]:0x705f0
    at wasm://wasm/00265406:wasm-function[1121]:0x6e28d
    at wasm://wasm/00265406:wasm-function[775]:0x60eb2
    at wasm://wasm/00265406:wasm-function[357]:0x2e8f3
    at wasm://wasm/00265406:wasm-function[363]:0x2f261
    at wasm://wasm/00265406:wasm-function[555]:0x407f3
    at wasm://wasm/00265406:wasm-function[554]:0x405bd   [0m
[31m    Failed! Adobe_PDF_sample_a_1024x768_50Frms.264_x.yuv Case Index 776:SHA-1(Current--Benchmark): NULL-----4c985fe22f1e603ffc81276292aad6fecfaea65e  [0m
[31m            ----YUVSHA1:  NULL,  9aa9a4d9598eb3e1093311826844f37c43e4c521  [0m
[31m           Aborted(Cannot enlarge memory arrays to size 19124224 bytes (OOM). Either (1) compile with -sINITIAL_MEMORY=X with X higher than the current value 16777216, (2) compile with -sALLOW_MEMORY_GROWTH which allows increasing the size at runtime, or (3) if you want malloc to return NULL (0) instead of this abort, compile with -sABORTING_MALLOC=0)
/home/test/workspace/openh264/test/encoder_binary_comparison/AllTestData/Adobe_PDF_sample_a_1024x768_50Frms.264/h264enc.js:167
      throw ex;
      ^

RuntimeError: Aborted(Cannot enlarge memory arrays to size 19124224 bytes (OOM). Either (1) compile with -sINITIAL_MEMORY=X with X higher than the current value 16777216, (2) compile with -sALLOW_MEMORY_GROWTH which allows increasing the size at runtime, or (3) if you want malloc to return NULL (0) instead of this abort, compile with -sABORTING_MALLOC=0)
    at abort (/home/test/workspace/openh264/test/encoder_binary_comparison/AllTestData/Adobe_PDF_sample_a_1024x768_50Frms.264/h264enc.js:1031:11)
    at abortOnCannotGrowMemory (/home/test/workspace/openh264/test/encoder_binary_comparison/AllTestData/Adobe_PDF_sample_a_1024x768_50Frms.264/h264enc.js:4914:7)
    at _emscripten_resize_heap (/home/test/workspace/openh264/test/encoder_binary_comparison/AllTestData/Adobe_PDF_sample_a_1024x768_50Frms.264/h264enc.js:4919:7)
    at wasm://wasm/00265406:wasm-function[1133]:0x705f0
    at wasm://wasm/00265406:wasm-function[1121]:0x6e28d
    at wasm://wasm/00265406:wasm-function[775]:0x60eb2
    at wasm://wasm/00265406:wasm-function[357]:0x2e8f3
    at wasm://wasm/00265406:wasm-function[363]:0x2f261
    at wasm://wasm/00265406:wasm-function[555]:0x407f3
    at wasm://wasm/00265406:wasm-function[554]:0x405bd   [0m
[31m    Failed! Adobe_PDF_sample_a_1024x768_50Frms.264_x.yuv Case Index 777:SHA-1(Current--Benchmark): NULL-----4c985fe22f1e603ffc81276292aad6fecfaea65e  [0m
[31m            ----YUVSHA1:  NULL,  9aa9a4d9598eb3e1093311826844f37c43e4c521  [0m
[31m           Aborted(Cannot enlarge memory arrays to size 19124224 bytes (OOM). Either (1) compile with -sINITIAL_MEMORY=X with X higher than the current value 16777216, (2) compile with -sALLOW_MEMORY_GROWTH which allows increasing the size at runtime, or (3) if you want malloc to return NULL (0) instead of this abort, compile with -sABORTING_MALLOC=0)
/home/test/workspace/openh264/test/encoder_binary_comparison/AllTestData/Adobe_PDF_sample_a_1024x768_50Frms.264/h264enc.js:167
      throw ex;
      ^

RuntimeError: Aborted(Cannot enlarge memory arrays to size 19124224 bytes (OOM). Either (1) compile with -sINITIAL_MEMORY=X with X higher than the current value 16777216, (2) compile with -sALLOW_MEMORY_GROWTH which allows increasing the size at runtime, or (3) if you want malloc to return NULL (0) instead of this abort, compile with -sABORTING_MALLOC=0)
    at abort (/home/test/workspace/openh264/test/encoder_binary_comparison/AllTestData/Adobe_PDF_sample_a_1024x768_50Frms.264/h264enc.js:1031:11)
    at abortOnCannotGrowMemory (/home/test/workspace/openh264/test/encoder_binary_comparison/AllTestData/Adobe_PDF_sample_a_1024x768_50Frms.264/h264enc.js:4914:7)
    at _emscripten_resize_heap (/home/test/workspace/openh264/test/encoder_binary_comparison/AllTestData/Adobe_PDF_sample_a_1024x768_50Frms.264/h264enc.js:4919:7)
    at wasm://wasm/00265406:wasm-function[1133]:0x705f0
    at wasm://wasm/00265406:wasm-function[1121]:0x6e28d
    at wasm://wasm/00265406:wasm-function[775]:0x60eb2
    at wasm://wasm/00265406:wasm-function[357]:0x2e8f3
    at wasm://wasm/00265406:wasm-function[363]:0x2f261
    at wasm://wasm/00265406:wasm-function[555]:0x407f3
    at wasm://wasm/00265406:wasm-function[554]:0x405bd   [0m
[31m    Failed! Adobe_PDF_sample_a_1024x768_50Frms.264_x.yuv Case Index 778:SHA-1(Current--Benchmark): NULL-----4c985fe22f1e603ffc81276292aad6fecfaea65e  [0m
[31m            ----YUVSHA1:  NULL,  9aa9a4d9598eb3e1093311826844f37c43e4c521  [0m
[31m           Aborted(Cannot enlarge memory arrays to size 19124224 bytes (OOM). Either (1) compile with -sINITIAL_MEMORY=X with X higher than the current value 16777216, (2) compile with -sALLOW_MEMORY_GROWTH which allows increasing the size at runtime, or (3) if you want malloc to return NULL (0) instead of this abort, compile with -sABORTING_MALLOC=0)
/home/test/workspace/openh264/test/encoder_binary_comparison/AllTestData/Adobe_PDF_sample_a_1024x768_50Frms.264/h264enc.js:167
      throw ex;
      ^

RuntimeError: Aborted(Cannot enlarge memory arrays to size 19124224 bytes (OOM). Either (1) compile with -sINITIAL_MEMORY=X with X higher than the current value 16777216, (2) compile with -sALLOW_MEMORY_GROWTH which allows increasing the size at runtime, or (3) if you want malloc to return NULL (0) instead of this abort, compile with -sABORTING_MALLOC=0)
    at abort (/home/test/workspace/openh264/test/encoder_binary_comparison/AllTestData/Adobe_PDF_sample_a_1024x768_50Frms.264/h264enc.js:1031:11)
    at abortOnCannotGrowMemory (/home/test/workspace/openh264/test/encoder_binary_comparison/AllTestData/Adobe_PDF_sample_a_1024x768_50Frms.264/h264enc.js:4914:7)
    at _emscripten_resize_heap (/home/test/workspace/openh264/test/encoder_binary_comparison/AllTestData/Adobe_PDF_sample_a_1024x768_50Frms.264/h264enc.js:4919:7)
    at wasm://wasm/00265406:wasm-function[1133]:0x705f0
    at wasm://wasm/00265406:wasm-function[1121]:0x6e28d
    at wasm://wasm/00265406:wasm-function[775]:0x60eb2
    at wasm://wasm/00265406:wasm-function[357]:0x2e8f3
    at wasm://wasm/00265406:wasm-function[363]:0x2f261
    at wasm://wasm/00265406:wasm-function[555]:0x407f3
    at wasm://wasm/00265406:wasm-function[554]:0x405bd   [0m
[31m    Failed! Adobe_PDF_sample_a_1024x768_50Frms.264_x.yuv Case Index 779:SHA-1(Current--Benchmark): NULL-----4c985fe22f1e603ffc81276292aad6fecfaea65e  [0m
[31m            ----YUVSHA1:  NULL,  9aa9a4d9598eb3e1093311826844f37c43e4c521  [0m
[31m           Aborted(Cannot enlarge memory arrays to size 19124224 bytes (OOM). Either (1) compile with -sINITIAL_MEMORY=X with X higher than the current value 16777216, (2) compile with -sALLOW_MEMORY_GROWTH which allows increasing the size at runtime, or (3) if you want malloc to return NULL (0) instead of this abort, compile with -sABORTING_MALLOC=0)
/home/test/workspace/openh264/test/encoder_binary_comparison/AllTestData/Adobe_PDF_sample_a_1024x768_50Frms.264/h264enc.js:167
      throw ex;
      ^

RuntimeError: Aborted(Cannot enlarge memory arrays to size 19124224 bytes (OOM). Either (1) compile with -sINITIAL_MEMORY=X with X higher than the current value 16777216, (2) compile with -sALLOW_MEMORY_GROWTH which allows increasing the size at runtime, or (3) if you want malloc to return NULL (0) instead of this abort, compile with -sABORTING_MALLOC=0)
    at abort (/home/test/workspace/openh264/test/encoder_binary_comparison/AllTestData/Adobe_PDF_sample_a_1024x768_50Frms.264/h264enc.js:1031:11)
    at abortOnCannotGrowMemory (/home/test/workspace/openh264/test/encoder_binary_comparison/AllTestData/Adobe_PDF_sample_a_1024x768_50Frms.264/h264enc.js:4914:7)
    at _emscripten_resize_heap (/home/test/workspace/openh264/test/encoder_binary_comparison/AllTestData/Adobe_PDF_sample_a_1024x768_50Frms.264/h264enc.js:4919:7)
    at wasm://wasm/00265406:wasm-function[1133]:0x705f0
    at wasm://wasm/00265406:wasm-function[1121]:0x6e28d
    at wasm://wasm/00265406:wasm-function[775]:0x60eb2
    at wasm://wasm/00265406:wasm-function[357]:0x2e8f3
    at wasm://wasm/00265406:wasm-function[363]:0x2f261
    at wasm://wasm/00265406:wasm-function[555]:0x407f3
    at wasm://wasm/00265406:wasm-function[554]:0x405bd   [0m
[31m    Failed! Adobe_PDF_sample_a_1024x768_50Frms.264_x.yuv Case Index 780:SHA-1(Current--Benchmark): NULL-----4c985fe22f1e603ffc81276292aad6fecfaea65e  [0m
[31m            ----YUVSHA1:  NULL,  9aa9a4d9598eb3e1093311826844f37c43e4c521  [0m
[31m           Aborted(Cannot enlarge memory arrays to size 19124224 bytes (OOM). Either (1) compile with -sINITIAL_MEMORY=X with X higher than the current value 16777216, (2) compile with -sALLOW_MEMORY_GROWTH which allows increasing the size at runtime, or (3) if you want malloc to return NULL (0) instead of this abort, compile with -sABORTING_MALLOC=0)
/home/test/workspace/openh264/test/encoder_binary_comparison/AllTestData/Adobe_PDF_sample_a_1024x768_50Frms.264/h264enc.js:167
      throw ex;
      ^

RuntimeError: Aborted(Cannot enlarge memory arrays to size 19124224 bytes (OOM). Either (1) compile with -sINITIAL_MEMORY=X with X higher than the current value 16777216, (2) compile with -sALLOW_MEMORY_GROWTH which allows increasing the size at runtime, or (3) if you want malloc to return NULL (0) instead of this abort, compile with -sABORTING_MALLOC=0)
    at abort (/home/test/workspace/openh264/test/encoder_binary_comparison/AllTestData/Adobe_PDF_sample_a_1024x768_50Frms.264/h264enc.js:1031:11)
    at abortOnCannotGrowMemory (/home/test/workspace/openh264/test/encoder_binary_comparison/AllTestData/Adobe_PDF_sample_a_1024x768_50Frms.264/h264enc.js:4914:7)
    at _emscripten_resize_heap (/home/test/workspace/openh264/test/encoder_binary_comparison/AllTestData/Adobe_PDF_sample_a_1024x768_50Frms.264/h264enc.js:4919:7)
    at wasm://wasm/00265406:wasm-function[1133]:0x705f0
    at wasm://wasm/00265406:wasm-function[1121]:0x6e28d
    at wasm://wasm/00265406:wasm-function[775]:0x60eb2
    at wasm://wasm/00265406:wasm-function[357]:0x2e8f3
    at wasm://wasm/00265406:wasm-function[363]:0x2f261
    at wasm://wasm/00265406:wasm-function[555]:0x407f3
    at wasm://wasm/00265406:wasm-function[554]:0x405bd   [0m
[31m    Failed! Adobe_PDF_sample_a_1024x768_50Frms.264_x.yuv Case Index 781:SHA-1(Current--Benchmark): NULL-----4c985fe22f1e603ffc81276292aad6fecfaea65e  [0m
[31m            ----YUVSHA1:  NULL,  9aa9a4d9598eb3e1093311826844f37c43e4c521  [0m
[31m           Aborted(Cannot enlarge memory arrays to size 19124224 bytes (OOM). Either (1) compile with -sINITIAL_MEMORY=X with X higher than the current value 16777216, (2) compile with -sALLOW_MEMORY_GROWTH which allows increasing the size at runtime, or (3) if you want malloc to return NULL (0) instead of this abort, compile with -sABORTING_MALLOC=0)
/home/test/workspace/openh264/test/encoder_binary_comparison/AllTestData/Adobe_PDF_sample_a_1024x768_50Frms.264/h264enc.js:167
      throw ex;
      ^

RuntimeError: Aborted(Cannot enlarge memory arrays to size 19124224 bytes (OOM). Either (1) compile with -sINITIAL_MEMORY=X with X higher than the current value 16777216, (2) compile with -sALLOW_MEMORY_GROWTH which allows increasing the size at runtime, or (3) if you want malloc to return NULL (0) instead of this abort, compile with -sABORTING_MALLOC=0)
    at abort (/home/test/workspace/openh264/test/encoder_binary_comparison/AllTestData/Adobe_PDF_sample_a_1024x768_50Frms.264/h264enc.js:1031:11)
    at abortOnCannotGrowMemory (/home/test/workspace/openh264/test/encoder_binary_comparison/AllTestData/Adobe_PDF_sample_a_1024x768_50Frms.264/h264enc.js:4914:7)
    at _emscripten_resize_heap (/home/test/workspace/openh264/test/encoder_binary_comparison/AllTestData/Adobe_PDF_sample_a_1024x768_50Frms.264/h264enc.js:4919:7)
    at wasm://wasm/00265406:wasm-function[1133]:0x705f0
    at wasm://wasm/00265406:wasm-function[1121]:0x6e28d
    at wasm://wasm/00265406:wasm-function[775]:0x60eb2
    at wasm://wasm/00265406:wasm-function[357]:0x2e8f3
    at wasm://wasm/00265406:wasm-function[363]:0x2f261
    at wasm://wasm/00265406:wasm-function[555]:0x407f3
    at wasm://wasm/00265406:wasm-function[554]:0x405bd   [0m
[31m    Failed! Adobe_PDF_sample_a_1024x768_50Frms.264_x.yuv Case Index 782:SHA-1(Current--Benchmark): NULL-----4c985fe22f1e603ffc81276292aad6fecfaea65e  [0m
[31m            ----YUVSHA1:  NULL,  9aa9a4d9598eb3e1093311826844f37c43e4c521  [0m
[31m           Aborted(Cannot enlarge memory arrays to size 19124224 bytes (OOM). Either (1) compile with -sINITIAL_MEMORY=X with X higher than the current value 16777216, (2) compile with -sALLOW_MEMORY_GROWTH which allows increasing the size at runtime, or (3) if you want malloc to return NULL (0) instead of this abort, compile with -sABORTING_MALLOC=0)
/home/test/workspace/openh264/test/encoder_binary_comparison/AllTestData/Adobe_PDF_sample_a_1024x768_50Frms.264/h264enc.js:167
      throw ex;
      ^

RuntimeError: Aborted(Cannot enlarge memory arrays to size 19124224 bytes (OOM). Either (1) compile with -sINITIAL_MEMORY=X with X higher than the current value 16777216, (2) compile with -sALLOW_MEMORY_GROWTH which allows increasing the size at runtime, or (3) if you want malloc to return NULL (0) instead of this abort, compile with -sABORTING_MALLOC=0)
    at abort (/home/test/workspace/openh264/test/encoder_binary_comparison/AllTestData/Adobe_PDF_sample_a_1024x768_50Frms.264/h264enc.js:1031:11)
    at abortOnCannotGrowMemory (/home/test/workspace/openh264/test/encoder_binary_comparison/AllTestData/Adobe_PDF_sample_a_1024x768_50Frms.264/h264enc.js:4914:7)
    at _emscripten_resize_heap (/home/test/workspace/openh264/test/encoder_binary_comparison/AllTestData/Adobe_PDF_sample_a_1024x768_50Frms.264/h264enc.js:4919:7)
    at wasm://wasm/00265406:wasm-function[1133]:0x705f0
    at wasm://wasm/00265406:wasm-function[1121]:0x6e28d
    at wasm://wasm/00265406:wasm-function[775]:0x60eb2
    at wasm://wasm/00265406:wasm-function[357]:0x2e8f3
    at wasm://wasm/00265406:wasm-function[363]:0x2f261
    at wasm://wasm/00265406:wasm-function[555]:0x407f3
    at wasm://wasm/00265406:wasm-function[554]:0x405bd   [0m
[31m    Failed! Adobe_PDF_sample_a_1024x768_50Frms.264_x.yuv Case Index 783:SHA-1(Current--Benchmark): NULL-----4c985fe22f1e603ffc81276292aad6fecfaea65e  [0m
[31m            ----YUVSHA1:  NULL,  9aa9a4d9598eb3e1093311826844f37c43e4c521  [0m
[31m           Aborted(Cannot enlarge memory arrays to size 19124224 bytes (OOM). Either (1) compile with -sINITIAL_MEMORY=X with X higher than the current value 16777216, (2) compile with -sALLOW_MEMORY_GROWTH which allows increasing the size at runtime, or (3) if you want malloc to return NULL (0) instead of this abort, compile with -sABORTING_MALLOC=0)
/home/test/workspace/openh264/test/encoder_binary_comparison/AllTestData/Adobe_PDF_sample_a_1024x768_50Frms.264/h264enc.js:167
      throw ex;
      ^

RuntimeError: Aborted(Cannot enlarge memory arrays to size 19124224 bytes (OOM). Either (1) compile with -sINITIAL_MEMORY=X with X higher than the current value 16777216, (2) compile with -sALLOW_MEMORY_GROWTH which allows increasing the size at runtime, or (3) if you want malloc to return NULL (0) instead of this abort, compile with -sABORTING_MALLOC=0)
    at abort (/home/test/workspace/openh264/test/encoder_binary_comparison/AllTestData/Adobe_PDF_sample_a_1024x768_50Frms.264/h264enc.js:1031:11)
    at abortOnCannotGrowMemory (/home/test/workspace/openh264/test/encoder_binary_comparison/AllTestData/Adobe_PDF_sample_a_1024x768_50Frms.264/h264enc.js:4914:7)
    at _emscripten_resize_heap (/home/test/workspace/openh264/test/encoder_binary_comparison/AllTestData/Adobe_PDF_sample_a_1024x768_50Frms.264/h264enc.js:4919:7)
    at wasm://wasm/00265406:wasm-function[1133]:0x705f0
    at wasm://wasm/00265406:wasm-function[1121]:0x6e28d
    at wasm://wasm/00265406:wasm-function[775]:0x60eb2
    at wasm://wasm/00265406:wasm-function[357]:0x2e8f3
    at wasm://wasm/00265406:wasm-function[363]:0x2f261
    at wasm://wasm/00265406:wasm-function[555]:0x407f3
    at wasm://wasm/00265406:wasm-function[554]:0x405bd   [0m
[31m    Failed! Adobe_PDF_sample_a_1024x768_50Frms.264_x.yuv Case Index 784:SHA-1(Current--Benchmark): NULL-----4c985fe22f1e603ffc81276292aad6fecfaea65e  [0m
[31m            ----YUVSHA1:  NULL,  9aa9a4d9598eb3e1093311826844f37c43e4c521  [0m
[31m           Aborted(Cannot enlarge memory arrays to size 19124224 bytes (OOM). Either (1) compile with -sINITIAL_MEMORY=X with X higher than the current value 16777216, (2) compile with -sALLOW_MEMORY_GROWTH which allows increasing the size at runtime, or (3) if you want malloc to return NULL (0) instead of this abort, compile with -sABORTING_MALLOC=0)
/home/test/workspace/openh264/test/encoder_binary_comparison/AllTestData/Adobe_PDF_sample_a_1024x768_50Frms.264/h264enc.js:167
      throw ex;
      ^

RuntimeError: Aborted(Cannot enlarge memory arrays to size 19124224 bytes (OOM). Either (1) compile with -sINITIAL_MEMORY=X with X higher than the current value 16777216, (2) compile with -sALLOW_MEMORY_GROWTH which allows increasing the size at runtime, or (3) if you want malloc to return NULL (0) instead of this abort, compile with -sABORTING_MALLOC=0)
    at abort (/home/test/workspace/openh264/test/encoder_binary_comparison/AllTestData/Adobe_PDF_sample_a_1024x768_50Frms.264/h264enc.js:1031:11)
    at abortOnCannotGrowMemory (/home/test/workspace/openh264/test/encoder_binary_comparison/AllTestData/Adobe_PDF_sample_a_1024x768_50Frms.264/h264enc.js:4914:7)
    at _emscripten_resize_heap (/home/test/workspace/openh264/test/encoder_binary_comparison/AllTestData/Adobe_PDF_sample_a_1024x768_50Frms.264/h264enc.js:4919:7)
    at wasm://wasm/00265406:wasm-function[1133]:0x705f0
    at wasm://wasm/00265406:wasm-function[1121]:0x6e28d
    at wasm://wasm/00265406:wasm-function[775]:0x60eb2
    at wasm://wasm/00265406:wasm-function[357]:0x2e8f3
    at wasm://wasm/00265406:wasm-function[363]:0x2f261
    at wasm://wasm/00265406:wasm-function[555]:0x407f3
    at wasm://wasm/00265406:wasm-function[554]:0x405bd   [0m
[31m    Failed! Adobe_PDF_sample_a_1024x768_50Frms.264_x.yuv Case Index 785:SHA-1(Current--Benchmark): NULL-----4c985fe22f1e603ffc81276292aad6fecfaea65e  [0m
[31m            ----YUVSHA1:  NULL,  9aa9a4d9598eb3e1093311826844f37c43e4c521  [0m
[31m           Aborted(Cannot enlarge memory arrays to size 19124224 bytes (OOM). Either (1) compile with -sINITIAL_MEMORY=X with X higher than the current value 16777216, (2) compile with -sALLOW_MEMORY_GROWTH which allows increasing the size at runtime, or (3) if you want malloc to return NULL (0) instead of this abort, compile with -sABORTING_MALLOC=0)
/home/test/workspace/openh264/test/encoder_binary_comparison/AllTestData/Adobe_PDF_sample_a_1024x768_50Frms.264/h264enc.js:167
      throw ex;
      ^

RuntimeError: Aborted(Cannot enlarge memory arrays to size 19124224 bytes (OOM). Either (1) compile with -sINITIAL_MEMORY=X with X higher than the current value 16777216, (2) compile with -sALLOW_MEMORY_GROWTH which allows increasing the size at runtime, or (3) if you want malloc to return NULL (0) instead of this abort, compile with -sABORTING_MALLOC=0)
    at abort (/home/test/workspace/openh264/test/encoder_binary_comparison/AllTestData/Adobe_PDF_sample_a_1024x768_50Frms.264/h264enc.js:1031:11)
    at abortOnCannotGrowMemory (/home/test/workspace/openh264/test/encoder_binary_comparison/AllTestData/Adobe_PDF_sample_a_1024x768_50Frms.264/h264enc.js:4914:7)
    at _emscripten_resize_heap (/home/test/workspace/openh264/test/encoder_binary_comparison/AllTestData/Adobe_PDF_sample_a_1024x768_50Frms.264/h264enc.js:4919:7)
    at wasm://wasm/00265406:wasm-function[1133]:0x705f0
    at wasm://wasm/00265406:wasm-function[1121]:0x6e28d
    at wasm://wasm/00265406:wasm-function[775]:0x60eb2
    at wasm://wasm/00265406:wasm-function[357]:0x2e8f3
    at wasm://wasm/00265406:wasm-function[363]:0x2f261
    at wasm://wasm/00265406:wasm-function[555]:0x407f3
    at wasm://wasm/00265406:wasm-function[554]:0x405bd   [0m
[31m    Failed! Adobe_PDF_sample_a_1024x768_50Frms.264_x.yuv Case Index 786:SHA-1(Current--Benchmark): NULL-----4c985fe22f1e603ffc81276292aad6fecfaea65e  [0m
[31m            ----YUVSHA1:  NULL,  9aa9a4d9598eb3e1093311826844f37c43e4c521  [0m
[31m           Aborted(Cannot enlarge memory arrays to size 19124224 bytes (OOM). Either (1) compile with -sINITIAL_MEMORY=X with X higher than the current value 16777216, (2) compile with -sALLOW_MEMORY_GROWTH which allows increasing the size at runtime, or (3) if you want malloc to return NULL (0) instead of this abort, compile with -sABORTING_MALLOC=0)
/home/test/workspace/openh264/test/encoder_binary_comparison/AllTestData/Adobe_PDF_sample_a_1024x768_50Frms.264/h264enc.js:167
      throw ex;
      ^

RuntimeError: Aborted(Cannot enlarge memory arrays to size 19124224 bytes (OOM). Either (1) compile with -sINITIAL_MEMORY=X with X higher than the current value 16777216, (2) compile with -sALLOW_MEMORY_GROWTH which allows increasing the size at runtime, or (3) if you want malloc to return NULL (0) instead of this abort, compile with -sABORTING_MALLOC=0)
    at abort (/home/test/workspace/openh264/test/encoder_binary_comparison/AllTestData/Adobe_PDF_sample_a_1024x768_50Frms.264/h264enc.js:1031:11)
    at abortOnCannotGrowMemory (/home/test/workspace/openh264/test/encoder_binary_comparison/AllTestData/Adobe_PDF_sample_a_1024x768_50Frms.264/h264enc.js:4914:7)
    at _emscripten_resize_heap (/home/test/workspace/openh264/test/encoder_binary_comparison/AllTestData/Adobe_PDF_sample_a_1024x768_50Frms.264/h264enc.js:4919:7)
    at wasm://wasm/00265406:wasm-function[1133]:0x705f0
    at wasm://wasm/00265406:wasm-function[1121]:0x6e28d
    at wasm://wasm/00265406:wasm-function[775]:0x60eb2
    at wasm://wasm/00265406:wasm-function[357]:0x2e8f3
    at wasm://wasm/00265406:wasm-function[363]:0x2f261
    at wasm://wasm/00265406:wasm-function[555]:0x407f3
    at wasm://wasm/00265406:wasm-function[554]:0x405bd   [0m
[31m    Failed! Adobe_PDF_sample_a_1024x768_50Frms.264_x.yuv Case Index 787:SHA-1(Current--Benchmark): NULL-----4c985fe22f1e603ffc81276292aad6fecfaea65e  [0m
[31m            ----YUVSHA1:  NULL,  9aa9a4d9598eb3e1093311826844f37c43e4c521  [0m
[31m           Aborted(Cannot enlarge memory arrays to size 19124224 bytes (OOM). Either (1) compile with -sINITIAL_MEMORY=X with X higher than the current value 16777216, (2) compile with -sALLOW_MEMORY_GROWTH which allows increasing the size at runtime, or (3) if you want malloc to return NULL (0) instead of this abort, compile with -sABORTING_MALLOC=0)
/home/test/workspace/openh264/test/encoder_binary_comparison/AllTestData/Adobe_PDF_sample_a_1024x768_50Frms.264/h264enc.js:167
      throw ex;
      ^

RuntimeError: Aborted(Cannot enlarge memory arrays to size 19124224 bytes (OOM). Either (1) compile with -sINITIAL_MEMORY=X with X higher than the current value 16777216, (2) compile with -sALLOW_MEMORY_GROWTH which allows increasing the size at runtime, or (3) if you want malloc to return NULL (0) instead of this abort, compile with -sABORTING_MALLOC=0)
    at abort (/home/test/workspace/openh264/test/encoder_binary_comparison/AllTestData/Adobe_PDF_sample_a_1024x768_50Frms.264/h264enc.js:1031:11)
    at abortOnCannotGrowMemory (/home/test/workspace/openh264/test/encoder_binary_comparison/AllTestData/Adobe_PDF_sample_a_1024x768_50Frms.264/h264enc.js:4914:7)
    at _emscripten_resize_heap (/home/test/workspace/openh264/test/encoder_binary_comparison/AllTestData/Adobe_PDF_sample_a_1024x768_50Frms.264/h264enc.js:4919:7)
    at wasm://wasm/00265406:wasm-function[1133]:0x705f0
    at wasm://wasm/00265406:wasm-function[1121]:0x6e28d
    at wasm://wasm/00265406:wasm-function[775]:0x60eb2
    at wasm://wasm/00265406:wasm-function[357]:0x2e8f3
    at wasm://wasm/00265406:wasm-function[363]:0x2f261
    at wasm://wasm/00265406:wasm-function[555]:0x407f3
    at wasm://wasm/00265406:wasm-function[554]:0x405bd   [0m
[31m    Failed! Adobe_PDF_sample_a_1024x768_50Frms.264_x.yuv Case Index 788:SHA-1(Current--Benchmark): NULL-----4c985fe22f1e603ffc81276292aad6fecfaea65e  [0m
[31m            ----YUVSHA1:  NULL,  9aa9a4d9598eb3e1093311826844f37c43e4c521  [0m
[31m           Aborted(Cannot enlarge memory arrays to size 19124224 bytes (OOM). Either (1) compile with -sINITIAL_MEMORY=X with X higher than the current value 16777216, (2) compile with -sALLOW_MEMORY_GROWTH which allows increasing the size at runtime, or (3) if you want malloc to return NULL (0) instead of this abort, compile with -sABORTING_MALLOC=0)
/home/test/workspace/openh264/test/encoder_binary_comparison/AllTestData/Adobe_PDF_sample_a_1024x768_50Frms.264/h264enc.js:167
      throw ex;
      ^

RuntimeError: Aborted(Cannot enlarge memory arrays to size 19124224 bytes (OOM). Either (1) compile with -sINITIAL_MEMORY=X with X higher than the current value 16777216, (2) compile with -sALLOW_MEMORY_GROWTH which allows increasing the size at runtime, or (3) if you want malloc to return NULL (0) instead of this abort, compile with -sABORTING_MALLOC=0)
    at abort (/home/test/workspace/openh264/test/encoder_binary_comparison/AllTestData/Adobe_PDF_sample_a_1024x768_50Frms.264/h264enc.js:1031:11)
    at abortOnCannotGrowMemory (/home/test/workspace/openh264/test/encoder_binary_comparison/AllTestData/Adobe_PDF_sample_a_1024x768_50Frms.264/h264enc.js:4914:7)
    at _emscripten_resize_heap (/home/test/workspace/openh264/test/encoder_binary_comparison/AllTestData/Adobe_PDF_sample_a_1024x768_50Frms.264/h264enc.js:4919:7)
    at wasm://wasm/00265406:wasm-function[1133]:0x705f0
    at wasm://wasm/00265406:wasm-function[1121]:0x6e28d
    at wasm://wasm/00265406:wasm-function[775]:0x60eb2
    at wasm://wasm/00265406:wasm-function[357]:0x2e8f3
    at wasm://wasm/00265406:wasm-function[363]:0x2f261
    at wasm://wasm/00265406:wasm-function[555]:0x407f3
    at wasm://wasm/00265406:wasm-function[554]:0x405bd   [0m
[31m    Failed! Adobe_PDF_sample_a_1024x768_50Frms.264_x.yuv Case Index 789:SHA-1(Current--Benchmark): NULL-----4c985fe22f1e603ffc81276292aad6fecfaea65e  [0m
[31m            ----YUVSHA1:  NULL,  9aa9a4d9598eb3e1093311826844f37c43e4c521  [0m
[31m           Aborted(Cannot enlarge memory arrays to size 19124224 bytes (OOM). Either (1) compile with -sINITIAL_MEMORY=X with X higher than the current value 16777216, (2) compile with -sALLOW_MEMORY_GROWTH which allows increasing the size at runtime, or (3) if you want malloc to return NULL (0) instead of this abort, compile with -sABORTING_MALLOC=0)
/home/test/workspace/openh264/test/encoder_binary_comparison/AllTestData/Adobe_PDF_sample_a_1024x768_50Frms.264/h264enc.js:167
      throw ex;
      ^

RuntimeError: Aborted(Cannot enlarge memory arrays to size 19124224 bytes (OOM). Either (1) compile with -sINITIAL_MEMORY=X with X higher than the current value 16777216, (2) compile with -sALLOW_MEMORY_GROWTH which allows increasing the size at runtime, or (3) if you want malloc to return NULL (0) instead of this abort, compile with -sABORTING_MALLOC=0)
    at abort (/home/test/workspace/openh264/test/encoder_binary_comparison/AllTestData/Adobe_PDF_sample_a_1024x768_50Frms.264/h264enc.js:1031:11)
    at abortOnCannotGrowMemory (/home/test/workspace/openh264/test/encoder_binary_comparison/AllTestData/Adobe_PDF_sample_a_1024x768_50Frms.264/h264enc.js:4914:7)
    at _emscripten_resize_heap (/home/test/workspace/openh264/test/encoder_binary_comparison/AllTestData/Adobe_PDF_sample_a_1024x768_50Frms.264/h264enc.js:4919:7)
    at wasm://wasm/00265406:wasm-function[1133]:0x705f0
    at wasm://wasm/00265406:wasm-function[1121]:0x6e28d
    at wasm://wasm/00265406:wasm-function[775]:0x60eb2
    at wasm://wasm/00265406:wasm-function[357]:0x2e8f3
    at wasm://wasm/00265406:wasm-function[363]:0x2f261
    at wasm://wasm/00265406:wasm-function[555]:0x407f3
    at wasm://wasm/00265406:wasm-function[554]:0x405bd   [0m
[31m    Failed! Adobe_PDF_sample_a_1024x768_50Frms.264_x.yuv Case Index 790:SHA-1(Current--Benchmark): NULL-----4c985fe22f1e603ffc81276292aad6fecfaea65e  [0m
[31m            ----YUVSHA1:  NULL,  9aa9a4d9598eb3e1093311826844f37c43e4c521  [0m
[31m           Aborted(Cannot enlarge memory arrays to size 19124224 bytes (OOM). Either (1) compile with -sINITIAL_MEMORY=X with X higher than the current value 16777216, (2) compile with -sALLOW_MEMORY_GROWTH which allows increasing the size at runtime, or (3) if you want malloc to return NULL (0) instead of this abort, compile with -sABORTING_MALLOC=0)
/home/test/workspace/openh264/test/encoder_binary_comparison/AllTestData/Adobe_PDF_sample_a_1024x768_50Frms.264/h264enc.js:167
      throw ex;
      ^

RuntimeError: Aborted(Cannot enlarge memory arrays to size 19124224 bytes (OOM). Either (1) compile with -sINITIAL_MEMORY=X with X higher than the current value 16777216, (2) compile with -sALLOW_MEMORY_GROWTH which allows increasing the size at runtime, or (3) if you want malloc to return NULL (0) instead of this abort, compile with -sABORTING_MALLOC=0)
    at abort (/home/test/workspace/openh264/test/encoder_binary_comparison/AllTestData/Adobe_PDF_sample_a_1024x768_50Frms.264/h264enc.js:1031:11)
    at abortOnCannotGrowMemory (/home/test/workspace/openh264/test/encoder_binary_comparison/AllTestData/Adobe_PDF_sample_a_1024x768_50Frms.264/h264enc.js:4914:7)
    at _emscripten_resize_heap (/home/test/workspace/openh264/test/encoder_binary_comparison/AllTestData/Adobe_PDF_sample_a_1024x768_50Frms.264/h264enc.js:4919:7)
    at wasm://wasm/00265406:wasm-function[1133]:0x705f0
    at wasm://wasm/00265406:wasm-function[1121]:0x6e28d
    at wasm://wasm/00265406:wasm-function[775]:0x60eb2
    at wasm://wasm/00265406:wasm-function[357]:0x2e8f3
    at wasm://wasm/00265406:wasm-function[363]:0x2f261
    at wasm://wasm/00265406:wasm-function[555]:0x407f3
    at wasm://wasm/00265406:wasm-function[554]:0x405bd   [0m
[31m    Failed! Adobe_PDF_sample_a_1024x768_50Frms.264_x.yuv Case Index 791:SHA-1(Current--Benchmark): NULL-----4c985fe22f1e603ffc81276292aad6fecfaea65e  [0m
[31m            ----YUVSHA1:  NULL,  9aa9a4d9598eb3e1093311826844f37c43e4c521  [0m
[31m           Aborted(Cannot enlarge memory arrays to size 19124224 bytes (OOM). Either (1) compile with -sINITIAL_MEMORY=X with X higher than the current value 16777216, (2) compile with -sALLOW_MEMORY_GROWTH which allows increasing the size at runtime, or (3) if you want malloc to return NULL (0) instead of this abort, compile with -sABORTING_MALLOC=0)
/home/test/workspace/openh264/test/encoder_binary_comparison/AllTestData/Adobe_PDF_sample_a_1024x768_50Frms.264/h264enc.js:167
      throw ex;
      ^

RuntimeError: Aborted(Cannot enlarge memory arrays to size 19124224 bytes (OOM). Either (1) compile with -sINITIAL_MEMORY=X with X higher than the current value 16777216, (2) compile with -sALLOW_MEMORY_GROWTH which allows increasing the size at runtime, or (3) if you want malloc to return NULL (0) instead of this abort, compile with -sABORTING_MALLOC=0)
    at abort (/home/test/workspace/openh264/test/encoder_binary_comparison/AllTestData/Adobe_PDF_sample_a_1024x768_50Frms.264/h264enc.js:1031:11)
    at abortOnCannotGrowMemory (/home/test/workspace/openh264/test/encoder_binary_comparison/AllTestData/Adobe_PDF_sample_a_1024x768_50Frms.264/h264enc.js:4914:7)
    at _emscripten_resize_heap (/home/test/workspace/openh264/test/encoder_binary_comparison/AllTestData/Adobe_PDF_sample_a_1024x768_50Frms.264/h264enc.js:4919:7)
    at wasm://wasm/00265406:wasm-function[1133]:0x705f0
    at wasm://wasm/00265406:wasm-function[1121]:0x6e28d
    at wasm://wasm/00265406:wasm-function[775]:0x60eb2
    at wasm://wasm/00265406:wasm-function[357]:0x2e8f3
    at wasm://wasm/00265406:wasm-function[363]:0x2f261
    at wasm://wasm/00265406:wasm-function[555]:0x407f3
    at wasm://wasm/00265406:wasm-function[554]:0x405bd   [0m
[31m    Failed! Adobe_PDF_sample_a_1024x768_50Frms.264_x.yuv Case Index 792:SHA-1(Current--Benchmark): NULL-----4c985fe22f1e603ffc81276292aad6fecfaea65e  [0m
[31m            ----YUVSHA1:  NULL,  9aa9a4d9598eb3e1093311826844f37c43e4c521  [0m
[31m           Aborted(Cannot enlarge memory arrays to size 19124224 bytes (OOM). Either (1) compile with -sINITIAL_MEMORY=X with X higher than the current value 16777216, (2) compile with -sALLOW_MEMORY_GROWTH which allows increasing the size at runtime, or (3) if you want malloc to return NULL (0) instead of this abort, compile with -sABORTING_MALLOC=0)
/home/test/workspace/openh264/test/encoder_binary_comparison/AllTestData/Adobe_PDF_sample_a_1024x768_50Frms.264/h264enc.js:167
      throw ex;
      ^

RuntimeError: Aborted(Cannot enlarge memory arrays to size 19124224 bytes (OOM). Either (1) compile with -sINITIAL_MEMORY=X with X higher than the current value 16777216, (2) compile with -sALLOW_MEMORY_GROWTH which allows increasing the size at runtime, or (3) if you want malloc to return NULL (0) instead of this abort, compile with -sABORTING_MALLOC=0)
    at abort (/home/test/workspace/openh264/test/encoder_binary_comparison/AllTestData/Adobe_PDF_sample_a_1024x768_50Frms.264/h264enc.js:1031:11)
    at abortOnCannotGrowMemory (/home/test/workspace/openh264/test/encoder_binary_comparison/AllTestData/Adobe_PDF_sample_a_1024x768_50Frms.264/h264enc.js:4914:7)
    at _emscripten_resize_heap (/home/test/workspace/openh264/test/encoder_binary_comparison/AllTestData/Adobe_PDF_sample_a_1024x768_50Frms.264/h264enc.js:4919:7)
    at wasm://wasm/00265406:wasm-function[1133]:0x705f0
    at wasm://wasm/00265406:wasm-function[1121]:0x6e28d
    at wasm://wasm/00265406:wasm-function[775]:0x60eb2
    at wasm://wasm/00265406:wasm-function[357]:0x2e8f3
    at wasm://wasm/00265406:wasm-function[363]:0x2f261
    at wasm://wasm/00265406:wasm-function[555]:0x407f3
    at wasm://wasm/00265406:wasm-function[554]:0x405bd   [0m
[31m    Failed! Adobe_PDF_sample_a_1024x768_50Frms.264_x.yuv Case Index 793:SHA-1(Current--Benchmark): NULL-----4c985fe22f1e603ffc81276292aad6fecfaea65e  [0m
[31m            ----YUVSHA1:  NULL,  9aa9a4d9598eb3e1093311826844f37c43e4c521  [0m
[31m           Aborted(Cannot enlarge memory arrays to size 19124224 bytes (OOM). Either (1) compile with -sINITIAL_MEMORY=X with X higher than the current value 16777216, (2) compile with -sALLOW_MEMORY_GROWTH which allows increasing the size at runtime, or (3) if you want malloc to return NULL (0) instead of this abort, compile with -sABORTING_MALLOC=0)
/home/test/workspace/openh264/test/encoder_binary_comparison/AllTestData/Adobe_PDF_sample_a_1024x768_50Frms.264/h264enc.js:167
      throw ex;
      ^

RuntimeError: Aborted(Cannot enlarge memory arrays to size 19124224 bytes (OOM). Either (1) compile with -sINITIAL_MEMORY=X with X higher than the current value 16777216, (2) compile with -sALLOW_MEMORY_GROWTH which allows increasing the size at runtime, or (3) if you want malloc to return NULL (0) instead of this abort, compile with -sABORTING_MALLOC=0)
    at abort (/home/test/workspace/openh264/test/encoder_binary_comparison/AllTestData/Adobe_PDF_sample_a_1024x768_50Frms.264/h264enc.js:1031:11)
    at abortOnCannotGrowMemory (/home/test/workspace/openh264/test/encoder_binary_comparison/AllTestData/Adobe_PDF_sample_a_1024x768_50Frms.264/h264enc.js:4914:7)
    at _emscripten_resize_heap (/home/test/workspace/openh264/test/encoder_binary_comparison/AllTestData/Adobe_PDF_sample_a_1024x768_50Frms.264/h264enc.js:4919:7)
    at wasm://wasm/00265406:wasm-function[1133]:0x705f0
    at wasm://wasm/00265406:wasm-function[1121]:0x6e28d
    at wasm://wasm/00265406:wasm-function[775]:0x60eb2
    at wasm://wasm/00265406:wasm-function[357]:0x2e8f3
    at wasm://wasm/00265406:wasm-function[363]:0x2f261
    at wasm://wasm/00265406:wasm-function[555]:0x407f3
    at wasm://wasm/00265406:wasm-function[554]:0x405bd   [0m
[31m    Failed! Adobe_PDF_sample_a_1024x768_50Frms.264_x.yuv Case Index 794:SHA-1(Current--Benchmark): NULL-----4c985fe22f1e603ffc81276292aad6fecfaea65e  [0m
[31m            ----YUVSHA1:  NULL,  9aa9a4d9598eb3e1093311826844f37c43e4c521  [0m
[31m           Aborted(Cannot enlarge memory arrays to size 19124224 bytes (OOM). Either (1) compile with -sINITIAL_MEMORY=X with X higher than the current value 16777216, (2) compile with -sALLOW_MEMORY_GROWTH which allows increasing the size at runtime, or (3) if you want malloc to return NULL (0) instead of this abort, compile with -sABORTING_MALLOC=0)
/home/test/workspace/openh264/test/encoder_binary_comparison/AllTestData/Adobe_PDF_sample_a_1024x768_50Frms.264/h264enc.js:167
      throw ex;
      ^

RuntimeError: Aborted(Cannot enlarge memory arrays to size 19124224 bytes (OOM). Either (1) compile with -sINITIAL_MEMORY=X with X higher than the current value 16777216, (2) compile with -sALLOW_MEMORY_GROWTH which allows increasing the size at runtime, or (3) if you want malloc to return NULL (0) instead of this abort, compile with -sABORTING_MALLOC=0)
    at abort (/home/test/workspace/openh264/test/encoder_binary_comparison/AllTestData/Adobe_PDF_sample_a_1024x768_50Frms.264/h264enc.js:1031:11)
    at abortOnCannotGrowMemory (/home/test/workspace/openh264/test/encoder_binary_comparison/AllTestData/Adobe_PDF_sample_a_1024x768_50Frms.264/h264enc.js:4914:7)
    at _emscripten_resize_heap (/home/test/workspace/openh264/test/encoder_binary_comparison/AllTestData/Adobe_PDF_sample_a_1024x768_50Frms.264/h264enc.js:4919:7)
    at wasm://wasm/00265406:wasm-function[1133]:0x705f0
    at wasm://wasm/00265406:wasm-function[1121]:0x6e28d
    at wasm://wasm/00265406:wasm-function[775]:0x60eb2
    at wasm://wasm/00265406:wasm-function[357]:0x2e8f3
    at wasm://wasm/00265406:wasm-function[363]:0x2f261
    at wasm://wasm/00265406:wasm-function[555]:0x407f3
    at wasm://wasm/00265406:wasm-function[554]:0x405bd   [0m
[31m    Failed! Adobe_PDF_sample_a_1024x768_50Frms.264_x.yuv Case Index 795:SHA-1(Current--Benchmark): NULL-----4c985fe22f1e603ffc81276292aad6fecfaea65e  [0m
[31m            ----YUVSHA1:  NULL,  9aa9a4d9598eb3e1093311826844f37c43e4c521  [0m
[31m           Aborted(Cannot enlarge memory arrays to size 19124224 bytes (OOM). Either (1) compile with -sINITIAL_MEMORY=X with X higher than the current value 16777216, (2) compile with -sALLOW_MEMORY_GROWTH which allows increasing the size at runtime, or (3) if you want malloc to return NULL (0) instead of this abort, compile with -sABORTING_MALLOC=0)
/home/test/workspace/openh264/test/encoder_binary_comparison/AllTestData/Adobe_PDF_sample_a_1024x768_50Frms.264/h264enc.js:167
      throw ex;
      ^

RuntimeError: Aborted(Cannot enlarge memory arrays to size 19124224 bytes (OOM). Either (1) compile with -sINITIAL_MEMORY=X with X higher than the current value 16777216, (2) compile with -sALLOW_MEMORY_GROWTH which allows increasing the size at runtime, or (3) if you want malloc to return NULL (0) instead of this abort, compile with -sABORTING_MALLOC=0)
    at abort (/home/test/workspace/openh264/test/encoder_binary_comparison/AllTestData/Adobe_PDF_sample_a_1024x768_50Frms.264/h264enc.js:1031:11)
    at abortOnCannotGrowMemory (/home/test/workspace/openh264/test/encoder_binary_comparison/AllTestData/Adobe_PDF_sample_a_1024x768_50Frms.264/h264enc.js:4914:7)
    at _emscripten_resize_heap (/home/test/workspace/openh264/test/encoder_binary_comparison/AllTestData/Adobe_PDF_sample_a_1024x768_50Frms.264/h264enc.js:4919:7)
    at wasm://wasm/00265406:wasm-function[1133]:0x705f0
    at wasm://wasm/00265406:wasm-function[1121]:0x6e28d
    at wasm://wasm/00265406:wasm-function[775]:0x60eb2
    at wasm://wasm/00265406:wasm-function[357]:0x2e8f3
    at wasm://wasm/00265406:wasm-function[363]:0x2f261
    at wasm://wasm/00265406:wasm-function[555]:0x407f3
    at wasm://wasm/00265406:wasm-function[554]:0x405bd   [0m
[31m    Failed! Adobe_PDF_sample_a_1024x768_50Frms.264_x.yuv Case Index 796:SHA-1(Current--Benchmark): NULL-----4c985fe22f1e603ffc81276292aad6fecfaea65e  [0m
[31m            ----YUVSHA1:  NULL,  9aa9a4d9598eb3e1093311826844f37c43e4c521  [0m
[31m           Aborted(Cannot enlarge memory arrays to size 19124224 bytes (OOM). Either (1) compile with -sINITIAL_MEMORY=X with X higher than the current value 16777216, (2) compile with -sALLOW_MEMORY_GROWTH which allows increasing the size at runtime, or (3) if you want malloc to return NULL (0) instead of this abort, compile with -sABORTING_MALLOC=0)
/home/test/workspace/openh264/test/encoder_binary_comparison/AllTestData/Adobe_PDF_sample_a_1024x768_50Frms.264/h264enc.js:167
      throw ex;
      ^

RuntimeError: Aborted(Cannot enlarge memory arrays to size 19124224 bytes (OOM). Either (1) compile with -sINITIAL_MEMORY=X with X higher than the current value 16777216, (2) compile with -sALLOW_MEMORY_GROWTH which allows increasing the size at runtime, or (3) if you want malloc to return NULL (0) instead of this abort, compile with -sABORTING_MALLOC=0)
    at abort (/home/test/workspace/openh264/test/encoder_binary_comparison/AllTestData/Adobe_PDF_sample_a_1024x768_50Frms.264/h264enc.js:1031:11)
    at abortOnCannotGrowMemory (/home/test/workspace/openh264/test/encoder_binary_comparison/AllTestData/Adobe_PDF_sample_a_1024x768_50Frms.264/h264enc.js:4914:7)
    at _emscripten_resize_heap (/home/test/workspace/openh264/test/encoder_binary_comparison/AllTestData/Adobe_PDF_sample_a_1024x768_50Frms.264/h264enc.js:4919:7)
    at wasm://wasm/00265406:wasm-function[1133]:0x705f0
    at wasm://wasm/00265406:wasm-function[1121]:0x6e28d
    at wasm://wasm/00265406:wasm-function[775]:0x60eb2
    at wasm://wasm/00265406:wasm-function[357]:0x2e8f3
    at wasm://wasm/00265406:wasm-function[363]:0x2f261
    at wasm://wasm/00265406:wasm-function[555]:0x407f3
    at wasm://wasm/00265406:wasm-function[554]:0x405bd   [0m
[31m    Failed! Adobe_PDF_sample_a_1024x768_50Frms.264_x.yuv Case Index 797:SHA-1(Current--Benchmark): NULL-----4c985fe22f1e603ffc81276292aad6fecfaea65e  [0m
[31m            ----YUVSHA1:  NULL,  9aa9a4d9598eb3e1093311826844f37c43e4c521  [0m
[31m           Aborted(Cannot enlarge memory arrays to size 19124224 bytes (OOM). Either (1) compile with -sINITIAL_MEMORY=X with X higher than the current value 16777216, (2) compile with -sALLOW_MEMORY_GROWTH which allows increasing the size at runtime, or (3) if you want malloc to return NULL (0) instead of this abort, compile with -sABORTING_MALLOC=0)
/home/test/workspace/openh264/test/encoder_binary_comparison/AllTestData/Adobe_PDF_sample_a_1024x768_50Frms.264/h264enc.js:167
      throw ex;
      ^

RuntimeError: Aborted(Cannot enlarge memory arrays to size 19124224 bytes (OOM). Either (1) compile with -sINITIAL_MEMORY=X with X higher than the current value 16777216, (2) compile with -sALLOW_MEMORY_GROWTH which allows increasing the size at runtime, or (3) if you want malloc to return NULL (0) instead of this abort, compile with -sABORTING_MALLOC=0)
    at abort (/home/test/workspace/openh264/test/encoder_binary_comparison/AllTestData/Adobe_PDF_sample_a_1024x768_50Frms.264/h264enc.js:1031:11)
    at abortOnCannotGrowMemory (/home/test/workspace/openh264/test/encoder_binary_comparison/AllTestData/Adobe_PDF_sample_a_1024x768_50Frms.264/h264enc.js:4914:7)
    at _emscripten_resize_heap (/home/test/workspace/openh264/test/encoder_binary_comparison/AllTestData/Adobe_PDF_sample_a_1024x768_50Frms.264/h264enc.js:4919:7)
    at wasm://wasm/00265406:wasm-function[1133]:0x705f0
    at wasm://wasm/00265406:wasm-function[1121]:0x6e28d
    at wasm://wasm/00265406:wasm-function[775]:0x60eb2
    at wasm://wasm/00265406:wasm-function[357]:0x2e8f3
    at wasm://wasm/00265406:wasm-function[363]:0x2f261
    at wasm://wasm/00265406:wasm-function[555]:0x407f3
    at wasm://wasm/00265406:wasm-function[554]:0x405bd   [0m
[31m    Failed! Adobe_PDF_sample_a_1024x768_50Frms.264_x.yuv Case Index 798:SHA-1(Current--Benchmark): NULL-----4c985fe22f1e603ffc81276292aad6fecfaea65e  [0m
[31m            ----YUVSHA1:  NULL,  9aa9a4d9598eb3e1093311826844f37c43e4c521  [0m
[31m           Aborted(Cannot enlarge memory arrays to size 19124224 bytes (OOM). Either (1) compile with -sINITIAL_MEMORY=X with X higher than the current value 16777216, (2) compile with -sALLOW_MEMORY_GROWTH which allows increasing the size at runtime, or (3) if you want malloc to return NULL (0) instead of this abort, compile with -sABORTING_MALLOC=0)
/home/test/workspace/openh264/test/encoder_binary_comparison/AllTestData/Adobe_PDF_sample_a_1024x768_50Frms.264/h264enc.js:167
      throw ex;
      ^

RuntimeError: Aborted(Cannot enlarge memory arrays to size 19124224 bytes (OOM). Either (1) compile with -sINITIAL_MEMORY=X with X higher than the current value 16777216, (2) compile with -sALLOW_MEMORY_GROWTH which allows increasing the size at runtime, or (3) if you want malloc to return NULL (0) instead of this abort, compile with -sABORTING_MALLOC=0)
    at abort (/home/test/workspace/openh264/test/encoder_binary_comparison/AllTestData/Adobe_PDF_sample_a_1024x768_50Frms.264/h264enc.js:1031:11)
    at abortOnCannotGrowMemory (/home/test/workspace/openh264/test/encoder_binary_comparison/AllTestData/Adobe_PDF_sample_a_1024x768_50Frms.264/h264enc.js:4914:7)
    at _emscripten_resize_heap (/home/test/workspace/openh264/test/encoder_binary_comparison/AllTestData/Adobe_PDF_sample_a_1024x768_50Frms.264/h264enc.js:4919:7)
    at wasm://wasm/00265406:wasm-function[1133]:0x705f0
    at wasm://wasm/00265406:wasm-function[1121]:0x6e28d
    at wasm://wasm/00265406:wasm-function[775]:0x60eb2
    at wasm://wasm/00265406:wasm-function[357]:0x2e8f3
    at wasm://wasm/00265406:wasm-function[363]:0x2f261
    at wasm://wasm/00265406:wasm-function[555]:0x407f3
    at wasm://wasm/00265406:wasm-function[554]:0x405bd   [0m
[31m    Failed! Adobe_PDF_sample_a_1024x768_50Frms.264_x.yuv Case Index 799:SHA-1(Current--Benchmark): NULL-----4c985fe22f1e603ffc81276292aad6fecfaea65e  [0m
[31m            ----YUVSHA1:  NULL,  9aa9a4d9598eb3e1093311826844f37c43e4c521  [0m
[31m           Aborted(Cannot enlarge memory arrays to size 19124224 bytes (OOM). Either (1) compile with -sINITIAL_MEMORY=X with X higher than the current value 16777216, (2) compile with -sALLOW_MEMORY_GROWTH which allows increasing the size at runtime, or (3) if you want malloc to return NULL (0) instead of this abort, compile with -sABORTING_MALLOC=0)
/home/test/workspace/openh264/test/encoder_binary_comparison/AllTestData/Adobe_PDF_sample_a_1024x768_50Frms.264/h264enc.js:167
      throw ex;
      ^

RuntimeError: Aborted(Cannot enlarge memory arrays to size 19124224 bytes (OOM). Either (1) compile with -sINITIAL_MEMORY=X with X higher than the current value 16777216, (2) compile with -sALLOW_MEMORY_GROWTH which allows increasing the size at runtime, or (3) if you want malloc to return NULL (0) instead of this abort, compile with -sABORTING_MALLOC=0)
    at abort (/home/test/workspace/openh264/test/encoder_binary_comparison/AllTestData/Adobe_PDF_sample_a_1024x768_50Frms.264/h264enc.js:1031:11)
    at abortOnCannotGrowMemory (/home/test/workspace/openh264/test/encoder_binary_comparison/AllTestData/Adobe_PDF_sample_a_1024x768_50Frms.264/h264enc.js:4914:7)
    at _emscripten_resize_heap (/home/test/workspace/openh264/test/encoder_binary_comparison/AllTestData/Adobe_PDF_sample_a_1024x768_50Frms.264/h264enc.js:4919:7)
    at wasm://wasm/00265406:wasm-function[1133]:0x705f0
    at wasm://wasm/00265406:wasm-function[1121]:0x6e28d
    at wasm://wasm/00265406:wasm-function[775]:0x60eb2
    at wasm://wasm/00265406:wasm-function[357]:0x2e8f3
    at wasm://wasm/00265406:wasm-function[363]:0x2f261
    at wasm://wasm/00265406:wasm-function[555]:0x407f3
    at wasm://wasm/00265406:wasm-function[554]:0x405bd   [0m
[31m    Failed! Adobe_PDF_sample_a_1024x768_50Frms.264_x.yuv Case Index 800:SHA-1(Current--Benchmark): NULL-----4e1972874ec999555b5b3fc53f9fcf87434547ac  [0m
[31m            ----YUVSHA1:  NULL,  9aa9a4d9598eb3e1093311826844f37c43e4c521  [0m
[31m           [OpenH264] this = 0x0x514070, Error:ParamValidationExt(), WARNING: GOM based RC do not support SM_RASTER_SLICE!
Aborted(Cannot enlarge memory arrays to size 19124224 bytes (OOM). Either (1) compile with -sINITIAL_MEMORY=X with X higher than the current value 16777216, (2) compile with -sALLOW_MEMORY_GROWTH which allows increasing the size at runtime, or (3) if you want malloc to return NULL (0) instead of this abort, compile with -sABORTING_MALLOC=0)
/home/test/workspace/openh264/test/encoder_binary_comparison/AllTestData/Adobe_PDF_sample_a_1024x768_50Frms.264/h264enc.js:167
      throw ex;
      ^

RuntimeError: Aborted(Cannot enlarge memory arrays to size 19124224 bytes (OOM). Either (1) compile with -sINITIAL_MEMORY=X with X higher than the current value 16777216, (2) compile with -sALLOW_MEMORY_GROWTH which allows increasing the size at runtime, or (3) if you want malloc to return NULL (0) instead of this abort, compile with -sABORTING_MALLOC=0)
    at abort (/home/test/workspace/openh264/test/encoder_binary_comparison/AllTestData/Adobe_PDF_sample_a_1024x768_50Frms.264/h264enc.js:1031:11)
    at abortOnCannotGrowMemory (/home/test/workspace/openh264/test/encoder_binary_comparison/AllTestData/Adobe_PDF_sample_a_1024x768_50Frms.264/h264enc.js:4914:7)
    at _emscripten_resize_heap (/home/test/workspace/openh264/test/encoder_binary_comparison/AllTestData/Adobe_PDF_sample_a_1024x768_50Frms.264/h264enc.js:4919:7)
    at wasm://wasm/00265406:wasm-function[1133]:0x705f0
    at wasm://wasm/00265406:wasm-function[1121]:0x6e28d
    at wasm://wasm/00265406:wasm-function[775]:0x60eb2
    at wasm://wasm/00265406:wasm-function[357]:0x2e8f3
    at wasm://wasm/00265406:wasm-function[363]:0x2f261
    at wasm://wasm/00265406:wasm-function[555]:0x407f3
    at wasm://wasm/00265406:wasm-function[554]:0x405bd   [0m
[31m    Failed! Adobe_PDF_sample_a_1024x768_50Frms.264_x.yuv Case Index 801:SHA-1(Current--Benchmark): NULL-----4e1972874ec999555b5b3fc53f9fcf87434547ac  [0m
[31m            ----YUVSHA1:  NULL,  9aa9a4d9598eb3e1093311826844f37c43e4c521  [0m
[31m           [OpenH264] this = 0x0x514070, Error:ParamValidationExt(), WARNING: GOM based RC do not support SM_RASTER_SLICE!
Aborted(Cannot enlarge memory arrays to size 19124224 bytes (OOM). Either (1) compile with -sINITIAL_MEMORY=X with X higher than the current value 16777216, (2) compile with -sALLOW_MEMORY_GROWTH which allows increasing the size at runtime, or (3) if you want malloc to return NULL (0) instead of this abort, compile with -sABORTING_MALLOC=0)
/home/test/workspace/openh264/test/encoder_binary_comparison/AllTestData/Adobe_PDF_sample_a_1024x768_50Frms.264/h264enc.js:167
      throw ex;
      ^

RuntimeError: Aborted(Cannot enlarge memory arrays to size 19124224 bytes (OOM). Either (1) compile with -sINITIAL_MEMORY=X with X higher than the current value 16777216, (2) compile with -sALLOW_MEMORY_GROWTH which allows increasing the size at runtime, or (3) if you want malloc to return NULL (0) instead of this abort, compile with -sABORTING_MALLOC=0)
    at abort (/home/test/workspace/openh264/test/encoder_binary_comparison/AllTestData/Adobe_PDF_sample_a_1024x768_50Frms.264/h264enc.js:1031:11)
    at abortOnCannotGrowMemory (/home/test/workspace/openh264/test/encoder_binary_comparison/AllTestData/Adobe_PDF_sample_a_1024x768_50Frms.264/h264enc.js:4914:7)
    at _emscripten_resize_heap (/home/test/workspace/openh264/test/encoder_binary_comparison/AllTestData/Adobe_PDF_sample_a_1024x768_50Frms.264/h264enc.js:4919:7)
    at wasm://wasm/00265406:wasm-function[1133]:0x705f0
    at wasm://wasm/00265406:wasm-function[1121]:0x6e28d
    at wasm://wasm/00265406:wasm-function[775]:0x60eb2
    at wasm://wasm/00265406:wasm-function[357]:0x2e8f3
    at wasm://wasm/00265406:wasm-function[363]:0x2f261
    at wasm://wasm/00265406:wasm-function[555]:0x407f3
    at wasm://wasm/00265406:wasm-function[554]:0x405bd   [0m
[31m    Failed! Adobe_PDF_sample_a_1024x768_50Frms.264_x.yuv Case Index 802:SHA-1(Current--Benchmark): NULL-----4e1972874ec999555b5b3fc53f9fcf87434547ac  [0m
[31m            ----YUVSHA1:  NULL,  9aa9a4d9598eb3e1093311826844f37c43e4c521  [0m
[31m           [OpenH264] this = 0x0x514070, Error:ParamValidationExt(), WARNING: GOM based RC do not support SM_RASTER_SLICE!
Aborted(Cannot enlarge memory arrays to size 19124224 bytes (OOM). Either (1) compile with -sINITIAL_MEMORY=X with X higher than the current value 16777216, (2) compile with -sALLOW_MEMORY_GROWTH which allows increasing the size at runtime, or (3) if you want malloc to return NULL (0) instead of this abort, compile with -sABORTING_MALLOC=0)
/home/test/workspace/openh264/test/encoder_binary_comparison/AllTestData/Adobe_PDF_sample_a_1024x768_50Frms.264/h264enc.js:167
      throw ex;
      ^

RuntimeError: Aborted(Cannot enlarge memory arrays to size 19124224 bytes (OOM). Either (1) compile with -sINITIAL_MEMORY=X with X higher than the current value 16777216, (2) compile with -sALLOW_MEMORY_GROWTH which allows increasing the size at runtime, or (3) if you want malloc to return NULL (0) instead of this abort, compile with -sABORTING_MALLOC=0)
    at abort (/home/test/workspace/openh264/test/encoder_binary_comparison/AllTestData/Adobe_PDF_sample_a_1024x768_50Frms.264/h264enc.js:1031:11)
    at abortOnCannotGrowMemory (/home/test/workspace/openh264/test/encoder_binary_comparison/AllTestData/Adobe_PDF_sample_a_1024x768_50Frms.264/h264enc.js:4914:7)
    at _emscripten_resize_heap (/home/test/workspace/openh264/test/encoder_binary_comparison/AllTestData/Adobe_PDF_sample_a_1024x768_50Frms.264/h264enc.js:4919:7)
    at wasm://wasm/00265406:wasm-function[1133]:0x705f0
    at wasm://wasm/00265406:wasm-function[1121]:0x6e28d
    at wasm://wasm/00265406:wasm-function[775]:0x60eb2
    at wasm://wasm/00265406:wasm-function[357]:0x2e8f3
    at wasm://wasm/00265406:wasm-function[363]:0x2f261
    at wasm://wasm/00265406:wasm-function[555]:0x407f3
    at wasm://wasm/00265406:wasm-function[554]:0x405bd   [0m
[31m    Failed! Adobe_PDF_sample_a_1024x768_50Frms.264_x.yuv Case Index 803:SHA-1(Current--Benchmark): NULL-----4e1972874ec999555b5b3fc53f9fcf87434547ac  [0m
[31m            ----YUVSHA1:  NULL,  9aa9a4d9598eb3e1093311826844f37c43e4c521  [0m
[31m           [OpenH264] this = 0x0x514070, Error:ParamValidationExt(), WARNING: GOM based RC do not support SM_RASTER_SLICE!
Aborted(Cannot enlarge memory arrays to size 19124224 bytes (OOM). Either (1) compile with -sINITIAL_MEMORY=X with X higher than the current value 16777216, (2) compile with -sALLOW_MEMORY_GROWTH which allows increasing the size at runtime, or (3) if you want malloc to return NULL (0) instead of this abort, compile with -sABORTING_MALLOC=0)
/home/test/workspace/openh264/test/encoder_binary_comparison/AllTestData/Adobe_PDF_sample_a_1024x768_50Frms.264/h264enc.js:167
      throw ex;
      ^

RuntimeError: Aborted(Cannot enlarge memory arrays to size 19124224 bytes (OOM). Either (1) compile with -sINITIAL_MEMORY=X with X higher than the current value 16777216, (2) compile with -sALLOW_MEMORY_GROWTH which allows increasing the size at runtime, or (3) if you want malloc to return NULL (0) instead of this abort, compile with -sABORTING_MALLOC=0)
    at abort (/home/test/workspace/openh264/test/encoder_binary_comparison/AllTestData/Adobe_PDF_sample_a_1024x768_50Frms.264/h264enc.js:1031:11)
    at abortOnCannotGrowMemory (/home/test/workspace/openh264/test/encoder_binary_comparison/AllTestData/Adobe_PDF_sample_a_1024x768_50Frms.264/h264enc.js:4914:7)
    at _emscripten_resize_heap (/home/test/workspace/openh264/test/encoder_binary_comparison/AllTestData/Adobe_PDF_sample_a_1024x768_50Frms.264/h264enc.js:4919:7)
    at wasm://wasm/00265406:wasm-function[1133]:0x705f0
    at wasm://wasm/00265406:wasm-function[1121]:0x6e28d
    at wasm://wasm/00265406:wasm-function[775]:0x60eb2
    at wasm://wasm/00265406:wasm-function[357]:0x2e8f3
    at wasm://wasm/00265406:wasm-function[363]:0x2f261
    at wasm://wasm/00265406:wasm-function[555]:0x407f3
    at wasm://wasm/00265406:wasm-function[554]:0x405bd   [0m
[31m    Failed! Adobe_PDF_sample_a_1024x768_50Frms.264_x.yuv Case Index 804:SHA-1(Current--Benchmark): NULL-----4e1972874ec999555b5b3fc53f9fcf87434547ac  [0m
[31m            ----YUVSHA1:  NULL,  9aa9a4d9598eb3e1093311826844f37c43e4c521  [0m
[31m           [OpenH264] this = 0x0x514070, Error:ParamValidationExt(), WARNING: GOM based RC do not support SM_RASTER_SLICE!
Aborted(Cannot enlarge memory arrays to size 19124224 bytes (OOM). Either (1) compile with -sINITIAL_MEMORY=X with X higher than the current value 16777216, (2) compile with -sALLOW_MEMORY_GROWTH which allows increasing the size at runtime, or (3) if you want malloc to return NULL (0) instead of this abort, compile with -sABORTING_MALLOC=0)
/home/test/workspace/openh264/test/encoder_binary_comparison/AllTestData/Adobe_PDF_sample_a_1024x768_50Frms.264/h264enc.js:167
      throw ex;
      ^

RuntimeError: Aborted(Cannot enlarge memory arrays to size 19124224 bytes (OOM). Either (1) compile with -sINITIAL_MEMORY=X with X higher than the current value 16777216, (2) compile with -sALLOW_MEMORY_GROWTH which allows increasing the size at runtime, or (3) if you want malloc to return NULL (0) instead of this abort, compile with -sABORTING_MALLOC=0)
    at abort (/home/test/workspace/openh264/test/encoder_binary_comparison/AllTestData/Adobe_PDF_sample_a_1024x768_50Frms.264/h264enc.js:1031:11)
    at abortOnCannotGrowMemory (/home/test/workspace/openh264/test/encoder_binary_comparison/AllTestData/Adobe_PDF_sample_a_1024x768_50Frms.264/h264enc.js:4914:7)
    at _emscripten_resize_heap (/home/test/workspace/openh264/test/encoder_binary_comparison/AllTestData/Adobe_PDF_sample_a_1024x768_50Frms.264/h264enc.js:4919:7)
    at wasm://wasm/00265406:wasm-function[1133]:0x705f0
    at wasm://wasm/00265406:wasm-function[1121]:0x6e28d
    at wasm://wasm/00265406:wasm-function[775]:0x60eb2
    at wasm://wasm/00265406:wasm-function[357]:0x2e8f3
    at wasm://wasm/00265406:wasm-function[363]:0x2f261
    at wasm://wasm/00265406:wasm-function[555]:0x407f3
    at wasm://wasm/00265406:wasm-function[554]:0x405bd   [0m
[31m    Failed! Adobe_PDF_sample_a_1024x768_50Frms.264_x.yuv Case Index 805:SHA-1(Current--Benchmark): NULL-----4e1972874ec999555b5b3fc53f9fcf87434547ac  [0m
[31m            ----YUVSHA1:  NULL,  9aa9a4d9598eb3e1093311826844f37c43e4c521  [0m
[31m           [OpenH264] this = 0x0x514070, Error:ParamValidationExt(), WARNING: GOM based RC do not support SM_RASTER_SLICE!
Aborted(Cannot enlarge memory arrays to size 19124224 bytes (OOM). Either (1) compile with -sINITIAL_MEMORY=X with X higher than the current value 16777216, (2) compile with -sALLOW_MEMORY_GROWTH which allows increasing the size at runtime, or (3) if you want malloc to return NULL (0) instead of this abort, compile with -sABORTING_MALLOC=0)
/home/test/workspace/openh264/test/encoder_binary_comparison/AllTestData/Adobe_PDF_sample_a_1024x768_50Frms.264/h264enc.js:167
      throw ex;
      ^

RuntimeError: Aborted(Cannot enlarge memory arrays to size 19124224 bytes (OOM). Either (1) compile with -sINITIAL_MEMORY=X with X higher than the current value 16777216, (2) compile with -sALLOW_MEMORY_GROWTH which allows increasing the size at runtime, or (3) if you want malloc to return NULL (0) instead of this abort, compile with -sABORTING_MALLOC=0)
    at abort (/home/test/workspace/openh264/test/encoder_binary_comparison/AllTestData/Adobe_PDF_sample_a_1024x768_50Frms.264/h264enc.js:1031:11)
    at abortOnCannotGrowMemory (/home/test/workspace/openh264/test/encoder_binary_comparison/AllTestData/Adobe_PDF_sample_a_1024x768_50Frms.264/h264enc.js:4914:7)
    at _emscripten_resize_heap (/home/test/workspace/openh264/test/encoder_binary_comparison/AllTestData/Adobe_PDF_sample_a_1024x768_50Frms.264/h264enc.js:4919:7)
    at wasm://wasm/00265406:wasm-function[1133]:0x705f0
    at wasm://wasm/00265406:wasm-function[1121]:0x6e28d
    at wasm://wasm/00265406:wasm-function[775]:0x60eb2
    at wasm://wasm/00265406:wasm-function[357]:0x2e8f3
    at wasm://wasm/00265406:wasm-function[363]:0x2f261
    at wasm://wasm/00265406:wasm-function[555]:0x407f3
    at wasm://wasm/00265406:wasm-function[554]:0x405bd   [0m
[31m    Failed! Adobe_PDF_sample_a_1024x768_50Frms.264_x.yuv Case Index 806:SHA-1(Current--Benchmark): NULL-----4e1972874ec999555b5b3fc53f9fcf87434547ac  [0m
[31m            ----YUVSHA1:  NULL,  9aa9a4d9598eb3e1093311826844f37c43e4c521  [0m
[31m           [OpenH264] this = 0x0x514070, Error:ParamValidationExt(), WARNING: GOM based RC do not support SM_RASTER_SLICE!
Aborted(Cannot enlarge memory arrays to size 19124224 bytes (OOM). Either (1) compile with -sINITIAL_MEMORY=X with X higher than the current value 16777216, (2) compile with -sALLOW_MEMORY_GROWTH which allows increasing the size at runtime, or (3) if you want malloc to return NULL (0) instead of this abort, compile with -sABORTING_MALLOC=0)
/home/test/workspace/openh264/test/encoder_binary_comparison/AllTestData/Adobe_PDF_sample_a_1024x768_50Frms.264/h264enc.js:167
      throw ex;
      ^

RuntimeError: Aborted(Cannot enlarge memory arrays to size 19124224 bytes (OOM). Either (1) compile with -sINITIAL_MEMORY=X with X higher than the current value 16777216, (2) compile with -sALLOW_MEMORY_GROWTH which allows increasing the size at runtime, or (3) if you want malloc to return NULL (0) instead of this abort, compile with -sABORTING_MALLOC=0)
    at abort (/home/test/workspace/openh264/test/encoder_binary_comparison/AllTestData/Adobe_PDF_sample_a_1024x768_50Frms.264/h264enc.js:1031:11)
    at abortOnCannotGrowMemory (/home/test/workspace/openh264/test/encoder_binary_comparison/AllTestData/Adobe_PDF_sample_a_1024x768_50Frms.264/h264enc.js:4914:7)
    at _emscripten_resize_heap (/home/test/workspace/openh264/test/encoder_binary_comparison/AllTestData/Adobe_PDF_sample_a_1024x768_50Frms.264/h264enc.js:4919:7)
    at wasm://wasm/00265406:wasm-function[1133]:0x705f0
    at wasm://wasm/00265406:wasm-function[1121]:0x6e28d
    at wasm://wasm/00265406:wasm-function[775]:0x60eb2
    at wasm://wasm/00265406:wasm-function[357]:0x2e8f3
    at wasm://wasm/00265406:wasm-function[363]:0x2f261
    at wasm://wasm/00265406:wasm-function[555]:0x407f3
    at wasm://wasm/00265406:wasm-function[554]:0x405bd   [0m
[31m    Failed! Adobe_PDF_sample_a_1024x768_50Frms.264_x.yuv Case Index 807:SHA-1(Current--Benchmark): NULL-----4e1972874ec999555b5b3fc53f9fcf87434547ac  [0m
[31m            ----YUVSHA1:  NULL,  9aa9a4d9598eb3e1093311826844f37c43e4c521  [0m
[31m           [OpenH264] this = 0x0x514070, Error:ParamValidationExt(), WARNING: GOM based RC do not support SM_RASTER_SLICE!
Aborted(Cannot enlarge memory arrays to size 19124224 bytes (OOM). Either (1) compile with -sINITIAL_MEMORY=X with X higher than the current value 16777216, (2) compile with -sALLOW_MEMORY_GROWTH which allows increasing the size at runtime, or (3) if you want malloc to return NULL (0) instead of this abort, compile with -sABORTING_MALLOC=0)
/home/test/workspace/openh264/test/encoder_binary_comparison/AllTestData/Adobe_PDF_sample_a_1024x768_50Frms.264/h264enc.js:167
      throw ex;
      ^

RuntimeError: Aborted(Cannot enlarge memory arrays to size 19124224 bytes (OOM). Either (1) compile with -sINITIAL_MEMORY=X with X higher than the current value 16777216, (2) compile with -sALLOW_MEMORY_GROWTH which allows increasing the size at runtime, or (3) if you want malloc to return NULL (0) instead of this abort, compile with -sABORTING_MALLOC=0)
    at abort (/home/test/workspace/openh264/test/encoder_binary_comparison/AllTestData/Adobe_PDF_sample_a_1024x768_50Frms.264/h264enc.js:1031:11)
    at abortOnCannotGrowMemory (/home/test/workspace/openh264/test/encoder_binary_comparison/AllTestData/Adobe_PDF_sample_a_1024x768_50Frms.264/h264enc.js:4914:7)
    at _emscripten_resize_heap (/home/test/workspace/openh264/test/encoder_binary_comparison/AllTestData/Adobe_PDF_sample_a_1024x768_50Frms.264/h264enc.js:4919:7)
    at wasm://wasm/00265406:wasm-function[1133]:0x705f0
    at wasm://wasm/00265406:wasm-function[1121]:0x6e28d
    at wasm://wasm/00265406:wasm-function[775]:0x60eb2
    at wasm://wasm/00265406:wasm-function[357]:0x2e8f3
    at wasm://wasm/00265406:wasm-function[363]:0x2f261
    at wasm://wasm/00265406:wasm-function[555]:0x407f3
    at wasm://wasm/00265406:wasm-function[554]:0x405bd   [0m
[31m    Failed! Adobe_PDF_sample_a_1024x768_50Frms.264_x.yuv Case Index 808:SHA-1(Current--Benchmark): NULL-----4e1972874ec999555b5b3fc53f9fcf87434547ac  [0m
[31m            ----YUVSHA1:  NULL,  9aa9a4d9598eb3e1093311826844f37c43e4c521  [0m
[31m           [OpenH264] this = 0x0x514070, Error:ParamValidationExt(), WARNING: GOM based RC do not support SM_RASTER_SLICE!
Aborted(Cannot enlarge memory arrays to size 19124224 bytes (OOM). Either (1) compile with -sINITIAL_MEMORY=X with X higher than the current value 16777216, (2) compile with -sALLOW_MEMORY_GROWTH which allows increasing the size at runtime, or (3) if you want malloc to return NULL (0) instead of this abort, compile with -sABORTING_MALLOC=0)
/home/test/workspace/openh264/test/encoder_binary_comparison/AllTestData/Adobe_PDF_sample_a_1024x768_50Frms.264/h264enc.js:167
      throw ex;
      ^

RuntimeError: Aborted(Cannot enlarge memory arrays to size 19124224 bytes (OOM). Either (1) compile with -sINITIAL_MEMORY=X with X higher than the current value 16777216, (2) compile with -sALLOW_MEMORY_GROWTH which allows increasing the size at runtime, or (3) if you want malloc to return NULL (0) instead of this abort, compile with -sABORTING_MALLOC=0)
    at abort (/home/test/workspace/openh264/test/encoder_binary_comparison/AllTestData/Adobe_PDF_sample_a_1024x768_50Frms.264/h264enc.js:1031:11)
    at abortOnCannotGrowMemory (/home/test/workspace/openh264/test/encoder_binary_comparison/AllTestData/Adobe_PDF_sample_a_1024x768_50Frms.264/h264enc.js:4914:7)
    at _emscripten_resize_heap (/home/test/workspace/openh264/test/encoder_binary_comparison/AllTestData/Adobe_PDF_sample_a_1024x768_50Frms.264/h264enc.js:4919:7)
    at wasm://wasm/00265406:wasm-function[1133]:0x705f0
    at wasm://wasm/00265406:wasm-function[1121]:0x6e28d
    at wasm://wasm/00265406:wasm-function[775]:0x60eb2
    at wasm://wasm/00265406:wasm-function[357]:0x2e8f3
    at wasm://wasm/00265406:wasm-function[363]:0x2f261
    at wasm://wasm/00265406:wasm-function[555]:0x407f3
    at wasm://wasm/00265406:wasm-function[554]:0x405bd   [0m
[31m    Failed! Adobe_PDF_sample_a_1024x768_50Frms.264_x.yuv Case Index 809:SHA-1(Current--Benchmark): NULL-----4e1972874ec999555b5b3fc53f9fcf87434547ac  [0m
[31m            ----YUVSHA1:  NULL,  9aa9a4d9598eb3e1093311826844f37c43e4c521  [0m
[31m           [OpenH264] this = 0x0x514070, Error:ParamValidationExt(), WARNING: GOM based RC do not support SM_RASTER_SLICE!
Aborted(Cannot enlarge memory arrays to size 19124224 bytes (OOM). Either (1) compile with -sINITIAL_MEMORY=X with X higher than the current value 16777216, (2) compile with -sALLOW_MEMORY_GROWTH which allows increasing the size at runtime, or (3) if you want malloc to return NULL (0) instead of this abort, compile with -sABORTING_MALLOC=0)
/home/test/workspace/openh264/test/encoder_binary_comparison/AllTestData/Adobe_PDF_sample_a_1024x768_50Frms.264/h264enc.js:167
      throw ex;
      ^

RuntimeError: Aborted(Cannot enlarge memory arrays to size 19124224 bytes (OOM). Either (1) compile with -sINITIAL_MEMORY=X with X higher than the current value 16777216, (2) compile with -sALLOW_MEMORY_GROWTH which allows increasing the size at runtime, or (3) if you want malloc to return NULL (0) instead of this abort, compile with -sABORTING_MALLOC=0)
    at abort (/home/test/workspace/openh264/test/encoder_binary_comparison/AllTestData/Adobe_PDF_sample_a_1024x768_50Frms.264/h264enc.js:1031:11)
    at abortOnCannotGrowMemory (/home/test/workspace/openh264/test/encoder_binary_comparison/AllTestData/Adobe_PDF_sample_a_1024x768_50Frms.264/h264enc.js:4914:7)
    at _emscripten_resize_heap (/home/test/workspace/openh264/test/encoder_binary_comparison/AllTestData/Adobe_PDF_sample_a_1024x768_50Frms.264/h264enc.js:4919:7)
    at wasm://wasm/00265406:wasm-function[1133]:0x705f0
    at wasm://wasm/00265406:wasm-function[1121]:0x6e28d
    at wasm://wasm/00265406:wasm-function[775]:0x60eb2
    at wasm://wasm/00265406:wasm-function[357]:0x2e8f3
    at wasm://wasm/00265406:wasm-function[363]:0x2f261
    at wasm://wasm/00265406:wasm-function[555]:0x407f3
    at wasm://wasm/00265406:wasm-function[554]:0x405bd   [0m
[31m    Failed! Adobe_PDF_sample_a_1024x768_50Frms.264_x.yuv Case Index 810:SHA-1(Current--Benchmark): NULL-----4e1972874ec999555b5b3fc53f9fcf87434547ac  [0m
[31m            ----YUVSHA1:  NULL,  9aa9a4d9598eb3e1093311826844f37c43e4c521  [0m
[31m           [OpenH264] this = 0x0x514070, Error:ParamValidationExt(), WARNING: GOM based RC do not support SM_RASTER_SLICE!
Aborted(Cannot enlarge memory arrays to size 19124224 bytes (OOM). Either (1) compile with -sINITIAL_MEMORY=X with X higher than the current value 16777216, (2) compile with -sALLOW_MEMORY_GROWTH which allows increasing the size at runtime, or (3) if you want malloc to return NULL (0) instead of this abort, compile with -sABORTING_MALLOC=0)
/home/test/workspace/openh264/test/encoder_binary_comparison/AllTestData/Adobe_PDF_sample_a_1024x768_50Frms.264/h264enc.js:167
      throw ex;
      ^

RuntimeError: Aborted(Cannot enlarge memory arrays to size 19124224 bytes (OOM). Either (1) compile with -sINITIAL_MEMORY=X with X higher than the current value 16777216, (2) compile with -sALLOW_MEMORY_GROWTH which allows increasing the size at runtime, or (3) if you want malloc to return NULL (0) instead of this abort, compile with -sABORTING_MALLOC=0)
    at abort (/home/test/workspace/openh264/test/encoder_binary_comparison/AllTestData/Adobe_PDF_sample_a_1024x768_50Frms.264/h264enc.js:1031:11)
    at abortOnCannotGrowMemory (/home/test/workspace/openh264/test/encoder_binary_comparison/AllTestData/Adobe_PDF_sample_a_1024x768_50Frms.264/h264enc.js:4914:7)
    at _emscripten_resize_heap (/home/test/workspace/openh264/test/encoder_binary_comparison/AllTestData/Adobe_PDF_sample_a_1024x768_50Frms.264/h264enc.js:4919:7)
    at wasm://wasm/00265406:wasm-function[1133]:0x705f0
    at wasm://wasm/00265406:wasm-function[1121]:0x6e28d
    at wasm://wasm/00265406:wasm-function[775]:0x60eb2
    at wasm://wasm/00265406:wasm-function[357]:0x2e8f3
    at wasm://wasm/00265406:wasm-function[363]:0x2f261
    at wasm://wasm/00265406:wasm-function[555]:0x407f3
    at wasm://wasm/00265406:wasm-function[554]:0x405bd   [0m
[31m    Failed! Adobe_PDF_sample_a_1024x768_50Frms.264_x.yuv Case Index 811:SHA-1(Current--Benchmark): NULL-----4e1972874ec999555b5b3fc53f9fcf87434547ac  [0m
[31m            ----YUVSHA1:  NULL,  9aa9a4d9598eb3e1093311826844f37c43e4c521  [0m
[31m           [OpenH264] this = 0x0x514070, Error:ParamValidationExt(), WARNING: GOM based RC do not support SM_RASTER_SLICE!
Aborted(Cannot enlarge memory arrays to size 19124224 bytes (OOM). Either (1) compile with -sINITIAL_MEMORY=X with X higher than the current value 16777216, (2) compile with -sALLOW_MEMORY_GROWTH which allows increasing the size at runtime, or (3) if you want malloc to return NULL (0) instead of this abort, compile with -sABORTING_MALLOC=0)
/home/test/workspace/openh264/test/encoder_binary_comparison/AllTestData/Adobe_PDF_sample_a_1024x768_50Frms.264/h264enc.js:167
      throw ex;
      ^

RuntimeError: Aborted(Cannot enlarge memory arrays to size 19124224 bytes (OOM). Either (1) compile with -sINITIAL_MEMORY=X with X higher than the current value 16777216, (2) compile with -sALLOW_MEMORY_GROWTH which allows increasing the size at runtime, or (3) if you want malloc to return NULL (0) instead of this abort, compile with -sABORTING_MALLOC=0)
    at abort (/home/test/workspace/openh264/test/encoder_binary_comparison/AllTestData/Adobe_PDF_sample_a_1024x768_50Frms.264/h264enc.js:1031:11)
    at abortOnCannotGrowMemory (/home/test/workspace/openh264/test/encoder_binary_comparison/AllTestData/Adobe_PDF_sample_a_1024x768_50Frms.264/h264enc.js:4914:7)
    at _emscripten_resize_heap (/home/test/workspace/openh264/test/encoder_binary_comparison/AllTestData/Adobe_PDF_sample_a_1024x768_50Frms.264/h264enc.js:4919:7)
    at wasm://wasm/00265406:wasm-function[1133]:0x705f0
    at wasm://wasm/00265406:wasm-function[1121]:0x6e28d
    at wasm://wasm/00265406:wasm-function[775]:0x60eb2
    at wasm://wasm/00265406:wasm-function[357]:0x2e8f3
    at wasm://wasm/00265406:wasm-function[363]:0x2f261
    at wasm://wasm/00265406:wasm-function[555]:0x407f3
    at wasm://wasm/00265406:wasm-function[554]:0x405bd   [0m
[31m    Failed! Adobe_PDF_sample_a_1024x768_50Frms.264_x.yuv Case Index 812:SHA-1(Current--Benchmark): NULL-----4e1972874ec999555b5b3fc53f9fcf87434547ac  [0m
[31m            ----YUVSHA1:  NULL,  9aa9a4d9598eb3e1093311826844f37c43e4c521  [0m
[31m           [OpenH264] this = 0x0x514070, Error:ParamValidationExt(), WARNING: GOM based RC do not support SM_RASTER_SLICE!
Aborted(Cannot enlarge memory arrays to size 19124224 bytes (OOM). Either (1) compile with -sINITIAL_MEMORY=X with X higher than the current value 16777216, (2) compile with -sALLOW_MEMORY_GROWTH which allows increasing the size at runtime, or (3) if you want malloc to return NULL (0) instead of this abort, compile with -sABORTING_MALLOC=0)
/home/test/workspace/openh264/test/encoder_binary_comparison/AllTestData/Adobe_PDF_sample_a_1024x768_50Frms.264/h264enc.js:167
      throw ex;
      ^

RuntimeError: Aborted(Cannot enlarge memory arrays to size 19124224 bytes (OOM). Either (1) compile with -sINITIAL_MEMORY=X with X higher than the current value 16777216, (2) compile with -sALLOW_MEMORY_GROWTH which allows increasing the size at runtime, or (3) if you want malloc to return NULL (0) instead of this abort, compile with -sABORTING_MALLOC=0)
    at abort (/home/test/workspace/openh264/test/encoder_binary_comparison/AllTestData/Adobe_PDF_sample_a_1024x768_50Frms.264/h264enc.js:1031:11)
    at abortOnCannotGrowMemory (/home/test/workspace/openh264/test/encoder_binary_comparison/AllTestData/Adobe_PDF_sample_a_1024x768_50Frms.264/h264enc.js:4914:7)
    at _emscripten_resize_heap (/home/test/workspace/openh264/test/encoder_binary_comparison/AllTestData/Adobe_PDF_sample_a_1024x768_50Frms.264/h264enc.js:4919:7)
    at wasm://wasm/00265406:wasm-function[1133]:0x705f0
    at wasm://wasm/00265406:wasm-function[1121]:0x6e28d
    at wasm://wasm/00265406:wasm-function[775]:0x60eb2
    at wasm://wasm/00265406:wasm-function[357]:0x2e8f3
    at wasm://wasm/00265406:wasm-function[363]:0x2f261
    at wasm://wasm/00265406:wasm-function[555]:0x407f3
    at wasm://wasm/00265406:wasm-function[554]:0x405bd   [0m
[31m    Failed! Adobe_PDF_sample_a_1024x768_50Frms.264_x.yuv Case Index 813:SHA-1(Current--Benchmark): NULL-----4e1972874ec999555b5b3fc53f9fcf87434547ac  [0m
[31m            ----YUVSHA1:  NULL,  9aa9a4d9598eb3e1093311826844f37c43e4c521  [0m
[31m           [OpenH264] this = 0x0x514070, Error:ParamValidationExt(), WARNING: GOM based RC do not support SM_RASTER_SLICE!
Aborted(Cannot enlarge memory arrays to size 19124224 bytes (OOM). Either (1) compile with -sINITIAL_MEMORY=X with X higher than the current value 16777216, (2) compile with -sALLOW_MEMORY_GROWTH which allows increasing the size at runtime, or (3) if you want malloc to return NULL (0) instead of this abort, compile with -sABORTING_MALLOC=0)
/home/test/workspace/openh264/test/encoder_binary_comparison/AllTestData/Adobe_PDF_sample_a_1024x768_50Frms.264/h264enc.js:167
      throw ex;
      ^

RuntimeError: Aborted(Cannot enlarge memory arrays to size 19124224 bytes (OOM). Either (1) compile with -sINITIAL_MEMORY=X with X higher than the current value 16777216, (2) compile with -sALLOW_MEMORY_GROWTH which allows increasing the size at runtime, or (3) if you want malloc to return NULL (0) instead of this abort, compile with -sABORTING_MALLOC=0)
    at abort (/home/test/workspace/openh264/test/encoder_binary_comparison/AllTestData/Adobe_PDF_sample_a_1024x768_50Frms.264/h264enc.js:1031:11)
    at abortOnCannotGrowMemory (/home/test/workspace/openh264/test/encoder_binary_comparison/AllTestData/Adobe_PDF_sample_a_1024x768_50Frms.264/h264enc.js:4914:7)
    at _emscripten_resize_heap (/home/test/workspace/openh264/test/encoder_binary_comparison/AllTestData/Adobe_PDF_sample_a_1024x768_50Frms.264/h264enc.js:4919:7)
    at wasm://wasm/00265406:wasm-function[1133]:0x705f0
    at wasm://wasm/00265406:wasm-function[1121]:0x6e28d
    at wasm://wasm/00265406:wasm-function[775]:0x60eb2
    at wasm://wasm/00265406:wasm-function[357]:0x2e8f3
    at wasm://wasm/00265406:wasm-function[363]:0x2f261
    at wasm://wasm/00265406:wasm-function[555]:0x407f3
    at wasm://wasm/00265406:wasm-function[554]:0x405bd   [0m
[31m    Failed! Adobe_PDF_sample_a_1024x768_50Frms.264_x.yuv Case Index 814:SHA-1(Current--Benchmark): NULL-----4e1972874ec999555b5b3fc53f9fcf87434547ac  [0m
[31m            ----YUVSHA1:  NULL,  9aa9a4d9598eb3e1093311826844f37c43e4c521  [0m
[31m           [OpenH264] this = 0x0x514070, Error:ParamValidationExt(), WARNING: GOM based RC do not support SM_RASTER_SLICE!
Aborted(Cannot enlarge memory arrays to size 19124224 bytes (OOM). Either (1) compile with -sINITIAL_MEMORY=X with X higher than the current value 16777216, (2) compile with -sALLOW_MEMORY_GROWTH which allows increasing the size at runtime, or (3) if you want malloc to return NULL (0) instead of this abort, compile with -sABORTING_MALLOC=0)
/home/test/workspace/openh264/test/encoder_binary_comparison/AllTestData/Adobe_PDF_sample_a_1024x768_50Frms.264/h264enc.js:167
      throw ex;
      ^

RuntimeError: Aborted(Cannot enlarge memory arrays to size 19124224 bytes (OOM). Either (1) compile with -sINITIAL_MEMORY=X with X higher than the current value 16777216, (2) compile with -sALLOW_MEMORY_GROWTH which allows increasing the size at runtime, or (3) if you want malloc to return NULL (0) instead of this abort, compile with -sABORTING_MALLOC=0)
    at abort (/home/test/workspace/openh264/test/encoder_binary_comparison/AllTestData/Adobe_PDF_sample_a_1024x768_50Frms.264/h264enc.js:1031:11)
    at abortOnCannotGrowMemory (/home/test/workspace/openh264/test/encoder_binary_comparison/AllTestData/Adobe_PDF_sample_a_1024x768_50Frms.264/h264enc.js:4914:7)
    at _emscripten_resize_heap (/home/test/workspace/openh264/test/encoder_binary_comparison/AllTestData/Adobe_PDF_sample_a_1024x768_50Frms.264/h264enc.js:4919:7)
    at wasm://wasm/00265406:wasm-function[1133]:0x705f0
    at wasm://wasm/00265406:wasm-function[1121]:0x6e28d
    at wasm://wasm/00265406:wasm-function[775]:0x60eb2
    at wasm://wasm/00265406:wasm-function[357]:0x2e8f3
    at wasm://wasm/00265406:wasm-function[363]:0x2f261
    at wasm://wasm/00265406:wasm-function[555]:0x407f3
    at wasm://wasm/00265406:wasm-function[554]:0x405bd   [0m
[31m    Failed! Adobe_PDF_sample_a_1024x768_50Frms.264_x.yuv Case Index 815:SHA-1(Current--Benchmark): NULL-----4e1972874ec999555b5b3fc53f9fcf87434547ac  [0m
[31m            ----YUVSHA1:  NULL,  9aa9a4d9598eb3e1093311826844f37c43e4c521  [0m
[31m           [OpenH264] this = 0x0x514070, Error:ParamValidationExt(), WARNING: GOM based RC do not support SM_RASTER_SLICE!
Aborted(Cannot enlarge memory arrays to size 19124224 bytes (OOM). Either (1) compile with -sINITIAL_MEMORY=X with X higher than the current value 16777216, (2) compile with -sALLOW_MEMORY_GROWTH which allows increasing the size at runtime, or (3) if you want malloc to return NULL (0) instead of this abort, compile with -sABORTING_MALLOC=0)
/home/test/workspace/openh264/test/encoder_binary_comparison/AllTestData/Adobe_PDF_sample_a_1024x768_50Frms.264/h264enc.js:167
      throw ex;
      ^

RuntimeError: Aborted(Cannot enlarge memory arrays to size 19124224 bytes (OOM). Either (1) compile with -sINITIAL_MEMORY=X with X higher than the current value 16777216, (2) compile with -sALLOW_MEMORY_GROWTH which allows increasing the size at runtime, or (3) if you want malloc to return NULL (0) instead of this abort, compile with -sABORTING_MALLOC=0)
    at abort (/home/test/workspace/openh264/test/encoder_binary_comparison/AllTestData/Adobe_PDF_sample_a_1024x768_50Frms.264/h264enc.js:1031:11)
    at abortOnCannotGrowMemory (/home/test/workspace/openh264/test/encoder_binary_comparison/AllTestData/Adobe_PDF_sample_a_1024x768_50Frms.264/h264enc.js:4914:7)
    at _emscripten_resize_heap (/home/test/workspace/openh264/test/encoder_binary_comparison/AllTestData/Adobe_PDF_sample_a_1024x768_50Frms.264/h264enc.js:4919:7)
    at wasm://wasm/00265406:wasm-function[1133]:0x705f0
    at wasm://wasm/00265406:wasm-function[1121]:0x6e28d
    at wasm://wasm/00265406:wasm-function[775]:0x60eb2
    at wasm://wasm/00265406:wasm-function[357]:0x2e8f3
    at wasm://wasm/00265406:wasm-function[363]:0x2f261
    at wasm://wasm/00265406:wasm-function[555]:0x407f3
    at wasm://wasm/00265406:wasm-function[554]:0x405bd   [0m
[31m    Failed! Adobe_PDF_sample_a_1024x768_50Frms.264_x.yuv Case Index 816:SHA-1(Current--Benchmark): NULL-----4e1972874ec999555b5b3fc53f9fcf87434547ac  [0m
[31m            ----YUVSHA1:  NULL,  9aa9a4d9598eb3e1093311826844f37c43e4c521  [0m
[31m           [OpenH264] this = 0x0x514070, Error:ParamValidationExt(), WARNING: GOM based RC do not support SM_RASTER_SLICE!
Aborted(Cannot enlarge memory arrays to size 19124224 bytes (OOM). Either (1) compile with -sINITIAL_MEMORY=X with X higher than the current value 16777216, (2) compile with -sALLOW_MEMORY_GROWTH which allows increasing the size at runtime, or (3) if you want malloc to return NULL (0) instead of this abort, compile with -sABORTING_MALLOC=0)
/home/test/workspace/openh264/test/encoder_binary_comparison/AllTestData/Adobe_PDF_sample_a_1024x768_50Frms.264/h264enc.js:167
      throw ex;
      ^

RuntimeError: Aborted(Cannot enlarge memory arrays to size 19124224 bytes (OOM). Either (1) compile with -sINITIAL_MEMORY=X with X higher than the current value 16777216, (2) compile with -sALLOW_MEMORY_GROWTH which allows increasing the size at runtime, or (3) if you want malloc to return NULL (0) instead of this abort, compile with -sABORTING_MALLOC=0)
    at abort (/home/test/workspace/openh264/test/encoder_binary_comparison/AllTestData/Adobe_PDF_sample_a_1024x768_50Frms.264/h264enc.js:1031:11)
    at abortOnCannotGrowMemory (/home/test/workspace/openh264/test/encoder_binary_comparison/AllTestData/Adobe_PDF_sample_a_1024x768_50Frms.264/h264enc.js:4914:7)
    at _emscripten_resize_heap (/home/test/workspace/openh264/test/encoder_binary_comparison/AllTestData/Adobe_PDF_sample_a_1024x768_50Frms.264/h264enc.js:4919:7)
    at wasm://wasm/00265406:wasm-function[1133]:0x705f0
    at wasm://wasm/00265406:wasm-function[1121]:0x6e28d
    at wasm://wasm/00265406:wasm-function[775]:0x60eb2
    at wasm://wasm/00265406:wasm-function[357]:0x2e8f3
    at wasm://wasm/00265406:wasm-function[363]:0x2f261
    at wasm://wasm/00265406:wasm-function[555]:0x407f3
    at wasm://wasm/00265406:wasm-function[554]:0x405bd   [0m
[31m    Failed! Adobe_PDF_sample_a_1024x768_50Frms.264_x.yuv Case Index 817:SHA-1(Current--Benchmark): NULL-----4e1972874ec999555b5b3fc53f9fcf87434547ac  [0m
[31m            ----YUVSHA1:  NULL,  9aa9a4d9598eb3e1093311826844f37c43e4c521  [0m
[31m           [OpenH264] this = 0x0x514070, Error:ParamValidationExt(), WARNING: GOM based RC do not support SM_RASTER_SLICE!
Aborted(Cannot enlarge memory arrays to size 19124224 bytes (OOM). Either (1) compile with -sINITIAL_MEMORY=X with X higher than the current value 16777216, (2) compile with -sALLOW_MEMORY_GROWTH which allows increasing the size at runtime, or (3) if you want malloc to return NULL (0) instead of this abort, compile with -sABORTING_MALLOC=0)
/home/test/workspace/openh264/test/encoder_binary_comparison/AllTestData/Adobe_PDF_sample_a_1024x768_50Frms.264/h264enc.js:167
      throw ex;
      ^

RuntimeError: Aborted(Cannot enlarge memory arrays to size 19124224 bytes (OOM). Either (1) compile with -sINITIAL_MEMORY=X with X higher than the current value 16777216, (2) compile with -sALLOW_MEMORY_GROWTH which allows increasing the size at runtime, or (3) if you want malloc to return NULL (0) instead of this abort, compile with -sABORTING_MALLOC=0)
    at abort (/home/test/workspace/openh264/test/encoder_binary_comparison/AllTestData/Adobe_PDF_sample_a_1024x768_50Frms.264/h264enc.js:1031:11)
    at abortOnCannotGrowMemory (/home/test/workspace/openh264/test/encoder_binary_comparison/AllTestData/Adobe_PDF_sample_a_1024x768_50Frms.264/h264enc.js:4914:7)
    at _emscripten_resize_heap (/home/test/workspace/openh264/test/encoder_binary_comparison/AllTestData/Adobe_PDF_sample_a_1024x768_50Frms.264/h264enc.js:4919:7)
    at wasm://wasm/00265406:wasm-function[1133]:0x705f0
    at wasm://wasm/00265406:wasm-function[1121]:0x6e28d
    at wasm://wasm/00265406:wasm-function[775]:0x60eb2
    at wasm://wasm/00265406:wasm-function[357]:0x2e8f3
    at wasm://wasm/00265406:wasm-function[363]:0x2f261
    at wasm://wasm/00265406:wasm-function[555]:0x407f3
    at wasm://wasm/00265406:wasm-function[554]:0x405bd   [0m
[31m    Failed! Adobe_PDF_sample_a_1024x768_50Frms.264_x.yuv Case Index 818:SHA-1(Current--Benchmark): NULL-----4e1972874ec999555b5b3fc53f9fcf87434547ac  [0m
[31m            ----YUVSHA1:  NULL,  9aa9a4d9598eb3e1093311826844f37c43e4c521  [0m
[31m           [OpenH264] this = 0x0x514070, Error:ParamValidationExt(), WARNING: GOM based RC do not support SM_RASTER_SLICE!
Aborted(Cannot enlarge memory arrays to size 19124224 bytes (OOM). Either (1) compile with -sINITIAL_MEMORY=X with X higher than the current value 16777216, (2) compile with -sALLOW_MEMORY_GROWTH which allows increasing the size at runtime, or (3) if you want malloc to return NULL (0) instead of this abort, compile with -sABORTING_MALLOC=0)
/home/test/workspace/openh264/test/encoder_binary_comparison/AllTestData/Adobe_PDF_sample_a_1024x768_50Frms.264/h264enc.js:167
      throw ex;
      ^

RuntimeError: Aborted(Cannot enlarge memory arrays to size 19124224 bytes (OOM). Either (1) compile with -sINITIAL_MEMORY=X with X higher than the current value 16777216, (2) compile with -sALLOW_MEMORY_GROWTH which allows increasing the size at runtime, or (3) if you want malloc to return NULL (0) instead of this abort, compile with -sABORTING_MALLOC=0)
    at abort (/home/test/workspace/openh264/test/encoder_binary_comparison/AllTestData/Adobe_PDF_sample_a_1024x768_50Frms.264/h264enc.js:1031:11)
    at abortOnCannotGrowMemory (/home/test/workspace/openh264/test/encoder_binary_comparison/AllTestData/Adobe_PDF_sample_a_1024x768_50Frms.264/h264enc.js:4914:7)
    at _emscripten_resize_heap (/home/test/workspace/openh264/test/encoder_binary_comparison/AllTestData/Adobe_PDF_sample_a_1024x768_50Frms.264/h264enc.js:4919:7)
    at wasm://wasm/00265406:wasm-function[1133]:0x705f0
    at wasm://wasm/00265406:wasm-function[1121]:0x6e28d
    at wasm://wasm/00265406:wasm-function[775]:0x60eb2
    at wasm://wasm/00265406:wasm-function[357]:0x2e8f3
    at wasm://wasm/00265406:wasm-function[363]:0x2f261
    at wasm://wasm/00265406:wasm-function[555]:0x407f3
    at wasm://wasm/00265406:wasm-function[554]:0x405bd   [0m
[31m    Failed! Adobe_PDF_sample_a_1024x768_50Frms.264_x.yuv Case Index 819:SHA-1(Current--Benchmark): NULL-----4e1972874ec999555b5b3fc53f9fcf87434547ac  [0m
[31m            ----YUVSHA1:  NULL,  9aa9a4d9598eb3e1093311826844f37c43e4c521  [0m
[31m           [OpenH264] this = 0x0x514070, Error:ParamValidationExt(), WARNING: GOM based RC do not support SM_RASTER_SLICE!
Aborted(Cannot enlarge memory arrays to size 19124224 bytes (OOM). Either (1) compile with -sINITIAL_MEMORY=X with X higher than the current value 16777216, (2) compile with -sALLOW_MEMORY_GROWTH which allows increasing the size at runtime, or (3) if you want malloc to return NULL (0) instead of this abort, compile with -sABORTING_MALLOC=0)
/home/test/workspace/openh264/test/encoder_binary_comparison/AllTestData/Adobe_PDF_sample_a_1024x768_50Frms.264/h264enc.js:167
      throw ex;
      ^

RuntimeError: Aborted(Cannot enlarge memory arrays to size 19124224 bytes (OOM). Either (1) compile with -sINITIAL_MEMORY=X with X higher than the current value 16777216, (2) compile with -sALLOW_MEMORY_GROWTH which allows increasing the size at runtime, or (3) if you want malloc to return NULL (0) instead of this abort, compile with -sABORTING_MALLOC=0)
    at abort (/home/test/workspace/openh264/test/encoder_binary_comparison/AllTestData/Adobe_PDF_sample_a_1024x768_50Frms.264/h264enc.js:1031:11)
    at abortOnCannotGrowMemory (/home/test/workspace/openh264/test/encoder_binary_comparison/AllTestData/Adobe_PDF_sample_a_1024x768_50Frms.264/h264enc.js:4914:7)
    at _emscripten_resize_heap (/home/test/workspace/openh264/test/encoder_binary_comparison/AllTestData/Adobe_PDF_sample_a_1024x768_50Frms.264/h264enc.js:4919:7)
    at wasm://wasm/00265406:wasm-function[1133]:0x705f0
    at wasm://wasm/00265406:wasm-function[1121]:0x6e28d
    at wasm://wasm/00265406:wasm-function[775]:0x60eb2
    at wasm://wasm/00265406:wasm-function[357]:0x2e8f3
    at wasm://wasm/00265406:wasm-function[363]:0x2f261
    at wasm://wasm/00265406:wasm-function[555]:0x407f3
    at wasm://wasm/00265406:wasm-function[554]:0x405bd   [0m
[31m    Failed! Adobe_PDF_sample_a_1024x768_50Frms.264_x.yuv Case Index 820:SHA-1(Current--Benchmark): NULL-----4e1972874ec999555b5b3fc53f9fcf87434547ac  [0m
[31m            ----YUVSHA1:  NULL,  9aa9a4d9598eb3e1093311826844f37c43e4c521  [0m
[31m           [OpenH264] this = 0x0x514070, Error:ParamValidationExt(), WARNING: GOM based RC do not support SM_RASTER_SLICE!
Aborted(Cannot enlarge memory arrays to size 19124224 bytes (OOM). Either (1) compile with -sINITIAL_MEMORY=X with X higher than the current value 16777216, (2) compile with -sALLOW_MEMORY_GROWTH which allows increasing the size at runtime, or (3) if you want malloc to return NULL (0) instead of this abort, compile with -sABORTING_MALLOC=0)
/home/test/workspace/openh264/test/encoder_binary_comparison/AllTestData/Adobe_PDF_sample_a_1024x768_50Frms.264/h264enc.js:167
      throw ex;
      ^

RuntimeError: Aborted(Cannot enlarge memory arrays to size 19124224 bytes (OOM). Either (1) compile with -sINITIAL_MEMORY=X with X higher than the current value 16777216, (2) compile with -sALLOW_MEMORY_GROWTH which allows increasing the size at runtime, or (3) if you want malloc to return NULL (0) instead of this abort, compile with -sABORTING_MALLOC=0)
    at abort (/home/test/workspace/openh264/test/encoder_binary_comparison/AllTestData/Adobe_PDF_sample_a_1024x768_50Frms.264/h264enc.js:1031:11)
    at abortOnCannotGrowMemory (/home/test/workspace/openh264/test/encoder_binary_comparison/AllTestData/Adobe_PDF_sample_a_1024x768_50Frms.264/h264enc.js:4914:7)
    at _emscripten_resize_heap (/home/test/workspace/openh264/test/encoder_binary_comparison/AllTestData/Adobe_PDF_sample_a_1024x768_50Frms.264/h264enc.js:4919:7)
    at wasm://wasm/00265406:wasm-function[1133]:0x705f0
    at wasm://wasm/00265406:wasm-function[1121]:0x6e28d
    at wasm://wasm/00265406:wasm-function[775]:0x60eb2
    at wasm://wasm/00265406:wasm-function[357]:0x2e8f3
    at wasm://wasm/00265406:wasm-function[363]:0x2f261
    at wasm://wasm/00265406:wasm-function[555]:0x407f3
    at wasm://wasm/00265406:wasm-function[554]:0x405bd   [0m
[31m    Failed! Adobe_PDF_sample_a_1024x768_50Frms.264_x.yuv Case Index 821:SHA-1(Current--Benchmark): NULL-----4e1972874ec999555b5b3fc53f9fcf87434547ac  [0m
[31m            ----YUVSHA1:  NULL,  9aa9a4d9598eb3e1093311826844f37c43e4c521  [0m
[31m           [OpenH264] this = 0x0x514070, Error:ParamValidationExt(), WARNING: GOM based RC do not support SM_RASTER_SLICE!
Aborted(Cannot enlarge memory arrays to size 19124224 bytes (OOM). Either (1) compile with -sINITIAL_MEMORY=X with X higher than the current value 16777216, (2) compile with -sALLOW_MEMORY_GROWTH which allows increasing the size at runtime, or (3) if you want malloc to return NULL (0) instead of this abort, compile with -sABORTING_MALLOC=0)
/home/test/workspace/openh264/test/encoder_binary_comparison/AllTestData/Adobe_PDF_sample_a_1024x768_50Frms.264/h264enc.js:167
      throw ex;
      ^

RuntimeError: Aborted(Cannot enlarge memory arrays to size 19124224 bytes (OOM). Either (1) compile with -sINITIAL_MEMORY=X with X higher than the current value 16777216, (2) compile with -sALLOW_MEMORY_GROWTH which allows increasing the size at runtime, or (3) if you want malloc to return NULL (0) instead of this abort, compile with -sABORTING_MALLOC=0)
    at abort (/home/test/workspace/openh264/test/encoder_binary_comparison/AllTestData/Adobe_PDF_sample_a_1024x768_50Frms.264/h264enc.js:1031:11)
    at abortOnCannotGrowMemory (/home/test/workspace/openh264/test/encoder_binary_comparison/AllTestData/Adobe_PDF_sample_a_1024x768_50Frms.264/h264enc.js:4914:7)
    at _emscripten_resize_heap (/home/test/workspace/openh264/test/encoder_binary_comparison/AllTestData/Adobe_PDF_sample_a_1024x768_50Frms.264/h264enc.js:4919:7)
    at wasm://wasm/00265406:wasm-function[1133]:0x705f0
    at wasm://wasm/00265406:wasm-function[1121]:0x6e28d
    at wasm://wasm/00265406:wasm-function[775]:0x60eb2
    at wasm://wasm/00265406:wasm-function[357]:0x2e8f3
    at wasm://wasm/00265406:wasm-function[363]:0x2f261
    at wasm://wasm/00265406:wasm-function[555]:0x407f3
    at wasm://wasm/00265406:wasm-function[554]:0x405bd   [0m
[31m    Failed! Adobe_PDF_sample_a_1024x768_50Frms.264_x.yuv Case Index 822:SHA-1(Current--Benchmark): NULL-----4e1972874ec999555b5b3fc53f9fcf87434547ac  [0m
[31m            ----YUVSHA1:  NULL,  9aa9a4d9598eb3e1093311826844f37c43e4c521  [0m
[31m           [OpenH264] this = 0x0x514070, Error:ParamValidationExt(), WARNING: GOM based RC do not support SM_RASTER_SLICE!
Aborted(Cannot enlarge memory arrays to size 19124224 bytes (OOM). Either (1) compile with -sINITIAL_MEMORY=X with X higher than the current value 16777216, (2) compile with -sALLOW_MEMORY_GROWTH which allows increasing the size at runtime, or (3) if you want malloc to return NULL (0) instead of this abort, compile with -sABORTING_MALLOC=0)
/home/test/workspace/openh264/test/encoder_binary_comparison/AllTestData/Adobe_PDF_sample_a_1024x768_50Frms.264/h264enc.js:167
      throw ex;
      ^

RuntimeError: Aborted(Cannot enlarge memory arrays to size 19124224 bytes (OOM). Either (1) compile with -sINITIAL_MEMORY=X with X higher than the current value 16777216, (2) compile with -sALLOW_MEMORY_GROWTH which allows increasing the size at runtime, or (3) if you want malloc to return NULL (0) instead of this abort, compile with -sABORTING_MALLOC=0)
    at abort (/home/test/workspace/openh264/test/encoder_binary_comparison/AllTestData/Adobe_PDF_sample_a_1024x768_50Frms.264/h264enc.js:1031:11)
    at abortOnCannotGrowMemory (/home/test/workspace/openh264/test/encoder_binary_comparison/AllTestData/Adobe_PDF_sample_a_1024x768_50Frms.264/h264enc.js:4914:7)
    at _emscripten_resize_heap (/home/test/workspace/openh264/test/encoder_binary_comparison/AllTestData/Adobe_PDF_sample_a_1024x768_50Frms.264/h264enc.js:4919:7)
    at wasm://wasm/00265406:wasm-function[1133]:0x705f0
    at wasm://wasm/00265406:wasm-function[1121]:0x6e28d
    at wasm://wasm/00265406:wasm-function[775]:0x60eb2
    at wasm://wasm/00265406:wasm-function[357]:0x2e8f3
    at wasm://wasm/00265406:wasm-function[363]:0x2f261
    at wasm://wasm/00265406:wasm-function[555]:0x407f3
    at wasm://wasm/00265406:wasm-function[554]:0x405bd   [0m
[31m    Failed! Adobe_PDF_sample_a_1024x768_50Frms.264_x.yuv Case Index 823:SHA-1(Current--Benchmark): NULL-----4e1972874ec999555b5b3fc53f9fcf87434547ac  [0m
[31m            ----YUVSHA1:  NULL,  9aa9a4d9598eb3e1093311826844f37c43e4c521  [0m
[31m           [OpenH264] this = 0x0x514070, Error:ParamValidationExt(), WARNING: GOM based RC do not support SM_RASTER_SLICE!
Aborted(Cannot enlarge memory arrays to size 19124224 bytes (OOM). Either (1) compile with -sINITIAL_MEMORY=X with X higher than the current value 16777216, (2) compile with -sALLOW_MEMORY_GROWTH which allows increasing the size at runtime, or (3) if you want malloc to return NULL (0) instead of this abort, compile with -sABORTING_MALLOC=0)
/home/test/workspace/openh264/test/encoder_binary_comparison/AllTestData/Adobe_PDF_sample_a_1024x768_50Frms.264/h264enc.js:167
      throw ex;
      ^

RuntimeError: Aborted(Cannot enlarge memory arrays to size 19124224 bytes (OOM). Either (1) compile with -sINITIAL_MEMORY=X with X higher than the current value 16777216, (2) compile with -sALLOW_MEMORY_GROWTH which allows increasing the size at runtime, or (3) if you want malloc to return NULL (0) instead of this abort, compile with -sABORTING_MALLOC=0)
    at abort (/home/test/workspace/openh264/test/encoder_binary_comparison/AllTestData/Adobe_PDF_sample_a_1024x768_50Frms.264/h264enc.js:1031:11)
    at abortOnCannotGrowMemory (/home/test/workspace/openh264/test/encoder_binary_comparison/AllTestData/Adobe_PDF_sample_a_1024x768_50Frms.264/h264enc.js:4914:7)
    at _emscripten_resize_heap (/home/test/workspace/openh264/test/encoder_binary_comparison/AllTestData/Adobe_PDF_sample_a_1024x768_50Frms.264/h264enc.js:4919:7)
    at wasm://wasm/00265406:wasm-function[1133]:0x705f0
    at wasm://wasm/00265406:wasm-function[1121]:0x6e28d
    at wasm://wasm/00265406:wasm-function[775]:0x60eb2
    at wasm://wasm/00265406:wasm-function[357]:0x2e8f3
    at wasm://wasm/00265406:wasm-function[363]:0x2f261
    at wasm://wasm/00265406:wasm-function[555]:0x407f3
    at wasm://wasm/00265406:wasm-function[554]:0x405bd   [0m
[31m    Failed! Adobe_PDF_sample_a_1024x768_50Frms.264_x.yuv Case Index 824:SHA-1(Current--Benchmark): NULL-----4e1972874ec999555b5b3fc53f9fcf87434547ac  [0m
[31m            ----YUVSHA1:  NULL,  9aa9a4d9598eb3e1093311826844f37c43e4c521  [0m
[31m           [OpenH264] this = 0x0x514070, Error:ParamValidationExt(), WARNING: GOM based RC do not support SM_RASTER_SLICE!
Aborted(Cannot enlarge memory arrays to size 19124224 bytes (OOM). Either (1) compile with -sINITIAL_MEMORY=X with X higher than the current value 16777216, (2) compile with -sALLOW_MEMORY_GROWTH which allows increasing the size at runtime, or (3) if you want malloc to return NULL (0) instead of this abort, compile with -sABORTING_MALLOC=0)
/home/test/workspace/openh264/test/encoder_binary_comparison/AllTestData/Adobe_PDF_sample_a_1024x768_50Frms.264/h264enc.js:167
      throw ex;
      ^

RuntimeError: Aborted(Cannot enlarge memory arrays to size 19124224 bytes (OOM). Either (1) compile with -sINITIAL_MEMORY=X with X higher than the current value 16777216, (2) compile with -sALLOW_MEMORY_GROWTH which allows increasing the size at runtime, or (3) if you want malloc to return NULL (0) instead of this abort, compile with -sABORTING_MALLOC=0)
    at abort (/home/test/workspace/openh264/test/encoder_binary_comparison/AllTestData/Adobe_PDF_sample_a_1024x768_50Frms.264/h264enc.js:1031:11)
    at abortOnCannotGrowMemory (/home/test/workspace/openh264/test/encoder_binary_comparison/AllTestData/Adobe_PDF_sample_a_1024x768_50Frms.264/h264enc.js:4914:7)
    at _emscripten_resize_heap (/home/test/workspace/openh264/test/encoder_binary_comparison/AllTestData/Adobe_PDF_sample_a_1024x768_50Frms.264/h264enc.js:4919:7)
    at wasm://wasm/00265406:wasm-function[1133]:0x705f0
    at wasm://wasm/00265406:wasm-function[1121]:0x6e28d
    at wasm://wasm/00265406:wasm-function[775]:0x60eb2
    at wasm://wasm/00265406:wasm-function[357]:0x2e8f3
    at wasm://wasm/00265406:wasm-function[363]:0x2f261
    at wasm://wasm/00265406:wasm-function[555]:0x407f3
    at wasm://wasm/00265406:wasm-function[554]:0x405bd   [0m
[31m    Failed! Adobe_PDF_sample_a_1024x768_50Frms.264_x.yuv Case Index 825:SHA-1(Current--Benchmark): NULL-----4e1972874ec999555b5b3fc53f9fcf87434547ac  [0m
[31m            ----YUVSHA1:  NULL,  9aa9a4d9598eb3e1093311826844f37c43e4c521  [0m
[31m           [OpenH264] this = 0x0x514070, Error:ParamValidationExt(), WARNING: GOM based RC do not support SM_RASTER_SLICE!
Aborted(Cannot enlarge memory arrays to size 19124224 bytes (OOM). Either (1) compile with -sINITIAL_MEMORY=X with X higher than the current value 16777216, (2) compile with -sALLOW_MEMORY_GROWTH which allows increasing the size at runtime, or (3) if you want malloc to return NULL (0) instead of this abort, compile with -sABORTING_MALLOC=0)
/home/test/workspace/openh264/test/encoder_binary_comparison/AllTestData/Adobe_PDF_sample_a_1024x768_50Frms.264/h264enc.js:167
      throw ex;
      ^

RuntimeError: Aborted(Cannot enlarge memory arrays to size 19124224 bytes (OOM). Either (1) compile with -sINITIAL_MEMORY=X with X higher than the current value 16777216, (2) compile with -sALLOW_MEMORY_GROWTH which allows increasing the size at runtime, or (3) if you want malloc to return NULL (0) instead of this abort, compile with -sABORTING_MALLOC=0)
    at abort (/home/test/workspace/openh264/test/encoder_binary_comparison/AllTestData/Adobe_PDF_sample_a_1024x768_50Frms.264/h264enc.js:1031:11)
    at abortOnCannotGrowMemory (/home/test/workspace/openh264/test/encoder_binary_comparison/AllTestData/Adobe_PDF_sample_a_1024x768_50Frms.264/h264enc.js:4914:7)
    at _emscripten_resize_heap (/home/test/workspace/openh264/test/encoder_binary_comparison/AllTestData/Adobe_PDF_sample_a_1024x768_50Frms.264/h264enc.js:4919:7)
    at wasm://wasm/00265406:wasm-function[1133]:0x705f0
    at wasm://wasm/00265406:wasm-function[1121]:0x6e28d
    at wasm://wasm/00265406:wasm-function[775]:0x60eb2
    at wasm://wasm/00265406:wasm-function[357]:0x2e8f3
    at wasm://wasm/00265406:wasm-function[363]:0x2f261
    at wasm://wasm/00265406:wasm-function[555]:0x407f3
    at wasm://wasm/00265406:wasm-function[554]:0x405bd   [0m
[31m    Failed! Adobe_PDF_sample_a_1024x768_50Frms.264_x.yuv Case Index 826:SHA-1(Current--Benchmark): NULL-----4e1972874ec999555b5b3fc53f9fcf87434547ac  [0m
[31m            ----YUVSHA1:  NULL,  9aa9a4d9598eb3e1093311826844f37c43e4c521  [0m
[31m           [OpenH264] this = 0x0x514070, Error:ParamValidationExt(), WARNING: GOM based RC do not support SM_RASTER_SLICE!
Aborted(Cannot enlarge memory arrays to size 19124224 bytes (OOM). Either (1) compile with -sINITIAL_MEMORY=X with X higher than the current value 16777216, (2) compile with -sALLOW_MEMORY_GROWTH which allows increasing the size at runtime, or (3) if you want malloc to return NULL (0) instead of this abort, compile with -sABORTING_MALLOC=0)
/home/test/workspace/openh264/test/encoder_binary_comparison/AllTestData/Adobe_PDF_sample_a_1024x768_50Frms.264/h264enc.js:167
      throw ex;
      ^

RuntimeError: Aborted(Cannot enlarge memory arrays to size 19124224 bytes (OOM). Either (1) compile with -sINITIAL_MEMORY=X with X higher than the current value 16777216, (2) compile with -sALLOW_MEMORY_GROWTH which allows increasing the size at runtime, or (3) if you want malloc to return NULL (0) instead of this abort, compile with -sABORTING_MALLOC=0)
    at abort (/home/test/workspace/openh264/test/encoder_binary_comparison/AllTestData/Adobe_PDF_sample_a_1024x768_50Frms.264/h264enc.js:1031:11)
    at abortOnCannotGrowMemory (/home/test/workspace/openh264/test/encoder_binary_comparison/AllTestData/Adobe_PDF_sample_a_1024x768_50Frms.264/h264enc.js:4914:7)
    at _emscripten_resize_heap (/home/test/workspace/openh264/test/encoder_binary_comparison/AllTestData/Adobe_PDF_sample_a_1024x768_50Frms.264/h264enc.js:4919:7)
    at wasm://wasm/00265406:wasm-function[1133]:0x705f0
    at wasm://wasm/00265406:wasm-function[1121]:0x6e28d
    at wasm://wasm/00265406:wasm-function[775]:0x60eb2
    at wasm://wasm/00265406:wasm-function[357]:0x2e8f3
    at wasm://wasm/00265406:wasm-function[363]:0x2f261
    at wasm://wasm/00265406:wasm-function[555]:0x407f3
    at wasm://wasm/00265406:wasm-function[554]:0x405bd   [0m
[31m    Failed! Adobe_PDF_sample_a_1024x768_50Frms.264_x.yuv Case Index 827:SHA-1(Current--Benchmark): NULL-----4e1972874ec999555b5b3fc53f9fcf87434547ac  [0m
[31m            ----YUVSHA1:  NULL,  9aa9a4d9598eb3e1093311826844f37c43e4c521  [0m
[31m           [OpenH264] this = 0x0x514070, Error:ParamValidationExt(), WARNING: GOM based RC do not support SM_RASTER_SLICE!
Aborted(Cannot enlarge memory arrays to size 19124224 bytes (OOM). Either (1) compile with -sINITIAL_MEMORY=X with X higher than the current value 16777216, (2) compile with -sALLOW_MEMORY_GROWTH which allows increasing the size at runtime, or (3) if you want malloc to return NULL (0) instead of this abort, compile with -sABORTING_MALLOC=0)
/home/test/workspace/openh264/test/encoder_binary_comparison/AllTestData/Adobe_PDF_sample_a_1024x768_50Frms.264/h264enc.js:167
      throw ex;
      ^

RuntimeError: Aborted(Cannot enlarge memory arrays to size 19124224 bytes (OOM). Either (1) compile with -sINITIAL_MEMORY=X with X higher than the current value 16777216, (2) compile with -sALLOW_MEMORY_GROWTH which allows increasing the size at runtime, or (3) if you want malloc to return NULL (0) instead of this abort, compile with -sABORTING_MALLOC=0)
    at abort (/home/test/workspace/openh264/test/encoder_binary_comparison/AllTestData/Adobe_PDF_sample_a_1024x768_50Frms.264/h264enc.js:1031:11)
    at abortOnCannotGrowMemory (/home/test/workspace/openh264/test/encoder_binary_comparison/AllTestData/Adobe_PDF_sample_a_1024x768_50Frms.264/h264enc.js:4914:7)
    at _emscripten_resize_heap (/home/test/workspace/openh264/test/encoder_binary_comparison/AllTestData/Adobe_PDF_sample_a_1024x768_50Frms.264/h264enc.js:4919:7)
    at wasm://wasm/00265406:wasm-function[1133]:0x705f0
    at wasm://wasm/00265406:wasm-function[1121]:0x6e28d
    at wasm://wasm/00265406:wasm-function[775]:0x60eb2
    at wasm://wasm/00265406:wasm-function[357]:0x2e8f3
    at wasm://wasm/00265406:wasm-function[363]:0x2f261
    at wasm://wasm/00265406:wasm-function[555]:0x407f3
    at wasm://wasm/00265406:wasm-function[554]:0x405bd   [0m
[31m    Failed! Adobe_PDF_sample_a_1024x768_50Frms.264_x.yuv Case Index 828:SHA-1(Current--Benchmark): NULL-----4e1972874ec999555b5b3fc53f9fcf87434547ac  [0m
[31m            ----YUVSHA1:  NULL,  9aa9a4d9598eb3e1093311826844f37c43e4c521  [0m
[31m           [OpenH264] this = 0x0x514070, Error:ParamValidationExt(), WARNING: GOM based RC do not support SM_RASTER_SLICE!
Aborted(Cannot enlarge memory arrays to size 19124224 bytes (OOM). Either (1) compile with -sINITIAL_MEMORY=X with X higher than the current value 16777216, (2) compile with -sALLOW_MEMORY_GROWTH which allows increasing the size at runtime, or (3) if you want malloc to return NULL (0) instead of this abort, compile with -sABORTING_MALLOC=0)
/home/test/workspace/openh264/test/encoder_binary_comparison/AllTestData/Adobe_PDF_sample_a_1024x768_50Frms.264/h264enc.js:167
      throw ex;
      ^

RuntimeError: Aborted(Cannot enlarge memory arrays to size 19124224 bytes (OOM). Either (1) compile with -sINITIAL_MEMORY=X with X higher than the current value 16777216, (2) compile with -sALLOW_MEMORY_GROWTH which allows increasing the size at runtime, or (3) if you want malloc to return NULL (0) instead of this abort, compile with -sABORTING_MALLOC=0)
    at abort (/home/test/workspace/openh264/test/encoder_binary_comparison/AllTestData/Adobe_PDF_sample_a_1024x768_50Frms.264/h264enc.js:1031:11)
    at abortOnCannotGrowMemory (/home/test/workspace/openh264/test/encoder_binary_comparison/AllTestData/Adobe_PDF_sample_a_1024x768_50Frms.264/h264enc.js:4914:7)
    at _emscripten_resize_heap (/home/test/workspace/openh264/test/encoder_binary_comparison/AllTestData/Adobe_PDF_sample_a_1024x768_50Frms.264/h264enc.js:4919:7)
    at wasm://wasm/00265406:wasm-function[1133]:0x705f0
    at wasm://wasm/00265406:wasm-function[1121]:0x6e28d
    at wasm://wasm/00265406:wasm-function[775]:0x60eb2
    at wasm://wasm/00265406:wasm-function[357]:0x2e8f3
    at wasm://wasm/00265406:wasm-function[363]:0x2f261
    at wasm://wasm/00265406:wasm-function[555]:0x407f3
    at wasm://wasm/00265406:wasm-function[554]:0x405bd   [0m
[31m    Failed! Adobe_PDF_sample_a_1024x768_50Frms.264_x.yuv Case Index 829:SHA-1(Current--Benchmark): NULL-----4e1972874ec999555b5b3fc53f9fcf87434547ac  [0m
[31m            ----YUVSHA1:  NULL,  9aa9a4d9598eb3e1093311826844f37c43e4c521  [0m
[31m           [OpenH264] this = 0x0x514070, Error:ParamValidationExt(), WARNING: GOM based RC do not support SM_RASTER_SLICE!
Aborted(Cannot enlarge memory arrays to size 19124224 bytes (OOM). Either (1) compile with -sINITIAL_MEMORY=X with X higher than the current value 16777216, (2) compile with -sALLOW_MEMORY_GROWTH which allows increasing the size at runtime, or (3) if you want malloc to return NULL (0) instead of this abort, compile with -sABORTING_MALLOC=0)
/home/test/workspace/openh264/test/encoder_binary_comparison/AllTestData/Adobe_PDF_sample_a_1024x768_50Frms.264/h264enc.js:167
      throw ex;
      ^

RuntimeError: Aborted(Cannot enlarge memory arrays to size 19124224 bytes (OOM). Either (1) compile with -sINITIAL_MEMORY=X with X higher than the current value 16777216, (2) compile with -sALLOW_MEMORY_GROWTH which allows increasing the size at runtime, or (3) if you want malloc to return NULL (0) instead of this abort, compile with -sABORTING_MALLOC=0)
    at abort (/home/test/workspace/openh264/test/encoder_binary_comparison/AllTestData/Adobe_PDF_sample_a_1024x768_50Frms.264/h264enc.js:1031:11)
    at abortOnCannotGrowMemory (/home/test/workspace/openh264/test/encoder_binary_comparison/AllTestData/Adobe_PDF_sample_a_1024x768_50Frms.264/h264enc.js:4914:7)
    at _emscripten_resize_heap (/home/test/workspace/openh264/test/encoder_binary_comparison/AllTestData/Adobe_PDF_sample_a_1024x768_50Frms.264/h264enc.js:4919:7)
    at wasm://wasm/00265406:wasm-function[1133]:0x705f0
    at wasm://wasm/00265406:wasm-function[1121]:0x6e28d
    at wasm://wasm/00265406:wasm-function[775]:0x60eb2
    at wasm://wasm/00265406:wasm-function[357]:0x2e8f3
    at wasm://wasm/00265406:wasm-function[363]:0x2f261
    at wasm://wasm/00265406:wasm-function[555]:0x407f3
    at wasm://wasm/00265406:wasm-function[554]:0x405bd   [0m
[31m    Failed! Adobe_PDF_sample_a_1024x768_50Frms.264_x.yuv Case Index 830:SHA-1(Current--Benchmark): NULL-----4e1972874ec999555b5b3fc53f9fcf87434547ac  [0m
[31m            ----YUVSHA1:  NULL,  9aa9a4d9598eb3e1093311826844f37c43e4c521  [0m
[31m           [OpenH264] this = 0x0x514070, Error:ParamValidationExt(), WARNING: GOM based RC do not support SM_RASTER_SLICE!
Aborted(Cannot enlarge memory arrays to size 19124224 bytes (OOM). Either (1) compile with -sINITIAL_MEMORY=X with X higher than the current value 16777216, (2) compile with -sALLOW_MEMORY_GROWTH which allows increasing the size at runtime, or (3) if you want malloc to return NULL (0) instead of this abort, compile with -sABORTING_MALLOC=0)
/home/test/workspace/openh264/test/encoder_binary_comparison/AllTestData/Adobe_PDF_sample_a_1024x768_50Frms.264/h264enc.js:167
      throw ex;
      ^

RuntimeError: Aborted(Cannot enlarge memory arrays to size 19124224 bytes (OOM). Either (1) compile with -sINITIAL_MEMORY=X with X higher than the current value 16777216, (2) compile with -sALLOW_MEMORY_GROWTH which allows increasing the size at runtime, or (3) if you want malloc to return NULL (0) instead of this abort, compile with -sABORTING_MALLOC=0)
    at abort (/home/test/workspace/openh264/test/encoder_binary_comparison/AllTestData/Adobe_PDF_sample_a_1024x768_50Frms.264/h264enc.js:1031:11)
    at abortOnCannotGrowMemory (/home/test/workspace/openh264/test/encoder_binary_comparison/AllTestData/Adobe_PDF_sample_a_1024x768_50Frms.264/h264enc.js:4914:7)
    at _emscripten_resize_heap (/home/test/workspace/openh264/test/encoder_binary_comparison/AllTestData/Adobe_PDF_sample_a_1024x768_50Frms.264/h264enc.js:4919:7)
    at wasm://wasm/00265406:wasm-function[1133]:0x705f0
    at wasm://wasm/00265406:wasm-function[1121]:0x6e28d
    at wasm://wasm/00265406:wasm-function[775]:0x60eb2
    at wasm://wasm/00265406:wasm-function[357]:0x2e8f3
    at wasm://wasm/00265406:wasm-function[363]:0x2f261
    at wasm://wasm/00265406:wasm-function[555]:0x407f3
    at wasm://wasm/00265406:wasm-function[554]:0x405bd   [0m
[31m    Failed! Adobe_PDF_sample_a_1024x768_50Frms.264_x.yuv Case Index 831:SHA-1(Current--Benchmark): NULL-----4e1972874ec999555b5b3fc53f9fcf87434547ac  [0m
[31m            ----YUVSHA1:  NULL,  9aa9a4d9598eb3e1093311826844f37c43e4c521  [0m
[31m           [OpenH264] this = 0x0x514070, Error:ParamValidationExt(), WARNING: GOM based RC do not support SM_RASTER_SLICE!
Aborted(Cannot enlarge memory arrays to size 19124224 bytes (OOM). Either (1) compile with -sINITIAL_MEMORY=X with X higher than the current value 16777216, (2) compile with -sALLOW_MEMORY_GROWTH which allows increasing the size at runtime, or (3) if you want malloc to return NULL (0) instead of this abort, compile with -sABORTING_MALLOC=0)
/home/test/workspace/openh264/test/encoder_binary_comparison/AllTestData/Adobe_PDF_sample_a_1024x768_50Frms.264/h264enc.js:167
      throw ex;
      ^

RuntimeError: Aborted(Cannot enlarge memory arrays to size 19124224 bytes (OOM). Either (1) compile with -sINITIAL_MEMORY=X with X higher than the current value 16777216, (2) compile with -sALLOW_MEMORY_GROWTH which allows increasing the size at runtime, or (3) if you want malloc to return NULL (0) instead of this abort, compile with -sABORTING_MALLOC=0)
    at abort (/home/test/workspace/openh264/test/encoder_binary_comparison/AllTestData/Adobe_PDF_sample_a_1024x768_50Frms.264/h264enc.js:1031:11)
    at abortOnCannotGrowMemory (/home/test/workspace/openh264/test/encoder_binary_comparison/AllTestData/Adobe_PDF_sample_a_1024x768_50Frms.264/h264enc.js:4914:7)
    at _emscripten_resize_heap (/home/test/workspace/openh264/test/encoder_binary_comparison/AllTestData/Adobe_PDF_sample_a_1024x768_50Frms.264/h264enc.js:4919:7)
    at wasm://wasm/00265406:wasm-function[1133]:0x705f0
    at wasm://wasm/00265406:wasm-function[1121]:0x6e28d
    at wasm://wasm/00265406:wasm-function[775]:0x60eb2
    at wasm://wasm/00265406:wasm-function[357]:0x2e8f3
    at wasm://wasm/00265406:wasm-function[363]:0x2f261
    at wasm://wasm/00265406:wasm-function[555]:0x407f3
    at wasm://wasm/00265406:wasm-function[554]:0x405bd   [0m
[31m    Failed! Adobe_PDF_sample_a_1024x768_50Frms.264_x.yuv Case Index 832:SHA-1(Current--Benchmark): NULL-----f0a5c4fe9f021768836c037fffb580430cfe9c84  [0m
[31m            ----YUVSHA1:  NULL,  9aa9a4d9598eb3e1093311826844f37c43e4c521  [0m
[31m           Aborted(Cannot enlarge memory arrays to size 19128320 bytes (OOM). Either (1) compile with -sINITIAL_MEMORY=X with X higher than the current value 16777216, (2) compile with -sALLOW_MEMORY_GROWTH which allows increasing the size at runtime, or (3) if you want malloc to return NULL (0) instead of this abort, compile with -sABORTING_MALLOC=0)
/home/test/workspace/openh264/test/encoder_binary_comparison/AllTestData/Adobe_PDF_sample_a_1024x768_50Frms.264/h264enc.js:167
      throw ex;
      ^

RuntimeError: Aborted(Cannot enlarge memory arrays to size 19128320 bytes (OOM). Either (1) compile with -sINITIAL_MEMORY=X with X higher than the current value 16777216, (2) compile with -sALLOW_MEMORY_GROWTH which allows increasing the size at runtime, or (3) if you want malloc to return NULL (0) instead of this abort, compile with -sABORTING_MALLOC=0)
    at abort (/home/test/workspace/openh264/test/encoder_binary_comparison/AllTestData/Adobe_PDF_sample_a_1024x768_50Frms.264/h264enc.js:1031:11)
    at abortOnCannotGrowMemory (/home/test/workspace/openh264/test/encoder_binary_comparison/AllTestData/Adobe_PDF_sample_a_1024x768_50Frms.264/h264enc.js:4914:7)
    at _emscripten_resize_heap (/home/test/workspace/openh264/test/encoder_binary_comparison/AllTestData/Adobe_PDF_sample_a_1024x768_50Frms.264/h264enc.js:4919:7)
    at wasm://wasm/00265406:wasm-function[1133]:0x705f0
    at wasm://wasm/00265406:wasm-function[1121]:0x6e28d
    at wasm://wasm/00265406:wasm-function[775]:0x60eb2
    at wasm://wasm/00265406:wasm-function[357]:0x2e8f3
    at wasm://wasm/00265406:wasm-function[363]:0x2f261
    at wasm://wasm/00265406:wasm-function[555]:0x407f3
    at wasm://wasm/00265406:wasm-function[554]:0x405bd   [0m
[31m    Failed! Adobe_PDF_sample_a_1024x768_50Frms.264_x.yuv Case Index 833:SHA-1(Current--Benchmark): NULL-----f0a5c4fe9f021768836c037fffb580430cfe9c84  [0m
[31m            ----YUVSHA1:  NULL,  9aa9a4d9598eb3e1093311826844f37c43e4c521  [0m
[31m           Aborted(Cannot enlarge memory arrays to size 19128320 bytes (OOM). Either (1) compile with -sINITIAL_MEMORY=X with X higher than the current value 16777216, (2) compile with -sALLOW_MEMORY_GROWTH which allows increasing the size at runtime, or (3) if you want malloc to return NULL (0) instead of this abort, compile with -sABORTING_MALLOC=0)
/home/test/workspace/openh264/test/encoder_binary_comparison/AllTestData/Adobe_PDF_sample_a_1024x768_50Frms.264/h264enc.js:167
      throw ex;
      ^

RuntimeError: Aborted(Cannot enlarge memory arrays to size 19128320 bytes (OOM). Either (1) compile with -sINITIAL_MEMORY=X with X higher than the current value 16777216, (2) compile with -sALLOW_MEMORY_GROWTH which allows increasing the size at runtime, or (3) if you want malloc to return NULL (0) instead of this abort, compile with -sABORTING_MALLOC=0)
    at abort (/home/test/workspace/openh264/test/encoder_binary_comparison/AllTestData/Adobe_PDF_sample_a_1024x768_50Frms.264/h264enc.js:1031:11)
    at abortOnCannotGrowMemory (/home/test/workspace/openh264/test/encoder_binary_comparison/AllTestData/Adobe_PDF_sample_a_1024x768_50Frms.264/h264enc.js:4914:7)
    at _emscripten_resize_heap (/home/test/workspace/openh264/test/encoder_binary_comparison/AllTestData/Adobe_PDF_sample_a_1024x768_50Frms.264/h264enc.js:4919:7)
    at wasm://wasm/00265406:wasm-function[1133]:0x705f0
    at wasm://wasm/00265406:wasm-function[1121]:0x6e28d
    at wasm://wasm/00265406:wasm-function[775]:0x60eb2
    at wasm://wasm/00265406:wasm-function[357]:0x2e8f3
    at wasm://wasm/00265406:wasm-function[363]:0x2f261
    at wasm://wasm/00265406:wasm-function[555]:0x407f3
    at wasm://wasm/00265406:wasm-function[554]:0x405bd   [0m
[31m    Failed! Adobe_PDF_sample_a_1024x768_50Frms.264_x.yuv Case Index 834:SHA-1(Current--Benchmark): NULL-----f0a5c4fe9f021768836c037fffb580430cfe9c84  [0m
[31m            ----YUVSHA1:  NULL,  9aa9a4d9598eb3e1093311826844f37c43e4c521  [0m
[31m           Aborted(Cannot enlarge memory arrays to size 19128320 bytes (OOM). Either (1) compile with -sINITIAL_MEMORY=X with X higher than the current value 16777216, (2) compile with -sALLOW_MEMORY_GROWTH which allows increasing the size at runtime, or (3) if you want malloc to return NULL (0) instead of this abort, compile with -sABORTING_MALLOC=0)
/home/test/workspace/openh264/test/encoder_binary_comparison/AllTestData/Adobe_PDF_sample_a_1024x768_50Frms.264/h264enc.js:167
      throw ex;
      ^

RuntimeError: Aborted(Cannot enlarge memory arrays to size 19128320 bytes (OOM). Either (1) compile with -sINITIAL_MEMORY=X with X higher than the current value 16777216, (2) compile with -sALLOW_MEMORY_GROWTH which allows increasing the size at runtime, or (3) if you want malloc to return NULL (0) instead of this abort, compile with -sABORTING_MALLOC=0)
    at abort (/home/test/workspace/openh264/test/encoder_binary_comparison/AllTestData/Adobe_PDF_sample_a_1024x768_50Frms.264/h264enc.js:1031:11)
    at abortOnCannotGrowMemory (/home/test/workspace/openh264/test/encoder_binary_comparison/AllTestData/Adobe_PDF_sample_a_1024x768_50Frms.264/h264enc.js:4914:7)
    at _emscripten_resize_heap (/home/test/workspace/openh264/test/encoder_binary_comparison/AllTestData/Adobe_PDF_sample_a_1024x768_50Frms.264/h264enc.js:4919:7)
    at wasm://wasm/00265406:wasm-function[1133]:0x705f0
    at wasm://wasm/00265406:wasm-function[1121]:0x6e28d
    at wasm://wasm/00265406:wasm-function[775]:0x60eb2
    at wasm://wasm/00265406:wasm-function[357]:0x2e8f3
    at wasm://wasm/00265406:wasm-function[363]:0x2f261
    at wasm://wasm/00265406:wasm-function[555]:0x407f3
    at wasm://wasm/00265406:wasm-function[554]:0x405bd   [0m
[31m    Failed! Adobe_PDF_sample_a_1024x768_50Frms.264_x.yuv Case Index 835:SHA-1(Current--Benchmark): NULL-----f0a5c4fe9f021768836c037fffb580430cfe9c84  [0m
[31m            ----YUVSHA1:  NULL,  9aa9a4d9598eb3e1093311826844f37c43e4c521  [0m
[31m           Aborted(Cannot enlarge memory arrays to size 19128320 bytes (OOM). Either (1) compile with -sINITIAL_MEMORY=X with X higher than the current value 16777216, (2) compile with -sALLOW_MEMORY_GROWTH which allows increasing the size at runtime, or (3) if you want malloc to return NULL (0) instead of this abort, compile with -sABORTING_MALLOC=0)
/home/test/workspace/openh264/test/encoder_binary_comparison/AllTestData/Adobe_PDF_sample_a_1024x768_50Frms.264/h264enc.js:167
      throw ex;
      ^

RuntimeError: Aborted(Cannot enlarge memory arrays to size 19128320 bytes (OOM). Either (1) compile with -sINITIAL_MEMORY=X with X higher than the current value 16777216, (2) compile with -sALLOW_MEMORY_GROWTH which allows increasing the size at runtime, or (3) if you want malloc to return NULL (0) instead of this abort, compile with -sABORTING_MALLOC=0)
    at abort (/home/test/workspace/openh264/test/encoder_binary_comparison/AllTestData/Adobe_PDF_sample_a_1024x768_50Frms.264/h264enc.js:1031:11)
    at abortOnCannotGrowMemory (/home/test/workspace/openh264/test/encoder_binary_comparison/AllTestData/Adobe_PDF_sample_a_1024x768_50Frms.264/h264enc.js:4914:7)
    at _emscripten_resize_heap (/home/test/workspace/openh264/test/encoder_binary_comparison/AllTestData/Adobe_PDF_sample_a_1024x768_50Frms.264/h264enc.js:4919:7)
    at wasm://wasm/00265406:wasm-function[1133]:0x705f0
    at wasm://wasm/00265406:wasm-function[1121]:0x6e28d
    at wasm://wasm/00265406:wasm-function[775]:0x60eb2
    at wasm://wasm/00265406:wasm-function[357]:0x2e8f3
    at wasm://wasm/00265406:wasm-function[363]:0x2f261
    at wasm://wasm/00265406:wasm-function[555]:0x407f3
    at wasm://wasm/00265406:wasm-function[554]:0x405bd   [0m
[31m    Failed! Adobe_PDF_sample_a_1024x768_50Frms.264_x.yuv Case Index 836:SHA-1(Current--Benchmark): NULL-----f0a5c4fe9f021768836c037fffb580430cfe9c84  [0m
[31m            ----YUVSHA1:  NULL,  9aa9a4d9598eb3e1093311826844f37c43e4c521  [0m
[31m           Aborted(Cannot enlarge memory arrays to size 19128320 bytes (OOM). Either (1) compile with -sINITIAL_MEMORY=X with X higher than the current value 16777216, (2) compile with -sALLOW_MEMORY_GROWTH which allows increasing the size at runtime, or (3) if you want malloc to return NULL (0) instead of this abort, compile with -sABORTING_MALLOC=0)
/home/test/workspace/openh264/test/encoder_binary_comparison/AllTestData/Adobe_PDF_sample_a_1024x768_50Frms.264/h264enc.js:167
      throw ex;
      ^

RuntimeError: Aborted(Cannot enlarge memory arrays to size 19128320 bytes (OOM). Either (1) compile with -sINITIAL_MEMORY=X with X higher than the current value 16777216, (2) compile with -sALLOW_MEMORY_GROWTH which allows increasing the size at runtime, or (3) if you want malloc to return NULL (0) instead of this abort, compile with -sABORTING_MALLOC=0)
    at abort (/home/test/workspace/openh264/test/encoder_binary_comparison/AllTestData/Adobe_PDF_sample_a_1024x768_50Frms.264/h264enc.js:1031:11)
    at abortOnCannotGrowMemory (/home/test/workspace/openh264/test/encoder_binary_comparison/AllTestData/Adobe_PDF_sample_a_1024x768_50Frms.264/h264enc.js:4914:7)
    at _emscripten_resize_heap (/home/test/workspace/openh264/test/encoder_binary_comparison/AllTestData/Adobe_PDF_sample_a_1024x768_50Frms.264/h264enc.js:4919:7)
    at wasm://wasm/00265406:wasm-function[1133]:0x705f0
    at wasm://wasm/00265406:wasm-function[1121]:0x6e28d
    at wasm://wasm/00265406:wasm-function[775]:0x60eb2
    at wasm://wasm/00265406:wasm-function[357]:0x2e8f3
    at wasm://wasm/00265406:wasm-function[363]:0x2f261
    at wasm://wasm/00265406:wasm-function[555]:0x407f3
    at wasm://wasm/00265406:wasm-function[554]:0x405bd   [0m
[31m    Failed! Adobe_PDF_sample_a_1024x768_50Frms.264_x.yuv Case Index 837:SHA-1(Current--Benchmark): NULL-----f0a5c4fe9f021768836c037fffb580430cfe9c84  [0m
[31m            ----YUVSHA1:  NULL,  9aa9a4d9598eb3e1093311826844f37c43e4c521  [0m
[31m           Aborted(Cannot enlarge memory arrays to size 19128320 bytes (OOM). Either (1) compile with -sINITIAL_MEMORY=X with X higher than the current value 16777216, (2) compile with -sALLOW_MEMORY_GROWTH which allows increasing the size at runtime, or (3) if you want malloc to return NULL (0) instead of this abort, compile with -sABORTING_MALLOC=0)
/home/test/workspace/openh264/test/encoder_binary_comparison/AllTestData/Adobe_PDF_sample_a_1024x768_50Frms.264/h264enc.js:167
      throw ex;
      ^

RuntimeError: Aborted(Cannot enlarge memory arrays to size 19128320 bytes (OOM). Either (1) compile with -sINITIAL_MEMORY=X with X higher than the current value 16777216, (2) compile with -sALLOW_MEMORY_GROWTH which allows increasing the size at runtime, or (3) if you want malloc to return NULL (0) instead of this abort, compile with -sABORTING_MALLOC=0)
    at abort (/home/test/workspace/openh264/test/encoder_binary_comparison/AllTestData/Adobe_PDF_sample_a_1024x768_50Frms.264/h264enc.js:1031:11)
    at abortOnCannotGrowMemory (/home/test/workspace/openh264/test/encoder_binary_comparison/AllTestData/Adobe_PDF_sample_a_1024x768_50Frms.264/h264enc.js:4914:7)
    at _emscripten_resize_heap (/home/test/workspace/openh264/test/encoder_binary_comparison/AllTestData/Adobe_PDF_sample_a_1024x768_50Frms.264/h264enc.js:4919:7)
    at wasm://wasm/00265406:wasm-function[1133]:0x705f0
    at wasm://wasm/00265406:wasm-function[1121]:0x6e28d
    at wasm://wasm/00265406:wasm-function[775]:0x60eb2
    at wasm://wasm/00265406:wasm-function[357]:0x2e8f3
    at wasm://wasm/00265406:wasm-function[363]:0x2f261
    at wasm://wasm/00265406:wasm-function[555]:0x407f3
    at wasm://wasm/00265406:wasm-function[554]:0x405bd   [0m
[31m    Failed! Adobe_PDF_sample_a_1024x768_50Frms.264_x.yuv Case Index 838:SHA-1(Current--Benchmark): NULL-----f0a5c4fe9f021768836c037fffb580430cfe9c84  [0m
[31m            ----YUVSHA1:  NULL,  9aa9a4d9598eb3e1093311826844f37c43e4c521  [0m
[31m           Aborted(Cannot enlarge memory arrays to size 19128320 bytes (OOM). Either (1) compile with -sINITIAL_MEMORY=X with X higher than the current value 16777216, (2) compile with -sALLOW_MEMORY_GROWTH which allows increasing the size at runtime, or (3) if you want malloc to return NULL (0) instead of this abort, compile with -sABORTING_MALLOC=0)
/home/test/workspace/openh264/test/encoder_binary_comparison/AllTestData/Adobe_PDF_sample_a_1024x768_50Frms.264/h264enc.js:167
      throw ex;
      ^

RuntimeError: Aborted(Cannot enlarge memory arrays to size 19128320 bytes (OOM). Either (1) compile with -sINITIAL_MEMORY=X with X higher than the current value 16777216, (2) compile with -sALLOW_MEMORY_GROWTH which allows increasing the size at runtime, or (3) if you want malloc to return NULL (0) instead of this abort, compile with -sABORTING_MALLOC=0)
    at abort (/home/test/workspace/openh264/test/encoder_binary_comparison/AllTestData/Adobe_PDF_sample_a_1024x768_50Frms.264/h264enc.js:1031:11)
    at abortOnCannotGrowMemory (/home/test/workspace/openh264/test/encoder_binary_comparison/AllTestData/Adobe_PDF_sample_a_1024x768_50Frms.264/h264enc.js:4914:7)
    at _emscripten_resize_heap (/home/test/workspace/openh264/test/encoder_binary_comparison/AllTestData/Adobe_PDF_sample_a_1024x768_50Frms.264/h264enc.js:4919:7)
    at wasm://wasm/00265406:wasm-function[1133]:0x705f0
    at wasm://wasm/00265406:wasm-function[1121]:0x6e28d
    at wasm://wasm/00265406:wasm-function[775]:0x60eb2
    at wasm://wasm/00265406:wasm-function[357]:0x2e8f3
    at wasm://wasm/00265406:wasm-function[363]:0x2f261
    at wasm://wasm/00265406:wasm-function[555]:0x407f3
    at wasm://wasm/00265406:wasm-function[554]:0x405bd   [0m
[31m    Failed! Adobe_PDF_sample_a_1024x768_50Frms.264_x.yuv Case Index 839:SHA-1(Current--Benchmark): NULL-----f0a5c4fe9f021768836c037fffb580430cfe9c84  [0m
[31m            ----YUVSHA1:  NULL,  9aa9a4d9598eb3e1093311826844f37c43e4c521  [0m
[31m           Aborted(Cannot enlarge memory arrays to size 19128320 bytes (OOM). Either (1) compile with -sINITIAL_MEMORY=X with X higher than the current value 16777216, (2) compile with -sALLOW_MEMORY_GROWTH which allows increasing the size at runtime, or (3) if you want malloc to return NULL (0) instead of this abort, compile with -sABORTING_MALLOC=0)
/home/test/workspace/openh264/test/encoder_binary_comparison/AllTestData/Adobe_PDF_sample_a_1024x768_50Frms.264/h264enc.js:167
      throw ex;
      ^

RuntimeError: Aborted(Cannot enlarge memory arrays to size 19128320 bytes (OOM). Either (1) compile with -sINITIAL_MEMORY=X with X higher than the current value 16777216, (2) compile with -sALLOW_MEMORY_GROWTH which allows increasing the size at runtime, or (3) if you want malloc to return NULL (0) instead of this abort, compile with -sABORTING_MALLOC=0)
    at abort (/home/test/workspace/openh264/test/encoder_binary_comparison/AllTestData/Adobe_PDF_sample_a_1024x768_50Frms.264/h264enc.js:1031:11)
    at abortOnCannotGrowMemory (/home/test/workspace/openh264/test/encoder_binary_comparison/AllTestData/Adobe_PDF_sample_a_1024x768_50Frms.264/h264enc.js:4914:7)
    at _emscripten_resize_heap (/home/test/workspace/openh264/test/encoder_binary_comparison/AllTestData/Adobe_PDF_sample_a_1024x768_50Frms.264/h264enc.js:4919:7)
    at wasm://wasm/00265406:wasm-function[1133]:0x705f0
    at wasm://wasm/00265406:wasm-function[1121]:0x6e28d
    at wasm://wasm/00265406:wasm-function[775]:0x60eb2
    at wasm://wasm/00265406:wasm-function[357]:0x2e8f3
    at wasm://wasm/00265406:wasm-function[363]:0x2f261
    at wasm://wasm/00265406:wasm-function[555]:0x407f3
    at wasm://wasm/00265406:wasm-function[554]:0x405bd   [0m
[31m    Failed! Adobe_PDF_sample_a_1024x768_50Frms.264_x.yuv Case Index 840:SHA-1(Current--Benchmark): NULL-----f0a5c4fe9f021768836c037fffb580430cfe9c84  [0m
[31m            ----YUVSHA1:  NULL,  9aa9a4d9598eb3e1093311826844f37c43e4c521  [0m
[31m           Aborted(Cannot enlarge memory arrays to size 19128320 bytes (OOM). Either (1) compile with -sINITIAL_MEMORY=X with X higher than the current value 16777216, (2) compile with -sALLOW_MEMORY_GROWTH which allows increasing the size at runtime, or (3) if you want malloc to return NULL (0) instead of this abort, compile with -sABORTING_MALLOC=0)
/home/test/workspace/openh264/test/encoder_binary_comparison/AllTestData/Adobe_PDF_sample_a_1024x768_50Frms.264/h264enc.js:167
      throw ex;
      ^

RuntimeError: Aborted(Cannot enlarge memory arrays to size 19128320 bytes (OOM). Either (1) compile with -sINITIAL_MEMORY=X with X higher than the current value 16777216, (2) compile with -sALLOW_MEMORY_GROWTH which allows increasing the size at runtime, or (3) if you want malloc to return NULL (0) instead of this abort, compile with -sABORTING_MALLOC=0)
    at abort (/home/test/workspace/openh264/test/encoder_binary_comparison/AllTestData/Adobe_PDF_sample_a_1024x768_50Frms.264/h264enc.js:1031:11)
    at abortOnCannotGrowMemory (/home/test/workspace/openh264/test/encoder_binary_comparison/AllTestData/Adobe_PDF_sample_a_1024x768_50Frms.264/h264enc.js:4914:7)
    at _emscripten_resize_heap (/home/test/workspace/openh264/test/encoder_binary_comparison/AllTestData/Adobe_PDF_sample_a_1024x768_50Frms.264/h264enc.js:4919:7)
    at wasm://wasm/00265406:wasm-function[1133]:0x705f0
    at wasm://wasm/00265406:wasm-function[1121]:0x6e28d
    at wasm://wasm/00265406:wasm-function[775]:0x60eb2
    at wasm://wasm/00265406:wasm-function[357]:0x2e8f3
    at wasm://wasm/00265406:wasm-function[363]:0x2f261
    at wasm://wasm/00265406:wasm-function[555]:0x407f3
    at wasm://wasm/00265406:wasm-function[554]:0x405bd   [0m
[31m    Failed! Adobe_PDF_sample_a_1024x768_50Frms.264_x.yuv Case Index 841:SHA-1(Current--Benchmark): NULL-----f0a5c4fe9f021768836c037fffb580430cfe9c84  [0m
[31m            ----YUVSHA1:  NULL,  9aa9a4d9598eb3e1093311826844f37c43e4c521  [0m
[31m           Aborted(Cannot enlarge memory arrays to size 19128320 bytes (OOM). Either (1) compile with -sINITIAL_MEMORY=X with X higher than the current value 16777216, (2) compile with -sALLOW_MEMORY_GROWTH which allows increasing the size at runtime, or (3) if you want malloc to return NULL (0) instead of this abort, compile with -sABORTING_MALLOC=0)
/home/test/workspace/openh264/test/encoder_binary_comparison/AllTestData/Adobe_PDF_sample_a_1024x768_50Frms.264/h264enc.js:167
      throw ex;
      ^

RuntimeError: Aborted(Cannot enlarge memory arrays to size 19128320 bytes (OOM). Either (1) compile with -sINITIAL_MEMORY=X with X higher than the current value 16777216, (2) compile with -sALLOW_MEMORY_GROWTH which allows increasing the size at runtime, or (3) if you want malloc to return NULL (0) instead of this abort, compile with -sABORTING_MALLOC=0)
    at abort (/home/test/workspace/openh264/test/encoder_binary_comparison/AllTestData/Adobe_PDF_sample_a_1024x768_50Frms.264/h264enc.js:1031:11)
    at abortOnCannotGrowMemory (/home/test/workspace/openh264/test/encoder_binary_comparison/AllTestData/Adobe_PDF_sample_a_1024x768_50Frms.264/h264enc.js:4914:7)
    at _emscripten_resize_heap (/home/test/workspace/openh264/test/encoder_binary_comparison/AllTestData/Adobe_PDF_sample_a_1024x768_50Frms.264/h264enc.js:4919:7)
    at wasm://wasm/00265406:wasm-function[1133]:0x705f0
    at wasm://wasm/00265406:wasm-function[1121]:0x6e28d
    at wasm://wasm/00265406:wasm-function[775]:0x60eb2
    at wasm://wasm/00265406:wasm-function[357]:0x2e8f3
    at wasm://wasm/00265406:wasm-function[363]:0x2f261
    at wasm://wasm/00265406:wasm-function[555]:0x407f3
    at wasm://wasm/00265406:wasm-function[554]:0x405bd   [0m
[31m    Failed! Adobe_PDF_sample_a_1024x768_50Frms.264_x.yuv Case Index 842:SHA-1(Current--Benchmark): NULL-----f0a5c4fe9f021768836c037fffb580430cfe9c84  [0m
[31m            ----YUVSHA1:  NULL,  9aa9a4d9598eb3e1093311826844f37c43e4c521  [0m
[31m           Aborted(Cannot enlarge memory arrays to size 19128320 bytes (OOM). Either (1) compile with -sINITIAL_MEMORY=X with X higher than the current value 16777216, (2) compile with -sALLOW_MEMORY_GROWTH which allows increasing the size at runtime, or (3) if you want malloc to return NULL (0) instead of this abort, compile with -sABORTING_MALLOC=0)
/home/test/workspace/openh264/test/encoder_binary_comparison/AllTestData/Adobe_PDF_sample_a_1024x768_50Frms.264/h264enc.js:167
      throw ex;
      ^

RuntimeError: Aborted(Cannot enlarge memory arrays to size 19128320 bytes (OOM). Either (1) compile with -sINITIAL_MEMORY=X with X higher than the current value 16777216, (2) compile with -sALLOW_MEMORY_GROWTH which allows increasing the size at runtime, or (3) if you want malloc to return NULL (0) instead of this abort, compile with -sABORTING_MALLOC=0)
    at abort (/home/test/workspace/openh264/test/encoder_binary_comparison/AllTestData/Adobe_PDF_sample_a_1024x768_50Frms.264/h264enc.js:1031:11)
    at abortOnCannotGrowMemory (/home/test/workspace/openh264/test/encoder_binary_comparison/AllTestData/Adobe_PDF_sample_a_1024x768_50Frms.264/h264enc.js:4914:7)
    at _emscripten_resize_heap (/home/test/workspace/openh264/test/encoder_binary_comparison/AllTestData/Adobe_PDF_sample_a_1024x768_50Frms.264/h264enc.js:4919:7)
    at wasm://wasm/00265406:wasm-function[1133]:0x705f0
    at wasm://wasm/00265406:wasm-function[1121]:0x6e28d
    at wasm://wasm/00265406:wasm-function[775]:0x60eb2
    at wasm://wasm/00265406:wasm-function[357]:0x2e8f3
    at wasm://wasm/00265406:wasm-function[363]:0x2f261
    at wasm://wasm/00265406:wasm-function[555]:0x407f3
    at wasm://wasm/00265406:wasm-function[554]:0x405bd   [0m
[31m    Failed! Adobe_PDF_sample_a_1024x768_50Frms.264_x.yuv Case Index 843:SHA-1(Current--Benchmark): NULL-----f0a5c4fe9f021768836c037fffb580430cfe9c84  [0m
[31m            ----YUVSHA1:  NULL,  9aa9a4d9598eb3e1093311826844f37c43e4c521  [0m
[31m           Aborted(Cannot enlarge memory arrays to size 19128320 bytes (OOM). Either (1) compile with -sINITIAL_MEMORY=X with X higher than the current value 16777216, (2) compile with -sALLOW_MEMORY_GROWTH which allows increasing the size at runtime, or (3) if you want malloc to return NULL (0) instead of this abort, compile with -sABORTING_MALLOC=0)
/home/test/workspace/openh264/test/encoder_binary_comparison/AllTestData/Adobe_PDF_sample_a_1024x768_50Frms.264/h264enc.js:167
      throw ex;
      ^

RuntimeError: Aborted(Cannot enlarge memory arrays to size 19128320 bytes (OOM). Either (1) compile with -sINITIAL_MEMORY=X with X higher than the current value 16777216, (2) compile with -sALLOW_MEMORY_GROWTH which allows increasing the size at runtime, or (3) if you want malloc to return NULL (0) instead of this abort, compile with -sABORTING_MALLOC=0)
    at abort (/home/test/workspace/openh264/test/encoder_binary_comparison/AllTestData/Adobe_PDF_sample_a_1024x768_50Frms.264/h264enc.js:1031:11)
    at abortOnCannotGrowMemory (/home/test/workspace/openh264/test/encoder_binary_comparison/AllTestData/Adobe_PDF_sample_a_1024x768_50Frms.264/h264enc.js:4914:7)
    at _emscripten_resize_heap (/home/test/workspace/openh264/test/encoder_binary_comparison/AllTestData/Adobe_PDF_sample_a_1024x768_50Frms.264/h264enc.js:4919:7)
    at wasm://wasm/00265406:wasm-function[1133]:0x705f0
    at wasm://wasm/00265406:wasm-function[1121]:0x6e28d
    at wasm://wasm/00265406:wasm-function[775]:0x60eb2
    at wasm://wasm/00265406:wasm-function[357]:0x2e8f3
    at wasm://wasm/00265406:wasm-function[363]:0x2f261
    at wasm://wasm/00265406:wasm-function[555]:0x407f3
    at wasm://wasm/00265406:wasm-function[554]:0x405bd   [0m
[31m    Failed! Adobe_PDF_sample_a_1024x768_50Frms.264_x.yuv Case Index 844:SHA-1(Current--Benchmark): NULL-----f0a5c4fe9f021768836c037fffb580430cfe9c84  [0m
[31m            ----YUVSHA1:  NULL,  9aa9a4d9598eb3e1093311826844f37c43e4c521  [0m
[31m           Aborted(Cannot enlarge memory arrays to size 19128320 bytes (OOM). Either (1) compile with -sINITIAL_MEMORY=X with X higher than the current value 16777216, (2) compile with -sALLOW_MEMORY_GROWTH which allows increasing the size at runtime, or (3) if you want malloc to return NULL (0) instead of this abort, compile with -sABORTING_MALLOC=0)
/home/test/workspace/openh264/test/encoder_binary_comparison/AllTestData/Adobe_PDF_sample_a_1024x768_50Frms.264/h264enc.js:167
      throw ex;
      ^

RuntimeError: Aborted(Cannot enlarge memory arrays to size 19128320 bytes (OOM). Either (1) compile with -sINITIAL_MEMORY=X with X higher than the current value 16777216, (2) compile with -sALLOW_MEMORY_GROWTH which allows increasing the size at runtime, or (3) if you want malloc to return NULL (0) instead of this abort, compile with -sABORTING_MALLOC=0)
    at abort (/home/test/workspace/openh264/test/encoder_binary_comparison/AllTestData/Adobe_PDF_sample_a_1024x768_50Frms.264/h264enc.js:1031:11)
    at abortOnCannotGrowMemory (/home/test/workspace/openh264/test/encoder_binary_comparison/AllTestData/Adobe_PDF_sample_a_1024x768_50Frms.264/h264enc.js:4914:7)
    at _emscripten_resize_heap (/home/test/workspace/openh264/test/encoder_binary_comparison/AllTestData/Adobe_PDF_sample_a_1024x768_50Frms.264/h264enc.js:4919:7)
    at wasm://wasm/00265406:wasm-function[1133]:0x705f0
    at wasm://wasm/00265406:wasm-function[1121]:0x6e28d
    at wasm://wasm/00265406:wasm-function[775]:0x60eb2
    at wasm://wasm/00265406:wasm-function[357]:0x2e8f3
    at wasm://wasm/00265406:wasm-function[363]:0x2f261
    at wasm://wasm/00265406:wasm-function[555]:0x407f3
    at wasm://wasm/00265406:wasm-function[554]:0x405bd   [0m
[31m    Failed! Adobe_PDF_sample_a_1024x768_50Frms.264_x.yuv Case Index 845:SHA-1(Current--Benchmark): NULL-----f0a5c4fe9f021768836c037fffb580430cfe9c84  [0m
[31m            ----YUVSHA1:  NULL,  9aa9a4d9598eb3e1093311826844f37c43e4c521  [0m
[31m           Aborted(Cannot enlarge memory arrays to size 19128320 bytes (OOM). Either (1) compile with -sINITIAL_MEMORY=X with X higher than the current value 16777216, (2) compile with -sALLOW_MEMORY_GROWTH which allows increasing the size at runtime, or (3) if you want malloc to return NULL (0) instead of this abort, compile with -sABORTING_MALLOC=0)
/home/test/workspace/openh264/test/encoder_binary_comparison/AllTestData/Adobe_PDF_sample_a_1024x768_50Frms.264/h264enc.js:167
      throw ex;
      ^

RuntimeError: Aborted(Cannot enlarge memory arrays to size 19128320 bytes (OOM). Either (1) compile with -sINITIAL_MEMORY=X with X higher than the current value 16777216, (2) compile with -sALLOW_MEMORY_GROWTH which allows increasing the size at runtime, or (3) if you want malloc to return NULL (0) instead of this abort, compile with -sABORTING_MALLOC=0)
    at abort (/home/test/workspace/openh264/test/encoder_binary_comparison/AllTestData/Adobe_PDF_sample_a_1024x768_50Frms.264/h264enc.js:1031:11)
    at abortOnCannotGrowMemory (/home/test/workspace/openh264/test/encoder_binary_comparison/AllTestData/Adobe_PDF_sample_a_1024x768_50Frms.264/h264enc.js:4914:7)
    at _emscripten_resize_heap (/home/test/workspace/openh264/test/encoder_binary_comparison/AllTestData/Adobe_PDF_sample_a_1024x768_50Frms.264/h264enc.js:4919:7)
    at wasm://wasm/00265406:wasm-function[1133]:0x705f0
    at wasm://wasm/00265406:wasm-function[1121]:0x6e28d
    at wasm://wasm/00265406:wasm-function[775]:0x60eb2
    at wasm://wasm/00265406:wasm-function[357]:0x2e8f3
    at wasm://wasm/00265406:wasm-function[363]:0x2f261
    at wasm://wasm/00265406:wasm-function[555]:0x407f3
    at wasm://wasm/00265406:wasm-function[554]:0x405bd   [0m
[31m    Failed! Adobe_PDF_sample_a_1024x768_50Frms.264_x.yuv Case Index 846:SHA-1(Current--Benchmark): NULL-----f0a5c4fe9f021768836c037fffb580430cfe9c84  [0m
[31m            ----YUVSHA1:  NULL,  9aa9a4d9598eb3e1093311826844f37c43e4c521  [0m
[31m           Aborted(Cannot enlarge memory arrays to size 19128320 bytes (OOM). Either (1) compile with -sINITIAL_MEMORY=X with X higher than the current value 16777216, (2) compile with -sALLOW_MEMORY_GROWTH which allows increasing the size at runtime, or (3) if you want malloc to return NULL (0) instead of this abort, compile with -sABORTING_MALLOC=0)
/home/test/workspace/openh264/test/encoder_binary_comparison/AllTestData/Adobe_PDF_sample_a_1024x768_50Frms.264/h264enc.js:167
      throw ex;
      ^

RuntimeError: Aborted(Cannot enlarge memory arrays to size 19128320 bytes (OOM). Either (1) compile with -sINITIAL_MEMORY=X with X higher than the current value 16777216, (2) compile with -sALLOW_MEMORY_GROWTH which allows increasing the size at runtime, or (3) if you want malloc to return NULL (0) instead of this abort, compile with -sABORTING_MALLOC=0)
    at abort (/home/test/workspace/openh264/test/encoder_binary_comparison/AllTestData/Adobe_PDF_sample_a_1024x768_50Frms.264/h264enc.js:1031:11)
    at abortOnCannotGrowMemory (/home/test/workspace/openh264/test/encoder_binary_comparison/AllTestData/Adobe_PDF_sample_a_1024x768_50Frms.264/h264enc.js:4914:7)
    at _emscripten_resize_heap (/home/test/workspace/openh264/test/encoder_binary_comparison/AllTestData/Adobe_PDF_sample_a_1024x768_50Frms.264/h264enc.js:4919:7)
    at wasm://wasm/00265406:wasm-function[1133]:0x705f0
    at wasm://wasm/00265406:wasm-function[1121]:0x6e28d
    at wasm://wasm/00265406:wasm-function[775]:0x60eb2
    at wasm://wasm/00265406:wasm-function[357]:0x2e8f3
    at wasm://wasm/00265406:wasm-function[363]:0x2f261
    at wasm://wasm/00265406:wasm-function[555]:0x407f3
    at wasm://wasm/00265406:wasm-function[554]:0x405bd   [0m
[31m    Failed! Adobe_PDF_sample_a_1024x768_50Frms.264_x.yuv Case Index 847:SHA-1(Current--Benchmark): NULL-----f0a5c4fe9f021768836c037fffb580430cfe9c84  [0m
[31m            ----YUVSHA1:  NULL,  9aa9a4d9598eb3e1093311826844f37c43e4c521  [0m
[31m           Aborted(Cannot enlarge memory arrays to size 19128320 bytes (OOM). Either (1) compile with -sINITIAL_MEMORY=X with X higher than the current value 16777216, (2) compile with -sALLOW_MEMORY_GROWTH which allows increasing the size at runtime, or (3) if you want malloc to return NULL (0) instead of this abort, compile with -sABORTING_MALLOC=0)
/home/test/workspace/openh264/test/encoder_binary_comparison/AllTestData/Adobe_PDF_sample_a_1024x768_50Frms.264/h264enc.js:167
      throw ex;
      ^

RuntimeError: Aborted(Cannot enlarge memory arrays to size 19128320 bytes (OOM). Either (1) compile with -sINITIAL_MEMORY=X with X higher than the current value 16777216, (2) compile with -sALLOW_MEMORY_GROWTH which allows increasing the size at runtime, or (3) if you want malloc to return NULL (0) instead of this abort, compile with -sABORTING_MALLOC=0)
    at abort (/home/test/workspace/openh264/test/encoder_binary_comparison/AllTestData/Adobe_PDF_sample_a_1024x768_50Frms.264/h264enc.js:1031:11)
    at abortOnCannotGrowMemory (/home/test/workspace/openh264/test/encoder_binary_comparison/AllTestData/Adobe_PDF_sample_a_1024x768_50Frms.264/h264enc.js:4914:7)
    at _emscripten_resize_heap (/home/test/workspace/openh264/test/encoder_binary_comparison/AllTestData/Adobe_PDF_sample_a_1024x768_50Frms.264/h264enc.js:4919:7)
    at wasm://wasm/00265406:wasm-function[1133]:0x705f0
    at wasm://wasm/00265406:wasm-function[1121]:0x6e28d
    at wasm://wasm/00265406:wasm-function[775]:0x60eb2
    at wasm://wasm/00265406:wasm-function[357]:0x2e8f3
    at wasm://wasm/00265406:wasm-function[363]:0x2f261
    at wasm://wasm/00265406:wasm-function[555]:0x407f3
    at wasm://wasm/00265406:wasm-function[554]:0x405bd   [0m
[31m    Failed! Adobe_PDF_sample_a_1024x768_50Frms.264_x.yuv Case Index 848:SHA-1(Current--Benchmark): NULL-----f0a5c4fe9f021768836c037fffb580430cfe9c84  [0m
[31m            ----YUVSHA1:  NULL,  9aa9a4d9598eb3e1093311826844f37c43e4c521  [0m
[31m           Aborted(Cannot enlarge memory arrays to size 19128320 bytes (OOM). Either (1) compile with -sINITIAL_MEMORY=X with X higher than the current value 16777216, (2) compile with -sALLOW_MEMORY_GROWTH which allows increasing the size at runtime, or (3) if you want malloc to return NULL (0) instead of this abort, compile with -sABORTING_MALLOC=0)
/home/test/workspace/openh264/test/encoder_binary_comparison/AllTestData/Adobe_PDF_sample_a_1024x768_50Frms.264/h264enc.js:167
      throw ex;
      ^

RuntimeError: Aborted(Cannot enlarge memory arrays to size 19128320 bytes (OOM). Either (1) compile with -sINITIAL_MEMORY=X with X higher than the current value 16777216, (2) compile with -sALLOW_MEMORY_GROWTH which allows increasing the size at runtime, or (3) if you want malloc to return NULL (0) instead of this abort, compile with -sABORTING_MALLOC=0)
    at abort (/home/test/workspace/openh264/test/encoder_binary_comparison/AllTestData/Adobe_PDF_sample_a_1024x768_50Frms.264/h264enc.js:1031:11)
    at abortOnCannotGrowMemory (/home/test/workspace/openh264/test/encoder_binary_comparison/AllTestData/Adobe_PDF_sample_a_1024x768_50Frms.264/h264enc.js:4914:7)
    at _emscripten_resize_heap (/home/test/workspace/openh264/test/encoder_binary_comparison/AllTestData/Adobe_PDF_sample_a_1024x768_50Frms.264/h264enc.js:4919:7)
    at wasm://wasm/00265406:wasm-function[1133]:0x705f0
    at wasm://wasm/00265406:wasm-function[1121]:0x6e28d
    at wasm://wasm/00265406:wasm-function[775]:0x60eb2
    at wasm://wasm/00265406:wasm-function[357]:0x2e8f3
    at wasm://wasm/00265406:wasm-function[363]:0x2f261
    at wasm://wasm/00265406:wasm-function[555]:0x407f3
    at wasm://wasm/00265406:wasm-function[554]:0x405bd   [0m
[31m    Failed! Adobe_PDF_sample_a_1024x768_50Frms.264_x.yuv Case Index 849:SHA-1(Current--Benchmark): NULL-----f0a5c4fe9f021768836c037fffb580430cfe9c84  [0m
[31m            ----YUVSHA1:  NULL,  9aa9a4d9598eb3e1093311826844f37c43e4c521  [0m
[31m           Aborted(Cannot enlarge memory arrays to size 19128320 bytes (OOM). Either (1) compile with -sINITIAL_MEMORY=X with X higher than the current value 16777216, (2) compile with -sALLOW_MEMORY_GROWTH which allows increasing the size at runtime, or (3) if you want malloc to return NULL (0) instead of this abort, compile with -sABORTING_MALLOC=0)
/home/test/workspace/openh264/test/encoder_binary_comparison/AllTestData/Adobe_PDF_sample_a_1024x768_50Frms.264/h264enc.js:167
      throw ex;
      ^

RuntimeError: Aborted(Cannot enlarge memory arrays to size 19128320 bytes (OOM). Either (1) compile with -sINITIAL_MEMORY=X with X higher than the current value 16777216, (2) compile with -sALLOW_MEMORY_GROWTH which allows increasing the size at runtime, or (3) if you want malloc to return NULL (0) instead of this abort, compile with -sABORTING_MALLOC=0)
    at abort (/home/test/workspace/openh264/test/encoder_binary_comparison/AllTestData/Adobe_PDF_sample_a_1024x768_50Frms.264/h264enc.js:1031:11)
    at abortOnCannotGrowMemory (/home/test/workspace/openh264/test/encoder_binary_comparison/AllTestData/Adobe_PDF_sample_a_1024x768_50Frms.264/h264enc.js:4914:7)
    at _emscripten_resize_heap (/home/test/workspace/openh264/test/encoder_binary_comparison/AllTestData/Adobe_PDF_sample_a_1024x768_50Frms.264/h264enc.js:4919:7)
    at wasm://wasm/00265406:wasm-function[1133]:0x705f0
    at wasm://wasm/00265406:wasm-function[1121]:0x6e28d
    at wasm://wasm/00265406:wasm-function[775]:0x60eb2
    at wasm://wasm/00265406:wasm-function[357]:0x2e8f3
    at wasm://wasm/00265406:wasm-function[363]:0x2f261
    at wasm://wasm/00265406:wasm-function[555]:0x407f3
    at wasm://wasm/00265406:wasm-function[554]:0x405bd   [0m
[31m    Failed! Adobe_PDF_sample_a_1024x768_50Frms.264_x.yuv Case Index 850:SHA-1(Current--Benchmark): NULL-----f0a5c4fe9f021768836c037fffb580430cfe9c84  [0m
[31m            ----YUVSHA1:  NULL,  9aa9a4d9598eb3e1093311826844f37c43e4c521  [0m
[31m           Aborted(Cannot enlarge memory arrays to size 19128320 bytes (OOM). Either (1) compile with -sINITIAL_MEMORY=X with X higher than the current value 16777216, (2) compile with -sALLOW_MEMORY_GROWTH which allows increasing the size at runtime, or (3) if you want malloc to return NULL (0) instead of this abort, compile with -sABORTING_MALLOC=0)
/home/test/workspace/openh264/test/encoder_binary_comparison/AllTestData/Adobe_PDF_sample_a_1024x768_50Frms.264/h264enc.js:167
      throw ex;
      ^

RuntimeError: Aborted(Cannot enlarge memory arrays to size 19128320 bytes (OOM). Either (1) compile with -sINITIAL_MEMORY=X with X higher than the current value 16777216, (2) compile with -sALLOW_MEMORY_GROWTH which allows increasing the size at runtime, or (3) if you want malloc to return NULL (0) instead of this abort, compile with -sABORTING_MALLOC=0)
    at abort (/home/test/workspace/openh264/test/encoder_binary_comparison/AllTestData/Adobe_PDF_sample_a_1024x768_50Frms.264/h264enc.js:1031:11)
    at abortOnCannotGrowMemory (/home/test/workspace/openh264/test/encoder_binary_comparison/AllTestData/Adobe_PDF_sample_a_1024x768_50Frms.264/h264enc.js:4914:7)
    at _emscripten_resize_heap (/home/test/workspace/openh264/test/encoder_binary_comparison/AllTestData/Adobe_PDF_sample_a_1024x768_50Frms.264/h264enc.js:4919:7)
    at wasm://wasm/00265406:wasm-function[1133]:0x705f0
    at wasm://wasm/00265406:wasm-function[1121]:0x6e28d
    at wasm://wasm/00265406:wasm-function[775]:0x60eb2
    at wasm://wasm/00265406:wasm-function[357]:0x2e8f3
    at wasm://wasm/00265406:wasm-function[363]:0x2f261
    at wasm://wasm/00265406:wasm-function[555]:0x407f3
    at wasm://wasm/00265406:wasm-function[554]:0x405bd   [0m
[31m    Failed! Adobe_PDF_sample_a_1024x768_50Frms.264_x.yuv Case Index 851:SHA-1(Current--Benchmark): NULL-----f0a5c4fe9f021768836c037fffb580430cfe9c84  [0m
[31m            ----YUVSHA1:  NULL,  9aa9a4d9598eb3e1093311826844f37c43e4c521  [0m
[31m           Aborted(Cannot enlarge memory arrays to size 19128320 bytes (OOM). Either (1) compile with -sINITIAL_MEMORY=X with X higher than the current value 16777216, (2) compile with -sALLOW_MEMORY_GROWTH which allows increasing the size at runtime, or (3) if you want malloc to return NULL (0) instead of this abort, compile with -sABORTING_MALLOC=0)
/home/test/workspace/openh264/test/encoder_binary_comparison/AllTestData/Adobe_PDF_sample_a_1024x768_50Frms.264/h264enc.js:167
      throw ex;
      ^

RuntimeError: Aborted(Cannot enlarge memory arrays to size 19128320 bytes (OOM). Either (1) compile with -sINITIAL_MEMORY=X with X higher than the current value 16777216, (2) compile with -sALLOW_MEMORY_GROWTH which allows increasing the size at runtime, or (3) if you want malloc to return NULL (0) instead of this abort, compile with -sABORTING_MALLOC=0)
    at abort (/home/test/workspace/openh264/test/encoder_binary_comparison/AllTestData/Adobe_PDF_sample_a_1024x768_50Frms.264/h264enc.js:1031:11)
    at abortOnCannotGrowMemory (/home/test/workspace/openh264/test/encoder_binary_comparison/AllTestData/Adobe_PDF_sample_a_1024x768_50Frms.264/h264enc.js:4914:7)
    at _emscripten_resize_heap (/home/test/workspace/openh264/test/encoder_binary_comparison/AllTestData/Adobe_PDF_sample_a_1024x768_50Frms.264/h264enc.js:4919:7)
    at wasm://wasm/00265406:wasm-function[1133]:0x705f0
    at wasm://wasm/00265406:wasm-function[1121]:0x6e28d
    at wasm://wasm/00265406:wasm-function[775]:0x60eb2
    at wasm://wasm/00265406:wasm-function[357]:0x2e8f3
    at wasm://wasm/00265406:wasm-function[363]:0x2f261
    at wasm://wasm/00265406:wasm-function[555]:0x407f3
    at wasm://wasm/00265406:wasm-function[554]:0x405bd   [0m
[31m    Failed! Adobe_PDF_sample_a_1024x768_50Frms.264_x.yuv Case Index 852:SHA-1(Current--Benchmark): NULL-----f0a5c4fe9f021768836c037fffb580430cfe9c84  [0m
[31m            ----YUVSHA1:  NULL,  9aa9a4d9598eb3e1093311826844f37c43e4c521  [0m
[31m           Aborted(Cannot enlarge memory arrays to size 19128320 bytes (OOM). Either (1) compile with -sINITIAL_MEMORY=X with X higher than the current value 16777216, (2) compile with -sALLOW_MEMORY_GROWTH which allows increasing the size at runtime, or (3) if you want malloc to return NULL (0) instead of this abort, compile with -sABORTING_MALLOC=0)
/home/test/workspace/openh264/test/encoder_binary_comparison/AllTestData/Adobe_PDF_sample_a_1024x768_50Frms.264/h264enc.js:167
      throw ex;
      ^

RuntimeError: Aborted(Cannot enlarge memory arrays to size 19128320 bytes (OOM). Either (1) compile with -sINITIAL_MEMORY=X with X higher than the current value 16777216, (2) compile with -sALLOW_MEMORY_GROWTH which allows increasing the size at runtime, or (3) if you want malloc to return NULL (0) instead of this abort, compile with -sABORTING_MALLOC=0)
    at abort (/home/test/workspace/openh264/test/encoder_binary_comparison/AllTestData/Adobe_PDF_sample_a_1024x768_50Frms.264/h264enc.js:1031:11)
    at abortOnCannotGrowMemory (/home/test/workspace/openh264/test/encoder_binary_comparison/AllTestData/Adobe_PDF_sample_a_1024x768_50Frms.264/h264enc.js:4914:7)
    at _emscripten_resize_heap (/home/test/workspace/openh264/test/encoder_binary_comparison/AllTestData/Adobe_PDF_sample_a_1024x768_50Frms.264/h264enc.js:4919:7)
    at wasm://wasm/00265406:wasm-function[1133]:0x705f0
    at wasm://wasm/00265406:wasm-function[1121]:0x6e28d
    at wasm://wasm/00265406:wasm-function[775]:0x60eb2
    at wasm://wasm/00265406:wasm-function[357]:0x2e8f3
    at wasm://wasm/00265406:wasm-function[363]:0x2f261
    at wasm://wasm/00265406:wasm-function[555]:0x407f3
    at wasm://wasm/00265406:wasm-function[554]:0x405bd   [0m
[31m    Failed! Adobe_PDF_sample_a_1024x768_50Frms.264_x.yuv Case Index 853:SHA-1(Current--Benchmark): NULL-----f0a5c4fe9f021768836c037fffb580430cfe9c84  [0m
[31m            ----YUVSHA1:  NULL,  9aa9a4d9598eb3e1093311826844f37c43e4c521  [0m
[31m           Aborted(Cannot enlarge memory arrays to size 19128320 bytes (OOM). Either (1) compile with -sINITIAL_MEMORY=X with X higher than the current value 16777216, (2) compile with -sALLOW_MEMORY_GROWTH which allows increasing the size at runtime, or (3) if you want malloc to return NULL (0) instead of this abort, compile with -sABORTING_MALLOC=0)
/home/test/workspace/openh264/test/encoder_binary_comparison/AllTestData/Adobe_PDF_sample_a_1024x768_50Frms.264/h264enc.js:167
      throw ex;
      ^

RuntimeError: Aborted(Cannot enlarge memory arrays to size 19128320 bytes (OOM). Either (1) compile with -sINITIAL_MEMORY=X with X higher than the current value 16777216, (2) compile with -sALLOW_MEMORY_GROWTH which allows increasing the size at runtime, or (3) if you want malloc to return NULL (0) instead of this abort, compile with -sABORTING_MALLOC=0)
    at abort (/home/test/workspace/openh264/test/encoder_binary_comparison/AllTestData/Adobe_PDF_sample_a_1024x768_50Frms.264/h264enc.js:1031:11)
    at abortOnCannotGrowMemory (/home/test/workspace/openh264/test/encoder_binary_comparison/AllTestData/Adobe_PDF_sample_a_1024x768_50Frms.264/h264enc.js:4914:7)
    at _emscripten_resize_heap (/home/test/workspace/openh264/test/encoder_binary_comparison/AllTestData/Adobe_PDF_sample_a_1024x768_50Frms.264/h264enc.js:4919:7)
    at wasm://wasm/00265406:wasm-function[1133]:0x705f0
    at wasm://wasm/00265406:wasm-function[1121]:0x6e28d
    at wasm://wasm/00265406:wasm-function[775]:0x60eb2
    at wasm://wasm/00265406:wasm-function[357]:0x2e8f3
    at wasm://wasm/00265406:wasm-function[363]:0x2f261
    at wasm://wasm/00265406:wasm-function[555]:0x407f3
    at wasm://wasm/00265406:wasm-function[554]:0x405bd   [0m
[31m    Failed! Adobe_PDF_sample_a_1024x768_50Frms.264_x.yuv Case Index 854:SHA-1(Current--Benchmark): NULL-----f0a5c4fe9f021768836c037fffb580430cfe9c84  [0m
[31m            ----YUVSHA1:  NULL,  9aa9a4d9598eb3e1093311826844f37c43e4c521  [0m
[31m           Aborted(Cannot enlarge memory arrays to size 19128320 bytes (OOM). Either (1) compile with -sINITIAL_MEMORY=X with X higher than the current value 16777216, (2) compile with -sALLOW_MEMORY_GROWTH which allows increasing the size at runtime, or (3) if you want malloc to return NULL (0) instead of this abort, compile with -sABORTING_MALLOC=0)
/home/test/workspace/openh264/test/encoder_binary_comparison/AllTestData/Adobe_PDF_sample_a_1024x768_50Frms.264/h264enc.js:167
      throw ex;
      ^

RuntimeError: Aborted(Cannot enlarge memory arrays to size 19128320 bytes (OOM). Either (1) compile with -sINITIAL_MEMORY=X with X higher than the current value 16777216, (2) compile with -sALLOW_MEMORY_GROWTH which allows increasing the size at runtime, or (3) if you want malloc to return NULL (0) instead of this abort, compile with -sABORTING_MALLOC=0)
    at abort (/home/test/workspace/openh264/test/encoder_binary_comparison/AllTestData/Adobe_PDF_sample_a_1024x768_50Frms.264/h264enc.js:1031:11)
    at abortOnCannotGrowMemory (/home/test/workspace/openh264/test/encoder_binary_comparison/AllTestData/Adobe_PDF_sample_a_1024x768_50Frms.264/h264enc.js:4914:7)
    at _emscripten_resize_heap (/home/test/workspace/openh264/test/encoder_binary_comparison/AllTestData/Adobe_PDF_sample_a_1024x768_50Frms.264/h264enc.js:4919:7)
    at wasm://wasm/00265406:wasm-function[1133]:0x705f0
    at wasm://wasm/00265406:wasm-function[1121]:0x6e28d
    at wasm://wasm/00265406:wasm-function[775]:0x60eb2
    at wasm://wasm/00265406:wasm-function[357]:0x2e8f3
    at wasm://wasm/00265406:wasm-function[363]:0x2f261
    at wasm://wasm/00265406:wasm-function[555]:0x407f3
    at wasm://wasm/00265406:wasm-function[554]:0x405bd   [0m
[31m    Failed! Adobe_PDF_sample_a_1024x768_50Frms.264_x.yuv Case Index 855:SHA-1(Current--Benchmark): NULL-----f0a5c4fe9f021768836c037fffb580430cfe9c84  [0m
[31m            ----YUVSHA1:  NULL,  9aa9a4d9598eb3e1093311826844f37c43e4c521  [0m
[31m           Aborted(Cannot enlarge memory arrays to size 19128320 bytes (OOM). Either (1) compile with -sINITIAL_MEMORY=X with X higher than the current value 16777216, (2) compile with -sALLOW_MEMORY_GROWTH which allows increasing the size at runtime, or (3) if you want malloc to return NULL (0) instead of this abort, compile with -sABORTING_MALLOC=0)
/home/test/workspace/openh264/test/encoder_binary_comparison/AllTestData/Adobe_PDF_sample_a_1024x768_50Frms.264/h264enc.js:167
      throw ex;
      ^

RuntimeError: Aborted(Cannot enlarge memory arrays to size 19128320 bytes (OOM). Either (1) compile with -sINITIAL_MEMORY=X with X higher than the current value 16777216, (2) compile with -sALLOW_MEMORY_GROWTH which allows increasing the size at runtime, or (3) if you want malloc to return NULL (0) instead of this abort, compile with -sABORTING_MALLOC=0)
    at abort (/home/test/workspace/openh264/test/encoder_binary_comparison/AllTestData/Adobe_PDF_sample_a_1024x768_50Frms.264/h264enc.js:1031:11)
    at abortOnCannotGrowMemory (/home/test/workspace/openh264/test/encoder_binary_comparison/AllTestData/Adobe_PDF_sample_a_1024x768_50Frms.264/h264enc.js:4914:7)
    at _emscripten_resize_heap (/home/test/workspace/openh264/test/encoder_binary_comparison/AllTestData/Adobe_PDF_sample_a_1024x768_50Frms.264/h264enc.js:4919:7)
    at wasm://wasm/00265406:wasm-function[1133]:0x705f0
    at wasm://wasm/00265406:wasm-function[1121]:0x6e28d
    at wasm://wasm/00265406:wasm-function[775]:0x60eb2
    at wasm://wasm/00265406:wasm-function[357]:0x2e8f3
    at wasm://wasm/00265406:wasm-function[363]:0x2f261
    at wasm://wasm/00265406:wasm-function[555]:0x407f3
    at wasm://wasm/00265406:wasm-function[554]:0x405bd   [0m
[31m    Failed! Adobe_PDF_sample_a_1024x768_50Frms.264_x.yuv Case Index 856:SHA-1(Current--Benchmark): NULL-----f0a5c4fe9f021768836c037fffb580430cfe9c84  [0m
[31m            ----YUVSHA1:  NULL,  9aa9a4d9598eb3e1093311826844f37c43e4c521  [0m
[31m           Aborted(Cannot enlarge memory arrays to size 19128320 bytes (OOM). Either (1) compile with -sINITIAL_MEMORY=X with X higher than the current value 16777216, (2) compile with -sALLOW_MEMORY_GROWTH which allows increasing the size at runtime, or (3) if you want malloc to return NULL (0) instead of this abort, compile with -sABORTING_MALLOC=0)
/home/test/workspace/openh264/test/encoder_binary_comparison/AllTestData/Adobe_PDF_sample_a_1024x768_50Frms.264/h264enc.js:167
      throw ex;
      ^

RuntimeError: Aborted(Cannot enlarge memory arrays to size 19128320 bytes (OOM). Either (1) compile with -sINITIAL_MEMORY=X with X higher than the current value 16777216, (2) compile with -sALLOW_MEMORY_GROWTH which allows increasing the size at runtime, or (3) if you want malloc to return NULL (0) instead of this abort, compile with -sABORTING_MALLOC=0)
    at abort (/home/test/workspace/openh264/test/encoder_binary_comparison/AllTestData/Adobe_PDF_sample_a_1024x768_50Frms.264/h264enc.js:1031:11)
    at abortOnCannotGrowMemory (/home/test/workspace/openh264/test/encoder_binary_comparison/AllTestData/Adobe_PDF_sample_a_1024x768_50Frms.264/h264enc.js:4914:7)
    at _emscripten_resize_heap (/home/test/workspace/openh264/test/encoder_binary_comparison/AllTestData/Adobe_PDF_sample_a_1024x768_50Frms.264/h264enc.js:4919:7)
    at wasm://wasm/00265406:wasm-function[1133]:0x705f0
    at wasm://wasm/00265406:wasm-function[1121]:0x6e28d
    at wasm://wasm/00265406:wasm-function[775]:0x60eb2
    at wasm://wasm/00265406:wasm-function[357]:0x2e8f3
    at wasm://wasm/00265406:wasm-function[363]:0x2f261
    at wasm://wasm/00265406:wasm-function[555]:0x407f3
    at wasm://wasm/00265406:wasm-function[554]:0x405bd   [0m
[31m    Failed! Adobe_PDF_sample_a_1024x768_50Frms.264_x.yuv Case Index 857:SHA-1(Current--Benchmark): NULL-----f0a5c4fe9f021768836c037fffb580430cfe9c84  [0m
[31m            ----YUVSHA1:  NULL,  9aa9a4d9598eb3e1093311826844f37c43e4c521  [0m
[31m           Aborted(Cannot enlarge memory arrays to size 19128320 bytes (OOM). Either (1) compile with -sINITIAL_MEMORY=X with X higher than the current value 16777216, (2) compile with -sALLOW_MEMORY_GROWTH which allows increasing the size at runtime, or (3) if you want malloc to return NULL (0) instead of this abort, compile with -sABORTING_MALLOC=0)
/home/test/workspace/openh264/test/encoder_binary_comparison/AllTestData/Adobe_PDF_sample_a_1024x768_50Frms.264/h264enc.js:167
      throw ex;
      ^

RuntimeError: Aborted(Cannot enlarge memory arrays to size 19128320 bytes (OOM). Either (1) compile with -sINITIAL_MEMORY=X with X higher than the current value 16777216, (2) compile with -sALLOW_MEMORY_GROWTH which allows increasing the size at runtime, or (3) if you want malloc to return NULL (0) instead of this abort, compile with -sABORTING_MALLOC=0)
    at abort (/home/test/workspace/openh264/test/encoder_binary_comparison/AllTestData/Adobe_PDF_sample_a_1024x768_50Frms.264/h264enc.js:1031:11)
    at abortOnCannotGrowMemory (/home/test/workspace/openh264/test/encoder_binary_comparison/AllTestData/Adobe_PDF_sample_a_1024x768_50Frms.264/h264enc.js:4914:7)
    at _emscripten_resize_heap (/home/test/workspace/openh264/test/encoder_binary_comparison/AllTestData/Adobe_PDF_sample_a_1024x768_50Frms.264/h264enc.js:4919:7)
    at wasm://wasm/00265406:wasm-function[1133]:0x705f0
    at wasm://wasm/00265406:wasm-function[1121]:0x6e28d
    at wasm://wasm/00265406:wasm-function[775]:0x60eb2
    at wasm://wasm/00265406:wasm-function[357]:0x2e8f3
    at wasm://wasm/00265406:wasm-function[363]:0x2f261
    at wasm://wasm/00265406:wasm-function[555]:0x407f3
    at wasm://wasm/00265406:wasm-function[554]:0x405bd   [0m
[31m    Failed! Adobe_PDF_sample_a_1024x768_50Frms.264_x.yuv Case Index 858:SHA-1(Current--Benchmark): NULL-----f0a5c4fe9f021768836c037fffb580430cfe9c84  [0m
[31m            ----YUVSHA1:  NULL,  9aa9a4d9598eb3e1093311826844f37c43e4c521  [0m
[31m           Aborted(Cannot enlarge memory arrays to size 19128320 bytes (OOM). Either (1) compile with -sINITIAL_MEMORY=X with X higher than the current value 16777216, (2) compile with -sALLOW_MEMORY_GROWTH which allows increasing the size at runtime, or (3) if you want malloc to return NULL (0) instead of this abort, compile with -sABORTING_MALLOC=0)
/home/test/workspace/openh264/test/encoder_binary_comparison/AllTestData/Adobe_PDF_sample_a_1024x768_50Frms.264/h264enc.js:167
      throw ex;
      ^

RuntimeError: Aborted(Cannot enlarge memory arrays to size 19128320 bytes (OOM). Either (1) compile with -sINITIAL_MEMORY=X with X higher than the current value 16777216, (2) compile with -sALLOW_MEMORY_GROWTH which allows increasing the size at runtime, or (3) if you want malloc to return NULL (0) instead of this abort, compile with -sABORTING_MALLOC=0)
    at abort (/home/test/workspace/openh264/test/encoder_binary_comparison/AllTestData/Adobe_PDF_sample_a_1024x768_50Frms.264/h264enc.js:1031:11)
    at abortOnCannotGrowMemory (/home/test/workspace/openh264/test/encoder_binary_comparison/AllTestData/Adobe_PDF_sample_a_1024x768_50Frms.264/h264enc.js:4914:7)
    at _emscripten_resize_heap (/home/test/workspace/openh264/test/encoder_binary_comparison/AllTestData/Adobe_PDF_sample_a_1024x768_50Frms.264/h264enc.js:4919:7)
    at wasm://wasm/00265406:wasm-function[1133]:0x705f0
    at wasm://wasm/00265406:wasm-function[1121]:0x6e28d
    at wasm://wasm/00265406:wasm-function[775]:0x60eb2
    at wasm://wasm/00265406:wasm-function[357]:0x2e8f3
    at wasm://wasm/00265406:wasm-function[363]:0x2f261
    at wasm://wasm/00265406:wasm-function[555]:0x407f3
    at wasm://wasm/00265406:wasm-function[554]:0x405bd   [0m
[31m    Failed! Adobe_PDF_sample_a_1024x768_50Frms.264_x.yuv Case Index 859:SHA-1(Current--Benchmark): NULL-----f0a5c4fe9f021768836c037fffb580430cfe9c84  [0m
[31m            ----YUVSHA1:  NULL,  9aa9a4d9598eb3e1093311826844f37c43e4c521  [0m
[31m           Aborted(Cannot enlarge memory arrays to size 19128320 bytes (OOM). Either (1) compile with -sINITIAL_MEMORY=X with X higher than the current value 16777216, (2) compile with -sALLOW_MEMORY_GROWTH which allows increasing the size at runtime, or (3) if you want malloc to return NULL (0) instead of this abort, compile with -sABORTING_MALLOC=0)
/home/test/workspace/openh264/test/encoder_binary_comparison/AllTestData/Adobe_PDF_sample_a_1024x768_50Frms.264/h264enc.js:167
      throw ex;
      ^

RuntimeError: Aborted(Cannot enlarge memory arrays to size 19128320 bytes (OOM). Either (1) compile with -sINITIAL_MEMORY=X with X higher than the current value 16777216, (2) compile with -sALLOW_MEMORY_GROWTH which allows increasing the size at runtime, or (3) if you want malloc to return NULL (0) instead of this abort, compile with -sABORTING_MALLOC=0)
    at abort (/home/test/workspace/openh264/test/encoder_binary_comparison/AllTestData/Adobe_PDF_sample_a_1024x768_50Frms.264/h264enc.js:1031:11)
    at abortOnCannotGrowMemory (/home/test/workspace/openh264/test/encoder_binary_comparison/AllTestData/Adobe_PDF_sample_a_1024x768_50Frms.264/h264enc.js:4914:7)
    at _emscripten_resize_heap (/home/test/workspace/openh264/test/encoder_binary_comparison/AllTestData/Adobe_PDF_sample_a_1024x768_50Frms.264/h264enc.js:4919:7)
    at wasm://wasm/00265406:wasm-function[1133]:0x705f0
    at wasm://wasm/00265406:wasm-function[1121]:0x6e28d
    at wasm://wasm/00265406:wasm-function[775]:0x60eb2
    at wasm://wasm/00265406:wasm-function[357]:0x2e8f3
    at wasm://wasm/00265406:wasm-function[363]:0x2f261
    at wasm://wasm/00265406:wasm-function[555]:0x407f3
    at wasm://wasm/00265406:wasm-function[554]:0x405bd   [0m
[31m    Failed! Adobe_PDF_sample_a_1024x768_50Frms.264_x.yuv Case Index 860:SHA-1(Current--Benchmark): NULL-----f0a5c4fe9f021768836c037fffb580430cfe9c84  [0m
[31m            ----YUVSHA1:  NULL,  9aa9a4d9598eb3e1093311826844f37c43e4c521  [0m
[31m           Aborted(Cannot enlarge memory arrays to size 19128320 bytes (OOM). Either (1) compile with -sINITIAL_MEMORY=X with X higher than the current value 16777216, (2) compile with -sALLOW_MEMORY_GROWTH which allows increasing the size at runtime, or (3) if you want malloc to return NULL (0) instead of this abort, compile with -sABORTING_MALLOC=0)
/home/test/workspace/openh264/test/encoder_binary_comparison/AllTestData/Adobe_PDF_sample_a_1024x768_50Frms.264/h264enc.js:167
      throw ex;
      ^

RuntimeError: Aborted(Cannot enlarge memory arrays to size 19128320 bytes (OOM). Either (1) compile with -sINITIAL_MEMORY=X with X higher than the current value 16777216, (2) compile with -sALLOW_MEMORY_GROWTH which allows increasing the size at runtime, or (3) if you want malloc to return NULL (0) instead of this abort, compile with -sABORTING_MALLOC=0)
    at abort (/home/test/workspace/openh264/test/encoder_binary_comparison/AllTestData/Adobe_PDF_sample_a_1024x768_50Frms.264/h264enc.js:1031:11)
    at abortOnCannotGrowMemory (/home/test/workspace/openh264/test/encoder_binary_comparison/AllTestData/Adobe_PDF_sample_a_1024x768_50Frms.264/h264enc.js:4914:7)
    at _emscripten_resize_heap (/home/test/workspace/openh264/test/encoder_binary_comparison/AllTestData/Adobe_PDF_sample_a_1024x768_50Frms.264/h264enc.js:4919:7)
    at wasm://wasm/00265406:wasm-function[1133]:0x705f0
    at wasm://wasm/00265406:wasm-function[1121]:0x6e28d
    at wasm://wasm/00265406:wasm-function[775]:0x60eb2
    at wasm://wasm/00265406:wasm-function[357]:0x2e8f3
    at wasm://wasm/00265406:wasm-function[363]:0x2f261
    at wasm://wasm/00265406:wasm-function[555]:0x407f3
    at wasm://wasm/00265406:wasm-function[554]:0x405bd   [0m
[31m    Failed! Adobe_PDF_sample_a_1024x768_50Frms.264_x.yuv Case Index 861:SHA-1(Current--Benchmark): NULL-----f0a5c4fe9f021768836c037fffb580430cfe9c84  [0m
[31m            ----YUVSHA1:  NULL,  9aa9a4d9598eb3e1093311826844f37c43e4c521  [0m
[31m           Aborted(Cannot enlarge memory arrays to size 19128320 bytes (OOM). Either (1) compile with -sINITIAL_MEMORY=X with X higher than the current value 16777216, (2) compile with -sALLOW_MEMORY_GROWTH which allows increasing the size at runtime, or (3) if you want malloc to return NULL (0) instead of this abort, compile with -sABORTING_MALLOC=0)
/home/test/workspace/openh264/test/encoder_binary_comparison/AllTestData/Adobe_PDF_sample_a_1024x768_50Frms.264/h264enc.js:167
      throw ex;
      ^

RuntimeError: Aborted(Cannot enlarge memory arrays to size 19128320 bytes (OOM). Either (1) compile with -sINITIAL_MEMORY=X with X higher than the current value 16777216, (2) compile with -sALLOW_MEMORY_GROWTH which allows increasing the size at runtime, or (3) if you want malloc to return NULL (0) instead of this abort, compile with -sABORTING_MALLOC=0)
    at abort (/home/test/workspace/openh264/test/encoder_binary_comparison/AllTestData/Adobe_PDF_sample_a_1024x768_50Frms.264/h264enc.js:1031:11)
    at abortOnCannotGrowMemory (/home/test/workspace/openh264/test/encoder_binary_comparison/AllTestData/Adobe_PDF_sample_a_1024x768_50Frms.264/h264enc.js:4914:7)
    at _emscripten_resize_heap (/home/test/workspace/openh264/test/encoder_binary_comparison/AllTestData/Adobe_PDF_sample_a_1024x768_50Frms.264/h264enc.js:4919:7)
    at wasm://wasm/00265406:wasm-function[1133]:0x705f0
    at wasm://wasm/00265406:wasm-function[1121]:0x6e28d
    at wasm://wasm/00265406:wasm-function[775]:0x60eb2
    at wasm://wasm/00265406:wasm-function[357]:0x2e8f3
    at wasm://wasm/00265406:wasm-function[363]:0x2f261
    at wasm://wasm/00265406:wasm-function[555]:0x407f3
    at wasm://wasm/00265406:wasm-function[554]:0x405bd   [0m
[31m    Failed! Adobe_PDF_sample_a_1024x768_50Frms.264_x.yuv Case Index 862:SHA-1(Current--Benchmark): NULL-----f0a5c4fe9f021768836c037fffb580430cfe9c84  [0m
[31m            ----YUVSHA1:  NULL,  9aa9a4d9598eb3e1093311826844f37c43e4c521  [0m
[31m           Aborted(Cannot enlarge memory arrays to size 19128320 bytes (OOM). Either (1) compile with -sINITIAL_MEMORY=X with X higher than the current value 16777216, (2) compile with -sALLOW_MEMORY_GROWTH which allows increasing the size at runtime, or (3) if you want malloc to return NULL (0) instead of this abort, compile with -sABORTING_MALLOC=0)
/home/test/workspace/openh264/test/encoder_binary_comparison/AllTestData/Adobe_PDF_sample_a_1024x768_50Frms.264/h264enc.js:167
      throw ex;
      ^

RuntimeError: Aborted(Cannot enlarge memory arrays to size 19128320 bytes (OOM). Either (1) compile with -sINITIAL_MEMORY=X with X higher than the current value 16777216, (2) compile with -sALLOW_MEMORY_GROWTH which allows increasing the size at runtime, or (3) if you want malloc to return NULL (0) instead of this abort, compile with -sABORTING_MALLOC=0)
    at abort (/home/test/workspace/openh264/test/encoder_binary_comparison/AllTestData/Adobe_PDF_sample_a_1024x768_50Frms.264/h264enc.js:1031:11)
    at abortOnCannotGrowMemory (/home/test/workspace/openh264/test/encoder_binary_comparison/AllTestData/Adobe_PDF_sample_a_1024x768_50Frms.264/h264enc.js:4914:7)
    at _emscripten_resize_heap (/home/test/workspace/openh264/test/encoder_binary_comparison/AllTestData/Adobe_PDF_sample_a_1024x768_50Frms.264/h264enc.js:4919:7)
    at wasm://wasm/00265406:wasm-function[1133]:0x705f0
    at wasm://wasm/00265406:wasm-function[1121]:0x6e28d
    at wasm://wasm/00265406:wasm-function[775]:0x60eb2
    at wasm://wasm/00265406:wasm-function[357]:0x2e8f3
    at wasm://wasm/00265406:wasm-function[363]:0x2f261
    at wasm://wasm/00265406:wasm-function[555]:0x407f3
    at wasm://wasm/00265406:wasm-function[554]:0x405bd   [0m
[31m    Failed! Adobe_PDF_sample_a_1024x768_50Frms.264_x.yuv Case Index 863:SHA-1(Current--Benchmark): NULL-----f0a5c4fe9f021768836c037fffb580430cfe9c84  [0m
[31m            ----YUVSHA1:  NULL,  9aa9a4d9598eb3e1093311826844f37c43e4c521  [0m
[31m           Aborted(Cannot enlarge memory arrays to size 19128320 bytes (OOM). Either (1) compile with -sINITIAL_MEMORY=X with X higher than the current value 16777216, (2) compile with -sALLOW_MEMORY_GROWTH which allows increasing the size at runtime, or (3) if you want malloc to return NULL (0) instead of this abort, compile with -sABORTING_MALLOC=0)
/home/test/workspace/openh264/test/encoder_binary_comparison/AllTestData/Adobe_PDF_sample_a_1024x768_50Frms.264/h264enc.js:167
      throw ex;
      ^

RuntimeError: Aborted(Cannot enlarge memory arrays to size 19128320 bytes (OOM). Either (1) compile with -sINITIAL_MEMORY=X with X higher than the current value 16777216, (2) compile with -sALLOW_MEMORY_GROWTH which allows increasing the size at runtime, or (3) if you want malloc to return NULL (0) instead of this abort, compile with -sABORTING_MALLOC=0)
    at abort (/home/test/workspace/openh264/test/encoder_binary_comparison/AllTestData/Adobe_PDF_sample_a_1024x768_50Frms.264/h264enc.js:1031:11)
    at abortOnCannotGrowMemory (/home/test/workspace/openh264/test/encoder_binary_comparison/AllTestData/Adobe_PDF_sample_a_1024x768_50Frms.264/h264enc.js:4914:7)
    at _emscripten_resize_heap (/home/test/workspace/openh264/test/encoder_binary_comparison/AllTestData/Adobe_PDF_sample_a_1024x768_50Frms.264/h264enc.js:4919:7)
    at wasm://wasm/00265406:wasm-function[1133]:0x705f0
    at wasm://wasm/00265406:wasm-function[1121]:0x6e28d
    at wasm://wasm/00265406:wasm-function[775]:0x60eb2
    at wasm://wasm/00265406:wasm-function[357]:0x2e8f3
    at wasm://wasm/00265406:wasm-function[363]:0x2f261
    at wasm://wasm/00265406:wasm-function[555]:0x407f3
    at wasm://wasm/00265406:wasm-function[554]:0x405bd   [0m
[31m    Failed! Adobe_PDF_sample_a_1024x768_50Frms.264_x.yuv Case Index 864:SHA-1(Current--Benchmark): NULL-----fbf2173c22529ff027aad7318646ef61a5e380dd  [0m
[31m            ----YUVSHA1:  NULL,  9aa9a4d9598eb3e1093311826844f37c43e4c521  [0m
[31m           Aborted(Cannot enlarge memory arrays to size 19124224 bytes (OOM). Either (1) compile with -sINITIAL_MEMORY=X with X higher than the current value 16777216, (2) compile with -sALLOW_MEMORY_GROWTH which allows increasing the size at runtime, or (3) if you want malloc to return NULL (0) instead of this abort, compile with -sABORTING_MALLOC=0)
/home/test/workspace/openh264/test/encoder_binary_comparison/AllTestData/Adobe_PDF_sample_a_1024x768_50Frms.264/h264enc.js:167
      throw ex;
      ^

RuntimeError: Aborted(Cannot enlarge memory arrays to size 19124224 bytes (OOM). Either (1) compile with -sINITIAL_MEMORY=X with X higher than the current value 16777216, (2) compile with -sALLOW_MEMORY_GROWTH which allows increasing the size at runtime, or (3) if you want malloc to return NULL (0) instead of this abort, compile with -sABORTING_MALLOC=0)
    at abort (/home/test/workspace/openh264/test/encoder_binary_comparison/AllTestData/Adobe_PDF_sample_a_1024x768_50Frms.264/h264enc.js:1031:11)
    at abortOnCannotGrowMemory (/home/test/workspace/openh264/test/encoder_binary_comparison/AllTestData/Adobe_PDF_sample_a_1024x768_50Frms.264/h264enc.js:4914:7)
    at _emscripten_resize_heap (/home/test/workspace/openh264/test/encoder_binary_comparison/AllTestData/Adobe_PDF_sample_a_1024x768_50Frms.264/h264enc.js:4919:7)
    at wasm://wasm/00265406:wasm-function[1133]:0x705f0
    at wasm://wasm/00265406:wasm-function[1121]:0x6e28d
    at wasm://wasm/00265406:wasm-function[775]:0x60eb2
    at wasm://wasm/00265406:wasm-function[357]:0x2e8f3
    at wasm://wasm/00265406:wasm-function[363]:0x2f261
    at wasm://wasm/00265406:wasm-function[555]:0x407f3
    at wasm://wasm/00265406:wasm-function[554]:0x405bd   [0m
[31m    Failed! Adobe_PDF_sample_a_1024x768_50Frms.264_x.yuv Case Index 865:SHA-1(Current--Benchmark): NULL-----fbf2173c22529ff027aad7318646ef61a5e380dd  [0m
[31m            ----YUVSHA1:  NULL,  9aa9a4d9598eb3e1093311826844f37c43e4c521  [0m
[31m           Aborted(Cannot enlarge memory arrays to size 19124224 bytes (OOM). Either (1) compile with -sINITIAL_MEMORY=X with X higher than the current value 16777216, (2) compile with -sALLOW_MEMORY_GROWTH which allows increasing the size at runtime, or (3) if you want malloc to return NULL (0) instead of this abort, compile with -sABORTING_MALLOC=0)
/home/test/workspace/openh264/test/encoder_binary_comparison/AllTestData/Adobe_PDF_sample_a_1024x768_50Frms.264/h264enc.js:167
      throw ex;
      ^

RuntimeError: Aborted(Cannot enlarge memory arrays to size 19124224 bytes (OOM). Either (1) compile with -sINITIAL_MEMORY=X with X higher than the current value 16777216, (2) compile with -sALLOW_MEMORY_GROWTH which allows increasing the size at runtime, or (3) if you want malloc to return NULL (0) instead of this abort, compile with -sABORTING_MALLOC=0)
    at abort (/home/test/workspace/openh264/test/encoder_binary_comparison/AllTestData/Adobe_PDF_sample_a_1024x768_50Frms.264/h264enc.js:1031:11)
    at abortOnCannotGrowMemory (/home/test/workspace/openh264/test/encoder_binary_comparison/AllTestData/Adobe_PDF_sample_a_1024x768_50Frms.264/h264enc.js:4914:7)
    at _emscripten_resize_heap (/home/test/workspace/openh264/test/encoder_binary_comparison/AllTestData/Adobe_PDF_sample_a_1024x768_50Frms.264/h264enc.js:4919:7)
    at wasm://wasm/00265406:wasm-function[1133]:0x705f0
    at wasm://wasm/00265406:wasm-function[1121]:0x6e28d
    at wasm://wasm/00265406:wasm-function[775]:0x60eb2
    at wasm://wasm/00265406:wasm-function[357]:0x2e8f3
    at wasm://wasm/00265406:wasm-function[363]:0x2f261
    at wasm://wasm/00265406:wasm-function[555]:0x407f3
    at wasm://wasm/00265406:wasm-function[554]:0x405bd   [0m
[31m    Failed! Adobe_PDF_sample_a_1024x768_50Frms.264_x.yuv Case Index 866:SHA-1(Current--Benchmark): NULL-----fbf2173c22529ff027aad7318646ef61a5e380dd  [0m
[31m            ----YUVSHA1:  NULL,  9aa9a4d9598eb3e1093311826844f37c43e4c521  [0m
[31m           Aborted(Cannot enlarge memory arrays to size 19124224 bytes (OOM). Either (1) compile with -sINITIAL_MEMORY=X with X higher than the current value 16777216, (2) compile with -sALLOW_MEMORY_GROWTH which allows increasing the size at runtime, or (3) if you want malloc to return NULL (0) instead of this abort, compile with -sABORTING_MALLOC=0)
/home/test/workspace/openh264/test/encoder_binary_comparison/AllTestData/Adobe_PDF_sample_a_1024x768_50Frms.264/h264enc.js:167
      throw ex;
      ^

RuntimeError: Aborted(Cannot enlarge memory arrays to size 19124224 bytes (OOM). Either (1) compile with -sINITIAL_MEMORY=X with X higher than the current value 16777216, (2) compile with -sALLOW_MEMORY_GROWTH which allows increasing the size at runtime, or (3) if you want malloc to return NULL (0) instead of this abort, compile with -sABORTING_MALLOC=0)
    at abort (/home/test/workspace/openh264/test/encoder_binary_comparison/AllTestData/Adobe_PDF_sample_a_1024x768_50Frms.264/h264enc.js:1031:11)
    at abortOnCannotGrowMemory (/home/test/workspace/openh264/test/encoder_binary_comparison/AllTestData/Adobe_PDF_sample_a_1024x768_50Frms.264/h264enc.js:4914:7)
    at _emscripten_resize_heap (/home/test/workspace/openh264/test/encoder_binary_comparison/AllTestData/Adobe_PDF_sample_a_1024x768_50Frms.264/h264enc.js:4919:7)
    at wasm://wasm/00265406:wasm-function[1133]:0x705f0
    at wasm://wasm/00265406:wasm-function[1121]:0x6e28d
    at wasm://wasm/00265406:wasm-function[775]:0x60eb2
    at wasm://wasm/00265406:wasm-function[357]:0x2e8f3
    at wasm://wasm/00265406:wasm-function[363]:0x2f261
    at wasm://wasm/00265406:wasm-function[555]:0x407f3
    at wasm://wasm/00265406:wasm-function[554]:0x405bd   [0m
[31m    Failed! Adobe_PDF_sample_a_1024x768_50Frms.264_x.yuv Case Index 867:SHA-1(Current--Benchmark): NULL-----fbf2173c22529ff027aad7318646ef61a5e380dd  [0m
[31m            ----YUVSHA1:  NULL,  9aa9a4d9598eb3e1093311826844f37c43e4c521  [0m
[31m           Aborted(Cannot enlarge memory arrays to size 19124224 bytes (OOM). Either (1) compile with -sINITIAL_MEMORY=X with X higher than the current value 16777216, (2) compile with -sALLOW_MEMORY_GROWTH which allows increasing the size at runtime, or (3) if you want malloc to return NULL (0) instead of this abort, compile with -sABORTING_MALLOC=0)
/home/test/workspace/openh264/test/encoder_binary_comparison/AllTestData/Adobe_PDF_sample_a_1024x768_50Frms.264/h264enc.js:167
      throw ex;
      ^

RuntimeError: Aborted(Cannot enlarge memory arrays to size 19124224 bytes (OOM). Either (1) compile with -sINITIAL_MEMORY=X with X higher than the current value 16777216, (2) compile with -sALLOW_MEMORY_GROWTH which allows increasing the size at runtime, or (3) if you want malloc to return NULL (0) instead of this abort, compile with -sABORTING_MALLOC=0)
    at abort (/home/test/workspace/openh264/test/encoder_binary_comparison/AllTestData/Adobe_PDF_sample_a_1024x768_50Frms.264/h264enc.js:1031:11)
    at abortOnCannotGrowMemory (/home/test/workspace/openh264/test/encoder_binary_comparison/AllTestData/Adobe_PDF_sample_a_1024x768_50Frms.264/h264enc.js:4914:7)
    at _emscripten_resize_heap (/home/test/workspace/openh264/test/encoder_binary_comparison/AllTestData/Adobe_PDF_sample_a_1024x768_50Frms.264/h264enc.js:4919:7)
    at wasm://wasm/00265406:wasm-function[1133]:0x705f0
    at wasm://wasm/00265406:wasm-function[1121]:0x6e28d
    at wasm://wasm/00265406:wasm-function[775]:0x60eb2
    at wasm://wasm/00265406:wasm-function[357]:0x2e8f3
    at wasm://wasm/00265406:wasm-function[363]:0x2f261
    at wasm://wasm/00265406:wasm-function[555]:0x407f3
    at wasm://wasm/00265406:wasm-function[554]:0x405bd   [0m
[31m    Failed! Adobe_PDF_sample_a_1024x768_50Frms.264_x.yuv Case Index 868:SHA-1(Current--Benchmark): NULL-----fbf2173c22529ff027aad7318646ef61a5e380dd  [0m
[31m            ----YUVSHA1:  NULL,  9aa9a4d9598eb3e1093311826844f37c43e4c521  [0m
[31m           Aborted(Cannot enlarge memory arrays to size 19124224 bytes (OOM). Either (1) compile with -sINITIAL_MEMORY=X with X higher than the current value 16777216, (2) compile with -sALLOW_MEMORY_GROWTH which allows increasing the size at runtime, or (3) if you want malloc to return NULL (0) instead of this abort, compile with -sABORTING_MALLOC=0)
/home/test/workspace/openh264/test/encoder_binary_comparison/AllTestData/Adobe_PDF_sample_a_1024x768_50Frms.264/h264enc.js:167
      throw ex;
      ^

RuntimeError: Aborted(Cannot enlarge memory arrays to size 19124224 bytes (OOM). Either (1) compile with -sINITIAL_MEMORY=X with X higher than the current value 16777216, (2) compile with -sALLOW_MEMORY_GROWTH which allows increasing the size at runtime, or (3) if you want malloc to return NULL (0) instead of this abort, compile with -sABORTING_MALLOC=0)
    at abort (/home/test/workspace/openh264/test/encoder_binary_comparison/AllTestData/Adobe_PDF_sample_a_1024x768_50Frms.264/h264enc.js:1031:11)
    at abortOnCannotGrowMemory (/home/test/workspace/openh264/test/encoder_binary_comparison/AllTestData/Adobe_PDF_sample_a_1024x768_50Frms.264/h264enc.js:4914:7)
    at _emscripten_resize_heap (/home/test/workspace/openh264/test/encoder_binary_comparison/AllTestData/Adobe_PDF_sample_a_1024x768_50Frms.264/h264enc.js:4919:7)
    at wasm://wasm/00265406:wasm-function[1133]:0x705f0
    at wasm://wasm/00265406:wasm-function[1121]:0x6e28d
    at wasm://wasm/00265406:wasm-function[775]:0x60eb2
    at wasm://wasm/00265406:wasm-function[357]:0x2e8f3
    at wasm://wasm/00265406:wasm-function[363]:0x2f261
    at wasm://wasm/00265406:wasm-function[555]:0x407f3
    at wasm://wasm/00265406:wasm-function[554]:0x405bd   [0m
[31m    Failed! Adobe_PDF_sample_a_1024x768_50Frms.264_x.yuv Case Index 869:SHA-1(Current--Benchmark): NULL-----fbf2173c22529ff027aad7318646ef61a5e380dd  [0m
[31m            ----YUVSHA1:  NULL,  9aa9a4d9598eb3e1093311826844f37c43e4c521  [0m
[31m           Aborted(Cannot enlarge memory arrays to size 19124224 bytes (OOM). Either (1) compile with -sINITIAL_MEMORY=X with X higher than the current value 16777216, (2) compile with -sALLOW_MEMORY_GROWTH which allows increasing the size at runtime, or (3) if you want malloc to return NULL (0) instead of this abort, compile with -sABORTING_MALLOC=0)
/home/test/workspace/openh264/test/encoder_binary_comparison/AllTestData/Adobe_PDF_sample_a_1024x768_50Frms.264/h264enc.js:167
      throw ex;
      ^

RuntimeError: Aborted(Cannot enlarge memory arrays to size 19124224 bytes (OOM). Either (1) compile with -sINITIAL_MEMORY=X with X higher than the current value 16777216, (2) compile with -sALLOW_MEMORY_GROWTH which allows increasing the size at runtime, or (3) if you want malloc to return NULL (0) instead of this abort, compile with -sABORTING_MALLOC=0)
    at abort (/home/test/workspace/openh264/test/encoder_binary_comparison/AllTestData/Adobe_PDF_sample_a_1024x768_50Frms.264/h264enc.js:1031:11)
    at abortOnCannotGrowMemory (/home/test/workspace/openh264/test/encoder_binary_comparison/AllTestData/Adobe_PDF_sample_a_1024x768_50Frms.264/h264enc.js:4914:7)
    at _emscripten_resize_heap (/home/test/workspace/openh264/test/encoder_binary_comparison/AllTestData/Adobe_PDF_sample_a_1024x768_50Frms.264/h264enc.js:4919:7)
    at wasm://wasm/00265406:wasm-function[1133]:0x705f0
    at wasm://wasm/00265406:wasm-function[1121]:0x6e28d
    at wasm://wasm/00265406:wasm-function[775]:0x60eb2
    at wasm://wasm/00265406:wasm-function[357]:0x2e8f3
    at wasm://wasm/00265406:wasm-function[363]:0x2f261
    at wasm://wasm/00265406:wasm-function[555]:0x407f3
    at wasm://wasm/00265406:wasm-function[554]:0x405bd   [0m
[31m    Failed! Adobe_PDF_sample_a_1024x768_50Frms.264_x.yuv Case Index 870:SHA-1(Current--Benchmark): NULL-----fbf2173c22529ff027aad7318646ef61a5e380dd  [0m
[31m            ----YUVSHA1:  NULL,  9aa9a4d9598eb3e1093311826844f37c43e4c521  [0m
[31m           Aborted(Cannot enlarge memory arrays to size 19124224 bytes (OOM). Either (1) compile with -sINITIAL_MEMORY=X with X higher than the current value 16777216, (2) compile with -sALLOW_MEMORY_GROWTH which allows increasing the size at runtime, or (3) if you want malloc to return NULL (0) instead of this abort, compile with -sABORTING_MALLOC=0)
/home/test/workspace/openh264/test/encoder_binary_comparison/AllTestData/Adobe_PDF_sample_a_1024x768_50Frms.264/h264enc.js:167
      throw ex;
      ^

RuntimeError: Aborted(Cannot enlarge memory arrays to size 19124224 bytes (OOM). Either (1) compile with -sINITIAL_MEMORY=X with X higher than the current value 16777216, (2) compile with -sALLOW_MEMORY_GROWTH which allows increasing the size at runtime, or (3) if you want malloc to return NULL (0) instead of this abort, compile with -sABORTING_MALLOC=0)
    at abort (/home/test/workspace/openh264/test/encoder_binary_comparison/AllTestData/Adobe_PDF_sample_a_1024x768_50Frms.264/h264enc.js:1031:11)
    at abortOnCannotGrowMemory (/home/test/workspace/openh264/test/encoder_binary_comparison/AllTestData/Adobe_PDF_sample_a_1024x768_50Frms.264/h264enc.js:4914:7)
    at _emscripten_resize_heap (/home/test/workspace/openh264/test/encoder_binary_comparison/AllTestData/Adobe_PDF_sample_a_1024x768_50Frms.264/h264enc.js:4919:7)
    at wasm://wasm/00265406:wasm-function[1133]:0x705f0
    at wasm://wasm/00265406:wasm-function[1121]:0x6e28d
    at wasm://wasm/00265406:wasm-function[775]:0x60eb2
    at wasm://wasm/00265406:wasm-function[357]:0x2e8f3
    at wasm://wasm/00265406:wasm-function[363]:0x2f261
    at wasm://wasm/00265406:wasm-function[555]:0x407f3
    at wasm://wasm/00265406:wasm-function[554]:0x405bd   [0m
[31m    Failed! Adobe_PDF_sample_a_1024x768_50Frms.264_x.yuv Case Index 871:SHA-1(Current--Benchmark): NULL-----fbf2173c22529ff027aad7318646ef61a5e380dd  [0m
[31m            ----YUVSHA1:  NULL,  9aa9a4d9598eb3e1093311826844f37c43e4c521  [0m
[31m           Aborted(Cannot enlarge memory arrays to size 19124224 bytes (OOM). Either (1) compile with -sINITIAL_MEMORY=X with X higher than the current value 16777216, (2) compile with -sALLOW_MEMORY_GROWTH which allows increasing the size at runtime, or (3) if you want malloc to return NULL (0) instead of this abort, compile with -sABORTING_MALLOC=0)
/home/test/workspace/openh264/test/encoder_binary_comparison/AllTestData/Adobe_PDF_sample_a_1024x768_50Frms.264/h264enc.js:167
      throw ex;
      ^

RuntimeError: Aborted(Cannot enlarge memory arrays to size 19124224 bytes (OOM). Either (1) compile with -sINITIAL_MEMORY=X with X higher than the current value 16777216, (2) compile with -sALLOW_MEMORY_GROWTH which allows increasing the size at runtime, or (3) if you want malloc to return NULL (0) instead of this abort, compile with -sABORTING_MALLOC=0)
    at abort (/home/test/workspace/openh264/test/encoder_binary_comparison/AllTestData/Adobe_PDF_sample_a_1024x768_50Frms.264/h264enc.js:1031:11)
    at abortOnCannotGrowMemory (/home/test/workspace/openh264/test/encoder_binary_comparison/AllTestData/Adobe_PDF_sample_a_1024x768_50Frms.264/h264enc.js:4914:7)
    at _emscripten_resize_heap (/home/test/workspace/openh264/test/encoder_binary_comparison/AllTestData/Adobe_PDF_sample_a_1024x768_50Frms.264/h264enc.js:4919:7)
    at wasm://wasm/00265406:wasm-function[1133]:0x705f0
    at wasm://wasm/00265406:wasm-function[1121]:0x6e28d
    at wasm://wasm/00265406:wasm-function[775]:0x60eb2
    at wasm://wasm/00265406:wasm-function[357]:0x2e8f3
    at wasm://wasm/00265406:wasm-function[363]:0x2f261
    at wasm://wasm/00265406:wasm-function[555]:0x407f3
    at wasm://wasm/00265406:wasm-function[554]:0x405bd   [0m
[31m    Failed! Adobe_PDF_sample_a_1024x768_50Frms.264_x.yuv Case Index 872:SHA-1(Current--Benchmark): NULL-----fbf2173c22529ff027aad7318646ef61a5e380dd  [0m
[31m            ----YUVSHA1:  NULL,  9aa9a4d9598eb3e1093311826844f37c43e4c521  [0m
[31m           Aborted(Cannot enlarge memory arrays to size 19124224 bytes (OOM). Either (1) compile with -sINITIAL_MEMORY=X with X higher than the current value 16777216, (2) compile with -sALLOW_MEMORY_GROWTH which allows increasing the size at runtime, or (3) if you want malloc to return NULL (0) instead of this abort, compile with -sABORTING_MALLOC=0)
/home/test/workspace/openh264/test/encoder_binary_comparison/AllTestData/Adobe_PDF_sample_a_1024x768_50Frms.264/h264enc.js:167
      throw ex;
      ^

RuntimeError: Aborted(Cannot enlarge memory arrays to size 19124224 bytes (OOM). Either (1) compile with -sINITIAL_MEMORY=X with X higher than the current value 16777216, (2) compile with -sALLOW_MEMORY_GROWTH which allows increasing the size at runtime, or (3) if you want malloc to return NULL (0) instead of this abort, compile with -sABORTING_MALLOC=0)
    at abort (/home/test/workspace/openh264/test/encoder_binary_comparison/AllTestData/Adobe_PDF_sample_a_1024x768_50Frms.264/h264enc.js:1031:11)
    at abortOnCannotGrowMemory (/home/test/workspace/openh264/test/encoder_binary_comparison/AllTestData/Adobe_PDF_sample_a_1024x768_50Frms.264/h264enc.js:4914:7)
    at _emscripten_resize_heap (/home/test/workspace/openh264/test/encoder_binary_comparison/AllTestData/Adobe_PDF_sample_a_1024x768_50Frms.264/h264enc.js:4919:7)
    at wasm://wasm/00265406:wasm-function[1133]:0x705f0
    at wasm://wasm/00265406:wasm-function[1121]:0x6e28d
    at wasm://wasm/00265406:wasm-function[775]:0x60eb2
    at wasm://wasm/00265406:wasm-function[357]:0x2e8f3
    at wasm://wasm/00265406:wasm-function[363]:0x2f261
    at wasm://wasm/00265406:wasm-function[555]:0x407f3
    at wasm://wasm/00265406:wasm-function[554]:0x405bd   [0m
[31m    Failed! Adobe_PDF_sample_a_1024x768_50Frms.264_x.yuv Case Index 873:SHA-1(Current--Benchmark): NULL-----fbf2173c22529ff027aad7318646ef61a5e380dd  [0m
[31m            ----YUVSHA1:  NULL,  9aa9a4d9598eb3e1093311826844f37c43e4c521  [0m
[31m           Aborted(Cannot enlarge memory arrays to size 19124224 bytes (OOM). Either (1) compile with -sINITIAL_MEMORY=X with X higher than the current value 16777216, (2) compile with -sALLOW_MEMORY_GROWTH which allows increasing the size at runtime, or (3) if you want malloc to return NULL (0) instead of this abort, compile with -sABORTING_MALLOC=0)
/home/test/workspace/openh264/test/encoder_binary_comparison/AllTestData/Adobe_PDF_sample_a_1024x768_50Frms.264/h264enc.js:167
      throw ex;
      ^

RuntimeError: Aborted(Cannot enlarge memory arrays to size 19124224 bytes (OOM). Either (1) compile with -sINITIAL_MEMORY=X with X higher than the current value 16777216, (2) compile with -sALLOW_MEMORY_GROWTH which allows increasing the size at runtime, or (3) if you want malloc to return NULL (0) instead of this abort, compile with -sABORTING_MALLOC=0)
    at abort (/home/test/workspace/openh264/test/encoder_binary_comparison/AllTestData/Adobe_PDF_sample_a_1024x768_50Frms.264/h264enc.js:1031:11)
    at abortOnCannotGrowMemory (/home/test/workspace/openh264/test/encoder_binary_comparison/AllTestData/Adobe_PDF_sample_a_1024x768_50Frms.264/h264enc.js:4914:7)
    at _emscripten_resize_heap (/home/test/workspace/openh264/test/encoder_binary_comparison/AllTestData/Adobe_PDF_sample_a_1024x768_50Frms.264/h264enc.js:4919:7)
    at wasm://wasm/00265406:wasm-function[1133]:0x705f0
    at wasm://wasm/00265406:wasm-function[1121]:0x6e28d
    at wasm://wasm/00265406:wasm-function[775]:0x60eb2
    at wasm://wasm/00265406:wasm-function[357]:0x2e8f3
    at wasm://wasm/00265406:wasm-function[363]:0x2f261
    at wasm://wasm/00265406:wasm-function[555]:0x407f3
    at wasm://wasm/00265406:wasm-function[554]:0x405bd   [0m
[31m    Failed! Adobe_PDF_sample_a_1024x768_50Frms.264_x.yuv Case Index 874:SHA-1(Current--Benchmark): NULL-----fbf2173c22529ff027aad7318646ef61a5e380dd  [0m
[31m            ----YUVSHA1:  NULL,  9aa9a4d9598eb3e1093311826844f37c43e4c521  [0m
[31m           Aborted(Cannot enlarge memory arrays to size 19124224 bytes (OOM). Either (1) compile with -sINITIAL_MEMORY=X with X higher than the current value 16777216, (2) compile with -sALLOW_MEMORY_GROWTH which allows increasing the size at runtime, or (3) if you want malloc to return NULL (0) instead of this abort, compile with -sABORTING_MALLOC=0)
/home/test/workspace/openh264/test/encoder_binary_comparison/AllTestData/Adobe_PDF_sample_a_1024x768_50Frms.264/h264enc.js:167
      throw ex;
      ^

RuntimeError: Aborted(Cannot enlarge memory arrays to size 19124224 bytes (OOM). Either (1) compile with -sINITIAL_MEMORY=X with X higher than the current value 16777216, (2) compile with -sALLOW_MEMORY_GROWTH which allows increasing the size at runtime, or (3) if you want malloc to return NULL (0) instead of this abort, compile with -sABORTING_MALLOC=0)
    at abort (/home/test/workspace/openh264/test/encoder_binary_comparison/AllTestData/Adobe_PDF_sample_a_1024x768_50Frms.264/h264enc.js:1031:11)
    at abortOnCannotGrowMemory (/home/test/workspace/openh264/test/encoder_binary_comparison/AllTestData/Adobe_PDF_sample_a_1024x768_50Frms.264/h264enc.js:4914:7)
    at _emscripten_resize_heap (/home/test/workspace/openh264/test/encoder_binary_comparison/AllTestData/Adobe_PDF_sample_a_1024x768_50Frms.264/h264enc.js:4919:7)
    at wasm://wasm/00265406:wasm-function[1133]:0x705f0
    at wasm://wasm/00265406:wasm-function[1121]:0x6e28d
    at wasm://wasm/00265406:wasm-function[775]:0x60eb2
    at wasm://wasm/00265406:wasm-function[357]:0x2e8f3
    at wasm://wasm/00265406:wasm-function[363]:0x2f261
    at wasm://wasm/00265406:wasm-function[555]:0x407f3
    at wasm://wasm/00265406:wasm-function[554]:0x405bd   [0m
[31m    Failed! Adobe_PDF_sample_a_1024x768_50Frms.264_x.yuv Case Index 875:SHA-1(Current--Benchmark): NULL-----fbf2173c22529ff027aad7318646ef61a5e380dd  [0m
[31m            ----YUVSHA1:  NULL,  9aa9a4d9598eb3e1093311826844f37c43e4c521  [0m
[31m           Aborted(Cannot enlarge memory arrays to size 19124224 bytes (OOM). Either (1) compile with -sINITIAL_MEMORY=X with X higher than the current value 16777216, (2) compile with -sALLOW_MEMORY_GROWTH which allows increasing the size at runtime, or (3) if you want malloc to return NULL (0) instead of this abort, compile with -sABORTING_MALLOC=0)
/home/test/workspace/openh264/test/encoder_binary_comparison/AllTestData/Adobe_PDF_sample_a_1024x768_50Frms.264/h264enc.js:167
      throw ex;
      ^

RuntimeError: Aborted(Cannot enlarge memory arrays to size 19124224 bytes (OOM). Either (1) compile with -sINITIAL_MEMORY=X with X higher than the current value 16777216, (2) compile with -sALLOW_MEMORY_GROWTH which allows increasing the size at runtime, or (3) if you want malloc to return NULL (0) instead of this abort, compile with -sABORTING_MALLOC=0)
    at abort (/home/test/workspace/openh264/test/encoder_binary_comparison/AllTestData/Adobe_PDF_sample_a_1024x768_50Frms.264/h264enc.js:1031:11)
    at abortOnCannotGrowMemory (/home/test/workspace/openh264/test/encoder_binary_comparison/AllTestData/Adobe_PDF_sample_a_1024x768_50Frms.264/h264enc.js:4914:7)
    at _emscripten_resize_heap (/home/test/workspace/openh264/test/encoder_binary_comparison/AllTestData/Adobe_PDF_sample_a_1024x768_50Frms.264/h264enc.js:4919:7)
    at wasm://wasm/00265406:wasm-function[1133]:0x705f0
    at wasm://wasm/00265406:wasm-function[1121]:0x6e28d
    at wasm://wasm/00265406:wasm-function[775]:0x60eb2
    at wasm://wasm/00265406:wasm-function[357]:0x2e8f3
    at wasm://wasm/00265406:wasm-function[363]:0x2f261
    at wasm://wasm/00265406:wasm-function[555]:0x407f3
    at wasm://wasm/00265406:wasm-function[554]:0x405bd   [0m
[31m    Failed! Adobe_PDF_sample_a_1024x768_50Frms.264_x.yuv Case Index 876:SHA-1(Current--Benchmark): NULL-----fbf2173c22529ff027aad7318646ef61a5e380dd  [0m
[31m            ----YUVSHA1:  NULL,  9aa9a4d9598eb3e1093311826844f37c43e4c521  [0m
[31m           Aborted(Cannot enlarge memory arrays to size 19124224 bytes (OOM). Either (1) compile with -sINITIAL_MEMORY=X with X higher than the current value 16777216, (2) compile with -sALLOW_MEMORY_GROWTH which allows increasing the size at runtime, or (3) if you want malloc to return NULL (0) instead of this abort, compile with -sABORTING_MALLOC=0)
/home/test/workspace/openh264/test/encoder_binary_comparison/AllTestData/Adobe_PDF_sample_a_1024x768_50Frms.264/h264enc.js:167
      throw ex;
      ^

RuntimeError: Aborted(Cannot enlarge memory arrays to size 19124224 bytes (OOM). Either (1) compile with -sINITIAL_MEMORY=X with X higher than the current value 16777216, (2) compile with -sALLOW_MEMORY_GROWTH which allows increasing the size at runtime, or (3) if you want malloc to return NULL (0) instead of this abort, compile with -sABORTING_MALLOC=0)
    at abort (/home/test/workspace/openh264/test/encoder_binary_comparison/AllTestData/Adobe_PDF_sample_a_1024x768_50Frms.264/h264enc.js:1031:11)
    at abortOnCannotGrowMemory (/home/test/workspace/openh264/test/encoder_binary_comparison/AllTestData/Adobe_PDF_sample_a_1024x768_50Frms.264/h264enc.js:4914:7)
    at _emscripten_resize_heap (/home/test/workspace/openh264/test/encoder_binary_comparison/AllTestData/Adobe_PDF_sample_a_1024x768_50Frms.264/h264enc.js:4919:7)
    at wasm://wasm/00265406:wasm-function[1133]:0x705f0
    at wasm://wasm/00265406:wasm-function[1121]:0x6e28d
    at wasm://wasm/00265406:wasm-function[775]:0x60eb2
    at wasm://wasm/00265406:wasm-function[357]:0x2e8f3
    at wasm://wasm/00265406:wasm-function[363]:0x2f261
    at wasm://wasm/00265406:wasm-function[555]:0x407f3
    at wasm://wasm/00265406:wasm-function[554]:0x405bd   [0m
[31m    Failed! Adobe_PDF_sample_a_1024x768_50Frms.264_x.yuv Case Index 877:SHA-1(Current--Benchmark): NULL-----fbf2173c22529ff027aad7318646ef61a5e380dd  [0m
[31m            ----YUVSHA1:  NULL,  9aa9a4d9598eb3e1093311826844f37c43e4c521  [0m
[31m           Aborted(Cannot enlarge memory arrays to size 19124224 bytes (OOM). Either (1) compile with -sINITIAL_MEMORY=X with X higher than the current value 16777216, (2) compile with -sALLOW_MEMORY_GROWTH which allows increasing the size at runtime, or (3) if you want malloc to return NULL (0) instead of this abort, compile with -sABORTING_MALLOC=0)
/home/test/workspace/openh264/test/encoder_binary_comparison/AllTestData/Adobe_PDF_sample_a_1024x768_50Frms.264/h264enc.js:167
      throw ex;
      ^

RuntimeError: Aborted(Cannot enlarge memory arrays to size 19124224 bytes (OOM). Either (1) compile with -sINITIAL_MEMORY=X with X higher than the current value 16777216, (2) compile with -sALLOW_MEMORY_GROWTH which allows increasing the size at runtime, or (3) if you want malloc to return NULL (0) instead of this abort, compile with -sABORTING_MALLOC=0)
    at abort (/home/test/workspace/openh264/test/encoder_binary_comparison/AllTestData/Adobe_PDF_sample_a_1024x768_50Frms.264/h264enc.js:1031:11)
    at abortOnCannotGrowMemory (/home/test/workspace/openh264/test/encoder_binary_comparison/AllTestData/Adobe_PDF_sample_a_1024x768_50Frms.264/h264enc.js:4914:7)
    at _emscripten_resize_heap (/home/test/workspace/openh264/test/encoder_binary_comparison/AllTestData/Adobe_PDF_sample_a_1024x768_50Frms.264/h264enc.js:4919:7)
    at wasm://wasm/00265406:wasm-function[1133]:0x705f0
    at wasm://wasm/00265406:wasm-function[1121]:0x6e28d
    at wasm://wasm/00265406:wasm-function[775]:0x60eb2
    at wasm://wasm/00265406:wasm-function[357]:0x2e8f3
    at wasm://wasm/00265406:wasm-function[363]:0x2f261
    at wasm://wasm/00265406:wasm-function[555]:0x407f3
    at wasm://wasm/00265406:wasm-function[554]:0x405bd   [0m
[31m    Failed! Adobe_PDF_sample_a_1024x768_50Frms.264_x.yuv Case Index 878:SHA-1(Current--Benchmark): NULL-----fbf2173c22529ff027aad7318646ef61a5e380dd  [0m
[31m            ----YUVSHA1:  NULL,  9aa9a4d9598eb3e1093311826844f37c43e4c521  [0m
[31m           Aborted(Cannot enlarge memory arrays to size 19124224 bytes (OOM). Either (1) compile with -sINITIAL_MEMORY=X with X higher than the current value 16777216, (2) compile with -sALLOW_MEMORY_GROWTH which allows increasing the size at runtime, or (3) if you want malloc to return NULL (0) instead of this abort, compile with -sABORTING_MALLOC=0)
/home/test/workspace/openh264/test/encoder_binary_comparison/AllTestData/Adobe_PDF_sample_a_1024x768_50Frms.264/h264enc.js:167
      throw ex;
      ^

RuntimeError: Aborted(Cannot enlarge memory arrays to size 19124224 bytes (OOM). Either (1) compile with -sINITIAL_MEMORY=X with X higher than the current value 16777216, (2) compile with -sALLOW_MEMORY_GROWTH which allows increasing the size at runtime, or (3) if you want malloc to return NULL (0) instead of this abort, compile with -sABORTING_MALLOC=0)
    at abort (/home/test/workspace/openh264/test/encoder_binary_comparison/AllTestData/Adobe_PDF_sample_a_1024x768_50Frms.264/h264enc.js:1031:11)
    at abortOnCannotGrowMemory (/home/test/workspace/openh264/test/encoder_binary_comparison/AllTestData/Adobe_PDF_sample_a_1024x768_50Frms.264/h264enc.js:4914:7)
    at _emscripten_resize_heap (/home/test/workspace/openh264/test/encoder_binary_comparison/AllTestData/Adobe_PDF_sample_a_1024x768_50Frms.264/h264enc.js:4919:7)
    at wasm://wasm/00265406:wasm-function[1133]:0x705f0
    at wasm://wasm/00265406:wasm-function[1121]:0x6e28d
    at wasm://wasm/00265406:wasm-function[775]:0x60eb2
    at wasm://wasm/00265406:wasm-function[357]:0x2e8f3
    at wasm://wasm/00265406:wasm-function[363]:0x2f261
    at wasm://wasm/00265406:wasm-function[555]:0x407f3
    at wasm://wasm/00265406:wasm-function[554]:0x405bd   [0m
[31m    Failed! Adobe_PDF_sample_a_1024x768_50Frms.264_x.yuv Case Index 879:SHA-1(Current--Benchmark): NULL-----fbf2173c22529ff027aad7318646ef61a5e380dd  [0m
[31m            ----YUVSHA1:  NULL,  9aa9a4d9598eb3e1093311826844f37c43e4c521  [0m
[31m           Aborted(Cannot enlarge memory arrays to size 19124224 bytes (OOM). Either (1) compile with -sINITIAL_MEMORY=X with X higher than the current value 16777216, (2) compile with -sALLOW_MEMORY_GROWTH which allows increasing the size at runtime, or (3) if you want malloc to return NULL (0) instead of this abort, compile with -sABORTING_MALLOC=0)
/home/test/workspace/openh264/test/encoder_binary_comparison/AllTestData/Adobe_PDF_sample_a_1024x768_50Frms.264/h264enc.js:167
      throw ex;
      ^

RuntimeError: Aborted(Cannot enlarge memory arrays to size 19124224 bytes (OOM). Either (1) compile with -sINITIAL_MEMORY=X with X higher than the current value 16777216, (2) compile with -sALLOW_MEMORY_GROWTH which allows increasing the size at runtime, or (3) if you want malloc to return NULL (0) instead of this abort, compile with -sABORTING_MALLOC=0)
    at abort (/home/test/workspace/openh264/test/encoder_binary_comparison/AllTestData/Adobe_PDF_sample_a_1024x768_50Frms.264/h264enc.js:1031:11)
    at abortOnCannotGrowMemory (/home/test/workspace/openh264/test/encoder_binary_comparison/AllTestData/Adobe_PDF_sample_a_1024x768_50Frms.264/h264enc.js:4914:7)
    at _emscripten_resize_heap (/home/test/workspace/openh264/test/encoder_binary_comparison/AllTestData/Adobe_PDF_sample_a_1024x768_50Frms.264/h264enc.js:4919:7)
    at wasm://wasm/00265406:wasm-function[1133]:0x705f0
    at wasm://wasm/00265406:wasm-function[1121]:0x6e28d
    at wasm://wasm/00265406:wasm-function[775]:0x60eb2
    at wasm://wasm/00265406:wasm-function[357]:0x2e8f3
    at wasm://wasm/00265406:wasm-function[363]:0x2f261
    at wasm://wasm/00265406:wasm-function[555]:0x407f3
    at wasm://wasm/00265406:wasm-function[554]:0x405bd   [0m
[31m    Failed! Adobe_PDF_sample_a_1024x768_50Frms.264_x.yuv Case Index 880:SHA-1(Current--Benchmark): NULL-----9ec6196b4c538c730ed4041f357e81031313e5de  [0m
[31m            ----YUVSHA1:  NULL,  9aa9a4d9598eb3e1093311826844f37c43e4c521  [0m
[31m           Aborted(Cannot enlarge memory arrays to size 19124224 bytes (OOM). Either (1) compile with -sINITIAL_MEMORY=X with X higher than the current value 16777216, (2) compile with -sALLOW_MEMORY_GROWTH which allows increasing the size at runtime, or (3) if you want malloc to return NULL (0) instead of this abort, compile with -sABORTING_MALLOC=0)
/home/test/workspace/openh264/test/encoder_binary_comparison/AllTestData/Adobe_PDF_sample_a_1024x768_50Frms.264/h264enc.js:167
      throw ex;
      ^

RuntimeError: Aborted(Cannot enlarge memory arrays to size 19124224 bytes (OOM). Either (1) compile with -sINITIAL_MEMORY=X with X higher than the current value 16777216, (2) compile with -sALLOW_MEMORY_GROWTH which allows increasing the size at runtime, or (3) if you want malloc to return NULL (0) instead of this abort, compile with -sABORTING_MALLOC=0)
    at abort (/home/test/workspace/openh264/test/encoder_binary_comparison/AllTestData/Adobe_PDF_sample_a_1024x768_50Frms.264/h264enc.js:1031:11)
    at abortOnCannotGrowMemory (/home/test/workspace/openh264/test/encoder_binary_comparison/AllTestData/Adobe_PDF_sample_a_1024x768_50Frms.264/h264enc.js:4914:7)
    at _emscripten_resize_heap (/home/test/workspace/openh264/test/encoder_binary_comparison/AllTestData/Adobe_PDF_sample_a_1024x768_50Frms.264/h264enc.js:4919:7)
    at wasm://wasm/00265406:wasm-function[1133]:0x705f0
    at wasm://wasm/00265406:wasm-function[1121]:0x6e28d
    at wasm://wasm/00265406:wasm-function[775]:0x60eb2
    at wasm://wasm/00265406:wasm-function[357]:0x2e8f3
    at wasm://wasm/00265406:wasm-function[363]:0x2f261
    at wasm://wasm/00265406:wasm-function[555]:0x407f3
    at wasm://wasm/00265406:wasm-function[554]:0x405bd   [0m
[31m    Failed! Adobe_PDF_sample_a_1024x768_50Frms.264_x.yuv Case Index 881:SHA-1(Current--Benchmark): NULL-----9ec6196b4c538c730ed4041f357e81031313e5de  [0m
[31m            ----YUVSHA1:  NULL,  9aa9a4d9598eb3e1093311826844f37c43e4c521  [0m
[31m           Aborted(Cannot enlarge memory arrays to size 19124224 bytes (OOM). Either (1) compile with -sINITIAL_MEMORY=X with X higher than the current value 16777216, (2) compile with -sALLOW_MEMORY_GROWTH which allows increasing the size at runtime, or (3) if you want malloc to return NULL (0) instead of this abort, compile with -sABORTING_MALLOC=0)
/home/test/workspace/openh264/test/encoder_binary_comparison/AllTestData/Adobe_PDF_sample_a_1024x768_50Frms.264/h264enc.js:167
      throw ex;
      ^

RuntimeError: Aborted(Cannot enlarge memory arrays to size 19124224 bytes (OOM). Either (1) compile with -sINITIAL_MEMORY=X with X higher than the current value 16777216, (2) compile with -sALLOW_MEMORY_GROWTH which allows increasing the size at runtime, or (3) if you want malloc to return NULL (0) instead of this abort, compile with -sABORTING_MALLOC=0)
    at abort (/home/test/workspace/openh264/test/encoder_binary_comparison/AllTestData/Adobe_PDF_sample_a_1024x768_50Frms.264/h264enc.js:1031:11)
    at abortOnCannotGrowMemory (/home/test/workspace/openh264/test/encoder_binary_comparison/AllTestData/Adobe_PDF_sample_a_1024x768_50Frms.264/h264enc.js:4914:7)
    at _emscripten_resize_heap (/home/test/workspace/openh264/test/encoder_binary_comparison/AllTestData/Adobe_PDF_sample_a_1024x768_50Frms.264/h264enc.js:4919:7)
    at wasm://wasm/00265406:wasm-function[1133]:0x705f0
    at wasm://wasm/00265406:wasm-function[1121]:0x6e28d
    at wasm://wasm/00265406:wasm-function[775]:0x60eb2
    at wasm://wasm/00265406:wasm-function[357]:0x2e8f3
    at wasm://wasm/00265406:wasm-function[363]:0x2f261
    at wasm://wasm/00265406:wasm-function[555]:0x407f3
    at wasm://wasm/00265406:wasm-function[554]:0x405bd   [0m
[31m    Failed! Adobe_PDF_sample_a_1024x768_50Frms.264_x.yuv Case Index 882:SHA-1(Current--Benchmark): NULL-----9ec6196b4c538c730ed4041f357e81031313e5de  [0m
[31m            ----YUVSHA1:  NULL,  9aa9a4d9598eb3e1093311826844f37c43e4c521  [0m
[31m           Aborted(Cannot enlarge memory arrays to size 19124224 bytes (OOM). Either (1) compile with -sINITIAL_MEMORY=X with X higher than the current value 16777216, (2) compile with -sALLOW_MEMORY_GROWTH which allows increasing the size at runtime, or (3) if you want malloc to return NULL (0) instead of this abort, compile with -sABORTING_MALLOC=0)
/home/test/workspace/openh264/test/encoder_binary_comparison/AllTestData/Adobe_PDF_sample_a_1024x768_50Frms.264/h264enc.js:167
      throw ex;
      ^

RuntimeError: Aborted(Cannot enlarge memory arrays to size 19124224 bytes (OOM). Either (1) compile with -sINITIAL_MEMORY=X with X higher than the current value 16777216, (2) compile with -sALLOW_MEMORY_GROWTH which allows increasing the size at runtime, or (3) if you want malloc to return NULL (0) instead of this abort, compile with -sABORTING_MALLOC=0)
    at abort (/home/test/workspace/openh264/test/encoder_binary_comparison/AllTestData/Adobe_PDF_sample_a_1024x768_50Frms.264/h264enc.js:1031:11)
    at abortOnCannotGrowMemory (/home/test/workspace/openh264/test/encoder_binary_comparison/AllTestData/Adobe_PDF_sample_a_1024x768_50Frms.264/h264enc.js:4914:7)
    at _emscripten_resize_heap (/home/test/workspace/openh264/test/encoder_binary_comparison/AllTestData/Adobe_PDF_sample_a_1024x768_50Frms.264/h264enc.js:4919:7)
    at wasm://wasm/00265406:wasm-function[1133]:0x705f0
    at wasm://wasm/00265406:wasm-function[1121]:0x6e28d
    at wasm://wasm/00265406:wasm-function[775]:0x60eb2
    at wasm://wasm/00265406:wasm-function[357]:0x2e8f3
    at wasm://wasm/00265406:wasm-function[363]:0x2f261
    at wasm://wasm/00265406:wasm-function[555]:0x407f3
    at wasm://wasm/00265406:wasm-function[554]:0x405bd   [0m
[31m    Failed! Adobe_PDF_sample_a_1024x768_50Frms.264_x.yuv Case Index 883:SHA-1(Current--Benchmark): NULL-----9ec6196b4c538c730ed4041f357e81031313e5de  [0m
[31m            ----YUVSHA1:  NULL,  9aa9a4d9598eb3e1093311826844f37c43e4c521  [0m
[31m           Aborted(Cannot enlarge memory arrays to size 19124224 bytes (OOM). Either (1) compile with -sINITIAL_MEMORY=X with X higher than the current value 16777216, (2) compile with -sALLOW_MEMORY_GROWTH which allows increasing the size at runtime, or (3) if you want malloc to return NULL (0) instead of this abort, compile with -sABORTING_MALLOC=0)
/home/test/workspace/openh264/test/encoder_binary_comparison/AllTestData/Adobe_PDF_sample_a_1024x768_50Frms.264/h264enc.js:167
      throw ex;
      ^

RuntimeError: Aborted(Cannot enlarge memory arrays to size 19124224 bytes (OOM). Either (1) compile with -sINITIAL_MEMORY=X with X higher than the current value 16777216, (2) compile with -sALLOW_MEMORY_GROWTH which allows increasing the size at runtime, or (3) if you want malloc to return NULL (0) instead of this abort, compile with -sABORTING_MALLOC=0)
    at abort (/home/test/workspace/openh264/test/encoder_binary_comparison/AllTestData/Adobe_PDF_sample_a_1024x768_50Frms.264/h264enc.js:1031:11)
    at abortOnCannotGrowMemory (/home/test/workspace/openh264/test/encoder_binary_comparison/AllTestData/Adobe_PDF_sample_a_1024x768_50Frms.264/h264enc.js:4914:7)
    at _emscripten_resize_heap (/home/test/workspace/openh264/test/encoder_binary_comparison/AllTestData/Adobe_PDF_sample_a_1024x768_50Frms.264/h264enc.js:4919:7)
    at wasm://wasm/00265406:wasm-function[1133]:0x705f0
    at wasm://wasm/00265406:wasm-function[1121]:0x6e28d
    at wasm://wasm/00265406:wasm-function[775]:0x60eb2
    at wasm://wasm/00265406:wasm-function[357]:0x2e8f3
    at wasm://wasm/00265406:wasm-function[363]:0x2f261
    at wasm://wasm/00265406:wasm-function[555]:0x407f3
    at wasm://wasm/00265406:wasm-function[554]:0x405bd   [0m
[31m    Failed! Adobe_PDF_sample_a_1024x768_50Frms.264_x.yuv Case Index 884:SHA-1(Current--Benchmark): NULL-----9ec6196b4c538c730ed4041f357e81031313e5de  [0m
[31m            ----YUVSHA1:  NULL,  9aa9a4d9598eb3e1093311826844f37c43e4c521  [0m
[31m           Aborted(Cannot enlarge memory arrays to size 19124224 bytes (OOM). Either (1) compile with -sINITIAL_MEMORY=X with X higher than the current value 16777216, (2) compile with -sALLOW_MEMORY_GROWTH which allows increasing the size at runtime, or (3) if you want malloc to return NULL (0) instead of this abort, compile with -sABORTING_MALLOC=0)
/home/test/workspace/openh264/test/encoder_binary_comparison/AllTestData/Adobe_PDF_sample_a_1024x768_50Frms.264/h264enc.js:167
      throw ex;
      ^

RuntimeError: Aborted(Cannot enlarge memory arrays to size 19124224 bytes (OOM). Either (1) compile with -sINITIAL_MEMORY=X with X higher than the current value 16777216, (2) compile with -sALLOW_MEMORY_GROWTH which allows increasing the size at runtime, or (3) if you want malloc to return NULL (0) instead of this abort, compile with -sABORTING_MALLOC=0)
    at abort (/home/test/workspace/openh264/test/encoder_binary_comparison/AllTestData/Adobe_PDF_sample_a_1024x768_50Frms.264/h264enc.js:1031:11)
    at abortOnCannotGrowMemory (/home/test/workspace/openh264/test/encoder_binary_comparison/AllTestData/Adobe_PDF_sample_a_1024x768_50Frms.264/h264enc.js:4914:7)
    at _emscripten_resize_heap (/home/test/workspace/openh264/test/encoder_binary_comparison/AllTestData/Adobe_PDF_sample_a_1024x768_50Frms.264/h264enc.js:4919:7)
    at wasm://wasm/00265406:wasm-function[1133]:0x705f0
    at wasm://wasm/00265406:wasm-function[1121]:0x6e28d
    at wasm://wasm/00265406:wasm-function[775]:0x60eb2
    at wasm://wasm/00265406:wasm-function[357]:0x2e8f3
    at wasm://wasm/00265406:wasm-function[363]:0x2f261
    at wasm://wasm/00265406:wasm-function[555]:0x407f3
    at wasm://wasm/00265406:wasm-function[554]:0x405bd   [0m
[31m    Failed! Adobe_PDF_sample_a_1024x768_50Frms.264_x.yuv Case Index 885:SHA-1(Current--Benchmark): NULL-----9ec6196b4c538c730ed4041f357e81031313e5de  [0m
[31m            ----YUVSHA1:  NULL,  9aa9a4d9598eb3e1093311826844f37c43e4c521  [0m
[31m           Aborted(Cannot enlarge memory arrays to size 19124224 bytes (OOM). Either (1) compile with -sINITIAL_MEMORY=X with X higher than the current value 16777216, (2) compile with -sALLOW_MEMORY_GROWTH which allows increasing the size at runtime, or (3) if you want malloc to return NULL (0) instead of this abort, compile with -sABORTING_MALLOC=0)
/home/test/workspace/openh264/test/encoder_binary_comparison/AllTestData/Adobe_PDF_sample_a_1024x768_50Frms.264/h264enc.js:167
      throw ex;
      ^

RuntimeError: Aborted(Cannot enlarge memory arrays to size 19124224 bytes (OOM). Either (1) compile with -sINITIAL_MEMORY=X with X higher than the current value 16777216, (2) compile with -sALLOW_MEMORY_GROWTH which allows increasing the size at runtime, or (3) if you want malloc to return NULL (0) instead of this abort, compile with -sABORTING_MALLOC=0)
    at abort (/home/test/workspace/openh264/test/encoder_binary_comparison/AllTestData/Adobe_PDF_sample_a_1024x768_50Frms.264/h264enc.js:1031:11)
    at abortOnCannotGrowMemory (/home/test/workspace/openh264/test/encoder_binary_comparison/AllTestData/Adobe_PDF_sample_a_1024x768_50Frms.264/h264enc.js:4914:7)
    at _emscripten_resize_heap (/home/test/workspace/openh264/test/encoder_binary_comparison/AllTestData/Adobe_PDF_sample_a_1024x768_50Frms.264/h264enc.js:4919:7)
    at wasm://wasm/00265406:wasm-function[1133]:0x705f0
    at wasm://wasm/00265406:wasm-function[1121]:0x6e28d
    at wasm://wasm/00265406:wasm-function[775]:0x60eb2
    at wasm://wasm/00265406:wasm-function[357]:0x2e8f3
    at wasm://wasm/00265406:wasm-function[363]:0x2f261
    at wasm://wasm/00265406:wasm-function[555]:0x407f3
    at wasm://wasm/00265406:wasm-function[554]:0x405bd   [0m
[31m    Failed! Adobe_PDF_sample_a_1024x768_50Frms.264_x.yuv Case Index 886:SHA-1(Current--Benchmark): NULL-----9ec6196b4c538c730ed4041f357e81031313e5de  [0m
[31m            ----YUVSHA1:  NULL,  9aa9a4d9598eb3e1093311826844f37c43e4c521  [0m
[31m           Aborted(Cannot enlarge memory arrays to size 19124224 bytes (OOM). Either (1) compile with -sINITIAL_MEMORY=X with X higher than the current value 16777216, (2) compile with -sALLOW_MEMORY_GROWTH which allows increasing the size at runtime, or (3) if you want malloc to return NULL (0) instead of this abort, compile with -sABORTING_MALLOC=0)
/home/test/workspace/openh264/test/encoder_binary_comparison/AllTestData/Adobe_PDF_sample_a_1024x768_50Frms.264/h264enc.js:167
      throw ex;
      ^

RuntimeError: Aborted(Cannot enlarge memory arrays to size 19124224 bytes (OOM). Either (1) compile with -sINITIAL_MEMORY=X with X higher than the current value 16777216, (2) compile with -sALLOW_MEMORY_GROWTH which allows increasing the size at runtime, or (3) if you want malloc to return NULL (0) instead of this abort, compile with -sABORTING_MALLOC=0)
    at abort (/home/test/workspace/openh264/test/encoder_binary_comparison/AllTestData/Adobe_PDF_sample_a_1024x768_50Frms.264/h264enc.js:1031:11)
    at abortOnCannotGrowMemory (/home/test/workspace/openh264/test/encoder_binary_comparison/AllTestData/Adobe_PDF_sample_a_1024x768_50Frms.264/h264enc.js:4914:7)
    at _emscripten_resize_heap (/home/test/workspace/openh264/test/encoder_binary_comparison/AllTestData/Adobe_PDF_sample_a_1024x768_50Frms.264/h264enc.js:4919:7)
    at wasm://wasm/00265406:wasm-function[1133]:0x705f0
    at wasm://wasm/00265406:wasm-function[1121]:0x6e28d
    at wasm://wasm/00265406:wasm-function[775]:0x60eb2
    at wasm://wasm/00265406:wasm-function[357]:0x2e8f3
    at wasm://wasm/00265406:wasm-function[363]:0x2f261
    at wasm://wasm/00265406:wasm-function[555]:0x407f3
    at wasm://wasm/00265406:wasm-function[554]:0x405bd   [0m
[31m    Failed! Adobe_PDF_sample_a_1024x768_50Frms.264_x.yuv Case Index 887:SHA-1(Current--Benchmark): NULL-----9ec6196b4c538c730ed4041f357e81031313e5de  [0m
[31m            ----YUVSHA1:  NULL,  9aa9a4d9598eb3e1093311826844f37c43e4c521  [0m
[31m           Aborted(Cannot enlarge memory arrays to size 19124224 bytes (OOM). Either (1) compile with -sINITIAL_MEMORY=X with X higher than the current value 16777216, (2) compile with -sALLOW_MEMORY_GROWTH which allows increasing the size at runtime, or (3) if you want malloc to return NULL (0) instead of this abort, compile with -sABORTING_MALLOC=0)
/home/test/workspace/openh264/test/encoder_binary_comparison/AllTestData/Adobe_PDF_sample_a_1024x768_50Frms.264/h264enc.js:167
      throw ex;
      ^

RuntimeError: Aborted(Cannot enlarge memory arrays to size 19124224 bytes (OOM). Either (1) compile with -sINITIAL_MEMORY=X with X higher than the current value 16777216, (2) compile with -sALLOW_MEMORY_GROWTH which allows increasing the size at runtime, or (3) if you want malloc to return NULL (0) instead of this abort, compile with -sABORTING_MALLOC=0)
    at abort (/home/test/workspace/openh264/test/encoder_binary_comparison/AllTestData/Adobe_PDF_sample_a_1024x768_50Frms.264/h264enc.js:1031:11)
    at abortOnCannotGrowMemory (/home/test/workspace/openh264/test/encoder_binary_comparison/AllTestData/Adobe_PDF_sample_a_1024x768_50Frms.264/h264enc.js:4914:7)
    at _emscripten_resize_heap (/home/test/workspace/openh264/test/encoder_binary_comparison/AllTestData/Adobe_PDF_sample_a_1024x768_50Frms.264/h264enc.js:4919:7)
    at wasm://wasm/00265406:wasm-function[1133]:0x705f0
    at wasm://wasm/00265406:wasm-function[1121]:0x6e28d
    at wasm://wasm/00265406:wasm-function[775]:0x60eb2
    at wasm://wasm/00265406:wasm-function[357]:0x2e8f3
    at wasm://wasm/00265406:wasm-function[363]:0x2f261
    at wasm://wasm/00265406:wasm-function[555]:0x407f3
    at wasm://wasm/00265406:wasm-function[554]:0x405bd   [0m
[31m    Failed! Adobe_PDF_sample_a_1024x768_50Frms.264_x.yuv Case Index 888:SHA-1(Current--Benchmark): NULL-----9ec6196b4c538c730ed4041f357e81031313e5de  [0m
[31m            ----YUVSHA1:  NULL,  9aa9a4d9598eb3e1093311826844f37c43e4c521  [0m
[31m           Aborted(Cannot enlarge memory arrays to size 19124224 bytes (OOM). Either (1) compile with -sINITIAL_MEMORY=X with X higher than the current value 16777216, (2) compile with -sALLOW_MEMORY_GROWTH which allows increasing the size at runtime, or (3) if you want malloc to return NULL (0) instead of this abort, compile with -sABORTING_MALLOC=0)
/home/test/workspace/openh264/test/encoder_binary_comparison/AllTestData/Adobe_PDF_sample_a_1024x768_50Frms.264/h264enc.js:167
      throw ex;
      ^

RuntimeError: Aborted(Cannot enlarge memory arrays to size 19124224 bytes (OOM). Either (1) compile with -sINITIAL_MEMORY=X with X higher than the current value 16777216, (2) compile with -sALLOW_MEMORY_GROWTH which allows increasing the size at runtime, or (3) if you want malloc to return NULL (0) instead of this abort, compile with -sABORTING_MALLOC=0)
    at abort (/home/test/workspace/openh264/test/encoder_binary_comparison/AllTestData/Adobe_PDF_sample_a_1024x768_50Frms.264/h264enc.js:1031:11)
    at abortOnCannotGrowMemory (/home/test/workspace/openh264/test/encoder_binary_comparison/AllTestData/Adobe_PDF_sample_a_1024x768_50Frms.264/h264enc.js:4914:7)
    at _emscripten_resize_heap (/home/test/workspace/openh264/test/encoder_binary_comparison/AllTestData/Adobe_PDF_sample_a_1024x768_50Frms.264/h264enc.js:4919:7)
    at wasm://wasm/00265406:wasm-function[1133]:0x705f0
    at wasm://wasm/00265406:wasm-function[1121]:0x6e28d
    at wasm://wasm/00265406:wasm-function[775]:0x60eb2
    at wasm://wasm/00265406:wasm-function[357]:0x2e8f3
    at wasm://wasm/00265406:wasm-function[363]:0x2f261
    at wasm://wasm/00265406:wasm-function[555]:0x407f3
    at wasm://wasm/00265406:wasm-function[554]:0x405bd   [0m
[31m    Failed! Adobe_PDF_sample_a_1024x768_50Frms.264_x.yuv Case Index 889:SHA-1(Current--Benchmark): NULL-----9ec6196b4c538c730ed4041f357e81031313e5de  [0m
[31m            ----YUVSHA1:  NULL,  9aa9a4d9598eb3e1093311826844f37c43e4c521  [0m
[31m           Aborted(Cannot enlarge memory arrays to size 19124224 bytes (OOM). Either (1) compile with -sINITIAL_MEMORY=X with X higher than the current value 16777216, (2) compile with -sALLOW_MEMORY_GROWTH which allows increasing the size at runtime, or (3) if you want malloc to return NULL (0) instead of this abort, compile with -sABORTING_MALLOC=0)
/home/test/workspace/openh264/test/encoder_binary_comparison/AllTestData/Adobe_PDF_sample_a_1024x768_50Frms.264/h264enc.js:167
      throw ex;
      ^

RuntimeError: Aborted(Cannot enlarge memory arrays to size 19124224 bytes (OOM). Either (1) compile with -sINITIAL_MEMORY=X with X higher than the current value 16777216, (2) compile with -sALLOW_MEMORY_GROWTH which allows increasing the size at runtime, or (3) if you want malloc to return NULL (0) instead of this abort, compile with -sABORTING_MALLOC=0)
    at abort (/home/test/workspace/openh264/test/encoder_binary_comparison/AllTestData/Adobe_PDF_sample_a_1024x768_50Frms.264/h264enc.js:1031:11)
    at abortOnCannotGrowMemory (/home/test/workspace/openh264/test/encoder_binary_comparison/AllTestData/Adobe_PDF_sample_a_1024x768_50Frms.264/h264enc.js:4914:7)
    at _emscripten_resize_heap (/home/test/workspace/openh264/test/encoder_binary_comparison/AllTestData/Adobe_PDF_sample_a_1024x768_50Frms.264/h264enc.js:4919:7)
    at wasm://wasm/00265406:wasm-function[1133]:0x705f0
    at wasm://wasm/00265406:wasm-function[1121]:0x6e28d
    at wasm://wasm/00265406:wasm-function[775]:0x60eb2
    at wasm://wasm/00265406:wasm-function[357]:0x2e8f3
    at wasm://wasm/00265406:wasm-function[363]:0x2f261
    at wasm://wasm/00265406:wasm-function[555]:0x407f3
    at wasm://wasm/00265406:wasm-function[554]:0x405bd   [0m
[31m    Failed! Adobe_PDF_sample_a_1024x768_50Frms.264_x.yuv Case Index 890:SHA-1(Current--Benchmark): NULL-----9ec6196b4c538c730ed4041f357e81031313e5de  [0m
[31m            ----YUVSHA1:  NULL,  9aa9a4d9598eb3e1093311826844f37c43e4c521  [0m
[31m           Aborted(Cannot enlarge memory arrays to size 19124224 bytes (OOM). Either (1) compile with -sINITIAL_MEMORY=X with X higher than the current value 16777216, (2) compile with -sALLOW_MEMORY_GROWTH which allows increasing the size at runtime, or (3) if you want malloc to return NULL (0) instead of this abort, compile with -sABORTING_MALLOC=0)
/home/test/workspace/openh264/test/encoder_binary_comparison/AllTestData/Adobe_PDF_sample_a_1024x768_50Frms.264/h264enc.js:167
      throw ex;
      ^

RuntimeError: Aborted(Cannot enlarge memory arrays to size 19124224 bytes (OOM). Either (1) compile with -sINITIAL_MEMORY=X with X higher than the current value 16777216, (2) compile with -sALLOW_MEMORY_GROWTH which allows increasing the size at runtime, or (3) if you want malloc to return NULL (0) instead of this abort, compile with -sABORTING_MALLOC=0)
    at abort (/home/test/workspace/openh264/test/encoder_binary_comparison/AllTestData/Adobe_PDF_sample_a_1024x768_50Frms.264/h264enc.js:1031:11)
    at abortOnCannotGrowMemory (/home/test/workspace/openh264/test/encoder_binary_comparison/AllTestData/Adobe_PDF_sample_a_1024x768_50Frms.264/h264enc.js:4914:7)
    at _emscripten_resize_heap (/home/test/workspace/openh264/test/encoder_binary_comparison/AllTestData/Adobe_PDF_sample_a_1024x768_50Frms.264/h264enc.js:4919:7)
    at wasm://wasm/00265406:wasm-function[1133]:0x705f0
    at wasm://wasm/00265406:wasm-function[1121]:0x6e28d
    at wasm://wasm/00265406:wasm-function[775]:0x60eb2
    at wasm://wasm/00265406:wasm-function[357]:0x2e8f3
    at wasm://wasm/00265406:wasm-function[363]:0x2f261
    at wasm://wasm/00265406:wasm-function[555]:0x407f3
    at wasm://wasm/00265406:wasm-function[554]:0x405bd   [0m
[31m    Failed! Adobe_PDF_sample_a_1024x768_50Frms.264_x.yuv Case Index 891:SHA-1(Current--Benchmark): NULL-----9ec6196b4c538c730ed4041f357e81031313e5de  [0m
[31m            ----YUVSHA1:  NULL,  9aa9a4d9598eb3e1093311826844f37c43e4c521  [0m
[31m           Aborted(Cannot enlarge memory arrays to size 19124224 bytes (OOM). Either (1) compile with -sINITIAL_MEMORY=X with X higher than the current value 16777216, (2) compile with -sALLOW_MEMORY_GROWTH which allows increasing the size at runtime, or (3) if you want malloc to return NULL (0) instead of this abort, compile with -sABORTING_MALLOC=0)
/home/test/workspace/openh264/test/encoder_binary_comparison/AllTestData/Adobe_PDF_sample_a_1024x768_50Frms.264/h264enc.js:167
      throw ex;
      ^

RuntimeError: Aborted(Cannot enlarge memory arrays to size 19124224 bytes (OOM). Either (1) compile with -sINITIAL_MEMORY=X with X higher than the current value 16777216, (2) compile with -sALLOW_MEMORY_GROWTH which allows increasing the size at runtime, or (3) if you want malloc to return NULL (0) instead of this abort, compile with -sABORTING_MALLOC=0)
    at abort (/home/test/workspace/openh264/test/encoder_binary_comparison/AllTestData/Adobe_PDF_sample_a_1024x768_50Frms.264/h264enc.js:1031:11)
    at abortOnCannotGrowMemory (/home/test/workspace/openh264/test/encoder_binary_comparison/AllTestData/Adobe_PDF_sample_a_1024x768_50Frms.264/h264enc.js:4914:7)
    at _emscripten_resize_heap (/home/test/workspace/openh264/test/encoder_binary_comparison/AllTestData/Adobe_PDF_sample_a_1024x768_50Frms.264/h264enc.js:4919:7)
    at wasm://wasm/00265406:wasm-function[1133]:0x705f0
    at wasm://wasm/00265406:wasm-function[1121]:0x6e28d
    at wasm://wasm/00265406:wasm-function[775]:0x60eb2
    at wasm://wasm/00265406:wasm-function[357]:0x2e8f3
    at wasm://wasm/00265406:wasm-function[363]:0x2f261
    at wasm://wasm/00265406:wasm-function[555]:0x407f3
    at wasm://wasm/00265406:wasm-function[554]:0x405bd   [0m
[31m    Failed! Adobe_PDF_sample_a_1024x768_50Frms.264_x.yuv Case Index 892:SHA-1(Current--Benchmark): NULL-----9ec6196b4c538c730ed4041f357e81031313e5de  [0m
[31m            ----YUVSHA1:  NULL,  9aa9a4d9598eb3e1093311826844f37c43e4c521  [0m
[31m           Aborted(Cannot enlarge memory arrays to size 19124224 bytes (OOM). Either (1) compile with -sINITIAL_MEMORY=X with X higher than the current value 16777216, (2) compile with -sALLOW_MEMORY_GROWTH which allows increasing the size at runtime, or (3) if you want malloc to return NULL (0) instead of this abort, compile with -sABORTING_MALLOC=0)
/home/test/workspace/openh264/test/encoder_binary_comparison/AllTestData/Adobe_PDF_sample_a_1024x768_50Frms.264/h264enc.js:167
      throw ex;
      ^

RuntimeError: Aborted(Cannot enlarge memory arrays to size 19124224 bytes (OOM). Either (1) compile with -sINITIAL_MEMORY=X with X higher than the current value 16777216, (2) compile with -sALLOW_MEMORY_GROWTH which allows increasing the size at runtime, or (3) if you want malloc to return NULL (0) instead of this abort, compile with -sABORTING_MALLOC=0)
    at abort (/home/test/workspace/openh264/test/encoder_binary_comparison/AllTestData/Adobe_PDF_sample_a_1024x768_50Frms.264/h264enc.js:1031:11)
    at abortOnCannotGrowMemory (/home/test/workspace/openh264/test/encoder_binary_comparison/AllTestData/Adobe_PDF_sample_a_1024x768_50Frms.264/h264enc.js:4914:7)
    at _emscripten_resize_heap (/home/test/workspace/openh264/test/encoder_binary_comparison/AllTestData/Adobe_PDF_sample_a_1024x768_50Frms.264/h264enc.js:4919:7)
    at wasm://wasm/00265406:wasm-function[1133]:0x705f0
    at wasm://wasm/00265406:wasm-function[1121]:0x6e28d
    at wasm://wasm/00265406:wasm-function[775]:0x60eb2
    at wasm://wasm/00265406:wasm-function[357]:0x2e8f3
    at wasm://wasm/00265406:wasm-function[363]:0x2f261
    at wasm://wasm/00265406:wasm-function[555]:0x407f3
    at wasm://wasm/00265406:wasm-function[554]:0x405bd   [0m
[31m    Failed! Adobe_PDF_sample_a_1024x768_50Frms.264_x.yuv Case Index 893:SHA-1(Current--Benchmark): NULL-----9ec6196b4c538c730ed4041f357e81031313e5de  [0m
[31m            ----YUVSHA1:  NULL,  9aa9a4d9598eb3e1093311826844f37c43e4c521  [0m
[31m           Aborted(Cannot enlarge memory arrays to size 19124224 bytes (OOM). Either (1) compile with -sINITIAL_MEMORY=X with X higher than the current value 16777216, (2) compile with -sALLOW_MEMORY_GROWTH which allows increasing the size at runtime, or (3) if you want malloc to return NULL (0) instead of this abort, compile with -sABORTING_MALLOC=0)
/home/test/workspace/openh264/test/encoder_binary_comparison/AllTestData/Adobe_PDF_sample_a_1024x768_50Frms.264/h264enc.js:167
      throw ex;
      ^

RuntimeError: Aborted(Cannot enlarge memory arrays to size 19124224 bytes (OOM). Either (1) compile with -sINITIAL_MEMORY=X with X higher than the current value 16777216, (2) compile with -sALLOW_MEMORY_GROWTH which allows increasing the size at runtime, or (3) if you want malloc to return NULL (0) instead of this abort, compile with -sABORTING_MALLOC=0)
    at abort (/home/test/workspace/openh264/test/encoder_binary_comparison/AllTestData/Adobe_PDF_sample_a_1024x768_50Frms.264/h264enc.js:1031:11)
    at abortOnCannotGrowMemory (/home/test/workspace/openh264/test/encoder_binary_comparison/AllTestData/Adobe_PDF_sample_a_1024x768_50Frms.264/h264enc.js:4914:7)
    at _emscripten_resize_heap (/home/test/workspace/openh264/test/encoder_binary_comparison/AllTestData/Adobe_PDF_sample_a_1024x768_50Frms.264/h264enc.js:4919:7)
    at wasm://wasm/00265406:wasm-function[1133]:0x705f0
    at wasm://wasm/00265406:wasm-function[1121]:0x6e28d
    at wasm://wasm/00265406:wasm-function[775]:0x60eb2
    at wasm://wasm/00265406:wasm-function[357]:0x2e8f3
    at wasm://wasm/00265406:wasm-function[363]:0x2f261
    at wasm://wasm/00265406:wasm-function[555]:0x407f3
    at wasm://wasm/00265406:wasm-function[554]:0x405bd   [0m
[31m    Failed! Adobe_PDF_sample_a_1024x768_50Frms.264_x.yuv Case Index 894:SHA-1(Current--Benchmark): NULL-----9ec6196b4c538c730ed4041f357e81031313e5de  [0m
[31m            ----YUVSHA1:  NULL,  9aa9a4d9598eb3e1093311826844f37c43e4c521  [0m
[31m           Aborted(Cannot enlarge memory arrays to size 19124224 bytes (OOM). Either (1) compile with -sINITIAL_MEMORY=X with X higher than the current value 16777216, (2) compile with -sALLOW_MEMORY_GROWTH which allows increasing the size at runtime, or (3) if you want malloc to return NULL (0) instead of this abort, compile with -sABORTING_MALLOC=0)
/home/test/workspace/openh264/test/encoder_binary_comparison/AllTestData/Adobe_PDF_sample_a_1024x768_50Frms.264/h264enc.js:167
      throw ex;
      ^

RuntimeError: Aborted(Cannot enlarge memory arrays to size 19124224 bytes (OOM). Either (1) compile with -sINITIAL_MEMORY=X with X higher than the current value 16777216, (2) compile with -sALLOW_MEMORY_GROWTH which allows increasing the size at runtime, or (3) if you want malloc to return NULL (0) instead of this abort, compile with -sABORTING_MALLOC=0)
    at abort (/home/test/workspace/openh264/test/encoder_binary_comparison/AllTestData/Adobe_PDF_sample_a_1024x768_50Frms.264/h264enc.js:1031:11)
    at abortOnCannotGrowMemory (/home/test/workspace/openh264/test/encoder_binary_comparison/AllTestData/Adobe_PDF_sample_a_1024x768_50Frms.264/h264enc.js:4914:7)
    at _emscripten_resize_heap (/home/test/workspace/openh264/test/encoder_binary_comparison/AllTestData/Adobe_PDF_sample_a_1024x768_50Frms.264/h264enc.js:4919:7)
    at wasm://wasm/00265406:wasm-function[1133]:0x705f0
    at wasm://wasm/00265406:wasm-function[1121]:0x6e28d
    at wasm://wasm/00265406:wasm-function[775]:0x60eb2
    at wasm://wasm/00265406:wasm-function[357]:0x2e8f3
    at wasm://wasm/00265406:wasm-function[363]:0x2f261
    at wasm://wasm/00265406:wasm-function[555]:0x407f3
    at wasm://wasm/00265406:wasm-function[554]:0x405bd   [0m
[31m    Failed! Adobe_PDF_sample_a_1024x768_50Frms.264_x.yuv Case Index 895:SHA-1(Current--Benchmark): NULL-----9ec6196b4c538c730ed4041f357e81031313e5de  [0m
[31m            ----YUVSHA1:  NULL,  9aa9a4d9598eb3e1093311826844f37c43e4c521  [0m
[31m           Aborted(Cannot enlarge memory arrays to size 19124224 bytes (OOM). Either (1) compile with -sINITIAL_MEMORY=X with X higher than the current value 16777216, (2) compile with -sALLOW_MEMORY_GROWTH which allows increasing the size at runtime, or (3) if you want malloc to return NULL (0) instead of this abort, compile with -sABORTING_MALLOC=0)
/home/test/workspace/openh264/test/encoder_binary_comparison/AllTestData/Adobe_PDF_sample_a_1024x768_50Frms.264/h264enc.js:167
      throw ex;
      ^

RuntimeError: Aborted(Cannot enlarge memory arrays to size 19124224 bytes (OOM). Either (1) compile with -sINITIAL_MEMORY=X with X higher than the current value 16777216, (2) compile with -sALLOW_MEMORY_GROWTH which allows increasing the size at runtime, or (3) if you want malloc to return NULL (0) instead of this abort, compile with -sABORTING_MALLOC=0)
    at abort (/home/test/workspace/openh264/test/encoder_binary_comparison/AllTestData/Adobe_PDF_sample_a_1024x768_50Frms.264/h264enc.js:1031:11)
    at abortOnCannotGrowMemory (/home/test/workspace/openh264/test/encoder_binary_comparison/AllTestData/Adobe_PDF_sample_a_1024x768_50Frms.264/h264enc.js:4914:7)
    at _emscripten_resize_heap (/home/test/workspace/openh264/test/encoder_binary_comparison/AllTestData/Adobe_PDF_sample_a_1024x768_50Frms.264/h264enc.js:4919:7)
    at wasm://wasm/00265406:wasm-function[1133]:0x705f0
    at wasm://wasm/00265406:wasm-function[1121]:0x6e28d
    at wasm://wasm/00265406:wasm-function[775]:0x60eb2
    at wasm://wasm/00265406:wasm-function[357]:0x2e8f3
    at wasm://wasm/00265406:wasm-function[363]:0x2f261
    at wasm://wasm/00265406:wasm-function[555]:0x407f3
    at wasm://wasm/00265406:wasm-function[554]:0x405bd   [0m
[31m    Failed! Adobe_PDF_sample_a_1024x768_50Frms.264_x.yuv Case Index 896:SHA-1(Current--Benchmark): NULL-----9ec6196b4c538c730ed4041f357e81031313e5de  [0m
[31m            ----YUVSHA1:  NULL,  9aa9a4d9598eb3e1093311826844f37c43e4c521  [0m
[31m           Aborted(Cannot enlarge memory arrays to size 19124224 bytes (OOM). Either (1) compile with -sINITIAL_MEMORY=X with X higher than the current value 16777216, (2) compile with -sALLOW_MEMORY_GROWTH which allows increasing the size at runtime, or (3) if you want malloc to return NULL (0) instead of this abort, compile with -sABORTING_MALLOC=0)
/home/test/workspace/openh264/test/encoder_binary_comparison/AllTestData/Adobe_PDF_sample_a_1024x768_50Frms.264/h264enc.js:167
      throw ex;
      ^

RuntimeError: Aborted(Cannot enlarge memory arrays to size 19124224 bytes (OOM). Either (1) compile with -sINITIAL_MEMORY=X with X higher than the current value 16777216, (2) compile with -sALLOW_MEMORY_GROWTH which allows increasing the size at runtime, or (3) if you want malloc to return NULL (0) instead of this abort, compile with -sABORTING_MALLOC=0)
    at abort (/home/test/workspace/openh264/test/encoder_binary_comparison/AllTestData/Adobe_PDF_sample_a_1024x768_50Frms.264/h264enc.js:1031:11)
    at abortOnCannotGrowMemory (/home/test/workspace/openh264/test/encoder_binary_comparison/AllTestData/Adobe_PDF_sample_a_1024x768_50Frms.264/h264enc.js:4914:7)
    at _emscripten_resize_heap (/home/test/workspace/openh264/test/encoder_binary_comparison/AllTestData/Adobe_PDF_sample_a_1024x768_50Frms.264/h264enc.js:4919:7)
    at wasm://wasm/00265406:wasm-function[1133]:0x705f0
    at wasm://wasm/00265406:wasm-function[1121]:0x6e28d
    at wasm://wasm/00265406:wasm-function[775]:0x60eb2
    at wasm://wasm/00265406:wasm-function[357]:0x2e8f3
    at wasm://wasm/00265406:wasm-function[363]:0x2f261
    at wasm://wasm/00265406:wasm-function[555]:0x407f3
    at wasm://wasm/00265406:wasm-function[554]:0x405bd   [0m
[31m    Failed! Adobe_PDF_sample_a_1024x768_50Frms.264_x.yuv Case Index 897:SHA-1(Current--Benchmark): NULL-----9ec6196b4c538c730ed4041f357e81031313e5de  [0m
[31m            ----YUVSHA1:  NULL,  9aa9a4d9598eb3e1093311826844f37c43e4c521  [0m
[31m           Aborted(Cannot enlarge memory arrays to size 19124224 bytes (OOM). Either (1) compile with -sINITIAL_MEMORY=X with X higher than the current value 16777216, (2) compile with -sALLOW_MEMORY_GROWTH which allows increasing the size at runtime, or (3) if you want malloc to return NULL (0) instead of this abort, compile with -sABORTING_MALLOC=0)
/home/test/workspace/openh264/test/encoder_binary_comparison/AllTestData/Adobe_PDF_sample_a_1024x768_50Frms.264/h264enc.js:167
      throw ex;
      ^

RuntimeError: Aborted(Cannot enlarge memory arrays to size 19124224 bytes (OOM). Either (1) compile with -sINITIAL_MEMORY=X with X higher than the current value 16777216, (2) compile with -sALLOW_MEMORY_GROWTH which allows increasing the size at runtime, or (3) if you want malloc to return NULL (0) instead of this abort, compile with -sABORTING_MALLOC=0)
    at abort (/home/test/workspace/openh264/test/encoder_binary_comparison/AllTestData/Adobe_PDF_sample_a_1024x768_50Frms.264/h264enc.js:1031:11)
    at abortOnCannotGrowMemory (/home/test/workspace/openh264/test/encoder_binary_comparison/AllTestData/Adobe_PDF_sample_a_1024x768_50Frms.264/h264enc.js:4914:7)
    at _emscripten_resize_heap (/home/test/workspace/openh264/test/encoder_binary_comparison/AllTestData/Adobe_PDF_sample_a_1024x768_50Frms.264/h264enc.js:4919:7)
    at wasm://wasm/00265406:wasm-function[1133]:0x705f0
    at wasm://wasm/00265406:wasm-function[1121]:0x6e28d
    at wasm://wasm/00265406:wasm-function[775]:0x60eb2
    at wasm://wasm/00265406:wasm-function[357]:0x2e8f3
    at wasm://wasm/00265406:wasm-function[363]:0x2f261
    at wasm://wasm/00265406:wasm-function[555]:0x407f3
    at wasm://wasm/00265406:wasm-function[554]:0x405bd   [0m
[31m    Failed! Adobe_PDF_sample_a_1024x768_50Frms.264_x.yuv Case Index 898:SHA-1(Current--Benchmark): NULL-----9ec6196b4c538c730ed4041f357e81031313e5de  [0m
[31m            ----YUVSHA1:  NULL,  9aa9a4d9598eb3e1093311826844f37c43e4c521  [0m
[31m           Aborted(Cannot enlarge memory arrays to size 19124224 bytes (OOM). Either (1) compile with -sINITIAL_MEMORY=X with X higher than the current value 16777216, (2) compile with -sALLOW_MEMORY_GROWTH which allows increasing the size at runtime, or (3) if you want malloc to return NULL (0) instead of this abort, compile with -sABORTING_MALLOC=0)
/home/test/workspace/openh264/test/encoder_binary_comparison/AllTestData/Adobe_PDF_sample_a_1024x768_50Frms.264/h264enc.js:167
      throw ex;
      ^

RuntimeError: Aborted(Cannot enlarge memory arrays to size 19124224 bytes (OOM). Either (1) compile with -sINITIAL_MEMORY=X with X higher than the current value 16777216, (2) compile with -sALLOW_MEMORY_GROWTH which allows increasing the size at runtime, or (3) if you want malloc to return NULL (0) instead of this abort, compile with -sABORTING_MALLOC=0)
    at abort (/home/test/workspace/openh264/test/encoder_binary_comparison/AllTestData/Adobe_PDF_sample_a_1024x768_50Frms.264/h264enc.js:1031:11)
    at abortOnCannotGrowMemory (/home/test/workspace/openh264/test/encoder_binary_comparison/AllTestData/Adobe_PDF_sample_a_1024x768_50Frms.264/h264enc.js:4914:7)
    at _emscripten_resize_heap (/home/test/workspace/openh264/test/encoder_binary_comparison/AllTestData/Adobe_PDF_sample_a_1024x768_50Frms.264/h264enc.js:4919:7)
    at wasm://wasm/00265406:wasm-function[1133]:0x705f0
    at wasm://wasm/00265406:wasm-function[1121]:0x6e28d
    at wasm://wasm/00265406:wasm-function[775]:0x60eb2
    at wasm://wasm/00265406:wasm-function[357]:0x2e8f3
    at wasm://wasm/00265406:wasm-function[363]:0x2f261
    at wasm://wasm/00265406:wasm-function[555]:0x407f3
    at wasm://wasm/00265406:wasm-function[554]:0x405bd   [0m
[31m    Failed! Adobe_PDF_sample_a_1024x768_50Frms.264_x.yuv Case Index 899:SHA-1(Current--Benchmark): NULL-----9ec6196b4c538c730ed4041f357e81031313e5de  [0m
[31m            ----YUVSHA1:  NULL,  9aa9a4d9598eb3e1093311826844f37c43e4c521  [0m
[31m           Aborted(Cannot enlarge memory arrays to size 19124224 bytes (OOM). Either (1) compile with -sINITIAL_MEMORY=X with X higher than the current value 16777216, (2) compile with -sALLOW_MEMORY_GROWTH which allows increasing the size at runtime, or (3) if you want malloc to return NULL (0) instead of this abort, compile with -sABORTING_MALLOC=0)
/home/test/workspace/openh264/test/encoder_binary_comparison/AllTestData/Adobe_PDF_sample_a_1024x768_50Frms.264/h264enc.js:167
      throw ex;
      ^

RuntimeError: Aborted(Cannot enlarge memory arrays to size 19124224 bytes (OOM). Either (1) compile with -sINITIAL_MEMORY=X with X higher than the current value 16777216, (2) compile with -sALLOW_MEMORY_GROWTH which allows increasing the size at runtime, or (3) if you want malloc to return NULL (0) instead of this abort, compile with -sABORTING_MALLOC=0)
    at abort (/home/test/workspace/openh264/test/encoder_binary_comparison/AllTestData/Adobe_PDF_sample_a_1024x768_50Frms.264/h264enc.js:1031:11)
    at abortOnCannotGrowMemory (/home/test/workspace/openh264/test/encoder_binary_comparison/AllTestData/Adobe_PDF_sample_a_1024x768_50Frms.264/h264enc.js:4914:7)
    at _emscripten_resize_heap (/home/test/workspace/openh264/test/encoder_binary_comparison/AllTestData/Adobe_PDF_sample_a_1024x768_50Frms.264/h264enc.js:4919:7)
    at wasm://wasm/00265406:wasm-function[1133]:0x705f0
    at wasm://wasm/00265406:wasm-function[1121]:0x6e28d
    at wasm://wasm/00265406:wasm-function[775]:0x60eb2
    at wasm://wasm/00265406:wasm-function[357]:0x2e8f3
    at wasm://wasm/00265406:wasm-function[363]:0x2f261
    at wasm://wasm/00265406:wasm-function[555]:0x407f3
    at wasm://wasm/00265406:wasm-function[554]:0x405bd   [0m
[31m    Failed! Adobe_PDF_sample_a_1024x768_50Frms.264_x.yuv Case Index 900:SHA-1(Current--Benchmark): NULL-----9ec6196b4c538c730ed4041f357e81031313e5de  [0m
[31m            ----YUVSHA1:  NULL,  9aa9a4d9598eb3e1093311826844f37c43e4c521  [0m
[31m           Aborted(Cannot enlarge memory arrays to size 19124224 bytes (OOM). Either (1) compile with -sINITIAL_MEMORY=X with X higher than the current value 16777216, (2) compile with -sALLOW_MEMORY_GROWTH which allows increasing the size at runtime, or (3) if you want malloc to return NULL (0) instead of this abort, compile with -sABORTING_MALLOC=0)
/home/test/workspace/openh264/test/encoder_binary_comparison/AllTestData/Adobe_PDF_sample_a_1024x768_50Frms.264/h264enc.js:167
      throw ex;
      ^

RuntimeError: Aborted(Cannot enlarge memory arrays to size 19124224 bytes (OOM). Either (1) compile with -sINITIAL_MEMORY=X with X higher than the current value 16777216, (2) compile with -sALLOW_MEMORY_GROWTH which allows increasing the size at runtime, or (3) if you want malloc to return NULL (0) instead of this abort, compile with -sABORTING_MALLOC=0)
    at abort (/home/test/workspace/openh264/test/encoder_binary_comparison/AllTestData/Adobe_PDF_sample_a_1024x768_50Frms.264/h264enc.js:1031:11)
    at abortOnCannotGrowMemory (/home/test/workspace/openh264/test/encoder_binary_comparison/AllTestData/Adobe_PDF_sample_a_1024x768_50Frms.264/h264enc.js:4914:7)
    at _emscripten_resize_heap (/home/test/workspace/openh264/test/encoder_binary_comparison/AllTestData/Adobe_PDF_sample_a_1024x768_50Frms.264/h264enc.js:4919:7)
    at wasm://wasm/00265406:wasm-function[1133]:0x705f0
    at wasm://wasm/00265406:wasm-function[1121]:0x6e28d
    at wasm://wasm/00265406:wasm-function[775]:0x60eb2
    at wasm://wasm/00265406:wasm-function[357]:0x2e8f3
    at wasm://wasm/00265406:wasm-function[363]:0x2f261
    at wasm://wasm/00265406:wasm-function[555]:0x407f3
    at wasm://wasm/00265406:wasm-function[554]:0x405bd   [0m
[31m    Failed! Adobe_PDF_sample_a_1024x768_50Frms.264_x.yuv Case Index 901:SHA-1(Current--Benchmark): NULL-----9ec6196b4c538c730ed4041f357e81031313e5de  [0m
[31m            ----YUVSHA1:  NULL,  9aa9a4d9598eb3e1093311826844f37c43e4c521  [0m
[31m           Aborted(Cannot enlarge memory arrays to size 19124224 bytes (OOM). Either (1) compile with -sINITIAL_MEMORY=X with X higher than the current value 16777216, (2) compile with -sALLOW_MEMORY_GROWTH which allows increasing the size at runtime, or (3) if you want malloc to return NULL (0) instead of this abort, compile with -sABORTING_MALLOC=0)
/home/test/workspace/openh264/test/encoder_binary_comparison/AllTestData/Adobe_PDF_sample_a_1024x768_50Frms.264/h264enc.js:167
      throw ex;
      ^

RuntimeError: Aborted(Cannot enlarge memory arrays to size 19124224 bytes (OOM). Either (1) compile with -sINITIAL_MEMORY=X with X higher than the current value 16777216, (2) compile with -sALLOW_MEMORY_GROWTH which allows increasing the size at runtime, or (3) if you want malloc to return NULL (0) instead of this abort, compile with -sABORTING_MALLOC=0)
    at abort (/home/test/workspace/openh264/test/encoder_binary_comparison/AllTestData/Adobe_PDF_sample_a_1024x768_50Frms.264/h264enc.js:1031:11)
    at abortOnCannotGrowMemory (/home/test/workspace/openh264/test/encoder_binary_comparison/AllTestData/Adobe_PDF_sample_a_1024x768_50Frms.264/h264enc.js:4914:7)
    at _emscripten_resize_heap (/home/test/workspace/openh264/test/encoder_binary_comparison/AllTestData/Adobe_PDF_sample_a_1024x768_50Frms.264/h264enc.js:4919:7)
    at wasm://wasm/00265406:wasm-function[1133]:0x705f0
    at wasm://wasm/00265406:wasm-function[1121]:0x6e28d
    at wasm://wasm/00265406:wasm-function[775]:0x60eb2
    at wasm://wasm/00265406:wasm-function[357]:0x2e8f3
    at wasm://wasm/00265406:wasm-function[363]:0x2f261
    at wasm://wasm/00265406:wasm-function[555]:0x407f3
    at wasm://wasm/00265406:wasm-function[554]:0x405bd   [0m
[31m    Failed! Adobe_PDF_sample_a_1024x768_50Frms.264_x.yuv Case Index 902:SHA-1(Current--Benchmark): NULL-----9ec6196b4c538c730ed4041f357e81031313e5de  [0m
[31m            ----YUVSHA1:  NULL,  9aa9a4d9598eb3e1093311826844f37c43e4c521  [0m
[31m           Aborted(Cannot enlarge memory arrays to size 19124224 bytes (OOM). Either (1) compile with -sINITIAL_MEMORY=X with X higher than the current value 16777216, (2) compile with -sALLOW_MEMORY_GROWTH which allows increasing the size at runtime, or (3) if you want malloc to return NULL (0) instead of this abort, compile with -sABORTING_MALLOC=0)
/home/test/workspace/openh264/test/encoder_binary_comparison/AllTestData/Adobe_PDF_sample_a_1024x768_50Frms.264/h264enc.js:167
      throw ex;
      ^

RuntimeError: Aborted(Cannot enlarge memory arrays to size 19124224 bytes (OOM). Either (1) compile with -sINITIAL_MEMORY=X with X higher than the current value 16777216, (2) compile with -sALLOW_MEMORY_GROWTH which allows increasing the size at runtime, or (3) if you want malloc to return NULL (0) instead of this abort, compile with -sABORTING_MALLOC=0)
    at abort (/home/test/workspace/openh264/test/encoder_binary_comparison/AllTestData/Adobe_PDF_sample_a_1024x768_50Frms.264/h264enc.js:1031:11)
    at abortOnCannotGrowMemory (/home/test/workspace/openh264/test/encoder_binary_comparison/AllTestData/Adobe_PDF_sample_a_1024x768_50Frms.264/h264enc.js:4914:7)
    at _emscripten_resize_heap (/home/test/workspace/openh264/test/encoder_binary_comparison/AllTestData/Adobe_PDF_sample_a_1024x768_50Frms.264/h264enc.js:4919:7)
    at wasm://wasm/00265406:wasm-function[1133]:0x705f0
    at wasm://wasm/00265406:wasm-function[1121]:0x6e28d
    at wasm://wasm/00265406:wasm-function[775]:0x60eb2
    at wasm://wasm/00265406:wasm-function[357]:0x2e8f3
    at wasm://wasm/00265406:wasm-function[363]:0x2f261
    at wasm://wasm/00265406:wasm-function[555]:0x407f3
    at wasm://wasm/00265406:wasm-function[554]:0x405bd   [0m
[31m    Failed! Adobe_PDF_sample_a_1024x768_50Frms.264_x.yuv Case Index 903:SHA-1(Current--Benchmark): NULL-----9ec6196b4c538c730ed4041f357e81031313e5de  [0m
[31m            ----YUVSHA1:  NULL,  9aa9a4d9598eb3e1093311826844f37c43e4c521  [0m
[31m           Aborted(Cannot enlarge memory arrays to size 19124224 bytes (OOM). Either (1) compile with -sINITIAL_MEMORY=X with X higher than the current value 16777216, (2) compile with -sALLOW_MEMORY_GROWTH which allows increasing the size at runtime, or (3) if you want malloc to return NULL (0) instead of this abort, compile with -sABORTING_MALLOC=0)
/home/test/workspace/openh264/test/encoder_binary_comparison/AllTestData/Adobe_PDF_sample_a_1024x768_50Frms.264/h264enc.js:167
      throw ex;
      ^

RuntimeError: Aborted(Cannot enlarge memory arrays to size 19124224 bytes (OOM). Either (1) compile with -sINITIAL_MEMORY=X with X higher than the current value 16777216, (2) compile with -sALLOW_MEMORY_GROWTH which allows increasing the size at runtime, or (3) if you want malloc to return NULL (0) instead of this abort, compile with -sABORTING_MALLOC=0)
    at abort (/home/test/workspace/openh264/test/encoder_binary_comparison/AllTestData/Adobe_PDF_sample_a_1024x768_50Frms.264/h264enc.js:1031:11)
    at abortOnCannotGrowMemory (/home/test/workspace/openh264/test/encoder_binary_comparison/AllTestData/Adobe_PDF_sample_a_1024x768_50Frms.264/h264enc.js:4914:7)
    at _emscripten_resize_heap (/home/test/workspace/openh264/test/encoder_binary_comparison/AllTestData/Adobe_PDF_sample_a_1024x768_50Frms.264/h264enc.js:4919:7)
    at wasm://wasm/00265406:wasm-function[1133]:0x705f0
    at wasm://wasm/00265406:wasm-function[1121]:0x6e28d
    at wasm://wasm/00265406:wasm-function[775]:0x60eb2
    at wasm://wasm/00265406:wasm-function[357]:0x2e8f3
    at wasm://wasm/00265406:wasm-function[363]:0x2f261
    at wasm://wasm/00265406:wasm-function[555]:0x407f3
    at wasm://wasm/00265406:wasm-function[554]:0x405bd   [0m
[31m    Failed! Adobe_PDF_sample_a_1024x768_50Frms.264_x.yuv Case Index 904:SHA-1(Current--Benchmark): NULL-----9ec6196b4c538c730ed4041f357e81031313e5de  [0m
[31m            ----YUVSHA1:  NULL,  9aa9a4d9598eb3e1093311826844f37c43e4c521  [0m
[31m           Aborted(Cannot enlarge memory arrays to size 19124224 bytes (OOM). Either (1) compile with -sINITIAL_MEMORY=X with X higher than the current value 16777216, (2) compile with -sALLOW_MEMORY_GROWTH which allows increasing the size at runtime, or (3) if you want malloc to return NULL (0) instead of this abort, compile with -sABORTING_MALLOC=0)
/home/test/workspace/openh264/test/encoder_binary_comparison/AllTestData/Adobe_PDF_sample_a_1024x768_50Frms.264/h264enc.js:167
      throw ex;
      ^

RuntimeError: Aborted(Cannot enlarge memory arrays to size 19124224 bytes (OOM). Either (1) compile with -sINITIAL_MEMORY=X with X higher than the current value 16777216, (2) compile with -sALLOW_MEMORY_GROWTH which allows increasing the size at runtime, or (3) if you want malloc to return NULL (0) instead of this abort, compile with -sABORTING_MALLOC=0)
    at abort (/home/test/workspace/openh264/test/encoder_binary_comparison/AllTestData/Adobe_PDF_sample_a_1024x768_50Frms.264/h264enc.js:1031:11)
    at abortOnCannotGrowMemory (/home/test/workspace/openh264/test/encoder_binary_comparison/AllTestData/Adobe_PDF_sample_a_1024x768_50Frms.264/h264enc.js:4914:7)
    at _emscripten_resize_heap (/home/test/workspace/openh264/test/encoder_binary_comparison/AllTestData/Adobe_PDF_sample_a_1024x768_50Frms.264/h264enc.js:4919:7)
    at wasm://wasm/00265406:wasm-function[1133]:0x705f0
    at wasm://wasm/00265406:wasm-function[1121]:0x6e28d
    at wasm://wasm/00265406:wasm-function[775]:0x60eb2
    at wasm://wasm/00265406:wasm-function[357]:0x2e8f3
    at wasm://wasm/00265406:wasm-function[363]:0x2f261
    at wasm://wasm/00265406:wasm-function[555]:0x407f3
    at wasm://wasm/00265406:wasm-function[554]:0x405bd   [0m
[31m    Failed! Adobe_PDF_sample_a_1024x768_50Frms.264_x.yuv Case Index 905:SHA-1(Current--Benchmark): NULL-----9ec6196b4c538c730ed4041f357e81031313e5de  [0m
[31m            ----YUVSHA1:  NULL,  9aa9a4d9598eb3e1093311826844f37c43e4c521  [0m
[31m           Aborted(Cannot enlarge memory arrays to size 19124224 bytes (OOM). Either (1) compile with -sINITIAL_MEMORY=X with X higher than the current value 16777216, (2) compile with -sALLOW_MEMORY_GROWTH which allows increasing the size at runtime, or (3) if you want malloc to return NULL (0) instead of this abort, compile with -sABORTING_MALLOC=0)
/home/test/workspace/openh264/test/encoder_binary_comparison/AllTestData/Adobe_PDF_sample_a_1024x768_50Frms.264/h264enc.js:167
      throw ex;
      ^

RuntimeError: Aborted(Cannot enlarge memory arrays to size 19124224 bytes (OOM). Either (1) compile with -sINITIAL_MEMORY=X with X higher than the current value 16777216, (2) compile with -sALLOW_MEMORY_GROWTH which allows increasing the size at runtime, or (3) if you want malloc to return NULL (0) instead of this abort, compile with -sABORTING_MALLOC=0)
    at abort (/home/test/workspace/openh264/test/encoder_binary_comparison/AllTestData/Adobe_PDF_sample_a_1024x768_50Frms.264/h264enc.js:1031:11)
    at abortOnCannotGrowMemory (/home/test/workspace/openh264/test/encoder_binary_comparison/AllTestData/Adobe_PDF_sample_a_1024x768_50Frms.264/h264enc.js:4914:7)
    at _emscripten_resize_heap (/home/test/workspace/openh264/test/encoder_binary_comparison/AllTestData/Adobe_PDF_sample_a_1024x768_50Frms.264/h264enc.js:4919:7)
    at wasm://wasm/00265406:wasm-function[1133]:0x705f0
    at wasm://wasm/00265406:wasm-function[1121]:0x6e28d
    at wasm://wasm/00265406:wasm-function[775]:0x60eb2
    at wasm://wasm/00265406:wasm-function[357]:0x2e8f3
    at wasm://wasm/00265406:wasm-function[363]:0x2f261
    at wasm://wasm/00265406:wasm-function[555]:0x407f3
    at wasm://wasm/00265406:wasm-function[554]:0x405bd   [0m
[31m    Failed! Adobe_PDF_sample_a_1024x768_50Frms.264_x.yuv Case Index 906:SHA-1(Current--Benchmark): NULL-----9ec6196b4c538c730ed4041f357e81031313e5de  [0m
[31m            ----YUVSHA1:  NULL,  9aa9a4d9598eb3e1093311826844f37c43e4c521  [0m
[31m           Aborted(Cannot enlarge memory arrays to size 19124224 bytes (OOM). Either (1) compile with -sINITIAL_MEMORY=X with X higher than the current value 16777216, (2) compile with -sALLOW_MEMORY_GROWTH which allows increasing the size at runtime, or (3) if you want malloc to return NULL (0) instead of this abort, compile with -sABORTING_MALLOC=0)
/home/test/workspace/openh264/test/encoder_binary_comparison/AllTestData/Adobe_PDF_sample_a_1024x768_50Frms.264/h264enc.js:167
      throw ex;
      ^

RuntimeError: Aborted(Cannot enlarge memory arrays to size 19124224 bytes (OOM). Either (1) compile with -sINITIAL_MEMORY=X with X higher than the current value 16777216, (2) compile with -sALLOW_MEMORY_GROWTH which allows increasing the size at runtime, or (3) if you want malloc to return NULL (0) instead of this abort, compile with -sABORTING_MALLOC=0)
    at abort (/home/test/workspace/openh264/test/encoder_binary_comparison/AllTestData/Adobe_PDF_sample_a_1024x768_50Frms.264/h264enc.js:1031:11)
    at abortOnCannotGrowMemory (/home/test/workspace/openh264/test/encoder_binary_comparison/AllTestData/Adobe_PDF_sample_a_1024x768_50Frms.264/h264enc.js:4914:7)
    at _emscripten_resize_heap (/home/test/workspace/openh264/test/encoder_binary_comparison/AllTestData/Adobe_PDF_sample_a_1024x768_50Frms.264/h264enc.js:4919:7)
    at wasm://wasm/00265406:wasm-function[1133]:0x705f0
    at wasm://wasm/00265406:wasm-function[1121]:0x6e28d
    at wasm://wasm/00265406:wasm-function[775]:0x60eb2
    at wasm://wasm/00265406:wasm-function[357]:0x2e8f3
    at wasm://wasm/00265406:wasm-function[363]:0x2f261
    at wasm://wasm/00265406:wasm-function[555]:0x407f3
    at wasm://wasm/00265406:wasm-function[554]:0x405bd   [0m
[31m    Failed! Adobe_PDF_sample_a_1024x768_50Frms.264_x.yuv Case Index 907:SHA-1(Current--Benchmark): NULL-----9ec6196b4c538c730ed4041f357e81031313e5de  [0m
[31m            ----YUVSHA1:  NULL,  9aa9a4d9598eb3e1093311826844f37c43e4c521  [0m
[31m           Aborted(Cannot enlarge memory arrays to size 19124224 bytes (OOM). Either (1) compile with -sINITIAL_MEMORY=X with X higher than the current value 16777216, (2) compile with -sALLOW_MEMORY_GROWTH which allows increasing the size at runtime, or (3) if you want malloc to return NULL (0) instead of this abort, compile with -sABORTING_MALLOC=0)
/home/test/workspace/openh264/test/encoder_binary_comparison/AllTestData/Adobe_PDF_sample_a_1024x768_50Frms.264/h264enc.js:167
      throw ex;
      ^

RuntimeError: Aborted(Cannot enlarge memory arrays to size 19124224 bytes (OOM). Either (1) compile with -sINITIAL_MEMORY=X with X higher than the current value 16777216, (2) compile with -sALLOW_MEMORY_GROWTH which allows increasing the size at runtime, or (3) if you want malloc to return NULL (0) instead of this abort, compile with -sABORTING_MALLOC=0)
    at abort (/home/test/workspace/openh264/test/encoder_binary_comparison/AllTestData/Adobe_PDF_sample_a_1024x768_50Frms.264/h264enc.js:1031:11)
    at abortOnCannotGrowMemory (/home/test/workspace/openh264/test/encoder_binary_comparison/AllTestData/Adobe_PDF_sample_a_1024x768_50Frms.264/h264enc.js:4914:7)
    at _emscripten_resize_heap (/home/test/workspace/openh264/test/encoder_binary_comparison/AllTestData/Adobe_PDF_sample_a_1024x768_50Frms.264/h264enc.js:4919:7)
    at wasm://wasm/00265406:wasm-function[1133]:0x705f0
    at wasm://wasm/00265406:wasm-function[1121]:0x6e28d
    at wasm://wasm/00265406:wasm-function[775]:0x60eb2
    at wasm://wasm/00265406:wasm-function[357]:0x2e8f3
    at wasm://wasm/00265406:wasm-function[363]:0x2f261
    at wasm://wasm/00265406:wasm-function[555]:0x407f3
    at wasm://wasm/00265406:wasm-function[554]:0x405bd   [0m
[31m    Failed! Adobe_PDF_sample_a_1024x768_50Frms.264_x.yuv Case Index 908:SHA-1(Current--Benchmark): NULL-----9ec6196b4c538c730ed4041f357e81031313e5de  [0m
[31m            ----YUVSHA1:  NULL,  9aa9a4d9598eb3e1093311826844f37c43e4c521  [0m
[31m           Aborted(Cannot enlarge memory arrays to size 19124224 bytes (OOM). Either (1) compile with -sINITIAL_MEMORY=X with X higher than the current value 16777216, (2) compile with -sALLOW_MEMORY_GROWTH which allows increasing the size at runtime, or (3) if you want malloc to return NULL (0) instead of this abort, compile with -sABORTING_MALLOC=0)
/home/test/workspace/openh264/test/encoder_binary_comparison/AllTestData/Adobe_PDF_sample_a_1024x768_50Frms.264/h264enc.js:167
      throw ex;
      ^

RuntimeError: Aborted(Cannot enlarge memory arrays to size 19124224 bytes (OOM). Either (1) compile with -sINITIAL_MEMORY=X with X higher than the current value 16777216, (2) compile with -sALLOW_MEMORY_GROWTH which allows increasing the size at runtime, or (3) if you want malloc to return NULL (0) instead of this abort, compile with -sABORTING_MALLOC=0)
    at abort (/home/test/workspace/openh264/test/encoder_binary_comparison/AllTestData/Adobe_PDF_sample_a_1024x768_50Frms.264/h264enc.js:1031:11)
    at abortOnCannotGrowMemory (/home/test/workspace/openh264/test/encoder_binary_comparison/AllTestData/Adobe_PDF_sample_a_1024x768_50Frms.264/h264enc.js:4914:7)
    at _emscripten_resize_heap (/home/test/workspace/openh264/test/encoder_binary_comparison/AllTestData/Adobe_PDF_sample_a_1024x768_50Frms.264/h264enc.js:4919:7)
    at wasm://wasm/00265406:wasm-function[1133]:0x705f0
    at wasm://wasm/00265406:wasm-function[1121]:0x6e28d
    at wasm://wasm/00265406:wasm-function[775]:0x60eb2
    at wasm://wasm/00265406:wasm-function[357]:0x2e8f3
    at wasm://wasm/00265406:wasm-function[363]:0x2f261
    at wasm://wasm/00265406:wasm-function[555]:0x407f3
    at wasm://wasm/00265406:wasm-function[554]:0x405bd   [0m
[31m    Failed! Adobe_PDF_sample_a_1024x768_50Frms.264_x.yuv Case Index 909:SHA-1(Current--Benchmark): NULL-----9ec6196b4c538c730ed4041f357e81031313e5de  [0m
[31m            ----YUVSHA1:  NULL,  9aa9a4d9598eb3e1093311826844f37c43e4c521  [0m
[31m           Aborted(Cannot enlarge memory arrays to size 19124224 bytes (OOM). Either (1) compile with -sINITIAL_MEMORY=X with X higher than the current value 16777216, (2) compile with -sALLOW_MEMORY_GROWTH which allows increasing the size at runtime, or (3) if you want malloc to return NULL (0) instead of this abort, compile with -sABORTING_MALLOC=0)
/home/test/workspace/openh264/test/encoder_binary_comparison/AllTestData/Adobe_PDF_sample_a_1024x768_50Frms.264/h264enc.js:167
      throw ex;
      ^

RuntimeError: Aborted(Cannot enlarge memory arrays to size 19124224 bytes (OOM). Either (1) compile with -sINITIAL_MEMORY=X with X higher than the current value 16777216, (2) compile with -sALLOW_MEMORY_GROWTH which allows increasing the size at runtime, or (3) if you want malloc to return NULL (0) instead of this abort, compile with -sABORTING_MALLOC=0)
    at abort (/home/test/workspace/openh264/test/encoder_binary_comparison/AllTestData/Adobe_PDF_sample_a_1024x768_50Frms.264/h264enc.js:1031:11)
    at abortOnCannotGrowMemory (/home/test/workspace/openh264/test/encoder_binary_comparison/AllTestData/Adobe_PDF_sample_a_1024x768_50Frms.264/h264enc.js:4914:7)
    at _emscripten_resize_heap (/home/test/workspace/openh264/test/encoder_binary_comparison/AllTestData/Adobe_PDF_sample_a_1024x768_50Frms.264/h264enc.js:4919:7)
    at wasm://wasm/00265406:wasm-function[1133]:0x705f0
    at wasm://wasm/00265406:wasm-function[1121]:0x6e28d
    at wasm://wasm/00265406:wasm-function[775]:0x60eb2
    at wasm://wasm/00265406:wasm-function[357]:0x2e8f3
    at wasm://wasm/00265406:wasm-function[363]:0x2f261
    at wasm://wasm/00265406:wasm-function[555]:0x407f3
    at wasm://wasm/00265406:wasm-function[554]:0x405bd   [0m
[31m    Failed! Adobe_PDF_sample_a_1024x768_50Frms.264_x.yuv Case Index 910:SHA-1(Current--Benchmark): NULL-----9ec6196b4c538c730ed4041f357e81031313e5de  [0m
[31m            ----YUVSHA1:  NULL,  9aa9a4d9598eb3e1093311826844f37c43e4c521  [0m
[31m           Aborted(Cannot enlarge memory arrays to size 19124224 bytes (OOM). Either (1) compile with -sINITIAL_MEMORY=X with X higher than the current value 16777216, (2) compile with -sALLOW_MEMORY_GROWTH which allows increasing the size at runtime, or (3) if you want malloc to return NULL (0) instead of this abort, compile with -sABORTING_MALLOC=0)
/home/test/workspace/openh264/test/encoder_binary_comparison/AllTestData/Adobe_PDF_sample_a_1024x768_50Frms.264/h264enc.js:167
      throw ex;
      ^

RuntimeError: Aborted(Cannot enlarge memory arrays to size 19124224 bytes (OOM). Either (1) compile with -sINITIAL_MEMORY=X with X higher than the current value 16777216, (2) compile with -sALLOW_MEMORY_GROWTH which allows increasing the size at runtime, or (3) if you want malloc to return NULL (0) instead of this abort, compile with -sABORTING_MALLOC=0)
    at abort (/home/test/workspace/openh264/test/encoder_binary_comparison/AllTestData/Adobe_PDF_sample_a_1024x768_50Frms.264/h264enc.js:1031:11)
    at abortOnCannotGrowMemory (/home/test/workspace/openh264/test/encoder_binary_comparison/AllTestData/Adobe_PDF_sample_a_1024x768_50Frms.264/h264enc.js:4914:7)
    at _emscripten_resize_heap (/home/test/workspace/openh264/test/encoder_binary_comparison/AllTestData/Adobe_PDF_sample_a_1024x768_50Frms.264/h264enc.js:4919:7)
    at wasm://wasm/00265406:wasm-function[1133]:0x705f0
    at wasm://wasm/00265406:wasm-function[1121]:0x6e28d
    at wasm://wasm/00265406:wasm-function[775]:0x60eb2
    at wasm://wasm/00265406:wasm-function[357]:0x2e8f3
    at wasm://wasm/00265406:wasm-function[363]:0x2f261
    at wasm://wasm/00265406:wasm-function[555]:0x407f3
    at wasm://wasm/00265406:wasm-function[554]:0x405bd   [0m
[31m    Failed! Adobe_PDF_sample_a_1024x768_50Frms.264_x.yuv Case Index 911:SHA-1(Current--Benchmark): NULL-----9ec6196b4c538c730ed4041f357e81031313e5de  [0m
[31m            ----YUVSHA1:  NULL,  9aa9a4d9598eb3e1093311826844f37c43e4c521  [0m
[31m           Aborted(Cannot enlarge memory arrays to size 19124224 bytes (OOM). Either (1) compile with -sINITIAL_MEMORY=X with X higher than the current value 16777216, (2) compile with -sALLOW_MEMORY_GROWTH which allows increasing the size at runtime, or (3) if you want malloc to return NULL (0) instead of this abort, compile with -sABORTING_MALLOC=0)
/home/test/workspace/openh264/test/encoder_binary_comparison/AllTestData/Adobe_PDF_sample_a_1024x768_50Frms.264/h264enc.js:167
      throw ex;
      ^

RuntimeError: Aborted(Cannot enlarge memory arrays to size 19124224 bytes (OOM). Either (1) compile with -sINITIAL_MEMORY=X with X higher than the current value 16777216, (2) compile with -sALLOW_MEMORY_GROWTH which allows increasing the size at runtime, or (3) if you want malloc to return NULL (0) instead of this abort, compile with -sABORTING_MALLOC=0)
    at abort (/home/test/workspace/openh264/test/encoder_binary_comparison/AllTestData/Adobe_PDF_sample_a_1024x768_50Frms.264/h264enc.js:1031:11)
    at abortOnCannotGrowMemory (/home/test/workspace/openh264/test/encoder_binary_comparison/AllTestData/Adobe_PDF_sample_a_1024x768_50Frms.264/h264enc.js:4914:7)
    at _emscripten_resize_heap (/home/test/workspace/openh264/test/encoder_binary_comparison/AllTestData/Adobe_PDF_sample_a_1024x768_50Frms.264/h264enc.js:4919:7)
    at wasm://wasm/00265406:wasm-function[1133]:0x705f0
    at wasm://wasm/00265406:wasm-function[1121]:0x6e28d
    at wasm://wasm/00265406:wasm-function[775]:0x60eb2
    at wasm://wasm/00265406:wasm-function[357]:0x2e8f3
    at wasm://wasm/00265406:wasm-function[363]:0x2f261
    at wasm://wasm/00265406:wasm-function[555]:0x407f3
    at wasm://wasm/00265406:wasm-function[554]:0x405bd   [0m
[31m    Failed! Adobe_PDF_sample_a_1024x768_50Frms.264_x.yuv Case Index 912:SHA-1(Current--Benchmark): NULL-----7cb3520d7f6fe784827ea36ae01b60e0d3e85e0e  [0m
[31m            ----YUVSHA1:  NULL,  9aa9a4d9598eb3e1093311826844f37c43e4c521  [0m
[31m           Aborted(Cannot enlarge memory arrays to size 19124224 bytes (OOM). Either (1) compile with -sINITIAL_MEMORY=X with X higher than the current value 16777216, (2) compile with -sALLOW_MEMORY_GROWTH which allows increasing the size at runtime, or (3) if you want malloc to return NULL (0) instead of this abort, compile with -sABORTING_MALLOC=0)
/home/test/workspace/openh264/test/encoder_binary_comparison/AllTestData/Adobe_PDF_sample_a_1024x768_50Frms.264/h264enc.js:167
      throw ex;
      ^

RuntimeError: Aborted(Cannot enlarge memory arrays to size 19124224 bytes (OOM). Either (1) compile with -sINITIAL_MEMORY=X with X higher than the current value 16777216, (2) compile with -sALLOW_MEMORY_GROWTH which allows increasing the size at runtime, or (3) if you want malloc to return NULL (0) instead of this abort, compile with -sABORTING_MALLOC=0)
    at abort (/home/test/workspace/openh264/test/encoder_binary_comparison/AllTestData/Adobe_PDF_sample_a_1024x768_50Frms.264/h264enc.js:1031:11)
    at abortOnCannotGrowMemory (/home/test/workspace/openh264/test/encoder_binary_comparison/AllTestData/Adobe_PDF_sample_a_1024x768_50Frms.264/h264enc.js:4914:7)
    at _emscripten_resize_heap (/home/test/workspace/openh264/test/encoder_binary_comparison/AllTestData/Adobe_PDF_sample_a_1024x768_50Frms.264/h264enc.js:4919:7)
    at wasm://wasm/00265406:wasm-function[1133]:0x705f0
    at wasm://wasm/00265406:wasm-function[1121]:0x6e28d
    at wasm://wasm/00265406:wasm-function[775]:0x60eb2
    at wasm://wasm/00265406:wasm-function[357]:0x2e8f3
    at wasm://wasm/00265406:wasm-function[363]:0x2f261
    at wasm://wasm/00265406:wasm-function[555]:0x407f3
    at wasm://wasm/00265406:wasm-function[554]:0x405bd   [0m
[31m    Failed! Adobe_PDF_sample_a_1024x768_50Frms.264_x.yuv Case Index 913:SHA-1(Current--Benchmark): NULL-----7cb3520d7f6fe784827ea36ae01b60e0d3e85e0e  [0m
[31m            ----YUVSHA1:  NULL,  9aa9a4d9598eb3e1093311826844f37c43e4c521  [0m
[31m           Aborted(Cannot enlarge memory arrays to size 19124224 bytes (OOM). Either (1) compile with -sINITIAL_MEMORY=X with X higher than the current value 16777216, (2) compile with -sALLOW_MEMORY_GROWTH which allows increasing the size at runtime, or (3) if you want malloc to return NULL (0) instead of this abort, compile with -sABORTING_MALLOC=0)
/home/test/workspace/openh264/test/encoder_binary_comparison/AllTestData/Adobe_PDF_sample_a_1024x768_50Frms.264/h264enc.js:167
      throw ex;
      ^

RuntimeError: Aborted(Cannot enlarge memory arrays to size 19124224 bytes (OOM). Either (1) compile with -sINITIAL_MEMORY=X with X higher than the current value 16777216, (2) compile with -sALLOW_MEMORY_GROWTH which allows increasing the size at runtime, or (3) if you want malloc to return NULL (0) instead of this abort, compile with -sABORTING_MALLOC=0)
    at abort (/home/test/workspace/openh264/test/encoder_binary_comparison/AllTestData/Adobe_PDF_sample_a_1024x768_50Frms.264/h264enc.js:1031:11)
    at abortOnCannotGrowMemory (/home/test/workspace/openh264/test/encoder_binary_comparison/AllTestData/Adobe_PDF_sample_a_1024x768_50Frms.264/h264enc.js:4914:7)
    at _emscripten_resize_heap (/home/test/workspace/openh264/test/encoder_binary_comparison/AllTestData/Adobe_PDF_sample_a_1024x768_50Frms.264/h264enc.js:4919:7)
    at wasm://wasm/00265406:wasm-function[1133]:0x705f0
    at wasm://wasm/00265406:wasm-function[1121]:0x6e28d
    at wasm://wasm/00265406:wasm-function[775]:0x60eb2
    at wasm://wasm/00265406:wasm-function[357]:0x2e8f3
    at wasm://wasm/00265406:wasm-function[363]:0x2f261
    at wasm://wasm/00265406:wasm-function[555]:0x407f3
    at wasm://wasm/00265406:wasm-function[554]:0x405bd   [0m
[31m    Failed! Adobe_PDF_sample_a_1024x768_50Frms.264_x.yuv Case Index 914:SHA-1(Current--Benchmark): NULL-----7cb3520d7f6fe784827ea36ae01b60e0d3e85e0e  [0m
[31m            ----YUVSHA1:  NULL,  9aa9a4d9598eb3e1093311826844f37c43e4c521  [0m
[31m           Aborted(Cannot enlarge memory arrays to size 19124224 bytes (OOM). Either (1) compile with -sINITIAL_MEMORY=X with X higher than the current value 16777216, (2) compile with -sALLOW_MEMORY_GROWTH which allows increasing the size at runtime, or (3) if you want malloc to return NULL (0) instead of this abort, compile with -sABORTING_MALLOC=0)
/home/test/workspace/openh264/test/encoder_binary_comparison/AllTestData/Adobe_PDF_sample_a_1024x768_50Frms.264/h264enc.js:167
      throw ex;
      ^

RuntimeError: Aborted(Cannot enlarge memory arrays to size 19124224 bytes (OOM). Either (1) compile with -sINITIAL_MEMORY=X with X higher than the current value 16777216, (2) compile with -sALLOW_MEMORY_GROWTH which allows increasing the size at runtime, or (3) if you want malloc to return NULL (0) instead of this abort, compile with -sABORTING_MALLOC=0)
    at abort (/home/test/workspace/openh264/test/encoder_binary_comparison/AllTestData/Adobe_PDF_sample_a_1024x768_50Frms.264/h264enc.js:1031:11)
    at abortOnCannotGrowMemory (/home/test/workspace/openh264/test/encoder_binary_comparison/AllTestData/Adobe_PDF_sample_a_1024x768_50Frms.264/h264enc.js:4914:7)
    at _emscripten_resize_heap (/home/test/workspace/openh264/test/encoder_binary_comparison/AllTestData/Adobe_PDF_sample_a_1024x768_50Frms.264/h264enc.js:4919:7)
    at wasm://wasm/00265406:wasm-function[1133]:0x705f0
    at wasm://wasm/00265406:wasm-function[1121]:0x6e28d
    at wasm://wasm/00265406:wasm-function[775]:0x60eb2
    at wasm://wasm/00265406:wasm-function[357]:0x2e8f3
    at wasm://wasm/00265406:wasm-function[363]:0x2f261
    at wasm://wasm/00265406:wasm-function[555]:0x407f3
    at wasm://wasm/00265406:wasm-function[554]:0x405bd   [0m
[31m    Failed! Adobe_PDF_sample_a_1024x768_50Frms.264_x.yuv Case Index 915:SHA-1(Current--Benchmark): NULL-----7cb3520d7f6fe784827ea36ae01b60e0d3e85e0e  [0m
[31m            ----YUVSHA1:  NULL,  9aa9a4d9598eb3e1093311826844f37c43e4c521  [0m
[31m           Aborted(Cannot enlarge memory arrays to size 19124224 bytes (OOM). Either (1) compile with -sINITIAL_MEMORY=X with X higher than the current value 16777216, (2) compile with -sALLOW_MEMORY_GROWTH which allows increasing the size at runtime, or (3) if you want malloc to return NULL (0) instead of this abort, compile with -sABORTING_MALLOC=0)
/home/test/workspace/openh264/test/encoder_binary_comparison/AllTestData/Adobe_PDF_sample_a_1024x768_50Frms.264/h264enc.js:167
      throw ex;
      ^

RuntimeError: Aborted(Cannot enlarge memory arrays to size 19124224 bytes (OOM). Either (1) compile with -sINITIAL_MEMORY=X with X higher than the current value 16777216, (2) compile with -sALLOW_MEMORY_GROWTH which allows increasing the size at runtime, or (3) if you want malloc to return NULL (0) instead of this abort, compile with -sABORTING_MALLOC=0)
    at abort (/home/test/workspace/openh264/test/encoder_binary_comparison/AllTestData/Adobe_PDF_sample_a_1024x768_50Frms.264/h264enc.js:1031:11)
    at abortOnCannotGrowMemory (/home/test/workspace/openh264/test/encoder_binary_comparison/AllTestData/Adobe_PDF_sample_a_1024x768_50Frms.264/h264enc.js:4914:7)
    at _emscripten_resize_heap (/home/test/workspace/openh264/test/encoder_binary_comparison/AllTestData/Adobe_PDF_sample_a_1024x768_50Frms.264/h264enc.js:4919:7)
    at wasm://wasm/00265406:wasm-function[1133]:0x705f0
    at wasm://wasm/00265406:wasm-function[1121]:0x6e28d
    at wasm://wasm/00265406:wasm-function[775]:0x60eb2
    at wasm://wasm/00265406:wasm-function[357]:0x2e8f3
    at wasm://wasm/00265406:wasm-function[363]:0x2f261
    at wasm://wasm/00265406:wasm-function[555]:0x407f3
    at wasm://wasm/00265406:wasm-function[554]:0x405bd   [0m
[31m    Failed! Adobe_PDF_sample_a_1024x768_50Frms.264_x.yuv Case Index 916:SHA-1(Current--Benchmark): NULL-----7cb3520d7f6fe784827ea36ae01b60e0d3e85e0e  [0m
[31m            ----YUVSHA1:  NULL,  9aa9a4d9598eb3e1093311826844f37c43e4c521  [0m
[31m           Aborted(Cannot enlarge memory arrays to size 19124224 bytes (OOM). Either (1) compile with -sINITIAL_MEMORY=X with X higher than the current value 16777216, (2) compile with -sALLOW_MEMORY_GROWTH which allows increasing the size at runtime, or (3) if you want malloc to return NULL (0) instead of this abort, compile with -sABORTING_MALLOC=0)
/home/test/workspace/openh264/test/encoder_binary_comparison/AllTestData/Adobe_PDF_sample_a_1024x768_50Frms.264/h264enc.js:167
      throw ex;
      ^

RuntimeError: Aborted(Cannot enlarge memory arrays to size 19124224 bytes (OOM). Either (1) compile with -sINITIAL_MEMORY=X with X higher than the current value 16777216, (2) compile with -sALLOW_MEMORY_GROWTH which allows increasing the size at runtime, or (3) if you want malloc to return NULL (0) instead of this abort, compile with -sABORTING_MALLOC=0)
    at abort (/home/test/workspace/openh264/test/encoder_binary_comparison/AllTestData/Adobe_PDF_sample_a_1024x768_50Frms.264/h264enc.js:1031:11)
    at abortOnCannotGrowMemory (/home/test/workspace/openh264/test/encoder_binary_comparison/AllTestData/Adobe_PDF_sample_a_1024x768_50Frms.264/h264enc.js:4914:7)
    at _emscripten_resize_heap (/home/test/workspace/openh264/test/encoder_binary_comparison/AllTestData/Adobe_PDF_sample_a_1024x768_50Frms.264/h264enc.js:4919:7)
    at wasm://wasm/00265406:wasm-function[1133]:0x705f0
    at wasm://wasm/00265406:wasm-function[1121]:0x6e28d
    at wasm://wasm/00265406:wasm-function[775]:0x60eb2
    at wasm://wasm/00265406:wasm-function[357]:0x2e8f3
    at wasm://wasm/00265406:wasm-function[363]:0x2f261
    at wasm://wasm/00265406:wasm-function[555]:0x407f3
    at wasm://wasm/00265406:wasm-function[554]:0x405bd   [0m
[31m    Failed! Adobe_PDF_sample_a_1024x768_50Frms.264_x.yuv Case Index 917:SHA-1(Current--Benchmark): NULL-----7cb3520d7f6fe784827ea36ae01b60e0d3e85e0e  [0m
[31m            ----YUVSHA1:  NULL,  9aa9a4d9598eb3e1093311826844f37c43e4c521  [0m
[31m           Aborted(Cannot enlarge memory arrays to size 19124224 bytes (OOM). Either (1) compile with -sINITIAL_MEMORY=X with X higher than the current value 16777216, (2) compile with -sALLOW_MEMORY_GROWTH which allows increasing the size at runtime, or (3) if you want malloc to return NULL (0) instead of this abort, compile with -sABORTING_MALLOC=0)
/home/test/workspace/openh264/test/encoder_binary_comparison/AllTestData/Adobe_PDF_sample_a_1024x768_50Frms.264/h264enc.js:167
      throw ex;
      ^

RuntimeError: Aborted(Cannot enlarge memory arrays to size 19124224 bytes (OOM). Either (1) compile with -sINITIAL_MEMORY=X with X higher than the current value 16777216, (2) compile with -sALLOW_MEMORY_GROWTH which allows increasing the size at runtime, or (3) if you want malloc to return NULL (0) instead of this abort, compile with -sABORTING_MALLOC=0)
    at abort (/home/test/workspace/openh264/test/encoder_binary_comparison/AllTestData/Adobe_PDF_sample_a_1024x768_50Frms.264/h264enc.js:1031:11)
    at abortOnCannotGrowMemory (/home/test/workspace/openh264/test/encoder_binary_comparison/AllTestData/Adobe_PDF_sample_a_1024x768_50Frms.264/h264enc.js:4914:7)
    at _emscripten_resize_heap (/home/test/workspace/openh264/test/encoder_binary_comparison/AllTestData/Adobe_PDF_sample_a_1024x768_50Frms.264/h264enc.js:4919:7)
    at wasm://wasm/00265406:wasm-function[1133]:0x705f0
    at wasm://wasm/00265406:wasm-function[1121]:0x6e28d
    at wasm://wasm/00265406:wasm-function[775]:0x60eb2
    at wasm://wasm/00265406:wasm-function[357]:0x2e8f3
    at wasm://wasm/00265406:wasm-function[363]:0x2f261
    at wasm://wasm/00265406:wasm-function[555]:0x407f3
    at wasm://wasm/00265406:wasm-function[554]:0x405bd   [0m
[31m    Failed! Adobe_PDF_sample_a_1024x768_50Frms.264_x.yuv Case Index 918:SHA-1(Current--Benchmark): NULL-----7cb3520d7f6fe784827ea36ae01b60e0d3e85e0e  [0m
[31m            ----YUVSHA1:  NULL,  9aa9a4d9598eb3e1093311826844f37c43e4c521  [0m
[31m           Aborted(Cannot enlarge memory arrays to size 19124224 bytes (OOM). Either (1) compile with -sINITIAL_MEMORY=X with X higher than the current value 16777216, (2) compile with -sALLOW_MEMORY_GROWTH which allows increasing the size at runtime, or (3) if you want malloc to return NULL (0) instead of this abort, compile with -sABORTING_MALLOC=0)
/home/test/workspace/openh264/test/encoder_binary_comparison/AllTestData/Adobe_PDF_sample_a_1024x768_50Frms.264/h264enc.js:167
      throw ex;
      ^

RuntimeError: Aborted(Cannot enlarge memory arrays to size 19124224 bytes (OOM). Either (1) compile with -sINITIAL_MEMORY=X with X higher than the current value 16777216, (2) compile with -sALLOW_MEMORY_GROWTH which allows increasing the size at runtime, or (3) if you want malloc to return NULL (0) instead of this abort, compile with -sABORTING_MALLOC=0)
    at abort (/home/test/workspace/openh264/test/encoder_binary_comparison/AllTestData/Adobe_PDF_sample_a_1024x768_50Frms.264/h264enc.js:1031:11)
    at abortOnCannotGrowMemory (/home/test/workspace/openh264/test/encoder_binary_comparison/AllTestData/Adobe_PDF_sample_a_1024x768_50Frms.264/h264enc.js:4914:7)
    at _emscripten_resize_heap (/home/test/workspace/openh264/test/encoder_binary_comparison/AllTestData/Adobe_PDF_sample_a_1024x768_50Frms.264/h264enc.js:4919:7)
    at wasm://wasm/00265406:wasm-function[1133]:0x705f0
    at wasm://wasm/00265406:wasm-function[1121]:0x6e28d
    at wasm://wasm/00265406:wasm-function[775]:0x60eb2
    at wasm://wasm/00265406:wasm-function[357]:0x2e8f3
    at wasm://wasm/00265406:wasm-function[363]:0x2f261
    at wasm://wasm/00265406:wasm-function[555]:0x407f3
    at wasm://wasm/00265406:wasm-function[554]:0x405bd   [0m
[31m    Failed! Adobe_PDF_sample_a_1024x768_50Frms.264_x.yuv Case Index 919:SHA-1(Current--Benchmark): NULL-----7cb3520d7f6fe784827ea36ae01b60e0d3e85e0e  [0m
[31m            ----YUVSHA1:  NULL,  9aa9a4d9598eb3e1093311826844f37c43e4c521  [0m
[31m           Aborted(Cannot enlarge memory arrays to size 19124224 bytes (OOM). Either (1) compile with -sINITIAL_MEMORY=X with X higher than the current value 16777216, (2) compile with -sALLOW_MEMORY_GROWTH which allows increasing the size at runtime, or (3) if you want malloc to return NULL (0) instead of this abort, compile with -sABORTING_MALLOC=0)
/home/test/workspace/openh264/test/encoder_binary_comparison/AllTestData/Adobe_PDF_sample_a_1024x768_50Frms.264/h264enc.js:167
      throw ex;
      ^

RuntimeError: Aborted(Cannot enlarge memory arrays to size 19124224 bytes (OOM). Either (1) compile with -sINITIAL_MEMORY=X with X higher than the current value 16777216, (2) compile with -sALLOW_MEMORY_GROWTH which allows increasing the size at runtime, or (3) if you want malloc to return NULL (0) instead of this abort, compile with -sABORTING_MALLOC=0)
    at abort (/home/test/workspace/openh264/test/encoder_binary_comparison/AllTestData/Adobe_PDF_sample_a_1024x768_50Frms.264/h264enc.js:1031:11)
    at abortOnCannotGrowMemory (/home/test/workspace/openh264/test/encoder_binary_comparison/AllTestData/Adobe_PDF_sample_a_1024x768_50Frms.264/h264enc.js:4914:7)
    at _emscripten_resize_heap (/home/test/workspace/openh264/test/encoder_binary_comparison/AllTestData/Adobe_PDF_sample_a_1024x768_50Frms.264/h264enc.js:4919:7)
    at wasm://wasm/00265406:wasm-function[1133]:0x705f0
    at wasm://wasm/00265406:wasm-function[1121]:0x6e28d
    at wasm://wasm/00265406:wasm-function[775]:0x60eb2
    at wasm://wasm/00265406:wasm-function[357]:0x2e8f3
    at wasm://wasm/00265406:wasm-function[363]:0x2f261
    at wasm://wasm/00265406:wasm-function[555]:0x407f3
    at wasm://wasm/00265406:wasm-function[554]:0x405bd   [0m
[31m    Failed! Adobe_PDF_sample_a_1024x768_50Frms.264_x.yuv Case Index 920:SHA-1(Current--Benchmark): NULL-----7cb3520d7f6fe784827ea36ae01b60e0d3e85e0e  [0m
[31m            ----YUVSHA1:  NULL,  9aa9a4d9598eb3e1093311826844f37c43e4c521  [0m
[31m           Aborted(Cannot enlarge memory arrays to size 19124224 bytes (OOM). Either (1) compile with -sINITIAL_MEMORY=X with X higher than the current value 16777216, (2) compile with -sALLOW_MEMORY_GROWTH which allows increasing the size at runtime, or (3) if you want malloc to return NULL (0) instead of this abort, compile with -sABORTING_MALLOC=0)
/home/test/workspace/openh264/test/encoder_binary_comparison/AllTestData/Adobe_PDF_sample_a_1024x768_50Frms.264/h264enc.js:167
      throw ex;
      ^

RuntimeError: Aborted(Cannot enlarge memory arrays to size 19124224 bytes (OOM). Either (1) compile with -sINITIAL_MEMORY=X with X higher than the current value 16777216, (2) compile with -sALLOW_MEMORY_GROWTH which allows increasing the size at runtime, or (3) if you want malloc to return NULL (0) instead of this abort, compile with -sABORTING_MALLOC=0)
    at abort (/home/test/workspace/openh264/test/encoder_binary_comparison/AllTestData/Adobe_PDF_sample_a_1024x768_50Frms.264/h264enc.js:1031:11)
    at abortOnCannotGrowMemory (/home/test/workspace/openh264/test/encoder_binary_comparison/AllTestData/Adobe_PDF_sample_a_1024x768_50Frms.264/h264enc.js:4914:7)
    at _emscripten_resize_heap (/home/test/workspace/openh264/test/encoder_binary_comparison/AllTestData/Adobe_PDF_sample_a_1024x768_50Frms.264/h264enc.js:4919:7)
    at wasm://wasm/00265406:wasm-function[1133]:0x705f0
    at wasm://wasm/00265406:wasm-function[1121]:0x6e28d
    at wasm://wasm/00265406:wasm-function[775]:0x60eb2
    at wasm://wasm/00265406:wasm-function[357]:0x2e8f3
    at wasm://wasm/00265406:wasm-function[363]:0x2f261
    at wasm://wasm/00265406:wasm-function[555]:0x407f3
    at wasm://wasm/00265406:wasm-function[554]:0x405bd   [0m
[31m    Failed! Adobe_PDF_sample_a_1024x768_50Frms.264_x.yuv Case Index 921:SHA-1(Current--Benchmark): NULL-----7cb3520d7f6fe784827ea36ae01b60e0d3e85e0e  [0m
[31m            ----YUVSHA1:  NULL,  9aa9a4d9598eb3e1093311826844f37c43e4c521  [0m
[31m           Aborted(Cannot enlarge memory arrays to size 19124224 bytes (OOM). Either (1) compile with -sINITIAL_MEMORY=X with X higher than the current value 16777216, (2) compile with -sALLOW_MEMORY_GROWTH which allows increasing the size at runtime, or (3) if you want malloc to return NULL (0) instead of this abort, compile with -sABORTING_MALLOC=0)
/home/test/workspace/openh264/test/encoder_binary_comparison/AllTestData/Adobe_PDF_sample_a_1024x768_50Frms.264/h264enc.js:167
      throw ex;
      ^

RuntimeError: Aborted(Cannot enlarge memory arrays to size 19124224 bytes (OOM). Either (1) compile with -sINITIAL_MEMORY=X with X higher than the current value 16777216, (2) compile with -sALLOW_MEMORY_GROWTH which allows increasing the size at runtime, or (3) if you want malloc to return NULL (0) instead of this abort, compile with -sABORTING_MALLOC=0)
    at abort (/home/test/workspace/openh264/test/encoder_binary_comparison/AllTestData/Adobe_PDF_sample_a_1024x768_50Frms.264/h264enc.js:1031:11)
    at abortOnCannotGrowMemory (/home/test/workspace/openh264/test/encoder_binary_comparison/AllTestData/Adobe_PDF_sample_a_1024x768_50Frms.264/h264enc.js:4914:7)
    at _emscripten_resize_heap (/home/test/workspace/openh264/test/encoder_binary_comparison/AllTestData/Adobe_PDF_sample_a_1024x768_50Frms.264/h264enc.js:4919:7)
    at wasm://wasm/00265406:wasm-function[1133]:0x705f0
    at wasm://wasm/00265406:wasm-function[1121]:0x6e28d
    at wasm://wasm/00265406:wasm-function[775]:0x60eb2
    at wasm://wasm/00265406:wasm-function[357]:0x2e8f3
    at wasm://wasm/00265406:wasm-function[363]:0x2f261
    at wasm://wasm/00265406:wasm-function[555]:0x407f3
    at wasm://wasm/00265406:wasm-function[554]:0x405bd   [0m
[31m    Failed! Adobe_PDF_sample_a_1024x768_50Frms.264_x.yuv Case Index 922:SHA-1(Current--Benchmark): NULL-----7cb3520d7f6fe784827ea36ae01b60e0d3e85e0e  [0m
[31m            ----YUVSHA1:  NULL,  9aa9a4d9598eb3e1093311826844f37c43e4c521  [0m
[31m           Aborted(Cannot enlarge memory arrays to size 19124224 bytes (OOM). Either (1) compile with -sINITIAL_MEMORY=X with X higher than the current value 16777216, (2) compile with -sALLOW_MEMORY_GROWTH which allows increasing the size at runtime, or (3) if you want malloc to return NULL (0) instead of this abort, compile with -sABORTING_MALLOC=0)
/home/test/workspace/openh264/test/encoder_binary_comparison/AllTestData/Adobe_PDF_sample_a_1024x768_50Frms.264/h264enc.js:167
      throw ex;
      ^

RuntimeError: Aborted(Cannot enlarge memory arrays to size 19124224 bytes (OOM). Either (1) compile with -sINITIAL_MEMORY=X with X higher than the current value 16777216, (2) compile with -sALLOW_MEMORY_GROWTH which allows increasing the size at runtime, or (3) if you want malloc to return NULL (0) instead of this abort, compile with -sABORTING_MALLOC=0)
    at abort (/home/test/workspace/openh264/test/encoder_binary_comparison/AllTestData/Adobe_PDF_sample_a_1024x768_50Frms.264/h264enc.js:1031:11)
    at abortOnCannotGrowMemory (/home/test/workspace/openh264/test/encoder_binary_comparison/AllTestData/Adobe_PDF_sample_a_1024x768_50Frms.264/h264enc.js:4914:7)
    at _emscripten_resize_heap (/home/test/workspace/openh264/test/encoder_binary_comparison/AllTestData/Adobe_PDF_sample_a_1024x768_50Frms.264/h264enc.js:4919:7)
    at wasm://wasm/00265406:wasm-function[1133]:0x705f0
    at wasm://wasm/00265406:wasm-function[1121]:0x6e28d
    at wasm://wasm/00265406:wasm-function[775]:0x60eb2
    at wasm://wasm/00265406:wasm-function[357]:0x2e8f3
    at wasm://wasm/00265406:wasm-function[363]:0x2f261
    at wasm://wasm/00265406:wasm-function[555]:0x407f3
    at wasm://wasm/00265406:wasm-function[554]:0x405bd   [0m
[31m    Failed! Adobe_PDF_sample_a_1024x768_50Frms.264_x.yuv Case Index 923:SHA-1(Current--Benchmark): NULL-----7cb3520d7f6fe784827ea36ae01b60e0d3e85e0e  [0m
[31m            ----YUVSHA1:  NULL,  9aa9a4d9598eb3e1093311826844f37c43e4c521  [0m
[31m           Aborted(Cannot enlarge memory arrays to size 19124224 bytes (OOM). Either (1) compile with -sINITIAL_MEMORY=X with X higher than the current value 16777216, (2) compile with -sALLOW_MEMORY_GROWTH which allows increasing the size at runtime, or (3) if you want malloc to return NULL (0) instead of this abort, compile with -sABORTING_MALLOC=0)
/home/test/workspace/openh264/test/encoder_binary_comparison/AllTestData/Adobe_PDF_sample_a_1024x768_50Frms.264/h264enc.js:167
      throw ex;
      ^

RuntimeError: Aborted(Cannot enlarge memory arrays to size 19124224 bytes (OOM). Either (1) compile with -sINITIAL_MEMORY=X with X higher than the current value 16777216, (2) compile with -sALLOW_MEMORY_GROWTH which allows increasing the size at runtime, or (3) if you want malloc to return NULL (0) instead of this abort, compile with -sABORTING_MALLOC=0)
    at abort (/home/test/workspace/openh264/test/encoder_binary_comparison/AllTestData/Adobe_PDF_sample_a_1024x768_50Frms.264/h264enc.js:1031:11)
    at abortOnCannotGrowMemory (/home/test/workspace/openh264/test/encoder_binary_comparison/AllTestData/Adobe_PDF_sample_a_1024x768_50Frms.264/h264enc.js:4914:7)
    at _emscripten_resize_heap (/home/test/workspace/openh264/test/encoder_binary_comparison/AllTestData/Adobe_PDF_sample_a_1024x768_50Frms.264/h264enc.js:4919:7)
    at wasm://wasm/00265406:wasm-function[1133]:0x705f0
    at wasm://wasm/00265406:wasm-function[1121]:0x6e28d
    at wasm://wasm/00265406:wasm-function[775]:0x60eb2
    at wasm://wasm/00265406:wasm-function[357]:0x2e8f3
    at wasm://wasm/00265406:wasm-function[363]:0x2f261
    at wasm://wasm/00265406:wasm-function[555]:0x407f3
    at wasm://wasm/00265406:wasm-function[554]:0x405bd   [0m
[31m    Failed! Adobe_PDF_sample_a_1024x768_50Frms.264_x.yuv Case Index 924:SHA-1(Current--Benchmark): NULL-----7cb3520d7f6fe784827ea36ae01b60e0d3e85e0e  [0m
[31m            ----YUVSHA1:  NULL,  9aa9a4d9598eb3e1093311826844f37c43e4c521  [0m
[31m           Aborted(Cannot enlarge memory arrays to size 19124224 bytes (OOM). Either (1) compile with -sINITIAL_MEMORY=X with X higher than the current value 16777216, (2) compile with -sALLOW_MEMORY_GROWTH which allows increasing the size at runtime, or (3) if you want malloc to return NULL (0) instead of this abort, compile with -sABORTING_MALLOC=0)
/home/test/workspace/openh264/test/encoder_binary_comparison/AllTestData/Adobe_PDF_sample_a_1024x768_50Frms.264/h264enc.js:167
      throw ex;
      ^

RuntimeError: Aborted(Cannot enlarge memory arrays to size 19124224 bytes (OOM). Either (1) compile with -sINITIAL_MEMORY=X with X higher than the current value 16777216, (2) compile with -sALLOW_MEMORY_GROWTH which allows increasing the size at runtime, or (3) if you want malloc to return NULL (0) instead of this abort, compile with -sABORTING_MALLOC=0)
    at abort (/home/test/workspace/openh264/test/encoder_binary_comparison/AllTestData/Adobe_PDF_sample_a_1024x768_50Frms.264/h264enc.js:1031:11)
    at abortOnCannotGrowMemory (/home/test/workspace/openh264/test/encoder_binary_comparison/AllTestData/Adobe_PDF_sample_a_1024x768_50Frms.264/h264enc.js:4914:7)
    at _emscripten_resize_heap (/home/test/workspace/openh264/test/encoder_binary_comparison/AllTestData/Adobe_PDF_sample_a_1024x768_50Frms.264/h264enc.js:4919:7)
    at wasm://wasm/00265406:wasm-function[1133]:0x705f0
    at wasm://wasm/00265406:wasm-function[1121]:0x6e28d
    at wasm://wasm/00265406:wasm-function[775]:0x60eb2
    at wasm://wasm/00265406:wasm-function[357]:0x2e8f3
    at wasm://wasm/00265406:wasm-function[363]:0x2f261
    at wasm://wasm/00265406:wasm-function[555]:0x407f3
    at wasm://wasm/00265406:wasm-function[554]:0x405bd   [0m
[31m    Failed! Adobe_PDF_sample_a_1024x768_50Frms.264_x.yuv Case Index 925:SHA-1(Current--Benchmark): NULL-----7cb3520d7f6fe784827ea36ae01b60e0d3e85e0e  [0m
[31m            ----YUVSHA1:  NULL,  9aa9a4d9598eb3e1093311826844f37c43e4c521  [0m
[31m           Aborted(Cannot enlarge memory arrays to size 19124224 bytes (OOM). Either (1) compile with -sINITIAL_MEMORY=X with X higher than the current value 16777216, (2) compile with -sALLOW_MEMORY_GROWTH which allows increasing the size at runtime, or (3) if you want malloc to return NULL (0) instead of this abort, compile with -sABORTING_MALLOC=0)
/home/test/workspace/openh264/test/encoder_binary_comparison/AllTestData/Adobe_PDF_sample_a_1024x768_50Frms.264/h264enc.js:167
      throw ex;
      ^

RuntimeError: Aborted(Cannot enlarge memory arrays to size 19124224 bytes (OOM). Either (1) compile with -sINITIAL_MEMORY=X with X higher than the current value 16777216, (2) compile with -sALLOW_MEMORY_GROWTH which allows increasing the size at runtime, or (3) if you want malloc to return NULL (0) instead of this abort, compile with -sABORTING_MALLOC=0)
    at abort (/home/test/workspace/openh264/test/encoder_binary_comparison/AllTestData/Adobe_PDF_sample_a_1024x768_50Frms.264/h264enc.js:1031:11)
    at abortOnCannotGrowMemory (/home/test/workspace/openh264/test/encoder_binary_comparison/AllTestData/Adobe_PDF_sample_a_1024x768_50Frms.264/h264enc.js:4914:7)
    at _emscripten_resize_heap (/home/test/workspace/openh264/test/encoder_binary_comparison/AllTestData/Adobe_PDF_sample_a_1024x768_50Frms.264/h264enc.js:4919:7)
    at wasm://wasm/00265406:wasm-function[1133]:0x705f0
    at wasm://wasm/00265406:wasm-function[1121]:0x6e28d
    at wasm://wasm/00265406:wasm-function[775]:0x60eb2
    at wasm://wasm/00265406:wasm-function[357]:0x2e8f3
    at wasm://wasm/00265406:wasm-function[363]:0x2f261
    at wasm://wasm/00265406:wasm-function[555]:0x407f3
    at wasm://wasm/00265406:wasm-function[554]:0x405bd   [0m
[31m    Failed! Adobe_PDF_sample_a_1024x768_50Frms.264_x.yuv Case Index 926:SHA-1(Current--Benchmark): NULL-----7cb3520d7f6fe784827ea36ae01b60e0d3e85e0e  [0m
[31m            ----YUVSHA1:  NULL,  9aa9a4d9598eb3e1093311826844f37c43e4c521  [0m
[31m           Aborted(Cannot enlarge memory arrays to size 19124224 bytes (OOM). Either (1) compile with -sINITIAL_MEMORY=X with X higher than the current value 16777216, (2) compile with -sALLOW_MEMORY_GROWTH which allows increasing the size at runtime, or (3) if you want malloc to return NULL (0) instead of this abort, compile with -sABORTING_MALLOC=0)
/home/test/workspace/openh264/test/encoder_binary_comparison/AllTestData/Adobe_PDF_sample_a_1024x768_50Frms.264/h264enc.js:167
      throw ex;
      ^

RuntimeError: Aborted(Cannot enlarge memory arrays to size 19124224 bytes (OOM). Either (1) compile with -sINITIAL_MEMORY=X with X higher than the current value 16777216, (2) compile with -sALLOW_MEMORY_GROWTH which allows increasing the size at runtime, or (3) if you want malloc to return NULL (0) instead of this abort, compile with -sABORTING_MALLOC=0)
    at abort (/home/test/workspace/openh264/test/encoder_binary_comparison/AllTestData/Adobe_PDF_sample_a_1024x768_50Frms.264/h264enc.js:1031:11)
    at abortOnCannotGrowMemory (/home/test/workspace/openh264/test/encoder_binary_comparison/AllTestData/Adobe_PDF_sample_a_1024x768_50Frms.264/h264enc.js:4914:7)
    at _emscripten_resize_heap (/home/test/workspace/openh264/test/encoder_binary_comparison/AllTestData/Adobe_PDF_sample_a_1024x768_50Frms.264/h264enc.js:4919:7)
    at wasm://wasm/00265406:wasm-function[1133]:0x705f0
    at wasm://wasm/00265406:wasm-function[1121]:0x6e28d
    at wasm://wasm/00265406:wasm-function[775]:0x60eb2
    at wasm://wasm/00265406:wasm-function[357]:0x2e8f3
    at wasm://wasm/00265406:wasm-function[363]:0x2f261
    at wasm://wasm/00265406:wasm-function[555]:0x407f3
    at wasm://wasm/00265406:wasm-function[554]:0x405bd   [0m
[31m    Failed! Adobe_PDF_sample_a_1024x768_50Frms.264_x.yuv Case Index 927:SHA-1(Current--Benchmark): NULL-----7cb3520d7f6fe784827ea36ae01b60e0d3e85e0e  [0m
[31m            ----YUVSHA1:  NULL,  9aa9a4d9598eb3e1093311826844f37c43e4c521  [0m
[31m           Aborted(Cannot enlarge memory arrays to size 19124224 bytes (OOM). Either (1) compile with -sINITIAL_MEMORY=X with X higher than the current value 16777216, (2) compile with -sALLOW_MEMORY_GROWTH which allows increasing the size at runtime, or (3) if you want malloc to return NULL (0) instead of this abort, compile with -sABORTING_MALLOC=0)
/home/test/workspace/openh264/test/encoder_binary_comparison/AllTestData/Adobe_PDF_sample_a_1024x768_50Frms.264/h264enc.js:167
      throw ex;
      ^

RuntimeError: Aborted(Cannot enlarge memory arrays to size 19124224 bytes (OOM). Either (1) compile with -sINITIAL_MEMORY=X with X higher than the current value 16777216, (2) compile with -sALLOW_MEMORY_GROWTH which allows increasing the size at runtime, or (3) if you want malloc to return NULL (0) instead of this abort, compile with -sABORTING_MALLOC=0)
    at abort (/home/test/workspace/openh264/test/encoder_binary_comparison/AllTestData/Adobe_PDF_sample_a_1024x768_50Frms.264/h264enc.js:1031:11)
    at abortOnCannotGrowMemory (/home/test/workspace/openh264/test/encoder_binary_comparison/AllTestData/Adobe_PDF_sample_a_1024x768_50Frms.264/h264enc.js:4914:7)
    at _emscripten_resize_heap (/home/test/workspace/openh264/test/encoder_binary_comparison/AllTestData/Adobe_PDF_sample_a_1024x768_50Frms.264/h264enc.js:4919:7)
    at wasm://wasm/00265406:wasm-function[1133]:0x705f0
    at wasm://wasm/00265406:wasm-function[1121]:0x6e28d
    at wasm://wasm/00265406:wasm-function[775]:0x60eb2
    at wasm://wasm/00265406:wasm-function[357]:0x2e8f3
    at wasm://wasm/00265406:wasm-function[363]:0x2f261
    at wasm://wasm/00265406:wasm-function[555]:0x407f3
    at wasm://wasm/00265406:wasm-function[554]:0x405bd   [0m
[31m    Failed! Adobe_PDF_sample_a_1024x768_50Frms.264_x.yuv Case Index 928:SHA-1(Current--Benchmark): NULL-----7cb3520d7f6fe784827ea36ae01b60e0d3e85e0e  [0m
[31m            ----YUVSHA1:  NULL,  9aa9a4d9598eb3e1093311826844f37c43e4c521  [0m
[31m           Aborted(Cannot enlarge memory arrays to size 19124224 bytes (OOM). Either (1) compile with -sINITIAL_MEMORY=X with X higher than the current value 16777216, (2) compile with -sALLOW_MEMORY_GROWTH which allows increasing the size at runtime, or (3) if you want malloc to return NULL (0) instead of this abort, compile with -sABORTING_MALLOC=0)
/home/test/workspace/openh264/test/encoder_binary_comparison/AllTestData/Adobe_PDF_sample_a_1024x768_50Frms.264/h264enc.js:167
      throw ex;
      ^

RuntimeError: Aborted(Cannot enlarge memory arrays to size 19124224 bytes (OOM). Either (1) compile with -sINITIAL_MEMORY=X with X higher than the current value 16777216, (2) compile with -sALLOW_MEMORY_GROWTH which allows increasing the size at runtime, or (3) if you want malloc to return NULL (0) instead of this abort, compile with -sABORTING_MALLOC=0)
    at abort (/home/test/workspace/openh264/test/encoder_binary_comparison/AllTestData/Adobe_PDF_sample_a_1024x768_50Frms.264/h264enc.js:1031:11)
    at abortOnCannotGrowMemory (/home/test/workspace/openh264/test/encoder_binary_comparison/AllTestData/Adobe_PDF_sample_a_1024x768_50Frms.264/h264enc.js:4914:7)
    at _emscripten_resize_heap (/home/test/workspace/openh264/test/encoder_binary_comparison/AllTestData/Adobe_PDF_sample_a_1024x768_50Frms.264/h264enc.js:4919:7)
    at wasm://wasm/00265406:wasm-function[1133]:0x705f0
    at wasm://wasm/00265406:wasm-function[1121]:0x6e28d
    at wasm://wasm/00265406:wasm-function[775]:0x60eb2
    at wasm://wasm/00265406:wasm-function[357]:0x2e8f3
    at wasm://wasm/00265406:wasm-function[363]:0x2f261
    at wasm://wasm/00265406:wasm-function[555]:0x407f3
    at wasm://wasm/00265406:wasm-function[554]:0x405bd   [0m
[31m    Failed! Adobe_PDF_sample_a_1024x768_50Frms.264_x.yuv Case Index 929:SHA-1(Current--Benchmark): NULL-----7cb3520d7f6fe784827ea36ae01b60e0d3e85e0e  [0m
[31m            ----YUVSHA1:  NULL,  9aa9a4d9598eb3e1093311826844f37c43e4c521  [0m
[31m           Aborted(Cannot enlarge memory arrays to size 19124224 bytes (OOM). Either (1) compile with -sINITIAL_MEMORY=X with X higher than the current value 16777216, (2) compile with -sALLOW_MEMORY_GROWTH which allows increasing the size at runtime, or (3) if you want malloc to return NULL (0) instead of this abort, compile with -sABORTING_MALLOC=0)
/home/test/workspace/openh264/test/encoder_binary_comparison/AllTestData/Adobe_PDF_sample_a_1024x768_50Frms.264/h264enc.js:167
      throw ex;
      ^

RuntimeError: Aborted(Cannot enlarge memory arrays to size 19124224 bytes (OOM). Either (1) compile with -sINITIAL_MEMORY=X with X higher than the current value 16777216, (2) compile with -sALLOW_MEMORY_GROWTH which allows increasing the size at runtime, or (3) if you want malloc to return NULL (0) instead of this abort, compile with -sABORTING_MALLOC=0)
    at abort (/home/test/workspace/openh264/test/encoder_binary_comparison/AllTestData/Adobe_PDF_sample_a_1024x768_50Frms.264/h264enc.js:1031:11)
    at abortOnCannotGrowMemory (/home/test/workspace/openh264/test/encoder_binary_comparison/AllTestData/Adobe_PDF_sample_a_1024x768_50Frms.264/h264enc.js:4914:7)
    at _emscripten_resize_heap (/home/test/workspace/openh264/test/encoder_binary_comparison/AllTestData/Adobe_PDF_sample_a_1024x768_50Frms.264/h264enc.js:4919:7)
    at wasm://wasm/00265406:wasm-function[1133]:0x705f0
    at wasm://wasm/00265406:wasm-function[1121]:0x6e28d
    at wasm://wasm/00265406:wasm-function[775]:0x60eb2
    at wasm://wasm/00265406:wasm-function[357]:0x2e8f3
    at wasm://wasm/00265406:wasm-function[363]:0x2f261
    at wasm://wasm/00265406:wasm-function[555]:0x407f3
    at wasm://wasm/00265406:wasm-function[554]:0x405bd   [0m
[31m    Failed! Adobe_PDF_sample_a_1024x768_50Frms.264_x.yuv Case Index 930:SHA-1(Current--Benchmark): NULL-----7cb3520d7f6fe784827ea36ae01b60e0d3e85e0e  [0m
[31m            ----YUVSHA1:  NULL,  9aa9a4d9598eb3e1093311826844f37c43e4c521  [0m
[31m           Aborted(Cannot enlarge memory arrays to size 19124224 bytes (OOM). Either (1) compile with -sINITIAL_MEMORY=X with X higher than the current value 16777216, (2) compile with -sALLOW_MEMORY_GROWTH which allows increasing the size at runtime, or (3) if you want malloc to return NULL (0) instead of this abort, compile with -sABORTING_MALLOC=0)
/home/test/workspace/openh264/test/encoder_binary_comparison/AllTestData/Adobe_PDF_sample_a_1024x768_50Frms.264/h264enc.js:167
      throw ex;
      ^

RuntimeError: Aborted(Cannot enlarge memory arrays to size 19124224 bytes (OOM). Either (1) compile with -sINITIAL_MEMORY=X with X higher than the current value 16777216, (2) compile with -sALLOW_MEMORY_GROWTH which allows increasing the size at runtime, or (3) if you want malloc to return NULL (0) instead of this abort, compile with -sABORTING_MALLOC=0)
    at abort (/home/test/workspace/openh264/test/encoder_binary_comparison/AllTestData/Adobe_PDF_sample_a_1024x768_50Frms.264/h264enc.js:1031:11)
    at abortOnCannotGrowMemory (/home/test/workspace/openh264/test/encoder_binary_comparison/AllTestData/Adobe_PDF_sample_a_1024x768_50Frms.264/h264enc.js:4914:7)
    at _emscripten_resize_heap (/home/test/workspace/openh264/test/encoder_binary_comparison/AllTestData/Adobe_PDF_sample_a_1024x768_50Frms.264/h264enc.js:4919:7)
    at wasm://wasm/00265406:wasm-function[1133]:0x705f0
    at wasm://wasm/00265406:wasm-function[1121]:0x6e28d
    at wasm://wasm/00265406:wasm-function[775]:0x60eb2
    at wasm://wasm/00265406:wasm-function[357]:0x2e8f3
    at wasm://wasm/00265406:wasm-function[363]:0x2f261
    at wasm://wasm/00265406:wasm-function[555]:0x407f3
    at wasm://wasm/00265406:wasm-function[554]:0x405bd   [0m
[31m    Failed! Adobe_PDF_sample_a_1024x768_50Frms.264_x.yuv Case Index 931:SHA-1(Current--Benchmark): NULL-----7cb3520d7f6fe784827ea36ae01b60e0d3e85e0e  [0m
[31m            ----YUVSHA1:  NULL,  9aa9a4d9598eb3e1093311826844f37c43e4c521  [0m
[31m           Aborted(Cannot enlarge memory arrays to size 19124224 bytes (OOM). Either (1) compile with -sINITIAL_MEMORY=X with X higher than the current value 16777216, (2) compile with -sALLOW_MEMORY_GROWTH which allows increasing the size at runtime, or (3) if you want malloc to return NULL (0) instead of this abort, compile with -sABORTING_MALLOC=0)
/home/test/workspace/openh264/test/encoder_binary_comparison/AllTestData/Adobe_PDF_sample_a_1024x768_50Frms.264/h264enc.js:167
      throw ex;
      ^

RuntimeError: Aborted(Cannot enlarge memory arrays to size 19124224 bytes (OOM). Either (1) compile with -sINITIAL_MEMORY=X with X higher than the current value 16777216, (2) compile with -sALLOW_MEMORY_GROWTH which allows increasing the size at runtime, or (3) if you want malloc to return NULL (0) instead of this abort, compile with -sABORTING_MALLOC=0)
    at abort (/home/test/workspace/openh264/test/encoder_binary_comparison/AllTestData/Adobe_PDF_sample_a_1024x768_50Frms.264/h264enc.js:1031:11)
    at abortOnCannotGrowMemory (/home/test/workspace/openh264/test/encoder_binary_comparison/AllTestData/Adobe_PDF_sample_a_1024x768_50Frms.264/h264enc.js:4914:7)
    at _emscripten_resize_heap (/home/test/workspace/openh264/test/encoder_binary_comparison/AllTestData/Adobe_PDF_sample_a_1024x768_50Frms.264/h264enc.js:4919:7)
    at wasm://wasm/00265406:wasm-function[1133]:0x705f0
    at wasm://wasm/00265406:wasm-function[1121]:0x6e28d
    at wasm://wasm/00265406:wasm-function[775]:0x60eb2
    at wasm://wasm/00265406:wasm-function[357]:0x2e8f3
    at wasm://wasm/00265406:wasm-function[363]:0x2f261
    at wasm://wasm/00265406:wasm-function[555]:0x407f3
    at wasm://wasm/00265406:wasm-function[554]:0x405bd   [0m
[31m    Failed! Adobe_PDF_sample_a_1024x768_50Frms.264_x.yuv Case Index 932:SHA-1(Current--Benchmark): NULL-----7cb3520d7f6fe784827ea36ae01b60e0d3e85e0e  [0m
[31m            ----YUVSHA1:  NULL,  9aa9a4d9598eb3e1093311826844f37c43e4c521  [0m
[31m           Aborted(Cannot enlarge memory arrays to size 19124224 bytes (OOM). Either (1) compile with -sINITIAL_MEMORY=X with X higher than the current value 16777216, (2) compile with -sALLOW_MEMORY_GROWTH which allows increasing the size at runtime, or (3) if you want malloc to return NULL (0) instead of this abort, compile with -sABORTING_MALLOC=0)
/home/test/workspace/openh264/test/encoder_binary_comparison/AllTestData/Adobe_PDF_sample_a_1024x768_50Frms.264/h264enc.js:167
      throw ex;
      ^

RuntimeError: Aborted(Cannot enlarge memory arrays to size 19124224 bytes (OOM). Either (1) compile with -sINITIAL_MEMORY=X with X higher than the current value 16777216, (2) compile with -sALLOW_MEMORY_GROWTH which allows increasing the size at runtime, or (3) if you want malloc to return NULL (0) instead of this abort, compile with -sABORTING_MALLOC=0)
    at abort (/home/test/workspace/openh264/test/encoder_binary_comparison/AllTestData/Adobe_PDF_sample_a_1024x768_50Frms.264/h264enc.js:1031:11)
    at abortOnCannotGrowMemory (/home/test/workspace/openh264/test/encoder_binary_comparison/AllTestData/Adobe_PDF_sample_a_1024x768_50Frms.264/h264enc.js:4914:7)
    at _emscripten_resize_heap (/home/test/workspace/openh264/test/encoder_binary_comparison/AllTestData/Adobe_PDF_sample_a_1024x768_50Frms.264/h264enc.js:4919:7)
    at wasm://wasm/00265406:wasm-function[1133]:0x705f0
    at wasm://wasm/00265406:wasm-function[1121]:0x6e28d
    at wasm://wasm/00265406:wasm-function[775]:0x60eb2
    at wasm://wasm/00265406:wasm-function[357]:0x2e8f3
    at wasm://wasm/00265406:wasm-function[363]:0x2f261
    at wasm://wasm/00265406:wasm-function[555]:0x407f3
    at wasm://wasm/00265406:wasm-function[554]:0x405bd   [0m
[31m    Failed! Adobe_PDF_sample_a_1024x768_50Frms.264_x.yuv Case Index 933:SHA-1(Current--Benchmark): NULL-----7cb3520d7f6fe784827ea36ae01b60e0d3e85e0e  [0m
[31m            ----YUVSHA1:  NULL,  9aa9a4d9598eb3e1093311826844f37c43e4c521  [0m
[31m           Aborted(Cannot enlarge memory arrays to size 19124224 bytes (OOM). Either (1) compile with -sINITIAL_MEMORY=X with X higher than the current value 16777216, (2) compile with -sALLOW_MEMORY_GROWTH which allows increasing the size at runtime, or (3) if you want malloc to return NULL (0) instead of this abort, compile with -sABORTING_MALLOC=0)
/home/test/workspace/openh264/test/encoder_binary_comparison/AllTestData/Adobe_PDF_sample_a_1024x768_50Frms.264/h264enc.js:167
      throw ex;
      ^

RuntimeError: Aborted(Cannot enlarge memory arrays to size 19124224 bytes (OOM). Either (1) compile with -sINITIAL_MEMORY=X with X higher than the current value 16777216, (2) compile with -sALLOW_MEMORY_GROWTH which allows increasing the size at runtime, or (3) if you want malloc to return NULL (0) instead of this abort, compile with -sABORTING_MALLOC=0)
    at abort (/home/test/workspace/openh264/test/encoder_binary_comparison/AllTestData/Adobe_PDF_sample_a_1024x768_50Frms.264/h264enc.js:1031:11)
    at abortOnCannotGrowMemory (/home/test/workspace/openh264/test/encoder_binary_comparison/AllTestData/Adobe_PDF_sample_a_1024x768_50Frms.264/h264enc.js:4914:7)
    at _emscripten_resize_heap (/home/test/workspace/openh264/test/encoder_binary_comparison/AllTestData/Adobe_PDF_sample_a_1024x768_50Frms.264/h264enc.js:4919:7)
    at wasm://wasm/00265406:wasm-function[1133]:0x705f0
    at wasm://wasm/00265406:wasm-function[1121]:0x6e28d
    at wasm://wasm/00265406:wasm-function[775]:0x60eb2
    at wasm://wasm/00265406:wasm-function[357]:0x2e8f3
    at wasm://wasm/00265406:wasm-function[363]:0x2f261
    at wasm://wasm/00265406:wasm-function[555]:0x407f3
    at wasm://wasm/00265406:wasm-function[554]:0x405bd   [0m
[31m    Failed! Adobe_PDF_sample_a_1024x768_50Frms.264_x.yuv Case Index 934:SHA-1(Current--Benchmark): NULL-----7cb3520d7f6fe784827ea36ae01b60e0d3e85e0e  [0m
[31m            ----YUVSHA1:  NULL,  9aa9a4d9598eb3e1093311826844f37c43e4c521  [0m
[31m           Aborted(Cannot enlarge memory arrays to size 19124224 bytes (OOM). Either (1) compile with -sINITIAL_MEMORY=X with X higher than the current value 16777216, (2) compile with -sALLOW_MEMORY_GROWTH which allows increasing the size at runtime, or (3) if you want malloc to return NULL (0) instead of this abort, compile with -sABORTING_MALLOC=0)
/home/test/workspace/openh264/test/encoder_binary_comparison/AllTestData/Adobe_PDF_sample_a_1024x768_50Frms.264/h264enc.js:167
      throw ex;
      ^

RuntimeError: Aborted(Cannot enlarge memory arrays to size 19124224 bytes (OOM). Either (1) compile with -sINITIAL_MEMORY=X with X higher than the current value 16777216, (2) compile with -sALLOW_MEMORY_GROWTH which allows increasing the size at runtime, or (3) if you want malloc to return NULL (0) instead of this abort, compile with -sABORTING_MALLOC=0)
    at abort (/home/test/workspace/openh264/test/encoder_binary_comparison/AllTestData/Adobe_PDF_sample_a_1024x768_50Frms.264/h264enc.js:1031:11)
    at abortOnCannotGrowMemory (/home/test/workspace/openh264/test/encoder_binary_comparison/AllTestData/Adobe_PDF_sample_a_1024x768_50Frms.264/h264enc.js:4914:7)
    at _emscripten_resize_heap (/home/test/workspace/openh264/test/encoder_binary_comparison/AllTestData/Adobe_PDF_sample_a_1024x768_50Frms.264/h264enc.js:4919:7)
    at wasm://wasm/00265406:wasm-function[1133]:0x705f0
    at wasm://wasm/00265406:wasm-function[1121]:0x6e28d
    at wasm://wasm/00265406:wasm-function[775]:0x60eb2
    at wasm://wasm/00265406:wasm-function[357]:0x2e8f3
    at wasm://wasm/00265406:wasm-function[363]:0x2f261
    at wasm://wasm/00265406:wasm-function[555]:0x407f3
    at wasm://wasm/00265406:wasm-function[554]:0x405bd   [0m
[31m    Failed! Adobe_PDF_sample_a_1024x768_50Frms.264_x.yuv Case Index 935:SHA-1(Current--Benchmark): NULL-----7cb3520d7f6fe784827ea36ae01b60e0d3e85e0e  [0m
[31m            ----YUVSHA1:  NULL,  9aa9a4d9598eb3e1093311826844f37c43e4c521  [0m
[31m           Aborted(Cannot enlarge memory arrays to size 19124224 bytes (OOM). Either (1) compile with -sINITIAL_MEMORY=X with X higher than the current value 16777216, (2) compile with -sALLOW_MEMORY_GROWTH which allows increasing the size at runtime, or (3) if you want malloc to return NULL (0) instead of this abort, compile with -sABORTING_MALLOC=0)
/home/test/workspace/openh264/test/encoder_binary_comparison/AllTestData/Adobe_PDF_sample_a_1024x768_50Frms.264/h264enc.js:167
      throw ex;
      ^

RuntimeError: Aborted(Cannot enlarge memory arrays to size 19124224 bytes (OOM). Either (1) compile with -sINITIAL_MEMORY=X with X higher than the current value 16777216, (2) compile with -sALLOW_MEMORY_GROWTH which allows increasing the size at runtime, or (3) if you want malloc to return NULL (0) instead of this abort, compile with -sABORTING_MALLOC=0)
    at abort (/home/test/workspace/openh264/test/encoder_binary_comparison/AllTestData/Adobe_PDF_sample_a_1024x768_50Frms.264/h264enc.js:1031:11)
    at abortOnCannotGrowMemory (/home/test/workspace/openh264/test/encoder_binary_comparison/AllTestData/Adobe_PDF_sample_a_1024x768_50Frms.264/h264enc.js:4914:7)
    at _emscripten_resize_heap (/home/test/workspace/openh264/test/encoder_binary_comparison/AllTestData/Adobe_PDF_sample_a_1024x768_50Frms.264/h264enc.js:4919:7)
    at wasm://wasm/00265406:wasm-function[1133]:0x705f0
    at wasm://wasm/00265406:wasm-function[1121]:0x6e28d
    at wasm://wasm/00265406:wasm-function[775]:0x60eb2
    at wasm://wasm/00265406:wasm-function[357]:0x2e8f3
    at wasm://wasm/00265406:wasm-function[363]:0x2f261
    at wasm://wasm/00265406:wasm-function[555]:0x407f3
    at wasm://wasm/00265406:wasm-function[554]:0x405bd   [0m
[31m    Failed! Adobe_PDF_sample_a_1024x768_50Frms.264_x.yuv Case Index 936:SHA-1(Current--Benchmark): NULL-----7cb3520d7f6fe784827ea36ae01b60e0d3e85e0e  [0m
[31m            ----YUVSHA1:  NULL,  9aa9a4d9598eb3e1093311826844f37c43e4c521  [0m
[31m           Aborted(Cannot enlarge memory arrays to size 19124224 bytes (OOM). Either (1) compile with -sINITIAL_MEMORY=X with X higher than the current value 16777216, (2) compile with -sALLOW_MEMORY_GROWTH which allows increasing the size at runtime, or (3) if you want malloc to return NULL (0) instead of this abort, compile with -sABORTING_MALLOC=0)
/home/test/workspace/openh264/test/encoder_binary_comparison/AllTestData/Adobe_PDF_sample_a_1024x768_50Frms.264/h264enc.js:167
      throw ex;
      ^

RuntimeError: Aborted(Cannot enlarge memory arrays to size 19124224 bytes (OOM). Either (1) compile with -sINITIAL_MEMORY=X with X higher than the current value 16777216, (2) compile with -sALLOW_MEMORY_GROWTH which allows increasing the size at runtime, or (3) if you want malloc to return NULL (0) instead of this abort, compile with -sABORTING_MALLOC=0)
    at abort (/home/test/workspace/openh264/test/encoder_binary_comparison/AllTestData/Adobe_PDF_sample_a_1024x768_50Frms.264/h264enc.js:1031:11)
    at abortOnCannotGrowMemory (/home/test/workspace/openh264/test/encoder_binary_comparison/AllTestData/Adobe_PDF_sample_a_1024x768_50Frms.264/h264enc.js:4914:7)
    at _emscripten_resize_heap (/home/test/workspace/openh264/test/encoder_binary_comparison/AllTestData/Adobe_PDF_sample_a_1024x768_50Frms.264/h264enc.js:4919:7)
    at wasm://wasm/00265406:wasm-function[1133]:0x705f0
    at wasm://wasm/00265406:wasm-function[1121]:0x6e28d
    at wasm://wasm/00265406:wasm-function[775]:0x60eb2
    at wasm://wasm/00265406:wasm-function[357]:0x2e8f3
    at wasm://wasm/00265406:wasm-function[363]:0x2f261
    at wasm://wasm/00265406:wasm-function[555]:0x407f3
    at wasm://wasm/00265406:wasm-function[554]:0x405bd   [0m
[31m    Failed! Adobe_PDF_sample_a_1024x768_50Frms.264_x.yuv Case Index 937:SHA-1(Current--Benchmark): NULL-----7cb3520d7f6fe784827ea36ae01b60e0d3e85e0e  [0m
[31m            ----YUVSHA1:  NULL,  9aa9a4d9598eb3e1093311826844f37c43e4c521  [0m
[31m           Aborted(Cannot enlarge memory arrays to size 19124224 bytes (OOM). Either (1) compile with -sINITIAL_MEMORY=X with X higher than the current value 16777216, (2) compile with -sALLOW_MEMORY_GROWTH which allows increasing the size at runtime, or (3) if you want malloc to return NULL (0) instead of this abort, compile with -sABORTING_MALLOC=0)
/home/test/workspace/openh264/test/encoder_binary_comparison/AllTestData/Adobe_PDF_sample_a_1024x768_50Frms.264/h264enc.js:167
      throw ex;
      ^

RuntimeError: Aborted(Cannot enlarge memory arrays to size 19124224 bytes (OOM). Either (1) compile with -sINITIAL_MEMORY=X with X higher than the current value 16777216, (2) compile with -sALLOW_MEMORY_GROWTH which allows increasing the size at runtime, or (3) if you want malloc to return NULL (0) instead of this abort, compile with -sABORTING_MALLOC=0)
    at abort (/home/test/workspace/openh264/test/encoder_binary_comparison/AllTestData/Adobe_PDF_sample_a_1024x768_50Frms.264/h264enc.js:1031:11)
    at abortOnCannotGrowMemory (/home/test/workspace/openh264/test/encoder_binary_comparison/AllTestData/Adobe_PDF_sample_a_1024x768_50Frms.264/h264enc.js:4914:7)
    at _emscripten_resize_heap (/home/test/workspace/openh264/test/encoder_binary_comparison/AllTestData/Adobe_PDF_sample_a_1024x768_50Frms.264/h264enc.js:4919:7)
    at wasm://wasm/00265406:wasm-function[1133]:0x705f0
    at wasm://wasm/00265406:wasm-function[1121]:0x6e28d
    at wasm://wasm/00265406:wasm-function[775]:0x60eb2
    at wasm://wasm/00265406:wasm-function[357]:0x2e8f3
    at wasm://wasm/00265406:wasm-function[363]:0x2f261
    at wasm://wasm/00265406:wasm-function[555]:0x407f3
    at wasm://wasm/00265406:wasm-function[554]:0x405bd   [0m
[31m    Failed! Adobe_PDF_sample_a_1024x768_50Frms.264_x.yuv Case Index 938:SHA-1(Current--Benchmark): NULL-----7cb3520d7f6fe784827ea36ae01b60e0d3e85e0e  [0m
[31m            ----YUVSHA1:  NULL,  9aa9a4d9598eb3e1093311826844f37c43e4c521  [0m
[31m           Aborted(Cannot enlarge memory arrays to size 19124224 bytes (OOM). Either (1) compile with -sINITIAL_MEMORY=X with X higher than the current value 16777216, (2) compile with -sALLOW_MEMORY_GROWTH which allows increasing the size at runtime, or (3) if you want malloc to return NULL (0) instead of this abort, compile with -sABORTING_MALLOC=0)
/home/test/workspace/openh264/test/encoder_binary_comparison/AllTestData/Adobe_PDF_sample_a_1024x768_50Frms.264/h264enc.js:167
      throw ex;
      ^

RuntimeError: Aborted(Cannot enlarge memory arrays to size 19124224 bytes (OOM). Either (1) compile with -sINITIAL_MEMORY=X with X higher than the current value 16777216, (2) compile with -sALLOW_MEMORY_GROWTH which allows increasing the size at runtime, or (3) if you want malloc to return NULL (0) instead of this abort, compile with -sABORTING_MALLOC=0)
    at abort (/home/test/workspace/openh264/test/encoder_binary_comparison/AllTestData/Adobe_PDF_sample_a_1024x768_50Frms.264/h264enc.js:1031:11)
    at abortOnCannotGrowMemory (/home/test/workspace/openh264/test/encoder_binary_comparison/AllTestData/Adobe_PDF_sample_a_1024x768_50Frms.264/h264enc.js:4914:7)
    at _emscripten_resize_heap (/home/test/workspace/openh264/test/encoder_binary_comparison/AllTestData/Adobe_PDF_sample_a_1024x768_50Frms.264/h264enc.js:4919:7)
    at wasm://wasm/00265406:wasm-function[1133]:0x705f0
    at wasm://wasm/00265406:wasm-function[1121]:0x6e28d
    at wasm://wasm/00265406:wasm-function[775]:0x60eb2
    at wasm://wasm/00265406:wasm-function[357]:0x2e8f3
    at wasm://wasm/00265406:wasm-function[363]:0x2f261
    at wasm://wasm/00265406:wasm-function[555]:0x407f3
    at wasm://wasm/00265406:wasm-function[554]:0x405bd   [0m
[31m    Failed! Adobe_PDF_sample_a_1024x768_50Frms.264_x.yuv Case Index 939:SHA-1(Current--Benchmark): NULL-----7cb3520d7f6fe784827ea36ae01b60e0d3e85e0e  [0m
[31m            ----YUVSHA1:  NULL,  9aa9a4d9598eb3e1093311826844f37c43e4c521  [0m
[31m           Aborted(Cannot enlarge memory arrays to size 19124224 bytes (OOM). Either (1) compile with -sINITIAL_MEMORY=X with X higher than the current value 16777216, (2) compile with -sALLOW_MEMORY_GROWTH which allows increasing the size at runtime, or (3) if you want malloc to return NULL (0) instead of this abort, compile with -sABORTING_MALLOC=0)
/home/test/workspace/openh264/test/encoder_binary_comparison/AllTestData/Adobe_PDF_sample_a_1024x768_50Frms.264/h264enc.js:167
      throw ex;
      ^

RuntimeError: Aborted(Cannot enlarge memory arrays to size 19124224 bytes (OOM). Either (1) compile with -sINITIAL_MEMORY=X with X higher than the current value 16777216, (2) compile with -sALLOW_MEMORY_GROWTH which allows increasing the size at runtime, or (3) if you want malloc to return NULL (0) instead of this abort, compile with -sABORTING_MALLOC=0)
    at abort (/home/test/workspace/openh264/test/encoder_binary_comparison/AllTestData/Adobe_PDF_sample_a_1024x768_50Frms.264/h264enc.js:1031:11)
    at abortOnCannotGrowMemory (/home/test/workspace/openh264/test/encoder_binary_comparison/AllTestData/Adobe_PDF_sample_a_1024x768_50Frms.264/h264enc.js:4914:7)
    at _emscripten_resize_heap (/home/test/workspace/openh264/test/encoder_binary_comparison/AllTestData/Adobe_PDF_sample_a_1024x768_50Frms.264/h264enc.js:4919:7)
    at wasm://wasm/00265406:wasm-function[1133]:0x705f0
    at wasm://wasm/00265406:wasm-function[1121]:0x6e28d
    at wasm://wasm/00265406:wasm-function[775]:0x60eb2
    at wasm://wasm/00265406:wasm-function[357]:0x2e8f3
    at wasm://wasm/00265406:wasm-function[363]:0x2f261
    at wasm://wasm/00265406:wasm-function[555]:0x407f3
    at wasm://wasm/00265406:wasm-function[554]:0x405bd   [0m
[31m    Failed! Adobe_PDF_sample_a_1024x768_50Frms.264_x.yuv Case Index 940:SHA-1(Current--Benchmark): NULL-----7cb3520d7f6fe784827ea36ae01b60e0d3e85e0e  [0m
[31m            ----YUVSHA1:  NULL,  9aa9a4d9598eb3e1093311826844f37c43e4c521  [0m
[31m           Aborted(Cannot enlarge memory arrays to size 19124224 bytes (OOM). Either (1) compile with -sINITIAL_MEMORY=X with X higher than the current value 16777216, (2) compile with -sALLOW_MEMORY_GROWTH which allows increasing the size at runtime, or (3) if you want malloc to return NULL (0) instead of this abort, compile with -sABORTING_MALLOC=0)
/home/test/workspace/openh264/test/encoder_binary_comparison/AllTestData/Adobe_PDF_sample_a_1024x768_50Frms.264/h264enc.js:167
      throw ex;
      ^

RuntimeError: Aborted(Cannot enlarge memory arrays to size 19124224 bytes (OOM). Either (1) compile with -sINITIAL_MEMORY=X with X higher than the current value 16777216, (2) compile with -sALLOW_MEMORY_GROWTH which allows increasing the size at runtime, or (3) if you want malloc to return NULL (0) instead of this abort, compile with -sABORTING_MALLOC=0)
    at abort (/home/test/workspace/openh264/test/encoder_binary_comparison/AllTestData/Adobe_PDF_sample_a_1024x768_50Frms.264/h264enc.js:1031:11)
    at abortOnCannotGrowMemory (/home/test/workspace/openh264/test/encoder_binary_comparison/AllTestData/Adobe_PDF_sample_a_1024x768_50Frms.264/h264enc.js:4914:7)
    at _emscripten_resize_heap (/home/test/workspace/openh264/test/encoder_binary_comparison/AllTestData/Adobe_PDF_sample_a_1024x768_50Frms.264/h264enc.js:4919:7)
    at wasm://wasm/00265406:wasm-function[1133]:0x705f0
    at wasm://wasm/00265406:wasm-function[1121]:0x6e28d
    at wasm://wasm/00265406:wasm-function[775]:0x60eb2
    at wasm://wasm/00265406:wasm-function[357]:0x2e8f3
    at wasm://wasm/00265406:wasm-function[363]:0x2f261
    at wasm://wasm/00265406:wasm-function[555]:0x407f3
    at wasm://wasm/00265406:wasm-function[554]:0x405bd   [0m
[31m    Failed! Adobe_PDF_sample_a_1024x768_50Frms.264_x.yuv Case Index 941:SHA-1(Current--Benchmark): NULL-----7cb3520d7f6fe784827ea36ae01b60e0d3e85e0e  [0m
[31m            ----YUVSHA1:  NULL,  9aa9a4d9598eb3e1093311826844f37c43e4c521  [0m
[31m           Aborted(Cannot enlarge memory arrays to size 19124224 bytes (OOM). Either (1) compile with -sINITIAL_MEMORY=X with X higher than the current value 16777216, (2) compile with -sALLOW_MEMORY_GROWTH which allows increasing the size at runtime, or (3) if you want malloc to return NULL (0) instead of this abort, compile with -sABORTING_MALLOC=0)
/home/test/workspace/openh264/test/encoder_binary_comparison/AllTestData/Adobe_PDF_sample_a_1024x768_50Frms.264/h264enc.js:167
      throw ex;
      ^

RuntimeError: Aborted(Cannot enlarge memory arrays to size 19124224 bytes (OOM). Either (1) compile with -sINITIAL_MEMORY=X with X higher than the current value 16777216, (2) compile with -sALLOW_MEMORY_GROWTH which allows increasing the size at runtime, or (3) if you want malloc to return NULL (0) instead of this abort, compile with -sABORTING_MALLOC=0)
    at abort (/home/test/workspace/openh264/test/encoder_binary_comparison/AllTestData/Adobe_PDF_sample_a_1024x768_50Frms.264/h264enc.js:1031:11)
    at abortOnCannotGrowMemory (/home/test/workspace/openh264/test/encoder_binary_comparison/AllTestData/Adobe_PDF_sample_a_1024x768_50Frms.264/h264enc.js:4914:7)
    at _emscripten_resize_heap (/home/test/workspace/openh264/test/encoder_binary_comparison/AllTestData/Adobe_PDF_sample_a_1024x768_50Frms.264/h264enc.js:4919:7)
    at wasm://wasm/00265406:wasm-function[1133]:0x705f0
    at wasm://wasm/00265406:wasm-function[1121]:0x6e28d
    at wasm://wasm/00265406:wasm-function[775]:0x60eb2
    at wasm://wasm/00265406:wasm-function[357]:0x2e8f3
    at wasm://wasm/00265406:wasm-function[363]:0x2f261
    at wasm://wasm/00265406:wasm-function[555]:0x407f3
    at wasm://wasm/00265406:wasm-function[554]:0x405bd   [0m
[31m    Failed! Adobe_PDF_sample_a_1024x768_50Frms.264_x.yuv Case Index 942:SHA-1(Current--Benchmark): NULL-----7cb3520d7f6fe784827ea36ae01b60e0d3e85e0e  [0m
[31m            ----YUVSHA1:  NULL,  9aa9a4d9598eb3e1093311826844f37c43e4c521  [0m
[31m           Aborted(Cannot enlarge memory arrays to size 19124224 bytes (OOM). Either (1) compile with -sINITIAL_MEMORY=X with X higher than the current value 16777216, (2) compile with -sALLOW_MEMORY_GROWTH which allows increasing the size at runtime, or (3) if you want malloc to return NULL (0) instead of this abort, compile with -sABORTING_MALLOC=0)
/home/test/workspace/openh264/test/encoder_binary_comparison/AllTestData/Adobe_PDF_sample_a_1024x768_50Frms.264/h264enc.js:167
      throw ex;
      ^

RuntimeError: Aborted(Cannot enlarge memory arrays to size 19124224 bytes (OOM). Either (1) compile with -sINITIAL_MEMORY=X with X higher than the current value 16777216, (2) compile with -sALLOW_MEMORY_GROWTH which allows increasing the size at runtime, or (3) if you want malloc to return NULL (0) instead of this abort, compile with -sABORTING_MALLOC=0)
    at abort (/home/test/workspace/openh264/test/encoder_binary_comparison/AllTestData/Adobe_PDF_sample_a_1024x768_50Frms.264/h264enc.js:1031:11)
    at abortOnCannotGrowMemory (/home/test/workspace/openh264/test/encoder_binary_comparison/AllTestData/Adobe_PDF_sample_a_1024x768_50Frms.264/h264enc.js:4914:7)
    at _emscripten_resize_heap (/home/test/workspace/openh264/test/encoder_binary_comparison/AllTestData/Adobe_PDF_sample_a_1024x768_50Frms.264/h264enc.js:4919:7)
    at wasm://wasm/00265406:wasm-function[1133]:0x705f0
    at wasm://wasm/00265406:wasm-function[1121]:0x6e28d
    at wasm://wasm/00265406:wasm-function[775]:0x60eb2
    at wasm://wasm/00265406:wasm-function[357]:0x2e8f3
    at wasm://wasm/00265406:wasm-function[363]:0x2f261
    at wasm://wasm/00265406:wasm-function[555]:0x407f3
    at wasm://wasm/00265406:wasm-function[554]:0x405bd   [0m
[31m    Failed! Adobe_PDF_sample_a_1024x768_50Frms.264_x.yuv Case Index 943:SHA-1(Current--Benchmark): NULL-----7cb3520d7f6fe784827ea36ae01b60e0d3e85e0e  [0m
[31m            ----YUVSHA1:  NULL,  9aa9a4d9598eb3e1093311826844f37c43e4c521  [0m
[31m           Aborted(Cannot enlarge memory arrays to size 19124224 bytes (OOM). Either (1) compile with -sINITIAL_MEMORY=X with X higher than the current value 16777216, (2) compile with -sALLOW_MEMORY_GROWTH which allows increasing the size at runtime, or (3) if you want malloc to return NULL (0) instead of this abort, compile with -sABORTING_MALLOC=0)
/home/test/workspace/openh264/test/encoder_binary_comparison/AllTestData/Adobe_PDF_sample_a_1024x768_50Frms.264/h264enc.js:167
      throw ex;
      ^

RuntimeError: Aborted(Cannot enlarge memory arrays to size 19124224 bytes (OOM). Either (1) compile with -sINITIAL_MEMORY=X with X higher than the current value 16777216, (2) compile with -sALLOW_MEMORY_GROWTH which allows increasing the size at runtime, or (3) if you want malloc to return NULL (0) instead of this abort, compile with -sABORTING_MALLOC=0)
    at abort (/home/test/workspace/openh264/test/encoder_binary_comparison/AllTestData/Adobe_PDF_sample_a_1024x768_50Frms.264/h264enc.js:1031:11)
    at abortOnCannotGrowMemory (/home/test/workspace/openh264/test/encoder_binary_comparison/AllTestData/Adobe_PDF_sample_a_1024x768_50Frms.264/h264enc.js:4914:7)
    at _emscripten_resize_heap (/home/test/workspace/openh264/test/encoder_binary_comparison/AllTestData/Adobe_PDF_sample_a_1024x768_50Frms.264/h264enc.js:4919:7)
    at wasm://wasm/00265406:wasm-function[1133]:0x705f0
    at wasm://wasm/00265406:wasm-function[1121]:0x6e28d
    at wasm://wasm/00265406:wasm-function[775]:0x60eb2
    at wasm://wasm/00265406:wasm-function[357]:0x2e8f3
    at wasm://wasm/00265406:wasm-function[363]:0x2f261
    at wasm://wasm/00265406:wasm-function[555]:0x407f3
    at wasm://wasm/00265406:wasm-function[554]:0x405bd   [0m
[31m    Failed! Adobe_PDF_sample_a_1024x768_50Frms.264_x.yuv Case Index 944:SHA-1(Current--Benchmark): NULL-----3df2e8c52f1058b4b54f55abd3192e3475fa78ea  [0m
[31m            ----YUVSHA1:  NULL,  9aa9a4d9598eb3e1093311826844f37c43e4c521  [0m
[31m           [OpenH264] this = 0x0x514070, Error:ParamValidationExt(), WARNING: GOM based RC do not support SM_RASTER_SLICE!
Aborted(Cannot enlarge memory arrays to size 19124224 bytes (OOM). Either (1) compile with -sINITIAL_MEMORY=X with X higher than the current value 16777216, (2) compile with -sALLOW_MEMORY_GROWTH which allows increasing the size at runtime, or (3) if you want malloc to return NULL (0) instead of this abort, compile with -sABORTING_MALLOC=0)
/home/test/workspace/openh264/test/encoder_binary_comparison/AllTestData/Adobe_PDF_sample_a_1024x768_50Frms.264/h264enc.js:167
      throw ex;
      ^

RuntimeError: Aborted(Cannot enlarge memory arrays to size 19124224 bytes (OOM). Either (1) compile with -sINITIAL_MEMORY=X with X higher than the current value 16777216, (2) compile with -sALLOW_MEMORY_GROWTH which allows increasing the size at runtime, or (3) if you want malloc to return NULL (0) instead of this abort, compile with -sABORTING_MALLOC=0)
    at abort (/home/test/workspace/openh264/test/encoder_binary_comparison/AllTestData/Adobe_PDF_sample_a_1024x768_50Frms.264/h264enc.js:1031:11)
    at abortOnCannotGrowMemory (/home/test/workspace/openh264/test/encoder_binary_comparison/AllTestData/Adobe_PDF_sample_a_1024x768_50Frms.264/h264enc.js:4914:7)
    at _emscripten_resize_heap (/home/test/workspace/openh264/test/encoder_binary_comparison/AllTestData/Adobe_PDF_sample_a_1024x768_50Frms.264/h264enc.js:4919:7)
    at wasm://wasm/00265406:wasm-function[1133]:0x705f0
    at wasm://wasm/00265406:wasm-function[1121]:0x6e28d
    at wasm://wasm/00265406:wasm-function[775]:0x60eb2
    at wasm://wasm/00265406:wasm-function[357]:0x2e8f3
    at wasm://wasm/00265406:wasm-function[363]:0x2f261
    at wasm://wasm/00265406:wasm-function[555]:0x407f3
    at wasm://wasm/00265406:wasm-function[554]:0x405bd   [0m
[31m    Failed! Adobe_PDF_sample_a_1024x768_50Frms.264_x.yuv Case Index 945:SHA-1(Current--Benchmark): NULL-----3df2e8c52f1058b4b54f55abd3192e3475fa78ea  [0m
[31m            ----YUVSHA1:  NULL,  9aa9a4d9598eb3e1093311826844f37c43e4c521  [0m
[31m           [OpenH264] this = 0x0x514070, Error:ParamValidationExt(), WARNING: GOM based RC do not support SM_RASTER_SLICE!
Aborted(Cannot enlarge memory arrays to size 19124224 bytes (OOM). Either (1) compile with -sINITIAL_MEMORY=X with X higher than the current value 16777216, (2) compile with -sALLOW_MEMORY_GROWTH which allows increasing the size at runtime, or (3) if you want malloc to return NULL (0) instead of this abort, compile with -sABORTING_MALLOC=0)
/home/test/workspace/openh264/test/encoder_binary_comparison/AllTestData/Adobe_PDF_sample_a_1024x768_50Frms.264/h264enc.js:167
      throw ex;
      ^

RuntimeError: Aborted(Cannot enlarge memory arrays to size 19124224 bytes (OOM). Either (1) compile with -sINITIAL_MEMORY=X with X higher than the current value 16777216, (2) compile with -sALLOW_MEMORY_GROWTH which allows increasing the size at runtime, or (3) if you want malloc to return NULL (0) instead of this abort, compile with -sABORTING_MALLOC=0)
    at abort (/home/test/workspace/openh264/test/encoder_binary_comparison/AllTestData/Adobe_PDF_sample_a_1024x768_50Frms.264/h264enc.js:1031:11)
    at abortOnCannotGrowMemory (/home/test/workspace/openh264/test/encoder_binary_comparison/AllTestData/Adobe_PDF_sample_a_1024x768_50Frms.264/h264enc.js:4914:7)
    at _emscripten_resize_heap (/home/test/workspace/openh264/test/encoder_binary_comparison/AllTestData/Adobe_PDF_sample_a_1024x768_50Frms.264/h264enc.js:4919:7)
    at wasm://wasm/00265406:wasm-function[1133]:0x705f0
    at wasm://wasm/00265406:wasm-function[1121]:0x6e28d
    at wasm://wasm/00265406:wasm-function[775]:0x60eb2
    at wasm://wasm/00265406:wasm-function[357]:0x2e8f3
    at wasm://wasm/00265406:wasm-function[363]:0x2f261
    at wasm://wasm/00265406:wasm-function[555]:0x407f3
    at wasm://wasm/00265406:wasm-function[554]:0x405bd   [0m
[31m    Failed! Adobe_PDF_sample_a_1024x768_50Frms.264_x.yuv Case Index 946:SHA-1(Current--Benchmark): NULL-----3df2e8c52f1058b4b54f55abd3192e3475fa78ea  [0m
[31m            ----YUVSHA1:  NULL,  9aa9a4d9598eb3e1093311826844f37c43e4c521  [0m
[31m           [OpenH264] this = 0x0x514070, Error:ParamValidationExt(), WARNING: GOM based RC do not support SM_RASTER_SLICE!
Aborted(Cannot enlarge memory arrays to size 19124224 bytes (OOM). Either (1) compile with -sINITIAL_MEMORY=X with X higher than the current value 16777216, (2) compile with -sALLOW_MEMORY_GROWTH which allows increasing the size at runtime, or (3) if you want malloc to return NULL (0) instead of this abort, compile with -sABORTING_MALLOC=0)
/home/test/workspace/openh264/test/encoder_binary_comparison/AllTestData/Adobe_PDF_sample_a_1024x768_50Frms.264/h264enc.js:167
      throw ex;
      ^

RuntimeError: Aborted(Cannot enlarge memory arrays to size 19124224 bytes (OOM). Either (1) compile with -sINITIAL_MEMORY=X with X higher than the current value 16777216, (2) compile with -sALLOW_MEMORY_GROWTH which allows increasing the size at runtime, or (3) if you want malloc to return NULL (0) instead of this abort, compile with -sABORTING_MALLOC=0)
    at abort (/home/test/workspace/openh264/test/encoder_binary_comparison/AllTestData/Adobe_PDF_sample_a_1024x768_50Frms.264/h264enc.js:1031:11)
    at abortOnCannotGrowMemory (/home/test/workspace/openh264/test/encoder_binary_comparison/AllTestData/Adobe_PDF_sample_a_1024x768_50Frms.264/h264enc.js:4914:7)
    at _emscripten_resize_heap (/home/test/workspace/openh264/test/encoder_binary_comparison/AllTestData/Adobe_PDF_sample_a_1024x768_50Frms.264/h264enc.js:4919:7)
    at wasm://wasm/00265406:wasm-function[1133]:0x705f0
    at wasm://wasm/00265406:wasm-function[1121]:0x6e28d
    at wasm://wasm/00265406:wasm-function[775]:0x60eb2
    at wasm://wasm/00265406:wasm-function[357]:0x2e8f3
    at wasm://wasm/00265406:wasm-function[363]:0x2f261
    at wasm://wasm/00265406:wasm-function[555]:0x407f3
    at wasm://wasm/00265406:wasm-function[554]:0x405bd   [0m
[31m    Failed! Adobe_PDF_sample_a_1024x768_50Frms.264_x.yuv Case Index 947:SHA-1(Current--Benchmark): NULL-----3df2e8c52f1058b4b54f55abd3192e3475fa78ea  [0m
[31m            ----YUVSHA1:  NULL,  9aa9a4d9598eb3e1093311826844f37c43e4c521  [0m
[31m           [OpenH264] this = 0x0x514070, Error:ParamValidationExt(), WARNING: GOM based RC do not support SM_RASTER_SLICE!
Aborted(Cannot enlarge memory arrays to size 19124224 bytes (OOM). Either (1) compile with -sINITIAL_MEMORY=X with X higher than the current value 16777216, (2) compile with -sALLOW_MEMORY_GROWTH which allows increasing the size at runtime, or (3) if you want malloc to return NULL (0) instead of this abort, compile with -sABORTING_MALLOC=0)
/home/test/workspace/openh264/test/encoder_binary_comparison/AllTestData/Adobe_PDF_sample_a_1024x768_50Frms.264/h264enc.js:167
      throw ex;
      ^

RuntimeError: Aborted(Cannot enlarge memory arrays to size 19124224 bytes (OOM). Either (1) compile with -sINITIAL_MEMORY=X with X higher than the current value 16777216, (2) compile with -sALLOW_MEMORY_GROWTH which allows increasing the size at runtime, or (3) if you want malloc to return NULL (0) instead of this abort, compile with -sABORTING_MALLOC=0)
    at abort (/home/test/workspace/openh264/test/encoder_binary_comparison/AllTestData/Adobe_PDF_sample_a_1024x768_50Frms.264/h264enc.js:1031:11)
    at abortOnCannotGrowMemory (/home/test/workspace/openh264/test/encoder_binary_comparison/AllTestData/Adobe_PDF_sample_a_1024x768_50Frms.264/h264enc.js:4914:7)
    at _emscripten_resize_heap (/home/test/workspace/openh264/test/encoder_binary_comparison/AllTestData/Adobe_PDF_sample_a_1024x768_50Frms.264/h264enc.js:4919:7)
    at wasm://wasm/00265406:wasm-function[1133]:0x705f0
    at wasm://wasm/00265406:wasm-function[1121]:0x6e28d
    at wasm://wasm/00265406:wasm-function[775]:0x60eb2
    at wasm://wasm/00265406:wasm-function[357]:0x2e8f3
    at wasm://wasm/00265406:wasm-function[363]:0x2f261
    at wasm://wasm/00265406:wasm-function[555]:0x407f3
    at wasm://wasm/00265406:wasm-function[554]:0x405bd   [0m
[31m    Failed! Adobe_PDF_sample_a_1024x768_50Frms.264_x.yuv Case Index 948:SHA-1(Current--Benchmark): NULL-----3df2e8c52f1058b4b54f55abd3192e3475fa78ea  [0m
[31m            ----YUVSHA1:  NULL,  9aa9a4d9598eb3e1093311826844f37c43e4c521  [0m
[31m           [OpenH264] this = 0x0x514070, Error:ParamValidationExt(), WARNING: GOM based RC do not support SM_RASTER_SLICE!
Aborted(Cannot enlarge memory arrays to size 19124224 bytes (OOM). Either (1) compile with -sINITIAL_MEMORY=X with X higher than the current value 16777216, (2) compile with -sALLOW_MEMORY_GROWTH which allows increasing the size at runtime, or (3) if you want malloc to return NULL (0) instead of this abort, compile with -sABORTING_MALLOC=0)
/home/test/workspace/openh264/test/encoder_binary_comparison/AllTestData/Adobe_PDF_sample_a_1024x768_50Frms.264/h264enc.js:167
      throw ex;
      ^

RuntimeError: Aborted(Cannot enlarge memory arrays to size 19124224 bytes (OOM). Either (1) compile with -sINITIAL_MEMORY=X with X higher than the current value 16777216, (2) compile with -sALLOW_MEMORY_GROWTH which allows increasing the size at runtime, or (3) if you want malloc to return NULL (0) instead of this abort, compile with -sABORTING_MALLOC=0)
    at abort (/home/test/workspace/openh264/test/encoder_binary_comparison/AllTestData/Adobe_PDF_sample_a_1024x768_50Frms.264/h264enc.js:1031:11)
    at abortOnCannotGrowMemory (/home/test/workspace/openh264/test/encoder_binary_comparison/AllTestData/Adobe_PDF_sample_a_1024x768_50Frms.264/h264enc.js:4914:7)
    at _emscripten_resize_heap (/home/test/workspace/openh264/test/encoder_binary_comparison/AllTestData/Adobe_PDF_sample_a_1024x768_50Frms.264/h264enc.js:4919:7)
    at wasm://wasm/00265406:wasm-function[1133]:0x705f0
    at wasm://wasm/00265406:wasm-function[1121]:0x6e28d
    at wasm://wasm/00265406:wasm-function[775]:0x60eb2
    at wasm://wasm/00265406:wasm-function[357]:0x2e8f3
    at wasm://wasm/00265406:wasm-function[363]:0x2f261
    at wasm://wasm/00265406:wasm-function[555]:0x407f3
    at wasm://wasm/00265406:wasm-function[554]:0x405bd   [0m
[31m    Failed! Adobe_PDF_sample_a_1024x768_50Frms.264_x.yuv Case Index 949:SHA-1(Current--Benchmark): NULL-----3df2e8c52f1058b4b54f55abd3192e3475fa78ea  [0m
[31m            ----YUVSHA1:  NULL,  9aa9a4d9598eb3e1093311826844f37c43e4c521  [0m
[31m           [OpenH264] this = 0x0x514070, Error:ParamValidationExt(), WARNING: GOM based RC do not support SM_RASTER_SLICE!
Aborted(Cannot enlarge memory arrays to size 19124224 bytes (OOM). Either (1) compile with -sINITIAL_MEMORY=X with X higher than the current value 16777216, (2) compile with -sALLOW_MEMORY_GROWTH which allows increasing the size at runtime, or (3) if you want malloc to return NULL (0) instead of this abort, compile with -sABORTING_MALLOC=0)
/home/test/workspace/openh264/test/encoder_binary_comparison/AllTestData/Adobe_PDF_sample_a_1024x768_50Frms.264/h264enc.js:167
      throw ex;
      ^

RuntimeError: Aborted(Cannot enlarge memory arrays to size 19124224 bytes (OOM). Either (1) compile with -sINITIAL_MEMORY=X with X higher than the current value 16777216, (2) compile with -sALLOW_MEMORY_GROWTH which allows increasing the size at runtime, or (3) if you want malloc to return NULL (0) instead of this abort, compile with -sABORTING_MALLOC=0)
    at abort (/home/test/workspace/openh264/test/encoder_binary_comparison/AllTestData/Adobe_PDF_sample_a_1024x768_50Frms.264/h264enc.js:1031:11)
    at abortOnCannotGrowMemory (/home/test/workspace/openh264/test/encoder_binary_comparison/AllTestData/Adobe_PDF_sample_a_1024x768_50Frms.264/h264enc.js:4914:7)
    at _emscripten_resize_heap (/home/test/workspace/openh264/test/encoder_binary_comparison/AllTestData/Adobe_PDF_sample_a_1024x768_50Frms.264/h264enc.js:4919:7)
    at wasm://wasm/00265406:wasm-function[1133]:0x705f0
    at wasm://wasm/00265406:wasm-function[1121]:0x6e28d
    at wasm://wasm/00265406:wasm-function[775]:0x60eb2
    at wasm://wasm/00265406:wasm-function[357]:0x2e8f3
    at wasm://wasm/00265406:wasm-function[363]:0x2f261
    at wasm://wasm/00265406:wasm-function[555]:0x407f3
    at wasm://wasm/00265406:wasm-function[554]:0x405bd   [0m
[31m    Failed! Adobe_PDF_sample_a_1024x768_50Frms.264_x.yuv Case Index 950:SHA-1(Current--Benchmark): NULL-----3df2e8c52f1058b4b54f55abd3192e3475fa78ea  [0m
[31m            ----YUVSHA1:  NULL,  9aa9a4d9598eb3e1093311826844f37c43e4c521  [0m
[31m           [OpenH264] this = 0x0x514070, Error:ParamValidationExt(), WARNING: GOM based RC do not support SM_RASTER_SLICE!
Aborted(Cannot enlarge memory arrays to size 19124224 bytes (OOM). Either (1) compile with -sINITIAL_MEMORY=X with X higher than the current value 16777216, (2) compile with -sALLOW_MEMORY_GROWTH which allows increasing the size at runtime, or (3) if you want malloc to return NULL (0) instead of this abort, compile with -sABORTING_MALLOC=0)
/home/test/workspace/openh264/test/encoder_binary_comparison/AllTestData/Adobe_PDF_sample_a_1024x768_50Frms.264/h264enc.js:167
      throw ex;
      ^

RuntimeError: Aborted(Cannot enlarge memory arrays to size 19124224 bytes (OOM). Either (1) compile with -sINITIAL_MEMORY=X with X higher than the current value 16777216, (2) compile with -sALLOW_MEMORY_GROWTH which allows increasing the size at runtime, or (3) if you want malloc to return NULL (0) instead of this abort, compile with -sABORTING_MALLOC=0)
    at abort (/home/test/workspace/openh264/test/encoder_binary_comparison/AllTestData/Adobe_PDF_sample_a_1024x768_50Frms.264/h264enc.js:1031:11)
    at abortOnCannotGrowMemory (/home/test/workspace/openh264/test/encoder_binary_comparison/AllTestData/Adobe_PDF_sample_a_1024x768_50Frms.264/h264enc.js:4914:7)
    at _emscripten_resize_heap (/home/test/workspace/openh264/test/encoder_binary_comparison/AllTestData/Adobe_PDF_sample_a_1024x768_50Frms.264/h264enc.js:4919:7)
    at wasm://wasm/00265406:wasm-function[1133]:0x705f0
    at wasm://wasm/00265406:wasm-function[1121]:0x6e28d
    at wasm://wasm/00265406:wasm-function[775]:0x60eb2
    at wasm://wasm/00265406:wasm-function[357]:0x2e8f3
    at wasm://wasm/00265406:wasm-function[363]:0x2f261
    at wasm://wasm/00265406:wasm-function[555]:0x407f3
    at wasm://wasm/00265406:wasm-function[554]:0x405bd   [0m
[31m    Failed! Adobe_PDF_sample_a_1024x768_50Frms.264_x.yuv Case Index 951:SHA-1(Current--Benchmark): NULL-----3df2e8c52f1058b4b54f55abd3192e3475fa78ea  [0m
[31m            ----YUVSHA1:  NULL,  9aa9a4d9598eb3e1093311826844f37c43e4c521  [0m
[31m           [OpenH264] this = 0x0x514070, Error:ParamValidationExt(), WARNING: GOM based RC do not support SM_RASTER_SLICE!
Aborted(Cannot enlarge memory arrays to size 19124224 bytes (OOM). Either (1) compile with -sINITIAL_MEMORY=X with X higher than the current value 16777216, (2) compile with -sALLOW_MEMORY_GROWTH which allows increasing the size at runtime, or (3) if you want malloc to return NULL (0) instead of this abort, compile with -sABORTING_MALLOC=0)
/home/test/workspace/openh264/test/encoder_binary_comparison/AllTestData/Adobe_PDF_sample_a_1024x768_50Frms.264/h264enc.js:167
      throw ex;
      ^

RuntimeError: Aborted(Cannot enlarge memory arrays to size 19124224 bytes (OOM). Either (1) compile with -sINITIAL_MEMORY=X with X higher than the current value 16777216, (2) compile with -sALLOW_MEMORY_GROWTH which allows increasing the size at runtime, or (3) if you want malloc to return NULL (0) instead of this abort, compile with -sABORTING_MALLOC=0)
    at abort (/home/test/workspace/openh264/test/encoder_binary_comparison/AllTestData/Adobe_PDF_sample_a_1024x768_50Frms.264/h264enc.js:1031:11)
    at abortOnCannotGrowMemory (/home/test/workspace/openh264/test/encoder_binary_comparison/AllTestData/Adobe_PDF_sample_a_1024x768_50Frms.264/h264enc.js:4914:7)
    at _emscripten_resize_heap (/home/test/workspace/openh264/test/encoder_binary_comparison/AllTestData/Adobe_PDF_sample_a_1024x768_50Frms.264/h264enc.js:4919:7)
    at wasm://wasm/00265406:wasm-function[1133]:0x705f0
    at wasm://wasm/00265406:wasm-function[1121]:0x6e28d
    at wasm://wasm/00265406:wasm-function[775]:0x60eb2
    at wasm://wasm/00265406:wasm-function[357]:0x2e8f3
    at wasm://wasm/00265406:wasm-function[363]:0x2f261
    at wasm://wasm/00265406:wasm-function[555]:0x407f3
    at wasm://wasm/00265406:wasm-function[554]:0x405bd   [0m
[31m    Failed! Adobe_PDF_sample_a_1024x768_50Frms.264_x.yuv Case Index 952:SHA-1(Current--Benchmark): NULL-----3df2e8c52f1058b4b54f55abd3192e3475fa78ea  [0m
[31m            ----YUVSHA1:  NULL,  9aa9a4d9598eb3e1093311826844f37c43e4c521  [0m
[31m           [OpenH264] this = 0x0x514070, Error:ParamValidationExt(), WARNING: GOM based RC do not support SM_RASTER_SLICE!
Aborted(Cannot enlarge memory arrays to size 19124224 bytes (OOM). Either (1) compile with -sINITIAL_MEMORY=X with X higher than the current value 16777216, (2) compile with -sALLOW_MEMORY_GROWTH which allows increasing the size at runtime, or (3) if you want malloc to return NULL (0) instead of this abort, compile with -sABORTING_MALLOC=0)
/home/test/workspace/openh264/test/encoder_binary_comparison/AllTestData/Adobe_PDF_sample_a_1024x768_50Frms.264/h264enc.js:167
      throw ex;
      ^

RuntimeError: Aborted(Cannot enlarge memory arrays to size 19124224 bytes (OOM). Either (1) compile with -sINITIAL_MEMORY=X with X higher than the current value 16777216, (2) compile with -sALLOW_MEMORY_GROWTH which allows increasing the size at runtime, or (3) if you want malloc to return NULL (0) instead of this abort, compile with -sABORTING_MALLOC=0)
    at abort (/home/test/workspace/openh264/test/encoder_binary_comparison/AllTestData/Adobe_PDF_sample_a_1024x768_50Frms.264/h264enc.js:1031:11)
    at abortOnCannotGrowMemory (/home/test/workspace/openh264/test/encoder_binary_comparison/AllTestData/Adobe_PDF_sample_a_1024x768_50Frms.264/h264enc.js:4914:7)
    at _emscripten_resize_heap (/home/test/workspace/openh264/test/encoder_binary_comparison/AllTestData/Adobe_PDF_sample_a_1024x768_50Frms.264/h264enc.js:4919:7)
    at wasm://wasm/00265406:wasm-function[1133]:0x705f0
    at wasm://wasm/00265406:wasm-function[1121]:0x6e28d
    at wasm://wasm/00265406:wasm-function[775]:0x60eb2
    at wasm://wasm/00265406:wasm-function[357]:0x2e8f3
    at wasm://wasm/00265406:wasm-function[363]:0x2f261
    at wasm://wasm/00265406:wasm-function[555]:0x407f3
    at wasm://wasm/00265406:wasm-function[554]:0x405bd   [0m
[31m    Failed! Adobe_PDF_sample_a_1024x768_50Frms.264_x.yuv Case Index 953:SHA-1(Current--Benchmark): NULL-----3df2e8c52f1058b4b54f55abd3192e3475fa78ea  [0m
[31m            ----YUVSHA1:  NULL,  9aa9a4d9598eb3e1093311826844f37c43e4c521  [0m
[31m           [OpenH264] this = 0x0x514070, Error:ParamValidationExt(), WARNING: GOM based RC do not support SM_RASTER_SLICE!
Aborted(Cannot enlarge memory arrays to size 19124224 bytes (OOM). Either (1) compile with -sINITIAL_MEMORY=X with X higher than the current value 16777216, (2) compile with -sALLOW_MEMORY_GROWTH which allows increasing the size at runtime, or (3) if you want malloc to return NULL (0) instead of this abort, compile with -sABORTING_MALLOC=0)
/home/test/workspace/openh264/test/encoder_binary_comparison/AllTestData/Adobe_PDF_sample_a_1024x768_50Frms.264/h264enc.js:167
      throw ex;
      ^

RuntimeError: Aborted(Cannot enlarge memory arrays to size 19124224 bytes (OOM). Either (1) compile with -sINITIAL_MEMORY=X with X higher than the current value 16777216, (2) compile with -sALLOW_MEMORY_GROWTH which allows increasing the size at runtime, or (3) if you want malloc to return NULL (0) instead of this abort, compile with -sABORTING_MALLOC=0)
    at abort (/home/test/workspace/openh264/test/encoder_binary_comparison/AllTestData/Adobe_PDF_sample_a_1024x768_50Frms.264/h264enc.js:1031:11)
    at abortOnCannotGrowMemory (/home/test/workspace/openh264/test/encoder_binary_comparison/AllTestData/Adobe_PDF_sample_a_1024x768_50Frms.264/h264enc.js:4914:7)
    at _emscripten_resize_heap (/home/test/workspace/openh264/test/encoder_binary_comparison/AllTestData/Adobe_PDF_sample_a_1024x768_50Frms.264/h264enc.js:4919:7)
    at wasm://wasm/00265406:wasm-function[1133]:0x705f0
    at wasm://wasm/00265406:wasm-function[1121]:0x6e28d
    at wasm://wasm/00265406:wasm-function[775]:0x60eb2
    at wasm://wasm/00265406:wasm-function[357]:0x2e8f3
    at wasm://wasm/00265406:wasm-function[363]:0x2f261
    at wasm://wasm/00265406:wasm-function[555]:0x407f3
    at wasm://wasm/00265406:wasm-function[554]:0x405bd   [0m
[31m    Failed! Adobe_PDF_sample_a_1024x768_50Frms.264_x.yuv Case Index 954:SHA-1(Current--Benchmark): NULL-----3df2e8c52f1058b4b54f55abd3192e3475fa78ea  [0m
[31m            ----YUVSHA1:  NULL,  9aa9a4d9598eb3e1093311826844f37c43e4c521  [0m
[31m           [OpenH264] this = 0x0x514070, Error:ParamValidationExt(), WARNING: GOM based RC do not support SM_RASTER_SLICE!
Aborted(Cannot enlarge memory arrays to size 19124224 bytes (OOM). Either (1) compile with -sINITIAL_MEMORY=X with X higher than the current value 16777216, (2) compile with -sALLOW_MEMORY_GROWTH which allows increasing the size at runtime, or (3) if you want malloc to return NULL (0) instead of this abort, compile with -sABORTING_MALLOC=0)
/home/test/workspace/openh264/test/encoder_binary_comparison/AllTestData/Adobe_PDF_sample_a_1024x768_50Frms.264/h264enc.js:167
      throw ex;
      ^

RuntimeError: Aborted(Cannot enlarge memory arrays to size 19124224 bytes (OOM). Either (1) compile with -sINITIAL_MEMORY=X with X higher than the current value 16777216, (2) compile with -sALLOW_MEMORY_GROWTH which allows increasing the size at runtime, or (3) if you want malloc to return NULL (0) instead of this abort, compile with -sABORTING_MALLOC=0)
    at abort (/home/test/workspace/openh264/test/encoder_binary_comparison/AllTestData/Adobe_PDF_sample_a_1024x768_50Frms.264/h264enc.js:1031:11)
    at abortOnCannotGrowMemory (/home/test/workspace/openh264/test/encoder_binary_comparison/AllTestData/Adobe_PDF_sample_a_1024x768_50Frms.264/h264enc.js:4914:7)
    at _emscripten_resize_heap (/home/test/workspace/openh264/test/encoder_binary_comparison/AllTestData/Adobe_PDF_sample_a_1024x768_50Frms.264/h264enc.js:4919:7)
    at wasm://wasm/00265406:wasm-function[1133]:0x705f0
    at wasm://wasm/00265406:wasm-function[1121]:0x6e28d
    at wasm://wasm/00265406:wasm-function[775]:0x60eb2
    at wasm://wasm/00265406:wasm-function[357]:0x2e8f3
    at wasm://wasm/00265406:wasm-function[363]:0x2f261
    at wasm://wasm/00265406:wasm-function[555]:0x407f3
    at wasm://wasm/00265406:wasm-function[554]:0x405bd   [0m
[31m    Failed! Adobe_PDF_sample_a_1024x768_50Frms.264_x.yuv Case Index 955:SHA-1(Current--Benchmark): NULL-----3df2e8c52f1058b4b54f55abd3192e3475fa78ea  [0m
[31m            ----YUVSHA1:  NULL,  9aa9a4d9598eb3e1093311826844f37c43e4c521  [0m
[31m           [OpenH264] this = 0x0x514070, Error:ParamValidationExt(), WARNING: GOM based RC do not support SM_RASTER_SLICE!
Aborted(Cannot enlarge memory arrays to size 19124224 bytes (OOM). Either (1) compile with -sINITIAL_MEMORY=X with X higher than the current value 16777216, (2) compile with -sALLOW_MEMORY_GROWTH which allows increasing the size at runtime, or (3) if you want malloc to return NULL (0) instead of this abort, compile with -sABORTING_MALLOC=0)
/home/test/workspace/openh264/test/encoder_binary_comparison/AllTestData/Adobe_PDF_sample_a_1024x768_50Frms.264/h264enc.js:167
      throw ex;
      ^

RuntimeError: Aborted(Cannot enlarge memory arrays to size 19124224 bytes (OOM). Either (1) compile with -sINITIAL_MEMORY=X with X higher than the current value 16777216, (2) compile with -sALLOW_MEMORY_GROWTH which allows increasing the size at runtime, or (3) if you want malloc to return NULL (0) instead of this abort, compile with -sABORTING_MALLOC=0)
    at abort (/home/test/workspace/openh264/test/encoder_binary_comparison/AllTestData/Adobe_PDF_sample_a_1024x768_50Frms.264/h264enc.js:1031:11)
    at abortOnCannotGrowMemory (/home/test/workspace/openh264/test/encoder_binary_comparison/AllTestData/Adobe_PDF_sample_a_1024x768_50Frms.264/h264enc.js:4914:7)
    at _emscripten_resize_heap (/home/test/workspace/openh264/test/encoder_binary_comparison/AllTestData/Adobe_PDF_sample_a_1024x768_50Frms.264/h264enc.js:4919:7)
    at wasm://wasm/00265406:wasm-function[1133]:0x705f0
    at wasm://wasm/00265406:wasm-function[1121]:0x6e28d
    at wasm://wasm/00265406:wasm-function[775]:0x60eb2
    at wasm://wasm/00265406:wasm-function[357]:0x2e8f3
    at wasm://wasm/00265406:wasm-function[363]:0x2f261
    at wasm://wasm/00265406:wasm-function[555]:0x407f3
    at wasm://wasm/00265406:wasm-function[554]:0x405bd   [0m
[31m    Failed! Adobe_PDF_sample_a_1024x768_50Frms.264_x.yuv Case Index 956:SHA-1(Current--Benchmark): NULL-----3df2e8c52f1058b4b54f55abd3192e3475fa78ea  [0m
[31m            ----YUVSHA1:  NULL,  9aa9a4d9598eb3e1093311826844f37c43e4c521  [0m
[31m           [OpenH264] this = 0x0x514070, Error:ParamValidationExt(), WARNING: GOM based RC do not support SM_RASTER_SLICE!
Aborted(Cannot enlarge memory arrays to size 19124224 bytes (OOM). Either (1) compile with -sINITIAL_MEMORY=X with X higher than the current value 16777216, (2) compile with -sALLOW_MEMORY_GROWTH which allows increasing the size at runtime, or (3) if you want malloc to return NULL (0) instead of this abort, compile with -sABORTING_MALLOC=0)
/home/test/workspace/openh264/test/encoder_binary_comparison/AllTestData/Adobe_PDF_sample_a_1024x768_50Frms.264/h264enc.js:167
      throw ex;
      ^

RuntimeError: Aborted(Cannot enlarge memory arrays to size 19124224 bytes (OOM). Either (1) compile with -sINITIAL_MEMORY=X with X higher than the current value 16777216, (2) compile with -sALLOW_MEMORY_GROWTH which allows increasing the size at runtime, or (3) if you want malloc to return NULL (0) instead of this abort, compile with -sABORTING_MALLOC=0)
    at abort (/home/test/workspace/openh264/test/encoder_binary_comparison/AllTestData/Adobe_PDF_sample_a_1024x768_50Frms.264/h264enc.js:1031:11)
    at abortOnCannotGrowMemory (/home/test/workspace/openh264/test/encoder_binary_comparison/AllTestData/Adobe_PDF_sample_a_1024x768_50Frms.264/h264enc.js:4914:7)
    at _emscripten_resize_heap (/home/test/workspace/openh264/test/encoder_binary_comparison/AllTestData/Adobe_PDF_sample_a_1024x768_50Frms.264/h264enc.js:4919:7)
    at wasm://wasm/00265406:wasm-function[1133]:0x705f0
    at wasm://wasm/00265406:wasm-function[1121]:0x6e28d
    at wasm://wasm/00265406:wasm-function[775]:0x60eb2
    at wasm://wasm/00265406:wasm-function[357]:0x2e8f3
    at wasm://wasm/00265406:wasm-function[363]:0x2f261
    at wasm://wasm/00265406:wasm-function[555]:0x407f3
    at wasm://wasm/00265406:wasm-function[554]:0x405bd   [0m
[31m    Failed! Adobe_PDF_sample_a_1024x768_50Frms.264_x.yuv Case Index 957:SHA-1(Current--Benchmark): NULL-----3df2e8c52f1058b4b54f55abd3192e3475fa78ea  [0m
[31m            ----YUVSHA1:  NULL,  9aa9a4d9598eb3e1093311826844f37c43e4c521  [0m
[31m           [OpenH264] this = 0x0x514070, Error:ParamValidationExt(), WARNING: GOM based RC do not support SM_RASTER_SLICE!
Aborted(Cannot enlarge memory arrays to size 19124224 bytes (OOM). Either (1) compile with -sINITIAL_MEMORY=X with X higher than the current value 16777216, (2) compile with -sALLOW_MEMORY_GROWTH which allows increasing the size at runtime, or (3) if you want malloc to return NULL (0) instead of this abort, compile with -sABORTING_MALLOC=0)
/home/test/workspace/openh264/test/encoder_binary_comparison/AllTestData/Adobe_PDF_sample_a_1024x768_50Frms.264/h264enc.js:167
      throw ex;
      ^

RuntimeError: Aborted(Cannot enlarge memory arrays to size 19124224 bytes (OOM). Either (1) compile with -sINITIAL_MEMORY=X with X higher than the current value 16777216, (2) compile with -sALLOW_MEMORY_GROWTH which allows increasing the size at runtime, or (3) if you want malloc to return NULL (0) instead of this abort, compile with -sABORTING_MALLOC=0)
    at abort (/home/test/workspace/openh264/test/encoder_binary_comparison/AllTestData/Adobe_PDF_sample_a_1024x768_50Frms.264/h264enc.js:1031:11)
    at abortOnCannotGrowMemory (/home/test/workspace/openh264/test/encoder_binary_comparison/AllTestData/Adobe_PDF_sample_a_1024x768_50Frms.264/h264enc.js:4914:7)
    at _emscripten_resize_heap (/home/test/workspace/openh264/test/encoder_binary_comparison/AllTestData/Adobe_PDF_sample_a_1024x768_50Frms.264/h264enc.js:4919:7)
    at wasm://wasm/00265406:wasm-function[1133]:0x705f0
    at wasm://wasm/00265406:wasm-function[1121]:0x6e28d
    at wasm://wasm/00265406:wasm-function[775]:0x60eb2
    at wasm://wasm/00265406:wasm-function[357]:0x2e8f3
    at wasm://wasm/00265406:wasm-function[363]:0x2f261
    at wasm://wasm/00265406:wasm-function[555]:0x407f3
    at wasm://wasm/00265406:wasm-function[554]:0x405bd   [0m
[31m    Failed! Adobe_PDF_sample_a_1024x768_50Frms.264_x.yuv Case Index 958:SHA-1(Current--Benchmark): NULL-----3df2e8c52f1058b4b54f55abd3192e3475fa78ea  [0m
[31m            ----YUVSHA1:  NULL,  9aa9a4d9598eb3e1093311826844f37c43e4c521  [0m
[31m           [OpenH264] this = 0x0x514070, Error:ParamValidationExt(), WARNING: GOM based RC do not support SM_RASTER_SLICE!
Aborted(Cannot enlarge memory arrays to size 19124224 bytes (OOM). Either (1) compile with -sINITIAL_MEMORY=X with X higher than the current value 16777216, (2) compile with -sALLOW_MEMORY_GROWTH which allows increasing the size at runtime, or (3) if you want malloc to return NULL (0) instead of this abort, compile with -sABORTING_MALLOC=0)
/home/test/workspace/openh264/test/encoder_binary_comparison/AllTestData/Adobe_PDF_sample_a_1024x768_50Frms.264/h264enc.js:167
      throw ex;
      ^

RuntimeError: Aborted(Cannot enlarge memory arrays to size 19124224 bytes (OOM). Either (1) compile with -sINITIAL_MEMORY=X with X higher than the current value 16777216, (2) compile with -sALLOW_MEMORY_GROWTH which allows increasing the size at runtime, or (3) if you want malloc to return NULL (0) instead of this abort, compile with -sABORTING_MALLOC=0)
    at abort (/home/test/workspace/openh264/test/encoder_binary_comparison/AllTestData/Adobe_PDF_sample_a_1024x768_50Frms.264/h264enc.js:1031:11)
    at abortOnCannotGrowMemory (/home/test/workspace/openh264/test/encoder_binary_comparison/AllTestData/Adobe_PDF_sample_a_1024x768_50Frms.264/h264enc.js:4914:7)
    at _emscripten_resize_heap (/home/test/workspace/openh264/test/encoder_binary_comparison/AllTestData/Adobe_PDF_sample_a_1024x768_50Frms.264/h264enc.js:4919:7)
    at wasm://wasm/00265406:wasm-function[1133]:0x705f0
    at wasm://wasm/00265406:wasm-function[1121]:0x6e28d
    at wasm://wasm/00265406:wasm-function[775]:0x60eb2
    at wasm://wasm/00265406:wasm-function[357]:0x2e8f3
    at wasm://wasm/00265406:wasm-function[363]:0x2f261
    at wasm://wasm/00265406:wasm-function[555]:0x407f3
    at wasm://wasm/00265406:wasm-function[554]:0x405bd   [0m
[31m    Failed! Adobe_PDF_sample_a_1024x768_50Frms.264_x.yuv Case Index 959:SHA-1(Current--Benchmark): NULL-----3df2e8c52f1058b4b54f55abd3192e3475fa78ea  [0m
[31m            ----YUVSHA1:  NULL,  9aa9a4d9598eb3e1093311826844f37c43e4c521  [0m
[31m           [OpenH264] this = 0x0x514070, Error:ParamValidationExt(), WARNING: GOM based RC do not support SM_RASTER_SLICE!
Aborted(Cannot enlarge memory arrays to size 19124224 bytes (OOM). Either (1) compile with -sINITIAL_MEMORY=X with X higher than the current value 16777216, (2) compile with -sALLOW_MEMORY_GROWTH which allows increasing the size at runtime, or (3) if you want malloc to return NULL (0) instead of this abort, compile with -sABORTING_MALLOC=0)
/home/test/workspace/openh264/test/encoder_binary_comparison/AllTestData/Adobe_PDF_sample_a_1024x768_50Frms.264/h264enc.js:167
      throw ex;
      ^

RuntimeError: Aborted(Cannot enlarge memory arrays to size 19124224 bytes (OOM). Either (1) compile with -sINITIAL_MEMORY=X with X higher than the current value 16777216, (2) compile with -sALLOW_MEMORY_GROWTH which allows increasing the size at runtime, or (3) if you want malloc to return NULL (0) instead of this abort, compile with -sABORTING_MALLOC=0)
    at abort (/home/test/workspace/openh264/test/encoder_binary_comparison/AllTestData/Adobe_PDF_sample_a_1024x768_50Frms.264/h264enc.js:1031:11)
    at abortOnCannotGrowMemory (/home/test/workspace/openh264/test/encoder_binary_comparison/AllTestData/Adobe_PDF_sample_a_1024x768_50Frms.264/h264enc.js:4914:7)
    at _emscripten_resize_heap (/home/test/workspace/openh264/test/encoder_binary_comparison/AllTestData/Adobe_PDF_sample_a_1024x768_50Frms.264/h264enc.js:4919:7)
    at wasm://wasm/00265406:wasm-function[1133]:0x705f0
    at wasm://wasm/00265406:wasm-function[1121]:0x6e28d
    at wasm://wasm/00265406:wasm-function[775]:0x60eb2
    at wasm://wasm/00265406:wasm-function[357]:0x2e8f3
    at wasm://wasm/00265406:wasm-function[363]:0x2f261
    at wasm://wasm/00265406:wasm-function[555]:0x407f3
    at wasm://wasm/00265406:wasm-function[554]:0x405bd   [0m
[31m    Failed! Adobe_PDF_sample_a_1024x768_50Frms.264_x.yuv Case Index 960:SHA-1(Current--Benchmark): NULL-----3df2e8c52f1058b4b54f55abd3192e3475fa78ea  [0m
[31m            ----YUVSHA1:  NULL,  9aa9a4d9598eb3e1093311826844f37c43e4c521  [0m
[31m           [OpenH264] this = 0x0x514070, Error:ParamValidationExt(), WARNING: GOM based RC do not support SM_RASTER_SLICE!
Aborted(Cannot enlarge memory arrays to size 19124224 bytes (OOM). Either (1) compile with -sINITIAL_MEMORY=X with X higher than the current value 16777216, (2) compile with -sALLOW_MEMORY_GROWTH which allows increasing the size at runtime, or (3) if you want malloc to return NULL (0) instead of this abort, compile with -sABORTING_MALLOC=0)
/home/test/workspace/openh264/test/encoder_binary_comparison/AllTestData/Adobe_PDF_sample_a_1024x768_50Frms.264/h264enc.js:167
      throw ex;
      ^

RuntimeError: Aborted(Cannot enlarge memory arrays to size 19124224 bytes (OOM). Either (1) compile with -sINITIAL_MEMORY=X with X higher than the current value 16777216, (2) compile with -sALLOW_MEMORY_GROWTH which allows increasing the size at runtime, or (3) if you want malloc to return NULL (0) instead of this abort, compile with -sABORTING_MALLOC=0)
    at abort (/home/test/workspace/openh264/test/encoder_binary_comparison/AllTestData/Adobe_PDF_sample_a_1024x768_50Frms.264/h264enc.js:1031:11)
    at abortOnCannotGrowMemory (/home/test/workspace/openh264/test/encoder_binary_comparison/AllTestData/Adobe_PDF_sample_a_1024x768_50Frms.264/h264enc.js:4914:7)
    at _emscripten_resize_heap (/home/test/workspace/openh264/test/encoder_binary_comparison/AllTestData/Adobe_PDF_sample_a_1024x768_50Frms.264/h264enc.js:4919:7)
    at wasm://wasm/00265406:wasm-function[1133]:0x705f0
    at wasm://wasm/00265406:wasm-function[1121]:0x6e28d
    at wasm://wasm/00265406:wasm-function[775]:0x60eb2
    at wasm://wasm/00265406:wasm-function[357]:0x2e8f3
    at wasm://wasm/00265406:wasm-function[363]:0x2f261
    at wasm://wasm/00265406:wasm-function[555]:0x407f3
    at wasm://wasm/00265406:wasm-function[554]:0x405bd   [0m
[31m    Failed! Adobe_PDF_sample_a_1024x768_50Frms.264_x.yuv Case Index 961:SHA-1(Current--Benchmark): NULL-----3df2e8c52f1058b4b54f55abd3192e3475fa78ea  [0m
[31m            ----YUVSHA1:  NULL,  9aa9a4d9598eb3e1093311826844f37c43e4c521  [0m
[31m           [OpenH264] this = 0x0x514070, Error:ParamValidationExt(), WARNING: GOM based RC do not support SM_RASTER_SLICE!
Aborted(Cannot enlarge memory arrays to size 19124224 bytes (OOM). Either (1) compile with -sINITIAL_MEMORY=X with X higher than the current value 16777216, (2) compile with -sALLOW_MEMORY_GROWTH which allows increasing the size at runtime, or (3) if you want malloc to return NULL (0) instead of this abort, compile with -sABORTING_MALLOC=0)
/home/test/workspace/openh264/test/encoder_binary_comparison/AllTestData/Adobe_PDF_sample_a_1024x768_50Frms.264/h264enc.js:167
      throw ex;
      ^

RuntimeError: Aborted(Cannot enlarge memory arrays to size 19124224 bytes (OOM). Either (1) compile with -sINITIAL_MEMORY=X with X higher than the current value 16777216, (2) compile with -sALLOW_MEMORY_GROWTH which allows increasing the size at runtime, or (3) if you want malloc to return NULL (0) instead of this abort, compile with -sABORTING_MALLOC=0)
    at abort (/home/test/workspace/openh264/test/encoder_binary_comparison/AllTestData/Adobe_PDF_sample_a_1024x768_50Frms.264/h264enc.js:1031:11)
    at abortOnCannotGrowMemory (/home/test/workspace/openh264/test/encoder_binary_comparison/AllTestData/Adobe_PDF_sample_a_1024x768_50Frms.264/h264enc.js:4914:7)
    at _emscripten_resize_heap (/home/test/workspace/openh264/test/encoder_binary_comparison/AllTestData/Adobe_PDF_sample_a_1024x768_50Frms.264/h264enc.js:4919:7)
    at wasm://wasm/00265406:wasm-function[1133]:0x705f0
    at wasm://wasm/00265406:wasm-function[1121]:0x6e28d
    at wasm://wasm/00265406:wasm-function[775]:0x60eb2
    at wasm://wasm/00265406:wasm-function[357]:0x2e8f3
    at wasm://wasm/00265406:wasm-function[363]:0x2f261
    at wasm://wasm/00265406:wasm-function[555]:0x407f3
    at wasm://wasm/00265406:wasm-function[554]:0x405bd   [0m
[31m    Failed! Adobe_PDF_sample_a_1024x768_50Frms.264_x.yuv Case Index 962:SHA-1(Current--Benchmark): NULL-----3df2e8c52f1058b4b54f55abd3192e3475fa78ea  [0m
[31m            ----YUVSHA1:  NULL,  9aa9a4d9598eb3e1093311826844f37c43e4c521  [0m
[31m           [OpenH264] this = 0x0x514070, Error:ParamValidationExt(), WARNING: GOM based RC do not support SM_RASTER_SLICE!
Aborted(Cannot enlarge memory arrays to size 19124224 bytes (OOM). Either (1) compile with -sINITIAL_MEMORY=X with X higher than the current value 16777216, (2) compile with -sALLOW_MEMORY_GROWTH which allows increasing the size at runtime, or (3) if you want malloc to return NULL (0) instead of this abort, compile with -sABORTING_MALLOC=0)
/home/test/workspace/openh264/test/encoder_binary_comparison/AllTestData/Adobe_PDF_sample_a_1024x768_50Frms.264/h264enc.js:167
      throw ex;
      ^

RuntimeError: Aborted(Cannot enlarge memory arrays to size 19124224 bytes (OOM). Either (1) compile with -sINITIAL_MEMORY=X with X higher than the current value 16777216, (2) compile with -sALLOW_MEMORY_GROWTH which allows increasing the size at runtime, or (3) if you want malloc to return NULL (0) instead of this abort, compile with -sABORTING_MALLOC=0)
    at abort (/home/test/workspace/openh264/test/encoder_binary_comparison/AllTestData/Adobe_PDF_sample_a_1024x768_50Frms.264/h264enc.js:1031:11)
    at abortOnCannotGrowMemory (/home/test/workspace/openh264/test/encoder_binary_comparison/AllTestData/Adobe_PDF_sample_a_1024x768_50Frms.264/h264enc.js:4914:7)
    at _emscripten_resize_heap (/home/test/workspace/openh264/test/encoder_binary_comparison/AllTestData/Adobe_PDF_sample_a_1024x768_50Frms.264/h264enc.js:4919:7)
    at wasm://wasm/00265406:wasm-function[1133]:0x705f0
    at wasm://wasm/00265406:wasm-function[1121]:0x6e28d
    at wasm://wasm/00265406:wasm-function[775]:0x60eb2
    at wasm://wasm/00265406:wasm-function[357]:0x2e8f3
    at wasm://wasm/00265406:wasm-function[363]:0x2f261
    at wasm://wasm/00265406:wasm-function[555]:0x407f3
    at wasm://wasm/00265406:wasm-function[554]:0x405bd   [0m
[31m    Failed! Adobe_PDF_sample_a_1024x768_50Frms.264_x.yuv Case Index 963:SHA-1(Current--Benchmark): NULL-----3df2e8c52f1058b4b54f55abd3192e3475fa78ea  [0m
[31m            ----YUVSHA1:  NULL,  9aa9a4d9598eb3e1093311826844f37c43e4c521  [0m
[31m           [OpenH264] this = 0x0x514070, Error:ParamValidationExt(), WARNING: GOM based RC do not support SM_RASTER_SLICE!
Aborted(Cannot enlarge memory arrays to size 19124224 bytes (OOM). Either (1) compile with -sINITIAL_MEMORY=X with X higher than the current value 16777216, (2) compile with -sALLOW_MEMORY_GROWTH which allows increasing the size at runtime, or (3) if you want malloc to return NULL (0) instead of this abort, compile with -sABORTING_MALLOC=0)
/home/test/workspace/openh264/test/encoder_binary_comparison/AllTestData/Adobe_PDF_sample_a_1024x768_50Frms.264/h264enc.js:167
      throw ex;
      ^

RuntimeError: Aborted(Cannot enlarge memory arrays to size 19124224 bytes (OOM). Either (1) compile with -sINITIAL_MEMORY=X with X higher than the current value 16777216, (2) compile with -sALLOW_MEMORY_GROWTH which allows increasing the size at runtime, or (3) if you want malloc to return NULL (0) instead of this abort, compile with -sABORTING_MALLOC=0)
    at abort (/home/test/workspace/openh264/test/encoder_binary_comparison/AllTestData/Adobe_PDF_sample_a_1024x768_50Frms.264/h264enc.js:1031:11)
    at abortOnCannotGrowMemory (/home/test/workspace/openh264/test/encoder_binary_comparison/AllTestData/Adobe_PDF_sample_a_1024x768_50Frms.264/h264enc.js:4914:7)
    at _emscripten_resize_heap (/home/test/workspace/openh264/test/encoder_binary_comparison/AllTestData/Adobe_PDF_sample_a_1024x768_50Frms.264/h264enc.js:4919:7)
    at wasm://wasm/00265406:wasm-function[1133]:0x705f0
    at wasm://wasm/00265406:wasm-function[1121]:0x6e28d
    at wasm://wasm/00265406:wasm-function[775]:0x60eb2
    at wasm://wasm/00265406:wasm-function[357]:0x2e8f3
    at wasm://wasm/00265406:wasm-function[363]:0x2f261
    at wasm://wasm/00265406:wasm-function[555]:0x407f3
    at wasm://wasm/00265406:wasm-function[554]:0x405bd   [0m
[31m    Failed! Adobe_PDF_sample_a_1024x768_50Frms.264_x.yuv Case Index 964:SHA-1(Current--Benchmark): NULL-----3df2e8c52f1058b4b54f55abd3192e3475fa78ea  [0m
[31m            ----YUVSHA1:  NULL,  9aa9a4d9598eb3e1093311826844f37c43e4c521  [0m
[31m           [OpenH264] this = 0x0x514070, Error:ParamValidationExt(), WARNING: GOM based RC do not support SM_RASTER_SLICE!
Aborted(Cannot enlarge memory arrays to size 19124224 bytes (OOM). Either (1) compile with -sINITIAL_MEMORY=X with X higher than the current value 16777216, (2) compile with -sALLOW_MEMORY_GROWTH which allows increasing the size at runtime, or (3) if you want malloc to return NULL (0) instead of this abort, compile with -sABORTING_MALLOC=0)
/home/test/workspace/openh264/test/encoder_binary_comparison/AllTestData/Adobe_PDF_sample_a_1024x768_50Frms.264/h264enc.js:167
      throw ex;
      ^

RuntimeError: Aborted(Cannot enlarge memory arrays to size 19124224 bytes (OOM). Either (1) compile with -sINITIAL_MEMORY=X with X higher than the current value 16777216, (2) compile with -sALLOW_MEMORY_GROWTH which allows increasing the size at runtime, or (3) if you want malloc to return NULL (0) instead of this abort, compile with -sABORTING_MALLOC=0)
    at abort (/home/test/workspace/openh264/test/encoder_binary_comparison/AllTestData/Adobe_PDF_sample_a_1024x768_50Frms.264/h264enc.js:1031:11)
    at abortOnCannotGrowMemory (/home/test/workspace/openh264/test/encoder_binary_comparison/AllTestData/Adobe_PDF_sample_a_1024x768_50Frms.264/h264enc.js:4914:7)
    at _emscripten_resize_heap (/home/test/workspace/openh264/test/encoder_binary_comparison/AllTestData/Adobe_PDF_sample_a_1024x768_50Frms.264/h264enc.js:4919:7)
    at wasm://wasm/00265406:wasm-function[1133]:0x705f0
    at wasm://wasm/00265406:wasm-function[1121]:0x6e28d
    at wasm://wasm/00265406:wasm-function[775]:0x60eb2
    at wasm://wasm/00265406:wasm-function[357]:0x2e8f3
    at wasm://wasm/00265406:wasm-function[363]:0x2f261
    at wasm://wasm/00265406:wasm-function[555]:0x407f3
    at wasm://wasm/00265406:wasm-function[554]:0x405bd   [0m
